2026-08-06 20:50:30  ===== 开始每日ETF指标任务 2026-08-06 =====
2026-08-06 20:50:30  步骤1: 获取场内规模前100的ETF...
[  1] 510300 沪深300ETF华泰柏瑞  规模=1221.4亿  跟踪=沪深300指数  主题=沪深300
[  2] 588000 科创50ETF华夏  规模=910.79亿  跟踪=上证科创板50成份指数  主题=科创板
[  3] 159915 创业板ETF易方达  规模=671.84亿  跟踪=创业板指数(价格)  主题=创业板
[  4] 512880 证券ETF国泰  规模=632.52亿  跟踪=中证全指证券公司指数  主题=证券
[  5] 510310 沪深300ETF易方达  规模=530.83亿  跟踪=沪深300指数  主题=沪深300
[  6] 588200 科创芯片ETF嘉实  规模=513.24亿  跟踪=上证科创板芯片指数  主题=半导体
[  7] 510500 中证500ETF南方  规模=478.14亿  跟踪=中证500指数  主题=中证500
[  8] 563360 A500ETF华泰柏瑞  规模=437.04亿  跟踪=中证A500指数  主题=中证A500
[  9] 510330 沪深300ETF华夏  规模=428.34亿  跟踪=沪深300指数  主题=沪深300
[ 10] 588080 科创50ETF易方达  规模=421.87亿  跟踪=上证科创板50成份指数  主题=科创板
[ 11] 515880 通信ETF国泰  规模=409.68亿  跟踪=中证全指通信设备指数  主题=通信
[ 12] 159516 半导体设备ETF国泰  规模=399.82亿  跟踪=中证半导体材料设备主题指数  主题=半导体
[ 13] 588170 科创半导体ETF华夏  规模=396.72亿  跟踪=上证科创板半导体材料设备主题指数  主题=半导体
[ 14] 512000 券商ETF华宝  规模=396.55亿  跟踪=中证全指证券公司指数  主题=证券
[ 15] 512100 中证1000ETF南方  规模=362.01亿  跟踪=中证1000指数  主题=中证1000
[ 16] 159352 A500ETF南方  规模=347.56亿  跟踪=中证A500指数  主题=中证A500
[ 17] 512890 红利低波ETF华泰柏瑞  规模=325.02亿  跟踪=中证红利低波动指数  主题=红利
[ 18] 159919 沪深300ETF嘉实  规模=320.03亿  跟踪=沪深300指数  主题=沪深300
[ 19] 159338 中证A500ETF国泰  规模=283.46亿  跟踪=中证A500指数  主题=中证A500
[ 20] 159361 A500ETF易方达  规模=283.42亿  跟踪=中证A500指数  主题=中证A500
[ 21] 159995 芯片ETF华夏  规模=277.37亿  跟踪=国证半导体芯片指数  主题=半导体
[ 22] 159949 创业板50ETF华安  规模=258.07亿  跟踪=创业板50指数  主题=创业板
[ 23] 512170 医疗ETF华宝  规模=257.96亿  跟踪=中证医疗指数  主题=医药
[ 24] 512400 有色金属ETF南方  规模=252.33亿  跟踪=有色金属  主题=有色金属
[ 25] 510880 红利ETF华泰柏瑞  规模=219.3亿  跟踪=上证红利指数  主题=红利
[ 26] 510050 上证50ETF华夏  规模=216.5亿  跟踪=上证50指数  主题=上证50
[ 27] 159819 人工智能ETF易方达  规模=213.86亿  跟踪=中证人工智能主题指数  主题=人工智能
[ 28] 512050 A500ETF华夏  规模=209.79亿  跟踪=中证A500指数  主题=中证A500
[ 29] 159326 电网设备ETF华夏  规模=209.47亿  跟踪=中证电网设备主题指数  主题=其他
[ 30] 512480 半导体ETF国联安  规模=201.72亿  跟踪=中证全指半导体产品与设备指数  主题=半导体
[ 31] 515450 红利低波50ETF南方  规模=195.06亿  跟踪=标普中国A股大盘红利低波50指数  主题=红利
[ 32] 510210 上证指数ETF富国  规模=189.51亿  跟踪=上证综合指数  主题=其他
[ 33] 515180 红利ETF易方达  规模=187.35亿  跟踪=中证红利指数  主题=红利
[ 34] 159558 半导体设备ETF易方达  规模=186.9亿  跟踪=中证半导体材料设备主题指数  主题=半导体
[ 35] 562500 机器人ETF华夏  规模=186.63亿  跟踪=中证机器人指数  主题=机器人
[ 36] 159530 机器人ETF易方达  规模=185.41亿  跟踪=国证机器人产业指数  主题=机器人
[ 37] 159781 科创创业ETF易方达  规模=177.39亿  跟踪=中证科创创业50指数  主题=科创板
[ 38] 510180 上证180ETF华安  规模=176.89亿  跟踪=上证180指数  主题=上证180
[ 39] 515050 通信ETF华夏  规模=176.08亿  跟踪=中证5G通信主题指数  主题=通信
[ 40] 159992 创新药ETF银华  规模=173.36亿  跟踪=中证创新药产业指数  主题=医药
[ 41] 159201 自由现金流ETF华夏  规模=171.66亿  跟踪=国证自由现金流指数  主题=货币市场
[ 42] 159845 中证1000ETF华夏  规模=170.2亿  跟踪=中证1000指数  主题=中证1000
[ 43] 512010 医药ETF易方达  规模=168.17亿  跟踪=沪深300医药卫生指数  主题=医药
[ 44] 159928 消费ETF汇添富  规模=156.71亿  跟踪=中证主要消费指数  主题=消费
[ 45] 159206 卫星ETF永赢  规模=151.5亿  跟踪=国证商用卫星通信产业指数  主题=通信
[ 46] 512070 证券保险ETF易方达  规模=150.84亿  跟踪=沪深300非银行金融指数  主题=证券
[ 47] 159870 化工ETF鹏华  规模=148.3亿  跟踪=细分化工  主题=化工
[ 48] 517520 黄金股ETF永赢  规模=147.92亿  跟踪=中证沪深港黄金产业股票指数  主题=黄金
[ 49] 512690 酒ETF鹏华  规模=142.93亿  跟踪=中证酒指数  主题=白酒
[ 50] 515220 煤炭ETF国泰  规模=135.35亿  跟踪=中证煤炭指数  主题=煤炭
[ 51] 563020 红利低波ETF易方达  规模=126.96亿  跟踪=中证红利低波动指数  主题=红利
[ 52] 513630 港股低波红利ETF摩根  规模=120.83亿  跟踪=标普港股通低波红利指数  主题=红利
[ 53] 515120 创新药ETF广发  规模=119.64亿  跟踪=中证创新药产业指数  主题=医药
[ 54] 159841 证券ETF天弘  规模=119.43亿  跟踪=中证全指证券公司指数  主题=证券
[ 55] 515080 中证红利ETF招商  规模=119.13亿  跟踪=中证红利指数  主题=红利
[ 56] 560780 半导体设备ETF广发  规模=116.48亿  跟踪=中证半导体材料设备主题指数  主题=半导体
[ 57] 159952 创业板ETF广发  规模=115.0亿  跟踪=创业板指数(价格)  主题=创业板
[ 58] 563800 A500ETF广发  规模=109.83亿  跟踪=中证A500指数  主题=中证A500
[ 59] 588050 科创50ETF工银  规模=109.02亿  跟踪=上证科创板50成份指数  主题=科创板
[ 60] 512760 芯片ETF国泰  规模=107.89亿  跟踪=中华交易服务半导体芯片行业人民币指数  主题=半导体
[ 61] 159611 电力ETF广发  规模=107.03亿  跟踪=中证全指电力公用事业指数  主题=电力
[ 62] 588710 科创半导体设备ETF华泰柏瑞  规模=100.39亿  跟踪=上证科创板半导体材料设备主题指数  主题=半导体
[ 63] 159842 券商ETF银华  规模=100.02亿  跟踪=中证全指证券公司指数  主题=证券
[ 64] 516650 有色金属ETF华夏  规模=99.23亿  跟踪=细分有色  主题=有色金属
[ 65] 512800 银行ETF华宝  规模=97.42亿  跟踪=中证银行指数  主题=银行
[ 66] 159922 中证500ETF嘉实  规模=96.07亿  跟踪=中证500指数  主题=中证500
[ 67] 560860 工业有色ETF万家  规模=93.62亿  跟踪=中证工业有色金属主题指数  主题=有色金属
[ 68] 159852 软件ETF嘉实  规模=92.79亿  跟踪=中证软件服务指数  主题=计算机
[ 69] 159869 游戏ETF华夏  规模=92.71亿  跟踪=中证动漫游戏指数  主题=传媒
[ 70] 159755 电池ETF广发  规模=89.7亿  跟踪=国证新能源车电池指数  主题=新能源
[ 71] 515330 沪深300ETF天弘  规模=88.89亿  跟踪=沪深300指数  主题=沪深300
[ 72] 512500 中证500ETF华夏  规模=87.7亿  跟踪=中证500指数  主题=中证500
[ 73] 159351 A500ETF嘉实  规模=86.01亿  跟踪=中证A500指数  主题=中证A500
[ 74] 515070 人工智能ETF华夏  规模=85.3亿  跟踪=中证人工智能主题指数  主题=人工智能
[ 75] 560010 中证1000ETF广发  规模=83.65亿  跟踪=中证1000指数  主题=中证1000
[ 76] 563220 A500ETF富国  规模=83.12亿  跟踪=中证A500指数  主题=中证A500
[ 77] 562590 半导体设备ETF华夏  规模=81.88亿  跟踪=中证半导体材料设备主题指数  主题=半导体
[ 78] 512900 证券ETF南方  规模=81.23亿  跟踪=中证全指证券公司指数  主题=证券
[ 79] 588060 科创50ETF广发  规模=80.02亿  跟踪=上证科创板50成份指数  主题=科创板
[ 80] 563300 中证2000ETF华泰柏瑞  规模=79.5亿  跟踪=中证2000指数  主题=中证2000
[ 81] 159363 创业板人工智能ETF华宝  规模=74.56亿  跟踪=创业板人工智能指数  主题=人工智能
[ 82] 512710 军工龙头ETF富国  规模=74.14亿  跟踪=中证军工龙头指数  主题=军工
[ 83] 588750 科创芯片ETF汇添富  规模=73.31亿  跟踪=上证科创板芯片指数  主题=半导体
[ 84] 159307 红利低波100ETF博时  规模=71.94亿  跟踪=中证红利低波动100指数  主题=红利
[ 85] 159157 有色金属ETF天弘  规模=70.54亿  跟踪=中证工业有色金属主题指数  主题=有色金属
[ 86] 159851 金融科技ETF华宝  规模=68.6亿  跟踪=中证金融科技主题指数  主题=其他
[ 87] 159813 半导体ETF鹏华  规模=67.66亿  跟踪=国证半导体芯片指数  主题=半导体
[ 88] 512660 军工ETF国泰  规模=66.51亿  跟踪=中证军工指数  主题=军工
[ 89] 516150 稀土ETF嘉实  规模=66.11亿  跟踪=中证稀土产业指数  主题=有色金属
[ 90] 159263 价值ETF易方达  规模=66.0亿  跟踪=国证价值100指数  主题=价值
[ 91] 159770 机器人ETF天弘  规模=63.51亿  跟踪=中证机器人指数  主题=机器人
[ 92] 159865 养殖ETF国泰  规模=63.14亿  跟踪=中证畜牧养殖指数  主题=农业
[ 93] 560610 A500ETF招商  规模=63.1亿  跟踪=中证A500指数  主题=中证A500
[ 94] 515980 人工智能ETF华富  规模=62.99亿  跟踪=中证人工智能产业指数  主题=人工智能
[ 95] 159977 创业板ETF天弘  规模=62.87亿  跟踪=创业板指数(价格)  主题=创业板
[ 96] 512950 央企改革ETF华夏  规模=61.09亿  跟踪=中证央企结构调整指数  主题=央企国企
[ 97] 159783 科创创业50ETF华夏  规模=60.63亿  跟踪=中证科创创业50指数  主题=科创板
[ 98] 159796 电池ETF汇添富  规模=60.25亿  跟踪=中证电池主题指数  主题=新能源
[ 99] 159967 创业板成长ETF华夏  规模=59.82亿  跟踪=创业板动量成长指数  主题=成长
[100] 159633 中证1000ETF易方达  规模=59.56亿  跟踪=中证1000指数  主题=中证1000
2026-08-06 20:51:17  步骤1完成 -> C:\Users\hailo\Desktop\每周自动指标\output_etf\2026-08-06\etf_list_2026-08-06.csv
2026-08-06 20:51:17  步骤2: 计算 KDJ-J(日/周/月)...
2026-08-06 20:51:21  [  1] 510300 沪深300ETF华泰柏瑞  完成  日J=83.76 周J=15.8 月J=36.22 价=4.71 涨=-0.08%  PE=14.39(77.64%) PB=1.46(51.04%)
2026-08-06 20:51:22  [  2] 588000 科创50ETF华夏  完成  日J=56.54 周J=0.71 月J=41.17 价=1.79 涨=0.22%  PE=80.71(89.36%) PB=8.05(95.63%)
2026-08-06 20:51:24  [  3] 159915 创业板ETF易方达  完成  日J=98.79 周J=7.55 月J=31.26 价=3.54 涨=-0.56%  PE=44.3(55.36%) PB=5.83(68.96%)
2026-08-06 20:51:25  [  4] 512880 证券ETF国泰  完成  日J=52.73 周J=56.24 月J=33.24 价=1.1 涨=-1.17%  PE=15.25(9.71%) PB=1.3(20.4%)
2026-08-06 20:51:26  [  5] 588200 科创芯片ETF嘉实  完成  日J=58.03 周J=-1.55 月J=43.26 价=1.18 涨=1.2%  PE=122.7(82.39%) PB=None(None%)
2026-08-06 20:51:28  [  6] 510500 中证500ETF南方  完成  日J=107.99 周J=11.41 月J=34.33 价=7.83 涨=0.19%  PE=27.87(72.5%) PB=2.48(79.48%)
2026-08-06 20:51:29  [  7] 563360 A500ETF华泰柏瑞  完成  日J=98.62 周J=14.24 月J=33.79 价=1.3 涨=0.08%  PE=16.34(77.09%) PB=None(None%)
2026-08-06 20:51:30  [  8] 515880 通信ETF国泰  完成  日J=98.34 周J=2.07 月J=31.94 价=0.65 涨=1.25%  PE=49.27(93.47%) PB=None(None%)
2026-08-06 20:51:31  [  9] 159516 半导体设备ETF国泰  完成  日J=65.29 周J=11.55 月J=50.16 价=0.72 涨=2.71%  PE=112.39(96.77%) PB=None(None%)
2026-08-06 20:51:33  [ 10] 588170 科创半导体ETF华夏  完成  日J=60.18 周J=11.43 月J=49.15 价=0.98 涨=3.27%  PE=41.55(81.0%) PB=None(None%)
2026-08-06 20:51:34  [ 11] 512100 中证1000ETF南方  完成  日J=114.8 周J=15.6 月J=22.3 价=3.05 涨=0.49%  PE=31.8(68.46%) PB=2.42(47.44%)
2026-08-06 20:51:35  [ 12] 512890 红利低波ETF华泰柏瑞  完成  日J=11.6 周J=96.02 月J=66.04 价=1.17 涨=0.52%  PE=7.65(66.79%) PB=0.84(55.28%)
2026-08-06 20:51:37  [ 13] 159995 芯片ETF华夏  完成  日J=58.48 周J=-2.87 月J=36.47 价=1.18 涨=1.29%  PE=None(None%) PB=None(None%)
2026-08-06 20:51:38  [ 14] 159949 创业板50ETF华安  完成  日J=91.86 周J=6.35 月J=25.86 价=1.66 涨=-0.89%  PE=None(None%) PB=None(None%)
2026-08-06 20:51:39  [ 15] 512170 医疗ETF华宝  完成  日J=80.86 周J=97.53 月J=31.0 价=0.33 涨=-2.08%  PE=27.99(23.99%) PB=3.4(10.44%)
2026-08-06 20:51:41  [ 16] 512400 有色金属ETF南方  完成  日J=94.37 周J=49.5 月J=8.21 价=1.92 涨=0.89%  PE=16.33(89.67%) PB=None(None%)
2026-08-06 20:51:42  [ 17] 510880 红利ETF华泰柏瑞  完成  日J=49.46 周J=102.54 月J=68.31 价=3.29 涨=1.92%  PE=8.41(70.4%) PB=0.82(58.56%)
2026-08-06 20:51:43  [ 18] 510050 上证50ETF华夏  完成  日J=33.18 周J=64.9 月J=36.14 价=3.03 涨=0.03%  PE=11.56(78.51%) PB=1.24(55.92%)
2026-08-06 20:51:45  [ 19] 159819 人工智能ETF易方达  完成  日J=82.42 周J=11.22 月J=45.89 价=1.84 涨=-0.38%  PE=51.06(76.36%) PB=None(None%)
2026-08-06 20:51:46  [ 20] 159326 电网设备ETF华夏  完成  日J=106.33 周J=7.49 月J=24.07 价=1.68 涨=-0.53%  PE=12.6(84.34%) PB=None(None%)
2026-08-06 20:51:47  [ 21] 512480 半导体ETF国联安  完成  日J=62.77 周J=-3.57 月J=38.67 价=1.05 涨=1.65%  PE=91.64(88.56%) PB=None(None%)
2026-08-06 20:51:49  [ 22] 515450 红利低波50ETF南方  完成  日J=-4.51 周J=89.69 月J=68.14 价=1.41 涨=0.14%  PE=8.21(72.6%) PB=0.84(55.28%)
2026-08-06 20:51:50  [ 23] 510210 上证指数ETF富国  完成  日J=108.43 周J=34.4 月J=24.93 价=0.99 涨=0.61%  PE=15.26(72.12%) PB=None(None%)
2026-08-06 20:51:51  [ 24] 515180 红利ETF易方达  完成  日J=48.75 周J=103.37 月J=52.82 价=1.42 涨=1.29%  PE=8.27(55.07%) PB=0.82(43.68%)
2026-08-06 20:51:53  [ 25] 562500 机器人ETF华夏  完成  日J=116.54 周J=12.74 月J=24.38 价=1.01 涨=-0.79%  PE=55.73(65.9%) PB=None(None%)
2026-08-06 20:51:54  [ 26] 159530 机器人ETF易方达  完成  日J=118.7 周J=10.33 月J=19.4 价=1.4 涨=-0.92%  PE=None(None%) PB=None(None%)
2026-08-06 20:51:55  [ 27] 159781 科创创业ETF易方达  完成  日J=72.15 周J=-0.16 月J=36.87 价=1.13 涨=-0.27%  PE=44.12(63.12%) PB=None(None%)
2026-08-06 20:51:57  [ 28] 510180 上证180ETF华安  完成  日J=94.02 周J=42.58 月J=33.5 价=4.0 涨=0.25%  PE=12.14(69.22%) PB=1.23(43.24%)
2026-08-06 20:51:58  [ 29] 515050 通信ETF华夏  完成  日J=87.29 周J=0.74 月J=36.36 价=1.01 涨=0.8%  PE=49.08(94.28%) PB=None(None%)
2026-08-06 20:51:59  [ 30] 159992 创新药ETF银华  完成  日J=76.78 周J=72.04 月J=64.81 价=0.85 涨=-1.39%  PE=28.73(33.33%) PB=None(None%)
2026-08-06 20:52:01  [ 31] 159201 自由现金流ETF华夏  完成  日J=41.63 周J=97.39 月J=13.67 价=1.17 涨=0.0%  PE=None(None%) PB=None(None%)
2026-08-06 20:52:02  [ 32] 512010 医药ETF易方达  完成  日J=73.62 周J=99.01 月J=62.58 价=0.38 涨=-1.81%  PE=23.6(4.75%) PB=None(None%)
2026-08-06 20:52:03  [ 33] 159928 消费ETF汇添富  完成  日J=24.47 周J=97.8 月J=31.73 价=0.67 涨=-0.74%  PE=19.96(20.15%) PB=3.54(3.04%)
2026-08-06 20:52:05  [ 34] 159206 卫星ETF永赢  完成  日J=114.8 周J=17.41 月J=5.36 价=1.4 涨=1.82%  PE=None(None%) PB=None(None%)
2026-08-06 20:52:06  [ 35] 512070 证券保险ETF易方达  完成  日J=18.43 周J=83.39 月J=14.58 价=0.8 涨=-0.87%  PE=9.73(1.94%) PB=None(None%)
2026-08-06 20:52:08  [ 36] 159870 化工ETF鹏华  完成  日J=103.08 周J=41.8 月J=20.82 价=0.82 涨=1.24%  PE=22.45(57.77%) PB=None(None%)
2026-08-06 20:52:09  [ 37] 517520 黄金股ETF永赢  完成  日J=79.75 周J=96.72 月J=5.53 价=2.03 涨=1.3%  PE=21.76(55.96%) PB=None(None%)
2026-08-06 20:52:11  [ 38] 512690 酒ETF鹏华  完成  日J=36.12 周J=95.69 月J=25.37 价=0.43 涨=-1.6%  PE=19.36(17.34%) PB=None(None%)
2026-08-06 20:52:12  [ 39] 515220 煤炭ETF国泰  完成  日J=65.09 周J=47.48 月J=36.37 价=1.24 涨=5.62%  PE=18.23(85.75%) PB=1.73(93.84%)
2026-08-06 20:52:13  [ 40] 513630 港股低波红利ETF摩根  完成  日J=-4.05 周J=81.42 月J=30.65 价=1.57 涨=-1.19%  PE=None(None%) PB=None(None%)
2026-08-06 20:52:15  [ 41] 512760 芯片ETF国泰  完成  日J=57.71 周J=-1.48 月J=39.75 价=1.13 涨=1.26%  PE=91.28(80.13%) PB=None(None%)
2026-08-06 20:52:16  [ 42] 159611 电力ETF广发  完成  日J=35.02 周J=30.27 月J=12.74 价=1.06 涨=-0.84%  PE=15.36(67.65%) PB=None(None%)
2026-08-06 20:52:17  [ 43] 516650 有色金属ETF华夏  完成  日J=92.71 周J=56.74 月J=4.44 价=1.87 涨=0.59%  PE=19.69(26.19%) PB=None(None%)
2026-08-06 20:52:19  [ 44] 512800 银行ETF华宝  完成  日J=0.83 周J=91.95 月J=72.49 价=0.81 涨=0.5%  PE=6.61(67.95%) PB=0.66(36.12%)
2026-08-06 20:52:20  [ 45] 560860 工业有色ETF万家  完成  日J=90.24 周J=37.69 月J=12.39 价=1.64 涨=0.12%  PE=63.3(35.89%) PB=None(None%)
2026-08-06 20:52:22  [ 46] 159852 软件ETF嘉实  完成  日J=103.23 周J=79.07 月J=7.45 价=0.74 涨=-1.2%  PE=59.31(55.83%) PB=None(None%)
2026-08-06 20:52:23  [ 47] 159869 游戏ETF华夏  完成  日J=100.03 周J=82.95 月J=3.51 价=1.14 涨=-1.82%  PE=20.19(19.34%) PB=None(None%)
2026-08-06 20:52:24  [ 48] 159755 电池ETF广发  完成  日J=90.6 周J=19.99 月J=2.38 价=0.96 涨=-1.13%  PE=25.53(37.4%) PB=3.47(49.4%)
2026-08-06 20:52:26  [ 49] 563300 中证2000ETF华泰柏瑞  完成  日J=115.36 周J=23.47 月J=24.49 价=1.38 涨=1.17%  PE=38.93(67.15%) PB=None(None%)
2026-08-06 20:52:27  [ 50] 159363 创业板人工智能ETF华宝  完成  日J=109.49 周J=14.63 月J=42.29 价=1.23 涨=0.0%  PE=None(None%) PB=None(None%)
2026-08-06 20:52:28  [ 51] 512710 军工龙头ETF富国  完成  日J=102.14 周J=31.86 月J=-8.3 价=0.62 涨=-0.16%  PE=None(None%) PB=None(None%)
2026-08-06 20:52:30  [ 52] 159307 红利低波100ETF博时  完成  日J=5.95 周J=94.6 月J=56.8 价=1.03 涨=-0.19%  PE=8.56(76.51%) PB=None(None%)
2026-08-06 20:52:31  [ 53] 159851 金融科技ETF华宝  完成  日J=95.79 周J=63.16 月J=6.28 价=0.65 涨=-0.61%  PE=34.07(15.07%) PB=None(None%)
2026-08-06 20:52:32  [ 54] 512660 军工ETF国泰  完成  日J=108.5 周J=27.11 月J=-2.8 价=1.14 涨=-0.09%  PE=46.65(15.58%) PB=3.32(58.56%)
2026-08-06 20:52:34  [ 55] 516150 稀土ETF嘉实  完成  日J=105.7 周J=15.68 月J=11.74 价=1.76 涨=0.4%  PE=30.15(34.16%) PB=None(None%)
2026-08-06 20:52:35  [ 56] 159263 价值ETF易方达  完成  日J=28.23 周J=102.1 月J=48.82 价=1.15 涨=-0.09%  PE=None(None%) PB=None(None%)
2026-08-06 20:52:36  [ 57] 159865 养殖ETF国泰  完成  日J=71.21 周J=96.1 月J=18.03 价=0.53 涨=-0.19%  PE=22.8(53.02%) PB=None(None%)
2026-08-06 20:52:38  [ 58] 515980 人工智能ETF华富  完成  日J=85.08 周J=12.28 月J=45.65 价=1.07 涨=-0.37%  PE=54.64(87.78%) PB=None(None%)
2026-08-06 20:52:39  [ 59] 512950 央企改革ETF华夏  完成  日J=92.28 周J=28.67 月J=34.16 价=1.51 涨=0.4%  PE=15.65(81.74%) PB=None(None%)
2026-08-06 20:52:41  [ 60] 159796 电池ETF汇添富  完成  日J=95.95 周J=16.27 月J=7.22 价=0.86 涨=-1.38%  PE=None(None%) PB=None(None%)
2026-08-06 20:52:42  [ 61] 159967 创业板成长ETF华夏  完成  日J=92.51 周J=3.63 月J=35.8 价=0.79 涨=0.13%  PE=None(None%) PB=None(None%)
2026-08-06 20:52:42  全部完成，结果已写入 C:\Users\hailo\Desktop\每周自动指标\output_etf\2026-08-06\metrics_2026-08-06.csv
2026-08-06 20:52:42  步骤2完成 -> C:\Users\hailo\Desktop\每周自动指标\output_etf\2026-08-06\metrics_2026-08-06.csv
2026-08-06 20:52:42  步骤3: 生成 HTML 总结报告...
2026-08-06 20:52:42  步骤3完成 -> C:\Users\hailo\Desktop\每周自动指标\output_etf\2026-08-06\report_2026-08-06.html
2026-08-06 20:52:42  步骤4: 发送邮件报告...
2026-08-06 20:52:43  步骤4完成: 邮件已发送
2026-08-06 20:52:43  ===== 全部完成 2026-08-06 =====
2026-08-06 22:04:06  今日(2026-08-06)已完成，跳过。结果目录: C:\Users\hailo\Desktop\每周自动指标\output_etf\2026-08-06
2026-08-06 22:04:32  今日(2026-08-06)已完成，跳过。结果目录: C:\Users\hailo\Desktop\每周自动指标\output_etf\2026-08-06
