2026-08-19 20:42:52  ===== 开始每日港股通指标任务 2026-08-19 =====
2026-08-19 20:42:52  步骤1: 获取港股通总市值前100标的...
获取港股通标的列表(共取市值前 100 只)...
接口返回 100 只港股通标的
2026-08-19 20:42:53  步骤1完成 -> C:\Users\hailo\Desktop\每周自动指标\output_hk\2026-08-19\hk_list_2026-08-19.csv
2026-08-19 20:42:53  步骤2: 计算 KDJ-J(日/周/月)...
2026-08-19 20:42:55  [  1] 00700 腾讯控股  完成  日J=7.93 周J=48.47 月J=5.87 价=447.2 涨=1.08%  PE=15.25(None%) PB=3.11(None%)
2026-08-19 20:42:56  [  2] 03750 宁德时代  完成  日J=10.97 周J=27.29 月J=49.82 价=628.5 涨=-3.38%  PE=30.18(None%) PB=6.66(None%)
2026-08-19 20:42:58  [  3] 00005 汇丰控股  完成  日J=56.18 周J=60.93 月J=91.51 价=161.2 涨=-0.56%  PE=14.69(None%) PB=2.04(None%)
2026-08-19 20:42:59  [  4] 01398 工商银行  完成  日J=99.76 周J=82.86 月J=81.11 价=7.38 涨=1.51%  PE=6.34(None%) PB=0.59(None%)
2026-08-19 20:43:00  [  5] 09988 阿里巴巴-W  完成  日J=45.28 周J=100.79 月J=27.28 价=124.2 涨=-1.97%  PE=20.3(None%) PB=1.96(None%)
2026-08-19 20:43:02  [  6] 00939 建设银行  完成  日J=99.0 周J=85.01 月J=84.57 价=9.05 涨=1.0%  PE=6.19(None%) PB=0.59(None%)
2026-08-19 20:43:03  [  7] 01288 农业银行  完成  日J=108.84 周J=78.32 月J=78.48 价=6.22 涨=2.13%  PE=6.61(None%) PB=0.68(None%)
2026-08-19 20:43:04  [  8] 00857 中国石油股份  完成  日J=95.13 周J=88.56 月J=33.63 价=9.96 涨=1.63%  PE=10.28(None%) PB=0.99(None%)
2026-08-19 20:43:06  [  9] 00941 中国移动  完成  日J=35.11 周J=81.89 月J=50.35 价=82.1 涨=0.0%  PE=11.85(None%) PB=1.06(None%)
2026-08-19 20:43:07  [ 10] 03988 中国银行  完成  日J=105.46 周J=78.15 月J=86.76 价=5.41 涨=1.69%  PE=6.36(None%) PB=0.56(None%)
2026-08-19 20:43:08  [ 11] 03968 招商银行  完成  日J=62.71 周J=73.71 月J=52.94 价=48.7 涨=1.46%  PE=7.28(None%) PB=0.96(None%)
2026-08-19 20:43:10  [ 12] 00883 中国海洋石油  完成  日J=91.98 周J=103.07 月J=23.79 价=24.46 涨=0.16%  PE=8.31(None%) PB=1.23(None%)
2026-08-19 20:43:11  [ 13] 02318 中国平安  完成  日J=10.61 周J=63.07 月J=4.43 价=54.3 涨=0.74%  PE=6.63(None%) PB=0.85(None%)
2026-08-19 20:43:13  [ 14] 01088 中国神华  完成  日J=72.18 周J=92.87 月J=38.57 价=44.28 涨=1.47%  PE=16.28(None%) PB=1.71(None%)
2026-08-19 20:43:15  [ 15] 02899 紫金矿业  完成  日J=20.9 周J=90.59 月J=19.77 价=34.9 涨=-1.69%  PE=13.44(None%) PB=4.15(None%)
2026-08-19 20:43:16  [ 16] 01211 比亚迪股份  完成  日J=42.1 周J=83.98 月J=49.77 价=89.4 涨=-0.67%  PE=26.45(None%) PB=3.1(None%)
2026-08-19 20:43:17  [ 17] 02628 中国人寿  完成  日J=5.33 周J=11.31 月J=17.75 价=26.96 涨=0.3%  PE=4.72(None%) PB=1.12(None%)
2026-08-19 20:43:19  [ 18] 01299 友邦保险  完成  日J=51.97 周J=30.55 月J=6.18 价=73.0 涨=0.62%  PE=15.57(None%) PB=2.28(None%)
2026-08-19 20:43:20  [ 19] 00300 美的集团  完成  日J=50.6 周J=94.15 月J=86.7 价=96.9 涨=0.68%  PE=14.92(None%) PB=2.8(None%)
2026-08-19 20:43:21  [ 20] 01810 小米集团-W  完成  日J=68.3 周J=59.56 月J=25.04 价=27.44 涨=4.81%  PE=18.9(None%) PB=2.28(None%)
2026-08-19 20:43:23  [ 21] 03328 交通银行  完成  日J=100.91 周J=78.58 月J=77.69 价=7.42 涨=1.09%  PE=6.07(None%) PB=0.5(None%)
2026-08-19 20:43:24  [ 22] 00981 中芯国际  完成  日J=81.61 周J=29.28 月J=50.42 价=73.0 涨=-3.76%  PE=76.95(None%) PB=3.17(None%)
2026-08-19 20:43:25  [ 23] 09999 网易  完成  日J=10.39 周J=34.37 月J=45.43 价=194.4 涨=0.31%  PE=16.29(None%) PB=3.32(None%)
2026-08-19 20:43:26  [ 24] 02359 药明康德  完成  日J=85.9 周J=100.91 月J=97.57 价=202.0 涨=-1.56%  PE=24.02(None%) PB=6.24(None%)
2026-08-19 20:43:28  [ 25] 01658 邮储银行  完成  日J=81.76 周J=62.32 月J=35.91 价=4.91 涨=1.76%  PE=5.98(None%) PB=0.5(None%)
2026-08-19 20:43:29  [ 26] 03690 美团-W  完成  日J=4.86 周J=85.75 月J=63.26 价=87.05 涨=1.75%  PE=-12.08(None%) PB=3.17(None%)
2026-08-19 20:43:30  [ 27] 02388 中银香港  完成  日J=67.5 周J=85.24 月J=83.91 价=50.2 涨=0.4%  PE=13.23(None%) PB=1.48(None%)
2026-08-19 20:43:32  [ 28] 00386 中国石油化工股份  完成  日J=81.14 周J=85.74 月J=7.57 价=4.36 涨=1.16%  PE=12.91(None%) PB=0.56(None%)
2026-08-19 20:43:33  [ 29] 00388 香港交易所  完成  日J=55.68 周J=109.15 月J=52.86 价=414.6 涨=2.37%  PE=26.54(None%) PB=8.67(None%)
2026-08-19 20:43:34  [ 30] 02888 渣打集团  完成  日J=44.47 周J=82.26 月J=96.39 价=233.6 涨=-0.93%  PE=12.09(None%) PB=1.41(None%)
2026-08-19 20:43:36  [ 31] 09633 农夫山泉  完成  日J=11.1 周J=53.21 月J=7.13 价=42.14 涨=-0.05%  PE=26.98(None%) PB=10.85(None%)
2026-08-19 20:43:37  [ 32] 02513 智谱  完成  日J=-2.09 周J=1.17 月J=23.24 价=1012.0 涨=-2.97%  PE=-90.59(None%) PB=-4.55(None%)
2026-08-19 20:43:38  [ 33] 02475 立讯精密  完成  日J=21.96 周J=54.23 月J=None 价=59.0 涨=-4.22%  PE=23.75(None%) PB=4.3(None%)
2026-08-19 20:43:40  [ 34] 00728 中国电信  完成  日J=72.81 周J=83.9 月J=22.88 价=4.72 涨=1.18%  PE=12.19(None%) PB=0.82(None%)
2026-08-19 20:43:41  [ 35] 00998 中信银行  完成  日J=100.65 周J=92.49 月J=45.53 价=7.67 涨=2.2%  PE=5.35(None%) PB=0.51(None%)
2026-08-19 20:43:42  [ 36] 06030 中信证券  完成  日J=5.11 周J=1.68 月J=37.78 价=26.14 涨=-1.36%  PE=10.83(None%) PB=1.17(None%)
2026-08-19 20:43:44  [ 37] 00992 联想集团  完成  日J=40.32 周J=71.52 月J=92.42 价=30.12 涨=-3.89%  PE=59.84(None%) PB=6.61(None%)
2026-08-19 20:43:45  [ 38] 01276 恒瑞医药  完成  日J=28.96 周J=28.77 月J=4.96 价=54.95 涨=1.29%  PE=40.12(None%) PB=5.06(None%)
2026-08-19 20:43:46  [ 39] 00267 中信股份  完成  日J=108.48 周J=90.96 月J=41.59 价=12.36 涨=1.31%  PE=5.53(None%) PB=0.42(None%)
2026-08-19 20:43:47  [ 40] 02259 紫金黄金国际  完成  日J=36.04 周J=94.55 月J=7.46 价=133.3 涨=-3.27%  PE=18.06(None%) PB=4.87(None%)
2026-08-19 20:43:49  [ 41] 03993 洛阳钼业  完成  日J=-8.82 周J=51.23 月J=2.61 价=16.5 涨=-3.45%  PE=13.06(None%) PB=3.51(None%)
2026-08-19 20:43:50  [ 42] 02328 中国财险  完成  日J=42.74 周J=69.07 月J=42.82 价=15.74 涨=3.21%  PE=8.29(None%) PB=1.05(None%)
2026-08-19 20:43:51  [ 43] 03986 兆易创新  完成  日J=47.53 周J=-1.8 月J=20.72 价=496.8 涨=-4.0%  PE=38.36(None%) PB=8.12(None%)
2026-08-19 20:43:53  [ 44] 00016 新鸿基地产  完成  日J=97.85 周J=58.44 月J=38.65 价=120.2 涨=2.47%  PE=15.83(None%) PB=0.56(None%)
2026-08-19 20:43:54  [ 45] 06160 百济神州  完成  日J=96.71 周J=106.38 月J=80.1 价=223.6 涨=1.27%  PE=67.3(None%) PB=10.15(None%)
2026-08-19 20:43:55  [ 46] 06809 澜起科技  完成  日J=49.22 周J=3.23 月J=38.1 价=270.4 涨=-7.02%  PE=115.17(None%) PB=14.0(None%)
2026-08-19 20:43:56  [ 47] 02338 潍柴动力  完成  日J=6.19 周J=32.6 月J=49.16 价=32.2 涨=-8.78%  PE=21.98(None%) PB=2.6(None%)
2026-08-19 20:43:57  [ 48] 02601 中国太保  完成  日J=23.14 周J=44.86 月J=0.66 价=28.46 涨=0.92%  PE=4.55(None%) PB=0.76(None%)
2026-08-19 20:43:59  [ 49] 02378 保诚  完成  日J=72.75 周J=40.85 月J=31.7 价=109.1 涨=-0.09%  PE=8.81(None%) PB=1.78(None%)
2026-08-19 20:44:00  [ 50] 00001 长和  完成  日J=36.52 周J=63.04 月J=82.72 价=69.55 涨=-1.21%  PE=7.05(None%) PB=0.46(None%)
2026-08-19 20:44:01  [ 51] 01919 中远海控  完成  日J=115.88 周J=112.58 月J=91.09 价=17.0 涨=1.8%  PE=9.22(None%) PB=0.98(None%)
2026-08-19 20:44:03  [ 52] 02611 国泰海通  完成  日J=78.66 周J=10.12 月J=26.25 价=14.61 涨=1.32%  PE=6.97(None%) PB=0.68(None%)
2026-08-19 20:44:04  [ 53] 00669 创科实业  完成  日J=7.03 周J=72.81 月J=92.41 价=138.5 涨=-1.98%  PE=24.86(None%) PB=4.34(None%)
2026-08-19 20:44:05  [ 54] 01109 华润置地  完成  日J=68.02 周J=80.36 月J=49.04 价=34.16 涨=-0.23%  PE=8.66(None%) PB=0.76(None%)
2026-08-19 20:44:07  [ 55] 06951 三环集团  完成  日J=44.87 周J=76.85 月J=None 价=112.8 涨=-9.69%  PE=70.0(None%) PB=8.52(None%)
2026-08-19 20:44:08  [ 56] 01339 中国人民保险集团  完成  日J=9.91 周J=54.0 月J=1.11 价=5.06 涨=0.7%  PE=4.74(None%) PB=0.62(None%)
2026-08-19 20:44:14  [ 57] 01378 中国宏桥  完成  日J=8.73 周J=62.13 月J=-6.45 价=22.62 涨=-1.48%  PE=8.86(None%) PB=1.53(None%)
2026-08-19 20:44:15  [ 58] 02476 胜宏科技  完成  日J=23.54 周J=23.78 月J=6.66 价=224.6 涨=-6.96%  PE=42.16(None%) PB=9.94(None%)
2026-08-19 20:44:17  [ 59] 00066 港铁公司  完成  日J=80.5 周J=101.6 月J=37.29 价=33.36 涨=1.52%  PE=9.09(None%) PB=1.02(None%)
2026-08-19 20:44:18  [ 60] 02020 安踏体育  完成  日J=39.79 周J=50.18 月J=37.58 价=73.65 涨=2.15%  PE=13.69(None%) PB=2.83(None%)
2026-08-19 20:44:19  [ 61] 09992 泡泡玛特  完成  日J=10.2 周J=9.28 月J=0.57 价=150.5 涨=0.27%  PE=14.17(None%) PB=8.19(None%)
2026-08-19 20:44:20  [ 62] 03692 翰森制药  完成  日J=27.67 周J=68.29 月J=12.26 价=32.98 涨=0.3%  PE=32.52(None%) PB=5.1(None%)
2026-08-19 20:44:22  [ 63] 06690 海尔智家  完成  日J=44.83 周J=52.36 月J=17.3 价=21.24 涨=2.02%  PE=9.5(None%) PB=1.4(None%)
2026-08-19 20:44:23  [ 64] 02269 药明生物  完成  日J=83.56 周J=98.51 月J=79.91 价=47.9 涨=-1.4%  PE=36.54(None%) PB=3.78(None%)
2026-08-19 20:44:24  [ 65] 00002 中电控股  完成  日J=83.27 周J=103.61 月J=96.83 价=78.35 涨=0.13%  PE=18.26(None%) PB=1.79(None%)
2026-08-19 20:44:26  [ 66] 01347 华虹宏力  完成  日J=6.19 周J=-11.04 月J=33.07 价=113.7 涨=-11.79%  PE=246.26(None%) PB=3.53(None%)
2026-08-19 20:44:27  [ 67] 02714 牧原股份  完成  日J=84.36 周J=103.91 月J=15.7 价=34.1 涨=-2.12%  PE=18.05(None%) PB=2.01(None%)
2026-08-19 20:44:29  [ 68] 00175 吉利汽车  完成  日J=28.67 周J=38.39 月J=24.48 价=17.93 涨=-1.81%  PE=10.19(None%) PB=1.78(None%)
2026-08-19 20:44:30  [ 69] 03288 海天味业  完成  日J=31.98 周J=76.05 月J=35.36 价=31.96 涨=-0.31%  PE=22.88(None%) PB=3.93(None%)
2026-08-19 20:44:31  [ 70] 06818 中国光大银行  完成  日J=13.07 周J=24.68 月J=10.95 价=2.98 涨=0.34%  PE=4.15(None%) PB=0.31(None%)
2026-08-19 20:44:33  [ 71] 06936 顺丰控股  完成  日J=35.54 周J=87.75 月J=53.27 价=32.68 涨=0.62%  PE=13.48(None%) PB=1.45(None%)
2026-08-19 20:44:34  [ 72] 01801 信达生物  完成  日J=71.03 周J=92.68 月J=74.27 价=98.25 涨=1.66%  PE=190.2(None%) PB=7.95(None%)
2026-08-19 20:44:35  [ 73] 06031 三一重工  完成  日J=11.61 周J=24.74 月J=4.99 价=18.57 涨=-1.75%  PE=18.08(None%) PB=1.66(None%)
2026-08-19 20:44:37  [ 74] 00762 中国联通  完成  日J=5.28 周J=10.54 月J=0.43 价=5.5 涨=-12.36%  PE=9.31(None%) PB=0.39(None%)
2026-08-19 20:44:38  [ 75] 01024 快手-W  完成  日J=-2.09 周J=5.45 月J=-10.78 价=37.8 涨=-4.01%  PE=9.18(None%) PB=1.73(None%)
2026-08-19 20:44:39  [ 76] 01038 长江基建集团  完成  日J=103.3 周J=107.64 月J=73.66 价=64.8 涨=0.39%  PE=6.49(None%) PB=1.1(None%)
2026-08-19 20:44:40  [ 77] 00788 中国铁塔  完成  日J=15.78 周J=52.77 月J=6.37 价=9.21 涨=-1.18%  PE=10.67(None%) PB=0.68(None%)
2026-08-19 20:44:42  [ 78] 01113 长实集团  完成  日J=39.59 周J=53.46 月J=49.32 价=45.96 涨=0.57%  PE=12.16(None%) PB=0.4(None%)
2026-08-19 20:44:43  [ 79] 00027 银河娱乐  完成  日J=90.6 周J=110.51 月J=25.93 价=35.1 涨=0.63%  PE=14.35(None%) PB=1.82(None%)
2026-08-19 20:44:44  [ 80] 02423 贝壳-W  完成  日J=25.01 周J=88.27 月J=54.31 价=44.58 涨=1.36%  PE=40.21(None%) PB=2.16(None%)
2026-08-19 20:44:46  [ 81] 00688 中国海外发展  完成  日J=80.68 周J=71.26 月J=43.18 价=13.96 涨=0.5%  PE=10.87(None%) PB=0.36(None%)
2026-08-19 20:44:47  [ 82] 06886 华泰证券  完成  日J=92.55 周J=46.92 月J=22.5 价=16.87 涨=-1.06%  PE=7.76(None%) PB=0.75(None%)
2026-08-19 20:44:48  [ 83] 03606 福耀玻璃  完成  日J=71.82 周J=93.59 月J=41.79 价=58.3 涨=2.73%  PE=15.83(None%) PB=3.46(None%)
2026-08-19 20:44:50  [ 84] 01988 民生银行  完成  日J=56.48 周J=65.24 月J=24.58 价=3.42 涨=1.63%  PE=4.53(None%) PB=0.23(None%)
2026-08-19 20:44:51  [ 85] 01898 中煤能源  完成  日J=88.73 周J=92.72 月J=8.25 价=11.26 涨=-0.18%  PE=9.27(None%) PB=0.8(None%)
2026-08-19 20:44:56  [ 86] 01766 中国中车  完成  日J=82.6 周J=78.65 月J=28.28 价=5.14 涨=2.49%  PE=9.31(None%) PB=0.73(None%)
2026-08-19 20:44:57  [ 87] 09973 奇瑞汽车  完成  日J=24.56 周J=55.41 月J=19.82 价=25.38 涨=-0.94%  PE=7.11(None%) PB=2.36(None%)
2026-08-19 20:44:58  [ 88] 01377 鼎泰高科  完成  日J=2.98 周J=46.92 月J=None 价=337.2 涨=-6.54%  PE=205.28(None%) PB=42.07(None%)
2026-08-19 20:44:59  [ 89] 01972 太古地产  完成  日J=91.82 周J=109.66 月J=45.89 价=24.6 涨=1.82%  PE=42.92(None%) PB=0.52(None%)
2026-08-19 20:45:00  [ 90] 02600 中国铝业  完成  日J=9.98 周J=50.34 月J=-9.99 价=8.21 涨=-1.62%  PE=8.56(None%) PB=1.54(None%)
2026-08-19 20:45:02  [ 91] 01816 中广核电力  完成  日J=15.24 周J=54.08 月J=-0.46 价=2.78 涨=0.18%  PE=13.19(None%) PB=0.98(None%)
2026-08-19 20:45:03  [ 92] 01336 新华保险  完成  日J=0.88 周J=23.72 月J=-4.88 价=44.86 涨=-0.49%  PE=3.4(None%) PB=1.0(None%)
2026-08-19 20:45:04  [ 93] 00003 香港中华煤气  完成  日J=81.17 周J=89.35 月J=46.82 价=7.29 涨=7.37%  PE=21.36(None%) PB=2.26(None%)
2026-08-19 20:45:06  [ 94] 00012 恒基地产  完成  日J=81.28 周J=80.39 月J=13.08 价=27.8 涨=2.28%  PE=23.81(None%) PB=0.42(None%)
2026-08-19 20:45:07  [ 95] 02057 中通快递-W  完成  日J=21.54 周J=33.2 月J=41.36 价=176.0 涨=-3.72%  PE=11.49(None%) PB=1.85(None%)
2026-08-19 20:45:08  [ 96] 01776 广发证券  完成  日J=36.57 周J=36.41 月J=44.51 价=17.07 涨=-1.95%  PE=7.63(None%) PB=0.86(None%)
2026-08-19 20:45:10  [ 97] 00006 电能实业  完成  日J=113.85 周J=112.5 月J=53.15 价=60.85 涨=0.33%  PE=7.25(None%) PB=1.26(None%)
2026-08-19 20:45:11  [ 98] 06099 招商证券  完成  日J=2.9 周J=1.63 月J=39.83 价=14.73 涨=-0.07%  PE=8.61(None%) PB=0.91(None%)
2026-08-19 20:45:13  [ 99] 09987 百胜中国  完成  日J=2.16 周J=86.34 月J=32.61 价=369.4 涨=0.22%  PE=16.67(None%) PB=3.03(None%)
2026-08-19 20:45:14  [100] 01171 兖矿能源  完成  日J=46.01 周J=82.18 月J=22.23 价=12.52 涨=-0.95%  PE=11.53(None%) PB=1.45(None%)
2026-08-19 20:45:14  全部完成，结果已写入 C:\Users\hailo\Desktop\每周自动指标\output_hk\2026-08-19\metrics_2026-08-19.csv
2026-08-19 20:45:14  步骤2完成 -> C:\Users\hailo\Desktop\每周自动指标\output_hk\2026-08-19\metrics_2026-08-19.csv
2026-08-19 20:45:14  步骤3: 生成 HTML 总结报告...
2026-08-19 20:45:14  步骤3完成 -> C:\Users\hailo\Desktop\每周自动指标\output_hk\2026-08-19\report_2026-08-19.html
2026-08-19 20:45:14  步骤4: 发送邮件报告...
2026-08-19 20:45:16  步骤4完成: 邮件已发送
2026-08-19 20:45:16  ===== 全部完成 2026-08-19 =====
