2026-09-10 21:04:19  ===== 开始每日ETF指标任务 2026-09-10 =====
2026-09-10 21:04:19  步骤1: 获取场内规模前100的ETF...
[  1] 510300 沪深300ETF华泰柏瑞  规模=1091.87亿  跟踪=沪深300指数  主题=沪深300
[  2] 588000 科创50ETF华夏  规模=888.14亿  跟踪=上证科创板50成份指数  主题=科创板
[  3] 159915 创业板ETF易方达  规模=647.81亿  跟踪=创业板指数(价格)  主题=创业板
[  4] 512880 证券ETF国泰  规模=610.53亿  跟踪=中证全指证券公司指数  主题=证券
[  5] 510310 沪深300ETF易方达  规模=514.31亿  跟踪=沪深300指数  主题=沪深300
[  6] 588200 科创芯片ETF嘉实  规模=476.68亿  跟踪=上证科创板芯片指数  主题=半导体
[  7] 510500 中证500ETF南方  规模=428.24亿  跟踪=中证500指数  主题=中证500
[  8] 515880 通信ETF国泰  规模=410.77亿  跟踪=中证全指通信设备指数  主题=通信
[  9] 159516 半导体设备ETF国泰  规模=410.58亿  跟踪=中证半导体材料设备主题指数  主题=半导体
[ 10] 588080 科创50ETF易方达  规模=408.63亿  跟踪=上证科创板50成份指数  主题=科创板
[ 11] 510330 沪深300ETF华夏  规模=406.28亿  跟踪=沪深300指数  主题=沪深300
[ 12] 588170 科创半导体ETF华夏  规模=402.44亿  跟踪=上证科创板半导体材料设备主题指数  主题=半导体
[ 13] 563360 A500ETF华泰柏瑞  规模=392.37亿  跟踪=中证A500指数  主题=中证A500
[ 14] 512000 券商ETF华宝  规模=375.83亿  跟踪=中证全指证券公司指数  主题=证券
[ 15] 159352 A500ETF南方  规模=333.63亿  跟踪=中证A500指数  主题=中证A500
[ 16] 512890 红利低波ETF华泰柏瑞  规模=319.9亿  跟踪=中证红利低波动指数  主题=红利
[ 17] 159919 沪深300ETF嘉实  规模=303.19亿  跟踪=沪深300指数  主题=沪深300
[ 18] 159361 A500ETF易方达  规模=287.3亿  跟踪=中证A500指数  主题=中证A500
[ 19] 159995 芯片ETF华夏  规模=270.04亿  跟踪=国证半导体芯片指数  主题=半导体
[ 20] 512400 有色金属ETF南方  规模=262.33亿  跟踪=有色金属  主题=有色金属
[ 21] 159338 中证A500ETF国泰  规模=254.8亿  跟踪=中证A500指数  主题=中证A500
[ 22] 159949 创业板50ETF华安  规模=243.14亿  跟踪=创业板50指数  主题=创业板
[ 23] 512170 医疗ETF华宝  规模=238.96亿  跟踪=中证医疗指数  主题=医药
[ 24] 510050 上证50ETF华夏  规模=211.69亿  跟踪=上证50指数  主题=上证50
[ 25] 159819 人工智能ETF易方达  规模=206.21亿  跟踪=中证人工智能主题指数  主题=人工智能
[ 26] 512100 中证1000ETF南方  规模=202.65亿  跟踪=中证1000指数  主题=中证1000
[ 27] 159558 半导体设备ETF易方达  规模=199.72亿  跟踪=中证半导体材料设备主题指数  主题=半导体
[ 28] 515450 红利低波50ETF南方  规模=198.43亿  跟踪=标普中国A股大盘红利低波50指数  主题=红利
[ 29] 512480 半导体ETF国联安  规模=197.21亿  跟踪=中证全指半导体产品与设备指数  主题=半导体
[ 30] 512050 A500ETF华夏  规模=193.6亿  跟踪=中证A500指数  主题=中证A500
[ 31] 510880 红利ETF华泰柏瑞  规模=193.52亿  跟踪=上证红利指数  主题=红利
[ 32] 159326 电网设备ETF华夏  规模=190.22亿  跟踪=中证电网设备主题指数  主题=其他
[ 33] 515180 红利ETF易方达  规模=184.96亿  跟踪=中证红利指数  主题=红利
[ 34] 515050 通信ETF华夏  规模=180.27亿  跟踪=中证5G通信主题指数  主题=通信
[ 35] 510180 上证180ETF华安  规模=174.68亿  跟踪=上证180指数  主题=上证180
[ 36] 562500 机器人ETF华夏  规模=170.46亿  跟踪=中证机器人指数  主题=机器人
[ 37] 159992 创新药ETF银华  规模=165.88亿  跟踪=中证创新药产业指数  主题=医药
[ 38] 159781 科创创业ETF易方达  规模=165.18亿  跟踪=中证科创创业50指数  主题=科创板
[ 39] 159201 自由现金流ETF华夏  规模=162.11亿  跟踪=国证自由现金流指数  主题=货币市场
[ 40] 159530 机器人ETF易方达  规模=161.63亿  跟踪=国证机器人产业指数  主题=机器人
[ 41] 159928 消费ETF汇添富  规模=154.11亿  跟踪=中证主要消费指数  主题=消费
[ 42] 512010 医药ETF易方达  规模=147.91亿  跟踪=沪深300医药卫生指数  主题=医药
[ 43] 510210 上证指数ETF富国  规模=144.63亿  跟踪=上证综合指数  主题=其他
[ 44] 517520 黄金股ETF永赢  规模=139.3亿  跟踪=中证沪深港黄金产业股票指数  主题=黄金
[ 45] 159870 化工ETF鹏华  规模=135.6亿  跟踪=细分化工  主题=化工
[ 46] 512070 证券保险ETF易方达  规模=134.21亿  跟踪=沪深300非银行金融指数  主题=证券
[ 47] 512690 酒ETF鹏华  规模=132.65亿  跟踪=中证酒指数  主题=白酒
[ 48] 159206 卫星ETF永赢  规模=126.75亿  跟踪=国证商用卫星通信产业指数  主题=通信
[ 49] 560780 半导体设备ETF广发  规模=125.87亿  跟踪=中证半导体材料设备主题指数  主题=半导体
[ 50] 563020 红利低波ETF易方达  规模=124.81亿  跟踪=中证红利低波动指数  主题=红利
[ 51] 513630 港股低波红利ETF摩根  规模=119.75亿  跟踪=标普港股通低波红利指数  主题=红利
[ 52] 159841 证券ETF天弘  规模=118.03亿  跟踪=中证全指证券公司指数  主题=证券
[ 53] 159952 创业板ETF广发  规模=113.34亿  跟踪=创业板指数(价格)  主题=创业板
[ 54] 515220 煤炭ETF国泰  规模=111.0亿  跟踪=中证煤炭指数  主题=煤炭
[ 55] 515120 创新药ETF广发  规模=109.87亿  跟踪=中证创新药产业指数  主题=医药
[ 56] 515080 中证红利ETF招商  规模=109.76亿  跟踪=中证红利指数  主题=红利
[ 57] 563800 A500ETF广发  规模=108.6亿  跟踪=中证A500指数  主题=中证A500
[ 58] 588710 科创半导体设备ETF华泰柏瑞  规模=108.36亿  跟踪=上证科创板半导体材料设备主题指数  主题=半导体
[ 59] 588050 科创50ETF工银  规模=105.57亿  跟踪=上证科创板50成份指数  主题=科创板
[ 60] 512760 芯片ETF国泰  规模=100.96亿  跟踪=中华交易服务半导体芯片行业人民币指数  主题=半导体
[ 61] 512800 银行ETF华宝  规模=99.15亿  跟踪=中证银行指数  主题=银行
[ 62] 159611 电力ETF广发  规模=97.87亿  跟踪=中证全指电力公用事业指数  主题=电力
[ 63] 516650 有色金属ETF华夏  规模=97.72亿  跟踪=细分有色  主题=有色金属
[ 64] 159842 券商ETF银华  规模=93.47亿  跟踪=中证全指证券公司指数  主题=证券
[ 65] 159852 软件ETF嘉实  规模=92.24亿  跟踪=中证软件服务指数  主题=计算机
[ 66] 159922 中证500ETF嘉实  规模=87.79亿  跟踪=中证500指数  主题=中证500
[ 67] 560860 工业有色ETF万家  规模=87.5亿  跟踪=中证工业有色金属主题指数  主题=有色金属
[ 68] 159351 A500ETF嘉实  规模=86.93亿  跟踪=中证A500指数  主题=中证A500
[ 69] 562590 半导体设备ETF华夏  规模=85.41亿  跟踪=中证半导体材料设备主题指数  主题=半导体
[ 70] 159869 游戏ETF华夏  规模=85.32亿  跟踪=中证动漫游戏指数  主题=传媒
[ 71] 515330 沪深300ETF天弘  规模=82.03亿  跟踪=沪深300指数  主题=沪深300
[ 72] 512900 证券ETF南方  规模=82.0亿  跟踪=中证全指证券公司指数  主题=证券
[ 73] 515070 人工智能ETF华夏  规模=81.12亿  跟踪=中证人工智能主题指数  主题=人工智能
[ 74] 563220 A500ETF富国  规模=80.04亿  跟踪=中证A500指数  主题=中证A500
[ 75] 159845 中证1000ETF华夏  规模=79.03亿  跟踪=中证1000指数  主题=中证1000
[ 76] 512500 中证500ETF华夏  规模=78.58亿  跟踪=中证500指数  主题=中证500
[ 77] 512660 军工ETF国泰  规模=76.65亿  跟踪=中证军工指数  主题=军工
[ 78] 588060 科创50ETF广发  规模=75.34亿  跟踪=上证科创板50成份指数  主题=科创板
[ 79] 159263 价值ETF易方达  规模=74.51亿  跟踪=国证价值100指数  主题=价值
[ 80] 512710 军工龙头ETF富国  规模=73.66亿  跟踪=中证军工龙头指数  主题=军工
[ 81] 159307 红利低波100ETF博时  规模=73.04亿  跟踪=中证红利低波动100指数  主题=红利
[ 82] 588750 科创芯片ETF汇添富  规模=72.76亿  跟踪=上证科创板芯片指数  主题=半导体
[ 83] 159363 创业板人工智能ETF华宝  规模=72.43亿  跟踪=创业板人工智能指数  主题=人工智能
[ 84] 159259 成长ETF易方达  规模=68.64亿  跟踪=国证成长100指数  主题=成长
[ 85] 159157 有色金属ETF天弘  规模=68.25亿  跟踪=中证工业有色金属主题指数  主题=有色金属
[ 86] 159755 电池ETF广发  规模=68.19亿  跟踪=国证新能源车电池指数  主题=新能源
[ 87] 563300 中证2000ETF华泰柏瑞  规模=67.2亿  跟踪=中证2000指数  主题=中证2000
[ 88] 159865 养殖ETF国泰  规模=65.39亿  跟踪=中证畜牧养殖指数  主题=农业
[ 89] 159977 创业板ETF天弘  规模=64.49亿  跟踪=创业板指数(价格)  主题=创业板
[ 90] 159813 半导体ETF鹏华  规模=64.4亿  跟踪=国证半导体芯片指数  主题=半导体
[ 91] 159851 金融科技ETF华宝  规模=63.87亿  跟踪=中证金融科技主题指数  主题=其他
[ 92] 588220 科创100ETF鹏华  规模=63.64亿  跟踪=上证科创板100指数  主题=科创板
[ 93] 516150 稀土ETF嘉实  规模=63.4亿  跟踪=中证稀土产业指数  主题=有色金属
[ 94] 515980 人工智能ETF华富  规模=62.93亿  跟踪=中证人工智能产业指数  主题=人工智能
[ 95] 159562 黄金股ETF华夏  规模=61.6亿  跟踪=中证沪深港黄金产业股票指数  主题=黄金
[ 96] 560610 A500ETF招商  规模=61.5亿  跟踪=中证A500指数  主题=中证A500
[ 97] 512950 央企改革ETF华夏  规模=60.98亿  跟踪=中证央企结构调整指数  主题=央企国企
[ 98] 560010 中证1000ETF广发  规模=59.91亿  跟踪=中证1000指数  主题=中证1000
[ 99] 159770 机器人ETF天弘  规模=58.0亿  跟踪=中证机器人指数  主题=机器人
[100] 159549 红利低波ETF天弘  规模=56.84亿  跟踪=中证红利低波动100指数  主题=红利
2026-09-10 21:05:26  步骤1完成 -> /home/runner/work/daily-stock-metrics/daily-stock-metrics/output_etf/2026-09-10/etf_list_2026-09-10.csv
2026-09-10 21:05:26  步骤2: 计算 KDJ-J(日/周/月)...
2026-09-10 21:05:26  步骤2: 计算指标...
2026-09-10 21:05:26  观察池: 共63只(含历史追踪2只)
2026-09-10 21:05:26  待处理 63 条，并发数 8
2026-09-10 21:05:32  [  3] 159915 创业板ETF易方达  完成  日J=46.86 周J=16.52 月J=6.92 MA20=3.465 MA60=3.684 多头=0 价=3.36 涨=-0.39%  PE=38.22(32.04%) PB=5.34(60.32%)
2026-09-10 21:05:32  [  5] 588200 科创芯片ETF嘉实  完成  日J=10.48 周J=3.36 月J=30.3 MA20=1.165 MA60=1.28 多头=0 价=1.11 涨=-0.36%  PE=94.93(71.99%) PB=None(None%)
2026-09-10 21:05:32  [  8] 159516 半导体设备ETF国泰  完成  日J=22.8 周J=8.52 月J=36.87 MA20=0.713 MA60=0.764 多头=0 价=0.67 涨=0.6%  PE=96.53(91.06%) PB=None(None%)
2026-09-10 21:05:32  [  1] 510300 沪深300ETF华泰柏瑞  完成  日J=19.11 周J=19.67 月J=19.88 MA20=4.665 MA60=4.755 多头=0 价=4.62 涨=-0.37%  PE=13.62(63.58%) PB=1.43(42.48%)
2026-09-10 21:05:32  [  7] 515880 通信ETF国泰  完成  日J=72.77 周J=47.8 月J=24.88 MA20=0.668 MA60=0.712 多头=0 价=0.67 涨=-1.03%  PE=44.05(86.95%) PB=None(None%)
2026-09-10 21:05:32  [  6] 510500 中证500ETF南方  完成  日J=31.47 周J=36.55 月J=19.26 MA20=7.86 MA60=8.059 多头=0 价=7.74 涨=-0.58%  PE=26.01(63.83%) PB=2.39(77.28%)
2026-09-10 21:05:32  [  4] 512880 证券ETF国泰  完成  日J=12.1 周J=36.19 月J=34.38 MA20=1.087 MA60=1.105 多头=0 价=1.09 涨=0.55%  PE=12.86(4.81%) PB=1.27(15.2%)
2026-09-10 21:05:33  [  2] 588000 科创50ETF华夏  完成  日J=0.29 周J=-6.38 月J=24.7 MA20=1.74 MA60=1.897 多头=0 价=1.66 涨=-0.66%  PE=69.82(67.14%) PB=7.17(82.28%)
2026-09-10 21:05:34  [ 12] 159995 芯片ETF华夏  完成  日J=19.37 周J=1.47 月J=21.96 MA20=1.148 MA60=1.285 多头=0 价=1.1 涨=0.0%  PE=None(None%) PB=None(None%)
2026-09-10 21:05:34  [ 10] 563360 A500ETF华泰柏瑞  完成  日J=27.06 周J=22.2 月J=13.82 MA20=1.285 MA60=1.317 多头=0 价=1.27 涨=-0.47%  PE=15.24(49.53%) PB=None(None%)
2026-09-10 21:05:35  [ 11] 512890 红利低波ETF华泰柏瑞  完成  日J=75.77 周J=106.47 月J=98.16 MA20=1.188 MA60=1.156 多头=1 价=1.21 涨=-0.08%  PE=8.03(74.45%) PB=0.88(62.88%)
2026-09-10 21:05:35  [ 13] 512400 有色金属ETF南方  完成  日J=49.27 周J=84.91 月J=13.01 MA20=1.839 MA60=1.782 多头=1 价=1.83 涨=-1.24%  PE=15.32(80.35%) PB=None(None%)
2026-09-10 21:05:35  [ 14] 159949 创业板50ETF华安  完成  日J=57.89 周J=16.08 月J=2.88 MA20=1.623 MA60=1.741 多头=0 价=1.58 涨=0.06%  PE=None(None%) PB=None(None%)
2026-09-10 21:05:36  [ 15] 512170 医疗ETF华宝  完成  日J=5.9 周J=49.38 月J=39.5 MA20=0.343 MA60=0.329 多头=1 价=0.33 涨=-2.08%  PE=27.35(20.39%) PB=3.44(11.4%)
2026-09-10 21:05:36  [  9] 588170 科创半导体ETF华夏  完成  日J=11.66 周J=7.27 月J=36.72 MA20=0.985 MA60=1.057 多头=0 价=0.91 涨=-0.33%  PE=42.75(79.87%) PB=None(None%)
2026-09-10 21:05:37  [ 16] 510050 上证50ETF华夏  完成  日J=14.12 周J=52.82 月J=35.6 MA20=3.021 MA60=3.032 多头=0 价=3.02 涨=-0.03%  PE=11.11(70.72%) PB=1.24(55.0%)
2026-09-10 21:05:37  [ 17] 159819 人工智能ETF易方达  完成  日J=5.82 周J=1.31 月J=23.07 MA20=1.751 MA60=1.893 多头=0 价=1.7 涨=-1.22%  PE=44.19(45.52%) PB=None(None%)
2026-09-10 21:05:37  [ 18] 512100 中证1000ETF南方  完成  日J=42.45 周J=58.86 月J=26.21 MA20=3.103 MA60=3.157 多头=0 价=3.08 涨=-0.68%  PE=30.67(65.8%) PB=2.39(45.4%)
2026-09-10 21:05:38  [ 19] 515450 红利低波50ETF南方  完成  日J=75.71 周J=67.66 月J=74.94 MA20=1.395 MA60=1.377 多头=1 价=1.41 涨=0.36%  PE=8.56(79.48%) PB=0.88(62.88%)
2026-09-10 21:05:38  [ 20] 512480 半导体ETF国联安  完成  日J=8.65 周J=3.63 月J=24.34 MA20=1.032 MA60=1.143 多头=0 价=0.98 涨=-0.31%  PE=64.69(46.24%) PB=None(None%)
2026-09-10 21:05:38  [ 21] 510880 红利ETF华泰柏瑞  完成  日J=60.16 周J=96.73 月J=94.69 MA20=3.418 MA60=3.243 多头=1 价=3.47 涨=-0.8%  PE=8.89(82.52%) PB=0.87(63.44%)
2026-09-10 21:05:38  [ 22] 159326 电网设备ETF华夏  完成  日J=48.19 周J=46.44 月J=7.61 MA20=1.675 MA60=1.754 多头=0 价=1.65 涨=-1.85%  PE=11.69(68.27%) PB=None(None%)
2026-09-10 21:05:39  [ 23] 515180 红利ETF易方达  完成  日J=52.6 周J=95.51 月J=81.25 MA20=1.446 MA60=1.394 多头=1 价=1.46 涨=-0.75%  PE=8.64(62.64%) PB=0.86(52.44%)
2026-09-10 21:05:40  [ 24] 515050 通信ETF华夏  完成  日J=77.53 周J=40.64 月J=31.41 MA20=1.037 MA60=1.11 多头=0 价=1.04 涨=-1.14%  PE=44.17(86.06%) PB=None(None%)
2026-09-10 21:05:40  [ 26] 562500 机器人ETF华夏  完成  日J=1.99 周J=9.4 月J=-0.36 MA20=0.961 MA60=1.016 多头=0 价=0.93 涨=-1.7%  PE=44.25(20.56%) PB=None(None%)
2026-09-10 21:05:40  [ 27] 159992 创新药ETF银华  完成  日J=9.03 周J=2.51 月J=56.45 MA20=0.87 MA60=0.854 多头=1 价=0.82 涨=-1.91%  PE=26.36(22.81%) PB=None(None%)
2026-09-10 21:05:40  [ 25] 510180 上证180ETF华安  完成  日J=16.44 周J=50.8 月J=25.75 MA20=3.969 MA60=4.001 多头=0 价=3.95 涨=-0.35%  PE=11.72(59.59%) PB=1.23(41.76%)
2026-09-10 21:05:41  [ 30] 159530 机器人ETF易方达  完成  日J=9.55 周J=9.8 月J=-0.35 MA20=1.336 MA60=1.416 多头=0 价=1.29 涨=-1.76%  PE=None(None%) PB=None(None%)
2026-09-10 21:05:41  [ 29] 159201 自由现金流ETF华夏  完成  日J=71.19 周J=105.48 月J=25.55 MA20=1.185 MA60=1.149 多头=1 价=1.2 涨=-0.42%  PE=None(None%) PB=None(None%)
2026-09-10 21:05:41  [ 28] 159781 科创创业ETF易方达  完成  日J=21.8 周J=-3.1 月J=13.66 MA20=1.083 MA60=1.188 多头=0 价=1.04 涨=-0.77%  PE=38.29(53.13%) PB=None(None%)
2026-09-10 21:05:42  [ 31] 159928 消费ETF汇添富  完成  日J=52.27 周J=71.48 月J=36.79 MA20=0.67 MA60=0.658 多头=1 价=0.67 涨=-1.33%  PE=20.0(20.55%) PB=3.43(1.76%)
2026-09-10 21:05:43  [ 32] 512010 医药ETF易方达  完成  日J=2.2 周J=28.51 月J=62.09 MA20=0.384 MA60=0.373 多头=1 价=0.37 涨=-1.07%  PE=22.87(2.84%) PB=None(None%)
2026-09-10 21:05:43  [ 38] 159206 卫星ETF永赢  完成  日J=29.58 周J=26.25 月J=-1.0 MA20=1.367 MA60=1.449 多头=0 价=1.34 涨=-0.37%  PE=None(None%) PB=None(None%)
2026-09-10 21:05:43  [ 33] 510210 上证指数ETF富国  完成  日J=38.19 周J=91.46 月J=38.66 MA20=1.006 MA60=1.001 多头=1 价=1.01 涨=-0.2%  PE=14.77(68.03%) PB=None(None%)
2026-09-10 21:05:43  [ 34] 517520 黄金股ETF永赢  完成  日J=59.54 周J=91.39 月J=23.02 MA20=2.184 MA60=1.925 多头=1 价=2.18 涨=-1.4%  PE=20.72(40.95%) PB=None(None%)
2026-09-10 21:05:43  [ 35] 159870 化工ETF鹏华  完成  日J=15.56 周J=63.31 月J=14.75 MA20=0.809 MA60=0.812 多头=0 价=0.8 涨=-2.08%  PE=17.81(34.21%) PB=None(None%)
2026-09-10 21:05:43  [ 36] 512070 证券保险ETF易方达  完成  日J=14.11 周J=72.0 月J=21.34 MA20=0.798 MA60=0.799 多头=0 价=0.81 涨=1.0%  PE=7.47(0.09%) PB=None(None%)
2026-09-10 21:05:44  [ 37] 512690 酒ETF鹏华  完成  日J=24.41 周J=58.25 月J=23.09 MA20=0.426 MA60=0.42 多头=1 价=0.42 涨=-1.41%  PE=19.51(18.38%) PB=None(None%)
2026-09-10 21:05:44  [ 39] 513630 港股低波红利ETF摩根  完成  日J=77.06 周J=68.54 月J=40.94 MA20=1.593 MA60=1.557 多头=1 价=1.59 涨=-0.56%  PE=None(None%) PB=None(None%)
2026-09-10 21:05:45  [ 41] 512760 芯片ETF国泰  完成  日J=5.72 周J=-0.65 月J=23.62 MA20=1.094 MA60=1.218 多头=0 价=1.04 涨=-0.29%  PE=64.94(41.62%) PB=None(None%)
2026-09-10 21:05:45  [ 40] 515220 煤炭ETF国泰  完成  日J=41.77 周J=88.25 月J=66.61 MA20=1.303 MA60=1.214 多头=1 价=1.32 涨=-1.57%  PE=18.39(85.63%) PB=1.85(98.52%)
2026-09-10 21:05:46  [ 42] 512800 银行ETF华宝  完成  日J=81.25 周J=106.52 月J=107.36 MA20=0.826 MA60=0.799 多头=1 价=0.85 涨=0.95%  PE=7.15(88.68%) PB=0.7(45.72%)
2026-09-10 21:05:46  [ 46] 560860 工业有色ETF万家  完成  日J=58.16 周J=76.59 月J=12.88 MA20=1.631 MA60=1.602 多头=1 价=1.63 涨=-1.27%  PE=69.41(66.15%) PB=None(None%)
2026-09-10 21:05:46  [ 43] 159611 电力ETF广发  完成  日J=101.89 周J=56.94 月J=7.44 MA20=1.041 MA60=1.049 多头=0 价=1.06 涨=0.76%  PE=15.05(65.84%) PB=None(None%)
2026-09-10 21:05:46  [ 45] 159852 软件ETF嘉实  完成  日J=-3.29 周J=26.78 月J=-2.86 MA20=0.681 MA60=0.69 多头=0 价=0.66 涨=-1.05%  PE=59.11(55.69%) PB=None(None%)
2026-09-10 21:05:46  [ 44] 516650 有色金属ETF华夏  完成  日J=51.83 周J=86.61 月J=9.61 MA20=1.875 MA60=1.808 多头=1 价=1.86 涨=-1.17%  PE=17.34(21.11%) PB=None(None%)
2026-09-10 21:05:48  [ 47] 159869 游戏ETF华夏  完成  日J=52.08 周J=78.67 月J=5.0 MA20=1.101 MA60=1.095 多头=1 价=1.11 涨=-0.36%  PE=18.2(5.17%) PB=None(None%)
2026-09-10 21:05:48  [ 48] 512660 军工ETF国泰  完成  日J=95.37 周J=58.69 月J=4.72 MA20=1.136 MA60=1.162 多头=0 价=1.18 涨=0.0%  PE=53.97(36.93%) PB=3.38(62.92%)
2026-09-10 21:05:48  [ 50] 512710 军工龙头ETF富国  完成  日J=83.87 周J=75.77 月J=1.08 MA20=0.626 MA60=0.633 多头=0 价=0.65 涨=-0.76%  PE=None(None%) PB=None(None%)
2026-09-10 21:05:48  [ 52] 159363 创业板人工智能ETF华宝  完成  日J=50.53 周J=46.95 月J=28.87 MA20=1.236 MA60=1.296 多头=0 价=1.22 涨=-0.57%  PE=None(None%) PB=None(None%)
2026-09-10 21:05:49  [ 53] 159259 成长ETF易方达  完成  日J=82.83 周J=38.71 月J=30.88 MA20=1.34 MA60=1.432 多头=0 价=1.35 涨=-0.37%  PE=None(None%) PB=None(None%)
2026-09-10 21:05:49  [ 54] 159755 电池ETF广发  完成  日J=3.56 周J=1.51 月J=-18.24 MA20=0.935 MA60=0.979 多头=0 价=0.88 涨=-1.46%  PE=21.76(24.24%) PB=3.07(39.6%)
2026-09-10 21:05:50  [ 51] 159307 红利低波100ETF博时  完成  日J=32.8 周J=61.51 月J=59.94 MA20=1.029 MA60=1.016 多头=1 价=1.03 涨=-0.19%  PE=9.0(86.09%) PB=None(None%)
2026-09-10 21:05:50  [ 49] 159263 价值ETF易方达  完成  日J=72.78 周J=99.35 月J=59.96 MA20=1.155 MA60=1.123 多头=1 价=1.17 涨=-0.34%  PE=None(None%) PB=None(None%)
2026-09-10 21:05:51  [ 55] 563300 中证2000ETF华泰柏瑞  完成  日J=50.34 周J=78.29 月J=36.9 MA20=1.434 MA60=1.439 多头=0 价=1.43 涨=-1.58%  PE=40.92(70.25%) PB=None(None%)
2026-09-10 21:05:51  [ 58] 588220 科创100ETF鹏华  完成  日J=14.68 周J=31.82 月J=30.43 MA20=1.78 MA60=1.842 多头=0 价=1.71 涨=-1.1%  PE=None(None%) PB=None(None%)
2026-09-10 21:05:51  [ 56] 159865 养殖ETF国泰  完成  日J=64.81 周J=90.1 月J=36.46 MA20=0.548 MA60=0.53 多头=1 价=0.56 涨=-2.44%  PE=22.88(53.15%) PB=None(None%)
2026-09-10 21:05:51  [ 57] 159851 金融科技ETF华宝  完成  日J=-13.48 周J=77.44 月J=5.95 MA20=0.627 MA60=0.622 多头=1 价=0.62 涨=-0.96%  PE=31.87(7.12%) PB=None(None%)
2026-09-10 21:05:52  [ 60] 515980 人工智能ETF华富  完成  日J=14.55 周J=13.22 月J=26.18 MA20=1.026 MA60=1.1 多头=0 价=1.0 涨=-0.89%  PE=46.19(74.68%) PB=None(None%)
2026-09-10 21:05:52  [ 59] 516150 稀土ETF嘉实  完成  日J=6.94 周J=39.74 月J=4.32 MA20=1.737 MA60=1.791 多头=0 价=1.67 涨=-1.01%  PE=28.03(24.3%) PB=None(None%)
2026-09-10 21:05:53  [ 62] 561980 半导体设备ETF招商  完成  日J=7.45 周J=0.75 月J=38.39 MA20=0.687 MA60=0.743 多头=0 价=0.65 涨=-0.31%  PE=None(None%) PB=None(None%)
2026-09-10 21:05:53  [ 61] 512950 央企改革ETF华夏  完成  日J=59.11 周J=54.3 月J=25.58 MA20=1.507 MA60=1.521 多头=0 价=1.51 涨=-0.26%  PE=15.98(85.96%) PB=None(None%)
2026-09-10 21:05:53  [ 63] 159967 创业板成长ETF华夏  完成  日J=70.67 周J=28.01 月J=24.62 MA20=0.787 MA60=0.851 多头=0 价=0.77 涨=-0.52%  PE=None(None%) PB=None(None%)
2026-09-10 21:05:53  全部完成，结果已写入 /home/runner/work/daily-stock-metrics/daily-stock-metrics/output_etf/2026-09-10/metrics_2026-09-10.csv
2026-09-10 21:05:53  步骤2完成 -> /home/runner/work/daily-stock-metrics/daily-stock-metrics/output_etf/2026-09-10/metrics_2026-09-10.csv
2026-09-10 21:05:53  步骤3: 生成 HTML 总结报告...
2026-09-10 21:05:54  步骤3完成 -> /home/runner/work/daily-stock-metrics/daily-stock-metrics/output_etf/2026-09-10/report_2026-09-10.html
2026-09-10 21:05:54  步骤4: 发送邮件报告...
2026-09-10 21:05:58  步骤4完成: 邮件已发送
2026-09-10 21:05:58  ===== 全部完成 2026-09-10 =====
2026-09-10 21:26:37  今日(2026-09-10)已完成，跳过。结果目录: /home/runner/work/daily-stock-metrics/daily-stock-metrics/output_etf/2026-09-10
2026-09-10 21:46:02  今日(2026-09-10)已完成，跳过。结果目录: /home/runner/work/daily-stock-metrics/daily-stock-metrics/output_etf/2026-09-10
2026-09-10 22:48:31  今日(2026-09-10)已完成，跳过。结果目录: /home/runner/work/daily-stock-metrics/daily-stock-metrics/output_etf/2026-09-10
