2026-09-18 21:08:38  ===== 开始每日港股通指标任务 2026-09-18 =====
2026-09-18 21:08:38  步骤1: 获取港股通总市值前100标的...
获取港股通标的列表(共取市值前 100 只)...
接口返回 100 只港股通标的
2026-09-18 21:08:39  步骤1完成 -> /home/runner/work/daily-stock-metrics/daily-stock-metrics/output_hk/2026-09-18/hk_list_2026-09-18.csv
2026-09-18 21:08:39  步骤2: 计算 KDJ-J(日/周/月)...
2026-09-18 21:08:39  步骤2: 计算指标...
2026-09-18 21:08:39  观察池: 共105只(含历史追踪5只)
2026-09-18 21:08:39  待处理 105 条，并发数 8
2026-09-18 21:08:42  [  5] 03750 宁德时代  完成  日J=23.94 周J=2.33 月J=14.3 MA20=569.55 MA60=615.175 多头=0 价=507.0 涨=0.0%  PE=24.35(None%) PB=5.37(None%)
2026-09-18 21:08:42  [  7] 09988 阿里巴巴-W  完成  日J=53.18 周J=10.17 月J=19.41 MA20=110.09 MA60=112.54 多头=0 价=109.3 涨=4.0%  PE=25.58(None%) PB=1.73(None%)
2026-09-18 21:08:43  [  4] 00939 建设银行  完成  日J=31.52 周J=94.71 月J=94.98 MA20=9.528 MA60=8.917 多头=1 价=9.59 涨=-0.88%  PE=6.39(None%) PB=0.61(None%)
2026-09-18 21:08:43  [  1] 00700 腾讯控股  完成  日J=12.73 周J=-6.56 月J=-0.07 MA20=437.42 MA60=451.167 多头=0 价=419.0 涨=-1.64%  PE=14.28(None%) PB=2.91(None%)
2026-09-18 21:08:43  [  3] 01398 工商银行  完成  日J=29.89 周J=84.04 月J=89.01 MA20=7.552 MA60=7.211 多头=1 价=7.5 涨=-0.27%  PE=6.31(None%) PB=0.59(None%)
2026-09-18 21:08:43  [  8] 03988 中国银行  完成  日J=45.84 周J=97.9 月J=97.83 MA20=5.865 MA60=5.43 多头=1 价=5.99 涨=-0.08%  PE=6.83(None%) PB=0.61(None%)
2026-09-18 21:08:43  [  6] 01288 农业银行  完成  日J=30.02 周J=75.55 月J=87.25 MA20=6.351 MA60=5.988 多头=1 价=6.3 涨=-0.32%  PE=6.53(None%) PB=0.67(None%)
2026-09-18 21:08:43  [  2] 00005 汇丰控股  完成  日J=14.73 周J=44.3 月J=86.1 MA20=162.865 MA60=159.938 多头=1 价=161.6 涨=1.13%  PE=14.7(None%) PB=2.05(None%)
2026-09-18 21:08:44  [ 11] 03308 中际旭创  完成  日J=74.85 周J=69.0 月J=None MA20=1082.85 MA60=None 多头=None 价=1205.0 涨=4.78%  PE=60.94(None%) PB=29.28(None%)
2026-09-18 21:08:44  [  9] 00857 中国石油股份  完成  日J=-10.26 周J=36.01 月J=28.3 MA20=10.024 MA60=9.691 多头=1 价=9.49 涨=-0.73%  PE=8.67(None%) PB=0.92(None%)
2026-09-18 21:08:44  [ 10] 00941 中国移动  完成  日J=68.24 周J=1.45 月J=26.24 MA20=79.457 MA60=80.285 多头=0 价=79.05 涨=-0.19%  PE=11.41(None%) PB=1.02(None%)
2026-09-18 21:08:45  [ 12] 03968 招商银行  完成  日J=12.42 周J=78.44 月J=82.52 MA20=51.191 MA60=48.82 多头=1 价=51.2 涨=-0.19%  PE=7.5(None%) PB=0.98(None%)
2026-09-18 21:08:45  [ 16] 02899 紫金矿业  完成  日J=12.4 周J=49.56 月J=28.11 MA20=36.213 MA60=33.732 多头=1 价=34.14 涨=0.83%  PE=11.81(None%) PB=3.9(None%)
2026-09-18 21:08:45  [ 14] 01088 中国神华  完成  日J=4.43 周J=73.05 月J=48.77 MA20=45.556 MA60=43.567 多头=1 价=44.46 涨=-0.58%  PE=15.46(None%) PB=1.82(None%)
2026-09-18 21:08:45  [ 13] 00883 中国海洋石油  完成  日J=-8.44 周J=47.95 月J=23.94 MA20=24.896 MA60=23.633 多头=1 价=23.6 涨=-1.17%  PE=7.11(None%) PB=1.14(None%)
2026-09-18 21:08:45  [ 15] 02318 中国平安  完成  日J=13.39 周J=17.82 月J=3.0 MA20=55.445 MA60=55.243 多头=1 价=53.2 涨=0.66%  PE=5.32(None%) PB=0.81(None%)
2026-09-18 21:08:46  [ 19] 00300 美的集团  完成  日J=47.71 周J=79.71 月J=99.6 MA20=99.43 MA60=95.309 多头=1 价=99.3 涨=0.1%  PE=14.98(None%) PB=3.08(None%)
2026-09-18 21:08:46  [ 17] 02628 中国人寿  完成  日J=34.08 周J=71.86 月J=38.38 MA20=29.536 MA60=28.524 多头=1 价=29.38 涨=2.58%  PE=2.96(None%) PB=1.09(None%)
2026-09-18 21:08:47  [ 18] 01299 友邦保险  完成  日J=81.49 周J=69.42 月J=18.36 MA20=76.01 MA60=75.182 多头=1 价=76.75 涨=-0.78%  PE=12.75(None%) PB=2.49(None%)
2026-09-18 21:08:47  [ 22] 01810 小米集团-W  完成  日J=42.04 周J=14.85 月J=29.45 MA20=27.196 MA60=26.671 多头=1 价=26.4 涨=0.99%  PE=18.18(None%) PB=2.19(None%)
2026-09-18 21:08:47  [ 23] 01658 邮储银行  完成  日J=60.4 周J=91.82 月J=88.91 MA20=5.289 MA60=4.984 多头=1 价=5.4 涨=-0.37%  PE=6.35(None%) PB=0.54(None%)
2026-09-18 21:08:47  [ 24] 02359 药明康德  完成  日J=82.9 周J=69.7 月J=89.56 MA20=195.085 MA60=178.443 多头=1 价=200.0 涨=1.01%  PE=24.18(None%) PB=6.18(None%)
2026-09-18 21:08:47  [ 20] 01211 比亚迪股份  完成  日J=57.01 周J=6.67 月J=35.53 MA20=85.27 MA60=86.899 多头=0 价=81.5 涨=0.43%  PE=22.32(None%) PB=2.69(None%)
2026-09-18 21:08:47  [ 21] 03328 交通银行  完成  日J=92.87 周J=109.58 月J=107.24 MA20=7.879 MA60=7.4 多头=1 价=8.14 涨=-0.49%  PE=6.51(None%) PB=0.53(None%)
2026-09-18 21:08:48  [ 25] 09999 网易  完成  日J=47.5 周J=-5.39 月J=28.63 MA20=188.195 MA60=196.865 多头=0 价=183.6 涨=-0.81%  PE=15.93(None%) PB=3.06(None%)
2026-09-18 21:08:49  [ 26] 00981 中芯国际  完成  日J=52.47 周J=18.3 月J=35.23 MA20=66.368 MA60=70.495 多头=0 价=65.15 涨=4.41%  PE=68.68(None%) PB=2.83(None%)
2026-09-18 21:08:49  [ 27] 02388 中银香港  完成  日J=33.95 周J=85.08 月J=92.18 MA20=51.734 MA60=49.417 多头=1 价=52.05 涨=0.19%  PE=13.2(None%) PB=1.53(None%)
2026-09-18 21:08:49  [ 29] 02888 渣打集团  完成  日J=61.42 周J=88.25 月J=97.38 MA20=237.22 MA60=230.517 多头=1 价=245.0 涨=0.66%  PE=12.64(None%) PB=1.48(None%)
2026-09-18 21:08:49  [ 28] 00386 中国石油化工股份  完成  日J=-1.82 周J=64.6 月J=26.84 MA20=4.726 MA60=4.403 多头=1 价=4.51 涨=0.11%  PE=13.44(None%) PB=0.56(None%)
2026-09-18 21:08:49  [ 30] 00388 香港交易所  完成  日J=19.33 周J=8.19 月J=45.2 MA20=405.47 MA60=399.863 多头=1 价=388.0 涨=-0.15%  PE=24.84(None%) PB=8.11(None%)
2026-09-18 21:08:49  [ 31] 00998 中信银行  完成  日J=57.32 周J=102.38 月J=89.49 MA20=8.335 MA60=7.629 多头=1 价=8.38 涨=-0.36%  PE=5.73(None%) PB=0.54(None%)
2026-09-18 21:08:49  [ 32] 00992 联想集团  完成  日J=103.54 周J=90.56 月J=106.19 MA20=31.679 MA60=27.402 多头=1 价=37.58 涨=9.5%  PE=74.72(None%) PB=8.24(None%)
2026-09-18 21:08:50  [ 33] 02475 立讯精密  完成  日J=33.19 周J=47.58 月J=None MA20=60.31 MA60=None 多头=None 价=58.8 涨=3.7%  PE=22.61(None%) PB=4.02(None%)
2026-09-18 21:08:51  [ 34] 03690 美团-W  完成  日J=0.4 周J=-8.51 月J=35.91 MA20=77.265 MA60=82.148 多头=0 价=73.2 涨=0.41%  PE=-10.6(None%) PB=2.32(None%)
2026-09-18 21:08:51  [ 36] 02259 紫金黄金国际  完成  日J=37.46 周J=102.17 月J=29.67 MA20=158.505 MA60=130.393 多头=1 价=159.1 涨=2.65%  PE=21.56(None%) PB=5.81(None%)
2026-09-18 21:08:51  [ 35] 09633 农夫山泉  完成  日J=2.2 周J=0.05 月J=-3.48 MA20=41.286 MA60=41.806 多头=0 价=38.6 涨=-0.92%  PE=22.33(None%) PB=10.15(None%)
2026-09-18 21:08:51  [ 39] 02513 智谱  完成  日J=29.82 周J=7.89 月J=13.33 MA20=956.025 MA60=1214.892 多头=0 价=780.0 涨=5.41%  PE=-75.94(None%) PB=68.38(None%)
2026-09-18 21:08:51  [ 37] 00728 中国电信  完成  日J=9.74 周J=4.01 月J=18.07 MA20=4.682 MA60=4.622 多头=1 价=4.43 涨=-1.33%  PE=11.92(None%) PB=0.75(None%)
2026-09-18 21:08:51  [ 38] 06030 中信证券  完成  日J=18.93 周J=10.35 月J=27.63 MA20=26.116 MA60=26.863 多头=0 价=24.78 涨=2.23%  PE=8.59(None%) PB=1.08(None%)
2026-09-18 21:08:51  [ 40] 00267 中信股份  完成  日J=5.1 周J=88.28 月J=69.73 MA20=13.262 MA60=12.226 多头=1 价=13.04 涨=1.32%  PE=5.45(None%) PB=0.41(None%)
2026-09-18 21:08:52  [ 42] 03986 兆易创新  完成  日J=85.38 周J=34.29 月J=13.19 MA20=474.31 MA60=579.133 多头=0 价=512.0 涨=9.73%  PE=39.66(None%) PB=8.37(None%)
2026-09-18 21:08:52  [ 41] 02328 中国财险  完成  日J=13.05 周J=81.96 月J=80.93 MA20=16.834 MA60=15.726 多头=1 价=16.74 涨=-0.59%  PE=6.76(None%) PB=1.06(None%)
2026-09-18 21:08:52  [ 43] 06809 澜起科技  完成  日J=88.29 周J=26.32 月J=31.91 MA20=267.8 MA60=297.197 多头=0 价=283.0 涨=5.75%  PE=98.58(None%) PB=13.96(None%)
2026-09-18 21:08:53  [ 45] 06160 百济神州  完成  日J=75.13 周J=47.29 月J=74.58 MA20=215.77 MA60=203.147 多头=1 价=212.6 涨=0.76%  PE=63.99(None%) PB=8.08(None%)
2026-09-18 21:08:53  [ 44] 03993 洛阳钼业  完成  日J=13.27 周J=18.67 月J=-0.78 MA20=16.644 MA60=16.601 多头=1 价=15.69 涨=1.1%  PE=10.62(None%) PB=3.25(None%)
2026-09-18 21:08:53  [ 47] 01276 恒瑞医药  完成  日J=76.17 周J=6.63 月J=-1.84 MA20=45.951 MA60=53.24 多头=0 价=46.26 涨=4.14%  PE=34.9(None%) PB=4.14(None%)
2026-09-18 21:08:53  [ 48] 06951 三环集团  完成  日J=94.04 周J=100.91 月J=None MA20=116.82 MA60=None 多头=None 价=139.2 涨=11.72%  PE=73.79(None%) PB=10.23(None%)
2026-09-18 21:08:53  [ 46] 00016 新鸿基地产  完成  日J=4.59 周J=5.83 月J=16.42 MA20=116.385 MA60=118.065 多头=0 价=107.7 涨=-0.46%  PE=14.57(None%) PB=0.49(None%)
2026-09-18 21:08:54  [ 51] 02611 国泰海通  完成  日J=84.57 周J=61.43 月J=41.93 MA20=15.17 MA60=14.905 多头=1 价=15.34 涨=2.13%  PE=7.32(None%) PB=0.71(None%)
2026-09-18 21:08:54  [ 50] 02338 潍柴动力  完成  日J=40.77 周J=30.75 月J=41.81 MA20=31.583 MA60=33.133 多头=0 价=31.7 涨=1.8%  PE=18.53(None%) PB=2.48(None%)
2026-09-18 21:08:54  [ 49] 02601 中国太保  完成  日J=-0.22 周J=34.34 月J=5.25 MA20=29.745 MA60=29.177 多头=1 价=28.48 涨=0.14%  PE=4.27(None%) PB=0.75(None%)
2026-09-18 21:08:55  [ 52] 00001 长和  完成  日J=21.48 周J=7.76 月J=74.82 MA20=69.26 MA60=69.928 多头=0 价=67.9 涨=0.52%  PE=6.88(None%) PB=0.45(None%)
2026-09-18 21:08:55  [ 53] 01339 中国人民保险集团  完成  日J=1.56 周J=66.25 月J=30.47 MA20=5.788 MA60=5.356 多头=1 价=5.78 涨=-2.12%  PE=3.93(None%) PB=0.65(None%)
2026-09-18 21:08:55  [ 54] 02378 保诚  完成  日J=10.41 周J=-5.13 月J=13.08 MA20=106.5 MA60=108.852 多头=0 价=102.2 涨=-1.06%  PE=8.97(None%) PB=1.65(None%)
2026-09-18 21:08:55  [ 55] 01919 中远海控  完成  日J=73.5 周J=54.58 月J=78.45 MA20=16.895 MA60=15.677 多头=1 价=16.58 涨=-1.25%  PE=8.34(None%) PB=0.94(None%)
2026-09-18 21:08:55  [ 56] 09888 百度集团-W  完成  日J=10.08 周J=4.34 月J=-10.25 MA20=91.185 MA60=100.992 多头=0 价=87.2 涨=-0.17%  PE=-65.01(None%) PB=0.76(None%)
2026-09-18 21:08:56  [ 58] 01347 华虹宏力  完成  日J=75.69 周J=5.54 月J=21.27 MA20=114.16 MA60=140.465 多头=0 价=115.5 涨=4.81%  PE=277.62(None%) PB=3.59(None%)
2026-09-18 21:08:57  [ 57] 00669 创科实业  完成  日J=40.28 周J=2.6 月J=73.28 MA20=132.585 MA60=133.327 多头=0 价=128.4 涨=-0.08%  PE=23.04(None%) PB=4.02(None%)
2026-09-18 21:08:57  [ 59] 01378 中国宏桥  完成  日J=13.21 周J=33.75 月J=-6.83 MA20=22.986 MA60=22.727 多头=1 价=22.12 涨=1.28%  PE=6.93(None%) PB=1.42(None%)
2026-09-18 21:08:57  [ 60] 02714 牧原股份  完成  日J=-0.18 周J=83.6 月J=34.8 MA20=36.798 MA60=34.102 多头=1 价=37.2 涨=-0.85%  PE=-153.57(None%) PB=2.36(None%)
2026-09-18 21:08:57  [ 61] 02269 药明生物  完成  日J=90.02 周J=69.25 月J=85.98 MA20=49.501 MA60=43.491 多头=1 价=50.35 涨=0.5%  PE=36.85(None%) PB=3.77(None%)
2026-09-18 21:08:57  [ 62] 03692 翰森制药  完成  日J=41.55 周J=53.28 月J=30.71 MA20=34.456 MA60=33.133 多头=1 价=34.3 涨=-0.12%  PE=27.31(None%) PB=4.78(None%)
2026-09-18 21:08:57  [ 63] 09992 泡泡玛特  完成  日J=55.85 周J=48.25 月J=4.44 MA20=154.49 MA60=156.258 多头=0 价=155.1 涨=1.24%  PE=13.84(None%) PB=7.78(None%)
2026-09-18 21:08:58  [ 64] 00066 港铁公司  完成  日J=37.27 周J=67.22 月J=29.65 MA20=32.756 MA60=32.403 多头=1 价=32.98 涨=1.85%  PE=8.99(None%) PB=1.0(None%)
2026-09-18 21:08:58  [ 67] 02476 胜宏科技  完成  日J=28.6 周J=36.36 月J=-1.05 MA20=210.59 MA60=230.383 多头=0 价=199.4 涨=3.32%  PE=34.3(None%) PB=4.49(None%)
2026-09-18 21:08:59  [ 65] 01109 华润置地  完成  日J=20.89 周J=1.53 月J=6.48 MA20=30.648 MA60=32.277 多头=0 价=28.64 涨=0.49%  PE=7.72(None%) PB=0.61(None%)
2026-09-18 21:08:59  [ 66] 02020 安踏体育  完成  日J=2.98 周J=-0.61 月J=35.73 MA20=74.785 MA60=74.518 多头=1 价=71.7 涨=-0.42%  PE=10.98(None%) PB=2.43(None%)
2026-09-18 21:08:59  [ 69] 06690 海尔智家  完成  日J=8.72 周J=8.03 月J=14.15 MA20=21.111 MA60=21.05 多头=1 价=20.58 涨=0.0%  PE=9.42(None%) PB=1.4(None%)
2026-09-18 21:08:59  [ 68] 00002 中电控股  完成  日J=34.03 周J=46.81 月J=85.06 MA20=77.977 MA60=77.282 多头=1 价=77.45 涨=0.39%  PE=18.05(None%) PB=1.77(None%)
2026-09-18 21:08:59  [ 70] 00762 中国联通  完成  日J=16.55 周J=20.86 月J=5.37 MA20=5.737 MA60=6.171 多头=0 价=5.73 涨=-2.13%  PE=9.71(None%) PB=0.41(None%)
2026-09-18 21:08:59  [ 71] 00175 吉利汽车  完成  日J=19.9 周J=-5.13 月J=5.65 MA20=17.113 MA60=18.079 多头=0 价=15.94 涨=-0.38%  PE=9.06(None%) PB=1.58(None%)
2026-09-18 21:08:59  [ 72] 01801 信达生物  完成  日J=51.71 周J=38.74 月J=69.63 MA20=100.15 MA60=93.865 多头=1 价=96.6 涨=0.47%  PE=117.98(None%) PB=7.03(None%)
2026-09-18 21:09:00  [ 73] 06031 三一重工  完成  日J=1.1 周J=25.41 月J=2.39 MA20=19.28 MA60=19.486 多头=0 价=18.15 涨=0.11%  PE=16.45(None%) PB=1.57(None%)
2026-09-18 21:09:01  [ 74] 01038 长江基建集团  完成  日J=48.0 周J=86.03 月J=80.57 MA20=65.383 MA60=63.008 多头=1 价=65.4 涨=1.16%  PE=6.55(None%) PB=1.11(None%)
2026-09-18 21:09:01  [ 78] 03288 海天味业  完成  日J=14.14 周J=-11.14 月J=-3.06 MA20=28.422 MA60=30.558 多头=0 价=26.8 涨=0.75%  PE=18.83(None%) PB=3.48(None%)
2026-09-18 21:09:01  [ 75] 06818 中国光大银行  完成  日J=10.2 周J=0.1 月J=-1.62 MA20=2.878 MA60=2.99 多头=0 价=2.77 涨=-0.89%  PE=4.36(None%) PB=0.28(None%)
2026-09-18 21:09:01  [ 77] 00788 中国铁塔  完成  日J=32.1 周J=-5.03 月J=4.41 MA20=9.128 MA60=9.331 多头=0 价=9.03 涨=-0.17%  PE=10.47(None%) PB=0.67(None%)
2026-09-18 21:09:01  [ 79] 09973 奇瑞汽车  完成  日J=93.92 周J=59.73 月J=24.4 MA20=25.58 MA60=25.571 多头=1 价=26.36 涨=3.94%  PE=7.55(None%) PB=2.46(None%)
2026-09-18 21:09:01  [ 76] 01113 长实集团  完成  日J=9.8 周J=57.78 月J=43.5 MA20=46.671 MA60=46.56 多头=1 价=46.18 涨=0.0%  PE=12.22(None%) PB=0.4(None%)
2026-09-18 21:09:02  [ 80] 06886 华泰证券  完成  日J=12.82 周J=46.61 月J=30.16 MA20=17.322 MA60=16.972 多头=1 价=16.86 涨=0.9%  PE=6.53(None%) PB=0.74(None%)
2026-09-18 21:09:02  [ 81] 06936 顺丰控股  完成  日J=18.99 周J=-1.48 月J=18.54 MA20=30.759 MA60=31.752 多头=0 价=28.98 涨=-0.21%  PE=12.32(None%) PB=1.29(None%)
2026-09-18 21:09:03  [ 82] 06869 长飞光纤光缆  完成  日J=54.92 周J=105.39 月J=39.93 MA20=171.23 MA60=153.071 多头=1 价=183.1 涨=-0.7%  PE=38.44(None%) PB=8.05(None%)
2026-09-18 21:09:03  [ 84] 01988 民生银行  完成  日J=32.63 周J=46.55 月J=31.41 MA20=3.513 MA60=3.45 多头=1 价=3.43 涨=-4.06%  PE=4.57(None%) PB=0.22(None%)
2026-09-18 21:09:03  [ 86] 02423 贝壳-W  完成  日J=18.49 周J=31.44 月J=57.81 MA20=45.447 MA60=43.57 多头=1 价=43.08 涨=2.09%  PE=27.33(None%) PB=1.98(None%)
2026-09-18 21:09:03  [ 83] 01816 中广核电力  完成  日J=-4.94 周J=86.73 月J=19.37 MA20=3.019 MA60=2.878 多头=1 价=2.98 涨=-0.34%  PE=13.27(None%) PB=1.06(None%)
2026-09-18 21:09:03  [ 85] 01888 建滔积层板  完成  日J=29.24 周J=83.61 月J=21.67 MA20=45.161 MA60=48.022 多头=0 价=47.1 涨=1.03%  PE=33.77(None%) PB=8.09(None%)
2026-09-18 21:09:03  [ 87] 01336 新华保险  完成  日J=21.0 周J=56.77 月J=4.39 MA20=47.749 MA60=47.361 多头=1 价=47.22 涨=1.24%  PE=2.94(None%) PB=1.04(None%)
2026-09-18 21:09:04  [ 88] 01766 中国中车  完成  日J=11.61 周J=78.89 月J=40.05 MA20=5.279 MA60=5.013 多头=1 价=5.13 涨=1.08%  PE=9.29(None%) PB=0.72(None%)
2026-09-18 21:09:04  [ 89] 03606 福耀玻璃  完成  日J=28.9 周J=29.24 月J=33.72 MA20=55.485 MA60=54.997 多头=1 价=55.1 涨=-0.18%  PE=14.96(None%) PB=3.27(None%)
2026-09-18 21:09:05  [ 90] 00027 银河娱乐  完成  日J=39.43 周J=30.52 月J=21.25 MA20=33.507 MA60=32.872 多头=1 价=32.62 涨=-0.24%  PE=13.33(None%) PB=1.69(None%)
2026-09-18 21:09:05  [ 91] 01972 太古地产  完成  日J=43.31 周J=72.94 月J=51.31 MA20=24.439 MA60=23.306 多头=1 价=24.32 涨=1.67%  PE=42.43(None%) PB=0.52(None%)
2026-09-18 21:09:05  [ 92] 02600 中国铝业  完成  日J=6.02 周J=50.25 月J=-8.6 MA20=8.519 MA60=8.245 多头=1 价=8.12 涨=1.37%  PE=6.98(None%) PB=1.43(None%)
2026-09-18 21:09:05  [ 93] 01898 中煤能源  完成  日J=0.32 周J=35.86 月J=6.12 MA20=11.388 MA60=10.854 多头=1 价=10.49 涨=-1.69%  PE=7.97(None%) PB=0.73(None%)
2026-09-18 21:09:05  [ 94] 01776 广发证券  完成  日J=30.95 周J=48.54 月J=65.25 MA20=17.98 MA60=17.404 多头=1 价=17.54 涨=3.73%  PE=6.39(None%) PB=0.86(None%)
2026-09-18 21:09:05  [ 95] 00688 中国海外发展  完成  日J=21.59 周J=13.84 月J=11.82 MA20=12.941 MA60=13.124 多头=0 价=12.2 涨=2.01%  PE=10.5(None%) PB=0.3(None%)
2026-09-18 21:09:06  [ 96] 01024 快手-W  完成  日J=27.61 周J=0.35 月J=-8.18 MA20=32.414 MA60=39.112 多头=0 价=30.74 涨=2.67%  PE=7.47(None%) PB=1.4(None%)
2026-09-18 21:09:06  [ 97] 00003 香港中华煤气  完成  日J=22.55 周J=50.45 月J=47.19 MA20=7.213 MA60=6.954 多头=1 价=7.09 涨=1.36%  PE=20.79(None%) PB=2.2(None%)
2026-09-18 21:09:07  [101] 01377 鼎泰高科  完成  日J=7.64 周J=16.09 月J=None MA20=324.62 MA60=None 多头=None 价=291.0 涨=5.05%  PE=None(None%) PB=None(None%)
2026-09-18 21:09:07  [ 99] 06099 招商证券  完成  日J=35.73 周J=32.81 月J=44.54 MA20=15.195 MA60=15.477 多头=0 价=14.82 涨=2.77%  PE=6.37(None%) PB=0.89(None%)
2026-09-18 21:09:07  [ 98] 01308 海丰国际  完成  日J=109.94 周J=82.68 月J=95.47 MA20=46.318 MA60=40.605 多头=1 价=48.16 涨=0.5%  PE=13.22(None%) PB=5.88(None%)
2026-09-18 21:09:07  [100] 00006 电能实业  完成  日J=20.24 周J=63.24 月J=39.52 MA20=60.405 MA60=59.156 多头=1 价=59.85 涨=-0.17%  PE=7.13(None%) PB=1.24(None%)
2026-09-18 21:09:07  [102] 00012 恒基地产  完成  日J=43.44 周J=10.4 月J=-0.4 MA20=27.089 MA60=27.048 多头=1 价=25.96 涨=0.93%  PE=None(None%) PB=None(None%)
2026-09-18 21:09:08  [104] 06613 蓝思科技  完成  日J=5.94 周J=38.65 月J=38.26 MA20=23.294 MA60=22.829 多头=1 价=21.22 涨=0.19%  PE=None(None%) PB=None(None%)
2026-09-18 21:09:08  [103] 01171 兖矿能源  完成  日J=-5.97 周J=56.21 月J=26.25 MA20=13.108 MA60=12.192 多头=1 价=12.02 涨=-2.67%  PE=None(None%) PB=None(None%)
2026-09-18 21:09:08  [105] 00358 江西铜业股份  完成  日J=7.11 周J=39.99 月J=9.99 MA20=36.582 MA60=34.965 多头=1 价=34.0 涨=1.92%  PE=None(None%) PB=None(None%)
2026-09-18 21:09:08  全部完成，结果已写入 /home/runner/work/daily-stock-metrics/daily-stock-metrics/output_hk/2026-09-18/metrics_2026-09-18.csv
2026-09-18 21:09:08  步骤2完成 -> /home/runner/work/daily-stock-metrics/daily-stock-metrics/output_hk/2026-09-18/metrics_2026-09-18.csv
2026-09-18 21:09:08  步骤3: 生成 HTML 总结报告...
2026-09-18 21:09:09  步骤3完成 -> /home/runner/work/daily-stock-metrics/daily-stock-metrics/output_hk/2026-09-18/report_2026-09-18.html
2026-09-18 21:09:09  步骤4: 发送邮件报告...
2026-09-18 21:09:13  步骤4完成: 邮件已发送
2026-09-18 21:09:13  ===== 全部完成 2026-09-18 =====
2026-09-18 21:30:26  今日(2026-09-18)已完成，跳过。结果目录: /home/runner/work/daily-stock-metrics/daily-stock-metrics/output_hk/2026-09-18
2026-09-18 21:45:56  今日(2026-09-18)已完成，跳过。结果目录: /home/runner/work/daily-stock-metrics/daily-stock-metrics/output_hk/2026-09-18
2026-09-18 22:46:54  今日(2026-09-18)已完成，跳过。结果目录: /home/runner/work/daily-stock-metrics/daily-stock-metrics/output_hk/2026-09-18
