2026-08-04 12:35:38  ===== 开始每日指标任务 2026-08-04 =====
2026-08-04 12:35:38  步骤1: 获取 A股市值前100…
2026-08-04 12:35:38  步骤1完成 -> C:\Users\hailo\Desktop\每周自动指标\output\2026-08-04\top100_2026-08-04.csv
2026-08-04 12:35:38  步骤2: 计算 KDJ-J(日/周/月) 及 PE/PB 历史分位…
2026-08-04 12:35:41  [  1] 688825 长鑫科技  完成  日J=77.31 周J=None 月J=None 价=54.7 涨=-0.53%  PE=130.44(100.0%) PB=45.0(100.0%)
2026-08-04 12:35:42  [  2] 601398 工商银行  完成  日J=26.16 周J=78.93 月J=70.08 价=7.65 涨=-3.89%  PE=7.64(94.76%) PB=0.72(66.86%)
2026-08-04 12:35:44  [  3] 601939 建设银行  完成  日J=10.72 周J=72.07 月J=79.44 价=10.13 涨=-3.06%  PE=8.0(97.07%) PB=0.77(71.37%)
2026-08-04 12:35:45  [  4] 601288 农业银行  完成  日J=30.52 周J=85.23 月J=27.97 价=6.63 涨=-3.77%  PE=8.19(93.61%) PB=0.85(86.65%)
2026-08-04 12:35:47  [  5] 600941 中国移动  完成  日J=59.46 周J=94.81 月J=55.61 价=96.41 涨=-2.59%  PE=15.8(49.01%) PB=1.51(37.55%)
2026-08-04 12:35:48  [  6] 601857 中国石油  完成  日J=51.98 周J=111.44 月J=32.38 价=10.84 涨=-1.9%  PE=12.78(56.2%) PB=1.24(91.59%)
2026-08-04 12:35:50  [  7] 601988 中国银行  完成  日J=15.67 周J=70.65 月J=78.0 价=5.82 涨=-3.48%  PE=7.92(98.7%) PB=0.71(83.72%)
2026-08-04 12:35:52  [  8] 300750 宁德时代  完成  日J=81.52 周J=75.53 月J=41.51 价=396.9 涨=0.63%  PE=21.47(16.29%) PB=4.81(31.26%)
2026-08-04 12:35:53  [  9] 600519 贵州茅台  完成  日J=76.17 周J=110.44 月J=46.39 价=1332.98 涨=-1.91%  PE=20.54(11.48%) PB=6.27(2.79%)
2026-08-04 12:35:54  [ 10] 600938 中国海油  完成  日J=40.2 周J=68.56 月J=15.79 价=31.71 涨=-0.44%  PE=12.14(89.61%) PB=1.81(73.72%)
2026-08-04 12:35:56  [ 11] 300308 中际旭创  完成  日J=55.09 周J=10.36 月J=48.13 价=999.8 涨=10.78%  PE=70.62(76.51%) PB=29.66(97.36%)
2026-08-04 12:36:02  [ 12] 601138 工业富联  完成  日J=48.12 周J=7.86 月J=25.48 价=58.91 涨=5.38%  PE=27.29(87.77%) PB=6.29(89.03%)
2026-08-04 12:36:03  [ 13] 601628 中国人寿  完成  日J=-7.08 周J=79.2 月J=24.34 价=38.18 涨=-0.86%  PE=7.52(5.76%) PB=1.82(21.66%)
2026-08-04 12:36:05  [ 14] 688981 中芯国际  完成  日J=0.28 周J=-5.54 月J=39.46 价=119.44 涨=2.52%  PE=197.67(84.46%) PB=6.66(90.66%)
2026-08-04 12:36:09  [ 15] 600036 招商银行  完成  日J=59.01 周J=102.85 月J=69.79 价=39.51 涨=-2.11%  PE=6.75(30.16%) PB=0.9(15.37%)
2026-08-04 12:36:11  [ 16] 601318 中国平安  完成  日J=55.14 周J=103.63 月J=13.48 价=54.24 涨=-2.36%  PE=7.58(11.58%) PB=0.99(26.99%)
2026-08-04 12:36:12  [ 17] 601088 中国神华  完成  日J=-7.58 周J=58.49 月J=36.24 价=42.88 涨=-1.94%  PE=18.39(96.54%) PB=1.97(88.09%)
2026-08-04 12:36:14  [ 18] 601899 紫金矿业  完成  日J=43.14 周J=103.71 月J=20.96 价=32.05 涨=-1.54%  PE=14.03(13.45%) PB=4.39(82.61%)
2026-08-04 12:36:16  [ 19] 002594 比亚迪  完成  日J=41.12 周J=97.28 月J=44.71 价=91.38 涨=-3.25%  PE=31.26(30.84%) PB=3.71(32.23%)
2026-08-04 12:36:17  [ 20] 600900 长江电力  完成  日J=10.34 周J=84.81 月J=89.45 价=28.29 涨=-2.62%  PE=19.7(56.87%) PB=3.12(80.98%)
2026-08-04 12:36:18  [ 21] 688256 寒武纪  完成  日J=6.1 周J=-11.59 月J=43.41 价=1048.2 涨=1.96%  PE=237.72(80.41%) PB=50.18(87.85%)
2026-08-04 12:36:20  [ 22] 000333 美的集团  完成  日J=20.83 周J=87.43 月J=82.16 价=84.74 涨=-1.35%  PE=14.82(53.75%) PB=2.82(43.76%)
2026-08-04 12:36:21  [ 23] 688041 海光信息  完成  日J=6.57 周J=1.2 月J=38.58 价=270.8 涨=3.75%  PE=222.54(83.26%) PB=25.82(88.88%)
2026-08-04 12:36:23  [ 24] 601328 交通银行  完成  日J=50.3 周J=97.18 月J=74.85 价=7.06 涨=-2.62%  PE=6.64(91.31%) PB=0.55(57.01%)
2026-08-04 12:36:25  [ 25] 600028 中国石化  完成  日J=43.45 周J=108.48 月J=6.02 价=5.14 涨=-2.65%  PE=17.96(86.46%) PB=0.77(37.51%)
2026-08-04 12:36:26  [ 26] 300502 新易盛  完成  日J=42.84 周J=13.16 月J=48.84 价=440.88 涨=11.88%  PE=51.16(50.72%) PB=26.96(95.0%)
2026-08-04 12:36:27  [ 27] 601658 邮储银行  完成  日J=20.39 周J=88.68 月J=42.29 价=5.03 涨=-2.14%  PE=7.02(70.27%) PB=0.6(15.21%)
2026-08-04 12:36:29  [ 28] 601728 中国电信  完成  日J=64.53 周J=100.28 月J=56.73 价=6.32 涨=-2.32%  PE=18.69(74.79%) PB=1.26(67.53%)
2026-08-04 12:36:30  [ 29] 002371 北方华创  完成  日J=7.77 周J=12.07 月J=45.57 价=662.99 涨=3.38%  PE=83.46(42.36%) PB=11.84(78.91%)
2026-08-04 12:36:32  [ 30] 601998 中信银行  完成  日J=69.28 周J=101.83 月J=52.64 价=7.74 涨=-2.03%  PE=6.17(74.02%) PB=0.59(64.36%)
2026-08-04 12:36:33  [ 31] 002475 立讯精密  完成  日J=3.27 周J=-0.07 月J=28.58 价=55.17 涨=2.72%  PE=24.1(26.37%) PB=4.7(31.8%)
2026-08-04 12:36:35  [ 32] 603259 药明康德  完成  日J=98.61 周J=102.67 月J=101.9 价=141.35 涨=10.0%  PE=19.05(20.94%) PB=4.6(34.38%)
2026-08-04 12:36:36  [ 33] 600030 中信证券  完成  日J=35.63 周J=67.44 月J=84.25 价=28.1 涨=-0.6%  PE=12.44(6.29%) PB=1.44(41.98%)
2026-08-04 12:36:38  [ 34] 603993 洛阳钼业  完成  日J=26.82 周J=58.27 月J=12.26 价=19.17 涨=-0.05%  PE=16.99(24.74%) PB=4.62(92.99%)
2026-08-04 12:36:40  [ 35] 688235 百济神州  完成  日J=15.65 周J=76.02 月J=46.75 价=262.5 涨=5.15%  PE=121.66(93.14%) PB=11.65(73.53%)
2026-08-04 12:36:41  [ 36] 688347 华虹宏力  完成  日J=-0.98 周J=-0.5 月J=42.54 价=231.26 涨=5.36%  PE=773.05(77.35%) PB=8.43(93.78%)
2026-08-04 12:36:42  [ 37] 601166 兴业银行  完成  日J=67.12 周J=99.64 月J=54.33 价=18.61 涨=-2.57%  PE=5.22(47.21%) PB=0.49(15.61%)
2026-08-04 12:36:44  [ 38] 600276 恒瑞医药  完成  日J=24.85 周J=76.6 月J=36.41 价=53.5 涨=0.94%  PE=43.33(4.51%) PB=5.53(3.03%)
2026-08-04 12:36:46  [ 39] 002415 海康威视  完成  日J=83.33 周J=106.09 月J=101.33 价=38.35 涨=1.05%  PE=21.16(22.57%) PB=4.12(29.2%)
2026-08-04 12:36:47  [ 40] 002384 东山精密  完成  日J=16.58 周J=-8.62 月J=48.85 价=179.09 涨=10.0%  PE=146.17(95.29%) PB=13.17(96.69%)
2026-08-04 12:36:49  [ 41] 601319 中国人保  完成  日J=16.58 周J=93.66 月J=11.95 价=7.21 涨=-1.77%  PE=7.62(10.75%) PB=1.02(27.81%)
2026-08-04 12:36:50  [ 42] 300059 东方财富  完成  日J=68.03 周J=63.88 月J=31.74 价=20.03 涨=0.1%  PE=24.15(6.58%) PB=3.31(13.02%)
2026-08-04 12:36:52  [ 43] 601211 国泰海通  完成  日J=-12.33 周J=53.54 月J=45.73 价=17.93 涨=-2.02%  PE=14.69(60.33%) PB=0.99(33.57%)
2026-08-04 12:36:53  [ 44] 600000 浦发银行  完成  日J=66.54 周J=98.26 月J=27.85 价=9.37 涨=-2.7%  PE=6.38(77.23%) PB=0.43(33.05%)
2026-08-04 12:36:55  [ 45] 601601 中国太保  完成  日J=54.62 周J=106.65 月J=10.47 价=32.01 涨=-2.94%  PE=5.88(2.31%) PB=0.99(14.55%)
2026-08-04 12:36:56  [ 46] 688012 中微公司  完成  日J=-5.91 周J=15.11 月J=47.65 价=313.85 涨=1.29%  PE=108.76(62.43%) PB=12.21(73.56%)
2026-08-04 12:36:58  [ 47] 000858 五 粮 液  完成  日J=78.55 周J=95.48 月J=19.12 价=77.07 涨=-1.27%  PE=24.05(36.26%) PB=2.37(1.54%)
2026-08-04 12:36:59  [ 48] 688802 沐曦股份-U  完成  日J=5.55 周J=2.06 月J=54.38 价=691.3 涨=3.95%  PE=-405.73(41.06%) PB=20.31(45.7%)
2026-08-04 12:37:00  [ 49] 600183 生益科技  完成  日J=32.7 周J=-9.34 月J=38.01 价=112.23 涨=10.0%  PE=63.09(96.93%) PB=13.82(97.65%)
2026-08-04 12:37:02  [ 50] 688795 摩尔线程-U  完成  日J=45.66 周J=7.37 月J=22.33 价=574.98 涨=2.13%  PE=-308.08(41.51%) PB=22.97(13.21%)
2026-08-04 12:37:03  [ 51] 600150 中国船舶  完成  日J=96.29 周J=47.24 月J=34.56 价=34.68 涨=-1.2%  PE=23.36(26.8%) PB=1.77(25.36%)
2026-08-04 12:37:05  [ 52] 601816 京沪高铁  完成  日J=76.64 周J=112.1 月J=93.28 价=5.16 涨=-1.15%  PE=19.13(8.58%) PB=1.21(15.58%)
2026-08-04 12:37:07  [ 53] 000338 潍柴动力  完成  日J=94.51 周J=51.87 月J=60.62 价=29.07 涨=2.07%  PE=21.77(95.49%) PB=2.58(88.38%)
2026-08-04 12:37:09  [ 54] 603986 兆易创新  完成  日J=6.59 周J=-19.04 月J=20.92 价=351.51 涨=3.16%  PE=83.18(43.56%) PB=9.46(63.5%)
2026-08-04 12:37:10  [ 55] 688008 澜起科技  完成  日J=10.27 周J=-1.71 月J=40.03 价=199.4 涨=4.98%  PE=90.64(64.71%) PB=11.12(71.63%)
2026-08-04 12:37:12  [ 56] 002379 宏桥控股  完成  日J=10.61 周J=85.2 月J=7.52 价=18.66 涨=-0.16%  PE=12.36(72.48%) PB=4.66(83.05%)
2026-08-04 12:37:13  [ 57] 300408 三环集团  完成  日J=95.18 周J=13.54 月J=56.57 价=119.55 涨=4.87%  PE=78.78(98.37%) PB=10.12(98.37%)
2026-08-04 12:37:14  [ 58] 601919 中远海控  完成  日J=66.02 周J=111.62 月J=62.0 价=15.42 涨=-1.91%  PE=9.58(59.17%) PB=1.02(35.59%)
2026-08-04 12:37:16  [ 59] 688820 盛合晶微  完成  日J=18.37 周J=-9.53 月J=20.07 价=125.2 涨=7.54%  PE=220.04(14.08%) PB=15.0(14.08%)
2026-08-04 12:37:17  [ 60] 601869 长飞光纤  完成  日J=14.05 周J=-15.74 月J=32.57 价=279.5 涨=6.56%  PE=187.66(93.69%) PB=15.26(95.48%)
2026-08-04 12:37:19  [ 61] 601225 陕西煤业  完成  日J=6.13 周J=65.71 月J=50.67 价=23.8 涨=-1.57%  PE=14.5(96.88%) PB=2.3(79.97%)
2026-08-04 12:37:20  [ 62] 600309 万华化学  完成  日J=39.57 周J=87.35 月J=17.79 价=73.62 涨=-2.23%  PE=17.91(64.22%) PB=2.12(9.89%)
2026-08-04 12:37:22  [ 63] 000651 格力电器  完成  日J=9.22 周J=90.45 月J=85.23 价=40.38 涨=-1.42%  PE=7.86(32.47%) PB=1.51(5.86%)
2026-08-04 12:37:23  [ 64] 002916 深南电路  完成  日J=54.67 周J=-0.83 月J=44.73 价=331.25 涨=9.57%  PE=56.66(86.74%) PB=11.38(86.31%)
2026-08-04 12:37:25  [ 65] 300394 天孚通信  完成  日J=64.95 周J=5.82 月J=26.7 价=205.85 涨=14.04%  PE=90.66(91.31%) PB=32.93(93.32%)
2026-08-04 12:37:26  [ 66] 000001 平安银行  完成  日J=82.31 周J=107.7 月J=94.46 价=11.46 涨=-1.38%  PE=5.24(35.06%) PB=0.49(12.1%)
2026-08-04 12:37:29  [ 67] 300274 阳光电源  完成  日J=11.84 周J=-0.95 月J=-6.24 价=105.82 涨=2.01%  PE=18.03(31.84%) PB=4.42(40.87%)
2026-08-04 12:37:30  [ 68] 002714 牧原股份  完成  日J=3.54 周J=85.2 月J=25.44 价=38.0 涨=-2.39%  PE=22.98(67.92%) PB=2.61(1.92%)
2026-08-04 12:37:32  [ 69] 603288 海天味业  完成  日J=57.5 周J=100.87 月J=63.24 价=37.34 涨=-1.79%  PE=30.56(3.12%) PB=5.29(4.56%)
2026-08-04 12:37:33  [ 70] 002463 沪电股份  完成  日J=52.59 周J=2.15 月J=46.27 价=110.43 涨=8.68%  PE=45.45(93.28%) PB=11.65(96.64%)
2026-08-04 12:37:35  [ 71] 600690 海尔智家  完成  日J=56.94 周J=101.6 月J=32.63 价=22.62 涨=-1.31%  PE=11.48(7.83%) PB=1.72(3.99%)
2026-08-04 12:37:36  [ 72] 600919 江苏银行  完成  日J=38.58 周J=86.18 月J=95.11 价=11.44 涨=-2.14%  PE=6.08(81.41%) PB=0.81(89.24%)
2026-08-04 12:37:38  [ 73] 002142 宁波银行  完成  日J=32.98 周J=84.48 月J=74.95 价=31.53 涨=-2.35%  PE=7.08(32.76%) PB=0.92(28.96%)
2026-08-04 12:37:39  [ 74] 000725 京东方Ａ  完成  日J=27.1 周J=-11.21 月J=35.45 价=5.56 涨=2.58%  PE=33.74(52.69%) PB=1.48(60.9%)
2026-08-04 12:37:41  [ 75] 003816 中国广核  完成  日J=42.47 周J=53.91 月J=26.76 价=4.07 涨=-2.16%  PE=22.15(91.67%) PB=1.67(71.39%)
2026-08-04 12:37:43  [ 76] 002938 鹏鼎控股  完成  日J=46.79 周J=2.78 月J=53.16 价=87.84 涨=8.57%  PE=50.51(97.06%) PB=5.41(85.47%)
2026-08-04 12:37:45  [ 77] 600406 国电南瑞  完成  日J=92.72 周J=106.28 月J=25.28 价=25.01 涨=-0.24%  PE=24.2(35.78%) PB=3.76(44.24%)
2026-08-04 12:37:46  [ 78] 601066 中信建投  完成  日J=16.54 周J=12.26 月J=54.04 价=25.68 涨=0.47%  PE=17.6(6.6%) PB=2.3(18.47%)
2026-08-04 12:37:48  [ 79] 300476 胜宏科技  完成  日J=24.39 周J=-1.88 月J=-2.78 价=200.6 涨=5.97%  PE=39.75(75.12%) PB=10.69(87.27%)
2026-08-04 12:37:49  [ 80] 688808 联讯仪器  完成  日J=44.35 周J=10.79 月J=46.49 价=1920.0 涨=18.23%  PE=610.23(29.41%) PB=162.49(29.41%)
2026-08-04 12:37:50  [ 81] 601336 新华保险  完成  日J=7.47 周J=75.49 月J=7.94 价=62.31 涨=-0.89%  PE=5.31(2.45%) PB=1.59(48.75%)
2026-08-04 12:37:52  [ 82] 601668 中国建筑  完成  日J=65.55 周J=113.24 月J=60.27 价=4.66 涨=-2.1%  PE=5.18(66.28%) PB=0.4(2.11%)
2026-08-04 12:37:54  [ 83] 600188 兖矿能源  完成  日J=-5.34 周J=21.67 月J=37.34 价=18.87 涨=-0.42%  PE=19.91(95.44%) PB=2.49(70.41%)
2026-08-04 12:37:55  [ 84] 300760 迈瑞医疗  完成  日J=61.27 周J=98.93 月J=31.36 价=154.58 涨=-1.47%  PE=24.27(8.82%) PB=4.74(2.8%)
2026-08-04 12:37:56  [ 85] 600025 华能水电  完成  日J=34.99 周J=92.66 月J=75.15 价=9.94 涨=-1.78%  PE=22.08(79.06%) PB=2.66(75.84%)
2026-08-04 12:37:58  [ 86] 601818 光大银行  完成  日J=62.07 周J=101.32 月J=52.22 价=3.13 涨=-2.19%  PE=5.0(46.16%) PB=0.37(3.94%)
2026-08-04 12:38:00  [ 87] 601985 中国核电  完成  日J=40.05 周J=63.15 月J=78.87 价=8.92 涨=-1.22%  PE=22.56(87.27%) PB=1.55(34.15%)
2026-08-04 12:38:01  [ 88] 301666 大普微-UW  完成  日J=10.56 周J=-11.05 月J=17.69 价=415.11 涨=9.27%  PE=12765.13(17.57%) PB=206.6(17.57%)
2026-08-04 12:38:02  [ 89] 002352 顺丰控股  完成  日J=55.67 周J=100.89 月J=47.12 价=34.38 涨=-1.91%  PE=16.18(2.69%) PB=1.84(3.27%)
2026-08-04 12:38:04  [ 90] 600930 华电新能  完成  日J=93.7 周J=8.2 月J=2.7 价=4.32 涨=-0.69%  PE=28.34(10.2%) PB=1.64(4.31%)
2026-08-04 12:38:05  [ 91] 600031 三一重工  完成  日J=28.01 周J=94.81 月J=30.1 价=19.51 涨=-3.42%  PE=22.06(48.85%) PB=2.05(22.0%)
2026-08-04 12:38:07  [ 92] 601898 中煤能源  完成  日J=-4.06 周J=30.42 月J=3.3 价=13.36 涨=-0.96%  PE=10.07(47.07%) PB=1.09(81.99%)
2026-08-04 12:38:08  [ 93] 601688 华泰证券  完成  日J=-0.58 周J=31.31 月J=14.76 价=19.62 涨=0.1%  PE=10.09(17.68%) PB=0.99(37.7%)
2026-08-04 12:38:09  [ 94] 001248 华润新能  完成  日J=24.48 周J=6.39 月J=None 价=13.27 涨=0.08%  PE=32.88(52.17%) PB=1.91(52.17%)
2026-08-04 12:38:11  [ 95] 300033 同花顺  完成  日J=91.89 周J=54.73 月J=34.12 价=234.39 涨=1.43%  PE=52.06(50.72%) PB=24.88(94.67%)
2026-08-04 12:38:12  [ 96] 688072 拓荆科技  完成  日J=-0.22 周J=10.66 月J=48.76 价=599.26 涨=1.25%  PE=104.63(55.48%) PB=23.74(95.58%)
2026-08-04 12:38:14  [ 97] 601766 中国中车  完成  日J=42.44 周J=99.23 月J=38.47 价=6.05 涨=-2.73%  PE=13.22(9.56%) PB=1.02(16.19%)
2026-08-04 12:38:15  [ 98] 300433 蓝思科技  完成  日J=13.06 周J=-15.16 月J=22.85 价=32.83 涨=3.99%  PE=48.45(80.12%) PB=3.05(69.74%)
2026-08-04 12:38:17  [ 99] 300124 汇川技术  完成  日J=97.74 周J=24.47 月J=19.39 价=63.92 涨=-0.3%  PE=36.62(27.67%) PB=4.77(2.69%)
2026-08-04 12:38:18  [100] 601995 中金公司  完成  日J=35.07 周J=52.58 月J=58.41 价=35.31 涨=0.17%  PE=15.02(2.72%) PB=1.66(11.6%)
2026-08-04 12:38:18  全部完成，结果已写入 C:\Users\hailo\Desktop\每周自动指标\output\2026-08-04\metrics_2026-08-04.csv
2026-08-04 12:38:18  步骤2完成 -> C:\Users\hailo\Desktop\每周自动指标\output\2026-08-04\metrics_2026-08-04.csv
2026-08-04 12:38:18  步骤3: 生成 HTML 总结报告…
2026-08-04 12:38:18  步骤3完成 -> C:\Users\hailo\Desktop\每周自动指标\output\2026-08-04\report_2026-08-04.html
2026-08-04 12:38:18  步骤4: 发送邮件报告…
2026-08-04 12:38:20  步骤4完成: 邮件已发送
2026-08-04 12:38:20  ===== 全部完成 2026-08-04 =====
2026-08-04 15:00:09  今日(2026-08-04)已完成，跳过。结果目录: C:\Users\hailo\Desktop\每周自动指标\output\2026-08-04
2026-08-04 15:05:22  今日(2026-08-04)已完成，跳过。结果目录: C:\Users\hailo\Desktop\每周自动指标\output\2026-08-04
2026-08-04 15:06:25  今日(2026-08-04)已完成，跳过。结果目录: C:\Users\hailo\Desktop\每周自动指标\output\2026-08-04
2026-08-04 15:08:56  今日(2026-08-04)已完成，跳过。结果目录: C:\Users\hailo\Desktop\每周自动指标\output\2026-08-04
2026-08-04 21:53:59  今日(2026-08-04)已完成，跳过。结果目录: C:\Users\hailo\Desktop\每周自动指标\output\2026-08-04
2026-08-04 21:54:15  今日(2026-08-04)已完成，跳过。结果目录: C:\Users\hailo\Desktop\每周自动指标\output\2026-08-04
2026-08-04 21:59:34  今日(2026-08-04)已完成，跳过。结果目录: C:\Users\hailo\Desktop\每周自动指标\output\2026-08-04
