2026-08-25 17:32:25  ===== 开始每日港股通指标任务 2026-08-25 =====
2026-08-25 17:32:25  步骤1: 获取港股通总市值前100标的...
获取港股通标的列表(共取市值前 100 只)...
接口返回 100 只港股通标的
2026-08-25 17:32:26  步骤1完成 -> C:\Users\hailo\Desktop\每周自动指标\output_hk\2026-08-25\hk_list_2026-08-25.csv
2026-08-25 17:32:26  步骤2: 计算 KDJ-J(日/周/月)...
2026-08-25 17:32:29  [  1] 00700 腾讯控股  完成  日J=25.59 周J=40.51 月J=4.1 价=442.0 涨=0.45%  PE=15.08(None%) PB=3.07(None%)
2026-08-25 17:32:30  [  2] 03750 宁德时代  完成  日J=12.61 周J=36.15 月J=48.09 价=621.0 涨=-2.74%  PE=29.82(None%) PB=6.58(None%)
2026-08-25 17:32:31  [  3] 00005 汇丰控股  完成  日J=74.24 周J=66.49 月J=94.06 价=163.2 涨=1.05%  PE=14.86(None%) PB=2.07(None%)
2026-08-25 17:32:33  [  4] 01398 工商银行  完成  日J=91.17 周J=93.62 月J=85.23 价=7.47 涨=0.2%  PE=6.41(None%) PB=0.6(None%)
2026-08-25 17:32:34  [  5] 00939 建设银行  完成  日J=92.25 周J=99.38 月J=89.65 价=9.18 涨=0.05%  PE=6.28(None%) PB=0.6(None%)
2026-08-25 17:32:35  [  6] 09988 阿里巴巴-W  完成  日J=12.2 周J=79.97 月J=18.19 价=114.2 涨=1.51%  PE=25.77(None%) PB=1.8(None%)
2026-08-25 17:32:37  [  7] 01288 农业银行  完成  日J=94.76 周J=88.44 月J=80.1 价=6.25 涨=0.24%  PE=6.64(None%) PB=0.68(None%)
2026-08-25 17:32:38  [  8] 00857 中国石油股份  完成  日J=89.5 周J=101.14 月J=35.33 价=10.06 涨=-0.79%  PE=10.37(None%) PB=1.0(None%)
2026-08-25 17:32:39  [  9] 03988 中国银行  完成  日J=103.89 周J=100.15 月J=94.78 价=5.54 涨=1.09%  PE=6.51(None%) PB=0.58(None%)
2026-08-25 17:32:41  [ 10] 00941 中国移动  完成  日J=21.17 周J=67.2 月J=38.36 价=80.15 涨=-2.67%  PE=11.57(None%) PB=1.04(None%)
2026-08-25 17:32:42  [ 11] 03968 招商银行  完成  日J=95.9 周J=82.19 月J=58.05 价=49.38 涨=-0.28%  PE=7.38(None%) PB=0.97(None%)
2026-08-25 17:32:43  [ 12] 00883 中国海洋石油  完成  日J=93.01 周J=113.83 月J=28.43 价=25.12 涨=-1.1%  PE=8.54(None%) PB=1.26(None%)
2026-08-25 17:32:45  [ 13] 02318 中国平安  完成  日J=98.78 周J=80.28 月J=11.04 价=56.4 涨=-0.35%  PE=5.64(None%) PB=0.86(None%)
2026-08-25 17:32:46  [ 14] 02899 紫金矿业  完成  日J=69.44 周J=100.62 月J=27.93 价=37.04 涨=-3.64%  PE=12.81(None%) PB=4.24(None%)
2026-08-25 17:32:47  [ 15] 01088 中国神华  完成  日J=95.25 周J=106.45 月J=44.97 价=45.22 涨=-0.92%  PE=16.62(None%) PB=1.75(None%)
2026-08-25 17:32:49  [ 16] 01211 比亚迪股份  完成  日J=104.58 周J=99.67 月J=57.55 价=93.6 涨=0.86%  PE=27.69(None%) PB=3.25(None%)
2026-08-25 17:32:50  [ 17] 02628 中国人寿  完成  日J=94.09 周J=41.51 月J=25.13 价=28.12 涨=-1.88%  PE=4.92(None%) PB=1.17(None%)
2026-08-25 17:32:51  [ 18] 01299 友邦保险  完成  日J=93.54 周J=45.38 月J=10.72 价=74.35 涨=-0.34%  PE=12.35(None%) PB=2.41(None%)
2026-08-25 17:32:53  [ 19] 00300 美的集团  完成  日J=96.66 周J=98.41 月J=92.69 价=98.65 涨=0.31%  PE=15.19(None%) PB=2.85(None%)
2026-08-25 17:32:54  [ 20] 01810 小米集团-W  完成  日J=85.92 周J=68.16 月J=26.16 价=27.76 涨=-0.22%  PE=19.12(None%) PB=2.31(None%)
2026-08-25 17:32:55  [ 21] 03328 交通银行  完成  日J=97.83 周J=96.64 月J=83.48 价=7.54 涨=-0.26%  PE=6.16(None%) PB=0.5(None%)
2026-08-25 17:32:56  [ 22] 09999 网易  完成  日J=79.12 周J=41.38 月J=51.04 价=199.0 涨=2.1%  PE=17.27(None%) PB=3.32(None%)
2026-08-25 17:32:58  [ 23] 02359 药明康德  完成  日J=31.81 周J=94.56 月J=95.47 价=204.2 涨=3.29%  PE=24.28(None%) PB=6.31(None%)
2026-08-25 17:32:59  [ 24] 01658 邮储银行  完成  日J=89.35 周J=73.87 月J=38.87 价=4.95 涨=-0.9%  PE=6.03(None%) PB=0.51(None%)
2026-08-25 17:33:00  [ 25] 00981 中芯国际  完成  日J=6.68 周J=22.7 月J=41.25 价=67.85 涨=1.65%  PE=71.52(None%) PB=2.95(None%)
2026-08-25 17:33:02  [ 26] 00386 中国石油化工股份  完成  日J=111.55 周J=105.29 月J=22.95 价=4.7 涨=0.75%  PE=14.03(None%) PB=0.59(None%)
2026-08-25 17:33:03  [ 27] 02388 中银香港  完成  日J=69.27 周J=87.41 月J=84.88 价=50.4 涨=0.1%  PE=13.28(None%) PB=1.49(None%)
2026-08-25 17:33:05  [ 28] 00388 香港交易所  完成  日J=88.12 周J=108.72 月J=55.79 价=417.8 涨=0.0%  PE=26.75(None%) PB=8.73(None%)
2026-08-25 17:33:06  [ 29] 02888 渣打集团  完成  日J=45.88 周J=86.65 月J=98.93 价=236.4 涨=2.16%  PE=12.23(None%) PB=1.43(None%)
2026-08-25 17:33:07  [ 30] 02513 智谱  完成  日J=3.5 周J=7.78 月J=24.52 价=1059.0 涨=5.16%  PE=-94.8(None%) PB=-4.76(None%)
2026-08-25 17:33:08  [ 31] 09633 农夫山泉  完成  日J=81.26 周J=62.04 月J=12.67 价=43.04 涨=-0.23%  PE=27.55(None%) PB=11.08(None%)
2026-08-25 17:33:10  [ 32] 03690 美团-W  完成  日J=-5.64 周J=49.95 月J=45.98 价=77.2 涨=-6.65%  PE=-10.72(None%) PB=2.81(None%)
2026-08-25 17:33:11  [ 33] 02475 立讯精密  完成  日J=23.74 周J=56.7 月J=None 价=59.4 涨=0.93%  PE=22.84(None%) PB=4.06(None%)
2026-08-25 17:33:13  [ 34] 00728 中国电信  完成  日J=110.06 周J=116.79 月J=31.96 价=4.94 涨=2.07%  PE=13.27(None%) PB=0.83(None%)
2026-08-25 17:33:14  [ 35] 00998 中信银行  完成  日J=98.23 周J=106.36 月J=54.42 价=7.92 涨=-1.06%  PE=5.52(None%) PB=0.52(None%)
2026-08-25 17:33:16  [ 36] 02259 紫金黄金国际  完成  日J=94.12 周J=112.49 月J=18.55 价=159.5 涨=0.06%  PE=21.61(None%) PB=5.83(None%)
2026-08-25 17:33:17  [ 37] 06030 中信证券  完成  日J=8.78 周J=-5.76 月J=36.13 价=25.98 涨=-0.38%  PE=9.0(None%) PB=1.13(None%)
2026-08-25 17:33:19  [ 38] 00992 联想集团  完成  日J=7.27 周J=66.12 月J=94.33 价=30.8 涨=3.91%  PE=61.19(None%) PB=6.75(None%)
2026-08-25 17:33:20  [ 39] 00267 中信股份  完成  日J=95.85 周J=104.7 月J=54.11 价=12.92 涨=-0.77%  PE=5.78(None%) PB=0.43(None%)
2026-08-25 17:33:21  [ 40] 00016 新鸿基地产  完成  日J=90.2 周J=94.66 月J=45.29 价=125.0 涨=-1.03%  PE=16.46(None%) PB=0.58(None%)
2026-08-25 17:33:23  [ 41] 03993 洛阳钼业  完成  日J=34.83 周J=55.58 月J=5.14 价=16.86 涨=-2.54%  PE=11.41(None%) PB=3.49(None%)
2026-08-25 17:33:24  [ 42] 02328 中国财险  完成  日J=97.81 周J=83.88 月J=50.62 价=16.16 涨=-0.55%  PE=8.52(None%) PB=1.08(None%)
2026-08-25 17:33:25  [ 43] 03986 兆易创新  完成  日J=16.59 周J=0.81 月J=20.52 价=494.2 涨=4.93%  PE=38.16(None%) PB=8.08(None%)
2026-08-25 17:33:26  [ 44] 06160 百济神州  完成  日J=44.58 周J=93.03 月J=69.51 价=223.2 涨=0.81%  PE=67.18(None%) PB=10.13(None%)
2026-08-25 17:33:28  [ 45] 06809 澜起科技  完成  日J=7.28 周J=1.58 月J=36.51 价=262.4 涨=4.96%  PE=111.76(None%) PB=13.58(None%)
2026-08-25 17:33:29  [ 46] 01276 恒瑞医药  完成  日J=-1.63 周J=-0.6 月J=-2.76 价=46.5 涨=0.09%  PE=35.08(None%) PB=4.16(None%)
2026-08-25 17:33:30  [ 47] 02601 中国太保  完成  日J=95.74 周J=64.23 月J=5.45 价=29.32 涨=-0.27%  PE=4.69(None%) PB=0.78(None%)
2026-08-25 17:33:32  [ 48] 02378 保诚  完成  日J=107.35 周J=48.69 月J=37.56 价=111.8 涨=1.64%  PE=9.02(None%) PB=1.82(None%)
2026-08-25 17:33:33  [ 49] 02338 潍柴动力  完成  日J=-6.61 周J=29.59 月J=47.14 价=31.5 涨=1.03%  PE=21.5(None%) PB=2.54(None%)
2026-08-25 17:33:34  [ 50] 00001 长和  完成  日J=48.38 周J=61.79 月J=83.97 价=69.9 涨=-0.07%  PE=7.08(None%) PB=0.46(None%)
2026-08-25 17:33:36  [ 51] 01919 中远海控  完成  日J=95.02 周J=106.53 月J=82.82 价=17.49 涨=-2.51%  PE=9.49(None%) PB=1.0(None%)
2026-08-25 17:33:37  [ 52] 02611 国泰海通  完成  日J=111.17 周J=37.18 月J=33.63 价=15.16 涨=-0.13%  PE=7.23(None%) PB=0.7(None%)
2026-08-25 17:33:38  [ 53] 00669 创科实业  完成  日J=35.94 周J=72.44 月J=94.28 价=140.0 涨=-1.89%  PE=25.13(None%) PB=4.38(None%)
2026-08-25 17:33:40  [ 54] 01109 华润置地  完成  日J=32.59 周J=84.39 月J=49.75 价=34.28 涨=0.18%  PE=8.69(None%) PB=0.76(None%)
2026-08-25 17:33:41  [ 55] 01339 中国人民保险集团  完成  日J=109.38 周J=76.1 月J=7.59 价=5.31 涨=0.38%  PE=4.97(None%) PB=0.65(None%)
2026-08-25 17:33:42  [ 56] 01378 中国宏桥  完成  日J=65.54 周J=80.41 月J=-3.38 价=23.48 涨=-1.76%  PE=7.36(None%) PB=1.5(None%)
2026-08-25 17:33:44  [ 57] 02476 胜宏科技  完成  日J=6.43 周J=32.86 月J=7.52 价=228.0 涨=2.24%  PE=42.8(None%) PB=10.09(None%)
2026-08-25 17:33:45  [ 58] 06951 三环集团  完成  日J=-7.93 周J=62.43 月J=None 价=108.4 涨=2.94%  PE=67.27(None%) PB=8.19(None%)
2026-08-25 17:33:46  [ 59] 02269 药明生物  完成  日J=88.18 周J=107.0 月J=86.09 价=52.2 涨=7.41%  PE=39.82(None%) PB=4.12(None%)
2026-08-25 17:33:48  [ 60] 00066 港铁公司  完成  日J=90.84 周J=106.22 月J=37.85 价=33.42 涨=-0.77%  PE=9.11(None%) PB=1.02(None%)
2026-08-25 17:33:49  [ 61] 09992 泡泡玛特  完成  日J=95.19 周J=37.26 月J=3.29 价=155.2 涨=0.13%  PE=13.84(None%) PB=7.79(None%)
2026-08-25 17:33:50  [ 62] 00175 吉利汽车  完成  日J=96.31 周J=58.89 月J=32.14 价=18.98 涨=2.76%  PE=10.79(None%) PB=1.88(None%)
2026-08-25 17:33:51  [ 63] 06690 海尔智家  完成  日J=95.7 周J=57.66 月J=20.02 价=21.56 涨=1.32%  PE=9.64(None%) PB=1.43(None%)
2026-08-25 17:33:53  [ 64] 02020 安踏体育  完成  日J=27.87 周J=31.75 月J=31.38 价=71.9 涨=-1.1%  PE=13.37(None%) PB=2.76(None%)
2026-08-25 17:33:54  [ 65] 00002 中电控股  完成  日J=58.0 周J=101.05 月J=95.61 价=78.8 涨=-0.19%  PE=18.36(None%) PB=1.8(None%)
2026-08-25 17:33:55  [ 66] 02714 牧原股份  完成  日J=9.58 周J=83.0 月J=13.27 价=33.36 涨=1.65%  PE=-137.77(None%) PB=2.11(None%)
2026-08-25 17:33:58  [ 67] 01347 华虹宏力  完成  日J=-2.95 周J=-10.58 月J=31.41 价=110.4 涨=1.47%  PE=239.11(None%) PB=3.43(None%)
2026-08-25 17:33:59  [ 68] 03692 翰森制药  完成  日J=4.4 周J=49.31 月J=5.52 价=31.58 涨=1.67%  PE=31.14(None%) PB=4.88(None%)
2026-08-25 17:34:00  [ 69] 03288 海天味业  完成  日J=66.52 周J=76.23 月J=38.5 价=32.36 涨=0.87%  PE=23.16(None%) PB=3.98(None%)
2026-08-25 17:34:01  [ 70] 06818 中国光大银行  完成  日J=74.87 周J=41.13 月J=15.55 价=3.04 涨=-1.46%  PE=4.23(None%) PB=0.31(None%)
2026-08-25 17:34:03  [ 71] 06031 三一重工  完成  日J=83.49 周J=39.39 月J=11.12 价=19.31 涨=4.04%  PE=18.8(None%) PB=1.73(None%)
2026-08-25 17:34:04  [ 72] 00762 中国联通  完成  日J=40.33 周J=25.57 月J=6.28 价=5.78 涨=-0.43%  PE=9.79(None%) PB=0.41(None%)
2026-08-25 17:34:05  [ 73] 01801 信达生物  完成  日J=55.36 周J=94.95 月J=72.95 价=100.1 涨=0.6%  PE=193.78(None%) PB=8.1(None%)
2026-08-25 17:34:07  [ 74] 06936 顺丰控股  完成  日J=33.26 周J=76.93 月J=49.93 价=32.28 涨=-0.68%  PE=13.31(None%) PB=1.43(None%)
2026-08-25 17:34:08  [ 75] 01038 长江基建集团  完成  日J=96.41 周J=105.43 月J=78.38 价=65.8 涨=-1.05%  PE=6.59(None%) PB=1.12(None%)
2026-08-25 17:34:09  [ 76] 01113 长实集团  完成  日J=75.8 周J=72.79 月J=54.52 价=46.9 涨=-0.89%  PE=12.41(None%) PB=0.41(None%)
2026-08-25 17:34:10  [ 77] 00788 中国铁塔  完成  日J=34.97 周J=48.24 月J=7.3 价=9.26 涨=-0.96%  PE=10.73(None%) PB=0.69(None%)
2026-08-25 17:34:12  [ 78] 02423 贝壳-W  完成  日J=68.21 周J=94.38 月J=59.45 价=45.72 涨=-2.72%  PE=29.01(None%) PB=2.1(None%)
2026-08-25 17:34:13  [ 79] 01898 中煤能源  完成  日J=88.48 周J=107.8 月J=13.59 价=11.64 涨=0.95%  PE=8.85(None%) PB=0.81(None%)
2026-08-25 17:34:14  [ 80] 09973 奇瑞汽车  完成  日J=72.45 周J=86.06 月J=26.96 价=26.34 涨=-0.6%  PE=7.54(None%) PB=2.46(None%)
2026-08-25 17:34:16  [ 81] 01988 民生银行  完成  日J=100.98 周J=73.41 月J=27.42 价=3.48 涨=-0.71%  PE=4.6(None%) PB=0.23(None%)
2026-08-25 17:34:17  [ 82] 00027 银河娱乐  完成  日J=61.44 周J=102.92 月J=24.13 价=34.74 涨=-3.18%  PE=14.2(None%) PB=1.8(None%)
2026-08-25 17:34:18  [ 83] 01766 中国中车  完成  日J=88.45 周J=98.14 月J=34.14 价=5.28 涨=0.76%  PE=9.56(None%) PB=0.75(None%)
2026-08-25 17:34:19  [ 84] 06886 华泰证券  失败: 501 Server Error: Not Implemented for url: https://ifzq.gtimg.cn/appstock/app/fqkline/get?param=hk06886%2Cweek%2C%2C%2C800%2Cqfq
2026-08-25 17:34:20  [ 85] 00688 中国海外发展  完成  日J=39.85 周J=74.15 月J=40.71 价=13.79 涨=-0.29%  PE=10.74(None%) PB=0.35(None%)
2026-08-25 17:34:21  [ 86] 01377 鼎泰高科  失败: 501 Server Error: Not Implemented for url: https://ifzq.gtimg.cn/appstock/app/fqkline/get?param=hk01377%2Cweek%2C%2C%2C800%2Cqfq
2026-08-25 17:34:22  [ 87] 01336 新华保险  失败: 501 Server Error: Not Implemented for url: https://ifzq.gtimg.cn/appstock/app/fqkline/get?param=hk01336%2Cmonth%2C%2C%2C800%2Cqfq
2026-08-25 17:34:23  [ 88] 03606 福耀玻璃  失败: 501 Server Error: Not Implemented for url: https://ifzq.gtimg.cn/appstock/app/fqkline/get?param=hk03606%2Cweek%2C%2C%2C800%2Cqfq
2026-08-25 17:34:23  [ 89] 02600 中国铝业  失败: 501 Server Error: Not Implemented for url: https://ifzq.gtimg.cn/appstock/app/fqkline/get?param=hk02600%2Cday%2C%2C%2C800%2Cqfq
2026-08-25 17:34:23  [ 90] 01024 快手-W  失败: 501 Server Error: Not Implemented for url: https://ifzq.gtimg.cn/appstock/app/fqkline/get?param=hk01024%2Cday%2C%2C%2C800%2Cqfq
2026-08-25 17:34:24  [ 91] 01972 太古地产  失败: 501 Server Error: Not Implemented for url: https://ifzq.gtimg.cn/appstock/app/fqkline/get?param=hk01972%2Cday%2C%2C%2C800%2Cqfq
2026-08-25 17:34:24  [ 92] 00012 恒基地产  失败: 501 Server Error: Not Implemented for url: https://ifzq.gtimg.cn/appstock/app/fqkline/get?param=hk00012%2Cday%2C%2C%2C800%2Cqfq
2026-08-25 17:34:24  [ 93] 01816 中广核电力  失败: 501 Server Error: Not Implemented for url: https://ifzq.gtimg.cn/appstock/app/fqkline/get?param=hk01816%2Cday%2C%2C%2C800%2Cqfq
2026-08-25 17:34:25  [ 94] 00003 香港中华煤气  失败: 501 Server Error: Not Implemented for url: https://ifzq.gtimg.cn/appstock/app/fqkline/get?param=hk00003%2Cday%2C%2C%2C800%2Cqfq
2026-08-25 17:34:26  [ 95] 01776 广发证券  失败: 501 Server Error: Not Implemented for url: https://ifzq.gtimg.cn/appstock/app/fqkline/get?param=hk01776%2Cmonth%2C%2C%2C800%2Cqfq
2026-08-25 17:34:26  [ 96] 06869 长飞光纤光缆  失败: 501 Server Error: Not Implemented for url: https://ifzq.gtimg.cn/appstock/app/fqkline/get?param=hk06869%2Cweek%2C%2C%2C800%2Cqfq
2026-08-25 17:34:27  [ 97] 01929 周大福  失败: 501 Server Error: Not Implemented for url: https://ifzq.gtimg.cn/appstock/app/fqkline/get?param=hk01929%2Cweek%2C%2C%2C800%2Cqfq
2026-08-25 17:34:27  [ 98] 01171 兖矿能源  失败: 501 Server Error: Not Implemented for url: https://ifzq.gtimg.cn/appstock/app/fqkline/get?param=hk01171%2Cday%2C%2C%2C800%2Cqfq
2026-08-25 17:34:28  [ 99] 01308 海丰国际  失败: 501 Server Error: Not Implemented for url: https://ifzq.gtimg.cn/appstock/app/fqkline/get?param=hk01308%2Cday%2C%2C%2C800%2Cqfq
2026-08-25 17:34:28  [100] 00006 电能实业  失败: 501 Server Error: Not Implemented for url: https://ifzq.gtimg.cn/appstock/app/fqkline/get?param=hk00006%2Cday%2C%2C%2C800%2Cqfq
2026-08-25 17:34:28  全部完成，结果已写入 C:\Users\hailo\Desktop\每周自动指标\output_hk\2026-08-25\metrics_2026-08-25.csv
2026-08-25 17:34:28  步骤2完成 -> C:\Users\hailo\Desktop\每周自动指标\output_hk\2026-08-25\metrics_2026-08-25.csv
2026-08-25 17:34:28  步骤3: 生成 HTML 总结报告...
2026-08-25 17:34:28  步骤3完成 -> C:\Users\hailo\Desktop\每周自动指标\output_hk\2026-08-25\report_2026-08-25.html
2026-08-25 17:34:28  步骤4: 发送邮件报告...
2026-08-25 17:34:30  步骤4完成: 邮件已发送
2026-08-25 17:34:30  ===== 全部完成 2026-08-25 =====
