2026-09-01 19:49:31  ===== 开始每日指标任务 2026-09-01 =====
2026-09-01 19:49:31  步骤1: 获取 A股市值前100…
2026-09-01 19:49:32  步骤1完成 -> /home/runner/work/daily-stock-metrics/daily-stock-metrics/output/2026-09-01/top100_2026-09-01.csv
2026-09-01 19:49:32  步骤2: 计算 KDJ-J(日/周/月) 及 PE/PB 历史分位…
2026-09-01 19:49:32  观察池: 共103只(含历史追踪3只) -> /home/runner/work/daily-stock-metrics/daily-stock-metrics/output/2026-09-01/tracked_2026-09-01.csv
2026-09-01 19:49:32  待处理 103 条，并发数 8
2026-09-01 19:49:35  [  1] 688825 长鑫科技  完成  日J=38.95 周J=84.28 月J=None MA20=55.878 MA60=None 多头=None 价=56.5 涨=-2.6%  PE=46.88(3.7%) PB=28.47(70.37%)
2026-09-01 19:49:36  [  3] 601939 建设银行  完成  日J=100.32 周J=100.73 月J=109.38 MA20=10.45 MA60=10.164 多头=1 价=11.09 涨=1.0%  PE=8.38(97.91%) PB=0.81(75.18%)
2026-09-01 19:49:36  [  4] 601288 农业银行  完成  日J=96.91 周J=99.12 月J=64.25 MA20=6.67 MA60=6.527 多头=1 价=7.05 涨=1.88%  PE=8.28(94.44%) PB=0.86(89.11%)
2026-09-01 19:49:36  [  5] 600941 中国移动  完成  日J=100.03 周J=107.54 月J=95.94 MA20=97.133 MA60=94.023 多头=1 价=99.89 涨=0.85%  PE=16.44(69.88%) PB=1.52(41.01%)
2026-09-01 19:49:36  [  8] 300750 宁德时代  完成  日J=-1.01 周J=33.21 月J=12.08 MA20=385.683 MA60=384.249 多头=1 价=358.1 涨=-1.5%  PE=19.49(11.36%) PB=4.37(16.12%)
2026-09-01 19:49:36  [  6] 601988 中国银行  完成  日J=100.74 周J=107.19 月J=111.01 MA20=6.037 MA60=5.921 多头=1 价=6.67 涨=2.46%  PE=8.63(100.0%) PB=0.78(94.53%)
2026-09-01 19:49:36  [  2] 601398 工商银行  完成  日J=97.75 周J=96.19 月J=107.3 MA20=7.731 MA60=7.566 多头=1 价=8.15 涨=0.99%  PE=7.76(96.15%) PB=0.73(70.66%)
2026-09-01 19:49:37  [  7] 601857 中国石油  完成  日J=87.41 周J=109.93 月J=49.36 MA20=10.97 MA60=10.259 多头=1 价=11.43 涨=0.09%  PE=11.88(51.55%) PB=1.28(94.29%)
2026-09-01 19:49:38  [  9] 600938 中国海油  完成  日J=84.53 周J=113.55 月J=35.53 MA20=33.08 MA60=31.055 多头=1 价=34.51 涨=-0.58%  PE=11.85(87.26%) PB=1.92(81.42%)
2026-09-01 19:49:38  [ 10] 600519 贵州茅台  完成  日J=71.37 周J=74.07 月J=40.7 MA20=1311.169 MA60=1267.101 多头=1 价=1299.56 涨=0.0%  PE=19.95(6.47%) PB=6.47(3.09%)
2026-09-01 19:49:38  [ 11] 601138 工业富联  完成  日J=70.85 周J=62.07 月J=36.39 MA20=64.631 MA60=65.251 多头=0 价=62.94 涨=-2.93%  PE=26.62(86.79%) PB=7.11(91.35%)
2026-09-01 19:49:38  [ 13] 688981 中芯国际  完成  日J=79.29 周J=7.6 月J=40.06 MA20=127.091 MA60=137.796 多头=0 价=126.11 涨=-2.01%  PE=149.8(66.33%) PB=6.3(87.43%)
2026-09-01 19:49:38  [ 14] 601088 中国神华  完成  日J=75.08 周J=106.9 月J=84.36 MA20=45.861 MA60=43.7 多头=1 价=48.3 涨=-0.98%  PE=19.41(98.76%) PB=2.32(99.29%)
2026-09-01 19:49:39  [ 15] 601318 中国平安  完成  日J=105.85 周J=109.56 月J=30.41 MA20=53.772 MA60=52.31 多头=1 价=57.23 涨=2.53%  PE=6.5(0.52%) PB=1.01(30.77%)
2026-09-01 19:49:39  [ 12] 601628 中国人寿  完成  日J=96.55 周J=45.23 月J=33.07 MA20=37.742 MA60=37.52 多头=1 价=39.07 涨=1.48%  PE=4.46(0.14%) PB=1.66(8.23%)
2026-09-01 19:49:39  [ 16] 600036 招商银行  完成  日J=103.27 周J=100.0 月J=104.91 MA20=39.134 MA60=38.028 多头=1 价=40.86 涨=1.84%  PE=6.79(31.86%) PB=0.9(16.31%)
2026-09-01 19:49:40  [ 17] 300308 中际旭创  完成  日J=16.02 周J=7.28 月J=26.09 MA20=904.696 MA60=1058.728 多头=0 价=859.3 涨=0.87%  PE=49.49(54.16%) PB=25.39(95.44%)
2026-09-01 19:49:41  [ 22] 600028 中国石化  完成  日J=101.59 周J=106.24 月J=22.17 MA20=5.182 MA60=4.987 多头=1 价=5.52 涨=1.1%  PE=18.57(87.73%) PB=0.79(41.04%)
2026-09-01 19:49:41  [ 20] 688256 寒武纪  完成  日J=95.6 周J=12.7 月J=40.96 MA20=1087.686 MA60=1243.262 多头=0 价=1109.0 涨=-0.29%  PE=209.3(78.67%) PB=51.45(89.3%)
2026-09-01 19:49:41  [ 18] 601899 紫金矿业  完成  日J=43.56 周J=97.89 月J=37.94 MA20=33.682 MA60=30.289 多头=1 价=33.73 涨=0.18%  PE=13.26(9.99%) PB=4.44(83.12%)
2026-09-01 19:49:41  [ 21] 600900 长江电力  完成  日J=70.49 周J=63.85 月J=89.16 MA20=28.092 MA60=27.578 多头=1 价=28.4 涨=1.1%  PE=19.19(51.97%) PB=3.22(85.59%)
2026-09-01 19:49:41  [ 19] 002594 比亚迪  完成  日J=6.67 周J=51.04 月J=35.47 MA20=90.222 MA60=89.278 多头=1 价=88.71 涨=0.58%  PE=27.48(24.39%) PB=3.37(26.96%)
2026-09-01 19:49:41  [ 23] 000333 美的集团  完成  日J=91.02 周J=82.84 月J=96.42 MA20=85.203 MA60=81.886 多头=1 价=87.49 涨=-0.27%  PE=15.04(55.68%) PB=3.15(51.88%)
2026-09-01 19:49:42  [ 24] 601658 邮储银行  完成  日J=97.9 周J=85.05 月J=100.13 MA20=5.013 MA60=4.998 多头=1 价=5.48 涨=4.18%  PE=7.34(79.41%) PB=0.63(32.29%)
2026-09-01 19:49:42  [ 25] 601328 交通银行  完成  日J=91.72 周J=100.87 月J=110.47 MA20=7.045 MA60=6.843 多头=1 价=7.36 涨=1.66%  PE=6.67(91.58%) PB=0.56(59.49%)
2026-09-01 19:49:43  [ 27] 688041 海光信息  完成  日J=73.94 周J=0.88 月J=16.74 MA20=265.927 MA60=301.011 多头=0 价=250.43 涨=-1.37%  PE=185.26(66.12%) PB=22.94(79.35%)
2026-09-01 19:49:43  [ 26] 601728 中国电信  完成  日J=38.62 周J=95.02 月J=70.66 MA20=6.412 MA60=6.036 多头=1 价=6.47 涨=1.57%  PE=19.9(82.85%) PB=1.25(66.61%)
2026-09-01 19:49:43  [ 28] 300502 新易盛  完成  日J=20.67 周J=15.29 月J=31.26 MA20=419.952 MA60=485.693 多头=0 价=402.81 涨=0.23%  PE=42.81(35.9%) PB=23.12(91.63%)
2026-09-01 19:49:43  [ 29] 601998 中信银行  完成  日J=86.8 周J=109.34 月J=98.65 MA20=8.086 MA60=7.637 多头=1 价=8.81 涨=-0.45%  PE=6.83(90.92%) PB=0.66(75.04%)
2026-09-01 19:49:44  [ 31] 603259 药明康德  完成  日J=6.74 周J=70.4 月J=82.52 MA20=158.931 MA60=131.696 多头=1 价=154.4 涨=-0.25%  PE=21.36(29.08%) PB=5.55(48.66%)
2026-09-01 19:49:44  [ 30] 002371 北方华创  完成  日J=10.05 周J=3.6 月J=39.65 MA20=727.348 MA60=739.607 多头=0 价=667.7 涨=-4.59%  PE=85.25(42.42%) PB=11.95(78.7%)
2026-09-01 19:49:44  [ 32] 002475 立讯精密  完成  日J=91.52 周J=31.83 月J=26.31 MA20=56.112 MA60=61.02 多头=0 价=56.92 涨=-1.21%  PE=24.75(29.77%) PB=4.73(33.38%)
2026-09-01 19:49:44  [ 33] 600030 中信证券  完成  日J=111.12 周J=27.5 月J=81.85 MA20=27.635 MA60=27.864 多头=0 价=28.02 涨=0.79%  PE=11.04(0.38%) PB=1.48(47.36%)
2026-09-01 19:49:45  [ 34] 688347 华虹宏力  完成  日J=95.53 周J=2.06 月J=40.88 MA20=252.441 MA60=284.375 多头=0 价=250.33 涨=-2.21%  PE=620.42(68.86%) PB=9.2(94.09%)
2026-09-01 19:49:46  [ 35] 688235 百济神州  完成  日J=1.97 周J=36.26 月J=56.97 MA20=285.035 MA60=261.913 多头=1 价=266.69 涨=-1.17%  PE=96.07(88.89%) PB=11.61(73.05%)
2026-09-01 19:49:46  [ 36] 603993 洛阳钼业  完成  日J=62.52 周J=60.22 月J=10.86 MA20=19.219 MA60=18.797 多头=1 价=19.06 涨=0.0%  PE=14.66(13.31%) PB=4.55(91.44%)
2026-09-01 19:49:46  [ 37] 601166 兴业银行  完成  日J=31.16 周J=44.85 月J=39.35 MA20=18.083 MA60=17.883 多头=1 价=17.95 涨=2.34%  PE=5.03(38.61%) PB=0.45(5.23%)
2026-09-01 19:49:46  [ 38] 600183 生益科技  完成  日J=84.95 周J=65.68 月J=60.55 MA20=136.513 MA60=143.677 多头=0 价=144.42 涨=-5.85%  PE=67.53(97.15%) PB=18.96(98.43%)
2026-09-01 19:49:47  [ 40] 002384 东山精密  完成  日J=24.6 周J=18.09 月J=49.84 MA20=197.406 MA60=219.425 多头=0 价=188.69 涨=-4.7%  PE=96.4(89.16%) PB=14.18(96.05%)
2026-09-01 19:49:47  [ 41] 688012 中微公司  完成  日J=27.78 周J=16.89 月J=50.02 MA20=369.397 MA60=375.381 多头=0 价=350.52 涨=-3.17%  PE=79.36(44.53%) PB=11.18(71.74%)
2026-09-01 19:49:47  [ 39] 601319 中国人保  完成  日J=107.01 周J=85.28 月J=33.97 MA20=7.098 MA60=7.056 多头=1 价=7.91 涨=6.17%  PE=6.15(0.11%) PB=1.03(30.88%)
2026-09-01 19:49:47  [ 42] 601869 长飞光纤  完成  日J=65.94 周J=63.73 月J=51.03 MA20=367.488 MA60=404.324 多头=0 价=400.03 涨=-4.43%  PE=96.2(87.77%) PB=20.24(96.29%)
2026-09-01 19:49:48  [ 44] 601601 中国太保  完成  日J=106.81 周J=100.47 月J=20.04 MA20=31.085 MA60=30.513 多头=1 价=33.07 涨=3.34%  PE=5.64(2.0%) PB=1.0(16.12%)
2026-09-01 19:49:48  [ 43] 002415 海康威视  完成  日J=113.22 周J=49.52 月J=83.12 MA20=35.343 MA60=34.057 多头=1 价=35.92 涨=0.36%  PE=20.03(12.65%) PB=3.9(26.87%)
2026-09-01 19:49:49  [ 45] 601211 国泰海通  完成  日J=106.03 周J=6.3 月J=48.38 MA20=17.861 MA60=18.119 多头=0 价=17.94 涨=0.0%  PE=9.76(5.37%) PB=0.95(29.05%)
2026-09-01 19:49:49  [ 47] 300059 东方财富  完成  日J=94.87 周J=15.75 月J=25.55 MA20=19.48 MA60=19.735 多头=0 价=19.4 涨=0.05%  PE=21.05(2.81%) PB=3.12(9.61%)
2026-09-01 19:49:49  [ 46] 600000 浦发银行  完成  日J=90.22 周J=73.41 月J=31.14 MA20=9.152 MA60=8.952 多头=1 价=9.35 涨=2.07%  PE=6.08(70.61%) PB=0.41(31.81%)
2026-09-01 19:49:49  [ 49] 000858 五 粮 液  完成  日J=55.52 周J=37.09 月J=9.11 MA20=73.067 MA60=73.426 多头=0 价=71.83 涨=0.79%  PE=21.31(24.58%) PB=2.35(0.86%)
2026-09-01 19:49:50  [ 48] 600276 恒瑞医药  完成  日J=3.67 周J=-10.08 月J=-0.37 MA20=50.626 MA60=51.849 多头=0 价=46.23 涨=0.35%  PE=39.71(2.33%) PB=4.76(0.1%)
2026-09-01 19:49:50  [ 52] 688802 沐曦股份-U  完成  日J=33.47 周J=-3.41 月J=43.7 MA20=710.448 MA60=760.251 多头=0 价=672.73 涨=-2.67%  PE=30254.41(99.42%) PB=19.4(41.28%)
2026-09-01 19:49:50  [ 50] 603986 兆易创新  完成  日J=65.86 周J=3.84 月J=15.19 MA20=405.083 MA60=507.56 多头=0 价=393.0 涨=-3.2%  PE=34.89(11.51%) PB=7.42(43.37%)
2026-09-01 19:49:51  [ 51] 300394 天孚通信  完成  日J=21.08 周J=80.1 月J=40.89 MA20=254.684 MA60=257.856 多头=0 价=251.77 涨=-4.27%  PE=118.26(94.86%) PB=43.95(96.1%)
2026-09-01 19:49:51  [ 56] 688795 摩尔线程-U  完成  日J=45.5 周J=-1.43 月J=9.37 MA20=559.835 MA60=614.5 多头=0 价=532.2 涨=-0.69%  PE=-337.4(36.67%) PB=20.54(1.67%)
2026-09-01 19:49:51  [ 57] 688808 联讯仪器  完成  日J=84.9 周J=93.93 月J=73.72 MA20=2246.662 MA60=2151.053 多头=1 价=2399.0 涨=-1.76%  PE=359.96(4.49%) PB=72.7(50.56%)
2026-09-01 19:49:51  [ 54] 600150 中国船舶  完成  日J=85.54 周J=46.68 月J=30.39 MA20=34.067 MA60=34.422 多头=0 价=34.43 涨=1.03%  PE=18.48(25.49%) PB=1.7(21.83%)
2026-09-01 19:49:51  [ 53] 601919 中远海控  完成  日J=45.43 周J=95.55 月J=94.91 MA20=16.265 MA60=14.948 多头=1 价=16.98 涨=-0.12%  PE=9.69(59.53%) PB=1.11(43.79%)
2026-09-01 19:49:51  [ 55] 601225 陕西煤业  完成  日J=75.38 周J=101.01 月J=92.87 MA20=25.841 MA60=24.281 多头=1 价=26.72 涨=-3.26%  PE=12.7(90.78%) PB=2.56(91.96%)
2026-09-01 19:49:52  [ 58] 002714 牧原股份  完成  日J=106.13 周J=107.23 月J=54.69 MA20=39.89 MA60=37.991 多头=1 价=42.4 涨=0.21%  PE=-218.39(13.03%) PB=3.09(11.98%)
2026-09-01 19:49:53  [ 62] 688820 盛合晶微  完成  日J=53.36 周J=4.74 月J=18.72 MA20=134.337 MA60=157.175 多头=0 价=129.45 涨=-4.5%  PE=257.91(31.52%) PB=12.5(21.74%)
2026-09-01 19:49:53  [ 59] 002379 宏桥控股  完成  日J=77.2 周J=66.48 月J=9.0 MA20=18.976 MA60=17.769 多头=1 价=18.7 涨=3.09%  PE=9.88(63.24%) PB=4.21(80.84%)
2026-09-01 19:49:53  [ 60] 688008 澜起科技  完成  日J=48.06 周J=9.21 月J=30.13 MA20=207.693 MA60=231.7 多头=0 价=198.35 涨=-3.22%  PE=78.76(46.96%) PB=11.25(71.69%)
2026-09-01 19:49:54  [ 63] 600309 万华化学  完成  日J=93.72 周J=96.68 月J=25.87 MA20=74.864 MA60=72.581 多头=1 价=77.02 涨=0.92%  PE=14.64(37.66%) PB=2.12(10.84%)
2026-09-01 19:49:54  [ 61] 002916 深南电路  完成  日J=62.95 周J=36.01 月J=46.36 MA20=364.31 MA60=380.709 多头=0 价=354.34 涨=-3.99%  PE=57.92(88.25%) PB=13.39(91.82%)
2026-09-01 19:49:54  [ 65] 000338 潍柴动力  完成  日J=39.49 周J=55.57 月J=49.95 MA20=28.957 MA60=27.979 多头=1 价=27.35 涨=0.66%  PE=18.19(82.93%) PB=2.46(81.46%)
2026-09-01 19:49:54  [ 64] 601816 京沪高铁  完成  日J=43.9 周J=72.17 月J=85.01 MA20=4.931 MA60=4.79 多头=1 价=4.91 涨=0.41%  PE=17.63(1.49%) PB=1.15(3.49%)
2026-09-01 19:49:54  [ 68] 688836 宇树科技-W  完成  日J=3.82 周J=None 月J=None MA20=None MA60=None 多头=None 价=571.1 涨=1.1%  PE=395.37(20.0%) PB=80.21(20.0%)
2026-09-01 19:49:54  [ 66] 002463 沪电股份  完成  日J=71.95 周J=48.16 月J=54.04 MA20=120.168 MA60=126.152 多头=0 价=120.72 涨=-3.35%  PE=45.88(92.82%) PB=12.91(97.53%)
2026-09-01 19:49:55  [ 67] 000001 平安银行  完成  日J=100.97 周J=106.67 月J=114.81 MA20=11.393 MA60=10.994 多头=1 价=11.92 涨=1.71%  PE=5.32(37.57%) PB=0.49(15.55%)
2026-09-01 19:49:55  [ 69] 300476 胜宏科技  完成  日J=11.94 周J=46.26 月J=7.87 MA20=258.271 MA60=276.762 多头=0 价=232.98 涨=-4.18%  PE=45.56(80.55%) PB=6.04(81.79%)
2026-09-01 19:49:56  [ 72] 600919 江苏银行  完成  日J=87.51 周J=103.23 月J=110.18 MA20=11.884 MA60=11.485 多头=1 价=12.29 涨=1.65%  PE=6.24(85.4%) PB=0.83(91.92%)
2026-09-01 19:49:56  [ 73] 000725 京东方Ａ  完成  日J=67.28 周J=7.55 月J=35.12 MA20=5.942 MA60=6.448 多头=0 价=5.91 涨=-1.66%  PE=27.86(48.41%) PB=1.64(73.8%)
2026-09-01 19:49:56  [ 70] 002142 宁波银行  完成  日J=85.42 周J=107.8 月J=99.95 MA20=32.947 MA60=31.583 多头=1 价=34.3 涨=0.53%  PE=7.28(35.38%) PB=0.93(31.1%)
2026-09-01 19:49:56  [ 71] 600188 兖矿能源  完成  日J=78.19 周J=103.71 月J=64.27 MA20=21.881 MA60=20.297 多头=1 价=22.48 涨=-4.83%  PE=21.1(96.01%) PB=2.94(90.92%)
2026-09-01 19:49:57  [ 74] 300408 三环集团  完成  日J=54.47 周J=26.56 月J=43.07 MA20=119.49 MA60=126.847 多头=0 价=109.22 涨=-5.03%  PE=65.82(96.62%) PB=9.63(97.24%)
2026-09-01 19:49:57  [ 75] 003816 中国广核  完成  日J=110.28 周J=103.67 月J=45.91 MA20=3.99 MA60=3.993 多头=0 价=4.31 涨=0.94%  PE=21.93(90.48%) PB=1.76(80.67%)
2026-09-01 19:49:57  [ 76] 000651 格力电器  完成  日J=15.42 周J=67.06 月J=88.36 MA20=38.727 MA60=37.559 多头=1 价=38.55 涨=-1.03%  PE=7.75(27.77%) PB=1.45(3.28%)
2026-09-01 19:49:58  [ 77] 300760 迈瑞医疗  完成  日J=92.26 周J=107.57 月J=53.28 MA20=156.401 MA60=148.899 多头=1 价=169.08 涨=2.26%  PE=26.05(18.23%) PB=5.05(5.22%)
2026-09-01 19:49:59  [ 79] 002938 鹏鼎控股  完成  日J=57.26 周J=33.28 月J=52.09 MA20=92.682 MA60=96.735 多头=0 价=88.22 涨=-5.44%  PE=53.97(96.58%) PB=5.95(91.86%)
2026-09-01 19:49:59  [ 78] 601898 中煤能源  完成  日J=80.54 周J=104.9 月J=38.21 MA20=14.342 MA60=13.729 多头=1 价=15.43 涨=-4.69%  PE=11.16(59.34%) PB=1.23(95.53%)
2026-09-01 19:49:59  [ 81] 603288 海天味业  完成  日J=6.85 周J=14.12 月J=26.3 MA20=35.583 MA60=35.205 多头=1 价=34.0 涨=1.1%  PE=27.19(0.62%) PB=5.09(2.33%)
2026-09-01 19:49:59  [ 85] 301666 大普微-UW  完成  日J=50.44 周J=22.68 月J=17.98 MA20=435.995 MA60=527.837 多头=0 价=438.95 涨=-5.88%  PE=158.63(12.63%) PB=52.51(18.95%)
2026-09-01 19:49:59  [ 80] 600690 海尔智家  完成  日J=85.73 周J=68.09 月J=37.04 MA20=21.068 MA60=20.411 多头=1 价=21.42 涨=1.13%  PE=11.17(7.23%) PB=1.67(3.9%)
2026-09-01 19:49:59  [ 83] 300433 蓝思科技  完成  日J=41.79 周J=23.05 月J=32.79 MA20=36.837 MA60=41.315 多头=0 价=37.3 涨=-4.19%  PE=57.04(83.36%) PB=3.73(84.21%)
2026-09-01 19:50:00  [ 82] 601066 中信建投  完成  日J=104.65 周J=8.82 月J=51.49 MA20=25.405 MA60=26.37 多头=0 价=25.55 涨=-0.2%  PE=15.77(1.86%) PB=2.26(17.22%)
2026-09-01 19:50:00  [ 84] 601336 新华保险  完成  日J=95.09 周J=47.78 月J=15.02 MA20=59.43 MA60=60.126 多头=0 价=61.5 涨=2.3%  PE=4.33(0.19%) PB=1.55(46.31%)
2026-09-01 19:50:01  [ 86] 688072 拓荆科技  完成  日J=26.0 周J=11.18 月J=48.34 MA20=688.449 MA60=694.727 多头=0 价=650.51 涨=-4.03%  PE=87.38(37.7%) PB=14.95(82.85%)
2026-09-01 19:50:01  [ 88] 600031 三一重工  完成  日J=101.19 周J=76.22 月J=44.74 MA20=19.169 MA60=18.944 多头=1 价=20.22 涨=1.05%  PE=20.93(46.27%) PB=2.02(19.97%)
2026-09-01 19:50:01  [ 87] 603268 松发股份  完成  日J=49.27 周J=89.93 月J=91.0 MA20=181.702 MA60=161.464 多头=1 价=183.48 涨=-5.53%  PE=33.28(47.31%) PB=14.31(81.41%)
2026-09-01 19:50:01  [ 89] 300274 阳光电源  完成  日J=-5.89 周J=0.42 月J=-17.7 MA20=109.932 MA60=121.969 多头=0 价=89.33 涨=-2.37%  PE=16.86(27.39%) PB=3.69(34.0%)
2026-09-01 19:50:02  [ 90] 688498 源杰科技  完成  日J=11.34 周J=53.98 月J=61.68 MA20=1493.912 MA60=1542.244 多头=0 价=1482.0 涨=-3.33%  PE=245.45(46.54%) PB=58.73(94.64%)
2026-09-01 19:50:02  [ 91] 600406 国电南瑞  完成  日J=28.17 周J=46.1 月J=6.53 MA20=23.529 MA60=23.179 多头=1 价=22.92 涨=-0.22%  PE=21.92(14.36%) PB=3.54(28.58%)
2026-09-01 19:50:02  [ 92] 300604 长川科技  完成  日J=79.28 周J=24.35 月J=58.18 MA20=281.13 MA60=285.36 多头=0 价=284.27 涨=1.88%  PE=98.24(43.37%) PB=32.6(98.53%)
2026-09-01 19:50:03  [ 93] 601985 中国核电  完成  日J=83.12 周J=46.15 月J=69.12 MA20=8.823 MA60=8.859 多头=0 价=8.85 涨=-0.45%  PE=25.01(99.48%) PB=1.54(31.48%)
2026-09-01 19:50:03  [ 94] 601766 中国中车  完成  日J=94.62 周J=110.64 月J=69.85 MA20=6.023 MA60=5.705 多头=1 价=6.31 涨=1.45%  PE=13.0(9.18%) PB=1.03(18.12%)
2026-09-01 19:50:03  [ 95] 600025 华能水电  完成  日J=44.02 周J=48.96 月J=62.1 MA20=9.68 MA60=9.595 多头=1 价=9.71 涨=1.68%  PE=21.87(78.22%) PB=2.59(73.18%)
2026-09-01 19:50:04  [ 96] 601668 中国建筑  完成  日J=21.84 周J=39.23 月J=40.34 MA20=4.449 MA60=4.436 多头=1 价=4.36 涨=0.69%  PE=5.69(77.98%) PB=0.36(0.24%)
2026-09-01 19:50:04  [ 97] 601818 光大银行  完成  日J=50.53 周J=44.96 月J=44.93 MA20=3.03 MA60=3.037 多头=0 价=3.03 涨=2.02%  PE=5.44(62.62%) PB=0.35(0.9%)
2026-09-01 19:50:04  [ 98] 600989 XD宝丰能  完成  日J=100.96 周J=109.19 月J=22.11 MA20=23.194 MA60=22.11 多头=1 价=24.37 涨=0.29%  PE=11.63(0.68%) PB=3.24(63.4%)
2026-09-01 19:50:05  [ 99] 601688 华泰证券  完成  日J=112.58 周J=30.02 月J=21.29 MA20=18.974 MA60=19.625 多头=0 价=19.58 涨=0.82%  PE=8.61(0.1%) PB=0.99(37.47%)
2026-09-01 19:50:05  [101] 002352 顺丰控股  完成  日J=30.59 周J=31.47 月J=24.37 MA20=33.057 MA60=33.057 多头=0 价=32.13 涨=1.04%  PE=15.55(2.38%) PB=1.65(0.52%)
2026-09-01 19:50:05  [100] 600176 中国巨石  完成  日J=82.83 周J=14.6 月J=31.46 MA20=42.361 MA60=48.23 多头=0 价=43.02 涨=-2.07%  PE=38.0(94.01%) PB=5.19(98.19%)
2026-09-01 19:50:05  [102] 301377 鼎泰高科  完成  日J=20.08 周J=23.75 月J=38.72 MA20=425.431 MA60=460.301 多头=0 价=388.13 涨=-7.56%  PE=172.7(84.95%) PB=52.7(93.89%)
2026-09-01 19:50:06  [103] 600487 亨通光电  完成  日J=72.95 周J=41.52 月J=29.33 MA20=62.251 MA60=75.681 多头=0 价=67.34 涨=-0.06%  PE=39.67(94.53%) PB=4.93(95.24%)
2026-09-01 19:50:06  全部完成，结果已写入 /home/runner/work/daily-stock-metrics/daily-stock-metrics/output/2026-09-01/metrics_2026-09-01.csv
2026-09-01 19:50:06  步骤2完成 -> /home/runner/work/daily-stock-metrics/daily-stock-metrics/output/2026-09-01/metrics_2026-09-01.csv
2026-09-01 19:50:06  步骤2.5: 获取全市场大盘温度（活跃市值指标）…
2026-09-01 19:51:10  步骤2.5完成
2026-09-01 19:51:10  步骤2.6: 本地聚合 → 行业板块温度 / 大盘宽度仪表盘 / 机会榜
2026-09-01 19:51:10    - 板块温度: 12 个行业
2026-09-01 19:51:10    - 机会榜: 超跌 9 / 超买 23
2026-09-01 19:51:10  步骤2.6完成
2026-09-01 19:51:10  步骤3: 生成 HTML 总结报告…
2026-09-01 19:51:11  步骤3完成 -> /home/runner/work/daily-stock-metrics/daily-stock-metrics/output/2026-09-01/report_2026-09-01.html
2026-09-01 19:51:11  步骤4: 生成个股股价走势图（含每日信号）…
2026-09-01 19:51:11  步骤4完成 -> /home/runner/work/daily-stock-metrics/daily-stock-metrics/output/stock_charts.html
2026-09-01 19:51:11  步骤4.5: 生成昨日推荐回顾…
2026-09-01 19:51:11  步骤4.5完成 -> 已追加昨日推荐回顾
2026-09-01 19:51:11  步骤5: 发送邮件报告…
2026-09-01 19:51:15  步骤5完成: 邮件已发送
2026-09-01 19:51:15  ===== 全部完成 2026-09-01 =====
2026-09-01 21:37:23  今日(2026-09-01)已完成，跳过。结果目录: /home/runner/work/daily-stock-metrics/daily-stock-metrics/output/2026-09-01
2026-09-01 22:01:40  今日(2026-09-01)已完成，跳过。结果目录: /home/runner/work/daily-stock-metrics/daily-stock-metrics/output/2026-09-01
2026-09-01 22:15:51  今日(2026-09-01)已完成，跳过。结果目录: /home/runner/work/daily-stock-metrics/daily-stock-metrics/output/2026-09-01
2026-09-01 23:22:48  今日(2026-09-01)已完成，跳过。结果目录: /home/runner/work/daily-stock-metrics/daily-stock-metrics/output/2026-09-01
