2026-08-13 17:10:18  ===== 开始每日港股通指标任务 2026-08-13 =====
2026-08-13 17:10:18  步骤1: 获取港股通总市值前100标的...
获取港股通标的列表(共取市值前 100 只)...
接口返回 100 只港股通标的
2026-08-13 17:10:18  步骤1完成 -> C:\Users\hailo\Desktop\每周自动指标\output_hk\2026-08-13\hk_list_2026-08-13.csv
2026-08-13 17:10:18  步骤2: 计算 KDJ-J(日/周/月)...
2026-08-13 17:10:21  [  1] 00700 腾讯控股  完成  日J=-11.53 周J=59.08 月J=3.76 价=441.0 涨=-4.46%  PE=15.01(None%) PB=3.07(None%)
2026-08-13 17:10:22  [  2] 03750 宁德时代  完成  日J=44.81 周J=32.2 月J=55.35 价=652.5 涨=-0.23%  PE=31.33(None%) PB=6.91(None%)
2026-08-13 17:10:23  [  3] 00005 汇丰控股  完成  日J=31.38 周J=76.18 月J=93.8 价=163.0 涨=0.99%  PE=14.85(None%) PB=2.06(None%)
2026-08-13 17:10:25  [  4] 01398 工商银行  完成  日J=7.35 周J=77.42 月J=73.11 价=7.21 涨=0.7%  PE=6.19(None%) PB=0.58(None%)
2026-08-13 17:10:26  [  5] 09988 阿里巴巴-W  完成  日J=25.78 周J=98.77 月J=25.19 价=121.9 涨=-0.57%  PE=19.92(None%) PB=1.93(None%)
2026-08-13 17:10:27  [  6] 00939 建设银行  完成  日J=8.52 周J=79.1 月J=75.77 价=8.82 涨=0.86%  PE=6.03(None%) PB=0.57(None%)
2026-08-13 17:10:28  [  7] 01288 农业银行  完成  日J=9.98 周J=65.66 月J=60.66 价=5.89 涨=1.73%  PE=6.26(None%) PB=0.64(None%)
2026-08-13 17:10:30  [  8] 00941 中国移动  完成  日J=-13.91 周J=74.78 月J=44.82 价=81.2 涨=-0.61%  PE=11.6(None%) PB=1.05(None%)
2026-08-13 17:10:31  [  9] 00857 中国石油股份  完成  日J=15.99 周J=64.69 月J=23.56 价=9.4 涨=-1.16%  PE=9.69(None%) PB=0.94(None%)
2026-08-13 17:10:32  [ 10] 03988 中国银行  完成  日J=7.7 周J=67.17 月J=79.34 价=5.29 涨=1.54%  PE=6.21(None%) PB=0.55(None%)
2026-08-13 17:10:34  [ 11] 03968 招商银行  完成  日J=0.13 周J=79.03 月J=50.54 价=48.38 涨=0.75%  PE=7.23(None%) PB=0.95(None%)
2026-08-13 17:10:35  [ 12] 00883 中国海洋石油  完成  日J=81.44 周J=81.92 月J=19.57 价=23.86 涨=-0.42%  PE=8.11(None%) PB=1.2(None%)
2026-08-13 17:10:36  [ 13] 02318 中国平安  完成  日J=-8.72 周J=84.68 月J=8.21 价=55.5 涨=-0.09%  PE=6.78(None%) PB=0.87(None%)
2026-08-13 17:10:37  [ 14] 01088 中国神华  完成  日J=40.68 周J=65.63 月J=27.95 价=42.72 涨=-0.65%  PE=15.71(None%) PB=1.65(None%)
2026-08-13 17:10:39  [ 15] 02899 紫金矿业  完成  日J=39.19 周J=94.64 月J=18.09 价=34.46 涨=-4.06%  PE=13.27(None%) PB=4.1(None%)
2026-08-13 17:10:40  [ 16] 01211 比亚迪股份  完成  日J=-11.02 周J=87.45 月J=47.92 价=88.4 涨=-1.34%  PE=26.15(None%) PB=3.07(None%)
2026-08-13 17:10:41  [ 17] 02628 中国人寿  完成  日J=-0.47 周J=32.35 月J=21.83 价=27.6 涨=2.0%  PE=4.83(None%) PB=1.15(None%)
2026-08-13 17:10:42  [ 18] 01299 友邦保险  完成  日J=9.91 周J=44.91 月J=4.66 价=72.55 涨=-0.14%  PE=15.47(None%) PB=2.27(None%)
2026-08-13 17:10:44  [ 19] 00300 美的集团  完成  日J=18.23 周J=96.25 月J=84.94 价=96.4 涨=0.31%  PE=14.84(None%) PB=2.79(None%)
2026-08-13 17:10:45  [ 20] 01810 小米集团-W  完成  日J=-5.87 周J=57.61 月J=19.61 价=25.88 涨=-1.82%  PE=16.83(None%) PB=2.23(None%)
2026-08-13 17:10:46  [ 21] 03328 交通银行  完成  日J=20.43 周J=66.48 月J=70.86 价=7.29 涨=0.55%  PE=5.97(None%) PB=0.49(None%)
2026-08-13 17:10:47  [ 22] 09999 网易  完成  日J=-9.4 周J=38.82 月J=42.14 价=191.7 涨=-0.42%  PE=16.06(None%) PB=3.28(None%)
2026-08-13 17:10:49  [ 23] 02513 智谱  完成  日J=106.05 周J=7.95 月J=31.52 价=1317.0 涨=9.02%  PE=-117.89(None%) PB=-5.92(None%)
2026-08-13 17:10:50  [ 24] 02359 药明康德  完成  日J=100.72 周J=106.69 月J=100.23 价=203.2 涨=2.16%  PE=24.16(None%) PB=6.28(None%)
2026-08-13 17:10:51  [ 25] 00981 中芯国际  完成  日J=83.56 周J=6.91 月J=40.71 价=67.55 涨=0.22%  PE=106.77(None%) PB=2.93(None%)
2026-08-13 17:10:52  [ 26] 01658 邮储银行  完成  日J=1.23 周J=53.07 月J=28.87 价=4.81 涨=0.0%  PE=5.86(None%) PB=0.49(None%)
2026-08-13 17:10:54  [ 27] 03690 美团-W  完成  日J=15.74 周J=106.06 月J=70.62 价=91.25 涨=-0.44%  PE=-12.67(None%) PB=3.32(None%)
2026-08-13 17:10:55  [ 28] 02388 中银香港  完成  日J=36.62 周J=92.34 月J=86.57 价=50.75 涨=1.87%  PE=13.37(None%) PB=1.5(None%)
2026-08-13 17:10:56  [ 29] 02888 渣打集团  完成  日J=88.67 周J=97.28 月J=101.1 价=238.8 涨=2.14%  PE=12.37(None%) PB=1.44(None%)
2026-08-13 17:10:57  [ 30] 00388 香港交易所  完成  日J=23.84 周J=106.84 月J=46.99 价=408.2 涨=0.39%  PE=27.43(None%) PB=9.38(None%)
2026-08-13 17:10:59  [ 31] 00386 中国石油化工股份  完成  日J=-6.51 周J=76.2 月J=1.24 价=4.22 涨=-0.82%  PE=12.49(None%) PB=0.54(None%)
2026-08-13 17:11:00  [ 32] 09633 农夫山泉  完成  日J=26.89 周J=57.24 月J=9.59 价=42.54 涨=-0.33%  PE=27.23(None%) PB=10.95(None%)
2026-08-13 17:11:01  [ 33] 02475 立讯精密  完成  日J=67.44 周J=64.99 月J=None 价=60.5 涨=-4.95%  PE=24.35(None%) PB=4.41(None%)
2026-08-13 17:11:03  [ 34] 00992 联想集团  完成  日J=103.61 周J=96.59 月J=107.8 价=34.9 涨=20.18%  PE=69.33(None%) PB=7.65(None%)
2026-08-13 17:11:04  [ 35] 06030 中信证券  完成  日J=35.66 周J=37.76 月J=46.42 价=26.98 涨=0.15%  PE=11.18(None%) PB=1.21(None%)
2026-08-13 17:11:05  [ 36] 00728 中国电信  完成  日J=16.78 周J=42.78 月J=15.06 价=4.54 涨=-1.41%  PE=11.72(None%) PB=0.78(None%)
2026-08-13 17:11:06  [ 37] 00998 中信银行  完成  日J=16.48 周J=82.29 月J=37.01 价=7.45 涨=0.4%  PE=5.19(None%) PB=0.49(None%)
2026-08-13 17:11:08  [ 38] 03993 洛阳钼业  完成  日J=31.31 周J=64.5 月J=8.44 价=17.33 涨=-4.25%  PE=13.72(None%) PB=3.68(None%)
2026-08-13 17:11:09  [ 39] 01276 恒瑞医药  完成  日J=3.63 周J=44.35 月J=4.7 价=54.85 涨=-2.14%  PE=40.04(None%) PB=5.05(None%)
2026-08-13 17:11:10  [ 40] 03986 兆易创新  完成  日J=71.49 周J=-5.19 月J=21.04 价=501.0 涨=-2.72%  PE=109.0(None%) PB=12.27(None%)
2026-08-13 17:11:11  [ 41] 06809 澜起科技  完成  日J=78.53 周J=4.84 月J=41.37 价=286.8 涨=1.34%  PE=122.16(None%) PB=14.85(None%)
2026-08-13 17:11:12  [ 42] 00267 中信股份  完成  日J=11.47 周J=53.16 月J=31.09 价=11.89 涨=0.0%  PE=5.32(None%) PB=0.4(None%)
2026-08-13 17:11:14  [ 43] 02259 紫金黄金国际  完成  日J=46.21 周J=95.53 月J=5.31 价=128.2 涨=-5.46%  PE=27.53(None%) PB=5.26(None%)
2026-08-13 17:11:15  [ 44] 02328 中国财险  完成  日J=-11.32 周J=67.94 月J=35.4 价=15.34 涨=-1.16%  PE=8.08(None%) PB=1.03(None%)
2026-08-13 17:11:16  [ 45] 00016 新鸿基地产  完成  日J=37.76 周J=49.15 月J=35.04 价=117.6 涨=0.0%  PE=15.49(None%) PB=0.55(None%)
2026-08-13 17:11:17  [ 46] 06160 百济神州  完成  日J=96.17 周J=108.93 月J=77.18 价=219.4 涨=1.29%  PE=66.04(None%) PB=9.96(None%)
2026-08-13 17:11:19  [ 47] 02338 潍柴动力  完成  日J=72.4 周J=49.25 月J=59.06 价=35.64 涨=-2.09%  PE=24.33(None%) PB=2.87(None%)
2026-08-13 17:11:20  [ 48] 02601 中国太保  完成  日J=-1.25 周J=52.83 月J=2.66 价=28.82 涨=0.35%  PE=4.61(None%) PB=0.77(None%)
2026-08-13 17:11:21  [ 49] 00001 长和  完成  日J=32.75 周J=95.38 月J=92.51 价=72.3 涨=1.47%  PE=23.39(None%) PB=0.48(None%)
2026-08-13 17:11:22  [ 50] 02378 保诚  完成  日J=-4.53 周J=48.71 月J=27.36 价=107.1 涨=0.0%  PE=8.65(None%) PB=1.74(None%)
2026-08-13 17:11:23  [ 51] 00669 创科实业  完成  日J=76.35 周J=93.52 月J=100.38 价=144.9 涨=0.07%  PE=26.01(None%) PB=4.54(None%)
2026-08-13 17:11:25  [ 52] 06951 三环集团  完成  日J=98.19 周J=92.72 月J=None 价=130.8 涨=9.0%  PE=81.17(None%) PB=9.88(None%)
2026-08-13 17:11:26  [ 53] 01347 华虹宏力  完成  日J=93.73 周J=5.39 月J=49.9 价=147.2 涨=3.08%  PE=455.21(None%) PB=4.57(None%)
2026-08-13 17:11:27  [ 54] 02611 国泰海通  完成  日J=30.99 周J=17.09 月J=23.7 价=14.42 涨=1.19%  PE=10.24(None%) PB=0.69(None%)
2026-08-13 17:11:28  [ 55] 01109 华润置地  完成  日J=74.64 周J=58.96 月J=48.81 价=34.12 涨=-2.51%  PE=8.65(None%) PB=0.76(None%)
2026-08-13 17:11:30  [ 56] 02476 胜宏科技  完成  日J=85.55 周J=23.55 月J=10.18 价=238.6 涨=-5.99%  PE=44.79(None%) PB=10.56(None%)
2026-08-13 17:11:31  [ 57] 01919 中远海控  完成  日J=34.2 周J=97.85 月J=62.53 价=15.23 涨=-0.33%  PE=8.26(None%) PB=0.87(None%)
2026-08-13 17:11:32  [ 58] 01339 中国人民保险集团  完成  日J=-10.25 周J=69.72 月J=2.53 价=5.12 涨=0.0%  PE=4.79(None%) PB=0.63(None%)
2026-08-13 17:11:33  [ 59] 01378 中国宏桥  完成  日J=20.52 周J=54.39 月J=-6.16 价=22.7 涨=-7.12%  PE=8.89(None%) PB=1.54(None%)
2026-08-13 17:11:35  [ 60] 09992 泡泡玛特  完成  日J=12.92 周J=17.61 月J=2.71 价=154.2 涨=2.12%  PE=14.52(None%) PB=8.4(None%)
2026-08-13 17:11:36  [ 61] 03692 翰森制药  完成  日J=62.44 周J=79.33 月J=16.5 价=33.86 涨=1.07%  PE=33.38(None%) PB=5.24(None%)
2026-08-13 17:11:37  [ 62] 02020 安踏体育  完成  日J=2.6 周J=56.74 月J=32.98 价=72.35 涨=-0.62%  PE=13.45(None%) PB=2.78(None%)
2026-08-13 17:11:38  [ 63] 00066 港铁公司  完成  日J=37.41 周J=75.18 月J=27.54 价=32.32 涨=0.06%  PE=8.81(None%) PB=0.98(None%)
2026-08-13 17:11:40  [ 64] 02714 牧原股份  完成  日J=109.4 周J=103.75 月J=17.54 价=34.66 涨=0.52%  PE=18.35(None%) PB=2.05(None%)
2026-08-13 17:11:41  [ 65] 00002 中电控股  完成  日J=107.83 周J=110.38 月J=101.5 价=78.65 涨=0.96%  PE=18.33(None%) PB=1.8(None%)
2026-08-13 17:11:42  [ 66] 06690 海尔智家  完成  日J=18.76 周J=56.11 月J=16.11 价=21.1 涨=0.09%  PE=9.44(None%) PB=1.4(None%)
2026-08-13 17:11:44  [ 67] 00175 吉利汽车  完成  日J=-2.07 周J=48.55 月J=24.33 价=17.91 涨=-0.83%  PE=11.21(None%) PB=1.79(None%)
2026-08-13 17:11:45  [ 68] 00762 中国联通  完成  日J=-10.26 周J=21.86 月J=4.64 价=6.26 涨=-0.95%  PE=8.65(None%) PB=0.47(None%)
2026-08-13 17:11:47  [ 69] 02269 药明生物  完成  日J=73.16 周J=99.92 月J=75.18 价=45.72 涨=0.04%  PE=34.87(None%) PB=3.61(None%)
2026-08-13 17:11:48  [ 70] 03288 海天味业  完成  日J=37.87 周J=83.14 月J=38.03 价=32.3 涨=-0.37%  PE=23.12(None%) PB=3.97(None%)
2026-08-13 17:11:49  [ 71] 01024 快手-W  完成  日J=-13.48 周J=28.04 月J=-9.52 价=40.82 涨=-1.73%  PE=9.02(None%) PB=1.91(None%)
2026-08-13 17:11:50  [ 72] 06818 中国光大银行  完成  日J=-6.09 周J=25.05 月J=10.53 价=2.98 涨=-0.33%  PE=4.15(None%) PB=0.31(None%)
2026-08-13 17:11:52  [ 73] 06031 三一重工  完成  日J=-10.65 周J=40.58 月J=5.15 价=18.59 涨=-2.16%  PE=18.1(None%) PB=1.67(None%)
2026-08-13 17:11:53  [ 74] 06936 顺丰控股  完成  日J=15.31 周J=91.42 月J=51.1 价=32.42 涨=-0.98%  PE=13.37(None%) PB=1.44(None%)
2026-08-13 17:11:54  [ 75] 01113 长实集团  完成  日J=54.48 周J=95.02 月J=61.17 价=48.1 涨=3.62%  PE=15.52(None%) PB=0.42(None%)
2026-08-13 17:11:55  [ 76] 01801 信达生物  完成  日J=88.11 周J=88.5 月J=70.65 价=95.15 涨=-0.42%  PE=184.19(None%) PB=7.7(None%)
2026-08-13 17:11:56  [ 77] 00788 中国铁塔  完成  日J=5.31 周J=72.11 月J=8.32 价=9.31 涨=0.0%  PE=10.8(None%) PB=0.69(None%)
2026-08-13 17:11:58  [ 78] 01038 长江基建集团  完成  日J=71.48 周J=106.66 月J=65.89 价=63.15 涨=3.52%  PE=6.32(None%) PB=1.08(None%)
2026-08-13 17:11:59  [ 79] 02423 贝壳-W  完成  日J=56.22 周J=88.85 月J=54.4 价=44.6 涨=-1.98%  PE=40.54(None%) PB=2.16(None%)
2026-08-13 17:12:00  [ 80] 00027 银河娱乐  完成  日J=83.3 周J=110.61 月J=25.13 价=34.94 涨=2.16%  PE=14.28(None%) PB=1.81(None%)
2026-08-13 17:12:02  [ 81] 06886 华泰证券  完成  日J=66.85 周J=48.93 月J=23.07 价=16.92 涨=1.81%  PE=7.78(None%) PB=0.76(None%)
2026-08-13 17:12:03  [ 82] 01988 民生银行  完成  日J=5.28 周J=73.52 月J=23.73 价=3.41 涨=-0.29%  PE=4.51(None%) PB=0.23(None%)
2026-08-13 17:12:04  [ 83] 01377 鼎泰高科  完成  日J=43.62 周J=48.41 月J=None 价=351.0 涨=-1.4%  PE=213.68(None%) PB=43.79(None%)
2026-08-13 17:12:05  [ 84] 00688 中国海外发展  完成  日J=69.54 周J=33.79 月J=36.19 价=13.48 涨=-2.03%  PE=10.5(None%) PB=0.34(None%)
2026-08-13 17:12:07  [ 85] 09973 奇瑞汽车  完成  日J=-5.05 周J=54.58 月J=18.78 价=25.24 涨=-0.63%  PE=7.07(None%) PB=2.35(None%)
2026-08-13 17:12:08  [ 86] 03606 福耀玻璃  完成  日J=-4.78 周J=79.49 月J=31.2 价=55.4 涨=-1.42%  PE=14.39(None%) PB=3.26(None%)
2026-08-13 17:12:09  [ 87] 01898 中煤能源  完成  日J=58.9 周J=49.36 月J=1.94 价=10.81 涨=-1.1%  PE=8.9(None%) PB=0.77(None%)
2026-08-13 17:12:10  [ 88] 01336 新华保险  完成  日J=-5.42 周J=38.74 月J=-1.53 价=45.86 涨=-0.22%  PE=3.48(None%) PB=1.02(None%)
2026-08-13 17:12:12  [ 89] 01816 中广核电力  完成  日J=5.65 周J=58.75 月J=2.2 价=2.82 涨=0.0%  PE=13.38(None%) PB=1.0(None%)
2026-08-13 17:12:13  [ 90] 01766 中国中车  完成  日J=-13.39 周J=58.48 月J=20.13 价=4.95 涨=-1.3%  PE=9.39(None%) PB=0.71(None%)
2026-08-13 17:12:14  [ 91] 02600 中国铝业  完成  日J=17.43 周J=34.5 月J=-9.75 价=8.23 涨=-6.21%  PE=8.58(None%) PB=1.55(None%)
2026-08-13 17:12:15  [ 92] 01972 太古地产  完成  日J=76.94 周J=107.49 月J=39.48 价=24.0 涨=-0.33%  PE=41.87(None%) PB=0.51(None%)
2026-08-13 17:12:17  [ 93] 02057 中通快递-W  完成  日J=-6.68 周J=58.76 月J=48.64 价=180.4 涨=-1.15%  PE=13.38(None%) PB=1.97(None%)
2026-08-13 17:12:18  [ 94] 01776 广发证券  完成  日J=52.32 周J=43.71 月J=45.47 价=17.14 涨=-0.41%  PE=7.66(None%) PB=0.86(None%)
2026-08-13 17:12:19  [ 95] 00100 MINIMAX-W  完成  日J=97.29 周J=41.38 月J=-3.08 价=376.8 涨=5.43%  PE=-9.03(None%) PB=-1.99(None%)
2026-08-13 17:12:21  [ 96] 00012 恒基地产  完成  日J=16.46 周J=67.83 月J=7.88 价=27.06 涨=-1.02%  PE=23.17(None%) PB=0.41(None%)
2026-08-13 17:12:22  [ 97] 06099 招商证券  完成  日J=40.52 周J=5.25 月J=41.76 价=14.88 涨=-0.67%  PE=8.7(None%) PB=0.92(None%)
2026-08-13 17:12:23  [ 98] 09987 百胜中国  完成  日J=17.14 周J=97.85 月J=36.48 价=376.4 涨=0.27%  PE=17.01(None%) PB=3.09(None%)
2026-08-13 17:12:25  [ 99] 00003 香港中华煤气  完成  日J=1.43 周J=63.36 月J=17.65 价=6.78 涨=0.3%  PE=22.23(None%) PB=2.13(None%)
2026-08-13 17:12:26  [100] 00358 江西铜业股份  完成  日J=40.72 周J=76.38 月J=11.67 价=36.46 涨=-4.0%  PE=13.67(None%) PB=1.33(None%)
2026-08-13 17:12:26  全部完成，结果已写入 C:\Users\hailo\Desktop\每周自动指标\output_hk\2026-08-13\metrics_2026-08-13.csv
2026-08-13 17:12:26  步骤2完成 -> C:\Users\hailo\Desktop\每周自动指标\output_hk\2026-08-13\metrics_2026-08-13.csv
2026-08-13 17:12:26  步骤3: 生成 HTML 总结报告...
2026-08-13 17:12:26  步骤3完成 -> C:\Users\hailo\Desktop\每周自动指标\output_hk\2026-08-13\report_2026-08-13.html
2026-08-13 17:12:26  步骤4: 发送邮件报告...
2026-08-13 17:12:28  步骤4完成: 邮件已发送
2026-08-13 17:12:28  ===== 全部完成 2026-08-13 =====
2026-08-13 19:00:18  今日(2026-08-13)已完成，跳过。结果目录: C:\Users\hailo\Desktop\每周自动指标\output_hk\2026-08-13
