2026-08-21 19:00:10  ===== 开始每日指标任务 2026-08-21 =====
2026-08-21 19:00:10  步骤1: 获取 A股市值前100…
2026-08-21 19:00:11  步骤1完成 -> C:\Users\hailo\Desktop\每周自动指标\output\2026-08-21\top100_2026-08-21.csv
2026-08-21 19:00:11  步骤2: 计算 KDJ-J(日/周/月) 及 PE/PB 历史分位…
2026-08-21 19:00:14  [  1] 688825 长鑫科技  完成  日J=71.09 周J=None 月J=None 价=58.0 涨=0.75%  PE=137.58(90.0%) PB=47.47(90.0%)
2026-08-21 19:00:16  [  2] 601398 工商银行  完成  日J=103.67 周J=65.55 月J=76.39 价=7.77 涨=-0.13%  PE=7.46(91.6%) PB=0.7(60.4%)
2026-08-21 19:00:17  [  3] 601939 建设银行  完成  日J=98.05 周J=73.07 月J=91.12 价=10.53 涨=-0.47%  PE=8.06(97.14%) PB=0.78(72.28%)
2026-08-21 19:00:18  [  4] 601288 农业银行  完成  日J=112.52 周J=76.27 月J=33.66 价=6.78 涨=-0.44%  PE=8.06(92.18%) PB=0.84(83.49%)
2026-08-21 19:00:20  [  5] 600941 中国移动  完成  日J=48.43 周J=95.02 月J=54.99 价=96.25 涨=-0.47%  PE=15.84(50.53%) PB=1.47(32.09%)
2026-08-21 19:00:21  [  6] 601857 中国石油  完成  日J=92.22 周J=108.1 月J=38.15 价=11.2 涨=1.91%  PE=12.96(57.2%) PB=1.26(93.51%)
2026-08-21 19:00:22  [  7] 601988 中国银行  完成  日J=96.08 周J=84.46 月J=94.87 价=6.05 涨=0.0%  PE=7.95(98.81%) PB=0.71(84.49%)
2026-08-21 19:00:24  [  8] 300750 宁德时代  完成  日J=28.06 周J=84.03 月J=39.13 价=391.15 涨=1.6%  PE=21.29(15.97%) PB=4.77(30.04%)
2026-08-21 19:00:25  [  9] 600938 中国海油  完成  日J=79.68 周J=107.48 月J=25.01 价=33.86 涨=1.68%  PE=12.91(91.74%) PB=1.92(81.96%)
2026-08-21 19:00:27  [ 10] 600519 贵州茅台  完成  日J=-9.21 周J=83.66 月J=34.36 价=1272.83 涨=-1.45%  PE=19.54(3.1%) PB=6.33(2.39%)
2026-08-21 19:00:28  [ 11] 601138 工业富联  完成  日J=-2.12 周J=46.12 月J=33.61 价=62.84 涨=1.14%  PE=26.58(86.9%) PB=7.1(91.27%)
2026-08-21 19:00:29  [ 12] 300308 中际旭创  完成  日J=50.09 周J=12.13 月J=43.29 价=943.0 涨=4.29%  PE=73.79(79.1%) PB=27.67(96.99%)
2026-08-21 19:00:30  [ 13] 688981 中芯国际  完成  日J=-3.28 周J=6.23 月J=44.36 价=124.8 涨=-0.56%  PE=211.75(89.8%) PB=7.13(92.71%)
2026-08-21 19:00:32  [ 14] 601628 中国人寿  完成  日J=31.85 周J=49.25 月J=19.78 价=37.03 涨=0.38%  PE=7.23(4.39%) PB=1.75(12.79%)
2026-08-21 19:00:33  [ 15] 601088 中国神华  完成  日J=91.43 周J=100.05 月J=58.3 价=46.41 涨=-0.3%  PE=19.52(99.14%) PB=2.09(97.23%)
2026-08-21 19:00:35  [ 16] 600036 招商银行  完成  日J=89.65 周J=79.8 月J=63.34 价=38.9 涨=0.1%  PE=6.51(24.33%) PB=0.87(9.02%)
2026-08-21 19:00:36  [ 17] 601318 中国平安  完成  日J=84.16 周J=81.99 月J=10.84 价=53.35 涨=2.32%  PE=6.06(0.05%) PB=0.94(18.13%)
2026-08-21 19:00:38  [ 18] 601899 XD紫金矿  完成  日J=77.9 周J=106.77 月J=32.97 价=34.74 涨=2.69%  PE=14.97(23.09%) PB=4.68(87.83%)
2026-08-21 19:00:39  [ 19] 002594 比亚迪  完成  日J=65.59 周J=76.87 月J=42.64 价=90.47 涨=-0.01%  PE=29.94(28.86%) PB=3.56(30.1%)
2026-08-21 19:00:40  [ 20] 600900 长江电力  完成  日J=50.76 周J=62.77 月J=84.51 价=27.96 涨=-0.71%  PE=18.96(49.24%) PB=3.0(69.66%)
2026-08-21 19:00:42  [ 21] 688256 寒武纪  完成  日J=8.11 周J=-4.03 月J=42.36 价=1035.0 涨=2.39%  PE=195.33(78.03%) PB=48.02(83.5%)
2026-08-21 19:00:43  [ 22] 000333 美的集团  完成  日J=70.71 周J=69.37 月J=80.57 价=84.3 涨=-1.26%  PE=14.55(51.67%) PB=2.77(40.27%)
2026-08-21 19:00:44  [ 23] 601328 交通银行  完成  日J=108.63 周J=83.79 月J=78.7 价=7.12 涨=0.14%  PE=6.53(89.84%) PB=0.54(53.48%)
2026-08-21 19:00:46  [ 24] 600028 中国石化  完成  日J=77.55 周J=84.07 月J=5.15 价=5.1 涨=-0.78%  PE=17.35(85.26%) PB=0.74(34.3%)
2026-08-21 19:00:47  [ 25] 300502 新易盛  完成  日J=42.83 周J=23.62 月J=49.07 价=442.0 涨=6.76%  PE=57.38(60.02%) PB=30.24(96.9%)
2026-08-21 19:00:49  [ 26] 601658 邮储银行  完成  日J=115.93 周J=55.5 月J=37.64 价=4.98 涨=0.2%  PE=6.81(58.95%) PB=0.58(7.63%)
2026-08-21 19:00:50  [ 27] 601728 中国电信  完成  日J=63.5 周J=106.05 月J=60.71 价=6.43 涨=-1.98%  PE=19.77(82.1%) PB=1.25(65.35%)
2026-08-21 19:00:51  [ 28] 688041 海光信息  完成  日J=-9.75 周J=-6.36 月J=28.98 价=246.21 涨=-0.05%  PE=182.14(64.55%) PB=22.55(77.25%)
2026-08-21 19:00:52  [ 29] 002371 北方华创  完成  日J=-6.94 周J=16.62 月J=52.91 价=714.43 涨=0.26%  PE=92.98(45.71%) PB=13.19(83.59%)
2026-08-21 19:00:54  [ 30] 603259 药明康德  完成  日J=38.76 周J=94.33 月J=92.42 价=162.86 涨=-3.0%  PE=22.42(32.7%) PB=5.83(50.97%)
2026-08-21 19:00:55  [ 31] 601998 中信银行  完成  日J=112.58 周J=105.71 月J=83.51 价=8.39 涨=0.84%  PE=6.56(87.02%) PB=0.63(71.85%)
2026-08-21 19:00:57  [ 32] 688235 百济神州  完成  日J=21.58 周J=85.11 月J=65.05 价=289.25 涨=-3.22%  PE=104.19(90.05%) PB=13.51(82.83%)
2026-08-21 19:00:58  [ 33] 600030 中信证券  完成  日J=14.74 周J=16.87 月J=72.56 价=27.12 涨=0.3%  PE=10.69(0.05%) PB=1.43(42.03%)
2026-08-21 19:01:00  [ 34] 002475 立讯精密  完成  日J=11.72 周J=5.47 月J=27.49 价=54.65 涨=2.46%  PE=24.56(28.67%) PB=4.79(34.4%)
2026-08-21 19:01:01  [ 35] 688347 华虹宏力  完成  日J=-9.15 周J=-5.42 月J=43.02 价=233.22 涨=0.23%  PE=821.37(77.64%) PB=8.96(93.5%)
2026-08-21 19:01:02  [ 36] 603993 洛阳钼业  完成  日J=10.93 周J=48.05 月J=8.83 价=18.62 涨=1.92%  PE=14.32(12.17%) PB=4.44(89.98%)
2026-08-21 19:01:04  [ 37] 601166 兴业银行  完成  日J=67.85 周J=70.22 月J=44.6 价=18.1 涨=-0.39%  PE=4.94(33.25%) PB=0.46(6.44%)
2026-08-21 19:01:05  [ 38] 002384 东山精密  完成  日J=40.18 周J=21.51 月J=56.85 价=201.08 涨=1.73%  PE=180.53(96.56%) PB=15.11(97.04%)
2026-08-21 19:01:07  [ 39] 688012 中微公司  完成  日J=-4.29 周J=22.36 月J=59.18 价=362.5 涨=-0.82%  PE=82.07(46.28%) PB=11.56(72.79%)
2026-08-21 19:01:08  [ 40] 600183 生益科技  完成  日J=3.07 周J=30.61 月J=49.32 价=132.8 涨=5.16%  PE=62.1(95.99%) PB=17.43(97.85%)
2026-08-21 19:01:09  [ 41] 600276 恒瑞医药  完成  日J=-3.99 周J=20.89 月J=14.41 价=47.74 涨=-3.56%  PE=41.01(2.96%) PB=4.92(0.43%)
2026-08-21 19:01:11  [ 42] 002415 海康威视  完成  日J=10.02 周J=53.82 月J=77.97 价=34.4 涨=0.97%  PE=19.18(7.78%) PB=3.74(21.14%)
2026-08-21 19:01:12  [ 43] 601319 中国人保  完成  日J=50.08 周J=51.89 月J=6.48 价=6.95 涨=0.43%  PE=7.21(5.89%) PB=0.96(15.34%)
2026-08-21 19:01:13  [ 44] 601211 国泰海通  完成  日J=4.07 周J=11.37 月J=39.98 价=17.38 涨=-0.63%  PE=9.45(3.1%) PB=0.92(23.76%)
2026-08-21 19:01:15  [ 45] 600000 浦发银行  完成  日J=27.79 周J=70.16 月J=21.61 价=9.05 涨=-0.66%  PE=5.88(63.5%) PB=0.4(26.05%)
2026-08-21 19:01:16  [ 46] 601869 XD长飞光  完成  日J=39.11 周J=22.12 月J=45.2 价=363.6 涨=1.65%  PE=260.14(94.6%) PB=21.15(96.48%)
2026-08-21 19:01:18  [ 47] 300059 东方财富  完成  日J=7.53 周J=18.94 月J=21.36 价=18.91 涨=0.59%  PE=22.83(3.77%) PB=3.04(8.59%)
2026-08-21 19:01:19  [ 48] 300394 天孚通信  完成  日J=71.3 周J=62.22 月J=46.29 价=273.08 涨=-1.15%  PE=128.27(96.09%) PB=47.67(97.81%)
2026-08-21 19:01:20  [ 49] 601601 中国太保  完成  日J=53.08 周J=68.28 月J=4.34 价=30.42 涨=0.83%  PE=5.43(1.1%) PB=0.92(7.68%)
2026-08-21 19:01:22  [ 50] 603986 兆易创新  完成  日J=10.48 周J=-1.87 月J=27.79 价=409.06 涨=1.38%  PE=36.2(11.98%) PB=7.7(46.9%)
2026-08-21 19:01:23  [ 51] 688802 沐曦股份-U  完成  日J=0.01 周J=3.21 月J=55.6 价=700.0 涨=-1.68%  PE=-427.08(40.61%) PB=21.38(49.09%)
2026-08-21 19:01:24  [ 52] 000858 五 粮 液  完成  日J=-5.59 周J=51.03 月J=9.07 价=71.19 涨=-1.25%  PE=21.93(27.34%) PB=2.16(0.1%)
2026-08-21 19:01:26  [ 53] 688836 C宇树-W  完成  日J=None 周J=None 月J=None  PE=465.51(33.33%) PB=94.43(33.33%)
2026-08-21 19:01:27  [ 54] 601919 中远海控  完成  日J=108.27 周J=109.77 月J=85.82 价=17.01 涨=2.22%  PE=10.37(62.45%) PB=1.1(43.61%)
2026-08-21 19:01:28  [ 55] 688795 摩尔线程-U  完成  日J=-5.66 周J=3.07 月J=16.63 价=542.89 涨=-0.75%  PE=-344.17(33.53%) PB=20.96(1.73%)
2026-08-21 19:01:30  [ 56] 600150 中国船舶  完成  日J=24.85 周J=33.04 月J=28.76 价=33.68 涨=2.09%  PE=22.42(26.24%) PB=1.69(20.99%)
2026-08-21 19:01:31  [ 57] 000338 潍柴动力  完成  日J=3.46 周J=80.82 月J=62.49 价=29.16 涨=3.04%  PE=22.29(95.56%) PB=2.64(90.6%)
2026-08-21 19:01:33  [ 58] 601225 陕西煤业  完成  日J=56.35 周J=101.01 月J=70.52 价=25.73 涨=0.7%  PE=15.43(98.95%) PB=2.44(87.45%)
2026-08-21 19:01:34  [ 59] 300476 胜宏科技  完成  日J=2.54 周J=44.99 月J=15.61 价=253.74 涨=0.11%  PE=53.29(85.26%) PB=14.33(89.98%)
2026-08-21 19:01:35  [ 60] 688008 澜起科技  完成  日J=-3.4 周J=4.3 月J=40.43 价=200.55 涨=0.72%  PE=95.71(69.65%) PB=11.74(75.93%)
2026-08-21 19:01:37  [ 61] 002916 深南电路  完成  日J=1.3 周J=31.77 月J=51.62 价=358.25 涨=3.84%  PE=67.14(96.61%) PB=13.49(92.13%)
2026-08-21 19:01:38  [ 62] 688808 联讯仪器  完成  日J=55.02 周J=58.86 月J=61.46 价=2322.22 涨=0.35%  PE=872.59(90.24%) PB=232.35(90.24%)
2026-08-21 19:01:39  [ 63] 601816 京沪高铁  完成  日J=31.07 周J=82.46 月J=75.21 价=4.87 涨=-1.81%  PE=17.85(2.0%) PB=1.13(2.0%)
2026-08-21 19:01:41  [ 64] 002379 宏桥控股  完成  日J=5.21 周J=75.12 月J=5.81 价=18.23 涨=3.58%  PE=12.05(71.66%) PB=4.1(79.87%)
2026-08-21 19:01:42  [ 65] 688820 盛合晶微  完成  日J=1.31 周J=2.92 月J=21.18 价=127.5 涨=-0.38%  PE=254.02(23.53%) PB=12.31(12.94%)
2026-08-21 19:01:43  [ 66] 300274 阳光电源  完成  日J=9.9 周J=20.13 月J=-0.1 价=113.08 涨=1.97%  PE=19.66(39.36%) PB=4.82(47.47%)
2026-08-21 19:01:45  [ 67] 002463 沪电股份  完成  日J=23.8 周J=33.47 月J=55.22 价=121.21 涨=6.03%  PE=54.22(97.33%) PB=13.89(97.81%)
2026-08-21 19:01:46  [ 68] 600309 万华化学  完成  日J=23.05 周J=75.26 月J=18.71 价=73.98 涨=-1.57%  PE=17.59(62.12%) PB=2.08(9.21%)
2026-08-21 19:01:48  [ 69] 000651 格力电器  完成  日J=100.98 周J=80.61 月J=96.0 价=41.24 涨=-0.43%  PE=7.92(35.31%) PB=1.52(6.44%)
2026-08-21 19:01:49  [ 70] 300408 三环集团  完成  日J=-5.1 周J=26.22 月J=53.42 价=113.9 涨=2.14%  PE=79.06(97.85%) PB=10.15(97.85%)
2026-08-21 19:01:51  [ 71] 002714 牧原股份  完成  日J=18.25 周J=88.11 月J=29.68 价=39.07 涨=-1.88%  PE=-201.24(13.07%) PB=2.85(4.48%)
2026-08-21 19:01:52  [ 72] 002142 宁波银行  完成  日J=104.62 周J=103.37 月J=89.8 价=34.06 涨=-0.35%  PE=7.23(34.54%) PB=0.93(30.34%)
2026-08-21 19:01:54  [ 73] 000725 京东方Ａ  完成  日J=26.21 周J=-0.51 月J=41.45 价=6.0 涨=1.69%  PE=37.35(57.68%) PB=1.63(73.76%)
2026-08-21 19:01:55  [ 74] 000001 平安银行  完成  日J=105.49 周J=90.67 月J=92.13 价=11.41 涨=0.09%  PE=5.09(30.96%) PB=0.47(9.4%)
2026-08-21 19:01:56  [ 75] 600919 江苏银行  完成  日J=84.21 周J=95.45 月J=102.24 价=11.94 涨=-1.32%  PE=6.06(81.06%) PB=0.81(88.45%)
2026-08-21 19:01:58  [ 76] 600188 兖矿能源  完成  日J=5.83 周J=87.11 月J=50.71 价=21.41 涨=0.23%  PE=22.49(97.57%) PB=2.81(84.4%)
2026-08-21 19:01:59  [ 77] 002938 鹏鼎控股  完成  日J=-1.42 周J=25.82 月J=54.49 价=89.2 涨=1.86%  PE=54.57(96.82%) PB=6.01(92.87%)
2026-08-21 19:02:01  [ 78] 603288 海天味业  完成  日J=19.87 周J=58.47 月J=45.52 价=35.05 涨=-1.96%  PE=28.17(1.34%) PB=4.88(1.34%)
2026-08-21 19:02:02  [ 79] 688498 源杰科技  完成  日J=76.81 周J=48.78 月J=65.51 价=1587.0 涨=2.72%  PE=554.93(74.02%) PB=78.26(97.19%)
2026-08-21 19:02:03  [ 80] 300433 蓝思科技  完成  日J=64.26 周J=7.55 月J=32.96 价=37.19 涨=-2.08%  PE=57.08(83.64%) PB=3.72(84.45%)
2026-08-21 19:02:04  [ 81] 688072 拓荆科技  完成  日J=-2.35 周J=20.2 月J=57.5 价=673.5 涨=0.33%  PE=90.0(40.8%) PB=15.4(86.34%)
2026-08-21 19:02:06  [ 82] 600690 XD海尔智  完成  日J=49.13 周J=66.33 月J=25.02 价=20.86 涨=-0.17%  PE=10.45(2.72%) PB=1.56(2.05%)
2026-08-21 19:02:07  [ 83] 003816 中国广核  完成  日J=17.62 周J=25.56 月J=11.85 价=3.84 涨=-0.78%  PE=20.45(82.6%) PB=1.54(50.91%)
2026-08-21 19:02:09  [ 84] 601066 中信建投  完成  日J=1.8 周J=-9.61 月J=48.67 价=24.78 涨=-0.12%  PE=15.29(0.81%) PB=2.19(14.46%)
2026-08-21 19:02:10  [ 85] 601898 中煤能源  完成  日J=55.43 周J=86.38 月J=12.66 价=14.3 涨=0.28%  PE=10.68(54.63%) PB=1.14(88.45%)
2026-08-21 19:02:12  [ 86] 300760 迈瑞医疗  完成  日J=69.0 周J=87.17 月J=31.24 价=154.45 涨=-2.29%  PE=23.88(7.71%) PB=4.67(3.04%)
2026-08-21 19:02:13  [ 87] 603268 松发股份  完成  日J=58.65 周J=97.81 月J=90.43 价=182.81 涨=3.75%  PE=53.3(68.32%) PB=17.66(87.12%)
2026-08-21 19:02:14  [ 88] 600406 国电南瑞  完成  日J=12.1 周J=62.94 月J=11.43 价=23.17 涨=0.43%  PE=22.37(17.89%) PB=3.48(26.24%)
2026-08-21 19:02:16  [ 89] 301666 大普微-UW  完成  日J=-0.15 周J=1.16 月J=18.51 价=422.66 涨=1.08%  PE=14202.67(22.73%) PB=229.87(22.73%)
2026-08-21 19:02:17  [ 90] 601336 新华保险  完成  日J=43.74 周J=42.84 月J=4.26 价=58.79 涨=1.22%  PE=4.97(0.95%) PB=1.48(41.84%)
2026-08-21 19:02:18  [ 91] 601668 中国建筑  完成  日J=29.46 周J=61.08 月J=40.45 价=4.39 涨=-0.9%  PE=4.78(44.94%) PB=0.37(0.19%)
2026-08-21 19:02:20  [ 92] 300604 长川科技  完成  日J=7.11 周J=22.54 月J=63.19 价=279.42 涨=1.33%  PE=114.68(52.05%) PB=35.42(98.57%)
2026-08-21 19:02:21  [ 93] 601985 中国核电  完成  日J=4.67 周J=25.81 月J=62.2 价=8.71 涨=-0.23%  PE=21.76(81.63%) PB=1.49(23.62%)
2026-08-21 19:02:22  [ 94] 600025 华能水电  完成  日J=27.24 周J=58.25 月J=59.68 价=9.58 涨=-0.73%  PE=20.9(69.47%) PB=2.52(68.85%)
2026-08-21 19:02:24  [ 95] 601818 光大银行  完成  日J=51.94 周J=58.71 月J=38.96 价=3.02 涨=0.0%  PE=4.72(36.4%) PB=0.35(0.72%)
2026-08-21 19:02:25  [ 96] 301377 鼎泰高科  完成  日J=-6.69 周J=17.0 月J=47.02 价=416.5 涨=1.09%  PE=185.32(87.25%) PB=56.55(95.6%)
2026-08-21 19:02:26  [ 97] 600989 宝丰能源  完成  日J=69.41 周J=96.22 月J=19.23 价=24.06 涨=2.82%  PE=11.49(0.4%) PB=3.2(61.04%)
2026-08-21 19:02:28  [ 98] 601766 中国中车  完成  日J=75.43 周J=92.68 月J=42.52 价=6.04 涨=-2.42%  PE=12.45(4.06%) PB=0.98(11.07%)
2026-08-21 19:02:29  [ 99] 600031 三一重工  完成  日J=32.65 周J=62.88 月J=22.85 价=18.8 涨=-1.31%  PE=20.53(44.85%) PB=1.91(9.78%)
2026-08-21 19:02:31  [100] 002352 顺丰控股  完成  日J=21.75 周J=55.86 月J=31.78 价=32.5 涨=-1.04%  PE=15.0(0.81%) PB=1.7(0.81%)
2026-08-21 19:02:31  全部完成，结果已写入 C:\Users\hailo\Desktop\每周自动指标\output\2026-08-21\metrics_2026-08-21.csv
2026-08-21 19:02:31  步骤2完成 -> C:\Users\hailo\Desktop\每周自动指标\output\2026-08-21\metrics_2026-08-21.csv
2026-08-21 19:02:31  步骤3: 生成 HTML 总结报告…
2026-08-21 19:02:31  步骤3完成 -> C:\Users\hailo\Desktop\每周自动指标\output\2026-08-21\report_2026-08-21.html
2026-08-21 19:02:31  步骤4: 生成个股股价走势图（含每日信号）…
2026-08-21 19:02:32  步骤4完成 -> C:\Users\hailo\Desktop\每周自动指标\output\stock_charts.html
2026-08-21 19:02:32  步骤5: 发送邮件报告…
2026-08-21 19:02:33  步骤5完成: 邮件已发送
2026-08-21 19:02:33  ===== 全部完成 2026-08-21 =====
