2026-08-11 17:31:44  ===== 开始每日指标任务 2026-08-11 =====
2026-08-11 17:31:44  步骤1: 获取 A股市值前100…
2026-08-11 17:32:00  步骤1完成 -> C:\Users\hailo\Desktop\每周自动指标\output\2026-08-11\top100_2026-08-11.csv
2026-08-11 17:32:00  步骤2: 计算 KDJ-J(日/周/月) 及 PE/PB 历史分位…
2026-08-11 17:32:03  [  1] 688825 长鑫科技  完成  日J=5.96 周J=None 月J=None 价=50.4 涨=-1.75%  PE=119.55(25.0%) PB=41.25(25.0%)
2026-08-11 17:32:04  [  2] 601398 工商银行  完成  日J=-0.09 周J=61.15 月J=67.45 价=7.6 涨=0.93%  PE=7.29(88.6%) PB=0.69(55.03%)
2026-08-11 17:32:06  [  3] 601939 建设银行  完成  日J=17.72 周J=63.35 月J=82.36 价=10.23 涨=0.99%  PE=7.83(96.12%) PB=0.75(69.3%)
2026-08-11 17:32:07  [  4] 601288 农业银行  完成  日J=-11.35 周J=65.07 月J=22.28 价=6.48 涨=0.31%  PE=7.71(89.13%) PB=0.8(75.53%)
2026-08-11 17:32:08  [  5] 600941 中国移动  完成  日J=23.14 周J=92.78 月J=55.65 价=96.42 涨=-0.29%  PE=15.4(41.92%) PB=1.47(32.23%)
2026-08-11 17:32:10  [  6] 601857 中国石油  完成  日J=51.84 周J=113.4 月J=35.91 价=11.06 涨=1.94%  PE=12.8(56.37%) PB=1.25(91.67%)
2026-08-11 17:32:11  [  7] 601988 中国银行  完成  日J=24.46 周J=65.97 月J=82.4 价=5.88 涨=1.03%  PE=7.72(95.93%) PB=0.69(79.31%)
2026-08-11 17:32:12  [  8] 300750 宁德时代  完成  日J=18.96 周J=77.14 月J=38.73 价=390.4 涨=-0.88%  PE=21.25(15.73%) PB=4.76(29.8%)
2026-08-11 17:32:14  [  9] 600519 贵州茅台  完成  日J=65.39 周J=109.82 月J=49.09 价=1346.5 涨=-0.17%  PE=20.35(10.34%) PB=6.21(2.87%)
2026-08-11 17:32:15  [ 10] 600938 中国海油  完成  日J=90.76 周J=101.3 月J=24.32 价=33.7 涨=5.31%  PE=12.85(91.58%) PB=1.91(81.05%)
2026-08-11 17:32:17  [ 11] 601138 工业富联  完成  日J=93.31 周J=48.34 月J=40.16 价=66.01 涨=-4.58%  PE=32.22(90.57%) PB=7.45(93.7%)
2026-08-11 17:32:18  [ 12] 688981 中芯国际  完成  日J=60.25 周J=2.47 月J=44.92 价=125.41 涨=-0.67%  PE=212.79(90.77%) PB=7.17(93.35%)
2026-08-11 17:32:20  [ 13] 601628 中国人寿  完成  日J=5.55 周J=61.91 月J=20.26 价=37.15 涨=-1.46%  PE=7.25(4.31%) PB=1.76(13.12%)
2026-08-11 17:32:21  [ 14] 300308 中际旭创  完成  日J=38.88 周J=0.24 月J=38.51 价=886.96 涨=2.59%  PE=69.4(75.72%) PB=29.15(97.03%)
2026-08-11 17:32:22  [ 15] 600036 招商银行  完成  日J=4.03 周J=87.62 月J=63.87 价=38.95 涨=0.1%  PE=6.52(24.62%) PB=0.87(9.15%)
2026-08-11 17:32:24  [ 16] 601088 中国神华  完成  日J=69.25 周J=81.15 月J=47.61 价=44.7 涨=0.04%  PE=18.8(97.17%) PB=2.02(90.85%)
2026-08-11 17:32:25  [ 17] 601318 中国平安  完成  日J=-19.75 周J=84.93 月J=8.47 价=52.55 涨=-1.44%  PE=7.17(4.74%) PB=0.93(17.05%)
2026-08-11 17:32:27  [ 18] 601899 紫金矿业  完成  日J=53.98 周J=102.75 月J=25.32 价=33.18 涨=-6.4%  PE=14.3(16.19%) PB=4.47(83.86%)
2026-08-11 17:32:30  [ 19] 002594 比亚迪  完成  日J=9.76 周J=83.43 月J=41.84 价=90.12 涨=-1.13%  PE=29.83(28.45%) PB=3.54(29.55%)
2026-08-11 17:32:31  [ 20] 600900 长江电力  完成  日J=23.19 周J=72.42 月J=89.75 价=28.31 涨=0.93%  PE=19.2(51.72%) PB=3.04(74.47%)
2026-08-11 17:32:33  [ 21] 688256 寒武纪  完成  日J=59.72 周J=2.28 月J=46.81 价=1090.64 涨=-2.97%  PE=205.65(78.59%) PB=50.55(88.31%)
2026-08-11 17:32:34  [ 22] 688041 海光信息  完成  日J=85.55 周J=10.15 月J=44.91 价=287.01 涨=-1.18%  PE=244.71(89.88%) PB=28.39(93.39%)
2026-08-11 17:32:35  [ 23] 000333 美的集团  完成  日J=25.0 周J=81.5 月J=85.36 价=85.62 涨=0.38%  PE=14.78(53.54%) PB=2.81(43.53%)
2026-08-11 17:32:39  [ 24] 600028 中国石化  完成  日J=30.1 周J=95.81 月J=5.37 价=5.11 涨=-0.2%  PE=17.38(85.34%) PB=0.74(34.39%)
2026-08-11 17:32:41  [ 25] 601328 交通银行  完成  日J=-6.23 周J=76.96 月J=65.87 价=6.92 涨=0.29%  PE=6.34(84.15%) PB=0.53(48.08%)
2026-08-11 17:32:42  [ 26] 601658 邮储银行  完成  日J=-1.45 周J=63.38 月J=35.78 价=4.96 涨=0.0%  PE=6.78(57.51%) PB=0.58(6.25%)
2026-08-11 17:32:44  [ 27] 300502 新易盛  完成  日J=69.37 周J=9.03 月J=43.52 价=415.3 涨=3.93%  PE=53.92(54.69%) PB=28.41(95.55%)
2026-08-11 17:32:45  [ 28] 601728 中国电信  完成  日J=22.16 周J=96.9 月J=56.73 价=6.32 涨=0.8%  PE=18.26(66.78%) PB=1.23(62.54%)
2026-08-11 17:32:46  [ 29] 002371 北方华创  完成  日J=97.76 周J=25.55 月J=57.42 价=746.1 涨=-1.83%  PE=97.1(47.17%) PB=13.78(86.49%)
2026-08-11 17:32:48  [ 30] 603259 药明康德  完成  日J=94.24 周J=100.88 月J=95.72 价=160.21 涨=-0.7%  PE=22.06(31.74%) PB=5.74(50.17%)
2026-08-11 17:32:49  [ 31] 688235 百济神州  完成  日J=92.77 周J=98.5 月J=72.6 价=300.3 涨=0.17%  PE=108.17(91.31%) PB=14.02(87.5%)
2026-08-11 17:32:51  [ 32] 688347 华虹宏力  完成  日J=95.6 周J=8.2 月J=50.23 价=262.5 涨=-0.57%  PE=924.49(80.14%) PB=10.08(95.75%)
2026-08-11 17:32:52  [ 33] 600030 中信证券  完成  日J=-8.25 周J=44.87 月J=79.95 价=27.74 涨=-0.75%  PE=12.87(9.67%) PB=1.49(47.17%)
2026-08-11 17:32:54  [ 34] 002475 立讯精密  完成  日J=31.57 周J=6.81 月J=29.54 价=55.63 涨=-0.29%  PE=25.0(30.94%) PB=4.87(36.49%)
2026-08-11 17:32:55  [ 35] 601998 中信银行  完成  日J=3.72 周J=76.04 月J=41.65 价=7.52 涨=0.0%  PE=5.88(63.65%) PB=0.56(54.12%)
2026-08-11 17:32:57  [ 36] 603993 洛阳钼业  完成  日J=46.16 周J=68.12 月J=12.01 价=19.13 涨=-7.81%  PE=16.95(24.52%) PB=4.61(92.62%)
2026-08-11 17:32:58  [ 37] 601166 兴业银行  完成  日J=-12.14 周J=82.29 月J=46.89 价=18.22 涨=-0.65%  PE=4.97(34.48%) PB=0.46(7.04%)
2026-08-11 17:32:59  [ 38] 600276 恒瑞医药  完成  日J=86.21 周J=83.51 月J=42.02 价=54.97 涨=1.46%  PE=44.94(6.8%) PB=5.73(4.74%)
2026-08-11 17:33:01  [ 39] 002384 东山精密  完成  日J=92.75 周J=8.33 月J=54.23 价=193.87 涨=4.26%  PE=174.06(96.6%) PB=15.69(97.27%)
2026-08-11 17:33:02  [ 40] 688012 中微公司  完成  日J=90.98 周J=24.8 月J=59.32 价=363.1 涨=-6.9%  PE=127.45(69.86%) PB=14.31(77.45%)
2026-08-11 17:33:03  [ 41] 002415 海康威视  完成  日J=32.41 周J=83.36 月J=87.73 价=36.37 涨=-2.86%  PE=20.28(13.46%) PB=3.95(27.54%)
2026-08-11 17:33:05  [ 42] 600183 生益科技  完成  日J=107.63 周J=23.35 月J=50.7 价=135.3 涨=-2.36%  PE=83.66(98.28%) PB=18.33(98.28%)
2026-08-11 17:33:06  [ 43] 601211 国泰海通  完成  日J=24.2 周J=35.81 月J=47.51 价=18.1 涨=-0.55%  PE=14.53(59.39%) PB=0.98(31.85%)
2026-08-11 17:33:08  [ 44] 300059 东方财富  完成  日J=24.6 周J=53.7 月J=29.98 价=19.84 涨=-0.95%  PE=23.95(5.46%) PB=3.28(11.93%)
2026-08-11 17:33:09  [ 45] 601319 中国人保  完成  日J=-9.18 周J=68.16 月J=7.32 价=6.99 涨=-1.13%  PE=7.25(5.81%) PB=0.97(16.84%)
2026-08-11 17:33:10  [ 46] 600000 浦发银行  完成  日J=-1.78 周J=84.61 月J=24.73 价=9.21 涨=-0.86%  PE=6.1(70.93%) PB=0.41(28.78%)
2026-08-11 17:33:11  [ 47] 601601 中国太保  完成  日J=-17.35 周J=83.39 月J=4.72 价=30.52 涨=-1.36%  PE=5.45(0.86%) PB=0.92(7.76%)
2026-08-11 17:33:13  [ 48] 000858 五 粮 液  完成  日J=14.04 周J=83.73 月J=15.58 价=75.0 涨=-1.56%  PE=23.1(33.86%) PB=2.27(1.25%)
2026-08-11 17:33:14  [ 49] 603986 兆易创新  完成  日J=98.47 周J=-7.08 月J=26.99 价=402.29 涨=-0.18%  PE=98.21(50.72%) PB=11.17(74.47%)
2026-08-11 17:33:15  [ 50] 688802 沐曦股份-U  完成  日J=68.22 周J=1.83 月J=56.01 价=702.88 涨=-1.7%  PE=-428.84(37.58%) PB=21.47(52.23%)
2026-08-11 17:33:17  [ 51] 601869 长飞光纤  完成  日J=107.04 周J=7.56 月J=41.01 价=335.92 涨=-2.09%  PE=240.34(94.27%) PB=19.54(96.06%)
2026-08-11 17:33:19  [ 52] 300476 胜宏科技  完成  日J=115.48 周J=46.33 月J=22.81 价=274.53 涨=-4.01%  PE=57.65(87.45%) PB=15.5(92.72%)
2026-08-11 17:33:20  [ 53] 000338 潍柴动力  完成  日J=92.65 周J=89.15 月J=68.94 价=31.14 涨=-2.93%  PE=23.8(97.99%) PB=2.82(95.69%)
2026-08-11 17:33:21  [ 54] 688795 摩尔线程-U  完成  日J=77.48 周J=12.29 月J=21.8 价=572.0 涨=-0.34%  PE=-362.63(23.64%) PB=22.08(5.45%)
2026-08-11 17:33:22  [ 55] 300408 三环集团  完成  日J=84.21 周J=32.71 月J=62.42 价=130.05 涨=2.48%  PE=90.27(99.09%) PB=11.59(99.09%)
2026-08-11 17:33:24  [ 56] 002916 深南电路  完成  日J=103.98 周J=33.11 月J=57.35 价=380.7 涨=2.23%  PE=71.35(98.18%) PB=14.33(94.06%)
2026-08-11 17:33:25  [ 57] 688820 盛合晶微  完成  日J=106.39 周J=6.46 月J=26.07 价=137.57 涨=-1.66%  PE=260.01(28.57%) PB=17.72(28.57%)
2026-08-11 17:33:26  [ 58] 600150 中国船舶  完成  日J=14.41 周J=43.48 月J=30.44 价=33.97 涨=-2.47%  PE=22.61(26.25%) PB=1.71(21.55%)
2026-08-11 17:33:28  [ 59] 002379 宏桥控股  完成  日J=31.63 周J=90.79 月J=10.46 价=19.4 涨=-1.82%  PE=12.83(72.8%) PB=4.84(83.24%)
2026-08-11 17:33:29  [ 60] 688008 澜起科技  完成  日J=60.72 周J=5.33 月J=42.6 价=206.7 涨=-0.11%  PE=98.64(72.78%) PB=12.1(78.8%)
2026-08-11 17:33:30  [ 61] 601225 陕西煤业  完成  日J=102.6 周J=98.74 月J=72.58 价=25.93 涨=-0.42%  PE=15.55(99.09%) PB=2.46(87.93%)
2026-08-11 17:33:32  [ 62] 300274 阳光电源  完成  日J=103.34 周J=22.91 月J=5.81 价=120.07 涨=5.59%  PE=20.87(45.02%) PB=5.12(52.11%)
2026-08-11 17:33:33  [ 63] 601816 XD京沪高  完成  日J=36.62 周J=105.23 月J=90.95 价=5.04 涨=0.7%  PE=18.47(4.97%) PB=1.17(6.47%)
2026-08-11 17:33:35  [ 64] 300394 天孚通信  完成  日J=100.81 周J=26.97 月J=31.55 价=222.49 涨=-0.24%  PE=111.75(94.83%) PB=40.59(95.11%)
2026-08-11 17:33:36  [ 65] 600309 万华化学  完成  日J=57.07 周J=97.37 月J=22.98 价=75.65 涨=-3.03%  PE=17.99(64.75%) PB=2.13(10.2%)
2026-08-11 17:33:37  [ 66] 601919 中远海控  完成  日J=52.14 周J=107.52 月J=63.35 价=15.48 涨=-1.02%  PE=9.43(58.67%) PB=1.0(32.9%)
2026-08-11 17:33:40  [ 67] 002463 沪电股份  完成  日J=99.34 周J=28.36 月J=55.04 价=121.0 涨=-1.39%  PE=54.13(97.51%) PB=13.87(97.99%)
2026-08-11 17:33:41  [ 68] 002714 牧原股份  完成  日J=91.8 周J=97.2 月J=33.8 价=40.11 涨=-0.32%  PE=23.67(69.97%) PB=2.68(2.68%)
2026-08-11 17:33:43  [ 69] 000651 格力电器  完成  日J=14.24 周J=79.99 月J=87.23 价=40.54 涨=-0.32%  PE=7.78(28.98%) PB=1.49(5.6%)
2026-08-11 17:33:44  [ 70] 002938 鹏鼎控股  完成  日J=95.87 周J=33.75 月J=61.79 价=96.67 涨=-1.88%  PE=60.35(98.17%) PB=6.47(97.28%)
2026-08-11 17:33:45  [ 71] 600188 兖矿能源  完成  日J=110.07 周J=78.97 月J=54.34 价=22.1 涨=1.47%  PE=23.22(98.8%) PB=2.9(89.46%)
2026-08-11 17:33:47  [ 72] 000725 京东方Ａ  完成  日J=88.35 周J=-2.8 月J=40.22 价=5.91 涨=0.34%  PE=36.79(57.47%) PB=1.61(72.51%)
2026-08-11 17:33:48  [ 73] 000001 平安银行  完成  日J=10.21 周J=90.63 月J=85.15 价=11.26 涨=-0.27%  PE=5.07(29.6%) PB=0.47(8.09%)
2026-08-11 17:33:50  [ 74] 600919 江苏银行  完成  日J=68.75 周J=99.65 月J=103.78 价=11.75 涨=-0.51%  PE=5.97(78.64%) PB=0.82(89.75%)
2026-08-11 17:33:51  [ 75] 002142 宁波银行  完成  日J=41.69 周J=89.74 月J=82.1 价=32.14 涨=0.44%  PE=7.05(32.52%) PB=0.91(28.93%)
2026-08-11 17:33:52  [ 76] 688808 联讯仪器  完成  日J=88.75 周J=34.96 月J=51.78 价=2062.03 涨=-3.6%  PE=774.82(55.41%) PB=206.32(55.41%)
2026-08-11 17:33:54  [ 77] 603288 海天味业  完成  日J=-6.26 周J=79.25 月J=54.19 价=36.17 涨=-1.66%  PE=29.07(2.11%) PB=5.04(2.3%)
2026-08-11 17:33:55  [ 78] 600690 海尔智家  完成  日J=-6.02 周J=79.22 月J=27.31 价=22.0 涨=-1.12%  PE=11.02(6.03%) PB=1.65(3.93%)
2026-08-11 17:33:57  [ 79] 688072 拓荆科技  完成  日J=100.29 周J=26.2 月J=60.62 价=700.0 涨=-3.85%  PE=123.75(79.35%) PB=28.08(97.04%)
2026-08-11 17:33:58  [ 80] 003816 中国广核  完成  日J=9.18 周J=40.04 月J=20.93 价=3.98 涨=0.76%  PE=21.19(88.44%) PB=1.6(62.95%)
2026-08-11 17:34:00  [ 81] 601066 中信建投  完成  日J=63.33 周J=4.17 月J=54.27 价=25.71 涨=-0.96%  PE=17.7(7.03%) PB=2.31(19.27%)
2026-08-11 17:34:01  [ 82] 600406 国电南瑞  完成  日J=2.39 周J=88.3 月J=17.6 价=23.99 涨=-0.62%  PE=23.16(25.77%) PB=3.6(33.09%)
2026-08-11 17:34:03  [ 83] 601898 中煤能源  完成  日J=91.69 周J=60.21 月J=13.06 价=14.34 涨=-0.42%  PE=10.71(54.93%) PB=1.16(91.24%)
2026-08-11 17:34:04  [ 84] 301666 大普微-UW  完成  日J=88.06 周J=-0.78 月J=19.64 价=433.08 涨=0.25%  PE=14552.82(25.0%) PB=235.54(25.0%)
2026-08-11 17:34:05  [ 85] 601668 中国建筑  完成  日J=-7.4 周J=87.57 月J=49.99 价=4.52 涨=-0.44%  PE=4.92(52.35%) PB=0.38(0.57%)
2026-08-11 17:34:06  [ 86] 300760 迈瑞医疗  完成  日J=29.97 周J=90.55 月J=30.33 价=153.49 涨=-1.34%  PE=23.73(6.9%) PB=4.64(2.47%)
2026-08-11 17:34:08  [ 87] 300433 蓝思科技  完成  日J=81.64 周J=-4.34 月J=26.96 价=34.6 涨=-0.83%  PE=53.1(82.47%) PB=3.34(77.16%)
2026-08-11 17:34:09  [ 88] 601985 中国核电  完成  日J=11.47 周J=49.41 月J=75.69 价=8.88 涨=0.34%  PE=22.19(84.87%) PB=1.52(29.74%)
2026-08-11 17:34:10  [ 89] 600025 华能水电  完成  日J=8.39 周J=74.54 月J=68.27 价=9.78 涨=0.41%  PE=21.34(74.28%) PB=2.57(72.7%)
2026-08-11 17:34:12  [ 90] 601336 新华保险  完成  日J=9.55 周J=54.05 月J=3.18 价=58.36 涨=-2.83%  PE=4.93(0.43%) PB=1.47(41.09%)
2026-08-11 17:34:13  [ 91] 301377 鼎泰高科  完成  日J=91.39 周J=14.04 月J=48.73 价=429.01 涨=-1.93%  PE=292.65(97.12%) PB=62.69(97.12%)
2026-08-11 17:34:14  [ 92] 300604 长川科技  完成  日J=102.62 周J=25.75 月J=63.58 价=281.04 涨=-2.44%  PE=115.35(52.39%) PB=35.62(98.85%)
2026-08-11 17:34:16  [ 93] 601818 光大银行  完成  日J=-17.93 周J=69.63 月J=38.96 价=3.02 涨=-0.98%  PE=4.72(36.21%) PB=0.35(0.38%)
2026-08-11 17:34:17  [ 94] 001399 惠科股份  完成  日J=82.04 周J=-1.85 月J=None 价=24.05 涨=0.5%  PE=47.07(30.3%) PB=6.75(30.3%)
2026-08-11 17:34:19  [ 95] 300033 同花顺  完成  日J=71.43 周J=54.78 月J=35.18 价=235.99 涨=-1.06%  PE=53.17(52.63%) PB=25.41(95.59%)
2026-08-11 17:34:20  [ 96] 002352 顺丰控股  完成  日J=0.76 周J=81.21 月J=40.68 价=33.59 涨=-0.62%  PE=15.5(1.58%) PB=1.76(1.58%)
2026-08-11 17:34:21  [ 97] 301308 江波龙  完成  日J=108.76 周J=5.97 月J=29.8 价=417.5 涨=1.21%  PE=14.74(46.25%) PB=9.51(80.68%)
2026-08-11 17:34:22  [ 98] 603268 松发股份  完成  日J=80.15 周J=82.4 月J=84.06 价=173.25 涨=-5.46%  PE=50.51(63.27%) PB=16.74(85.92%)
2026-08-11 17:34:24  [ 99] 600930 华电新能  完成  日J=16.91 周J=5.27 月J=0.43 价=4.21 涨=-0.47%  PE=27.43(1.92%) PB=1.59(1.92%)
2026-08-11 17:34:25  [100] 600031 三一重工  完成  日J=-6.3 周J=79.39 月J=25.3 价=19.04 涨=-3.55%  PE=20.79(45.64%) PB=1.93(11.97%)
2026-08-11 17:34:25  全部完成，结果已写入 C:\Users\hailo\Desktop\每周自动指标\output\2026-08-11\metrics_2026-08-11.csv
2026-08-11 17:34:25  步骤2完成 -> C:\Users\hailo\Desktop\每周自动指标\output\2026-08-11\metrics_2026-08-11.csv
2026-08-11 17:34:25  步骤3: 生成 HTML 总结报告…
2026-08-11 17:34:25  步骤3完成 -> C:\Users\hailo\Desktop\每周自动指标\output\2026-08-11\report_2026-08-11.html
2026-08-11 17:34:25  步骤4: 生成个股股价走势图（含每日信号）…
2026-08-11 17:34:26  步骤4完成 -> C:\Users\hailo\Desktop\每周自动指标\output\stock_charts.html
2026-08-11 17:34:26  步骤5: 发送邮件报告…
2026-08-11 17:34:28  步骤5完成: 邮件已发送
2026-08-11 17:34:28  ===== 全部完成 2026-08-11 =====
2026-08-11 19:00:09  今日(2026-08-11)已完成，跳过。结果目录: C:\Users\hailo\Desktop\每周自动指标\output\2026-08-11
