2026-09-11 20:58:35  ===== 开始每日ETF指标任务 2026-09-11 =====
2026-09-11 20:58:35  步骤1: 获取场内规模前100的ETF...
[  1] 510300 沪深300ETF华泰柏瑞  规模=1061.66亿  跟踪=沪深300指数  主题=沪深300
[  2] 588000 科创50ETF华夏  规模=889.09亿  跟踪=上证科创板50成份指数  主题=科创板
[  3] 159915 创业板ETF易方达  规模=646.7亿  跟踪=创业板指数(价格)  主题=创业板
[  4] 512880 证券ETF国泰  规模=595.18亿  跟踪=中证全指证券公司指数  主题=证券
[  5] 510310 沪深300ETF易方达  规模=506.28亿  跟踪=沪深300指数  主题=沪深300
[  6] 588200 科创芯片ETF嘉实  规模=471.75亿  跟踪=上证科创板芯片指数  主题=半导体
[  7] 515880 通信ETF国泰  规模=421.75亿  跟踪=中证全指通信设备指数  主题=通信
[  8] 588080 科创50ETF易方达  规模=411.26亿  跟踪=上证科创板50成份指数  主题=科创板
[  9] 510500 中证500ETF南方  规模=409.48亿  跟踪=中证500指数  主题=中证500
[ 10] 159516 半导体设备ETF国泰  规模=401.16亿  跟踪=中证半导体材料设备主题指数  主题=半导体
[ 11] 510330 沪深300ETF华夏  规模=399.51亿  跟踪=沪深300指数  主题=沪深300
[ 12] 588170 科创半导体ETF华夏  规模=391.07亿  跟踪=上证科创板半导体材料设备主题指数  主题=半导体
[ 13] 563360 A500ETF华泰柏瑞  规模=385.22亿  跟踪=中证A500指数  主题=中证A500
[ 14] 512000 券商ETF华宝  规模=368.68亿  跟踪=中证全指证券公司指数  主题=证券
[ 15] 159352 A500ETF南方  规模=331.83亿  跟踪=中证A500指数  主题=中证A500
[ 16] 512890 红利低波ETF华泰柏瑞  规模=316.93亿  跟踪=中证红利低波动指数  主题=红利
[ 17] 159919 沪深300ETF嘉实  规模=298.8亿  跟踪=沪深300指数  主题=沪深300
[ 18] 159361 A500ETF易方达  规模=274.8亿  跟踪=中证A500指数  主题=中证A500
[ 19] 159995 芯片ETF华夏  规模=266.14亿  跟踪=国证半导体芯片指数  主题=半导体
[ 20] 512400 有色金属ETF南方  规模=253.51亿  跟踪=有色金属  主题=有色金属
[ 21] 159338 中证A500ETF国泰  规模=249.9亿  跟踪=中证A500指数  主题=中证A500
[ 22] 159949 创业板50ETF华安  规模=242.18亿  跟踪=创业板50指数  主题=创业板
[ 23] 512170 医疗ETF华宝  规模=234.52亿  跟踪=中证医疗指数  主题=医药
[ 24] 159819 人工智能ETF易方达  规模=206.1亿  跟踪=中证人工智能主题指数  主题=人工智能
[ 25] 510050 上证50ETF华夏  规模=204.11亿  跟踪=上证50指数  主题=上证50
[ 26] 515450 红利低波50ETF南方  规模=200.19亿  跟踪=标普中国A股大盘红利低波50指数  主题=红利
[ 27] 512480 半导体ETF国联安  规模=195.51亿  跟踪=中证全指半导体产品与设备指数  主题=半导体
[ 28] 159558 半导体设备ETF易方达  规模=194.12亿  跟踪=中证半导体材料设备主题指数  主题=半导体
[ 29] 512050 A500ETF华夏  规模=190.87亿  跟踪=中证A500指数  主题=中证A500
[ 30] 510880 红利ETF华泰柏瑞  规模=190.05亿  跟踪=上证红利指数  主题=红利
[ 31] 159326 电网设备ETF华夏  规模=189.39亿  跟踪=中证电网设备主题指数  主题=其他
[ 32] 512100 中证1000ETF南方  规模=188.83亿  跟踪=中证1000指数  主题=中证1000
[ 33] 515050 通信ETF华夏  规模=183.53亿  跟踪=中证5G通信主题指数  主题=通信
[ 34] 515180 红利ETF易方达  规模=181.67亿  跟踪=中证红利指数  主题=红利
[ 35] 510180 上证180ETF华安  规模=172.36亿  跟踪=上证180指数  主题=上证180
[ 36] 562500 机器人ETF华夏  规模=167.78亿  跟踪=中证机器人指数  主题=机器人
[ 37] 159781 科创创业ETF易方达  规模=163.43亿  跟踪=中证科创创业50指数  主题=科创板
[ 38] 159992 创新药ETF银华  规模=163.11亿  跟踪=中证创新药产业指数  主题=医药
[ 39] 159201 自由现金流ETF华夏  规模=158.84亿  跟踪=国证自由现金流指数  主题=货币市场
[ 40] 159530 机器人ETF易方达  规模=158.31亿  跟踪=国证机器人产业指数  主题=机器人
[ 41] 159928 消费ETF汇添富  规模=152.02亿  跟踪=中证主要消费指数  主题=消费
[ 42] 512010 医药ETF易方达  规模=146.42亿  跟踪=沪深300医药卫生指数  主题=医药
[ 43] 510210 上证指数ETF富国  规模=138.74亿  跟踪=上证综合指数  主题=其他
[ 44] 517520 黄金股ETF永赢  规模=133.73亿  跟踪=中证沪深港黄金产业股票指数  主题=黄金
[ 45] 159870 化工ETF鹏华  规模=132.4亿  跟踪=细分化工  主题=化工
[ 46] 512070 证券保险ETF易方达  规模=132.17亿  跟踪=沪深300非银行金融指数  主题=证券
[ 47] 512690 酒ETF鹏华  规模=131.56亿  跟踪=中证酒指数  主题=白酒
[ 48] 159206 卫星ETF永赢  规模=124.79亿  跟踪=国证商用卫星通信产业指数  主题=通信
[ 49] 560780 半导体设备ETF广发  规模=121.9亿  跟踪=中证半导体材料设备主题指数  主题=半导体
[ 50] 563020 XD红利低波ETF易方达  规模=120.63亿  跟踪=中证红利低波动指数  主题=红利
[ 51] 513630 港股低波红利ETF摩根  规模=118.37亿  跟踪=标普港股通低波红利指数  主题=红利
[ 52] 159841 证券ETF天弘  规模=115.8亿  跟踪=中证全指证券公司指数  主题=证券
[ 53] 159952 创业板ETF广发  规模=110.91亿  跟踪=创业板指数(价格)  主题=创业板
[ 54] 515120 创新药ETF广发  规模=109.31亿  跟踪=中证创新药产业指数  主题=医药
[ 55] 563800 A500ETF广发  规模=107.14亿  跟踪=中证A500指数  主题=中证A500
[ 56] 515080 中证红利ETF招商  规模=106.66亿  跟踪=中证红利指数  主题=红利
[ 57] 588050 科创50ETF工银  规模=106.2亿  跟踪=上证科创板50成份指数  主题=科创板
[ 58] 515220 煤炭ETF国泰  规模=106.02亿  跟踪=中证煤炭指数  主题=煤炭
[ 59] 588710 科创半导体设备ETF华泰柏瑞  规模=104.68亿  跟踪=上证科创板半导体材料设备主题指数  主题=半导体
[ 60] 512760 芯片ETF国泰  规模=100.33亿  跟踪=中华交易服务半导体芯片行业人民币指数  主题=半导体
[ 61] 512800 银行ETF华宝  规模=97.34亿  跟踪=中证银行指数  主题=银行
[ 62] 159611 电力ETF广发  规模=95.01亿  跟踪=中证全指电力公用事业指数  主题=电力
[ 63] 516650 有色金属ETF华夏  规模=94.13亿  跟踪=细分有色  主题=有色金属
[ 64] 159852 软件ETF嘉实  规模=91.96亿  跟踪=中证软件服务指数  主题=计算机
[ 65] 159842 券商ETF银华  规模=90.96亿  跟踪=中证全指证券公司指数  主题=证券
[ 66] 159922 中证500ETF嘉实  规模=85.35亿  跟踪=中证500指数  主题=中证500
[ 67] 159351 A500ETF嘉实  规模=85.35亿  跟踪=中证A500指数  主题=中证A500
[ 68] 560860 工业有色ETF万家  规模=84.37亿  跟踪=中证工业有色金属主题指数  主题=有色金属
[ 69] 562590 半导体设备ETF华夏  规模=83.44亿  跟踪=中证半导体材料设备主题指数  主题=半导体
[ 70] 159869 游戏ETF华夏  规模=82.97亿  跟踪=中证动漫游戏指数  主题=传媒
[ 71] 515330 沪深300ETF天弘  规模=81.27亿  跟踪=沪深300指数  主题=沪深300
[ 72] 515070 人工智能ETF华夏  规模=80.71亿  跟踪=中证人工智能主题指数  主题=人工智能
[ 73] 159263 价值ETF易方达  规模=80.55亿  跟踪=国证价值100指数  主题=价值
[ 74] 512900 证券ETF南方  规模=79.59亿  跟踪=中证全指证券公司指数  主题=证券
[ 75] 563220 A500ETF富国  规模=78.72亿  跟踪=中证A500指数  主题=中证A500
[ 76] 512660 军工ETF国泰  规模=77.77亿  跟踪=中证军工指数  主题=军工
[ 77] 512500 中证500ETF华夏  规模=76.87亿  跟踪=中证500指数  主题=中证500
[ 78] 588060 科创50ETF广发  规模=76.15亿  跟踪=上证科创板50成份指数  主题=科创板
[ 79] 159259 成长ETF易方达  规模=75.75亿  跟踪=国证成长100指数  主题=成长
[ 80] 512710 军工龙头ETF富国  规模=73.34亿  跟踪=中证军工龙头指数  主题=军工
[ 81] 159845 中证1000ETF华夏  规模=71.62亿  跟踪=中证1000指数  主题=中证1000
[ 82] 588750 科创芯片ETF汇添富  规模=71.25亿  跟踪=上证科创板芯片指数  主题=半导体
[ 83] 159363 创业板人工智能ETF华宝  规模=71.08亿  跟踪=创业板人工智能指数  主题=人工智能
[ 84] 159307 红利低波100ETF博时  规模=69.79亿  跟踪=中证红利低波动100指数  主题=红利
[ 85] 159755 电池ETF广发  规模=67.9亿  跟踪=国证新能源车电池指数  主题=新能源
[ 86] 159157 有色金属ETF天弘  规模=65.4亿  跟踪=中证工业有色金属主题指数  主题=有色金属
[ 87] 159977 创业板ETF天弘  规模=64.33亿  跟踪=创业板指数(价格)  主题=创业板
[ 88] 159865 养殖ETF国泰  规模=64.13亿  跟踪=中证畜牧养殖指数  主题=农业
[ 89] 563300 中证2000ETF华泰柏瑞  规模=63.99亿  跟踪=中证2000指数  主题=中证2000
[ 90] 159813 半导体ETF鹏华  规模=63.16亿  跟踪=国证半导体芯片指数  主题=半导体
[ 91] 515980 人工智能ETF华富  规模=62.14亿  跟踪=中证人工智能产业指数  主题=人工智能
[ 92] 516150 稀土ETF嘉实  规模=61.98亿  跟踪=中证稀土产业指数  主题=有色金属
[ 93] 588220 科创100ETF鹏华  规模=61.97亿  跟踪=上证科创板100指数  主题=科创板
[ 94] 159851 金融科技ETF华宝  规模=61.58亿  跟踪=中证金融科技主题指数  主题=其他
[ 95] 560610 A500ETF招商  规模=60.7亿  跟踪=中证A500指数  主题=中证A500
[ 96] 512950 央企改革ETF华夏  规模=60.53亿  跟踪=中证央企结构调整指数  主题=央企国企
[ 97] 159562 黄金股ETF华夏  规模=59.56亿  跟踪=中证沪深港黄金产业股票指数  主题=黄金
[ 98] 560010 中证1000ETF广发  规模=57.57亿  跟踪=中证1000指数  主题=中证1000
[ 99] 159770 机器人ETF天弘  规模=57.11亿  跟踪=中证机器人指数  主题=机器人
[100] 159549 红利低波ETF天弘  规模=56.71亿  跟踪=中证红利低波动100指数  主题=红利
2026-09-11 20:59:25  步骤1完成 -> /home/runner/work/daily-stock-metrics/daily-stock-metrics/output_etf/2026-09-11/etf_list_2026-09-11.csv
2026-09-11 20:59:25  步骤2: 计算 KDJ-J(日/周/月)...
2026-09-11 20:59:25  步骤2: 计算指标...
2026-09-11 20:59:25  观察池: 共63只(含历史追踪2只)
2026-09-11 20:59:25  待处理 63 条，并发数 8
2026-09-11 20:59:31  [  3] 159915 创业板ETF易方达  完成  日J=41.17 周J=14.43 月J=5.72 MA20=3.45 MA60=3.668 多头=0 价=3.34 涨=-0.54%  PE=37.94(31.0%) PB=5.3(59.44%)
2026-09-11 20:59:31  [  5] 588200 科创芯片ETF嘉实  完成  日J=12.93 周J=0.9 月J=28.64 MA20=1.158 MA60=1.275 多头=0 价=1.09 涨=-1.45%  PE=93.82(70.5%) PB=None(None%)
2026-09-11 20:59:31  [  6] 515880 通信ETF国泰  完成  日J=85.0 周J=49.05 月J=26.64 MA20=0.668 MA60=0.708 多头=0 价=0.68 涨=1.34%  PE=44.54(87.21%) PB=None(None%)
2026-09-11 20:59:31  [  4] 512880 证券ETF国泰  完成  日J=-2.74 周J=7.05 月J=25.68 MA20=1.086 MA60=1.106 多头=0 价=1.06 涨=-3.02%  PE=12.46(3.56%) PB=1.23(10.2%)
2026-09-11 20:59:31  [  7] 510500 中证500ETF南方  完成  日J=26.38 周J=28.57 月J=14.04 MA20=7.841 MA60=8.041 多头=0 价=7.61 涨=-1.7%  PE=25.58(61.53%) PB=2.35(76.24%)
2026-09-11 20:59:31  [  2] 588000 科创50ETF华夏  完成  日J=9.7 周J=-4.7 月J=23.25 MA20=1.731 MA60=1.891 多头=0 价=1.64 涨=-1.15%  PE=69.23(66.6%) PB=7.09(81.55%)
2026-09-11 20:59:32  [  1] 510300 沪深300ETF华泰柏瑞  完成  日J=21.38 周J=11.55 月J=15.37 MA20=4.658 MA60=4.749 多头=0 价=4.58 涨=-0.8%  PE=13.52(61.71%) PB=1.42(40.56%)
2026-09-11 20:59:33  [  8] 159516 半导体设备ETF国泰  完成  日J=19.89 周J=5.39 月J=34.53 MA20=0.708 MA60=0.762 多头=0 价=0.65 涨=-2.4%  PE=95.05(90.6%) PB=None(None%)
2026-09-11 20:59:33  [ 10] 563360 A500ETF华泰柏瑞  完成  日J=25.94 周J=12.97 月J=8.91 MA20=1.283 MA60=1.315 多头=0 价=1.25 涨=-1.1%  PE=15.1(48.48%) PB=None(None%)
2026-09-11 20:59:33  [ 12] 159995 芯片ETF华夏  完成  日J=18.83 周J=-1.28 月J=20.31 MA20=1.142 MA60=1.28 多头=0 价=1.08 涨=-1.37%  PE=None(None%) PB=None(None%)
2026-09-11 20:59:33  [ 14] 159949 创业板50ETF华安  完成  日J=50.88 周J=13.19 月J=1.24 MA20=1.616 MA60=1.733 多头=0 价=1.57 涨=-0.89%  PE=None(None%) PB=None(None%)
2026-09-11 20:59:33  [ 11] 512890 红利低波ETF华泰柏瑞  完成  日J=49.77 周J=98.7 月J=93.24 MA20=1.191 MA60=1.157 多头=1 价=1.2 涨=-1.15%  PE=8.02(73.9%) PB=0.88(62.68%)
2026-09-11 20:59:33  [  9] 588170 科创半导体ETF华夏  完成  日J=18.26 周J=4.53 月J=35.91 MA20=0.979 MA60=1.055 多头=0 价=0.9 涨=-1.32%  PE=41.55(78.79%) PB=None(None%)
2026-09-11 20:59:35  [ 15] 512170 医疗ETF华宝  完成  日J=3.08 周J=41.19 月J=39.5 MA20=0.343 MA60=0.329 多头=1 价=0.33 涨=-0.9%  PE=26.86(17.16%) PB=3.38(9.8%)
2026-09-11 20:59:35  [ 16] 159819 人工智能ETF易方达  完成  日J=11.28 周J=1.0 月J=22.89 MA20=1.743 MA60=1.886 多头=0 价=1.7 涨=-0.12%  PE=44.39(46.52%) PB=None(None%)
2026-09-11 20:59:35  [ 18] 515450 红利低波50ETF南方  完成  日J=43.12 周J=63.77 月J=70.55 MA20=1.396 MA60=1.378 多头=1 价=1.4 涨=-0.5%  PE=8.55(79.44%) PB=0.88(62.68%)
2026-09-11 20:59:36  [ 17] 510050 上证50ETF华夏  完成  日J=4.67 周J=37.8 月J=27.91 MA20=3.019 MA60=3.031 多头=0 价=2.98 涨=-1.19%  PE=11.04(69.7%) PB=1.24(51.4%)
2026-09-11 20:59:36  [ 19] 512480 半导体ETF国联安  完成  日J=8.01 周J=0.29 月J=22.52 MA20=1.026 MA60=1.138 多头=0 价=0.96 涨=-1.64%  PE=63.78(44.28%) PB=None(None%)
2026-09-11 20:59:36  [ 21] 159326 电网设备ETF华夏  完成  日J=47.48 周J=44.84 月J=7.0 MA20=1.672 MA60=1.746 多头=0 价=1.64 涨=-0.36%  PE=11.66(67.09%) PB=None(None%)
2026-09-11 20:59:36  [ 20] 510880 红利ETF华泰柏瑞  完成  日J=39.6 周J=89.07 月J=88.6 MA20=3.424 MA60=3.249 多头=1 价=3.42 涨=-1.53%  PE=8.87(82.03%) PB=0.87(63.28%)
2026-09-11 20:59:38  [ 22] 512100 中证1000ETF南方  完成  日J=30.57 周J=49.92 月J=20.13 MA20=3.096 MA60=3.149 多头=0 价=3.01 涨=-2.34%  PE=30.07(64.14%) PB=2.34(41.72%)
2026-09-11 20:59:38  [ 13] 512400 有色金属ETF南方  完成  日J=28.82 周J=71.34 月J=7.19 MA20=1.836 MA60=1.779 多头=1 价=1.75 涨=-4.27%  PE=15.08(78.87%) PB=None(None%)
2026-09-11 20:59:38  [ 25] 510180 上证180ETF华安  完成  日J=12.07 周J=35.95 月J=18.66 MA20=3.964 MA60=3.998 多头=0 价=3.9 涨=-1.29%  PE=11.64(58.17%) PB=1.22(39.56%)
2026-09-11 20:59:38  [ 27] 159781 科创创业ETF易方达  完成  日J=26.83 周J=-3.17 月J=13.14 MA20=1.078 MA60=1.182 多头=0 价=1.03 涨=-0.39%  PE=38.18(52.88%) PB=None(None%)
2026-09-11 20:59:38  [ 23] 515050 通信ETF华夏  完成  日J=86.29 周J=41.24 月J=32.52 MA20=1.036 MA60=1.105 多头=0 价=1.05 涨=0.57%  PE=44.46(86.17%) PB=None(None%)
2026-09-11 20:59:39  [ 28] 159992 创新药ETF银华  完成  日J=8.45 周J=4.26 月J=50.98 MA20=0.864 MA60=0.855 多头=1 价=0.8 涨=-2.19%  PE=25.87(20.84%) PB=None(None%)
2026-09-11 20:59:39  [ 24] 515180 红利ETF易方达  完成  日J=20.25 周J=84.2 月J=74.57 MA20=1.447 MA60=1.395 多头=1 价=1.44 涨=-1.71%  PE=8.61(62.04%) PB=0.85(51.92%)
2026-09-11 20:59:39  [ 26] 562500 机器人ETF华夏  完成  日J=4.7 周J=3.17 月J=-4.04 MA20=0.957 MA60=1.012 多头=0 价=0.91 涨=-1.73%  PE=43.77(19.19%) PB=None(None%)
2026-09-11 20:59:40  [ 29] 159201 自由现金流ETF华夏  完成  日J=33.68 周J=95.31 月J=22.01 MA20=1.185 MA60=1.15 多头=1 价=1.18 涨=-1.42%  PE=None(None%) PB=None(None%)
2026-09-11 20:59:40  [ 30] 159530 机器人ETF易方达  完成  日J=8.74 周J=3.72 月J=-3.81 MA20=1.329 MA60=1.409 多头=0 价=1.26 涨=-1.94%  PE=None(None%) PB=None(None%)
2026-09-11 20:59:41  [ 34] 517520 黄金股ETF永赢  完成  日J=38.75 周J=84.55 月J=20.19 MA20=2.19 MA60=1.929 多头=1 价=2.12 涨=-3.07%  PE=20.58(39.66%) PB=None(None%)
2026-09-11 20:59:42  [ 32] 512010 医药ETF易方达  完成  日J=31.32 周J=28.51 月J=62.09 MA20=0.383 MA60=0.374 多头=1 价=0.37 涨=0.27%  PE=22.59(2.36%) PB=None(None%)
2026-09-11 20:59:42  [ 35] 159870 化工ETF鹏华  完成  日J=3.21 周J=46.03 月J=6.89 MA20=0.808 MA60=0.811 多头=0 价=0.77 涨=-3.25%  PE=17.2(29.88%) PB=None(None%)
2026-09-11 20:59:42  [ 31] 159928 消费ETF汇添富  完成  日J=-0.42 周J=62.51 月J=33.24 MA20=0.669 MA60=0.658 多头=1 价=0.66 涨=-1.05%  PE=19.81(19.43%) PB=3.4(1.56%)
2026-09-11 20:59:42  [ 36] 512070 证券保险ETF易方达  完成  日J=-11.02 周J=48.55 月J=15.34 MA20=0.798 MA60=0.8 多头=0 价=0.79 涨=-2.11%  PE=7.31(0.03%) PB=None(None%)
2026-09-11 20:59:42  [ 38] 159206 卫星ETF永赢  完成  日J=27.56 周J=23.92 月J=-2.24 MA20=1.362 MA60=1.443 多头=0 价=1.33 涨=-1.26%  PE=None(None%) PB=None(None%)
2026-09-11 20:59:42  [ 33] 510210 上证指数ETF富国  完成  日J=25.09 周J=79.74 月J=32.13 MA20=1.006 MA60=1.001 多头=1 价=1.0 涨=-0.79%  PE=14.61(66.71%) PB=None(None%)
2026-09-11 20:59:42  [ 37] 512690 酒ETF鹏华  完成  日J=-5.23 周J=48.68 月J=19.08 MA20=0.424 MA60=0.42 多头=1 价=0.41 涨=-1.91%  PE=19.31(17.15%) PB=None(None%)
2026-09-11 20:59:43  [ 39] 513630 港股低波红利ETF摩根  完成  日J=29.85 周J=62.15 月J=38.28 MA20=1.593 MA60=1.558 多头=1 价=1.58 涨=-1.0%  PE=None(None%) PB=None(None%)
2026-09-11 20:59:44  [ 41] 512760 芯片ETF国泰  完成  日J=6.42 周J=-3.9 月J=21.84 MA20=1.087 MA60=1.213 多头=0 价=1.02 涨=-1.54%  PE=64.06(40.95%) PB=None(None%)
2026-09-11 20:59:44  [ 43] 159611 电力ETF广发  完成  日J=88.63 周J=51.24 月J=5.11 MA20=1.042 MA60=1.049 多头=0 价=1.05 涨=-0.75%  PE=14.94(64.61%) PB=None(None%)
2026-09-11 20:59:45  [ 46] 560860 工业有色ETF万家  完成  日J=36.43 周J=61.18 月J=6.57 MA20=1.628 MA60=1.598 多头=1 价=1.56 涨=-4.11%  PE=68.95(62.66%) PB=None(None%)
2026-09-11 20:59:45  [ 45] 159852 软件ETF嘉实  完成  日J=-4.8 周J=19.65 月J=-4.69 MA20=0.678 MA60=0.689 多头=0 价=0.65 涨=-1.67%  PE=58.07(54.59%) PB=None(None%)
2026-09-11 20:59:46  [ 44] 516650 有色金属ETF华夏  完成  日J=32.98 周J=71.97 月J=4.55 MA20=1.873 MA60=1.805 多头=1 价=1.79 涨=-4.13%  PE=16.59(19.67%) PB=None(None%)
2026-09-11 20:59:46  [ 47] 159869 游戏ETF华夏  完成  日J=19.91 周J=71.56 月J=3.28 MA20=1.098 MA60=1.096 多头=1 价=1.1 涨=-1.53%  PE=17.96(4.5%) PB=None(None%)
2026-09-11 20:59:46  [ 48] 159263 价值ETF易方达  完成  日J=32.64 周J=89.96 月J=55.08 MA20=1.156 MA60=1.125 多头=1 价=1.15 涨=-1.2%  PE=None(None%) PB=None(None%)
2026-09-11 20:59:47  [ 50] 159259 成长ETF易方达  完成  日J=70.81 周J=35.7 月J=29.05 MA20=1.338 MA60=1.425 多头=0 价=1.33 涨=-1.41%  PE=None(None%) PB=None(None%)
2026-09-11 20:59:47  [ 51] 512710 军工龙头ETF富国  完成  日J=96.95 周J=80.39 月J=2.98 MA20=0.627 MA60=0.632 多头=0 价=0.66 涨=1.38%  PE=None(None%) PB=None(None%)
2026-09-11 20:59:47  [ 40] 515220 煤炭ETF国泰  完成  日J=28.13 周J=81.15 月J=61.19 MA20=1.305 MA60=1.216 多头=1 价=1.29 涨=-2.2%  PE=18.25(85.15%) PB=1.83(98.04%)
2026-09-11 20:59:48  [ 42] 512800 银行ETF华宝  完成  日J=77.86 周J=99.92 月J=103.94 MA20=0.829 MA60=0.8 多头=1 价=0.85 涨=-0.35%  PE=7.15(88.69%) PB=0.7(45.76%)
2026-09-11 20:59:48  [ 49] 512660 军工ETF国泰  完成  日J=74.23 周J=54.49 月J=3.17 MA20=1.137 MA60=1.16 多头=0 价=1.17 涨=-1.1%  PE=53.5(35.18%) PB=3.35(61.0%)
2026-09-11 20:59:48  [ 53] 159307 红利低波100ETF博时  完成  日J=5.2 周J=53.82 月J=54.89 MA20=1.029 MA60=1.017 多头=1 价=1.02 涨=-1.26%  PE=8.99(86.02%) PB=None(None%)
2026-09-11 20:59:48  [ 52] 159363 创业板人工智能ETF华宝  完成  日J=38.72 周J=45.44 月J=27.58 MA20=1.232 MA60=1.291 多头=0 价=1.21 涨=-0.66%  PE=None(None%) PB=None(None%)
2026-09-11 20:59:48  [ 54] 159755 电池ETF广发  完成  日J=12.72 周J=8.42 月J=-15.69 MA20=0.929 MA60=0.975 多头=0 价=0.87 涨=-1.37%  PE=21.43(21.76%) PB=3.03(38.76%)
2026-09-11 20:59:50  [ 55] 159865 养殖ETF国泰  完成  日J=29.42 周J=79.49 月J=33.05 MA20=0.548 MA60=0.531 多头=1 价=0.55 涨=-1.61%  PE=22.44(50.68%) PB=None(None%)
2026-09-11 20:59:50  [ 57] 515980 人工智能ETF华富  完成  日J=14.13 周J=11.71 月J=26.18 MA20=1.022 MA60=1.096 多头=0 价=0.99 涨=-0.6%  PE=46.4(75.28%) PB=None(None%)
2026-09-11 20:59:50  [ 59] 588220 科创100ETF鹏华  完成  日J=18.42 周J=26.91 月J=27.31 MA20=1.772 MA60=1.836 多头=0 价=1.67 涨=-2.17%  PE=None(None%) PB=None(None%)
2026-09-11 20:59:51  [ 60] 159851 金融科技ETF华宝  完成  日J=-7.59 周J=60.56 月J=2.42 MA20=0.625 MA60=0.622 多头=1 价=0.6 涨=-3.38%  PE=30.69(4.9%) PB=None(None%)
2026-09-11 20:59:51  [ 62] 561980 半导体设备ETF招商  完成  日J=14.84 周J=-1.93 月J=37.06 MA20=0.683 MA60=0.741 多头=0 价=0.64 涨=-1.55%  PE=None(None%) PB=None(None%)
2026-09-11 20:59:51  [ 58] 516150 稀土ETF嘉实  完成  日J=11.59 周J=32.09 月J=0.9 MA20=1.728 MA60=1.783 多头=0 价=1.64 涨=-2.09%  PE=27.49(21.79%) PB=None(None%)
2026-09-11 20:59:51  [ 56] 563300 中证2000ETF华泰柏瑞  完成  日J=27.03 周J=71.61 月J=32.45 MA20=1.432 MA60=1.435 多头=0 价=1.4 涨=-1.96%  PE=40.14(68.28%) PB=None(None%)
2026-09-11 20:59:51  [ 61] 512950 央企改革ETF华夏  完成  日J=41.91 周J=46.98 月J=21.5 MA20=1.507 MA60=1.52 多头=0 价=1.5 涨=-0.73%  PE=15.89(84.31%) PB=None(None%)
2026-09-11 20:59:53  [ 63] 159967 创业板成长ETF华夏  完成  日J=87.41 周J=28.6 月J=26.18 MA20=0.785 MA60=0.847 多头=0 价=0.78 涨=0.91%  PE=None(None%) PB=None(None%)
2026-09-11 20:59:53  全部完成，结果已写入 /home/runner/work/daily-stock-metrics/daily-stock-metrics/output_etf/2026-09-11/metrics_2026-09-11.csv
2026-09-11 20:59:53  步骤2完成 -> /home/runner/work/daily-stock-metrics/daily-stock-metrics/output_etf/2026-09-11/metrics_2026-09-11.csv
2026-09-11 20:59:53  步骤3: 生成 HTML 总结报告...
2026-09-11 20:59:53  步骤3完成 -> /home/runner/work/daily-stock-metrics/daily-stock-metrics/output_etf/2026-09-11/report_2026-09-11.html
2026-09-11 20:59:53  步骤4: 发送邮件报告...
2026-09-11 20:59:56  步骤4完成: 邮件已发送
2026-09-11 20:59:56  ===== 全部完成 2026-09-11 =====
2026-09-11 21:23:25  今日(2026-09-11)已完成，跳过。结果目录: /home/runner/work/daily-stock-metrics/daily-stock-metrics/output_etf/2026-09-11
2026-09-11 21:45:19  今日(2026-09-11)已完成，跳过。结果目录: /home/runner/work/daily-stock-metrics/daily-stock-metrics/output_etf/2026-09-11
2026-09-11 22:49:53  今日(2026-09-11)已完成，跳过。结果目录: /home/runner/work/daily-stock-metrics/daily-stock-metrics/output_etf/2026-09-11
