2026-07-19 16:04:57  ===== 开始每日指标任务 2026-07-19 =====
2026-07-19 16:04:57  步骤1: 获取 A股市值前100…
2026-07-19 16:05:10  任务失败: ConnectionError: ('Connection aborted.', RemoteDisconnected('Remote end closed connection without response'))
2026-07-19 16:05:31  ===== 开始每日指标任务 2026-07-19 =====
2026-07-19 16:05:31  步骤1: 获取 A股市值前100…
2026-07-19 16:07:36  任务失败: ConnectionError: ('Connection aborted.', RemoteDisconnected('Remote end closed connection without response'))
2026-07-19 16:08:50  ===== 开始每日指标任务 2026-07-19 =====
2026-07-19 16:08:50  步骤1: 获取 A股市值前100…
2026-07-19 16:08:51  步骤1完成 -> C:\Users\hailo\Desktop\每周自动指标\output\2026-07-19\top100_2026-07-19.csv
2026-07-19 16:08:51  步骤2: 计算 KDJ-J(日/周/月) 及 PE/PB 历史分位…
2026-07-19 16:08:53  [  1] 601398 工商银行  完成  日J=99.51 周J=57.63 月J=45.93 PE=7.27(88.65%) PB=0.68(53.98%)
2026-07-19 16:08:54  [  2] 601939 建设银行  完成  日J=91.89 周J=51.42 月J=81.6 PE=7.78(96.19%) PB=0.75(68.71%)
2026-07-19 16:08:55  [  3] 601288 农业银行  完成  日J=104.28 周J=47.06 月J=-1.45 PE=7.6(88.75%) PB=0.79(73.97%)
2026-07-19 16:08:57  [  4] 600941 中国移动  完成  日J=94.37 周J=36.13 月J=26.26 PE=14.91(35.73%) PB=1.42(27.8%)
2026-07-19 16:08:58  [  5] 601988 中国银行  完成  日J=99.79 周J=52.06 月J=76.77 PE=7.83(98.26%) PB=0.7(82.28%)
2026-07-19 16:09:00  [  6] 601857 中国石油  完成  日J=105.04 周J=50.03 月J=16.26 PE=11.91(52.44%) PB=1.16(81.17%)
2026-07-19 16:09:01  [  7] 300750 宁德时代  完成  日J=57.12 周J=-1.91 月J=25.95 PE=21.09(15.11%) PB=4.66(26.4%)
2026-07-19 16:09:02  [  8] 600519 贵州茅台  完成  日J=94.55 周J=56.4 月J=17.57 PE=18.94(1.3%) PB=5.78(1.01%)
2026-07-19 16:09:03  [  9] 600938 中国海油  完成  日J=71.31 周J=23.19 月J=2.09 PE=11.05(83.37%) PB=1.64(58.27%)
2026-07-19 16:09:05  [ 10] 688981 中芯国际  完成  日J=7.11 周J=51.83 月J=73.83 PE=237.33(95.67%) PB=7.99(94.92%)
2026-07-19 16:09:06  [ 11] 601138 工业富联  完成  日J=5.08 周J=-9.74 月J=36.42 PE=28.11(88.51%) PB=6.49(90.09%)
2026-07-19 16:09:08  [ 12] 601628 中国人寿  完成  日J=60.32 周J=96.46 月J=14.34 PE=7.62(6.37%) PB=1.84(24.96%)
2026-07-19 16:09:09  [ 13] 300308 中际旭创  完成  日J=25.21 周J=1.53 月J=64.92 PE=73.07(78.75%) PB=30.69(97.73%)
2026-07-19 16:09:10  [ 14] 600036 招商银行  完成  日J=93.67 周J=88.94 月J=28.2 PE=6.36(21.83%) PB=0.85(5.7%)
2026-07-19 16:09:12  [ 15] 601088 中国神华  完成  日J=90.01 周J=38.04 月J=34.12 PE=18.49(97.1%) PB=1.98(89.09%)
2026-07-19 16:09:13  [ 16] 601318 中国平安  完成  日J=81.94 周J=36.68 月J=-8.46 PE=6.91(2.8%) PB=0.9(13.04%)
2026-07-19 16:09:14  [ 17] 002594 比亚迪  完成  日J=86.53 周J=75.09 月J=37.21 PE=30.93(30.32%) PB=3.67(31.43%)
2026-07-19 16:09:16  [ 18] 601899 紫金矿业  完成  日J=75.61 周J=45.78 月J=-4.06 PE=12.22(5.02%) PB=3.82(69.39%)
2026-07-19 16:09:17  [ 19] 688256 寒武纪  完成  日J=-0.54 周J=8.52 月J=71.59 PE=275.32(82.87%) PB=58.12(93.81%)
2026-07-19 16:09:18  [ 20] 688041 海光信息  完成  日J=-6.22 周J=45.07 月J=68.85 PE=259.95(94.53%) PB=30.16(96.21%)
2026-07-19 16:09:20  [ 21] 600900 XD长江电  完成  日J=88.13 周J=90.74 月J=90.21 PE=18.98(49.78%) PB=3.01(70.64%)
2026-07-19 16:09:21  [ 22] 300502 新易盛  完成  日J=45.07 周J=38.16 月J=78.49 PE=62.69(65.91%) PB=33.04(98.21%)
2026-07-19 16:09:22  [ 23] 000333 美的集团  完成  日J=84.79 周J=83.6 月J=86.21 PE=14.26(48.53%) PB=2.71(35.3%)
2026-07-19 16:09:24  [ 24] 601658 邮储银行  完成  日J=97.0 周J=92.73 月J=23.41 PE=6.96(66.88%) PB=0.59(12.56%)
2026-07-19 16:09:25  [ 25] 600028 中国石化  完成  日J=93.18 周J=92.81 月J=-5.75 PE=17.11(85.76%) PB=0.73(33.17%)
2026-07-19 16:09:26  [ 26] 601328 交通银行  完成  日J=93.13 周J=68.28 月J=32.39 PE=6.26(82.23%) PB=0.52(46.26%)
2026-07-19 16:09:28  [ 27] 601728 中国电信  完成  日J=103.3 周J=29.19 月J=28.48 PE=17.36(47.6%) PB=1.17(44.4%)
2026-07-19 16:09:29  [ 28] 688347 华虹宏力  完成  日J=6.0 周J=69.09 月J=79.21 PE=1088.26(82.89%) PB=11.87(97.9%)
2026-07-19 16:09:30  [ 29] 688825 长鑫科技  完成  日J=None 周J=None 月J=None PE=None(None%) PB=None(None%)
2026-07-19 16:09:32  [ 30] 002371 北方华创  完成  日J=-3.83 周J=32.26 月J=64.36 PE=88.11(43.99%) PB=12.5(81.31%)
2026-07-19 16:09:33  [ 31] 002475 立讯精密  完成  日J=26.23 周J=-10.21 月J=48.38 PE=26.05(36.26%) PB=5.08(40.95%)
2026-07-19 16:09:34  [ 32] 002384 东山精密  完成  日J=56.99 周J=47.93 月J=87.6 PE=217.2(98.94%) PB=19.57(99.23%)
2026-07-19 16:09:36  [ 33] 600030 中信证券  完成  日J=14.54 周J=65.03 月J=70.87 PE=12.14(4.25%) PB=1.4(39.64%)
2026-07-19 16:09:37  [ 34] 601998 中信银行  完成  日J=71.18 周J=32.61 月J=18.5 PE=5.73(59.73%) PB=0.55(46.69%)
2026-07-19 16:09:39  [ 35] 688235 百济神州  完成  日J=19.36 周J=72.68 月J=31.96 PE=122.08(94.15%) PB=11.69(74.44%)
2026-07-19 16:09:40  [ 36] 601166 兴业银行  完成  日J=82.84 周J=49.56 月J=17.19 PE=4.85(30.42%) PB=0.45(4.88%)
2026-07-19 16:09:41  [ 37] 603993 洛阳钼业  完成  日J=59.85 周J=18.24 月J=4.38 PE=15.42(16.27%) PB=4.19(87.11%)
2026-07-19 16:09:43  [ 38] 600276 恒瑞医药  完成  日J=17.47 周J=80.14 月J=23.92 PE=43.48(4.59%) PB=5.55(3.04%)
2026-07-19 16:09:44  [ 39] 603259 药明康德  完成  日J=32.61 周J=80.62 月J=72.59 PE=17.47(14.02%) PB=4.18(30.35%)
2026-07-19 16:09:45  [ 40] 688012 中微公司  完成  日J=-8.26 周J=48.61 月J=70.89 PE=123.09(68.26%) PB=13.82(76.7%)
2026-07-19 16:09:47  [ 41] 603986 兆易创新  完成  日J=-4.62 周J=21.43 月J=57.62 PE=113.06(62.72%) PB=12.86(80.11%)
2026-07-19 16:09:48  [ 42] 601211 国泰海通  完成  日J=19.04 周J=78.89 月J=39.4 PE=14.69(60.7%) PB=0.99(33.8%)
2026-07-19 16:09:49  [ 43] 600183 生益科技  完成  日J=18.97 周J=41.42 月J=67.45 PE=81.8(98.31%) PB=17.92(98.31%)
2026-07-19 16:09:51  [ 44] 601319 中国人保  完成  日J=67.09 周J=89.06 月J=-1.74 PE=7.52(9.47%) PB=1.0(25.82%)
2026-07-19 16:09:52  [ 45] 688802 沐曦股份-U  完成  日J=25.04 周J=45.08 月J=81.31 PE=-475.87(12.14%) PB=23.82(81.43%)
2026-07-19 16:09:53  [ 46] 300059 东方财富  完成  日J=24.99 周J=68.37 月J=22.25 PE=23.78(4.83%) PB=3.26(11.2%)
2026-07-19 16:09:54  [ 47] 002415 海康威视  完成  日J=13.4 周J=65.96 月J=66.54 PE=20.34(13.81%) PB=3.53(13.09%)
2026-07-19 16:09:56  [ 48] 601869 长飞光纤  完成  日J=11.02 周J=-2.89 月J=65.43 PE=258.69(94.79%) PB=21.03(96.65%)
2026-07-19 16:09:57  [ 49] 600000 浦发银行  完成  日J=93.38 周J=60.65 月J=3.9 PE=5.88(63.79%) PB=0.39(23.76%)
2026-07-19 16:09:59  [ 50] 688795 摩尔线程-U  完成  日J=8.22 周J=22.34 月J=40.52 PE=-335.43(35.81%) PB=25.01(37.84%)
2026-07-19 16:10:00  [ 51] 601601 XD中国太  完成  日J=88.88 周J=37.24 月J=-8.47 PE=5.31(0.53%) PB=0.9(5.65%)
2026-07-19 16:10:01  [ 52] 000858 五 粮 液  完成  日J=93.76 周J=26.12 月J=4.82 PE=22.41(30.18%) PB=2.21(0.19%)
2026-07-19 16:10:03  [ 53] 688820 盛合晶微  完成  日J=-10.1 周J=8.63 月J=None PE=274.9(23.33%) PB=18.73(23.33%)
2026-07-19 16:10:04  [ 54] 002463 沪电股份  完成  日J=48.11 周J=42.04 月J=80.44 PE=57.17(98.26%) PB=14.65(98.41%)
2026-07-19 16:10:05  [ 55] 600150 中国船舶  完成  日J=-12.72 周J=8.48 月J=19.13 PE=21.53(25.83%) PB=1.63(16.95%)
2026-07-19 16:10:07  [ 56] 300476 胜宏科技  完成  日J=11.62 周J=-17.12 月J=15.27 PE=50.72(84.26%) PB=13.64(89.14%)
2026-07-19 16:10:08  [ 57] 601816 京沪高铁  完成  日J=87.95 周J=49.97 月J=37.61 PE=17.66(1.46%) PB=1.12(1.46%)
2026-07-19 16:10:09  [ 58] 002379 宏桥控股  完成  日J=104.35 周J=38.01 月J=-3.75 PE=11.96(72.28%) PB=4.51(82.71%)
2026-07-19 16:10:10  [ 59] 601225 陕西煤业  完成  日J=72.05 周J=47.54 月J=47.23 PE=14.57(97.39%) PB=2.31(80.88%)
2026-07-19 16:10:12  [ 60] 300394 天孚通信  完成  日J=12.3 周J=-2.91 月J=49.43 PE=106.16(94.69%) PB=38.56(95.03%)
2026-07-19 16:10:13  [ 61] 002714 牧原股份  完成  日J=77.93 周J=81.8 月J=20.96 PE=23.51(69.53%) PB=2.67(1.98%)
2026-07-19 16:10:14  [ 62] 002916 深南电路  完成  日J=-4.36 周J=22.32 月J=64.79 PE=62.6(94.59%) PB=12.58(90.58%)
2026-07-19 16:10:16  [ 63] 000725 京东方Ａ  完成  日J=-5.99 周J=47.51 月J=59.92 PE=37.79(57.7%) PB=1.65(74.46%)
2026-07-19 16:10:17  [ 64] 688008 澜起科技  完成  日J=-1.94 周J=3.07 月J=52.37 PE=87.62(61.89%) PB=10.75(68.79%)
2026-07-19 16:10:18  [ 65] 000651 格力电器  完成  日J=94.77 周J=72.93 月J=72.43 PE=7.67(24.82%) PB=1.47(4.15%)
2026-07-19 16:10:20  [ 66] 601919 中远海控  完成  日J=87.08 周J=84.04 月J=17.43 PE=8.86(56.49%) PB=0.94(22.89%)
2026-07-19 16:10:21  [ 67] 600309 万华化学  完成  日J=39.53 周J=21.91 月J=17.36 PE=16.66(57.03%) PB=1.97(6.33%)
2026-07-19 16:10:23  [ 68] 002938 鹏鼎控股  完成  日J=58.29 周J=26.83 月J=71.04 PE=58.61(98.0%) PB=6.28(96.15%)
2026-07-19 16:10:24  [ 69] 000338 潍柴动力  完成  日J=-0.29 周J=-8.87 月J=53.19 PE=18.8(85.8%) PB=2.23(70.3%)
2026-07-19 16:10:25  [ 70] 603288 海天味业  完成  日J=98.5 周J=78.85 月J=37.02 PE=28.94(1.98%) PB=5.01(2.08%)
2026-07-19 16:10:27  [ 71] 300274 阳光电源  完成  日J=10.68 周J=-12.66 月J=7.24 PE=17.66(30.71%) PB=4.33(40.27%)
2026-07-19 16:10:28  [ 72] 301666 大普微-UW  完成  日J=5.92 周J=-8.68 月J=None PE=16206.09(22.22%) PB=262.3(22.22%)
2026-07-19 16:10:29  [ 73] 000001 平安银行  完成  日J=83.49 周J=48.63 月J=31.79 PE=4.86(20.86%) PB=0.45(2.66%)
2026-07-19 16:10:31  [ 74] 002142 宁波银行  完成  日J=96.26 周J=68.11 月J=67.0 PE=6.94(30.61%) PB=0.9(27.33%)
2026-07-19 16:10:32  [ 75] 600919 江苏银行  完成  日J=62.57 周J=44.08 月J=80.88 PE=5.88(76.29%) PB=0.79(83.1%)
2026-07-19 16:10:34  [ 76] 688498 源杰科技  完成  日J=57.54 周J=61.19 月J=87.08 PE=579.06(76.16%) PB=81.66(98.26%)
2026-07-19 16:10:35  [ 77] 601066 中信建投  完成  日J=30.67 周J=52.33 月J=64.57 PE=18.25(9.95%) PB=2.38(23.98%)
2026-07-19 16:10:36  [ 78] 688072 拓荆科技  完成  日J=-8.85 周J=64.38 月J=73.2 PE=123.59(79.79%) PB=28.04(97.76%)
2026-07-19 16:10:38  [ 79] 003816 中国广核  完成  日J=95.06 周J=6.47 月J=21.55 PE=20.98(87.78%) PB=1.58(61.44%)
2026-07-19 16:10:39  [ 80] 300408 三环集团  完成  日J=2.66 周J=12.41 月J=61.24 PE=68.42(98.12%) PB=8.79(98.12%)
2026-07-19 16:10:40  [ 81] 600690 海尔智家  完成  日J=87.15 周J=77.35 月J=4.88 PE=10.5(2.95%) PB=1.57(2.27%)
2026-07-19 16:10:42  [ 82] 601336 新华保险  完成  日J=45.3 周J=82.6 月J=1.83 PE=5.31(2.22%) PB=1.59(48.58%)
2026-07-19 16:10:43  [ 83] 600188 兖矿能源  完成  日J=68.07 周J=-2.85 月J=38.51 PE=19.86(95.8%) PB=2.48(70.5%)
2026-07-19 16:10:44  [ 84] 601668 中国建筑  完成  日J=93.45 周J=73.86 月J=25.66 PE=4.93(53.4%) PB=0.38(0.58%)
2026-07-19 16:10:46  [ 85] 601818 光大银行  完成  日J=81.45 周J=71.01 月J=20.54 PE=4.89(42.78%) PB=0.37(1.98%)
2026-07-19 16:10:47  [ 86] 600025 华能水电  完成  日J=83.18 周J=85.8 月J=51.38 PE=21.47(75.95%) PB=2.58(73.73%)
2026-07-19 16:10:48  [ 87] 300760 迈瑞医疗  完成  日J=89.86 周J=51.15 月J=14.58 PE=23.12(4.09%) PB=4.52(1.7%)
2026-07-19 16:10:50  [ 88] 601985 XD中国核  完成  日J=80.12 周J=31.2 月J=60.41 PE=21.96(83.82%) PB=1.51(26.61%)
2026-07-19 16:10:51  [ 89] 300433 蓝思科技  完成  日J=-3.52 周J=13.4 月J=45.62 PE=52.55(82.57%) PB=3.31(76.24%)
2026-07-19 16:10:52  [ 90] 301377 鼎泰高科  完成  日J=18.67 周J=39.05 月J=63.89 PE=289.92(97.18%) PB=62.11(97.18%)
2026-07-19 16:10:54  [ 91] 601688 华泰证券  完成  日J=24.16 周J=56.79 月J=14.78 PE=10.23(22.16%) PB=1.01(39.55%)
2026-07-19 16:10:55  [ 92] 600406 国电南瑞  完成  日J=44.73 周J=15.26 月J=2.09 PE=21.42(11.11%) PB=3.33(22.31%)
2026-07-19 16:10:56  [ 93] 600930 华电新能  完成  日J=8.55 周J=-0.91 月J=1.39 PE=27.75(0.41%) PB=1.61(0.41%)
2026-07-19 16:10:58  [ 94] 300604 长川科技  完成  日J=-9.3 周J=51.6 月J=76.2 PE=112.43(51.09%) PB=34.72(99.13%)
2026-07-19 16:10:59  [ 95] 600176 中国巨石  完成  日J=-4.61 周J=27.57 月J=60.24 PE=45.87(98.41%) PB=5.43(98.74%)
2026-07-19 16:11:01  [ 96] 002352 顺丰控股  完成  日J=80.34 周J=45.11 月J=19.51 PE=15.27(1.06%) PB=1.74(1.06%)
2026-07-19 16:11:02  [ 97] 000063 中兴通讯  完成  日J=19.91 周J=27.3 月J=16.36 PE=38.48(90.58%) PB=2.25(29.74%)
2026-07-19 16:11:03  [ 98] 001399 惠科股份  完成  日J=-3.5 周J=None 月J=None PE=45.33(6.25%) PB=6.5(6.25%)
2026-07-19 16:11:05  [ 99] 600031 XD三一重  完成  日J=37.35 周J=55.04 月J=1.92 PE=20.37(45.05%) PB=1.89(8.88%)
2026-07-19 16:11:06  [100] 601995 中金公司  完成  日J=25.27 周J=66.35 月J=55.45 PE=15.08(2.6%) PB=1.66(12.06%)
2026-07-19 16:11:06  全部完成，结果已写入 C:\Users\hailo\Desktop\每周自动指标\output\2026-07-19\metrics_2026-07-19.csv
2026-07-19 16:11:06  步骤2完成 -> C:\Users\hailo\Desktop\每周自动指标\output\2026-07-19\metrics_2026-07-19.csv
2026-07-19 16:11:06  ===== 全部完成 2026-07-19 =====
2026-07-19 16:11:15  今日(2026-07-19)已完成，跳过。结果目录: C:\Users\hailo\Desktop\每周自动指标\output\2026-07-19
2026-07-19 20:08:48  今日(2026-07-19)已完成，跳过。结果目录: C:\Users\hailo\Desktop\每周自动指标\output\2026-07-19
