2026-08-24 18:29:01  ===== 开始每日指标任务 2026-08-24 =====
2026-08-24 18:29:01  步骤1: 获取 A股市值前100…
2026-08-24 18:29:03  步骤1完成 -> C:\Users\hailo\Desktop\每周自动指标\output\2026-08-24\top100_2026-08-24.csv
2026-08-24 18:29:03  步骤2: 计算 KDJ-J(日/周/月) 及 PE/PB 历史分位…
2026-08-24 18:29:07  [  1] 688825 长鑫科技  完成  日J=58.06 周J=81.93 月J=None 价=56.6 涨=-2.41%  PE=134.26(76.19%) PB=46.32(76.19%)
2026-08-24 18:29:09  [  2] 601398 工商银行  完成  日J=106.45 周J=76.62 月J=82.7 价=7.89 涨=1.54%  PE=7.57(93.47%) PB=0.71(64.62%)
2026-08-24 18:29:10  [  3] 601939 建设银行  完成  日J=102.19 周J=82.98 月J=94.92 价=10.66 涨=1.23%  PE=8.16(97.62%) PB=0.79(73.1%)
2026-08-24 18:29:11  [  4] 601288 农业银行  完成  日J=112.94 周J=86.09 月J=36.69 价=6.86 涨=1.18%  PE=8.16(93.23%) PB=0.85(85.84%)
2026-08-24 18:29:13  [  5] 600941 中国移动  完成  日J=73.69 周J=97.98 月J=59.95 价=97.53 涨=1.33%  PE=16.05(56.46%) PB=1.49(35.89%)
2026-08-24 18:29:14  [  6] 601857 中国石油  完成  日J=90.89 周J=108.42 月J=37.67 价=11.17 涨=-0.27%  PE=12.92(57.08%) PB=1.26(93.23%)
2026-08-24 18:29:15  [  7] 601988 中国银行  完成  日J=99.51 周J=99.4 月J=100.74 价=6.13 涨=1.32%  PE=8.05(99.24%) PB=0.72(87.79%)
2026-08-24 18:29:17  [  8] 300750 宁德时代  完成  日J=23.22 周J=82.95 月J=37.36 价=387.89 涨=-0.83%  PE=21.11(15.11%) PB=4.73(28.61%)
2026-08-24 18:29:18  [  9] 600519 贵州茅台  完成  日J=14.38 周J=81.51 月J=40.73 价=1304.66 涨=2.5%  PE=20.03(7.01%) PB=6.49(3.05%)
2026-08-24 18:29:20  [ 10] 600938 中国海油  完成  日J=73.91 周J=111.81 月J=24.41 价=33.72 涨=-0.41%  PE=12.86(91.56%) PB=1.91(81.21%)
2026-08-24 18:29:21  [ 11] 601138 工业富联  完成  日J=-3.4 周J=43.11 月J=28.56 价=60.4 涨=-3.88%  PE=25.55(86.2%) PB=6.82(90.17%)
2026-08-24 18:29:23  [ 12] 601628 中国人寿  完成  日J=74.07 周J=42.48 月J=22.2 价=37.64 涨=1.65%  PE=7.35(5.48%) PB=1.78(16.98%)
2026-08-24 18:29:24  [ 13] 688981 中芯国际  完成  日J=-7.3 周J=-0.64 月J=40.5 价=120.58 涨=-3.38%  PE=204.59(86.5%) PB=6.89(91.36%)
2026-08-24 18:29:25  [ 14] 300308 中际旭创  完成  日J=19.41 周J=8.42 月J=37.08 价=870.22 涨=-7.72%  PE=49.77(54.7%) PB=25.54(95.61%)
2026-08-24 18:29:27  [ 15] 601088 中国神华  完成  日J=96.63 周J=111.51 月J=61.29 价=46.89 涨=1.03%  PE=19.72(99.28%) PB=2.11(97.71%)
2026-08-24 18:29:28  [ 16] 600036 招商银行  完成  日J=106.4 周J=86.77 月J=70.53 价=39.58 涨=1.75%  PE=6.62(27.47%) PB=0.88(12.3%)
2026-08-24 18:29:30  [ 17] 601318 中国平安  完成  日J=107.4 周J=96.4 月J=15.5 价=54.92 涨=2.94%  PE=6.24(0.1%) PB=0.97(23.13%)
2026-08-24 18:29:31  [ 18] 601899 紫金矿业  完成  日J=86.65 周J=107.22 月J=32.2 价=34.54 涨=-0.58%  PE=13.58(11.11%) PB=4.55(84.93%)
2026-08-24 18:29:32  [ 19] 002594 比亚迪  完成  日J=81.1 周J=75.95 月J=43.07 价=90.66 涨=0.21%  PE=30.0(29.04%) PB=3.56(30.23%)
2026-08-24 18:29:34  [ 20] 600900 长江电力  完成  日J=53.43 周J=62.9 月J=87.36 价=28.15 涨=0.68%  PE=19.09(50.6%) PB=3.02(72.25%)
2026-08-24 18:29:35  [ 21] 000333 美的集团  完成  日J=95.44 周J=75.53 月J=86.7 价=85.99 涨=2.0%  PE=14.84(54.27%) PB=2.82(44.35%)
2026-08-24 18:29:36  [ 22] 600028 中国石化  完成  日J=100.23 周J=100.19 月J=10.16 价=5.33 涨=4.51%  PE=17.93(86.5%) PB=0.76(37.72%)
2026-08-24 18:29:38  [ 23] 601328 交通银行  完成  日J=110.76 周J=93.44 月J=83.83 价=7.2 涨=1.12%  PE=6.6(90.99%) PB=0.55(55.79%)
2026-08-24 18:29:39  [ 24] 688256 寒武纪  完成  日J=0.37 周J=-8.57 月J=37.07 价=969.05 涨=-6.37%  PE=182.89(77.91%) PB=44.96(80.0%)
2026-08-24 18:29:41  [ 25] 601658 邮储银行  完成  日J=119.24 周J=60.53 月J=43.21 价=5.04 涨=1.2%  PE=6.89(63.35%) PB=0.59(11.07%)
2026-08-24 18:29:42  [ 26] 601728 中国电信  完成  日J=54.04 周J=103.78 月J=62.16 价=6.47 涨=0.62%  PE=19.9(82.77%) PB=1.25(66.45%)
2026-08-24 18:29:43  [ 27] 300502 新易盛  完成  日J=17.62 周J=18.62 月J=42.83 价=412.0 涨=-6.79%  PE=53.49(54.08%) PB=28.19(95.04%)
2026-08-24 18:29:45  [ 28] 688041 海光信息  完成  日J=-10.8 周J=-11.46 月J=22.96 价=230.81 涨=-6.25%  PE=170.75(59.16%) PB=21.14(73.59%)
2026-08-24 18:29:46  [ 29] 002371 北方华创  完成  日J=-8.36 周J=12.79 月J=51.97 价=707.9 涨=-0.91%  PE=92.13(45.4%) PB=13.07(83.07%)
2026-08-24 18:29:47  [ 30] 601998 中信银行  完成  日J=109.12 周J=111.65 月J=82.9 价=8.56 涨=2.03%  PE=6.69(89.41%) PB=0.64(73.3%)
2026-08-24 18:29:49  [ 31] 603259 药明康德  完成  日J=5.19 周J=79.1 月J=86.22 价=155.84 涨=-4.31%  PE=21.46(29.51%) PB=5.58(48.91%)
2026-08-24 18:29:50  [ 32] 688235 百济神州  完成  日J=3.01 周J=67.51 月J=56.44 价=276.67 涨=-4.35%  PE=99.66(89.45%) PB=12.92(79.16%)
2026-08-24 18:29:51  [ 33] 600030 中信证券  完成  日J=26.63 周J=2.59 月J=74.35 价=27.27 涨=0.55%  PE=10.74(0.1%) PB=1.44(42.97%)
2026-08-24 18:29:54  [ 34] 002475 立讯精密  完成  日J=5.32 周J=1.79 月J=25.55 价=53.72 涨=-1.7%  PE=24.14(26.7%) PB=4.71(31.95%)
2026-08-24 18:29:58  [ 35] 603993 洛阳钼业  完成  日J=50.91 周J=52.77 月J=11.14 价=18.99 涨=1.99%  PE=14.6(13.02%) PB=4.53(91.18%)
2026-08-24 18:30:00  [ 36] 688347 华虹宏力  完成  日J=-8.3 周J=-9.77 月J=41.99 价=229.03 涨=-1.8%  PE=806.61(77.13%) PB=8.8(92.96%)
2026-08-24 18:30:01  [ 37] 601166 兴业银行  完成  日J=98.01 周J=71.73 月J=48.03 价=18.28 涨=0.99%  PE=4.99(35.86%) PB=0.47(7.87%)
2026-08-24 18:30:03  [ 38] 002384 东山精密  完成  日J=18.66 周J=20.44 月J=54.13 价=193.6 涨=-3.72%  PE=98.91(89.65%) PB=14.55(96.42%)
2026-08-24 18:30:04  [ 39] 688012 中微公司  完成  日J=-7.55 周J=18.1 月J=58.03 价=357.65 涨=-1.34%  PE=80.97(45.79%) PB=11.4(72.28%)
2026-08-24 18:30:06  [ 40] 601869 长飞光纤  完成  日J=55.96 周J=35.98 月J=47.54 价=379.19 涨=4.29%  PE=91.19(87.88%) PB=19.18(96.23%)
2026-08-24 18:30:07  [ 41] 002415 海康威视  完成  日J=15.2 周J=34.29 月J=76.26 价=34.15 涨=-0.73%  PE=19.05(7.39%) PB=3.71(19.98%)
2026-08-24 18:30:08  [ 42] 601319 中国人保  完成  日J=90.36 周J=48.04 月J=8.37 价=7.04 涨=1.29%  PE=7.31(7.11%) PB=0.97(19.79%)
2026-08-24 18:30:10  [ 43] 600276 恒瑞医药  完成  日J=-7.48 周J=-2.92 月J=10.67 价=46.76 涨=-2.05%  PE=40.17(2.38%) PB=4.81(0.1%)
2026-08-24 18:30:11  [ 44] 601211 国泰海通  完成  日J=21.15 周J=-1.76 月J=42.7 价=17.64 涨=1.5%  PE=9.59(3.81%) PB=0.94(26.61%)
2026-08-24 18:30:13  [ 45] 600000 浦发银行  完成  日J=80.43 周J=72.86 月J=24.93 价=9.22 涨=1.88%  PE=5.99(67.81%) PB=0.41(29.33%)
2026-08-24 18:30:14  [ 46] 600183 生益科技  完成  日J=-2.76 周J=28.89 月J=45.75 价=126.3 涨=-4.89%  PE=59.06(94.37%) PB=16.58(97.66%)
2026-08-24 18:30:15  [ 47] 300059 东方财富  完成  日J=13.76 周J=2.6 月J=21.45 价=18.92 涨=0.05%  PE=20.53(1.48%) PB=3.04(8.68%)
2026-08-24 18:30:17  [ 48] 601601 中国太保  完成  日J=86.39 周J=71.48 月J=6.69 价=31.03 涨=2.01%  PE=5.54(1.48%) PB=0.93(9.49%)
2026-08-24 18:30:18  [ 49] 000858 五 粮 液  完成  日J=2.04 周J=40.17 月J=9.57 价=71.48 涨=0.41%  PE=22.02(27.9%) PB=2.17(0.19%)
2026-08-24 18:30:20  [ 50] 300394 天孚通信  完成  日J=41.41 周J=67.75 月J=39.42 价=249.5 涨=-8.63%  PE=117.19(95.04%) PB=43.56(96.09%)
2026-08-24 18:30:21  [ 51] 603986 兆易创新  完成  日J=-7.71 周J=-2.99 月J=24.52 价=381.66 涨=-6.7%  PE=33.78(10.97%) PB=7.18(41.39%)
2026-08-24 18:30:23  [ 52] 601919 中远海控  完成  日J=107.48 周J=110.24 月J=85.43 价=17.42 涨=2.41%  PE=10.62(63.66%) PB=1.13(44.49%)
2026-08-24 18:30:24  [ 53] 688802 沐曦股份-U  完成  日J=-8.71 周J=-6.04 月J=50.55 价=664.0 涨=-5.14%  PE=-405.12(46.39%) PB=20.28(41.57%)
2026-08-24 18:30:25  [ 54] 601225 陕西煤业  完成  日J=75.22 周J=107.37 月J=78.44 价=26.5 涨=2.99%  PE=15.89(99.48%) PB=2.52(90.32%)
2026-08-24 18:30:27  [ 55] 600150 中国船舶  完成  日J=58.61 周J=32.83 月J=29.46 价=33.8 涨=0.36%  PE=22.5(26.47%) PB=1.7(21.51%)
2026-08-24 18:30:28  [ 56] 688795 摩尔线程-U  完成  日J=-4.28 周J=-2.98 月J=13.93 价=527.66 涨=-2.81%  PE=-334.52(37.93%) PB=20.37(0.57%)
2026-08-24 18:30:29  [ 57] 688836 C宇树-W  完成  日J=None 周J=None 月J=None  PE=417.51(25.0%) PB=84.7(25.0%)
2026-08-24 18:30:31  [ 58] 300476 胜宏科技  完成  日J=-2.59 周J=44.39 月J=12.58 价=245.0 涨=-3.44%  PE=51.45(84.02%) PB=13.83(88.98%)
2026-08-24 18:30:32  [ 59] 002379 宏桥控股  完成  日J=15.93 周J=68.38 月J=6.72 价=18.46 涨=1.26%  PE=9.75(62.61%) PB=4.16(80.21%)
2026-08-24 18:30:33  [ 60] 601816 京沪高铁  完成  日J=32.84 周J=80.54 月J=78.91 价=4.91 涨=0.82%  PE=17.99(2.5%) PB=1.14(2.69%)
2026-08-24 18:30:35  [ 61] 688008 澜起科技  完成  日J=-6.91 周J=-0.75 月J=37.35 价=191.83 涨=-4.35%  PE=91.54(65.08%) PB=11.23(71.59%)
2026-08-24 18:30:36  [ 62] 002916 深南电路  完成  日J=-3.34 周J=26.52 月J=47.89 价=343.63 涨=-4.08%  PE=64.4(95.04%) PB=12.94(90.89%)
2026-08-24 18:30:38  [ 63] 000338 潍柴动力  完成  日J=-3.5 周J=60.59 月J=53.76 价=26.99 涨=-7.44%  PE=20.63(91.51%) PB=2.45(80.88%)
2026-08-24 18:30:39  [ 64] 688808 联讯仪器  完成  日J=45.33 周J=75.72 月J=59.37 价=2265.99 涨=-2.42%  PE=851.46(81.93%) PB=226.73(81.93%)
2026-08-24 18:30:40  [ 65] 000651 格力电器  完成  日J=104.95 周J=85.73 月J=98.63 价=41.45 涨=0.51%  PE=7.96(37.34%) PB=1.53(6.58%)
2026-08-24 18:30:42  [ 66] 300274 阳光电源  完成  日J=0.23 周J=20.29 月J=-1.44 价=111.5 涨=-1.4%  PE=19.38(37.91%) PB=4.75(46.21%)
2026-08-24 18:30:44  [ 67] 600309 万华化学  完成  日J=18.27 周J=66.04 月J=16.69 价=73.19 涨=-1.07%  PE=17.41(60.94%) PB=2.02(7.73%)
2026-08-24 18:30:45  [ 68] 688820 盛合晶微  完成  日J=-10.51 周J=-1.36 月J=18.73 价=122.44 涨=-3.97%  PE=243.94(20.93%) PB=11.82(5.81%)
2026-08-24 18:30:46  [ 69] 000001 平安银行  完成  日J=116.33 周J=100.15 月J=99.12 价=11.56 涨=1.31%  PE=5.16(32.81%) PB=0.48(11.54%)
2026-08-24 18:30:48  [ 70] 002714 牧原股份  完成  日J=16.2 周J=80.21 月J=28.73 价=38.83 涨=-0.61%  PE=-200.0(13.11%) PB=2.83(3.62%)
2026-08-24 18:30:49  [ 71] 002142 宁波银行  完成  日J=97.61 周J=106.06 月J=88.23 价=33.9 涨=-0.47%  PE=7.19(34.19%) PB=0.92(30.04%)
2026-08-24 18:30:51  [ 72] 600919 江苏银行  完成  日J=93.29 周J=102.03 月J=106.52 价=12.13 涨=1.59%  PE=6.16(82.98%) PB=0.82(90.94%)
2026-08-24 18:30:52  [ 73] 002463 沪电股份  完成  日J=11.36 周J=29.59 月J=50.54 价=115.57 涨=-4.65%  PE=51.7(96.38%) PB=13.25(97.47%)
2026-08-24 18:30:54  [ 74] 600188 兖矿能源  完成  日J=17.19 周J=93.76 月J=52.92 价=21.83 涨=1.96%  PE=22.93(98.24%) PB=2.86(87.6%)
2026-08-24 18:30:55  [ 75] 300408 三环集团  完成  日J=-6.36 周J=19.96 月J=50.65 价=108.94 涨=-4.35%  PE=75.62(97.38%) PB=9.71(97.38%)
2026-08-24 18:30:56  [ 76] 000725 京东方Ａ  完成  日J=3.28 周J=-1.37 月J=38.04 价=5.75 涨=-4.17%  PE=35.8(56.65%) PB=1.57(69.58%)
2026-08-24 18:30:58  [ 77] 603288 海天味业  完成  日J=51.2 周J=51.04 月J=50.32 价=35.67 涨=1.77%  PE=28.67(1.96%) PB=4.97(2.0%)
2026-08-24 18:30:59  [ 78] 002938 鹏鼎控股  完成  日J=0.02 周J=26.61 月J=53.27 价=87.95 涨=-1.4%  PE=53.8(96.72%) PB=5.93(91.83%)
2026-08-24 18:31:01  [ 79] 300433 蓝思科技  完成  日J=70.21 周J=16.52 月J=34.72 价=37.95 涨=2.04%  PE=58.03(83.69%) PB=3.8(85.55%)
2026-08-24 18:31:02  [ 80] 688072 拓荆科技  完成  日J=1.27 周J=18.91 月J=58.75 价=684.13 涨=1.58%  PE=91.42(41.99%) PB=15.64(88.25%)
2026-08-24 18:31:03  [ 81] 600690 海尔智家  完成  日J=63.72 周J=59.87 月J=25.71 价=20.94 涨=0.38%  PE=10.49(2.96%) PB=1.57(2.29%)
2026-08-24 18:31:05  [ 82] 601898 中煤能源  完成  日J=76.62 周J=107.31 月J=17.74 价=14.81 涨=3.57%  PE=10.71(55.08%) PB=1.18(93.23%)
2026-08-24 18:31:06  [ 83] 003816 中国广核  完成  日J=28.51 周J=31.15 月J=14.45 价=3.88 涨=1.04%  PE=20.66(84.43%) PB=1.56(55.78%)
2026-08-24 18:31:07  [ 84] 601066 中信建投  完成  日J=1.5 周J=-13.17 月J=48.75 价=24.79 涨=0.04%  PE=15.3(0.86%) PB=2.2(14.5%)
2026-08-24 18:31:09  [ 85] 300760 迈瑞医疗  完成  日J=93.99 周J=98.25 月J=35.25 价=158.68 涨=2.74%  PE=24.54(10.48%) PB=4.79(3.98%)
2026-08-24 18:31:10  [ 86] 688498 源杰科技  完成  日J=64.14 周J=55.06 月J=63.29 价=1541.0 涨=-2.9%  PE=538.85(72.02%) PB=75.99(96.97%)
2026-08-24 18:31:12  [ 87] 600406 国电南瑞  完成  日J=22.82 周J=58.22 月J=12.18 价=23.27 涨=0.43%  PE=22.46(18.45%) PB=3.49(26.75%)
2026-08-24 18:31:13  [ 88] 601336 新华保险  完成  日J=80.1 周J=32.57 月J=5.87 价=59.43 涨=1.09%  PE=5.02(1.19%) PB=1.5(43.01%)
2026-08-24 18:31:15  [ 89] 603268 松发股份  完成  日J=62.43 周J=97.64 月J=89.18 价=180.93 涨=-1.03%  PE=52.75(66.91%) PB=14.11(81.26%)
2026-08-24 18:31:16  [ 90] 601668 中国建筑  完成  日J=44.55 周J=56.78 月J=42.66 价=4.42 涨=0.68%  PE=4.81(46.83%) PB=0.37(0.48%)
2026-08-24 18:31:18  [ 91] 601818 光大银行  完成  日J=91.35 周J=64.46 月J=44.99 价=3.07 涨=1.66%  PE=4.8(38.53%) PB=0.36(1.34%)
2026-08-24 18:31:19  [ 92] 601985 中国核电  完成  日J=26.07 周J=27.17 月J=66.96 价=8.77 涨=0.69%  PE=21.91(82.88%) PB=1.5(25.8%)
2026-08-24 18:31:21  [ 93] 600025 华能水电  完成  日J=44.11 周J=58.13 月J=63.98 价=9.68 涨=1.04%  PE=21.12(71.72%) PB=2.54(70.86%)
2026-08-24 18:31:22  [ 94] 301666 大普微-UW  完成  日J=-2.89 周J=2.03 月J=16.99 价=408.66 涨=-3.31%  PE=13732.23(17.98%) PB=222.26(17.98%)
2026-08-24 18:31:24  [ 95] 300604 长川科技  完成  日J=0.09 周J=18.01 月J=61.17 价=271.1 涨=-2.98%  PE=111.27(50.31%) PB=34.36(98.24%)
2026-08-24 18:31:25  [ 96] 601766 中国中车  完成  日J=65.32 周J=96.46 月J=44.0 价=6.08 涨=0.66%  PE=12.53(4.43%) PB=0.99(12.35%)
2026-08-24 18:31:26  [ 97] 002352 顺丰控股  完成  日J=45.12 周J=55.23 月J=35.37 价=32.94 涨=1.35%  PE=15.2(1.34%) PB=1.73(1.34%)
2026-08-24 18:31:28  [ 98] 600031 三一重工  完成  日J=24.1 周J=53.35 月J=20.9 价=18.61 涨=-1.01%  PE=20.32(44.35%) PB=1.89(8.44%)
2026-08-24 18:31:29  [ 99] 600989 宝丰能源  完成  日J=54.45 周J=87.84 月J=15.8 价=23.22 涨=-3.49%  PE=11.09(0.23%) PB=3.08(52.8%)
2026-08-24 18:31:31  [100] 600547 山东黄金  完成  日J=97.5 周J=113.02 月J=12.53 价=36.5 涨=-1.48%  PE=32.62(11.06%) PB=5.26(83.31%)
2026-08-24 18:31:31  全部完成，结果已写入 C:\Users\hailo\Desktop\每周自动指标\output\2026-08-24\metrics_2026-08-24.csv
2026-08-24 18:31:31  步骤2完成 -> C:\Users\hailo\Desktop\每周自动指标\output\2026-08-24\metrics_2026-08-24.csv
2026-08-24 18:31:31  步骤3: 生成 HTML 总结报告…
2026-08-24 18:31:31  步骤3完成 -> C:\Users\hailo\Desktop\每周自动指标\output\2026-08-24\report_2026-08-24.html
2026-08-24 18:31:31  步骤4: 生成个股股价走势图（含每日信号）…
2026-08-24 18:31:32  步骤4完成 -> C:\Users\hailo\Desktop\每周自动指标\output\stock_charts.html
2026-08-24 18:31:32  步骤5: 发送邮件报告…
2026-08-24 18:31:33  步骤5完成: 邮件已发送
2026-08-24 18:31:33  ===== 全部完成 2026-08-24 =====
2026-08-24 19:00:10  今日(2026-08-24)已完成，跳过。结果目录: C:\Users\hailo\Desktop\每周自动指标\output\2026-08-24
