2026-08-13 17:05:23  ===== 开始每日指标任务 2026-08-13 =====
2026-08-13 17:05:23  步骤1: 获取 A股市值前100…
2026-08-13 17:05:24  步骤1完成 -> C:\Users\hailo\Desktop\每周自动指标\output\2026-08-13\top100_2026-08-13.csv
2026-08-13 17:05:24  步骤2: 计算 KDJ-J(日/周/月) 及 PE/PB 历史分位…
2026-08-13 17:05:28  [  1] 688825 长鑫科技  完成  日J=30.32 周J=None 月J=None 价=52.88 涨=-1.2%  PE=125.43(57.14%) PB=43.28(57.14%)
2026-08-13 17:05:30  [  2] 601398 工商银行  完成  日J=12.89 周J=61.15 月J=67.45 价=7.6 涨=1.06%  PE=7.29(88.61%) PB=0.69(55.07%)
2026-08-13 17:05:31  [  3] 601939 建设银行  完成  日J=44.31 周J=66.32 月J=84.4 价=10.3 涨=0.59%  PE=7.88(96.36%) PB=0.76(70.0%)
2026-08-13 17:05:33  [  4] 601288 农业银行  完成  日J=17.89 周J=69.78 月J=25.31 价=6.56 涨=1.86%  PE=7.8(89.95%) PB=0.81(78.18%)
2026-08-13 17:05:35  [  5] 600941 中国移动  完成  日J=20.01 周J=91.06 月J=54.45 价=96.11 涨=-0.11%  PE=15.35(40.95%) PB=1.47(31.72%)
2026-08-13 17:05:36  [  6] 601857 中国石油  完成  日J=12.4 周J=98.89 月J=27.89 价=10.56 涨=-0.94%  PE=12.22(53.49%) PB=1.19(84.26%)
2026-08-13 17:05:38  [  7] 601988 中国银行  完成  日J=57.87 周J=73.14 月J=87.54 价=5.95 涨=2.06%  PE=7.82(97.66%) PB=0.7(81.63%)
2026-08-13 17:05:39  [  8] 300750 宁德时代  完成  日J=40.11 周J=83.9 月J=41.94 价=396.3 涨=0.6%  PE=21.57(16.68%) PB=4.83(32.19%)
2026-08-13 17:05:40  [  9] 600519 贵州茅台  完成  日J=85.74 周J=113.04 月J=50.85 价=1355.29 涨=0.92%  PE=20.48(11.53%) PB=6.25(3.06%)
2026-08-13 17:05:42  [ 10] 600938 中国海油  完成  日J=80.18 周J=90.78 月J=19.73 价=32.63 涨=-0.67%  PE=12.44(90.64%) PB=1.85(77.08%)
2026-08-13 17:05:43  [ 11] 601138 工业富联  完成  日J=69.98 周J=46.07 月J=38.55 价=65.23 涨=-0.56%  PE=27.59(87.56%) PB=7.37(93.15%)
2026-08-13 17:05:45  [ 12] 688981 中芯国际  完成  日J=84.37 周J=7.59 月J=48.6 价=129.44 涨=1.16%  PE=219.63(92.54%) PB=7.4(93.97%)
2026-08-13 17:05:46  [ 13] 300308 中际旭创  完成  日J=41.95 周J=4.48 月J=41.41 价=921.04 涨=0.0%  PE=72.07(77.7%) PB=30.27(97.27%)
2026-08-13 17:05:48  [ 14] 601628 中国人寿  完成  日J=16.49 周J=64.45 月J=21.49 价=37.46 涨=0.35%  PE=7.31(4.93%) PB=1.77(15.45%)
2026-08-13 17:05:49  [ 15] 600036 招商银行  完成  日J=1.9 周J=85.39 月J=61.97 价=38.77 涨=0.18%  PE=6.49(23.59%) PB=0.86(8.42%)
2026-08-13 17:05:50  [ 16] 601088 中国神华  完成  日J=73.66 周J=78.07 月J=45.36 价=44.34 涨=0.61%  PE=18.65(96.75%) PB=2.0(89.67%)
2026-08-13 17:05:52  [ 17] 601318 中国平安  完成  日J=-0.78 周J=87.08 月J=9.21 价=52.8 涨=0.38%  PE=7.2(5.17%) PB=0.94(17.61%)
2026-08-13 17:05:53  [ 18] 601899 紫金矿业  完成  日J=11.05 周J=96.12 月J=21.58 价=32.21 涨=-4.08%  PE=13.88(12.78%) PB=4.34(81.87%)
2026-08-13 17:05:55  [ 19] 002594 比亚迪  完成  日J=8.85 周J=81.78 月J=40.91 价=89.71 涨=-0.77%  PE=29.69(28.18%) PB=3.53(29.23%)
2026-08-13 17:05:56  [ 20] 688256 寒武纪  完成  日J=48.95 周J=4.18 月J=48.0 价=1105.5 涨=0.01%  PE=208.45(78.68%) PB=51.24(89.07%)
2026-08-13 17:05:58  [ 21] 600900 长江电力  完成  日J=38.23 周J=71.13 月J=88.71 价=28.24 涨=0.79%  PE=19.15(51.29%) PB=3.03(73.54%)
2026-08-13 17:05:59  [ 22] 688041 海光信息  完成  日J=82.24 周J=9.57 月J=44.51 价=286.0 涨=-0.58%  PE=243.85(89.59%) PB=28.29(93.2%)
2026-08-13 17:06:01  [ 23] 000333 美的集团  完成  日J=19.04 周J=75.04 月J=80.17 价=84.19 涨=-0.18%  PE=14.53(51.48%) PB=2.76(39.95%)
2026-08-13 17:06:02  [ 24] 601328 交通银行  完成  日J=8.58 周J=77.66 月J=66.51 价=6.93 涨=0.29%  PE=6.35(84.74%) PB=0.53(48.33%)
2026-08-13 17:06:03  [ 25] 600028 中国石化  完成  日J=3.06 周J=85.44 月J=2.75 价=4.99 涨=-1.19%  PE=16.97(84.88%) PB=0.72(32.25%)
2026-08-13 17:06:07  [ 26] 300502 新易盛  完成  日J=76.63 周J=13.21 月J=46.55 价=429.9 涨=0.4%  PE=55.81(57.89%) PB=29.41(96.65%)
2026-08-13 17:06:09  [ 27] 601658 邮储银行  完成  日J=1.49 周J=61.98 月J=34.85 价=4.95 涨=0.41%  PE=6.76(57.13%) PB=0.58(5.81%)
2026-08-13 17:06:10  [ 28] 601728 中国电信  完成  日J=49.6 周J=102.8 月J=60.71 价=6.43 涨=2.06%  PE=18.58(72.97%) PB=1.26(66.92%)
2026-08-13 17:06:11  [ 29] 002371 北方华创  完成  日J=88.95 周J=23.81 月J=56.35 价=738.6 涨=-2.82%  PE=96.12(46.56%) PB=13.64(85.79%)
2026-08-13 17:06:13  [ 30] 603259 药明康德  完成  日J=91.03 周J=103.23 月J=97.75 价=162.33 涨=2.07%  PE=22.35(32.4%) PB=5.81(50.87%)
2026-08-13 17:06:14  [ 31] 688347 华虹宏力  完成  日J=103.19 周J=13.83 月J=53.79 价=276.99 涨=1.39%  PE=975.52(80.6%) PB=10.64(96.17%)
2026-08-13 17:06:15  [ 32] 688235 百济神州  完成  日J=74.43 周J=92.45 月J=67.05 价=292.18 涨=-0.5%  PE=105.25(90.53%) PB=13.64(84.34%)
2026-08-13 17:06:17  [ 33] 600030 中信证券  完成  日J=20.18 周J=47.1 月J=81.15 价=27.84 涨=0.51%  PE=12.91(10.19%) PB=1.49(47.66%)
2026-08-13 17:06:19  [ 34] 002475 立讯精密  完成  日J=59.07 周J=8.23 月J=30.44 价=56.06 涨=-2.25%  PE=25.2(31.67%) PB=4.91(37.61%)
2026-08-13 17:06:20  [ 35] 601998 中信银行  完成  日J=45.11 周J=88.06 月J=50.14 价=7.69 涨=1.18%  PE=6.01(68.95%) PB=0.58(60.24%)
2026-08-13 17:06:21  [ 36] 603993 洛阳钼业  完成  日J=-7.38 周J=57.62 月J=7.52 价=18.41 涨=-3.11%  PE=16.31(21.34%) PB=4.43(89.81%)
2026-08-13 17:06:23  [ 37] 601166 兴业银行  完成  日J=-6.73 周J=80.83 月J=45.93 价=18.17 涨=0.39%  PE=4.96(33.92%) PB=0.46(6.65%)
2026-08-13 17:06:24  [ 38] 002384 东山精密  完成  日J=98.68 周J=13.75 月J=57.23 价=202.11 涨=0.96%  PE=181.46(96.75%) PB=16.35(97.37%)
2026-08-13 17:06:26  [ 39] 600276 恒瑞医药  完成  日J=63.12 周J=75.24 月J=37.4 价=53.76 涨=-1.1%  PE=43.95(5.41%) PB=5.61(3.78%)
2026-08-13 17:06:27  [ 40] 688012 中微公司  完成  日J=94.71 周J=27.63 月J=61.06 价=370.42 涨=-2.76%  PE=130.02(71.3%) PB=14.6(77.77%)
2026-08-13 17:06:28  [ 41] 600183 生益科技  完成  日J=98.45 周J=28.65 月J=54.24 价=141.74 涨=-1.04%  PE=87.64(98.66%) PB=19.2(98.66%)
2026-08-13 17:06:30  [ 42] 002415 海康威视  完成  日J=-8.02 周J=77.1 月J=82.85 价=35.66 涨=-2.22%  PE=19.89(11.53%) PB=3.87(25.41%)
2026-08-13 17:06:31  [ 43] 601211 国泰海通  完成  日J=51.62 周J=36.86 月J=48.03 价=18.15 涨=0.72%  PE=14.53(59.43%) PB=0.98(31.91%)
2026-08-13 17:06:33  [ 44] 300059 东方财富  完成  日J=-4.92 周J=52.54 月J=29.42 价=19.78 涨=-0.25%  PE=23.88(5.26%) PB=3.27(11.58%)
2026-08-13 17:06:34  [ 45] 601319 中国人保  完成  日J=11.37 周J=70.84 月J=8.16 价=7.03 涨=0.72%  PE=7.3(6.66%) PB=0.97(19.22%)
2026-08-13 17:06:35  [ 46] 600000 浦发银行  完成  日J=-4.12 周J=83.2 月J=24.15 价=9.18 涨=0.11%  PE=5.97(66.94%) PB=0.41(28.33%)
2026-08-13 17:06:37  [ 47] 688802 沐曦股份-U  完成  日J=79.48 周J=11.01 月J=62.2 价=747.0 涨=4.43%  PE=-455.76(22.64%) PB=22.82(71.7%)
2026-08-13 17:06:38  [ 48] 601601 中国太保  完成  日J=-9.73 周J=82.23 月J=4.38 价=30.43 涨=-0.16%  PE=5.43(0.86%) PB=0.92(7.46%)
2026-08-13 17:06:39  [ 49] 000858 五 粮 液  完成  日J=13.64 周J=84.59 月J=15.79 价=75.12 涨=-0.21%  PE=23.14(34.07%) PB=2.28(1.34%)
2026-08-13 17:06:41  [ 50] 603986 兆易创新  完成  日J=93.59 周J=-6.75 月J=27.25 价=404.5 涨=-2.1%  PE=98.74(50.91%) PB=11.23(75.12%)
2026-08-13 17:06:42  [ 51] 300394 天孚通信  完成  日J=96.93 周J=41.13 月J=41.65 价=257.16 涨=7.13%  PE=129.16(96.46%) PB=46.91(97.56%)
2026-08-13 17:06:43  [ 52] 601869 长飞光纤  完成  日J=99.51 周J=7.92 月J=41.25 价=337.51 涨=-2.39%  PE=241.47(94.23%) PB=19.63(96.01%)
2026-08-13 17:06:45  [ 53] 688795 摩尔线程-U  完成  日J=56.13 周J=16.29 月J=23.99 价=584.31 涨=2.06%  PE=-370.43(17.37%) PB=22.55(11.98%)
2026-08-13 17:06:46  [ 54] 300476 胜宏科技  完成  日J=101.54 周J=45.06 月J=21.69 价=271.3 涨=-2.9%  PE=56.97(87.27%) PB=15.32(92.3%)
2026-08-13 17:06:48  [ 55] 002379 宏桥控股  完成  日J=74.53 周J=98.1 月J=13.63 价=20.2 涨=-5.34%  PE=13.36(73.01%) PB=5.04(83.4%)
2026-08-13 17:06:49  [ 56] 000338 潍柴动力  完成  日J=65.19 周J=82.6 月J=66.26 价=30.1 涨=-2.7%  PE=23.0(97.03%) PB=2.73(94.02%)
2026-08-13 17:06:50  [ 57] 002916 深南电路  完成  日J=91.64 周J=32.06 月J=56.66 价=377.98 涨=-2.03%  PE=70.84(97.85%) PB=14.23(93.64%)
2026-08-13 17:06:52  [ 58] 688008 澜起科技  完成  日J=70.23 周J=7.12 月J=43.85 价=210.22 涨=-2.42%  PE=100.32(74.62%) PB=12.31(80.34%)
2026-08-13 17:06:53  [ 59] 300408 三环集团  完成  日J=67.38 周J=31.35 月J=61.5 价=128.4 涨=0.34%  PE=89.12(98.9%) PB=11.45(98.9%)
2026-08-13 17:06:54  [ 60] 600150 中国船舶  完成  日J=-5.46 周J=41.08 月J=29.34 价=33.78 涨=-0.32%  PE=22.48(26.17%) PB=1.7(21.1%)
2026-08-13 17:06:56  [ 61] 688820 盛合晶微  完成  日J=89.79 周J=4.86 月J=25.0 价=135.37 涨=-1.91%  PE=255.85(25.32%) PB=17.44(25.32%)
2026-08-13 17:06:57  [ 62] 300274 阳光电源  完成  日J=95.14 周J=20.67 月J=4.17 价=118.13 涨=0.51%  PE=20.54(43.25%) PB=5.03(51.0%)
2026-08-13 17:06:58  [ 63] 601816 京沪高铁  完成  日J=22.76 周J=98.43 月J=84.47 价=4.97 涨=-0.8%  PE=18.21(2.95%) PB=1.16(4.08%)
2026-08-13 17:07:00  [ 64] 601225 陕西煤业  完成  日J=67.04 周J=88.33 月J=63.84 价=25.08 涨=-0.48%  PE=15.04(98.28%) PB=2.38(84.35%)
2026-08-13 17:07:02  [ 65] 601919 中远海控  完成  日J=19.04 周J=100.92 月J=58.18 价=15.25 涨=-1.1%  PE=9.29(58.09%) PB=0.99(29.52%)
2026-08-13 17:07:03  [ 66] 002463 沪电股份  完成  日J=84.26 周J=27.95 月J=54.76 价=120.66 涨=-1.91%  PE=53.97(97.37%) PB=13.83(97.89%)
2026-08-13 17:07:05  [ 67] 002714 牧原股份  完成  日J=94.0 周J=97.52 月J=33.96 价=40.15 涨=0.55%  PE=23.7(70.0%) PB=2.69(2.78%)
2026-08-13 17:07:07  [ 68] 600309 万华化学  完成  日J=7.9 周J=82.29 月J=16.48 价=73.11 涨=-2.6%  PE=17.39(60.86%) PB=2.05(8.37%)
2026-08-13 17:07:08  [ 69] 688808 联讯仪器  完成  日J=95.68 周J=43.82 月J=57.36 价=2212.0 涨=-1.6%  PE=831.17(77.63%) PB=221.33(77.63%)
2026-08-13 17:07:09  [ 70] 000651 格力电器  完成  日J=10.11 周J=76.24 月J=83.48 价=40.24 涨=0.02%  PE=7.72(26.6%) PB=1.48(4.83%)
2026-08-13 17:07:11  [ 71] 002938 鹏鼎控股  完成  日J=81.28 周J=32.18 月J=60.87 价=95.72 涨=-5.23%  PE=58.55(97.65%) PB=6.45(97.13%)
2026-08-13 17:07:12  [ 72] 000001 平安银行  完成  日J=13.35 周J=90.16 月J=84.68 价=11.25 涨=0.0%  PE=5.07(29.47%) PB=0.47(7.8%)
2026-08-13 17:07:14  [ 73] 000725 京东方Ａ  完成  日J=71.82 周J=-3.72 月J=39.54 价=5.86 涨=-1.18%  PE=36.48(57.32%) PB=1.6(71.96%)
2026-08-13 17:07:15  [ 74] 600188 兖矿能源  完成  日J=90.14 周J=71.46 月J=51.18 价=21.5 涨=-2.67%  PE=22.59(97.99%) PB=2.82(85.55%)
2026-08-13 17:07:16  [ 75] 600919 江苏银行  完成  日J=54.18 周J=96.28 月J=101.9 价=11.69 涨=0.17%  PE=5.94(77.66%) PB=0.81(89.14%)
2026-08-13 17:07:18  [ 76] 002142 宁波银行  完成  日J=83.35 周J=92.28 月J=83.85 价=32.29 涨=0.78%  PE=7.08(33.01%) PB=0.92(29.23%)
2026-08-13 17:07:19  [ 77] 603288 海天味业  完成  日J=0.75 周J=79.56 月J=54.42 价=36.2 涨=-0.11%  PE=29.09(2.2%) PB=5.04(2.44%)
2026-08-13 17:07:21  [ 78] 600690 海尔智家  完成  日J=1.25 周J=75.37 月J=25.5 价=21.79 涨=0.18%  PE=10.92(5.26%) PB=1.63(3.73%)
2026-08-13 17:07:22  [ 79] 601066 中信建投  完成  日J=57.2 周J=7.24 月J=56.19 价=25.97 涨=1.05%  PE=17.88(8.99%) PB=2.33(21.22%)
2026-08-13 17:07:24  [ 80] 688072 拓荆科技  完成  日J=91.94 周J=23.29 月J=58.87 价=685.11 涨=-2.55%  PE=121.12(76.62%) PB=27.48(96.66%)
2026-08-13 17:07:25  [ 81] 003816 中国广核  完成  日J=2.29 周J=32.48 月J=16.39 价=3.91 涨=-0.51%  PE=20.82(85.73%) PB=1.57(58.38%)
2026-08-13 17:07:27  [ 82] 600406 国电南瑞  完成  日J=-12.68 周J=82.58 月J=15.34 价=23.69 涨=-1.54%  PE=22.87(22.39%) PB=3.56(29.71%)
2026-08-13 17:07:28  [ 83] 301377 鼎泰高科  完成  日J=89.65 周J=17.67 月J=50.92 价=445.0 涨=-1.02%  PE=303.56(97.23%) PB=65.03(97.23%)
2026-08-13 17:07:29  [ 84] 301666 大普微-UW  完成  日J=78.69 周J=-1.37 月J=19.3 价=430.0 涨=-2.09%  PE=14449.32(21.95%) PB=233.86(21.95%)
2026-08-13 17:07:30  [ 85] 688498 源杰科技  完成  日J=98.25 周J=31.17 月J=61.34 价=1500.68 涨=5.02%  PE=524.75(70.89%) PB=74.0(97.28%)
2026-08-13 17:07:32  [ 86] 300760 迈瑞医疗  完成  日J=39.85 周J=90.31 月J=30.23 价=153.39 涨=-0.14%  PE=23.72(6.84%) PB=4.63(2.47%)
2026-08-13 17:07:33  [ 87] 601898 中煤能源  完成  日J=65.07 周J=52.28 月J=8.97 价=13.93 涨=-1.55%  PE=10.4(50.62%) PB=1.13(86.94%)
2026-08-13 17:07:34  [ 88] 601668 中国建筑  完成  日J=-11.6 周J=79.3 月J=44.12 价=4.44 涨=-1.33%  PE=4.84(47.94%) PB=0.37(0.33%)
2026-08-13 17:07:36  [ 89] 300433 蓝思科技  完成  日J=76.51 周J=-4.19 月J=27.07 价=34.65 涨=-1.7%  PE=53.18(82.44%) PB=3.35(77.37%)
2026-08-13 17:07:37  [ 90] 601336 新华保险  完成  日J=10.12 周J=55.03 月J=3.5 价=58.49 涨=-0.58%  PE=4.94(0.53%) PB=1.48(41.24%)
2026-08-13 17:07:39  [ 91] 300604 长川科技  完成  日J=95.17 周J=26.04 月J=63.74 价=281.69 涨=-1.89%  PE=115.62(52.44%) PB=35.71(98.8%)
2026-08-13 17:07:40  [ 92] 601985 中国核电  完成  日J=5.39 周J=42.75 月J=70.93 价=8.82 涨=0.11%  PE=22.04(83.88%) PB=1.51(27.61%)
2026-08-13 17:07:41  [ 93] 600025 华能水电  完成  日J=5.43 周J=71.4 月J=65.26 价=9.71 涨=0.21%  PE=21.19(72.49%) PB=2.55(71.29%)
2026-08-13 17:07:43  [ 94] 601818 光大银行  完成  日J=-9.47 周J=69.63 月J=38.96 价=3.02 涨=-0.33%  PE=4.72(36.22%) PB=0.35(0.43%)
2026-08-13 17:07:44  [ 95] 001399 惠科股份  完成  日J=68.32 周J=-2.09 月J=None 价=23.88 涨=-0.29%  PE=46.73(22.86%) PB=6.7(22.86%)
2026-08-13 17:07:45  [ 96] 601688 华泰证券  完成  日J=55.24 周J=9.36 月J=14.19 价=19.56 涨=0.88%  PE=10.07(17.27%) PB=0.99(37.61%)
2026-08-13 17:07:47  [ 97] 603268 松发股份  完成  日J=56.84 周J=82.41 月J=84.06 价=173.26 涨=1.35%  PE=50.52(63.3%) PB=16.74(85.93%)
2026-08-13 17:07:48  [ 98] 600930 华电新能  完成  日J=11.42 周J=4.82 月J=0.22 价=4.2 涨=-0.24%  PE=27.36(1.52%) PB=1.59(1.52%)
2026-08-13 17:07:49  [ 99] 300033 同花顺  完成  日J=24.96 周J=49.83 月J=32.47 价=231.91 涨=-0.89%  PE=52.25(51.2%) PB=24.97(94.59%)
2026-08-13 17:07:50  [100] 001248 华润新能  完成  日J=3.42 周J=6.26 月J=None 价=13.08 涨=0.15%  PE=32.43(35.48%) PB=1.88(35.48%)
2026-08-13 17:07:51  全部完成，结果已写入 C:\Users\hailo\Desktop\每周自动指标\output\2026-08-13\metrics_2026-08-13.csv
2026-08-13 17:07:51  步骤2完成 -> C:\Users\hailo\Desktop\每周自动指标\output\2026-08-13\metrics_2026-08-13.csv
2026-08-13 17:07:51  步骤3: 生成 HTML 总结报告…
2026-08-13 17:07:51  步骤3完成 -> C:\Users\hailo\Desktop\每周自动指标\output\2026-08-13\report_2026-08-13.html
2026-08-13 17:07:51  步骤4: 生成个股股价走势图（含每日信号）…
2026-08-13 17:07:51  步骤4完成 -> C:\Users\hailo\Desktop\每周自动指标\output\stock_charts.html
2026-08-13 17:07:51  步骤5: 发送邮件报告…
2026-08-13 17:07:53  步骤5完成: 邮件已发送
2026-08-13 17:07:53  ===== 全部完成 2026-08-13 =====
2026-08-13 19:00:12  今日(2026-08-13)已完成，跳过。结果目录: C:\Users\hailo\Desktop\每周自动指标\output\2026-08-13
