2026-09-07 22:22:37  ===== 开始每日指标任务 2026-09-07 =====
2026-09-07 22:22:37  步骤1: 获取 A股市值前100…
2026-09-07 22:22:38  步骤1完成 -> /home/runner/work/daily-stock-metrics/daily-stock-metrics/output/2026-09-07/top100_2026-09-07.csv
2026-09-07 22:22:38  步骤2: 计算 KDJ-J(日/周/月) 及 PE/PB 历史分位…
2026-09-07 22:22:38  观察池: 共105只(含历史追踪5只) -> /home/runner/work/daily-stock-metrics/daily-stock-metrics/output/2026-09-07/tracked_2026-09-07.csv
2026-09-07 22:22:38  待处理 105 条，并发数 8
2026-09-07 22:22:41  [  1] 688825 长鑫科技  完成  日J=50.42 周J=85.47 月J=None MA20=56.533 MA60=None 多头=None 价=58.47 涨=6.7%  PE=48.52(19.35%) PB=29.46(90.32%)
2026-09-07 22:22:42  [  5] 600941 中国移动  完成  日J=56.9 周J=95.27 月J=90.07 MA20=97.918 MA60=94.291 多头=1 价=98.7 涨=-1.6%  PE=16.24(63.99%) PB=1.51(38.04%)
2026-09-07 22:22:42  [  3] 601939 建设银行  完成  日J=35.72 周J=77.8 月J=96.06 MA20=10.625 MA60=10.205 多头=1 价=10.71 涨=-2.46%  PE=8.09(96.77%) PB=0.78(72.71%)
2026-09-07 22:22:42  [  2] 601398 工商银行  完成  日J=41.45 周J=79.39 月J=93.39 MA20=7.845 MA60=7.595 多头=1 价=7.97 涨=-1.97%  PE=7.59(93.78%) PB=0.72(66.07%)
2026-09-07 22:22:42  [  8] 600519 贵州茅台  完成  日J=71.38 周J=81.43 月J=43.99 MA20=1309.635 MA60=1271.296 多头=1 价=1316.01 涨=-1.05%  PE=20.2(9.54%) PB=6.55(3.99%)
2026-09-07 22:22:42  [  7] 601857 中国石油  完成  日J=20.53 周J=87.24 月J=42.79 MA20=11.056 MA60=10.331 多头=1 价=11.02 涨=-1.34%  PE=11.46(48.6%) PB=1.23(89.18%)
2026-09-07 22:22:42  [  4] 601288 农业银行  完成  日J=23.32 周J=81.71 月J=53.76 MA20=6.76 MA60=6.543 多头=1 价=6.81 涨=-2.16%  PE=8.0(91.12%) PB=0.83(82.49%)
2026-09-07 22:22:42  [  6] 601988 中国银行  完成  日J=55.67 周J=85.42 月J=98.05 MA20=6.193 MA60=5.952 多头=1 价=6.44 涨=-1.98%  PE=8.33(99.62%) PB=0.75(93.12%)
2026-09-07 22:22:43  [  9] 300750 宁德时代  完成  日J=2.77 周J=3.19 月J=6.68 MA20=376.986 MA60=381.541 多头=0 价=348.2 涨=-0.8%  PE=18.95(9.94%) PB=4.25(12.94%)
2026-09-07 22:22:44  [ 10] 600938 中国海油  完成  日J=17.88 周J=86.56 月J=29.57 MA20=33.517 MA60=31.045 多头=1 价=33.12 涨=-0.87%  PE=11.38(83.83%) PB=1.84(75.56%)
2026-09-07 22:22:44  [ 13] 688981 中芯国际  完成  日J=36.5 周J=4.63 月J=38.24 MA20=126.458 MA60=137.575 多头=0 价=124.12 涨=2.46%  PE=147.45(65.28%) PB=6.2(86.26%)
2026-09-07 22:22:44  [ 12] 601628 中国人寿  完成  日J=49.54 周J=34.6 月J=30.61 MA20=37.87 MA60=37.846 多头=1 价=38.45 涨=-1.84%  PE=4.39(0.14%) PB=1.64(6.45%)
2026-09-07 22:22:44  [ 14] 300308 中际旭创  完成  日J=62.29 周J=12.17 月J=29.43 MA20=887.729 MA60=1037.859 多头=0 价=898.46 涨=10.38%  PE=51.74(57.62%) PB=26.55(96.25%)
2026-09-07 22:22:44  [ 15] 600036 招商银行  完成  日J=82.82 周J=96.11 月J=99.21 MA20=39.589 MA60=38.249 多头=1 价=41.07 涨=-1.49%  PE=6.83(32.7%) PB=0.9(16.9%)
2026-09-07 22:22:45  [ 16] 601318 中国平安  完成  日J=50.66 周J=93.15 月J=27.83 MA20=54.523 MA60=52.596 多头=1 价=56.36 涨=-3.23%  PE=6.41(0.43%) PB=0.99(28.43%)
2026-09-07 22:22:45  [ 11] 601138 工业富联  完成  日J=93.59 周J=80.63 月J=43.9 MA20=63.816 MA60=64.79 多头=0 价=66.57 涨=4.52%  PE=28.16(88.02%) PB=7.52(94.11%)
2026-09-07 22:22:46  [ 17] 601088 中国神华  完成  日J=8.14 周J=80.15 月J=70.56 MA20=46.558 MA60=43.763 多头=1 价=46.09 涨=-3.19%  PE=18.52(95.73%) PB=2.22(98.1%)
2026-09-07 22:22:46  [ 19] 002594 比亚迪  完成  日J=-8.35 周J=6.91 月J=30.47 MA20=89.55 MA60=89.042 多头=1 价=86.51 涨=-1.02%  PE=26.8(23.3%) PB=3.29(25.96%)
2026-09-07 22:22:46  [ 18] 601899 紫金矿业  完成  日J=15.3 周J=82.46 月J=34.62 MA20=33.43 MA60=30.674 多头=1 价=32.87 涨=-1.44%  PE=12.92(7.59%) PB=4.33(81.3%)
2026-09-07 22:22:47  [ 20] 688256 寒武纪  完成  日J=74.3 周J=17.39 月J=39.62 MA20=1074.855 MA60=1233.459 多头=0 价=1092.38 涨=1.9%  PE=206.16(78.32%) PB=50.68(88.19%)
2026-09-07 22:22:47  [ 22] 000333 美的集团  完成  日J=35.97 周J=76.57 月J=91.99 MA20=85.627 MA60=82.355 多头=1 价=86.27 涨=-1.48%  PE=14.83(53.96%) PB=3.11(51.02%)
2026-09-07 22:22:47  [ 23] 600028 中国石化  完成  日J=33.74 周J=83.07 月J=18.9 MA20=5.255 MA60=5.035 多头=1 价=5.37 涨=-2.01%  PE=18.06(86.71%) PB=0.77(38.25%)
2026-09-07 22:22:47  [ 21] 600900 长江电力  完成  日J=22.18 周J=38.86 月J=80.91 MA20=28.198 MA60=27.663 多头=1 价=27.85 涨=-2.01%  PE=18.82(47.08%) PB=3.15(81.54%)
2026-09-07 22:22:48  [ 24] 601658 邮储银行  完成  日J=66.63 周J=71.23 月J=83.89 MA20=5.112 MA60=5.028 多头=1 价=5.39 涨=-0.55%  PE=7.22(77.69%) PB=0.62(26.1%)
2026-09-07 22:22:48  [ 25] 601328 交通银行  完成  日J=66.62 周J=90.45 月J=100.49 MA20=7.136 MA60=6.88 多头=1 价=7.32 涨=-1.35%  PE=6.64(91.03%) PB=0.55(58.42%)
2026-09-07 22:22:49  [ 27] 601728 中国电信  完成  日J=45.56 周J=79.47 月J=65.95 MA20=6.443 MA60=6.052 多头=1 价=6.34 涨=-0.63%  PE=19.5(79.64%) PB=1.23(61.0%)
2026-09-07 22:22:49  [ 26] 300502 新易盛  完成  日J=60.08 周J=18.57 月J=34.26 MA20=415.349 MA60=476.203 多头=0 价=417.2 涨=8.08%  PE=44.34(38.87%) PB=23.94(92.83%)
2026-09-07 22:22:49  [ 28] 688041 海光信息  完成  日J=63.81 周J=0.95 月J=13.61 MA20=256.612 MA60=298.637 多头=0 价=242.71 涨=-0.39%  PE=179.55(62.82%) PB=22.23(75.68%)
2026-09-07 22:22:49  [ 30] 002371 北方华创  完成  日J=17.79 周J=-0.28 月J=38.65 MA20=708.996 MA60=741.003 多头=0 价=660.65 涨=3.52%  PE=84.35(42.15%) PB=11.82(77.88%)
2026-09-07 22:22:50  [ 31] 603259 药明康德  完成  日J=29.75 周J=63.27 月J=81.95 MA20=159.139 MA60=135.076 多头=1 价=153.25 涨=-0.38%  PE=21.33(28.92%) PB=5.55(48.52%)
2026-09-07 22:22:50  [ 29] 601998 中信银行  完成  日J=56.18 周J=103.73 月J=95.77 MA20=8.345 MA60=7.718 多头=1 价=8.74 涨=-1.69%  PE=6.78(90.18%) PB=0.65(74.56%)
2026-09-07 22:22:51  [ 33] 600030 中信证券  完成  日J=57.71 周J=31.46 月J=77.68 MA20=27.584 MA60=28.005 多头=0 价=27.67 涨=-1.14%  PE=10.9(0.24%) PB=1.46(44.9%)
2026-09-07 22:22:51  [ 35] 688347 华虹宏力  完成  日J=17.3 周J=-7.48 月J=35.42 MA20=247.332 MA60=285.238 多头=0 价=228.73 涨=2.34%  PE=566.89(66.09%) PB=8.41(91.05%)
2026-09-07 22:22:51  [ 36] 603993 洛阳钼业  完成  日J=-1.74 周J=41.35 月J=6.56 MA20=18.794 MA60=18.857 多头=0 价=18.37 涨=-0.6%  PE=14.13(11.91%) PB=4.38(88.56%)
2026-09-07 22:22:51  [ 34] 688235 百济神州  完成  日J=16.81 周J=24.14 月J=55.84 MA20=281.265 MA60=265.608 多头=1 价=265.03 涨=-2.2%  PE=95.47(88.58%) PB=11.54(72.62%)
2026-09-07 22:22:52  [ 37] 601166 兴业银行  完成  日J=79.18 周J=45.27 月J=41.26 MA20=18.012 MA60=17.864 多头=1 价=18.05 涨=-0.93%  PE=5.06(40.39%) PB=0.46(5.93%)
2026-09-07 22:22:52  [ 39] 002384 东山精密  完成  日J=25.48 周J=15.05 月J=50.52 MA20=196.111 MA60=217.202 多头=0 价=190.55 涨=6.65%  PE=97.35(89.23%) PB=14.32(96.11%)
2026-09-07 22:22:52  [ 38] 600183 生益科技  完成  日J=65.97 周J=78.71 月J=62.6 MA20=138.775 MA60=143.318 多头=0 价=148.15 涨=7.75%  PE=69.28(97.25%) PB=19.45(98.81%)
2026-09-07 22:22:53  [ 40] 601319 中国人保  完成  日J=75.18 周J=80.29 月J=32.71 MA20=7.265 MA60=7.143 多头=1 价=7.85 涨=-1.75%  PE=6.11(0.11%) PB=1.02(29.55%)
2026-09-07 22:22:54  [ 42] 688012 中微公司  完成  日J=10.33 周J=15.45 月J=48.4 MA20=363.75 MA60=378.433 多头=0 价=344.0 涨=2.56%  PE=77.88(42.52%) PB=10.97(71.46%)
2026-09-07 22:22:54  [ 43] 601601 中国太保  完成  日J=62.05 周J=90.8 月J=20.62 MA20=31.495 MA60=30.678 多头=1 价=33.22 涨=-2.89%  PE=5.67(2.37%) PB=1.0(16.66%)
2026-09-07 22:22:55  [ 44] 002415 海康威视  完成  日J=23.62 周J=33.32 月J=75.24 MA20=34.919 MA60=34.407 多头=1 价=34.87 涨=0.0%  PE=19.45(9.16%) PB=3.79(22.64%)
2026-09-07 22:22:55  [ 46] 601211 国泰海通  完成  日J=42.73 周J=-0.92 月J=43.57 MA20=17.795 MA60=18.179 多头=0 价=17.48 涨=-2.18%  PE=9.51(3.46%) PB=0.93(24.58%)
2026-09-07 22:22:55  [ 32] 002475 立讯精密  完成  日J=43.04 周J=28.86 月J=24.24 MA20=56.059 MA60=60.368 多头=0 价=55.93 涨=3.0%  PE=24.32(27.43%) PB=4.65(30.04%)
2026-09-07 22:22:56  [ 48] 300059 东方财富  完成  日J=16.02 周J=8.28 月J=21.75 MA20=19.264 MA60=19.819 多头=0 价=18.99 涨=-0.84%  PE=20.61(1.8%) PB=3.05(8.92%)
2026-09-07 22:22:56  [ 49] 300394 天孚通信  完成  日J=58.36 周J=88.97 月J=45.73 MA20=260.617 MA60=255.02 多头=1 价=267.0 涨=7.36%  PE=125.41(95.63%) PB=46.61(97.2%)
2026-09-07 22:22:56  [ 47] 600276 恒瑞医药  完成  日J=40.44 周J=-10.02 月J=-0.26 MA20=49.094 MA60=51.765 多头=0 价=46.26 涨=0.52%  PE=39.74(2.52%) PB=4.76(0.28%)
2026-09-07 22:22:57  [ 45] 600000 浦发银行  完成  日J=72.0 周J=65.67 月J=28.8 MA20=9.16 MA60=8.964 多头=1 价=9.23 涨=-2.12%  PE=6.0(68.2%) PB=0.41(29.52%)
2026-09-07 22:22:57  [ 52] 688808 联讯仪器  完成  日J=97.37 周J=105.45 月J=83.32 MA20=2322.497 MA60=2172.745 多头=1 价=2656.9 涨=7.78%  PE=398.65(11.83%) PB=80.52(54.84%)
2026-09-07 22:22:57  [ 41] 601869 长飞光纤  完成  日J=26.83 周J=79.02 月J=51.11 MA20=380.454 MA60=400.419 多头=0 价=400.51 涨=5.73%  PE=96.32(87.74%) PB=20.26(96.3%)
2026-09-07 22:22:57  [ 51] 000858 五 粮 液  完成  日J=59.48 周J=24.99 月J=8.39 MA20=72.25 MA60=73.048 多头=0 价=71.46 涨=-0.72%  PE=21.2(24.35%) PB=2.34(0.66%)
2026-09-07 22:22:58  [ 50] 600150 中国船舶  完成  日J=93.12 周J=104.36 月J=53.28 MA20=34.284 MA60=34.53 多头=0 价=38.38 涨=2.43%  PE=20.59(25.63%) PB=1.9(41.29%)
2026-09-07 22:22:58  [ 55] 601225 陕西煤业  完成  日J=-1.22 周J=73.39 月J=82.94 MA20=26.062 MA60=24.287 多头=1 价=25.69 涨=-2.1%  PE=12.21(88.13%) PB=2.46(87.47%)
2026-09-07 22:22:58  [ 54] 002714 牧原股份  完成  日J=94.98 周J=106.63 月J=60.68 MA20=40.718 MA60=38.563 多头=1 价=43.91 涨=-0.14%  PE=-226.17(13.05%) PB=3.2(14.71%)
2026-09-07 22:22:59  [ 56] 002916 深南电路  完成  日J=47.96 周J=40.66 月J=49.35 MA20=360.735 MA60=378.243 多头=0 价=364.98 涨=10.0%  PE=59.66(90.79%) PB=13.79(92.45%)
2026-09-07 22:22:59  [ 59] 688008 澜起科技  完成  日J=15.0 周J=8.74 月J=29.94 MA20=203.984 MA60=229.186 多头=0 价=197.82 涨=5.39%  PE=78.55(46.85%) PB=11.22(71.52%)
2026-09-07 22:22:59  [ 58] 002379 宏桥控股  完成  日J=53.83 周J=59.31 月J=8.64 MA20=18.867 MA60=17.869 多头=1 价=18.61 涨=-1.74%  PE=9.83(62.89%) PB=4.19(80.45%)
2026-09-07 22:22:59  [ 57] 601919 中远海控  完成  日J=-10.61 周J=61.46 月J=77.75 MA20=16.427 MA60=15.095 多头=1 价=16.0 涨=-0.37%  PE=9.13(56.95%) PB=1.05(39.63%)
2026-09-07 22:23:00  [ 61] 688820 盛合晶微  完成  日J=54.11 周J=6.66 月J=18.4 MA20=132.434 MA60=154.578 多头=0 价=128.8 涨=3.73%  PE=256.61(30.21%) PB=12.44(21.88%)
2026-09-07 22:23:00  [ 60] 600309 万华化学  完成  日J=76.59 周J=94.84 月J=25.14 MA20=75.055 MA60=73.097 多头=1 价=76.74 涨=-1.18%  PE=14.59(37.07%) PB=2.11(10.82%)
2026-09-07 22:23:00  [ 53] 603986 兆易创新  完成  日J=26.9 周J=7.14 月J=14.25 MA20=402.026 MA60=500.611 多头=0 价=385.44 涨=3.65%  PE=34.22(11.15%) PB=7.28(42.15%)
2026-09-07 22:23:01  [ 62] 000338 潍柴动力  完成  日J=69.55 周J=49.2 月J=50.73 MA20=28.263 MA60=27.876 多头=1 价=27.54 涨=2.57%  PE=18.32(83.39%) PB=2.48(82.58%)
2026-09-07 22:23:01  [ 67] 688802 沐曦股份-U  完成  日J=9.56 周J=-7.47 月J=29.29 MA20=692.082 MA60=755.578 多头=0 价=570.08 涨=-9.67%  PE=25637.98(97.16%) PB=16.44(15.34%)
2026-09-07 22:23:01  [ 66] 300476 胜宏科技  完成  日J=18.39 周J=47.22 月J=8.03 MA20=250.668 MA60=269.681 多头=0 价=233.46 涨=6.36%  PE=45.65(80.59%) PB=6.05(81.87%)
2026-09-07 22:23:01  [ 64] 002463 沪电股份  完成  日J=45.17 周J=49.74 月J=55.64 MA20=119.548 MA60=125.238 多头=0 价=122.65 涨=10.0%  PE=46.62(93.36%) PB=13.12(97.86%)
2026-09-07 22:23:02  [ 65] 300408 三环集团  完成  日J=67.66 周J=45.61 月J=46.36 MA20=116.121 MA60=125.363 多头=0 价=114.92 涨=6.01%  PE=69.25(96.77%) PB=10.13(97.86%)
2026-09-07 22:23:02  [ 63] 601816 京沪高铁  完成  日J=34.17 周J=56.64 月J=78.37 MA20=4.912 MA60=4.788 多头=1 价=4.84 涨=-1.22%  PE=17.38(1.3%) PB=1.13(1.86%)
2026-09-07 22:23:03  [ 72] 688836 宇树科技-W  完成  日J=13.01 周J=None 月J=None MA20=None MA60=None 多头=None 价=536.35 涨=1.14%  PE=371.31(14.29%) PB=75.32(14.29%)
2026-09-07 22:23:03  [ 69] 002142 宁波银行  完成  日J=43.71 周J=96.14 月J=93.56 MA20=33.47 MA60=31.756 多头=1 价=34.13 涨=-1.07%  PE=7.24(34.88%) PB=0.93(30.56%)
2026-09-07 22:23:03  [ 68] 000001 平安银行  完成  日J=40.16 周J=89.93 月J=102.25 MA20=11.512 MA60=11.051 多头=1 价=11.7 涨=-1.6%  PE=5.22(34.88%) PB=0.48(12.62%)
2026-09-07 22:23:04  [ 70] 600919 江苏银行  完成  日J=37.82 周J=89.82 月J=104.26 MA20=11.985 MA60=11.53 多头=1 价=12.15 涨=-1.06%  PE=6.17(83.2%) PB=0.82(90.93%)
2026-09-07 22:23:04  [ 71] 000651 格力电器  完成  日J=27.85 周J=67.56 月J=92.75 MA20=38.818 MA60=37.725 多头=1 价=38.9 涨=-0.21%  PE=7.82(30.75%) PB=1.47(3.84%)
2026-09-07 22:23:04  [ 73] 003816 中国广核  完成  日J=73.24 周J=94.72 月J=44.61 MA20=4.07 MA60=4.003 多头=1 价=4.29 涨=-1.83%  PE=21.83(89.92%) PB=1.75(79.95%)
2026-09-07 22:23:04  [ 74] 688498 源杰科技  完成  日J=69.55 周J=71.33 月J=72.79 MA20=1531.682 MA60=1548.577 多头=0 价=1702.0 涨=16.1%  PE=281.88(52.56%) PB=67.45(97.33%)
2026-09-07 22:23:04  [ 75] 000725 京东方Ａ  完成  日J=17.56 周J=7.35 月J=31.99 MA20=5.888 MA60=6.432 多头=0 价=5.68 涨=1.25%  PE=26.78(47.51%) PB=1.58(70.43%)
2026-09-07 22:23:05  [ 76] 600188 兖矿能源  完成  日J=-2.02 周J=72.79 月J=55.26 MA20=21.997 MA60=20.182 多头=1 价=20.78 涨=-3.62%  PE=19.51(94.02%) PB=2.71(80.11%)
2026-09-07 22:23:05  [ 78] 300760 迈瑞医疗  完成  日J=78.79 周J=107.5 月J=53.39 MA20=159.584 MA60=150.414 多头=1 价=169.2 涨=-0.42%  PE=26.07(18.4%) PB=5.06(5.37%)
2026-09-07 22:23:06  [ 82] 688795 摩尔线程-U  完成  日J=0.06 周J=-7.88 月J=0.87 MA20=541.935 MA60=606.749 多头=0 价=415.49 涨=-20.0%  PE=-263.41(61.41%) PB=16.04(0.54%)
2026-09-07 22:23:06  [ 80] 603288 海天味业  完成  日J=23.38 周J=7.78 月J=27.85 MA20=35.076 MA60=35.19 多头=0 价=34.2 涨=-0.58%  PE=27.35(0.95%) PB=5.12(2.94%)
2026-09-07 22:23:06  [ 77] 002938 鹏鼎控股  完成  日J=40.88 周J=34.23 月J=53.9 MA20=90.617 MA60=95.267 多头=0 价=89.99 涨=8.04%  PE=55.05(96.84%) PB=6.07(93.48%)
2026-09-07 22:23:07  [ 83] 601066 中信建投  完成  日J=28.3 周J=4.39 月J=46.31 MA20=25.238 MA60=26.381 多头=0 价=24.85 涨=-1.7%  PE=15.33(1.05%) PB=2.2(14.73%)
2026-09-07 22:23:07  [ 81] 603268 松发股份  完成  日J=72.52 周J=102.07 月J=97.76 MA20=183.778 MA60=164.157 多头=1 价=193.65 涨=0.55%  PE=35.13(47.79%) PB=15.11(82.25%)
2026-09-07 22:23:07  [ 79] 600690 海尔智家  完成  日J=79.88 周J=77.54 月J=39.0 MA20=21.148 MA60=20.537 多头=1 价=21.61 涨=-1.77%  PE=11.27(8.02%) PB=1.68(3.99%)
2026-09-07 22:23:07  [ 85] 688072 拓荆科技  完成  日J=23.33 周J=7.73 月J=48.52 MA20=677.481 MA60=692.109 多头=0 价=651.92 涨=4.82%  PE=87.57(38.22%) PB=14.98(83.1%)
2026-09-07 22:23:08  [ 84] 601898 中煤能源  完成  日J=3.55 周J=79.88 月J=29.24 MA20=14.568 MA60=13.66 多头=1 价=14.53 涨=-4.28%  PE=10.51(51.54%) PB=1.16(90.89%)
2026-09-07 22:23:08  [ 88] 300274 阳光电源  完成  日J=5.11 周J=3.22 月J=-16.31 MA20=105.324 MA60=117.955 多头=0 价=88.75 涨=0.36%  PE=16.75(27.24%) PB=3.67(33.36%)
2026-09-07 22:23:08  [ 89] 301666 大普微-UW  完成  日J=15.46 周J=17.14 月J=16.02 MA20=432.31 MA60=511.417 多头=0 价=420.85 涨=3.79%  PE=152.09(13.13%) PB=50.35(12.12%)
2026-09-07 22:23:08  [ 87] 300433 蓝思科技  完成  日J=-3.59 周J=31.11 月J=29.27 MA20=36.987 MA60=40.894 多头=0 价=35.78 涨=1.82%  PE=54.71(82.49%) PB=3.58(81.59%)
2026-09-07 22:23:08  [ 86] 601336 新华保险  完成  日J=47.05 周J=48.99 月J=12.95 MA20=59.583 MA60=60.444 多头=0 价=60.68 涨=-2.52%  PE=4.28(0.24%) PB=1.53(44.95%)
2026-09-07 22:23:09  [ 90] 601985 中国核电  完成  日J=60.36 周J=63.12 月J=73.88 MA20=8.864 MA60=8.863 多头=1 价=8.91 涨=-1.87%  PE=25.18(99.57%) PB=1.55(34.31%)
2026-09-07 22:23:09  [ 91] 600031 三一重工  完成  日J=70.46 周J=71.19 月J=41.37 MA20=19.207 MA60=19.015 多头=1 价=19.89 涨=-0.55%  PE=20.59(44.85%) PB=1.99(16.9%)
2026-09-07 22:23:10  [ 92] 600406 国电南瑞  完成  日J=18.07 周J=33.96 月J=4.8 MA20=23.209 MA60=23.19 多头=1 价=22.69 涨=-0.09%  PE=21.7(12.77%) PB=3.5(26.63%)
2026-09-07 22:23:10  [ 93] 601668 中国建筑  完成  日J=30.52 周J=17.73 月J=39.52 MA20=4.41 MA60=4.429 多头=0 价=4.35 涨=-1.14%  PE=5.68(77.84%) PB=0.36(0.19%)
2026-09-07 22:23:11  [ 97] 601688 华泰证券  完成  日J=77.36 周J=44.02 月J=19.3 MA20=19.04 MA60=19.656 多头=0 价=19.37 涨=-0.97%  PE=8.52(0.09%) PB=0.98(35.55%)
2026-09-07 22:23:11  [ 94] 601766 中国中车  完成  日J=50.62 周J=103.71 月J=66.33 MA20=6.103 MA60=5.748 多头=1 价=6.22 涨=-0.48%  PE=12.82(7.55%) PB=1.01(16.04%)
2026-09-07 22:23:11  [ 95] 600025 华能水电  完成  日J=29.36 周J=16.46 月J=56.51 MA20=9.687 MA60=9.613 多头=1 价=9.58 涨=-1.84%  PE=21.58(75.94%) PB=2.55(70.86%)
2026-09-07 22:23:12  [ 96] 601818 光大银行  完成  日J=62.31 周J=33.24 月J=42.07 MA20=3.027 MA60=3.032 多头=0 价=3.01 涨=-1.31%  PE=5.4(61.18%) PB=0.35(0.57%)
2026-09-07 22:23:12  [ 99] 600989 宝丰能源  完成  日J=50.38 周J=87.53 月J=17.77 MA20=23.389 MA60=22.223 多头=1 价=23.41 涨=-4.06%  PE=11.18(0.45%) PB=3.11(55.09%)
2026-09-07 22:23:13  [101] 002352 顺丰控股  完成  日J=5.38 周J=6.81 月J=21.27 MA20=32.715 MA60=32.898 多头=0 价=31.75 涨=-1.46%  PE=15.36(1.66%) PB=1.63(0.19%)
2026-09-07 22:23:13  [ 98] 300604 长川科技  完成  日J=32.67 周J=20.01 月J=54.53 MA20=278.387 MA60=288.219 多头=0 价=270.5 涨=6.4%  PE=93.48(40.48%) PB=31.02(97.77%)
2026-09-07 22:23:13  [102] 301377 鼎泰高科  完成  日J=34.03 周J=30.6 月J=39.98 MA20=416.306 MA60=456.587 多头=0 价=396.76 涨=5.46%  PE=176.54(85.78%) PB=53.87(94.35%)
2026-09-07 22:23:13  [100] 000776 广发证券  完成  日J=73.88 周J=57.41 月J=59.35 MA20=21.208 MA60=21.529 多头=0 价=21.81 涨=-1.76%  PE=9.04(0.09%) PB=1.24(66.07%)
2026-09-07 22:23:14  [104] 600176 中国巨石  完成  日J=38.2 周J=24.37 月J=29.76 MA20=42.407 MA60=48.355 多头=0 价=41.7 涨=3.78%  PE=36.84(93.21%) PB=5.03(97.58%)
2026-09-07 22:23:14  [103] 600487 亨通光电  完成  日J=19.37 周J=55.17 月J=26.77 MA20=63.686 MA60=73.151 多头=0 价=64.0 涨=2.86%  PE=37.7(94.11%) PB=4.68(94.26%)
2026-09-07 22:23:14  [105] 600547 山东黄金  完成  日J=63.92 周J=103.38 月J=25.34 MA20=34.285 MA60=28.741 多头=1 价=36.45 涨=-3.83%  PE=30.69(10.58%) PB=5.07(78.55%)
2026-09-07 22:23:14  全部完成，结果已写入 /home/runner/work/daily-stock-metrics/daily-stock-metrics/output/2026-09-07/metrics_2026-09-07.csv
2026-09-07 22:23:14  步骤2完成 -> /home/runner/work/daily-stock-metrics/daily-stock-metrics/output/2026-09-07/metrics_2026-09-07.csv
2026-09-07 22:23:14  步骤2.5: 获取全市场大盘温度（活跃市值指标）…
2026-09-07 22:24:15  步骤2.5完成
2026-09-07 22:24:15  步骤2.6: 本地聚合 → 行业板块温度 / 大盘宽度仪表盘 / 机会榜
2026-09-07 22:24:15    - 板块温度: 12 个行业
2026-09-07 22:24:15    - 机会榜: 超跌 20 / 超买 3
2026-09-07 22:24:15  步骤2.6完成
2026-09-07 22:24:15  步骤3: 生成 HTML 总结报告…
2026-09-07 22:24:16  步骤3完成 -> /home/runner/work/daily-stock-metrics/daily-stock-metrics/output/2026-09-07/report_2026-09-07.html
2026-09-07 22:24:16  步骤4: 生成个股股价走势图（含每日信号）…
2026-09-07 22:24:17  步骤4完成 -> /home/runner/work/daily-stock-metrics/daily-stock-metrics/output/stock_charts.html
2026-09-07 22:24:17  步骤4.5: 生成昨日推荐回顾…
2026-09-07 22:24:17  步骤4.5完成 -> 已追加昨日推荐回顾
2026-09-07 22:24:17  步骤5: 发送邮件报告…
2026-09-07 22:24:20  步骤5完成: 邮件已发送
2026-09-07 22:24:20  ===== 全部完成 2026-09-07 =====
2026-09-07 22:55:01  今日(2026-09-07)已完成，跳过。结果目录: /home/runner/work/daily-stock-metrics/daily-stock-metrics/output/2026-09-07
