2026-09-08 20:01:58  ===== 开始每日指标任务 2026-09-08 =====
2026-09-08 20:01:58  步骤1: 获取 A股市值前100…
2026-09-08 20:01:59  步骤1完成 -> /home/runner/work/daily-stock-metrics/daily-stock-metrics/output/2026-09-08/top100_2026-09-08.csv
2026-09-08 20:01:59  步骤2: 计算 KDJ-J(日/周/月) 及 PE/PB 历史分位…
2026-09-08 20:01:59  观察池: 共105只(含历史追踪5只) -> /home/runner/work/daily-stock-metrics/daily-stock-metrics/output/2026-09-08/tracked_2026-09-08.csv
2026-09-08 20:01:59  待处理 105 条，并发数 8
2026-09-08 20:02:02  [  1] 688825 长鑫科技  完成  日J=72.74 周J=85.21 月J=None MA20=56.932 MA60=None 多头=None 价=58.39 涨=-0.14%  PE=48.45(18.75%) PB=29.42(87.5%)
2026-09-08 20:02:03  [  8] 600519 贵州茅台  完成  日J=53.88 周J=78.42 月J=42.65 MA20=1307.775 MA60=1272.4 多头=1 价=1309.3 涨=-0.51%  PE=20.1(8.49%) PB=6.51(3.84%)
2026-09-08 20:02:03  [  5] 600941 中国移动  完成  日J=21.02 周J=88.56 月J=85.14 MA20=97.982 MA60=94.349 多头=1 价=97.7 涨=-1.01%  PE=16.08(57.23%) PB=1.49(35.89%)
2026-09-08 20:02:03  [  7] 601988 中国银行  完成  日J=41.06 周J=81.65 月J=95.64 MA20=6.218 MA60=5.959 多头=1 价=6.39 涨=-0.78%  PE=8.27(99.48%) PB=0.75(92.84%)
2026-09-08 20:02:03  [  4] 601288 农业银行  完成  日J=3.18 周J=77.44 月J=51.58 MA20=6.775 MA60=6.544 多头=1 价=6.76 涨=-0.73%  PE=7.94(90.65%) PB=0.83(81.64%)
2026-09-08 20:02:03  [  6] 601857 中国石油  完成  日J=36.48 周J=96.59 月J=47.28 MA20=11.068 MA60=10.355 多头=1 价=11.3 涨=2.54%  PE=11.75(51.14%) PB=1.26(93.55%)
2026-09-08 20:02:03  [  3] 601939 建设银行  完成  日J=18.88 周J=76.25 月J=95.25 MA20=10.647 MA60=10.213 多头=1 价=10.68 涨=-0.28%  PE=8.07(96.68%) PB=0.78(72.58%)
2026-09-08 20:02:03  [  2] 601398 工商银行  完成  日J=24.65 周J=77.05 月J=91.94 MA20=7.861 MA60=7.601 多头=1 价=7.94 涨=-0.38%  PE=7.56(92.98%) PB=0.71(64.99%)
2026-09-08 20:02:04  [  9] 600938 中国海油  完成  日J=42.59 周J=100.18 月J=35.02 MA20=33.552 MA60=31.096 多头=1 价=34.39 涨=3.83%  PE=11.81(87.23%) PB=1.91(80.75%)
2026-09-08 20:02:05  [ 10] 300750 宁德时代  完成  日J=12.76 周J=8.8 月J=-0.25 MA20=374.24 MA60=380.521 多头=0 价=335.49 涨=-3.65%  PE=18.26(7.24%) PB=4.09(8.09%)
2026-09-08 20:02:05  [ 13] 300308 中际旭创  完成  日J=84.5 周J=12.9 月J=29.76 MA20=888.5 MA60=1032.148 多头=0 价=902.37 涨=0.44%  PE=51.97(57.78%) PB=26.67(96.39%)
2026-09-08 20:02:05  [ 11] 601138 工业富联  完成  日J=79.62 周J=72.94 月J=40.13 MA20=63.753 MA60=64.656 多头=0 价=64.75 涨=-2.73%  PE=27.39(87.28%) PB=7.31(92.66%)
2026-09-08 20:02:05  [ 15] 600036 招商银行  完成  日J=68.33 周J=93.5 月J=97.45 MA20=39.686 MA60=38.298 多头=1 价=40.9 涨=-0.41%  PE=6.8(32.02%) PB=0.9(16.51%)
2026-09-08 20:02:06  [ 12] 601628 中国人寿  完成  日J=9.14 周J=29.08 月J=29.06 MA20=37.916 MA60=37.882 多头=1 价=38.06 涨=-1.01%  PE=4.34(0.05%) PB=1.62(5.79%)
2026-09-08 20:02:06  [ 16] 601318 中国平安  完成  日J=11.62 周J=88.25 月J=25.87 MA20=54.68 MA60=52.621 多头=1 价=55.7 涨=-1.17%  PE=6.33(0.19%) PB=0.98(26.28%)
2026-09-08 20:02:06  [ 14] 688981 中芯国际  完成  日J=13.89 周J=1.1 月J=35.87 MA20=126.263 MA60=137.425 多头=0 价=121.52 涨=-2.09%  PE=144.36(64.03%) PB=6.07(84.33%)
2026-09-08 20:02:07  [ 17] 601088 中国神华  完成  日J=6.43 周J=82.19 月J=71.99 MA20=46.639 MA60=43.828 多头=1 价=46.32 涨=0.5%  PE=18.61(95.92%) PB=2.23(98.24%)
2026-09-08 20:02:08  [ 19] 002594 比亚迪  完成  日J=1.01 周J=12.12 月J=30.6 MA20=89.373 MA60=88.978 多头=1 价=86.57 涨=0.07%  PE=26.82(23.39%) PB=3.29(26.0%)
2026-09-08 20:02:08  [ 22] 688256 寒武纪  完成  日J=46.44 周J=12.71 月J=36.95 MA20=1073.273 MA60=1228.859 多头=0 价=1058.99 涨=-3.06%  PE=199.86(77.93%) PB=49.13(84.91%)
2026-09-08 20:02:08  [ 21] 600028 中国石化  完成  日J=67.93 周J=103.44 月J=23.7 MA20=5.279 MA60=5.047 多头=1 价=5.59 涨=4.1%  PE=18.8(88.24%) PB=0.8(41.98%)
2026-09-08 20:02:08  [ 18] 601899 紫金矿业  完成  日J=43.86 周J=90.88 月J=38.45 MA20=33.485 MA60=30.729 多头=1 价=33.86 涨=3.01%  PE=13.31(10.39%) PB=4.46(83.49%)
2026-09-08 20:02:08  [ 20] 600900 长江电力  完成  日J=10.33 周J=39.47 月J=81.21 MA20=28.176 MA60=27.681 多头=1 价=27.87 涨=0.07%  PE=18.84(47.44%) PB=3.16(81.83%)
2026-09-08 20:02:08  [ 23] 601658 邮储银行  完成  日J=66.01 周J=74.52 月J=86.36 MA20=5.135 MA60=5.035 多头=1 价=5.42 涨=0.56%  PE=7.26(78.25%) PB=0.62(28.22%)
2026-09-08 20:02:09  [ 24] 000333 美的集团  完成  日J=7.69 周J=68.71 月J=87.93 MA20=85.603 MA60=82.487 多头=1 价=85.15 涨=-1.3%  PE=14.64(52.42%) PB=3.07(49.91%)
2026-09-08 20:02:09  [ 25] 601328 交通银行  完成  日J=54.09 周J=87.1 月J=98.11 MA20=7.154 MA60=6.887 多头=1 价=7.28 涨=-0.55%  PE=6.6(90.8%) PB=0.55(57.4%)
2026-09-08 20:02:10  [ 28] 688041 海光信息  完成  日J=27.59 周J=-2.18 月J=11.26 MA20=254.106 MA60=297.599 多头=0 价=236.9 涨=-2.39%  PE=175.26(60.93%) PB=21.7(74.39%)
2026-09-08 20:02:10  [ 27] 601728 中国电信  完成  日J=31.28 周J=77.31 月J=64.86 MA20=6.442 MA60=6.056 多头=1 价=6.31 涨=-0.47%  PE=19.41(79.17%) PB=1.22(59.8%)
2026-09-08 20:02:10  [ 29] 601998 中信银行  完成  日J=70.53 周J=110.65 月J=101.95 MA20=8.415 MA60=7.739 多头=1 价=8.91 涨=1.95%  PE=6.91(91.46%) PB=0.66(76.52%)
2026-09-08 20:02:10  [ 26] 300502 新易盛  完成  日J=79.23 周J=18.3 月J=34.1 MA20=415.404 MA60=474.135 多头=0 价=416.4 涨=-0.19%  PE=44.25(38.76%) PB=23.89(92.6%)
2026-09-08 20:02:11  [ 30] 603259 药明康德  完成  日J=52.33 周J=67.53 月J=84.69 MA20=158.972 MA60=136.034 多头=1 价=156.35 涨=2.02%  PE=21.81(30.88%) PB=5.67(49.58%)
2026-09-08 20:02:11  [ 31] 002371 北方华创  完成  日J=15.84 周J=-5.75 月J=36.83 MA20=704.084 MA60=740.443 多头=0 价=647.87 涨=-1.93%  PE=82.71(41.75%) PB=11.6(77.13%)
2026-09-08 20:02:12  [ 32] 600030 中信证券  完成  日J=14.13 周J=18.23 月J=73.74 MA20=27.564 MA60=28.012 多头=0 价=27.34 涨=-1.19%  PE=10.77(0.19%) PB=1.45(43.22%)
2026-09-08 20:02:12  [ 33] 002475 立讯精密  完成  日J=21.83 周J=23.37 月J=22.42 MA20=56.031 MA60=60.152 多头=0 价=55.06 涨=-1.56%  PE=23.94(25.38%) PB=4.58(27.7%)
2026-09-08 20:02:12  [ 36] 688347 华虹宏力  完成  日J=3.84 周J=-9.01 月J=34.42 MA20=245.447 MA60=285.014 多头=0 价=224.8 涨=-1.72%  PE=557.15(65.6%) PB=8.26(90.53%)
2026-09-08 20:02:13  [ 35] 688235 百济神州  完成  日J=13.09 周J=18.6 月J=52.46 MA20=279.255 MA60=266.33 多头=1 价=260.1 涨=-1.86%  PE=93.69(88.5%) PB=11.32(70.82%)
2026-09-08 20:02:13  [ 34] 603993 洛阳钼业  完成  日J=25.52 周J=51.1 月J=10.11 MA20=18.785 MA60=18.824 多头=0 价=18.94 涨=3.1%  PE=14.57(13.09%) PB=4.52(90.65%)
2026-09-08 20:02:13  [ 37] 601166 兴业银行  完成  日J=89.52 周J=50.19 月J=43.55 MA20=18.01 MA60=17.863 多头=1 价=18.17 涨=0.66%  PE=5.1(42.6%) PB=0.46(6.78%)
2026-09-08 20:02:13  [ 38] 600183 生益科技  完成  日J=58.77 周J=76.4 月J=61.57 MA20=139.324 MA60=142.983 多头=0 价=146.28 涨=-1.26%  PE=68.4(97.2%) PB=19.2(98.67%)
2026-09-08 20:02:14  [ 39] 601319 中国人保  完成  日J=66.12 周J=78.63 月J=32.08 MA20=7.306 MA60=7.157 多头=1 价=7.82 涨=-0.38%  PE=6.08(0.11%) PB=1.02(29.11%)
2026-09-08 20:02:14  [ 40] 601869 长飞光纤  完成  日J=44.09 周J=85.75 月J=53.68 MA20=384.515 MA60=399.867 多头=0 价=416.85 涨=4.08%  PE=100.25(87.9%) PB=21.09(96.86%)
2026-09-08 20:02:15  [ 41] 002384 东山精密  完成  日J=31.01 周J=12.33 月J=49.01 MA20=195.738 MA60=216.321 多头=0 价=186.42 涨=-2.17%  PE=95.24(89.04%) PB=14.01(95.92%)
2026-09-08 20:02:15  [ 42] 601601 中国太保  完成  日J=56.71 周J=94.5 月J=21.93 MA20=31.647 MA60=30.702 多头=1 价=33.56 涨=1.02%  PE=5.72(2.85%) PB=1.01(17.79%)
2026-09-08 20:02:15  [ 44] 600000 浦发银行  完成  日J=67.65 周J=69.11 月J=29.77 MA20=9.164 MA60=8.967 多头=1 价=9.28 涨=0.54%  PE=6.03(69.64%) PB=0.41(30.5%)
2026-09-08 20:02:15  [ 43] 688012 中微公司  完成  日J=7.52 周J=10.96 月J=46.42 MA20=362.395 MA60=378.7 多头=0 价=336.01 涨=-2.32%  PE=76.07(39.78%) PB=10.71(70.96%)
2026-09-08 20:02:15  [ 46] 601211 国泰海通  完成  日J=9.63 周J=-0.2 月J=43.78 MA20=17.765 MA60=18.185 多头=0 价=17.5 涨=0.11%  PE=9.52(3.56%) PB=0.93(24.81%)
2026-09-08 20:02:15  [ 45] 002415 海康威视  完成  日J=24.5 周J=19.98 月J=66.09 MA20=34.811 MA60=34.465 多头=1 价=33.65 涨=-3.5%  PE=18.77(6.59%) PB=3.66(17.41%)
2026-09-08 20:02:16  [ 47] 600276 恒瑞医药  完成  日J=27.84 周J=-13.41 月J=-2.36 MA20=48.631 MA60=51.729 多头=0 价=45.71 涨=-1.19%  PE=39.27(2.18%) PB=4.71(0.09%)
2026-09-08 20:02:17  [ 50] 300394 天孚通信  完成  日J=60.23 周J=84.22 月J=43.02 MA20=262.418 MA60=254.245 多头=1 价=258.5 涨=-3.18%  PE=121.42(95.16%) PB=45.13(96.58%)
2026-09-08 20:02:17  [ 52] 688808 联讯仪器  完成  日J=95.31 周J=103.27 月J=83.18 MA20=2352.045 MA60=2180.532 多头=1 价=2653.0 涨=-0.15%  PE=398.07(11.7%) PB=80.4(54.26%)
2026-09-08 20:02:17  [ 49] 600150 中国船舶  完成  日J=97.02 周J=103.23 月J=57.34 MA20=34.539 MA60=34.589 多头=0 价=39.08 涨=1.82%  PE=20.97(25.66%) PB=1.93(43.31%)
2026-09-08 20:02:17  [ 48] 300059 东方财富  完成  日J=-3.32 周J=2.11 月J=20.36 MA20=19.213 MA60=19.818 多头=0 价=18.84 涨=-0.79%  PE=20.44(1.28%) PB=3.03(8.4%)
2026-09-08 20:02:18  [ 54] 002916 深南电路  完成  日J=77.98 周J=49.15 月J=54.29 MA20=360.825 MA60=377.954 多头=0 价=382.5 涨=4.8%  PE=62.52(93.64%) PB=14.45(94.31%)
2026-09-08 20:02:18  [ 51] 000858 五 粮 液  完成  日J=66.73 周J=26.56 月J=8.76 MA20=72.083 MA60=72.958 多头=0 价=71.65 涨=0.27%  PE=21.26(24.57%) PB=2.35(0.9%)
2026-09-08 20:02:18  [ 53] 603986 兆易创新  完成  日J=33.06 周J=7.29 月J=14.32 MA20=401.21 MA60=498.41 多头=0 价=385.96 涨=0.13%  PE=34.27(11.2%) PB=7.29(42.17%)
2026-09-08 20:02:18  [ 55] 002714 牧原股份  完成  日J=82.87 周J=99.12 月J=57.98 MA20=40.874 MA60=38.695 多头=1 价=43.23 涨=-1.55%  PE=-222.67(13.09%) PB=3.15(13.24%)
2026-09-08 20:02:19  [ 60] 688820 盛合晶微  完成  日J=54.41 周J=7.31 月J=18.74 MA20=132.03 MA60=153.936 多头=0 价=129.5 涨=0.54%  PE=258.01(35.05%) PB=12.5(25.77%)
2026-09-08 20:02:19  [ 58] 601919 中远海控  完成  日J=-1.41 周J=64.47 月J=80.2 MA20=16.461 MA60=15.13 多头=1 价=16.14 涨=0.88%  PE=9.21(57.45%) PB=1.05(40.75%)
2026-09-08 20:02:19  [ 57] 002379 宏桥控股  完成  日J=61.34 周J=63.6 月J=10.23 MA20=18.847 MA60=17.897 多头=1 价=19.01 涨=2.15%  PE=10.04(64.09%) PB=4.28(81.5%)
2026-09-08 20:02:20  [ 56] 601225 陕西煤业  完成  日J=-1.43 周J=73.7 月J=83.13 MA20=26.05 MA60=24.309 多头=1 价=25.71 涨=0.08%  PE=12.22(88.28%) PB=2.46(87.57%)
2026-09-08 20:02:20  [ 59] 600309 万华化学  完成  日J=79.88 周J=103.05 月J=28.66 MA20=75.177 MA60=73.174 多头=1 价=78.09 涨=1.76%  PE=14.84(39.37%) PB=2.15(11.67%)
2026-09-08 20:02:20  [ 62] 688008 澜起科技  完成  日J=20.21 周J=6.96 月J=29.15 MA20=203.432 MA60=228.452 多头=0 价=195.65 涨=-1.1%  PE=77.69(45.27%) PB=11.1(70.61%)
2026-09-08 20:02:20  [ 61] 002463 沪电股份  完成  日J=69.97 周J=53.36 月J=57.5 MA20=119.743 MA60=125.091 多头=0 价=124.9 涨=1.83%  PE=47.47(93.74%) PB=13.36(98.06%)
2026-09-08 20:02:21  [ 63] 601816 京沪高铁  完成  日J=10.47 周J=54.01 月J=76.47 MA20=4.901 MA60=4.789 多头=1 价=4.82 涨=-0.41%  PE=17.31(1.18%) PB=1.13(1.55%)
2026-09-08 20:02:21  [ 64] 300408 三环集团  完成  日J=81.42 周J=45.98 月J=46.5 MA20=115.378 MA60=124.778 多头=0 价=115.17 涨=0.22%  PE=69.4(96.82%) PB=10.16(97.91%)
2026-09-08 20:02:22  [ 70] 688802 沐曦股份-U  完成  日J=5.97 周J=-8.64 月J=27.31 MA20=684.737 MA60=752.83 多头=0 价=555.99 涨=-2.47%  PE=25004.31(96.61%) PB=16.04(10.17%)
2026-09-08 20:02:22  [ 65] 000338 潍柴动力  完成  日J=54.14 周J=40.75 月J=46.94 MA20=28.055 MA60=27.836 多头=1 价=26.61 涨=-3.38%  PE=17.7(80.83%) PB=2.39(78.18%)
2026-09-08 20:02:22  [ 67] 000001 平安银行  完成  日J=36.96 周J=93.59 月J=105.23 MA20=11.538 MA60=11.063 多头=1 价=11.78 涨=0.68%  PE=5.26(36.39%) PB=0.49(13.57%)
2026-09-08 20:02:22  [ 68] 300476 胜宏科技  完成  日J=23.15 周J=44.26 月J=6.49 MA20=248.392 MA60=267.756 多头=0 价=229.01 涨=-1.91%  PE=44.78(79.65%) PB=5.94(81.59%)
2026-09-08 20:02:22  [ 66] 002142 宁波银行  完成  日J=61.61 周J=103.77 月J=98.72 MA20=33.596 MA60=31.814 多头=1 价=34.66 涨=1.55%  PE=7.35(36.39%) PB=0.94(31.78%)
2026-09-08 20:02:22  [ 69] 600919 江苏银行  完成  日J=48.5 周J=95.98 月J=107.11 MA20=12.01 MA60=11.541 多头=1 价=12.26 涨=0.91%  PE=6.23(85.15%) PB=0.83(91.75%)
2026-09-08 20:02:23  [ 71] 003816 中国广核  完成  日J=56.67 周J=97.15 月J=45.91 MA20=4.086 MA60=4.002 多头=1 价=4.31 涨=0.47%  PE=21.93(90.33%) PB=1.76(80.55%)
2026-09-08 20:02:23  [ 75] 688836 宇树科技-W  完成  日J=8.13 周J=None 月J=None MA20=None MA60=None 多头=None 价=523.68 涨=-2.36%  PE=362.54(6.67%) PB=73.55(6.67%)
2026-09-08 20:02:24  [ 72] 600188 兖矿能源  完成  日J=8.04 周J=81.44 月J=59.08 MA20=21.967 MA60=20.194 多头=1 价=21.5 涨=3.46%  PE=20.18(94.64%) PB=2.81(83.97%)
2026-09-08 20:02:24  [ 73] 000651 格力电器  完成  日J=3.35 周J=56.68 月J=85.11 MA20=38.806 MA60=37.766 多头=1 价=38.29 涨=-1.57%  PE=7.7(25.71%) PB=1.44(2.89%)
2026-09-08 20:02:24  [ 74] 688498 源杰科技  完成  日J=87.77 周J=72.43 月J=73.44 MA20=1549.882 MA60=1552.745 多头=0 价=1715.0 涨=0.76%  PE=284.03(52.72%) PB=67.96(97.45%)
2026-09-08 20:02:24  [ 76] 002938 鹏鼎控股  完成  日J=57.49 周J=32.93 月J=53.36 MA20=90.257 MA60=95.014 多头=0 价=89.46 涨=-0.59%  PE=54.73(96.79%) PB=6.03(93.07%)
2026-09-08 20:02:25  [ 78] 300760 迈瑞医疗  完成  日J=89.89 周J=112.26 月J=55.36 MA20=159.143 MA60=149.498 多头=1 价=169.95 涨=1.24%  PE=26.19(18.81%) PB=5.08(5.47%)
2026-09-08 20:02:25  [ 77] 000725 京东方Ａ  完成  日J=-0.66 周J=2.94 月J=30.35 MA20=5.87 MA60=6.427 多头=0 价=5.56 涨=-2.11%  PE=26.21(46.77%) PB=1.55(67.31%)
2026-09-08 20:02:26  [ 79] 603288 海天味业  完成  日J=30.68 周J=5.87 月J=26.76 MA20=34.971 MA60=35.188 多头=0 价=34.06 涨=-0.41%  PE=27.24(0.71%) PB=5.1(2.61%)
2026-09-08 20:02:26  [ 81] 601898 中煤能源  完成  日J=8.35 周J=87.01 月J=32.93 MA20=14.607 MA60=13.666 多头=1 价=14.9 涨=2.55%  PE=10.78(55.88%) PB=1.19(93.07%)
2026-09-08 20:02:26  [ 84] 688795 摩尔线程-U  完成  日J=4.89 周J=-2.17 月J=6.52 MA20=533.341 MA60=602.95 多头=0 价=400.11 涨=-3.7%  PE=-253.66(68.11%) PB=15.44(0.54%)
2026-09-08 20:02:26  [ 80] 600690 海尔智家  完成  日J=60.54 周J=73.28 月J=37.04 MA20=21.163 MA60=20.559 多头=1 价=21.42 涨=-0.88%  PE=11.17(7.31%) PB=1.67(3.98%)
2026-09-08 20:02:26  [ 83] 601066 中信建投  完成  日J=0.48 周J=-4.96 月J=42.68 MA20=25.179 MA60=26.358 多头=0 价=24.36 涨=-1.97%  PE=15.03(0.65%) PB=2.16(13.62%)
2026-09-08 20:02:27  [ 86] 688072 拓荆科技  完成  日J=20.08 周J=3.6 月J=46.06 MA20=674.08 MA60=692.925 多头=0 价=632.0 涨=-3.06%  PE=84.89(34.8%) PB=14.52(80.77%)
2026-09-08 20:02:28  [ 87] 601985 中国核电  完成  日J=45.48 周J=65.67 月J=75.47 MA20=8.867 MA60=8.86 多头=1 价=8.93 涨=0.22%  PE=25.23(99.62%) PB=1.55(35.58%)
2026-09-08 20:02:28  [ 85] 601336 新华保险  完成  日J=19.63 周J=42.33 月J=11.39 MA20=59.668 MA60=60.426 多头=0 价=60.06 涨=-1.02%  PE=4.23(0.09%) PB=1.52(43.98%)
2026-09-08 20:02:28  [ 82] 603268 松发股份  完成  日J=71.02 周J=100.45 月J=96.93 MA20=184.736 MA60=164.723 多头=1 价=192.4 涨=-0.65%  PE=34.9(47.72%) PB=15.01(82.16%)
2026-09-08 20:02:28  [ 89] 300433 蓝思科技  完成  日J=-11.87 周J=23.78 月J=26.53 MA20=36.987 MA60=40.712 多头=0 价=34.6 涨=-3.3%  PE=52.91(81.64%) PB=3.46(79.03%)
2026-09-08 20:02:28  [ 88] 600031 三一重工  完成  日J=70.78 周J=73.32 月J=42.18 MA20=19.253 MA60=19.031 多头=1 价=19.97 涨=0.4%  PE=20.67(45.35%) PB=1.99(17.69%)
2026-09-08 20:02:29  [ 90] 300274 阳光电源  完成  日J=5.73 周J=1.29 月J=-16.98 MA20=103.713 MA60=116.934 多头=0 价=87.85 涨=-1.01%  PE=16.58(26.61%) PB=3.63(32.78%)
2026-09-08 20:02:29  [ 91] 601668 中国建筑  完成  日J=37.9 周J=20.96 月J=41.15 MA20=4.402 MA60=4.427 多头=0 价=4.37 涨=0.46%  PE=5.7(77.99%) PB=0.36(0.43%)
2026-09-08 20:02:30  [ 92] 600406 国电南瑞  完成  日J=8.13 周J=28.4 月J=2.69 MA20=23.131 MA60=23.181 多头=0 价=22.41 涨=-1.23%  PE=21.43(11.01%) PB=3.46(24.81%)
2026-09-08 20:02:30  [ 96] 301666 大普微-UW  完成  日J=2.7 周J=12.8 月J=14.81 MA20=431.142 MA60=508.045 多头=0 价=409.7 涨=-2.65%  PE=148.06(13.0%) PB=49.01(8.0%)
2026-09-08 20:02:30  [ 95] 600989 宝丰能源  完成  日J=55.4 周J=100.45 月J=22.2 MA20=23.44 MA60=22.265 多头=1 价=24.39 涨=4.19%  PE=11.64(0.9%) PB=3.24(63.67%)
2026-09-08 20:02:30  [ 93] 601818 光大银行  完成  日J=69.07 周J=41.29 月J=46.35 MA20=3.029 MA60=3.031 多头=0 价=3.04 涨=1.0%  PE=5.46(63.09%) PB=0.35(1.14%)
2026-09-08 20:02:31  [ 94] 600025 华能水电  完成  日J=17.21 周J=19.11 月J=57.8 MA20=9.678 MA60=9.616 多头=1 价=9.61 涨=0.31%  PE=21.65(76.76%) PB=2.56(71.58%)
2026-09-08 20:02:31  [ 97] 601766 中国中车  完成  日J=34.16 周J=101.53 月J=65.16 MA20=6.119 MA60=5.757 多头=1 价=6.19 涨=-0.48%  PE=12.76(6.59%) PB=1.01(14.85%)
2026-09-08 20:02:31  [ 99] 300604 长川科技  完成  日J=35.04 周J=18.26 月J=53.72 MA20=277.708 MA60=288.819 多头=0 价=267.46 涨=-1.12%  PE=92.43(39.56%) PB=30.67(97.63%)
2026-09-08 20:02:31  [ 98] 601688 华泰证券  完成  日J=44.89 周J=40.56 月J=18.36 MA20=19.062 MA60=19.645 多头=0 价=19.27 涨=-0.52%  PE=8.47(0.09%) PB=0.97(34.49%)
2026-09-08 20:02:32  [100] 000776 广发证券  完成  日J=45.58 周J=52.13 月J=57.55 MA20=21.245 MA60=21.551 多头=0 价=21.63 涨=-0.83%  PE=8.96(0.09%) PB=1.23(64.14%)
2026-09-08 20:02:32  [101] 002352 顺丰控股  完成  日J=3.43 周J=8.59 月J=22.01 MA20=32.627 MA60=32.868 多头=0 价=31.84 涨=0.28%  PE=15.41(1.85%) PB=1.63(0.28%)
2026-09-08 20:02:32  [102] 301377 鼎泰高科  完成  日J=50.16 周J=31.56 月J=40.31 MA20=414.806 MA60=454.011 多头=0 价=399.0 涨=0.56%  PE=177.54(85.9%) PB=54.17(94.36%)
2026-09-08 20:02:33  [103] 600487 亨通光电  完成  日J=6.43 周J=52.96 月J=26.09 MA20=63.96 MA60=72.553 多头=0 价=63.11 涨=-1.39%  PE=37.18(93.93%) PB=4.62(93.98%)
2026-09-08 20:02:33  [104] 600176 中国巨石  完成  日J=24.01 周J=23.28 月J=29.36 MA20=42.342 MA60=48.282 多头=0 价=41.39 涨=-0.74%  PE=36.56(93.12%) PB=5.0(97.49%)
2026-09-08 20:02:37  [105] 600547 山东黄金  完成  日J=46.98 周J=101.19 月J=24.55 MA20=34.587 MA60=28.868 多头=1 价=36.01 涨=-1.21%  PE=30.32(10.58%) PB=5.01(77.28%)
2026-09-08 20:02:37  全部完成，结果已写入 /home/runner/work/daily-stock-metrics/daily-stock-metrics/output/2026-09-08/metrics_2026-09-08.csv
2026-09-08 20:02:37  步骤2完成 -> /home/runner/work/daily-stock-metrics/daily-stock-metrics/output/2026-09-08/metrics_2026-09-08.csv
2026-09-08 20:02:37  步骤2.5: 获取全市场大盘温度（活跃市值指标）…
2026-09-08 20:03:42  步骤2.5完成
2026-09-08 20:03:42  步骤2.6: 本地聚合 → 行业板块温度 / 大盘宽度仪表盘 / 机会榜
2026-09-08 20:03:42    - 板块温度: 12 个行业
2026-09-08 20:03:42    - 机会榜: 超跌 27 / 超买 4
2026-09-08 20:03:42  步骤2.6完成
2026-09-08 20:03:42  步骤3: 生成 HTML 总结报告…
2026-09-08 20:03:43  步骤3完成 -> /home/runner/work/daily-stock-metrics/daily-stock-metrics/output/2026-09-08/report_2026-09-08.html
2026-09-08 20:03:43  步骤4: 生成个股股价走势图（含每日信号）…
2026-09-08 20:03:43  步骤4完成 -> /home/runner/work/daily-stock-metrics/daily-stock-metrics/output/stock_charts.html
2026-09-08 20:03:43  步骤4.5: 生成昨日推荐回顾…
2026-09-08 20:03:43  步骤4.5完成 -> 已追加昨日推荐回顾
2026-09-08 20:03:43  步骤5: 发送邮件报告…
2026-09-08 20:03:47  步骤5完成: 邮件已发送
2026-09-08 20:03:47  ===== 全部完成 2026-09-08 =====
2026-09-08 20:59:30  今日(2026-09-08)已完成，跳过。结果目录: /home/runner/work/daily-stock-metrics/daily-stock-metrics/output/2026-09-08
2026-09-08 21:25:09  今日(2026-09-08)已完成，跳过。结果目录: /home/runner/work/daily-stock-metrics/daily-stock-metrics/output/2026-09-08
2026-09-08 21:47:53  今日(2026-09-08)已完成，跳过。结果目录: /home/runner/work/daily-stock-metrics/daily-stock-metrics/output/2026-09-08
