2026-08-04 15:00:09  ===== 开始每日ETF指标任务 2026-08-04 =====
2026-08-04 15:00:09  步骤1: 获取场内规模前100的ETF...
[  1] 510300 沪深300ETF华泰柏瑞  规模=1230.97亿  跟踪=沪深300指数  主题=沪深300
[  2] 588000 科创50ETF华夏  规模=877.48亿  跟踪=上证科创板50成份指数  主题=科创板
[  3] 159915 创业板ETF易方达  规模=716.77亿  跟踪=创业板指数(价格)  主题=创业板
[  4] 512880 证券ETF国泰  规模=628.58亿  跟踪=中证全指证券公司指数  主题=证券
[  5] 510310 沪深300ETF易方达  规模=527.63亿  跟踪=沪深300指数  主题=沪深300
[  6] 588200 科创芯片ETF嘉实  规模=481.47亿  跟踪=上证科创板芯片指数  主题=半导体
[  7] 510500 中证500ETF南方  规模=470.36亿  跟踪=中证500指数  主题=中证500
[  8] 510330 沪深300ETF华夏  规模=423.15亿  跟踪=沪深300指数  主题=沪深300
[  9] 515880 通信ETF国泰  规模=423.07亿  跟踪=中证全指通信设备指数  主题=通信
[ 10] 563360 A500ETF华泰柏瑞  规模=422.56亿  跟踪=中证A500指数  主题=中证A500
[ 11] 588080 科创50ETF易方达  规模=401.35亿  跟踪=上证科创板50成份指数  主题=科创板
[ 12] 512000 券商ETF华宝  规模=398.7亿  跟踪=中证全指证券公司指数  主题=证券
[ 13] 588170 科创半导体ETF华夏  规模=379.99亿  跟踪=上证科创板半导体材料设备主题指数  主题=半导体
[ 14] 159516 半导体设备ETF国泰  规模=362.05亿  跟踪=中证半导体材料设备主题指数  主题=半导体
[ 15] 512890 红利低波ETF华泰柏瑞  规模=340.17亿  跟踪=中证红利低波动指数  主题=红利
[ 16] 159352 A500ETF南方  规模=336.69亿  跟踪=中证A500指数  主题=中证A500
[ 17] 512100 中证1000ETF南方  规模=335.54亿  跟踪=中证1000指数  主题=中证1000
[ 18] 159919 沪深300ETF嘉实  规模=321.19亿  跟踪=沪深300指数  主题=沪深300
[ 19] 159338 中证A500ETF国泰  规模=275.81亿  跟踪=中证A500指数  主题=中证A500
[ 20] 159361 A500ETF易方达  规模=274.38亿  跟踪=中证A500指数  主题=中证A500
[ 21] 159949 创业板50ETF华安  规模=268.07亿  跟踪=创业板50指数  主题=创业板
[ 22] 512170 医疗ETF华宝  规模=263.85亿  跟踪=中证医疗指数  主题=医药
[ 23] 159995 芯片ETF华夏  规模=255.04亿  跟踪=国证半导体芯片指数  主题=半导体
[ 24] 512400 有色金属ETF南方  规模=232.82亿  跟踪=有色金属  主题=有色金属
[ 25] 510880 红利ETF华泰柏瑞  规模=223.67亿  跟踪=上证红利指数  主题=红利
[ 26] 510050 上证50ETF华夏  规模=215.2亿  跟踪=上证50指数  主题=上证50
[ 27] 159819 人工智能ETF易方达  规模=209.73亿  跟踪=中证人工智能主题指数  主题=人工智能
[ 28] 512050 A500ETF华夏  规模=204.91亿  跟踪=中证A500指数  主题=中证A500
[ 29] 159326 电网设备ETF华夏  规模=198.74亿  跟踪=中证电网设备主题指数  主题=其他
[ 30] 515450 红利低波50ETF南方  规模=195.08亿  跟踪=标普中国A股大盘红利低波50指数  主题=红利
[ 31] 510210 上证指数ETF富国  规模=189.63亿  跟踪=上证综合指数  主题=其他
[ 32] 515180 红利ETF易方达  规模=189.13亿  跟踪=中证红利指数  主题=红利
[ 33] 512480 半导体ETF国联安  规模=187.23亿  跟踪=中证全指半导体产品与设备指数  主题=半导体
[ 34] 562500 机器人ETF华夏  规模=182.25亿  跟踪=中证机器人指数  主题=机器人
[ 35] 515050 通信ETF华夏  规模=179.21亿  跟踪=中证5G通信主题指数  主题=通信
[ 36] 159530 机器人ETF易方达  规模=178.72亿  跟踪=国证机器人产业指数  主题=机器人
[ 37] 159558 半导体设备ETF易方达  规模=175.18亿  跟踪=中证半导体材料设备主题指数  主题=半导体
[ 38] 512010 医药ETF易方达  规模=174.98亿  跟踪=沪深300医药卫生指数  主题=医药
[ 39] 159201 自由现金流ETF华夏  规模=173.82亿  跟踪=国证自由现金流指数  主题=货币市场
[ 40] 510180 上证180ETF华安  规模=173.42亿  跟踪=上证180指数  主题=上证180
[ 41] 159992 创新药ETF银华  规模=171.6亿  跟踪=中证创新药产业指数  主题=医药
[ 42] 159781 科创创业ETF易方达  规模=169.39亿  跟踪=中证科创创业50指数  主题=科创板
[ 43] 159928 消费ETF汇添富  规模=158.27亿  跟踪=中证主要消费指数  主题=消费
[ 44] 159845 中证1000ETF华夏  规模=157.45亿  跟踪=中证1000指数  主题=中证1000
[ 45] 512070 证券保险ETF易方达  规模=153.3亿  跟踪=沪深300非银行金融指数  主题=证券
[ 46] 512690 酒ETF鹏华  规模=145.08亿  跟踪=中证酒指数  主题=白酒
[ 47] 159206 卫星ETF永赢  规模=143.94亿  跟踪=国证商用卫星通信产业指数  主题=通信
[ 48] 159870 化工ETF鹏华  规模=142.56亿  跟踪=细分化工  主题=化工
[ 49] 515220 煤炭ETF国泰  规模=139.69亿  跟踪=中证煤炭指数  主题=煤炭
[ 50] 563020 红利低波ETF易方达  规模=131.06亿  跟踪=中证红利低波动指数  主题=红利
[ 51] 517520 黄金股ETF永赢  规模=128.12亿  跟踪=中证沪深港黄金产业股票指数  主题=黄金
[ 52] 513630 港股低波红利ETF摩根  规模=124.14亿  跟踪=标普港股通低波红利指数  主题=红利
[ 53] 515120 创新药ETF广发  规模=122.66亿  跟踪=中证创新药产业指数  主题=医药
[ 54] 159841 证券ETF天弘  规模=119.86亿  跟踪=中证全指证券公司指数  主题=证券
[ 55] 515080 中证红利ETF招商  规模=119.57亿  跟踪=中证红利指数  主题=红利
[ 56] 159952 创业板ETF广发  规模=117.31亿  跟踪=创业板指数(价格)  主题=创业板
[ 57] 560780 半导体设备ETF广发  规模=111.64亿  跟踪=中证半导体材料设备主题指数  主题=半导体
[ 58] 159611 电力ETF广发  规模=109.43亿  跟踪=中证全指电力公用事业指数  主题=电力
[ 59] 563800 A500ETF广发  规模=107.0亿  跟踪=中证A500指数  主题=中证A500
[ 60] 512800 银行ETF华宝  规模=106.2亿  跟踪=中证银行指数  主题=银行
[ 61] 588050 科创50ETF工银  规模=103.91亿  跟踪=上证科创板50成份指数  主题=科创板
[ 62] 159842 券商ETF银华  规模=100.9亿  跟踪=中证全指证券公司指数  主题=证券
[ 63] 512760 芯片ETF国泰  规模=100.01亿  跟踪=中华交易服务半导体芯片行业人民币指数  主题=半导体
[ 64] 588710 科创半导体设备ETF华泰柏瑞  规模=95.59亿  跟踪=上证科创板半导体材料设备主题指数  主题=半导体
[ 65] 159869 游戏ETF华夏  规模=93.12亿  跟踪=中证动漫游戏指数  主题=传媒
[ 66] 516650 有色金属ETF华夏  规模=92.58亿  跟踪=细分有色  主题=有色金属
[ 67] 159922 中证500ETF嘉实  规模=91.86亿  跟踪=中证500指数  主题=中证500
[ 68] 159755 电池ETF广发  规模=88.83亿  跟踪=国证新能源车电池指数  主题=新能源
[ 69] 515330 沪深300ETF天弘  规模=87.85亿  跟踪=沪深300指数  主题=沪深300
[ 70] 560860 工业有色ETF万家  规模=87.35亿  跟踪=中证工业有色金属主题指数  主题=有色金属
[ 71] 159852 软件ETF嘉实  规模=86.85亿  跟踪=中证软件服务指数  主题=计算机
[ 72] 515070 人工智能ETF华夏  规模=85.13亿  跟踪=中证人工智能主题指数  主题=人工智能
[ 73] 512500 中证500ETF华夏  规模=85.12亿  跟踪=中证500指数  主题=中证500
[ 74] 159351 A500ETF嘉实  规模=84.17亿  跟踪=中证A500指数  主题=中证A500
[ 75] 512900 证券ETF南方  规模=81.91亿  跟踪=中证全指证券公司指数  主题=证券
[ 76] 563220 A500ETF富国  规模=79.72亿  跟踪=中证A500指数  主题=中证A500
[ 77] 560010 中证1000ETF广发  规模=78.01亿  跟踪=中证1000指数  主题=中证1000
[ 78] 562590 半导体设备ETF华夏  规模=76.88亿  跟踪=中证半导体材料设备主题指数  主题=半导体
[ 79] 588060 科创50ETF广发  规模=76.11亿  跟踪=上证科创板50成份指数  主题=科创板
[ 80] 159307 红利低波100ETF博时  规模=74.83亿  跟踪=中证红利低波动100指数  主题=红利
[ 81] 512710 军工龙头ETF富国  规模=74.61亿  跟踪=中证军工龙头指数  主题=军工
[ 82] 588750 科创芯片ETF汇添富  规模=72.76亿  跟踪=上证科创板芯片指数  主题=半导体
[ 83] 159363 创业板人工智能ETF华宝  规模=71.02亿  跟踪=创业板人工智能指数  主题=人工智能
[ 84] 159263 价值ETF易方达  规模=67.68亿  跟踪=国证价值100指数  主题=价值
[ 85] 159851 金融科技ETF华宝  规模=67.22亿  跟踪=中证金融科技主题指数  主题=其他
[ 86] 159157 有色金属ETF天弘  规模=67.04亿  跟踪=中证工业有色金属主题指数  主题=有色金属
[ 87] 159977 创业板ETF天弘  规模=65.7亿  跟踪=创业板指数(价格)  主题=创业板
[ 88] 512660 军工ETF国泰  规模=65.38亿  跟踪=中证军工指数  主题=军工
[ 89] 159813 半导体ETF鹏华  规模=64.38亿  跟踪=国证半导体芯片指数  主题=半导体
[ 90] 515980 人工智能ETF华富  规模=63.62亿  跟踪=中证人工智能产业指数  主题=人工智能
[ 91] 159865 养殖ETF国泰  规模=63.13亿  跟踪=中证畜牧养殖指数  主题=农业
[ 92] 516150 稀土ETF嘉实  规模=62.51亿  跟踪=中证稀土产业指数  主题=有色金属
[ 93] 159967 创业板成长ETF华夏  规模=62.32亿  跟踪=创业板动量成长指数  主题=成长
[ 94] 563300 中证2000ETF华泰柏瑞  规模=62.09亿  跟踪=中证2000指数  主题=中证2000
[ 95] 159770 机器人ETF天弘  规模=62.08亿  跟踪=中证机器人指数  主题=机器人
[ 96] 159549 红利低波ETF天弘  规模=61.37亿  跟踪=中证红利低波动100指数  主题=红利
[ 97] 512950 央企改革ETF华夏  规模=60.21亿  跟踪=中证央企结构调整指数  主题=央企国企
[ 98] 515100 红利低波100ETF景顺  规模=58.89亿  跟踪=中证红利低波动100指数  主题=红利
[ 99] 159796 电池ETF汇添富  规模=58.66亿  跟踪=中证电池主题指数  主题=新能源
[100] 159783 科创创业50ETF华夏  规模=58.55亿  跟踪=中证科创创业50指数  主题=科创板
2026-08-04 15:00:55  步骤1完成 -> C:\Users\hailo\Desktop\每周自动指标\output_etf\2026-08-04\etf_list_2026-08-04.csv
2026-08-04 15:00:55  步骤2: 计算 KDJ-J(日/周/月)...
2026-08-04 15:00:59  [  1] 510300 沪深300ETF华泰柏瑞  完成  日J=33.67 周J=7.59 月J=29.46 价=4.65 涨=1.11%  PE=14.23(73.72%) PB=1.45(48.2%)
2026-08-04 15:01:00  [  2] 588000 科创50ETF华夏  完成  日J=10.83 周J=-7.94 月J=35.38 价=1.71 涨=4.52%  PE=73.72(74.45%) PB=7.37(85.85%)
2026-08-04 15:01:02  [  3] 159915 创业板ETF易方达  完成  日J=61.45 周J=5.62 月J=29.59 价=3.51 涨=5.56%  PE=41.55(44.96%) PB=5.47(62.44%)
2026-08-04 15:01:03  [  4] 512880 证券ETF国泰  完成  日J=49.53 周J=59.39 月J=35.35 价=1.1 涨=-0.09%  PE=15.35(10.14%) PB=1.31(22.12%)
2026-08-04 15:01:04  [  5] 588200 科创芯片ETF嘉实  完成  日J=10.05 周J=-11.06 月J=36.82 价=1.1 涨=5.67%  PE=108.34(77.58%) PB=None(None%)
2026-08-04 15:01:06  [  6] 510500 中证500ETF南方  完成  日J=58.42 周J=2.09 月J=26.58 价=7.6 涨=2.43%  PE=26.53(67.03%) PB=2.35(76.28%)
2026-08-04 15:01:07  [  7] 515880 通信ETF国泰  完成  日J=55.09 周J=-0.25 月J=30.39 价=0.64 涨=9.97%  PE=43.54(87.9%) PB=None(None%)
2026-08-04 15:01:09  [  8] 563360 A500ETF华泰柏瑞  完成  日J=44.63 周J=6.38 月J=27.0 价=1.28 涨=1.83%  PE=16.08(68.94%) PB=None(None%)
2026-08-04 15:01:10  [  9] 588170 科创半导体ETF华夏  完成  日J=9.65 周J=-0.58 月J=40.75 价=0.87 涨=4.95%  PE=39.05(76.5%) PB=None(None%)
2026-08-04 15:01:12  [ 10] 159516 半导体设备ETF国泰  完成  日J=10.16 周J=-1.06 月J=41.33 价=0.64 涨=5.79%  PE=95.03(93.52%) PB=None(None%)
2026-08-04 15:01:13  [ 11] 512890 红利低波ETF华泰柏瑞  完成  日J=58.34 周J=103.37 月J=71.16 价=1.18 涨=-1.91%  PE=7.96(72.8%) PB=0.87(61.32%)
2026-08-04 15:01:14  [ 12] 512100 中证1000ETF南方  完成  日J=87.32 周J=6.13 月J=12.74 价=2.94 涨=2.55%  PE=29.92(64.1%) PB=2.28(35.68%)
2026-08-04 15:01:16  [ 13] 159949 创业板50ETF华安  完成  日J=62.79 周J=6.6 月J=26.09 价=1.67 涨=6.11%  PE=None(None%) PB=None(None%)
2026-08-04 15:01:17  [ 14] 512170 医疗ETF华宝  完成  日J=74.43 周J=94.82 月J=31.0 价=0.33 涨=0.61%  PE=27.45(21.08%) PB=3.35(8.84%)
2026-08-04 15:01:19  [ 15] 159995 芯片ETF华夏  完成  日J=11.86 周J=-11.26 月J=29.87 价=1.1 涨=5.87%  PE=None(None%) PB=None(None%)
2026-08-04 15:01:20  [ 16] 512400 有色金属ETF南方  完成  日J=67.15 周J=34.55 月J=0.21 价=1.81 涨=1.8%  PE=16.37(90.09%) PB=None(None%)
2026-08-04 15:01:22  [ 17] 510880 红利ETF华泰柏瑞  完成  日J=47.7 周J=94.1 月J=60.71 价=3.24 涨=-1.37%  PE=8.69(77.53%) PB=0.85(61.44%)
2026-08-04 15:01:23  [ 18] 510050 上证50ETF华夏  完成  日J=-10.87 周J=49.28 月J=26.54 价=2.98 涨=-0.33%  PE=11.67(80.76%) PB=1.26(60.44%)
2026-08-04 15:01:25  [ 19] 159819 人工智能ETF易方达  完成  日J=41.07 周J=8.35 月J=43.77 价=1.82 涨=5.87%  PE=47.71(60.55%) PB=None(None%)
2026-08-04 15:01:26  [ 20] 159326 电网设备ETF华夏  完成  日J=85.6 周J=4.43 月J=21.42 价=1.65 涨=1.98%  PE=12.8(90.14%) PB=None(None%)
2026-08-04 15:01:28  [ 21] 515450 红利低波50ETF南方  完成  日J=35.51 周J=95.84 月J=72.53 价=1.42 涨=-2.34%  PE=8.53(79.44%) PB=0.87(61.32%)
2026-08-04 15:01:29  [ 22] 510210 上证指数ETF富国  完成  日J=54.4 周J=14.56 月J=5.32 价=0.97 涨=0.21%  PE=14.96(69.82%) PB=None(None%)
2026-08-04 15:01:31  [ 23] 515180 红利ETF易方达  完成  日J=52.82 周J=95.5 月J=46.14 价=1.4 涨=-1.69%  PE=8.54(60.33%) PB=0.85(48.88%)
2026-08-04 15:01:32  [ 24] 512480 半导体ETF国联安  完成  日J=10.99 周J=-12.95 月J=31.55 价=0.97 涨=5.32%  PE=80.48(75.45%) PB=None(None%)
2026-08-04 15:01:34  [ 25] 562500 机器人ETF华夏  完成  日J=111.81 周J=8.31 月J=20.01 价=0.99 涨=2.59%  PE=52.29(50.38%) PB=None(None%)
2026-08-04 15:01:35  [ 26] 515050 通信ETF华夏  完成  日J=44.93 周J=-2.48 月J=34.34 价=0.99 涨=9.39%  PE=43.46(86.49%) PB=None(None%)
2026-08-04 15:01:36  [ 27] 159530 机器人ETF易方达  完成  日J=117.38 周J=7.01 月J=16.08 价=1.38 涨=2.07%  PE=None(None%) PB=None(None%)
2026-08-04 15:01:38  [ 28] 512010 医药ETF易方达  完成  日J=59.48 周J=100.92 月J=62.58 价=0.38 涨=1.6%  PE=23.57(4.62%) PB=None(None%)
2026-08-04 15:01:39  [ 29] 159201 自由现金流ETF华夏  完成  日J=67.29 周J=98.98 月J=14.3 价=1.17 涨=-1.35%  PE=None(None%) PB=None(None%)
2026-08-04 15:01:41  [ 30] 510180 上证180ETF华安  完成  日J=17.59 周J=25.93 月J=22.17 价=3.92 涨=0.08%  PE=12.1(68.15%) PB=1.23(43.84%)
2026-08-04 15:01:42  [ 31] 159992 创新药ETF银华  完成  日J=35.23 周J=73.02 月J=65.79 价=0.86 涨=3.38%  PE=27.83(29.82%) PB=None(None%)
2026-08-04 15:01:44  [ 32] 159781 科创创业ETF易方达  完成  日J=31.09 周J=-4.8 月J=33.38 价=1.1 涨=5.67%  PE=41.3(59.22%) PB=None(None%)
2026-08-04 15:01:45  [ 33] 159928 消费ETF汇添富  完成  日J=63.79 周J=105.72 月J=34.98 价=0.68 涨=-1.45%  PE=20.65(23.8%) PB=3.67(6.4%)
2026-08-04 15:01:47  [ 34] 512070 证券保险ETF易方达  完成  日J=22.7 周J=85.08 月J=14.58 价=0.8 涨=-1.6%  PE=9.88(2.23%) PB=None(None%)
2026-08-04 15:01:49  [ 35] 512690 酒ETF鹏华  完成  日J=72.1 周J=101.75 月J=29.07 价=0.44 涨=-1.79%  PE=20.11(22.68%) PB=None(None%)
2026-08-04 15:01:50  [ 36] 159206 卫星ETF永赢  完成  日J=96.9 周J=9.32 月J=0.17 价=1.33 涨=3.83%  PE=None(None%) PB=None(None%)
2026-08-04 15:01:52  [ 37] 159870 化工ETF鹏华  完成  日J=68.33 周J=26.42 月J=10.47 价=0.78 涨=0.64%  PE=21.41(51.99%) PB=None(None%)
2026-08-04 15:01:53  [ 38] 515220 煤炭ETF国泰  完成  日J=16.53 周J=31.88 月J=23.86 价=1.17 涨=-0.51%  PE=17.63(82.92%) PB=1.67(88.12%)
2026-08-04 15:01:54  [ 39] 517520 黄金股ETF永赢  完成  日J=64.1 周J=98.04 月J=-1.49 价=1.86 涨=-0.59%  PE=21.95(58.12%) PB=None(None%)
2026-08-04 15:01:56  [ 40] 513630 港股低波红利ETF摩根  完成  日J=14.56 周J=88.02 月J=35.96 价=1.59 涨=-1.55%  PE=None(None%) PB=None(None%)
2026-08-04 15:01:57  [ 41] 159611 电力ETF广发  完成  日J=48.93 周J=37.38 月J=17.69 价=1.08 涨=-0.92%  PE=15.41(67.81%) PB=None(None%)
2026-08-04 15:01:59  [ 42] 512800 银行ETF华宝  完成  日J=46.62 周J=95.39 月J=72.49 价=0.81 涨=-2.53%  PE=6.9(80.18%) PB=0.69(43.88%)
2026-08-04 15:02:00  [ 43] 512760 芯片ETF国泰  完成  日J=10.76 周J=-10.66 月J=32.69 价=1.05 涨=5.42%  PE=80.79(63.65%) PB=None(None%)
2026-08-04 15:02:02  [ 44] 159869 游戏ETF华夏  完成  日J=115.32 周J=95.76 月J=5.73 价=1.16 涨=2.57%  PE=20.11(18.85%) PB=None(None%)
2026-08-04 15:02:03  [ 45] 516650 有色金属ETF华夏  完成  日J=71.09 周J=40.46 月J=-2.33 价=1.77 涨=1.32%  PE=18.37(23.32%) PB=None(None%)
2026-08-04 15:02:05  [ 46] 159755 电池ETF广发  完成  日J=84.9 周J=16.58 月J=-0.19 价=0.95 涨=0.85%  PE=25.48(37.32%) PB=3.46(49.2%)
2026-08-04 15:02:06  [ 47] 560860 工业有色ETF万家  完成  日J=62.89 周J=24.41 月J=4.54 价=1.56 涨=2.03%  PE=62.15(32.32%) PB=None(None%)
2026-08-04 15:02:08  [ 48] 159852 软件ETF嘉实  完成  日J=107.58 周J=83.8 月J=5.79 价=0.73 涨=1.96%  PE=57.53(54.0%) PB=None(None%)
2026-08-04 15:02:09  [ 49] 159307 红利低波100ETF博时  完成  日J=66.68 周J=105.31 月J=66.9 价=1.05 涨=-1.32%  PE=8.91(85.38%) PB=None(None%)
2026-08-04 15:02:10  [ 50] 512710 军工龙头ETF富国  完成  日J=114.35 周J=31.86 月J=-8.3 价=0.62 涨=1.14%  PE=None(None%) PB=None(None%)
2026-08-04 15:02:12  [ 51] 159363 创业板人工智能ETF华宝  完成  日J=74.61 周J=14.37 月J=42.29 价=1.23 涨=10.22%  PE=None(None%) PB=None(None%)
2026-08-04 15:02:13  [ 52] 159263 价值ETF易方达  完成  日J=56.75 周J=104.1 月J=50.22 价=1.15 涨=-1.79%  PE=None(None%) PB=None(None%)
2026-08-04 15:02:15  [ 53] 159851 金融科技ETF华宝  完成  日J=110.84 周J=55.88 月J=4.52 价=0.64 涨=1.27%  PE=33.42(13.31%) PB=None(None%)
2026-08-04 15:02:16  [ 54] 512660 军工ETF国泰  完成  日J=109.1 周J=22.02 月J=-5.08 价=1.12 涨=1.36%  PE=45.42(12.41%) PB=3.23(52.12%)
2026-08-04 15:02:18  [ 55] 515980 人工智能ETF华富  完成  日J=41.37 周J=9.08 月J=42.59 价=1.05 涨=6.6%  PE=50.8(82.24%) PB=None(None%)
2026-08-04 15:02:19  [ 56] 159865 养殖ETF国泰  完成  日J=78.33 周J=95.05 月J=17.65 价=0.53 涨=-0.93%  PE=23.13(54.34%) PB=None(None%)
2026-08-04 15:02:21  [ 57] 516150 稀土ETF嘉实  完成  日J=110.63 周J=8.05 月J=4.89 价=1.69 涨=2.06%  PE=28.21(25.25%) PB=None(None%)
2026-08-04 15:02:22  [ 58] 159967 创业板成长ETF华夏  完成  日J=50.0 周J=-0.91 月J=32.75 价=0.77 涨=7.69%  PE=None(None%) PB=None(None%)
2026-08-04 15:02:24  [ 59] 563300 中证2000ETF华泰柏瑞  完成  日J=99.41 周J=14.71 月J=16.07 价=1.33 涨=2.95%  PE=36.44(57.02%) PB=None(None%)
2026-08-04 15:02:25  [ 60] 512950 央企改革ETF华夏  完成  日J=41.57 周J=19.11 月J=27.32 价=1.49 涨=0.47%  PE=15.58(80.84%) PB=None(None%)
2026-08-04 15:02:27  [ 61] 159796 电池ETF汇添富  完成  日J=93.99 周J=14.15 月J=5.46 价=0.85 涨=1.79%  PE=None(None%) PB=None(None%)
2026-08-04 15:02:27  全部完成，结果已写入 C:\Users\hailo\Desktop\每周自动指标\output_etf\2026-08-04\metrics_2026-08-04.csv
2026-08-04 15:02:27  步骤2完成 -> C:\Users\hailo\Desktop\每周自动指标\output_etf\2026-08-04\metrics_2026-08-04.csv
2026-08-04 15:02:27  步骤3: 生成 HTML 总结报告...
2026-08-04 15:02:27  步骤3完成 -> C:\Users\hailo\Desktop\每周自动指标\output_etf\2026-08-04\report_2026-08-04.html
2026-08-04 15:02:27  步骤4: 发送邮件报告...
2026-08-04 15:02:29  步骤4完成: 邮件已发送
2026-08-04 15:02:29  ===== 全部完成 2026-08-04 =====
2026-08-04 15:05:23  今日(2026-08-04)已完成，跳过。结果目录: C:\Users\hailo\Desktop\每周自动指标\output_etf\2026-08-04
2026-08-04 15:08:57  今日(2026-08-04)已完成，跳过。结果目录: C:\Users\hailo\Desktop\每周自动指标\output_etf\2026-08-04
2026-08-04 21:54:00  今日(2026-08-04)已完成，跳过。结果目录: C:\Users\hailo\Desktop\每周自动指标\output_etf\2026-08-04
2026-08-04 21:54:16  今日(2026-08-04)已完成，跳过。结果目录: C:\Users\hailo\Desktop\每周自动指标\output_etf\2026-08-04
2026-08-04 21:59:35  今日(2026-08-04)已完成，跳过。结果目录: C:\Users\hailo\Desktop\每周自动指标\output_etf\2026-08-04
