2026-08-28 16:51:54  ===== 开始每日指标任务 2026-08-28 =====
2026-08-28 16:51:54  步骤1: 获取 A股市值前100…
2026-08-28 16:51:56  步骤1完成 -> /home/runner/work/daily-stock-metrics/daily-stock-metrics/output/2026-08-28/top100_2026-08-28.csv
2026-08-28 16:51:56  步骤2: 计算 KDJ-J(日/周/月) 及 PE/PB 历史分位…
2026-08-28 16:51:56  观察池: 共102只(含历史追踪2只) -> /home/runner/work/daily-stock-metrics/daily-stock-metrics/output/2026-08-28/tracked_2026-08-28.csv
2026-08-28 16:51:56  待处理 102 条，并发数 8
2026-08-28 16:52:03  [  1] 688825 长鑫科技  完成  日J=50.89 周J=88.5 月J=None MA20=55.652 MA60=None 多头=None 价=58.6 涨=-0.88%  PE=141.08(92.0%) PB=48.68(92.0%)
2026-08-28 16:52:03  [  5] 600941 中国移动  完成  日J=81.34 周J=99.81 月J=61.23 MA20=96.956 MA60=93.939 多头=1 价=97.86 涨=-0.18%  PE=16.1(58.03%) PB=1.49(36.29%)
2026-08-28 16:52:03  [  6] 601857 中国石油  完成  日J=72.32 周J=110.09 月J=38.64 MA20=10.923 MA60=10.229 多头=1 价=11.23 涨=1.35%  PE=10.43(34.27%) PB=1.16(87.07%)
2026-08-28 16:52:03  [  8] 300750 宁德时代  完成  日J=2.63 周J=59.32 月J=26.78 MA20=388.935 MA60=385.441 多头=1 价=368.5 涨=-1.21%  PE=16.07(3.4%) PB=3.79(3.53%)
2026-08-28 16:52:03  [  4] 601288 农业银行  完成  日J=73.57 周J=81.96 月J=34.04 MA20=6.647 MA60=6.51 多头=1 价=6.79 涨=0.0%  PE=5.56(52.87%) PB=0.62(55.0%)
2026-08-28 16:52:04  [  2] 601398 工商银行  完成  日J=76.82 周J=74.69 月J=81.12 MA20=7.701 MA60=7.543 多头=1 价=7.86 涨=0.51%  PE=5.3(42.4%) PB=0.56(29.07%)
2026-08-28 16:52:04  [  3] 601939 建设银行  完成  日J=80.38 周J=84.25 月J=95.79 MA20=10.373 MA60=10.132 多头=1 价=10.69 涨=1.14%  PE=5.36(40.73%) PB=0.6(32.33%)
2026-08-28 16:52:04  [  9] 600938 中国海油  完成  日J=79.16 周J=116.07 月J=26.42 MA20=32.789 MA60=31.081 多头=1 价=34.19 涨=1.09%  PE=11.74(86.96%) PB=1.9(79.96%)
2026-08-28 16:52:04  [  7] 601988 中国银行  完成  日J=88.38 周J=98.72 月J=101.11 MA20=5.97 MA60=5.901 多头=1 价=6.19 涨=0.81%  PE=5.82(72.73%) PB=0.6(61.13%)
2026-08-28 16:52:04  [ 10] 600519 贵州茅台  完成  日J=57.88 周J=78.85 月J=39.27 MA20=1315.582 MA60=1265.113 多头=1 价=1297.4 涨=0.39%  PE=29.49(13.07%) PB=9.74(24.67%)
2026-08-28 16:52:05  [ 11] 601138 工业富联  完成  日J=56.33 周J=56.81 月J=36.09 MA20=64.033 MA60=65.508 多头=0 价=64.04 涨=0.28%  PE=18.26(75.07%) PB=2.98(52.0%)
2026-08-28 16:52:05  [ 13] 688981 中芯国际  完成  日J=37.94 周J=6.1 月J=45.35 MA20=126.231 MA60=137.704 多头=0 价=125.88 涨=-0.36%  PE=149.52(66.29%) PB=6.29(87.42%)
2026-08-28 16:52:05  [ 14] 601088 中国神华  完成  日J=89.52 周J=109.24 月J=65.92 MA20=45.351 MA60=43.703 多头=1 价=47.63 涨=-0.36%  PE=13.44(99.47%) PB=1.93(99.67%)
2026-08-28 16:52:05  [ 15] 601318 中国平安  完成  日J=108.94 周J=99.74 月J=18.26 MA20=53.594 MA60=52.148 多头=1 价=55.85 涨=-0.04%  PE=9.94(47.53%) PB=0.87(5.67%)
2026-08-28 16:52:06  [ 12] 601628 中国人寿  完成  日J=101.86 周J=48.66 月J=24.7 MA20=37.672 MA60=37.303 多头=1 价=38.27 涨=-0.88%  PE=47.6(95.73%) PB=1.79(16.67%)
2026-08-28 16:52:06  [ 16] 300308 中际旭创  完成  日J=4.49 周J=6.66 月J=36.07 MA20=915.36 MA60=1069.124 多头=0 价=858.35 涨=-0.9%  PE=64.41(72.67%) PB=9.85(99.73%)
2026-08-28 16:52:06  [ 18] 601899 紫金矿业  完成  日J=83.77 周J=107.97 月J=32.62 MA20=33.504 MA60=30.1 多头=1 价=34.65 涨=0.23%  PE=20.06(47.13%) PB=3.65(74.0%)
2026-08-28 16:52:06  [ 17] 600036 招商银行  完成  日J=82.62 周J=83.92 月J=68.1 MA20=39.068 MA60=37.93 多头=1 价=39.35 涨=-0.58%  PE=5.45(5.47%) PB=0.86(4.53%)
2026-08-28 16:52:07  [ 20] 600900 长江电力  完成  日J=30.78 周J=61.0 月J=85.86 MA20=28.135 MA60=27.529 多头=1 价=28.05 涨=-0.18%  PE=23.08(84.4%) PB=3.14(98.27%)
2026-08-28 16:52:07  [ 19] 002594 比亚迪  完成  日J=89.05 周J=82.62 月J=46.84 MA20=90.657 MA60=89.388 多头=1 价=92.32 涨=0.91%  PE=19.09(1.53%) PB=3.94(42.07%)
2026-08-28 16:52:07  [ 21] 600028 中国石化  完成  日J=100.35 周J=100.4 月J=13.0 MA20=5.152 MA60=4.964 多头=1 价=5.46 涨=3.21%  PE=12.43(65.33%) PB=0.96(78.2%)
2026-08-28 16:52:07  [ 22] 688256 寒武纪  完成  日J=45.53 周J=0.43 月J=43.29 MA20=1081.937 MA60=1248.734 多头=0 价=1046.63 涨=-0.13%  PE=197.53(78.03%) PB=48.55(84.43%)
2026-08-28 16:52:07  [ 23] 000333 美的集团  完成  日J=87.48 周J=76.7 月J=87.57 MA20=84.994 MA60=81.584 多头=1 价=86.23 涨=0.06%  PE=14.05(37.27%) PB=2.83(24.53%)
2026-08-28 16:52:08  [ 27] 688041 海光信息  完成  日J=28.28 周J=-4.13 月J=28.69 MA20=267.528 MA60=301.496 多头=0 价=245.49 涨=-0.2%  PE=181.61(64.12%) PB=22.49(76.96%)
2026-08-28 16:52:08  [ 25] 601658 邮储银行  完成  日J=59.94 周J=52.83 月J=38.57 MA20=4.984 MA60=4.981 多头=1 价=4.99 涨=-0.2%  PE=7.04(70.0%) PB=0.61(14.47%)
2026-08-28 16:52:08  [ 24] 601328 交通银行  完成  日J=58.86 周J=86.48 月J=77.41 MA20=7.03 MA60=6.822 多头=1 价=7.1 涨=0.42%  PE=5.05(63.53%) PB=0.52(58.13%)
2026-08-28 16:52:08  [ 29] 002371 北方华创  完成  日J=24.06 周J=10.38 月J=50.49 MA20=725.388 MA60=736.609 多头=0 价=697.51 涨=-2.85%  PE=45.08(8.33%) PB=6.57(25.67%)
2026-08-28 16:52:09  [ 28] 300502 新易盛  完成  日J=7.7 周J=14.9 月J=40.13 MA20=421.822 MA60=489.794 多头=0 价=399.0 涨=-2.47%  PE=70.73(75.27%) PB=8.94(83.6%)
2026-08-28 16:52:09  [ 26] 601728 中国电信  完成  日J=-9.87 周J=95.08 月J=56.0 MA20=6.408 MA60=6.025 多头=1 价=6.3 涨=-0.79%  PE=19.37(79.54%) PB=1.22(59.49%)
2026-08-28 16:52:09  [ 30] 601998 中信银行  完成  日J=99.63 周J=111.9 月J=83.15 MA20=7.985 MA60=7.588 多头=1 价=8.72 涨=0.69%  PE=4.68(38.47%) PB=0.52(40.73%)
2026-08-28 16:52:09  [ 31] 603259 药明康德  完成  日J=7.52 周J=81.16 月J=87.6 MA20=156.964 MA60=129.752 多头=1 价=157.4 涨=-1.59%  PE=11.57(0.13%) PB=1.98(0.13%)
2026-08-28 16:52:10  [ 32] 002475 立讯精密  完成  日J=72.42 周J=16.66 月J=31.57 MA20=55.845 MA60=61.355 多头=0 价=56.6 涨=-1.01%  PE=19.49(1.07%) PB=3.54(1.0%)
2026-08-28 16:52:10  [ 33] 600030 中信证券  完成  日J=112.83 周J=19.76 月J=82.22 MA20=27.658 MA60=27.772 多头=0 价=27.93 涨=0.0%  PE=15.66(32.07%) PB=1.22(7.87%)
2026-08-28 16:52:10  [ 35] 688235 百济神州  完成  日J=-2.33 周J=63.07 月J=53.04 MA20=283.788 MA60=260.217 多头=1 价=271.7 涨=-2.88%  PE=97.87(89.13%) PB=11.83(75.11%)
2026-08-28 16:52:10  [ 34] 688347 华虹宏力  完成  日J=55.31 周J=-2.4 月J=46.66 MA20=249.947 MA60=283.283 多头=0 价=248.01 涨=-1.86%  PE=614.67(68.78%) PB=9.11(93.94%)
2026-08-28 16:52:10  [ 36] 603993 洛阳钼业  完成  日J=93.63 周J=61.27 月J=14.38 MA20=19.232 MA60=18.747 多头=1 价=19.51 涨=0.0%  PE=45.5(76.2%) PB=2.49(55.13%)
2026-08-28 16:52:10  [ 38] 002384 东山精密  完成  日J=27.56 周J=21.77 月J=54.87 MA20=195.166 MA60=220.221 多头=0 价=195.62 涨=-2.48%  PE=12.0(1.8%) PB=1.4(1.6%)
2026-08-28 16:52:11  [ 39] 600183 生益科技  完成  日J=79.66 周J=46.57 月J=56.38 MA20=132.335 MA60=143.238 多头=0 价=145.65 涨=3.32%  PE=36.22(79.67%) PB=3.01(27.33%)
2026-08-28 16:52:11  [ 40] 688012 中微公司  完成  日J=46.35 周J=21.83 月J=60.25 MA20=365.15 MA60=372.53 多头=0 价=367.0 涨=-2.4%  PE=89.02(56.33%) PB=7.7(65.33%)
2026-08-28 16:52:11  [ 42] 002415 海康威视  完成  日J=105.04 周J=45.3 月J=82.78 MA20=35.532 MA60=33.87 多头=1 价=35.1 涨=-0.54%  PE=22.43(18.53%) PB=4.15(2.27%)
2026-08-28 16:52:12  [ 37] 601166 兴业银行  完成  日J=14.58 周J=46.87 月J=31.81 MA20=18.192 MA60=17.894 多头=1 价=17.43 涨=-3.22%  PE=4.05(21.2%) PB=0.48(7.2%)
2026-08-28 16:52:12  [ 43] 601319 中国人保  完成  日J=91.98 周J=56.06 月J=10.47 MA20=7.054 MA60=7.013 多头=1 价=7.14 涨=-0.56%  PE=7.87(0.8%) PB=1.13(49.8%)
2026-08-28 16:52:12  [ 45] 600276 恒瑞医药  完成  日J=12.77 周J=2.39 月J=12.81 MA20=51.332 MA60=51.861 多头=0 价=47.32 涨=-0.61%  PE=63.52(31.07%) PB=6.6(11.13%)
2026-08-28 16:52:12  [ 44] 601211 国泰海通  完成  日J=94.07 周J=6.42 月J=45.63 MA20=17.88 MA60=18.055 多头=0 价=17.92 涨=0.06%  PE=11.27(31.27%) PB=0.9(8.93%)
2026-08-28 16:52:13  [ 46] 300059 东方财富  完成  日J=101.01 周J=14.28 月J=26.08 MA20=19.543 MA60=19.693 多头=0 价=19.42 涨=-1.02%  PE=26.47(4.33%) PB=2.99(2.0%)
2026-08-28 16:52:13  [ 47] 601601 中国太保  完成  日J=107.67 周J=81.02 月J=9.54 MA20=31.07 MA60=30.427 多头=1 价=31.77 涨=-0.72%  PE=13.98(65.73%) PB=0.96(11.2%)
2026-08-28 16:52:13  [ 41] 601869 长飞光纤  完成  日J=89.27 周J=47.38 月J=54.0 MA20=353.844 MA60=405.37 多头=0 价=422.36 涨=-1.04%  PE=15.99(3.27%) PB=1.51(0.8%)
2026-08-28 16:52:13  [ 49] 300394 天孚通信  完成  日J=28.47 周J=74.66 月J=43.52 MA20=248.57 MA60=259.761 多头=0 价=263.58 涨=-1.34%  PE=99.89(99.53%) PB=17.67(100.0%)
2026-08-28 16:52:13  [ 52] 688802 沐曦股份-U  完成  日J=16.6 周J=-1.83 月J=52.08 MA20=710.304 MA60=761.069 多头=0 价=674.9 涨=-2.3%  PE=-411.77(44.71%) PB=20.62(44.12%)
2026-08-28 16:52:13  [ 50] 603986 兆易创新  完成  日J=32.99 周J=-0.67 月J=26.33 MA20=399.971 MA60=510.276 多头=0 价=396.82 涨=-3.5%  PE=121.09(78.93%) PB=3.14(1.13%)
2026-08-28 16:52:14  [ 48] 600000 浦发银行  完成  日J=28.76 周J=62.49 月J=20.64 MA20=9.179 MA60=8.942 多头=1 价=9.0 涨=-0.77%  PE=5.4(65.53%) PB=0.34(6.27%)
2026-08-28 16:52:14  [ 51] 000858 五 粮 液  完成  日J=30.4 周J=40.38 月J=9.62 MA20=73.659 MA60=73.639 多头=1 价=71.51 涨=0.55%  PE=18.19(7.2%) PB=4.15(8.47%)
2026-08-28 16:52:14  [ 53] 601225 陕西煤业  完成  日J=95.75 周J=109.43 月J=84.31 MA20=25.529 MA60=24.261 多头=1 价=27.07 涨=0.26%  PE=12.07(99.93%) PB=2.99(99.93%)
2026-08-28 16:52:14  [ 54] 600150 中国船舶  完成  日J=112.33 周J=45.25 月J=35.14 MA20=34.121 MA60=34.447 多头=0 价=34.78 涨=0.75%  PE=132.08(66.4%) PB=3.46(99.87%)
2026-08-28 16:52:14  [ 57] 688795 摩尔线程-U  完成  日J=26.02 周J=-0.24 月J=15.03 MA20=563.412 MA60=617.531 多头=0 价=533.88 涨=-1.86%  PE=-338.46(35.39%) PB=20.61(2.25%)
2026-08-28 16:52:14  [ 55] 688008 澜起科技  完成  日J=77.02 周J=10.03 月J=44.83 MA20=207.188 MA60=232.693 多头=0 价=213.0 涨=-3.72%  PE=72.55(42.8%) PB=11.84(83.53%)
2026-08-28 16:52:15  [ 64] 688820 盛合晶微  完成  日J=13.52 周J=2.48 月J=21.21 MA20=133.224 MA60=158.401 多头=0 价=127.55 涨=-0.12%  PE=254.12(26.67%) PB=12.32(16.67%)
2026-08-28 16:52:15  [ 56] 601919 中远海控  完成  日J=62.69 周J=100.78 月J=75.97 MA20=16.12 MA60=14.868 多头=1 价=16.88 涨=-1.34%  PE=4.96(37.87%) PB=0.87(18.6%)
2026-08-28 16:52:15  [ 59] 600309 万华化学  完成  日J=108.02 周J=94.84 月J=29.09 MA20=74.645 MA60=72.395 多头=1 价=78.04 涨=2.79%  PE=14.41(41.13%) PB=2.73(7.07%)
2026-08-28 16:52:15  [ 58] 002916 深南电路  完成  日J=47.76 周J=33.82 月J=52.68 MA20=359.881 MA60=381.029 多头=0 价=362.4 涨=-0.74%  PE=33.54(36.53%) PB=3.47(20.93%)
2026-08-28 16:52:15  [ 60] 002379 宏桥控股  完成  日J=55.89 周J=68.74 月J=6.88 MA20=19.03 MA60=17.757 多头=1 价=18.5 涨=-1.07%  PE=-50.08(27.2%) PB=2.37(52.2%)
2026-08-28 16:52:16  [ 61] 002714 牧原股份  完成  日J=108.05 周J=103.76 月J=40.03 MA20=39.503 MA60=37.733 多头=1 价=41.68 涨=2.16%  PE=21.56(63.2%) PB=3.46(8.47%)
2026-08-28 16:52:16  [ 62] 000338 潍柴动力  完成  日J=18.98 周J=66.49 月J=56.38 MA20=29.049 MA60=28.076 多头=1 价=27.64 涨=2.41%  PE=17.9(83.33%) PB=1.83(42.93%)
2026-08-28 16:52:16  [ 68] 688808 联讯仪器  完成  日J=35.52 周J=76.7 月J=59.86 MA20=2183.254 MA60=2144.37 多头=1 价=2279.02 涨=-1.72%  PE=341.95(1.15%) PB=69.07(44.83%)
2026-08-28 16:52:16  [ 63] 601816 京沪高铁  完成  日J=21.76 周J=75.68 月J=74.29 MA20=4.949 MA60=4.788 多头=1 价=4.86 涨=0.21%  PE=19.0(2.93%) PB=1.2(6.4%)
2026-08-28 16:52:16  [ 66] 688836 宇树科技-W  完成  日J=2.22 周J=None 月J=None MA20=None MA60=None 多头=None 价=585.0 涨=-4.88%  PE=404.99(12.5%) PB=82.16(12.5%)
2026-08-28 16:52:17  [ 69] 600188 兖矿能源  完成  日J=91.91 周J=108.42 月J=59.18 MA20=21.471 MA60=20.356 多头=1 价=23.02 涨=1.5%  PE=11.7(90.87%) PB=3.57(98.33%)
2026-08-28 16:52:17  [ 65] 300476 胜宏科技  完成  日J=20.57 周J=42.89 月J=11.41 MA20=254.02 MA60=279.722 多头=0 价=241.6 涨=-8.15%  PE=31.12(60.27%) PB=3.01(34.93%)
2026-08-28 16:52:17  [ 67] 002463 沪电股份  完成  日J=65.63 周J=37.11 月J=55.62 MA20=118.556 MA60=126.562 多头=0 价=121.7 涨=-0.26%  PE=40.05(93.6%) PB=6.19(81.27%)
2026-08-28 16:52:17  [ 71] 300408 三环集团  完成  日J=25.92 周J=22.68 月J=52.49 MA20=120.028 MA60=127.406 多头=0 价=112.24 涨=-0.21%  PE=35.22(38.07%) PB=2.71(2.2%)
2026-08-28 16:52:18  [ 74] 000725 京东方Ａ  完成  日J=34.12 周J=1.78 月J=40.35 MA20=5.899 MA60=6.459 多头=0 价=5.92 涨=-0.34%  PE=46.46(63.2%) PB=1.2(28.87%)
2026-08-28 16:52:18  [ 77] 301666 大普微-UW  完成  日J=67.58 周J=19.04 月J=24.27 MA20=430.302 MA60=539.199 多头=0 价=475.86 涨=1.42%  PE=171.97(13.98%) PB=56.93(26.88%)
2026-08-28 16:52:18  [ 72] 002142 宁波银行  完成  日J=79.52 周J=105.53 月J=87.84 MA20=32.715 MA60=31.439 多头=1 价=33.86 涨=0.33%  PE=5.53(2.4%) PB=0.8(2.4%)
2026-08-28 16:52:18  [ 73] 600919 江苏银行  完成  日J=78.41 周J=97.46 月J=103.74 MA20=11.823 MA60=11.452 多头=1 价=12.04 涨=-0.25%  PE=4.66(29.4%) PB=0.68(52.93%)
2026-08-28 16:52:18  [ 70] 000001 平安银行  完成  日J=96.4 周J=100.39 月J=99.36 MA20=11.364 MA60=10.954 多头=1 价=11.65 涨=0.52%  PE=4.15(4.73%) PB=0.5(4.27%)
2026-08-28 16:52:18  [ 75] 000651 格力电器  完成  日J=66.98 周J=79.54 月J=93.0 MA20=38.727 MA60=37.477 多头=1 价=39.0 涨=-0.69%  PE=8.77(38.0%) PB=1.98(22.0%)
2026-08-28 16:52:19  [ 76] 003816 中国广核  完成  日J=119.91 周J=80.59 月J=37.78 MA20=3.973 MA60=3.99 多头=0 价=4.24 涨=1.44%  PE=21.43(93.93%) PB=1.63(70.2%)
2026-08-28 16:52:19  [ 78] 002938 鹏鼎控股  完成  日J=28.49 周J=29.22 月J=54.47 MA20=92.102 MA60=97.312 多头=0 价=89.18 涨=-0.02%  PE=23.06(47.47%) PB=2.59(31.4%)
2026-08-28 16:52:19  [ 79] 601898 中煤能源  完成  日J=102.62 周J=110.48 月J=25.38 MA20=14.09 MA60=13.76 多头=1 价=15.36 涨=2.74%  PE=10.66(43.67%) PB=1.15(98.07%)
2026-08-28 16:52:19  [ 80] 300274 阳光电源  完成  日J=-3.13 周J=7.13 月J=-10.07 MA20=111.395 MA60=123.965 多头=0 价=97.69 涨=-1.16%  PE=16.86(18.73%) PB=5.33(52.53%)
2026-08-28 16:52:20  [ 81] 300433 蓝思科技  完成  日J=68.35 周J=17.36 月J=35.37 MA20=36.252 MA60=41.5 多头=0 价=38.23 涨=-2.1%  PE=18.54(20.53%) PB=1.34(17.93%)
2026-08-28 16:52:20  [ 83] 300760 迈瑞医疗  完成  日J=108.3 周J=105.46 月J=40.59 MA20=155.237 MA60=148.11 多头=1 价=164.3 涨=1.4%  PE=24.77(1.73%) PB=8.27(3.2%)
2026-08-28 16:52:20  [ 82] 603288 海天味业  完成  日J=28.16 周J=32.4 月J=38.32 MA20=35.968 MA60=35.186 多头=1 价=34.12 涨=0.06%  PE=37.13(7.47%) PB=7.62(4.33%)
2026-08-28 16:52:20  [ 84] 601066 中信建投  完成  日J=103.04 周J=-1.13 月J=54.6 MA20=25.4 MA60=26.327 多头=0 价=25.58 涨=-0.78%  PE=25.57(48.73%) PB=2.04(10.93%)
2026-08-28 16:52:20  [ 85] 600690 海尔智家  完成  日J=73.93 周J=63.53 月J=27.26 MA20=21.121 MA60=20.347 多头=1 价=21.12 涨=0.0%  PE=14.42(37.73%) PB=2.26(16.0%)
2026-08-28 16:52:21  [ 87] 688498 源杰科技  完成  日J=40.15 周J=54.84 月J=63.16 MA20=1466.263 MA60=1537.17 多头=0 价=1538.35 涨=-5.68%  PE=537.92(71.7%) PB=75.86(96.53%)
2026-08-28 16:52:21  [ 86] 688072 拓荆科技  完成  日J=30.11 周J=15.84 月J=57.01 MA20=681.848 MA60=694.876 多头=0 价=669.29 涨=-3.42%  PE=89.44(40.04%) PB=15.3(85.36%)
2026-08-28 16:52:21  [ 89] 601336 新华保险  完成  日J=93.51 周J=36.23 月J=6.81 MA20=59.401 MA60=59.894 多头=0 价=59.8 涨=-1.3%  PE=12.15(58.67%) PB=0.93(17.4%)
2026-08-28 16:52:21  [ 91] 601668 中国建筑  完成  日J=82.75 周J=60.92 月J=45.59 MA20=4.484 MA60=4.439 多头=1 价=4.46 涨=0.68%  PE=4.32(30.33%) PB=0.53(4.53%)
2026-08-28 16:52:21  [ 88] 603268 松发股份  完成  日J=71.18 周J=101.41 月J=90.94 MA20=178.156 MA60=159.986 多头=1 价=187.3 涨=0.16%  PE=-17.44(16.4%) PB=31.93(99.47%)
2026-08-28 16:52:21  [ 90] 600406 国电南瑞  完成  日J=42.67 周J=53.27 月J=10.22 MA20=23.736 MA60=23.171 多头=1 价=23.01 涨=-0.22%  PE=28.72(65.8%) PB=4.23(69.13%)
2026-08-28 16:52:22  [ 93] 600989 宝丰能源  完成  日J=98.2 周J=106.13 月J=20.98 MA20=23.438 MA60=22.488 多头=1 价=24.49 涨=2.04%  PE=15.71(15.87%) PB=2.58(4.13%)
2026-08-28 16:52:22  [ 92] 601985 中国核电  完成  日J=112.99 周J=44.59 月J=78.87 MA20=8.835 MA60=8.857 多头=0 价=8.92 涨=0.22%  PE=16.99(63.33%) PB=1.95(80.0%)
2026-08-28 16:52:22  [ 94] 601818 光大银行  完成  日J=58.95 周J=56.88 月J=40.17 MA20=3.047 MA60=3.038 多头=1 价=3.03 涨=-0.33%  PE=4.18(33.2%) PB=0.43(23.8%)
2026-08-28 16:52:23  [ 95] 300604 长川科技  完成  日J=49.09 周J=20.75 月J=62.63 MA20=276.627 MA60=282.757 多头=0 价=277.11 涨=-2.7%  PE=140.83(49.07%) PB=6.7(3.07%)
2026-08-28 16:52:23  [ 96] 600025 华能水电  完成  日J=31.61 周J=52.7 月J=58.82 MA20=9.72 MA60=9.591 多头=1 价=9.56 涨=-0.83%  PE=23.62(84.6%) PB=3.29(100.0%)
2026-08-28 16:52:23  [ 98] 002352 顺丰控股  完成  日J=116.44 周J=65.86 月J=41.33 MA20=33.336 MA60=33.149 多头=1 价=33.67 涨=0.78%  PE=22.95(0.73%) PB=1.97(0.73%)
2026-08-28 16:52:23  [ 97] 601766 中国中车  完成  日J=84.48 周J=103.81 月J=48.42 MA20=5.997 MA60=5.679 多头=1 价=6.2 涨=-0.16%  PE=16.76(63.0%) PB=1.23(47.6%)
2026-08-28 16:52:23  [101] 301377 鼎泰高科  完成  日J=16.94 周J=20.79 月J=45.63 MA20=420.567 MA60=460.51 多头=0 价=406.38 涨=-2.54%  PE=180.82(86.34%) PB=55.18(94.86%)
2026-08-28 16:52:23  [100] 601688 华泰证券  完成  日J=112.9 周J=15.26 月J=16.56 MA20=18.944 MA60=19.588 多头=0 价=19.41 涨=0.57%  PE=10.17(10.93%) PB=0.85(15.87%)
2026-08-28 16:52:24  [102] 600487 亨通光电  完成  日J=89.22 周J=24.56 月J=35.06 MA20=60.397 MA60=76.62 多头=0 价=68.7 涨=-3.65%  PE=16.33(21.67%) PB=1.25(5.6%)
2026-08-28 16:52:24  [ 99] 600031 三一重工  完成  日J=78.37 周J=62.13 月J=25.91 MA20=19.144 MA60=18.903 多头=1 价=19.1 涨=0.21%  PE=25.1(73.13%) PB=1.74(3.87%)
2026-08-28 16:52:24  全部完成，结果已写入 /home/runner/work/daily-stock-metrics/daily-stock-metrics/output/2026-08-28/metrics_2026-08-28.csv
2026-08-28 16:52:24  步骤2完成 -> /home/runner/work/daily-stock-metrics/daily-stock-metrics/output/2026-08-28/metrics_2026-08-28.csv
2026-08-28 16:52:24  步骤2.5: 获取全市场大盘温度（活跃市值指标）…
2026-08-28 16:53:36  步骤2.5完成
2026-08-28 16:53:36  步骤3: 生成 HTML 总结报告…
2026-08-28 16:53:37  步骤3完成 -> /home/runner/work/daily-stock-metrics/daily-stock-metrics/output/2026-08-28/report_2026-08-28.html
2026-08-28 16:53:37  步骤4: 生成个股股价走势图（含每日信号）…
2026-08-28 16:53:37  步骤4完成 -> /home/runner/work/daily-stock-metrics/daily-stock-metrics/output/stock_charts.html
2026-08-28 16:53:37  步骤4.5: 生成昨日推荐回顾…
2026-08-28 16:53:37  步骤4.5完成 -> 已追加昨日推荐回顾
2026-08-28 16:53:37  步骤5: 发送邮件报告…
2026-08-28 16:53:41  步骤5完成: 邮件已发送
2026-08-28 16:53:41  ===== 全部完成 2026-08-28 =====
