2026-09-11 20:56:39  ===== 开始每日指标任务 2026-09-11 =====
2026-09-11 20:56:39  步骤1: 获取 A股市值前100…
2026-09-11 20:56:40  步骤1完成 -> /home/runner/work/daily-stock-metrics/daily-stock-metrics/output/2026-09-11/top100_2026-09-11.csv
2026-09-11 20:56:40  步骤2: 计算 KDJ-J(日/周/月) 及 PE/PB 历史分位…
2026-09-11 20:56:40  观察池: 共110只(含历史追踪10只) -> /home/runner/work/daily-stock-metrics/daily-stock-metrics/output/2026-09-11/tracked_2026-09-11.csv
2026-09-11 20:56:40  待处理 110 条，并发数 8
2026-09-11 20:56:44  [  8] 600938 中国海油  完成  日J=51.57 周J=94.45 月J=32.96 MA20=33.77 MA60=31.272 多头=1 价=33.91 涨=-1.48%  PE=11.65(86.14%) PB=1.88(79.12%)
2026-09-11 20:56:44  [  6] 601988 中国银行  完成  日J=52.93 周J=95.24 月J=104.3 MA20=6.312 MA60=5.994 多头=1 价=6.57 涨=0.61%  PE=8.5(99.91%) PB=0.77(94.36%)
2026-09-11 20:56:44  [  2] 601398 工商银行  完成  日J=48.99 周J=90.28 月J=100.16 MA20=7.938 MA60=7.639 多头=1 价=8.11 涨=0.12%  PE=7.73(95.83%) PB=0.73(69.49%)
2026-09-11 20:56:44  [  5] 600941 中国移动  完成  日J=-5.36 周J=88.69 月J=85.24 MA20=98.079 MA60=94.589 多头=1 价=97.72 涨=0.57%  PE=16.08(57.43%) PB=1.49(36.15%)
2026-09-11 20:56:44  [  7] 601857 中国石油  完成  日J=46.24 周J=94.58 月J=46.31 MA20=11.165 MA60=10.443 多头=1 价=11.24 涨=-0.27%  PE=11.68(50.64%) PB=1.26(92.8%)
2026-09-11 20:56:44  [  3] 601939 建设银行  完成  日J=57.46 周J=93.76 月J=104.33 MA20=10.748 MA60=10.266 多头=1 价=11.02 涨=0.64%  PE=8.32(97.82%) PB=0.81(74.94%)
2026-09-11 20:56:44  [  4] 601288 农业银行  完成  日J=55.41 周J=95.38 月J=60.75 MA20=6.837 MA60=6.564 多头=1 价=6.97 涨=0.43%  PE=8.19(93.56%) PB=0.85(86.93%)
2026-09-11 20:56:46  [ 12] 300308 中际旭创  完成  日J=105.02 周J=17.33 月J=31.78 MA20=885.498 MA60=1012.697 多头=0 价=926.0 涨=4.03%  PE=53.33(59.26%) PB=27.36(96.83%)
2026-09-11 20:56:46  [ 10] 300750 宁德时代  完成  日J=21.16 周J=4.11 月J=-2.96 MA20=365.303 MA60=377.447 多头=0 价=330.51 涨=-2.23%  PE=17.99(6.73%) PB=4.03(6.73%)
2026-09-11 20:56:46  [  9] 600519 贵州茅台  完成  日J=-1.76 周J=63.08 月J=35.82 MA20=1298.32 MA60=1276.143 多头=1 价=1275.16 涨=-0.78%  PE=19.57(3.13%) PB=6.34(2.46%)
2026-09-11 20:56:46  [  1] 688825 长鑫科技  完成  日J=56.88 周J=79.76 月J=None MA20=57.394 MA60=None 多头=None 价=56.73 涨=-0.82%  PE=47.07(14.29%) PB=28.59(71.43%)
2026-09-11 20:56:47  [ 11] 601138 工业富联  完成  日J=49.8 周J=70.06 月J=38.73 MA20=63.563 MA60=64.182 多头=0 价=64.07 涨=0.25%  PE=27.1(87.0%) PB=7.23(91.98%)
2026-09-11 20:56:47  [ 15] 601088 中国神华  完成  日J=46.91 周J=92.75 月J=79.43 MA20=47.088 MA60=44.155 多头=1 价=47.51 涨=0.49%  PE=19.09(97.49%) PB=2.29(98.86%)
2026-09-11 20:56:47  [ 13] 601628 中国人寿  完成  日J=11.64 周J=28.09 月J=28.78 MA20=38.055 MA60=38.06 多头=0 价=37.99 涨=-0.76%  PE=4.34(0.05%) PB=1.62(5.59%)
2026-09-11 20:56:48  [ 17] 601318 中国平安  完成  日J=-1.28 周J=89.07 月J=26.2 MA20=54.271 MA60=51.865 多头=1 价=54.83 涨=-1.24%  PE=6.23(0.09%) PB=0.97(22.69%)
2026-09-11 20:56:49  [ 16] 688981 中芯国际  完成  日J=-2.62 周J=-4.48 月J=32.11 MA20=124.605 MA60=136.618 多头=0 价=117.41 涨=-1.49%  PE=139.48(63.44%) PB=5.86(82.55%)
2026-09-11 20:56:49  [ 19] 002594 比亚迪  完成  日J=7.47 周J=11.65 月J=24.76 MA20=88.592 MA60=88.798 多头=0 价=84.0 涨=0.57%  PE=26.02(22.55%) PB=3.19(25.2%)
2026-09-11 20:56:49  [ 18] 601899 紫金矿业  完成  日J=51.36 周J=77.28 月J=32.27 MA20=33.671 MA60=30.942 多头=1 价=32.26 涨=-5.42%  PE=12.68(6.63%) PB=4.25(79.77%)
2026-09-11 20:56:49  [ 20] 600900 长江电力  完成  日J=52.95 周J=57.09 月J=89.9 MA20=28.188 MA60=27.783 多头=1 价=28.45 涨=1.28%  PE=19.23(52.53%) PB=3.22(85.84%)
2026-09-11 20:56:49  [ 21] 600028 中国石化  完成  日J=63.45 周J=94.59 月J=22.17 MA20=5.362 MA60=5.085 多头=1 价=5.52 涨=-0.72%  PE=18.57(87.64%) PB=0.79(41.12%)
2026-09-11 20:56:50  [ 22] 601328 交通银行  完成  日J=85.14 周J=103.83 月J=110.0 MA20=7.228 MA60=6.923 多头=1 价=7.48 涨=0.54%  PE=6.78(92.89%) PB=0.57(63.1%)
2026-09-11 20:56:51  [ 14] 600036 招商银行  完成  日J=77.59 周J=100.41 月J=102.11 MA20=40.085 MA60=38.513 多头=1 价=41.35 涨=-0.53%  PE=6.87(33.59%) PB=0.91(17.76%)
2026-09-11 20:56:51  [ 23] 000333 美的集团  完成  日J=33.55 周J=76.5 月J=91.96 MA20=85.95 MA60=83.045 多头=1 价=86.26 涨=0.07%  PE=14.83(53.91%) PB=3.11(51.07%)
2026-09-11 20:56:51  [ 26] 300502 新易盛  完成  日J=85.5 周J=20.51 月J=35.48 MA20=412.53 MA60=466.807 多头=0 价=423.0 涨=2.94%  PE=44.96(40.45%) PB=24.27(93.08%)
2026-09-11 20:56:51  [ 25] 688256 寒武纪  完成  日J=12.75 周J=10.05 月J=35.43 MA20=1065.018 MA60=1212.265 多头=0 价=1040.0 涨=-0.37%  PE=196.28(77.51%) PB=48.25(83.4%)
2026-09-11 20:56:51  [ 27] 601728 中国电信  完成  日J=61.07 周J=87.46 月J=69.93 MA20=6.271 MA60=5.923 多头=1 价=6.29 涨=1.62%  PE=19.34(78.89%) PB=1.22(58.6%)
2026-09-11 20:56:51  [ 24] 601658 邮储银行  完成  日J=60.58 周J=78.9 月J=89.65 MA20=5.211 MA60=5.064 多头=1 价=5.46 涨=0.0%  PE=7.31(79.15%) PB=0.63(30.73%)
2026-09-11 20:56:51  [ 28] 688041 海光信息  完成  日J=1.02 周J=-5.22 月J=8.83 MA20=246.327 MA60=293.748 多头=0 价=230.89 涨=-0.64%  PE=170.81(58.43%) PB=21.15(72.75%)
2026-09-11 20:56:53  [ 29] 601998 中信银行  完成  日J=69.25 周J=109.9 月J=101.27 MA20=8.603 MA60=7.812 多头=1 价=8.92 涨=-0.11%  PE=6.92(91.52%) PB=0.66(76.69%)
2026-09-11 20:56:53  [ 30] 002371 北方华创  完成  日J=17.76 周J=-4.7 月J=34.85 MA20=688.174 MA60=737.508 多头=0 价=634.0 涨=-0.73%  PE=80.94(41.35%) PB=11.35(76.03%)
2026-09-11 20:56:54  [ 31] 603259 药明康德  完成  日J=32.54 周J=60.5 月J=80.18 MA20=158.049 MA60=138.752 多头=1 价=151.24 涨=-2.11%  PE=21.15(28.18%) PB=5.5(47.98%)
2026-09-11 20:56:54  [ 33] 688347 华虹宏力  完成  日J=1.35 周J=-10.65 月J=32.97 MA20=238.635 MA60=283.183 多头=0 价=219.07 涨=-2.25%  PE=602.55(67.73%) PB=8.93(92.7%)
2026-09-11 20:56:54  [ 32] 002475 立讯精密  完成  日J=24.14 周J=25.45 月J=23.11 MA20=55.816 MA60=59.512 多头=0 价=55.39 涨=1.73%  PE=24.08(26.24%) PB=4.6(28.28%)
2026-09-11 20:56:54  [ 35] 601869 长飞光纤  完成  日J=97.79 周J=96.45 月J=62.66 MA20=400.224 MA60=399.142 多头=1 价=473.99 涨=8.78%  PE=113.99(90.04%) PB=23.98(98.94%)
2026-09-11 20:56:54  [ 34] 600030 中信证券  完成  日J=1.61 周J=6.54 月J=68.73 MA20=27.514 MA60=28.024 多头=0 价=26.92 涨=-2.46%  PE=10.61(0.05%) PB=1.42(40.69%)
2026-09-11 20:56:55  [ 36] 603993 洛阳钼业  完成  日J=52.82 周J=39.22 月J=5.78 MA20=18.724 MA60=18.667 多头=1 价=18.15 涨=-4.52%  PE=13.96(11.7%) PB=4.33(87.54%)
2026-09-11 20:56:55  [ 37] 601166 兴业银行  完成  日J=89.07 周J=48.55 月J=42.79 MA20=18.019 MA60=17.884 多头=1 价=18.13 涨=-0.6%  PE=5.08(42.02%) PB=0.46(6.58%)
2026-09-11 20:56:56  [ 38] 688235 百济神州  完成  日J=6.81 周J=5.75 月J=43.71 MA20=273.468 MA60=268.24 多头=1 价=247.3 涨=-2.52%  PE=89.08(88.27%) PB=10.77(66.72%)
2026-09-11 20:56:56  [ 40] 002384 东山精密  完成  日J=90.58 周J=17.59 月J=51.94 MA20=194.575 MA60=213.075 多头=0 价=194.42 涨=0.35%  PE=99.33(89.53%) PB=14.61(96.31%)
2026-09-11 20:56:56  [ 42] 688012 中微公司  完成  日J=18.15 周J=9.6 月J=45.82 MA20=356.124 MA60=378.213 多头=0 价=333.59 涨=-0.18%  PE=75.52(39.02%) PB=10.64(70.78%)
2026-09-11 20:56:56  [ 39] 600183 生益科技  完成  日J=69.7 周J=79.06 月J=62.75 MA20=140.093 MA60=141.318 多头=0 价=148.43 涨=1.0%  PE=69.41(97.3%) PB=19.49(98.82%)
2026-09-11 20:56:57  [ 44] 600000 浦发银行  完成  日J=50.29 周J=67.73 月J=29.38 MA20=9.183 MA60=8.989 多头=1 价=9.26 涨=-0.96%  PE=6.02(68.92%) PB=0.41(30.08%)
2026-09-11 20:56:57  [ 43] 601601 中国太保  完成  日J=37.33 周J=88.08 月J=19.65 MA20=32.107 MA60=30.849 多头=1 价=32.97 涨=-1.96%  PE=5.62(1.94%) PB=0.99(15.54%)
2026-09-11 20:56:58  [ 45] 002415 海康威视  完成  日J=21.98 周J=15.22 月J=63.09 MA20=34.569 MA60=34.553 多头=1 价=33.25 涨=-0.78%  PE=18.54(5.73%) PB=3.61(16.34%)
2026-09-11 20:56:58  [ 46] 601211 国泰海通  完成  日J=13.74 周J=-6.0 月J=41.89 MA20=17.688 MA60=18.198 多头=0 价=17.32 涨=-2.37%  PE=9.42(2.89%) PB=0.92(22.55%)
2026-09-11 20:56:59  [ 49] 300394 天孚通信  完成  日J=74.95 周J=86.15 月J=44.12 MA20=263.621 MA60=250.884 多头=1 价=261.96 涨=-2.62%  PE=123.05(95.36%) PB=45.73(96.78%)
2026-09-11 20:56:59  [ 48] 300059 东方财富  完成  日J=-2.08 周J=-5.15 月J=15.45 MA20=19.069 MA60=19.809 多头=0 价=18.31 涨=-3.48%  PE=19.87(0.33%) PB=2.94(7.39%)
2026-09-11 20:56:59  [ 47] 600150 中国船舶  完成  日J=92.4 周J=97.41 月J=61.22 MA20=35.489 MA60=34.788 多头=1 价=39.75 涨=-2.62%  PE=21.33(25.72%) PB=1.96(45.29%)
2026-09-11 20:56:59  [ 50] 600276 恒瑞医药  完成  日J=10.26 周J=-11.8 月J=-1.52 MA20=47.109 MA60=51.521 多头=0 价=42.67 涨=-0.61%  PE=36.65(0.76%) PB=4.39(0.05%)
2026-09-11 20:56:59  [ 51] 000858 五 粮 液  完成  日J=2.67 周J=10.85 月J=5.09 MA20=71.445 MA60=72.748 多头=0 价=69.75 涨=-1.04%  PE=20.69(22.12%) PB=2.29(0.28%)
2026-09-11 20:57:00  [ 52] 002916 深南电路  完成  日J=110.76 周J=56.01 月J=58.29 MA20=362.351 MA60=375.793 多头=0 价=396.68 涨=1.11%  PE=64.84(95.31%) PB=14.99(95.78%)
2026-09-11 20:57:01  [ 55] 688808 联讯仪器  完成  日J=30.51 周J=91.46 月J=75.99 MA20=2386.34 MA60=2188.98 多头=1 价=2459.87 涨=0.98%  PE=369.09(8.25%) PB=74.55(50.52%)
2026-09-11 20:57:01  [ 53] 603986 兆易创新  完成  日J=19.21 周J=3.09 月J=12.5 MA20=396.144 MA60=488.177 多头=0 价=371.32 涨=-2.45%  PE=32.97(10.52%) PB=7.01(40.64%)
2026-09-11 20:57:01  [ 56] 300408 三环集团  完成  日J=96.24 周J=59.8 月J=51.79 MA20=114.096 MA60=123.049 多头=0 价=124.36 涨=5.66%  PE=74.94(97.16%) PB=10.97(98.25%)
2026-09-11 20:57:02  [ 54] 601225 陕西煤业  完成  日J=27.04 周J=78.88 月J=86.41 MA20=26.202 MA60=24.484 多头=1 价=26.05 涨=-0.15%  PE=12.38(88.96%) PB=2.5(89.2%)
2026-09-11 20:57:02  [ 59] 688820 盛合晶微  完成  日J=46.72 周J=9.3 月J=19.79 MA20=130.604 MA60=151.327 多头=0 价=131.66 涨=4.18%  PE=262.31(41.0%) PB=12.71(29.0%)
2026-09-11 20:57:02  [ 57] 601919 中远海控  完成  日J=26.32 周J=65.55 月J=81.07 MA20=16.613 MA60=15.27 多头=1 价=16.19 涨=-1.16%  PE=9.24(57.46%) PB=1.06(40.88%)
2026-09-11 20:57:03  [ 60] 002714 牧原股份  完成  日J=6.08 周J=87.52 月J=53.82 MA20=41.288 MA60=39.1 多头=1 价=42.18 涨=-0.09%  PE=-217.26(13.31%) PB=3.08(11.7%)
2026-09-11 20:57:04  [ 62] 601816 京沪高铁  完成  日J=21.61 周J=52.69 月J=75.52 MA20=4.879 MA60=4.8 多头=1 价=4.81 涨=-0.41%  PE=17.27(1.18%) PB=1.12(1.49%)
2026-09-11 20:57:04  [ 61] 002379 宏桥控股  完成  日J=33.92 周J=54.48 月J=6.85 MA20=18.643 MA60=18.001 多头=1 价=18.16 涨=-3.92%  PE=9.59(61.72%) PB=4.09(79.39%)
2026-09-11 20:57:04  [ 64] 688008 澜起科技  完成  日J=37.26 周J=3.93 月J=27.8 MA20=200.684 MA60=225.238 多头=0 价=191.96 涨=-1.73%  PE=76.22(43.34%) PB=10.89(68.07%)
2026-09-11 20:57:05  [ 65] 600309 XD万华化  完成  日J=32.94 周J=86.15 月J=21.42 MA20=74.873 MA60=72.721 多头=1 价=74.5 涨=-2.41%  PE=14.16(31.6%) PB=2.05(9.05%)
2026-09-11 20:57:05  [ 63] 002142 宁波银行  完成  日J=83.81 周J=102.26 月J=97.46 MA20=34.071 MA60=32.062 多头=1 价=35.5 涨=-1.03%  PE=7.53(38.04%) PB=0.97(33.21%)
2026-09-11 20:57:06  [ 41] 601319 中国人保  完成  日J=54.81 周J=79.18 月J=32.29 MA20=7.446 MA60=7.215 多头=1 价=7.83 涨=-1.39%  PE=6.09(0.16%) PB=1.02(29.33%)
2026-09-11 20:57:06  [ 67] 000001 平安银行  完成  日J=15.79 周J=91.76 月J=103.74 MA20=11.622 MA60=11.114 多头=1 价=11.74 涨=-0.93%  PE=5.24(36.05%) PB=0.49(13.17%)
2026-09-11 20:57:06  [ 66] 600919 江苏银行  完成  日J=90.38 周J=99.75 月J=108.63 MA20=12.136 MA60=11.606 多头=1 价=12.57 涨=-0.4%  PE=6.38(88.92%) PB=0.85(93.23%)
2026-09-11 20:57:07  [ 68] 000338 潍柴动力  完成  日J=37.98 周J=38.21 月J=45.8 MA20=27.571 MA60=27.747 多头=0 价=26.33 涨=-1.86%  PE=17.52(79.82%) PB=2.37(76.84%)
2026-09-11 20:57:07  [ 69] 300476 胜宏科技  完成  日J=54.0 周J=44.25 月J=6.48 MA20=242.014 MA60=261.194 多头=0 价=228.99 涨=-0.42%  PE=44.78(79.54%) PB=5.94(81.48%)
2026-09-11 20:57:07  [ 71] 000651 格力电器  完成  日J=58.43 周J=64.71 月J=90.74 MA20=38.915 MA60=37.956 多头=1 价=38.74 涨=-0.54%  PE=7.79(29.42%) PB=1.46(3.74%)
2026-09-11 20:57:08  [ 70] 003816 中国广核  完成  日J=21.25 周J=99.58 月J=47.22 MA20=4.149 MA60=4.014 多头=1 价=4.33 涨=0.46%  PE=22.03(90.94%) PB=1.77(81.75%)
2026-09-11 20:57:08  [ 72] 002938 鹏鼎控股  完成  日J=83.03 周J=40.72 月J=56.62 MA20=89.501 MA60=93.845 多头=0 价=92.65 涨=0.87%  PE=56.68(97.06%) PB=6.24(95.3%)
2026-09-11 20:57:08  [ 58] 002463 沪电股份  完成  日J=97.94 周J=58.76 月J=60.28 MA20=120.681 MA60=124.235 多头=0 价=128.25 涨=0.26%  PE=48.75(94.65%) PB=13.72(98.29%)
2026-09-11 20:57:09  [ 74] 688498 源杰科技  完成  日J=93.49 周J=71.25 月J=72.74 MA20=1584.348 MA60=1556.808 多头=1 价=1701.0 涨=-1.05%  PE=281.72(52.21%) PB=67.41(96.9%)
2026-09-11 20:57:09  [ 76] 603288 海天味业  完成  日J=63.78 周J=7.5 月J=27.69 MA20=34.68 MA60=35.237 多头=0 价=34.18 涨=0.83%  PE=27.33(0.99%) PB=5.12(2.98%)
2026-09-11 20:57:09  [ 73] 600188 兖矿能源  完成  日J=25.28 周J=80.0 月J=58.44 MA20=21.942 MA60=20.294 多头=1 价=21.38 涨=-1.7%  PE=20.07(94.41%) PB=2.79(83.18%)
2026-09-11 20:57:10  [ 79] 688802 沐曦股份-U  完成  日J=3.05 周J=-7.61 月J=20.05 MA20=649.962 MA60=740.89 多头=0 价=489.0 涨=-0.97%  PE=21991.6(95.0%) PB=14.11(0.56%)
2026-09-11 20:57:10  [ 77] 000725 京东方Ａ  完成  日J=0.13 周J=-2.72 月J=27.22 MA20=5.807 MA60=6.379 多头=0 价=5.33 涨=-2.38%  PE=25.13(43.53%) PB=1.48(60.35%)
2026-09-11 20:57:10  [ 75] 603268 松发股份  完成  日J=84.89 周J=100.6 月J=96.85 MA20=188.301 MA60=167.163 多头=1 价=197.5 涨=-1.05%  PE=35.82(47.89%) PB=15.41(82.52%)
2026-09-11 20:57:10  [ 80] 600690 海尔智家  完成  日J=0.75 周J=64.09 月J=32.82 MA20=21.203 MA60=20.65 多头=1 价=21.01 涨=-0.76%  PE=10.96(5.97%) PB=1.63(3.41%)
2026-09-11 20:57:10  [ 82] 688836 宇树科技-W  完成  日J=2.23 周J=None 月J=None MA20=None MA60=None 多头=None 价=477.12 涨=-4.3%  PE=330.31(5.56%) PB=67.01(5.56%)
2026-09-11 20:57:11  [ 78] 300760 迈瑞医疗  完成  日J=3.57 周J=95.67 月J=48.51 MA20=161.151 MA60=150.687 多头=1 价=162.73 涨=-1.79%  PE=25.08(13.79%) PB=4.86(4.58%)
2026-09-11 20:57:11  [ 81] 601898 中煤能源  完成  日J=15.53 周J=83.73 月J=31.23 MA20=14.773 MA60=13.726 多头=1 价=14.73 涨=-1.34%  PE=10.65(53.91%) PB=1.18(92.47%)
2026-09-11 20:57:12  [ 84] 601066 中信建投  完成  日J=-3.48 周J=-2.86 月J=38.23 MA20=24.966 MA60=26.297 多头=0 价=23.76 涨=-2.66%  PE=14.66(0.55%) PB=2.1(12.55%)
2026-09-11 20:57:13  [ 86] 600031 三一重工  完成  日J=27.58 周J=68.26 月J=40.24 MA20=19.435 MA60=19.108 多头=1 价=19.78 涨=-1.15%  PE=20.47(44.58%) PB=1.98(15.87%)
2026-09-11 20:57:13  [ 90] 600406 国电南瑞  完成  日J=17.73 周J=26.02 月J=1.79 MA20=22.943 MA60=23.159 多头=0 价=22.29 涨=-0.89%  PE=21.31(9.76%) PB=3.44(24.54%)
2026-09-11 20:57:13  [ 85] 600025 华能水电  完成  日J=56.35 周J=38.56 月J=67.26 MA20=9.693 MA60=9.643 多头=1 价=9.83 涨=1.13%  PE=22.14(79.87%) PB=2.62(74.47%)
2026-09-11 20:57:13  [ 87] 601336 新华保险  完成  日J=-10.73 周J=23.42 月J=6.95 MA20=59.81 MA60=60.474 多头=0 价=58.3 涨=-2.38%  PE=4.11(0.05%) PB=1.47(40.83%)
2026-09-11 20:57:14  [ 89] 601668 中国建筑  完成  日J=55.32 周J=17.73 月J=39.52 MA20=4.392 MA60=4.425 多头=0 价=4.35 涨=-0.91%  PE=5.68(77.74%) PB=0.36(0.24%)
2026-09-11 20:57:14  [ 88] 688072 拓荆科技  完成  日J=21.29 周J=1.29 月J=44.69 MA20=664.414 MA60=693.745 多头=0 价=620.88 涨=-1.6%  PE=83.4(33.49%) PB=14.27(79.05%)
2026-09-11 20:57:15  [ 91] 600176 中国巨石  完成  日J=72.63 周J=34.7 月J=33.58 MA20=42.401 MA60=47.833 多头=0 价=44.66 涨=2.76%  PE=39.45(94.88%) PB=5.39(98.67%)
2026-09-11 20:57:15  [ 83] 601985 中国核电  完成  日J=74.04 周J=80.97 月J=85.0 MA20=8.904 MA60=8.86 多头=1 价=9.05 涨=-0.33%  PE=25.57(99.67%) PB=1.57(39.84%)
2026-09-11 20:57:15  [ 92] 601818 光大银行  完成  日J=64.35 周J=35.92 月J=43.5 MA20=3.031 MA60=3.029 多头=1 价=3.02 涨=-0.98%  PE=5.42(61.68%) PB=0.35(0.81%)
2026-09-11 20:57:16  [ 93] 601766 中国中车  完成  日J=13.99 周J=97.17 月J=62.81 MA20=6.155 MA60=5.786 多头=1 价=6.13 涨=0.49%  PE=12.63(5.31%) PB=1.0(13.31%)
2026-09-11 20:57:16  [ 95] 300433 蓝思科技  完成  日J=-6.1 周J=15.52 月J=23.45 MA20=36.816 MA60=39.849 多头=0 价=33.27 涨=-1.6%  PE=50.88(80.67%) PB=3.33(75.65%)
2026-09-11 20:57:16  [ 96] 300274 阳光电源  完成  日J=11.83 周J=-0.12 月J=-17.41 MA20=98.96 MA60=113.746 多头=0 价=84.4 涨=-1.78%  PE=15.93(24.25%) PB=3.49(30.36%)
2026-09-11 20:57:16  [ 94] 600989 宝丰能源  完成  日J=35.43 周J=92.68 月J=20.3 MA20=23.725 MA60=22.418 多头=1 价=23.97 涨=-2.96%  PE=11.44(0.62%) PB=3.18(59.85%)
2026-09-11 20:57:17  [ 98] 688801 N燧原-U  完成  日J=None 周J=None 月J=None MA20=None MA60=None 多头=None  PE=-144.09(100.0%) PB=64.62(100.0%)
2026-09-11 20:57:17  [101] 688795 摩尔线程-U  完成  日J=-2.2 周J=-5.53 月J=3.19 MA20=502.105 MA60=589.017 多头=0 价=357.85 涨=-1.7%  PE=-226.87(75.53%) PB=13.81(0.53%)
2026-09-11 20:57:17  [ 97] 601688 华泰证券  完成  日J=13.42 周J=28.81 月J=15.13 MA20=19.094 MA60=19.621 多头=0 价=18.93 涨=-3.02%  PE=8.33(0.05%) PB=0.96(30.98%)
2026-09-11 20:57:18  [104] 301666 大普微-UW  完成  日J=-3.41 周J=4.09 月J=10.85 MA20=423.811 MA60=493.391 多头=0 价=373.1 涨=-4.12%  PE=134.83(9.71%) PB=44.63(0.97%)
2026-09-11 20:57:18  [100] 600887 伊利股份  完成  日J=30.82 周J=74.87 月J=70.27 MA20=26.173 MA60=25.895 多头=1 价=26.66 涨=0.45%  PE=16.66(19.94%) PB=3.14(16.06%)
2026-09-11 20:57:18  [ 99] 302132 中航成飞  完成  日J=62.4 周J=97.39 月J=24.51 MA20=60.397 MA60=58.121 多头=1 价=63.42 涨=-1.45%  PE=52.49(73.61%) PB=8.11(63.19%)
2026-09-11 20:57:19  [102] 300604 长川科技  完成  日J=20.93 周J=12.62 月J=51.13 MA20=274.581 MA60=289.166 多头=0 价=257.7 涨=-4.02%  PE=89.06(36.57%) PB=29.55(97.16%)
2026-09-11 20:57:19  [103] 002352 顺丰控股  完成  日J=-2.7 周J=5.08 月J=16.13 MA20=32.388 MA60=32.834 多头=0 价=31.12 涨=-0.92%  PE=15.06(0.95%) PB=1.59(0.05%)
2026-09-11 20:57:19  [105] 301377 鼎泰高科  完成  日J=42.67 周J=27.84 月J=39.04 MA20=406.368 MA60=444.512 多头=0 价=390.3 涨=-0.26%  PE=173.66(84.65%) PB=52.99(93.51%)
2026-09-11 20:57:20  [106] 600487 亨通光电  完成  日J=41.13 周J=58.24 月J=27.72 MA20=64.773 MA60=70.338 多头=0 价=65.24 涨=2.08%  PE=38.43(94.22%) PB=4.77(94.88%)
2026-09-11 20:57:20  [110] 600362 江西铜业  完成  日J=38.73 周J=76.98 月J=14.39 MA20=47.048 MA60=44.7 多头=1 价=45.78 涨=-7.78%  PE=13.68(39.74%) PB=1.81(93.75%)
2026-09-11 20:57:20  [109] 601600 中国铝业  完成  日J=34.18 周J=84.29 月J=7.57 MA20=9.609 MA60=9.145 多头=1 价=9.44 涨=-4.84%  PE=9.27(3.46%) PB=1.92(73.14%)
2026-09-11 20:57:20  [108] 000776 广发证券  完成  日J=4.85 周J=30.7 月J=50.24 MA20=21.3 MA60=21.588 多头=0 价=20.9 涨=-3.78%  PE=8.66(0.05%) PB=1.18(53.39%)
2026-09-11 20:57:25  [107] 600547 山东黄金  完成  日J=16.61 周J=94.52 月J=22.12 MA20=35.435 MA60=29.267 多头=1 价=34.67 涨=-2.58%  PE=29.2(10.52%) PB=4.82(71.39%)
2026-09-11 20:57:25  全部完成，结果已写入 /home/runner/work/daily-stock-metrics/daily-stock-metrics/output/2026-09-11/metrics_2026-09-11.csv
2026-09-11 20:57:25  步骤2完成 -> /home/runner/work/daily-stock-metrics/daily-stock-metrics/output/2026-09-11/metrics_2026-09-11.csv
2026-09-11 20:57:25  步骤2.5: 获取全市场大盘温度（活跃市值指标）…
2026-09-11 20:58:30  步骤2.5完成
2026-09-11 20:58:30  步骤2.6: 本地聚合 → 行业板块温度 / 大盘宽度仪表盘 / 机会榜
2026-09-11 20:58:30    - 板块温度: 12 个行业
2026-09-11 20:58:30    - 机会榜: 超跌 30 / 超买 13
2026-09-11 20:58:30  步骤2.6完成
2026-09-11 20:58:30  步骤3: 生成 HTML 总结报告…
2026-09-11 20:58:31  步骤3完成 -> /home/runner/work/daily-stock-metrics/daily-stock-metrics/output/2026-09-11/report_2026-09-11.html
2026-09-11 20:58:31  步骤4: 生成个股股价走势图（含每日信号）…
2026-09-11 20:58:31  步骤4完成 -> /home/runner/work/daily-stock-metrics/daily-stock-metrics/output/stock_charts.html
2026-09-11 20:58:31  步骤4.5: 生成昨日推荐回顾…
2026-09-11 20:58:31  步骤4.5完成 -> 已追加昨日推荐回顾
2026-09-11 20:58:31  步骤5: 发送邮件报告…
2026-09-11 20:58:35  步骤5完成: 邮件已发送
2026-09-11 20:58:35  ===== 全部完成 2026-09-11 =====
2026-09-11 21:23:24  今日(2026-09-11)已完成，跳过。结果目录: /home/runner/work/daily-stock-metrics/daily-stock-metrics/output/2026-09-11
2026-09-11 21:45:19  今日(2026-09-11)已完成，跳过。结果目录: /home/runner/work/daily-stock-metrics/daily-stock-metrics/output/2026-09-11
2026-09-11 22:49:52  今日(2026-09-11)已完成，跳过。结果目录: /home/runner/work/daily-stock-metrics/daily-stock-metrics/output/2026-09-11
