2026-07-20 20:56:35  ===== 开始每日指标任务 2026-07-20 =====
2026-07-20 20:56:35  步骤1: 获取 A股市值前100…
2026-07-20 20:56:36  步骤1完成 -> C:\Users\hailo\Desktop\每周自动指标\output\2026-07-20\top100_2026-07-20.csv
2026-07-20 20:56:36  步骤2: 计算 KDJ-J(日/周/月) 及 PE/PB 历史分位…
2026-07-20 20:56:38  [  1] 601398 工商银行  完成  日J=105.03 周J=90.88 月J=55.32 PE=7.43(91.6%) PB=0.7(59.31%)
2026-07-20 20:56:39  [  2] 601939 建设银行  完成  日J=102.33 周J=84.19 月J=91.5 PE=7.99(97.25%) PB=0.77(71.43%)
2026-07-20 20:56:41  [  3] 601288 农业银行  完成  日J=108.33 周J=75.41 月J=5.03 PE=7.86(90.88%) PB=0.82(80.12%)
2026-07-20 20:56:42  [  4] 600941 中国移动  完成  日J=98.67 周J=70.19 月J=34.74 PE=15.3(39.89%) PB=1.46(30.42%)
2026-07-20 20:56:43  [  5] 601857 中国石油  完成  日J=103.07 周J=95.25 月J=27.81 PE=12.74(56.03%) PB=1.24(91.02%)
2026-07-20 20:56:45  [  6] 601988 中国银行  完成  日J=101.67 周J=80.16 月J=85.57 PE=7.99(99.08%) PB=0.72(85.96%)
2026-07-20 20:56:46  [  7] 300750 宁德时代  完成  日J=88.38 周J=18.49 月J=34.91 PE=22.05(17.54%) PB=4.87(32.84%)
2026-07-20 20:56:48  [  8] 600519 贵州茅台  完成  日J=102.62 周J=100.35 月J=32.47 PE=20.06(6.9%) PB=6.13(2.17%)
2026-07-20 20:56:49  [  9] 600938 中国海油  完成  日J=92.26 周J=50.83 月J=14.53 PE=12.15(90.09%) PB=1.81(74.25%)
2026-07-20 20:56:51  [ 10] 688981 中芯国际  完成  日J=1.07 周J=41.33 月J=77.59 PE=244.32(96.16%) PB=8.23(95.33%)
2026-07-20 20:56:52  [ 11] 601628 中国人寿  完成  日J=82.57 周J=110.38 月J=20.49 PE=7.93(7.29%) PB=1.92(33.2%)
2026-07-20 20:56:53  [ 12] 601138 工业富联  完成  日J=2.18 周J=-13.48 月J=34.16 PE=27.58(88.21%) PB=6.36(89.48%)
2026-07-20 20:56:55  [ 13] 300308 中际旭创  完成  日J=17.42 周J=-9.11 月J=66.87 PE=74.9(80.6%) PB=31.46(97.78%)
2026-07-20 20:56:57  [ 14] 601088 中国神华  完成  日J=99.89 周J=64.26 月J=47.8 PE=19.41(99.18%) PB=2.08(96.57%)
2026-07-20 20:56:58  [ 15] 600036 招商银行  完成  日J=100.71 周J=111.44 月J=37.44 PE=6.51(24.18%) PB=0.87(8.74%)
2026-07-20 20:57:00  [ 16] 601318 中国平安  完成  日J=97.65 周J=67.85 月J=-0.96 PE=7.26(5.65%) PB=0.95(18.73%)
2026-07-20 20:57:01  [ 17] 002594 比亚迪  完成  日J=84.09 周J=87.73 月J=38.23 PE=31.08(30.55%) PB=3.69(31.81%)
2026-07-20 20:57:03  [ 18] 601899 紫金矿业  完成  日J=89.41 周J=62.84 月J=-0.24 PE=12.65(6.66%) PB=3.96(73.12%)
2026-07-20 20:57:04  [ 19] 688256 寒武纪  完成  日J=1.11 周J=-5.59 月J=73.06 PE=279.58(83.23%) PB=59.02(94.16%)
2026-07-20 20:57:11  [ 20] 688041 海光信息  完成  日J=5.84 周J=41.63 月J=74.8 PE=272.94(96.53%) PB=31.67(97.06%)
2026-07-20 20:57:12  [ 21] 300502 新易盛  完成  日J=44.59 周J=32.98 月J=83.58 PE=66.21(70.8%) PB=34.89(98.55%)
2026-07-20 20:57:13  [ 22] 600900 长江电力  完成  日J=97.89 周J=107.1 月J=94.29 PE=19.65(56.47%) PB=3.11(80.65%)
2026-07-20 20:57:15  [ 23] 000333 美的集团  完成  日J=94.4 周J=102.23 月J=89.0 PE=14.54(51.83%) PB=2.77(40.25%)
2026-07-20 20:57:16  [ 24] 600028 中国石化  完成  日J=100.82 周J=117.62 月J=-1.17 PE=17.82(86.25%) PB=0.76(36.73%)
2026-07-20 20:57:20  [ 25] 601658 邮储银行  完成  日J=99.81 周J=110.77 月J=29.85 PE=7.08(73.2%) PB=0.6(17.61%)
2026-07-20 20:57:22  [ 26] 601328 交通银行  完成  日J=101.52 周J=101.34 月J=44.91 PE=6.44(87.89%) PB=0.53(50.48%)
2026-07-20 20:57:23  [ 27] 688347 华虹宏力  完成  日J=8.75 周J=64.17 月J=84.83 PE=1167.43(85.29%) PB=12.73(99.02%)
2026-07-20 20:57:25  [ 28] 601728 中国电信  完成  日J=104.99 周J=77.74 月J=36.81 PE=18.03(60.94%) PB=1.22(59.43%)
2026-07-20 20:57:26  [ 29] 688825 长鑫科技  完成  日J=None 周J=None 月J=None PE=None(None%) PB=None(None%)
2026-07-20 20:57:27  [ 30] 002371 北方华创  完成  日J=-2.11 周J=17.17 月J=64.35 PE=88.1(43.97%) PB=12.5(81.27%)
2026-07-20 20:57:29  [ 31] 002475 立讯精密  完成  日J=17.75 周J=-9.43 月J=46.06 PE=25.49(32.96%) PB=4.97(39.14%)
2026-07-20 20:57:30  [ 32] 601998 中信银行  完成  日J=86.12 周J=70.29 月J=29.49 PE=5.9(64.72%) PB=0.57(55.65%)
2026-07-20 20:57:32  [ 33] 600030 中信证券  完成  日J=45.43 周J=68.13 月J=78.98 PE=12.44(6.18%) PB=1.44(42.04%)
2026-07-20 20:57:33  [ 34] 688235 百济神州  完成  日J=20.9 周J=73.74 月J=37.97 PE=126.36(94.78%) PB=12.1(76.62%)
2026-07-20 20:57:35  [ 35] 002384 东山精密  完成  日J=11.08 周J=25.98 月J=78.99 PE=195.48(97.59%) PB=17.62(98.17%)
2026-07-20 20:57:36  [ 36] 601166 兴业银行  完成  日J=95.6 周J=80.33 月J=27.63 PE=5.01(36.44%) PB=0.47(7.67%)
2026-07-20 20:57:38  [ 37] 603993 洛阳钼业  完成  日J=74.98 周J=23.36 月J=7.67 PE=15.94(19.16%) PB=4.33(89.09%)
2026-07-20 20:57:39  [ 38] 603259 药明康德  完成  日J=36.57 周J=81.62 月J=82.5 PE=18.41(17.78%) PB=4.4(32.35%)
2026-07-20 20:57:41  [ 39] 600276 恒瑞医药  完成  日J=31.53 周J=91.9 月J=33.01 PE=45.43(6.47%) PB=5.8(4.87%)
2026-07-20 20:57:42  [ 40] 601211 国泰海通  完成  日J=69.5 周J=80.93 月J=47.03 PE=15.28(65.73%) PB=1.03(38.32%)
2026-07-20 20:57:44  [ 41] 601319 中国人保  完成  日J=90.22 周J=109.36 月J=4.36 PE=7.83(13.28%) PB=1.04(32.37%)
2026-07-20 20:57:45  [ 42] 688802 沐曦股份-U  完成  日J=9.79 周J=43.94 月J=87.07 PE=-500.91(7.8%) PB=25.08(85.82%)
2026-07-20 20:57:47  [ 43] 688012 中微公司  完成  日J=-6.86 周J=31.03 月J=68.95 PE=120.22(66.92%) PB=13.5(75.94%)
2026-07-20 20:57:48  [ 44] 300059 东方财富  完成  日J=53.54 周J=69.89 月J=26.7 PE=24.36(7.14%) PB=3.34(13.8%)
2026-07-20 20:57:50  [ 45] 601869 长飞光纤  完成  日J=22.91 周J=-7.55 月J=68.44 PE=273.3(95.15%) PB=22.22(97.52%)
2026-07-20 20:57:51  [ 46] 002415 海康威视  完成  日J=33.12 周J=74.36 月J=76.91 PE=21.03(20.42%) PB=3.65(17.86%)
2026-07-20 20:57:52  [ 47] 600000 浦发银行  完成  日J=98.02 周J=89.34 月J=9.16 PE=6.05(70.22%) PB=0.4(27.51%)
2026-07-20 20:57:54  [ 48] 601601 中国太保  完成  日J=100.98 周J=75.68 月J=-1.22 PE=5.64(1.3%) PB=0.95(10.33%)
2026-07-20 20:57:55  [ 49] 603986 兆易创新  完成  日J=-2.47 周J=-7.03 月J=54.05 PE=105.53(55.94%) PB=12.0(78.52%)
2026-07-20 20:57:57  [ 50] 600183 生益科技  完成  日J=9.3 周J=11.7 月J=62.53 PE=76.26(98.17%) PB=16.71(98.17%)
2026-07-20 20:57:58  [ 51] 000858 五 粮 液  完成  日J=108.59 周J=51.85 月J=10.3 PE=23.49(34.85%) PB=2.31(0.97%)
2026-07-20 20:57:59  [ 52] 688795 摩尔线程-U  完成  日J=0.38 周J=6.96 月J=38.75 PE=-329.97(37.58%) PB=24.6(32.21%)
2026-07-20 20:58:01  [ 53] 600150 XD中国船  完成  日J=0.28 周J=6.48 月J=25.12 PE=21.97(25.92%) PB=1.66(18.63%)
2026-07-20 20:58:02  [ 54] 002379 宏桥控股  完成  日J=106.05 周J=60.05 月J=-0.93 PE=12.43(72.83%) PB=4.69(83.4%)
2026-07-20 20:58:03  [ 55] 688820 盛合晶微  完成  日J=-10.03 周J=-9.29 月J=None PE=246.42(19.67%) PB=16.79(19.67%)
2026-07-20 20:58:05  [ 56] 601225 陕西煤业  完成  日J=87.53 周J=67.08 月J=54.43 PE=14.99(98.36%) PB=2.37(84.27%)
2026-07-20 20:58:06  [ 57] 601816 京沪高铁  完成  日J=96.13 周J=76.82 月J=47.65 PE=18.1(2.41%) PB=1.15(3.24%)
2026-07-20 20:58:08  [ 58] 002714 牧原股份  完成  日J=81.36 周J=104.38 月J=24.03 PE=23.97(70.51%) PB=2.72(2.27%)
2026-07-20 20:58:09  [ 59] 300394 天孚通信  完成  日J=7.66 周J=-9.17 月J=50.05 PE=107.25(94.74%) PB=38.95(95.03%)
2026-07-20 20:58:11  [ 60] 688008 澜起科技  完成  日J=-1.65 周J=-10.89 月J=54.6 PE=90.64(65.04%) PB=11.12(71.99%)
2026-07-20 20:58:12  [ 61] 601919 中远海控  完成  日J=94.63 周J=108.1 月J=26.2 PE=9.1(57.67%) PB=0.97(26.74%)
2026-07-20 20:58:14  [ 62] 000651 格力电器  完成  日J=96.57 周J=99.01 月J=83.06 PE=7.79(29.25%) PB=1.5(5.45%)
2026-07-20 20:58:15  [ 63] 600309 万华化学  完成  日J=84.65 周J=43.77 月J=21.54 PE=17.12(60.14%) PB=2.02(7.82%)
2026-07-20 20:58:16  [ 64] 002463 沪电股份  完成  日J=12.17 周J=0.27 月J=70.42 PE=51.45(96.86%) PB=13.18(98.12%)
2026-07-20 20:58:18  [ 65] 002916 深南电路  完成  日J=-2.85 周J=-5.26 月J=62.33 PE=60.79(93.15%) PB=12.21(89.53%)
2026-07-20 20:58:19  [ 66] 300476 胜宏科技  完成  日J=10.22 周J=-14.34 月J=17.58 PE=47.06(82.53%) PB=12.66(88.51%)
2026-07-20 20:58:21  [ 67] 603288 海天味业  完成  日J=106.91 周J=109.63 月J=44.76 PE=29.74(2.22%) PB=5.15(3.19%)
2026-07-20 20:58:23  [ 68] 000725 京东方Ａ  完成  日J=-2.97 周J=17.77 月J=56.14 PE=36.05(57.14%) PB=1.58(71.04%)
2026-07-20 20:58:24  [ 69] 002142 宁波银行  完成  日J=95.51 周J=95.19 月J=75.92 PE=7.11(32.72%) PB=0.92(28.96%)
2026-07-20 20:58:25  [ 70] 000001 平安银行  完成  日J=95.12 周J=74.58 月J=41.27 PE=4.95(25.1%) PB=0.46(3.72%)
2026-07-20 20:58:27  [ 71] 600919 江苏银行  完成  日J=81.37 周J=67.96 月J=87.45 PE=5.98(79.54%) PB=0.8(86.34%)
2026-07-20 20:58:28  [ 72] 300274 阳光电源  完成  日J=6.77 周J=-12.68 月J=7.65 PE=17.69(30.74%) PB=4.34(40.4%)
2026-07-20 20:58:30  [ 73] 002938 鹏鼎控股  完成  日J=29.92 周J=2.97 月J=68.19 PE=56.74(97.79%) PB=6.08(94.25%)
2026-07-20 20:58:31  [ 74] 000338 潍柴动力  完成  日J=-1.25 周J=-11.67 月J=52.06 PE=18.56(85.09%) PB=2.2(68.44%)
2026-07-20 20:58:33  [ 75] 600188 兖矿能源  完成  日J=95.4 周J=16.92 月J=48.45 PE=21.84(97.64%) PB=2.73(81.47%)
2026-07-20 20:58:34  [ 76] 601066 中信建投  完成  日J=28.04 周J=46.04 月J=65.75 PE=18.36(10.35%) PB=2.4(24.73%)
2026-07-20 20:58:36  [ 77] 003816 中国广核  完成  日J=107.15 周J=26.86 月J=29.98 PE=21.67(89.83%) PB=1.63(67.92%)
2026-07-20 20:58:37  [ 78] 601336 新华保险  完成  日J=59.79 周J=95.29 月J=6.98 PE=5.48(4.39%) PB=1.64(52.51%)
2026-07-20 20:58:38  [ 79] 301666 大普微-UW  完成  日J=7.36 周J=-16.3 月J=None PE=15524.62(21.88%) PB=251.27(21.88%)
2026-07-20 20:58:40  [ 80] 600690 海尔智家  完成  日J=101.22 周J=106.4 月J=9.25 PE=10.75(4.39%) PB=1.61(3.38%)
2026-07-20 20:58:42  [ 81] 601668 中国建筑  完成  日J=98.64 周J=107.01 月J=33.44 PE=5.06(59.8%) PB=0.39(0.97%)
2026-07-20 20:58:43  [ 82] 600406 国电南瑞  完成  日J=88.95 周J=40.74 月J=12.41 PE=22.74(20.37%) PB=3.54(29.15%)
2026-07-20 20:58:44  [ 83] 600025 华能水电  完成  日J=94.13 周J=108.29 月J=64.27 PE=22.12(79.44%) PB=2.66(76.4%)
2026-07-20 20:58:46  [ 84] 601818 光大银行  完成  日J=94.96 周J=93.24 月J=25.76 PE=4.97(45.27%) PB=0.37(2.94%)
2026-07-20 20:58:47  [ 85] 300760 迈瑞医疗  完成  日J=101.81 周J=96.69 月J=19.34 PE=23.9(7.12%) PB=4.67(2.18%)
2026-07-20 20:58:49  [ 86] 601985 中国核电  完成  日J=99.94 周J=62.48 月J=82.63 PE=22.66(88.56%) PB=1.55(36.05%)
2026-07-20 20:58:50  [ 87] 688072 拓荆科技  完成  日J=-17.37 周J=39.08 月J=65.94 PE=112.62(65.44%) PB=25.55(97.18%)
2026-07-20 20:58:51  [ 88] 001399 惠科股份  完成  日J=5.31 周J=-1.88 月J=None PE=48.86(11.76%) PB=7.0(11.76%)
2026-07-20 20:58:53  [ 89] 601688 华泰证券  完成  日J=58.8 周J=60.92 月J=20.46 PE=10.53(28.47%) PB=1.04(42.86%)
2026-07-20 20:58:54  [ 90] 600930 华电新能  完成  日J=28.91 周J=3.96 月J=5.17 PE=28.6(12.65%) PB=1.66(1.22%)
2026-07-20 20:58:56  [ 91] 601898 中煤能源  完成  日J=64.7 周J=22.75 月J=12.07 PE=10.3(49.57%) PB=1.11(85.42%)
2026-07-20 20:58:57  [ 92] 300408 三环集团  完成  日J=2.23 周J=-11.66 月J=56.79 PE=62.9(97.59%) PB=8.08(97.83%)
2026-07-20 20:58:59  [ 93] 300433 蓝思科技  完成  日J=0.6 周J=-8.88 月J=45.57 PE=52.52(82.53%) PB=3.31(76.16%)
2026-07-20 20:59:00  [ 94] 600031 三一重工  完成  日J=78.7 周J=91.85 月J=11.22 PE=21.36(47.15%) PB=1.99(15.93%)
2026-07-20 20:59:02  [ 95] 002352 顺丰控股  完成  日J=98.32 周J=67.56 月J=26.25 PE=15.68(1.74%) PB=1.78(1.74%)
2026-07-20 20:59:03  [ 96] 000776 广发证券  完成  日J=71.18 周J=58.26 月J=62.68 PE=11.36(7.53%) PB=1.29(76.59%)
2026-07-20 20:59:04  [ 97] 688808 联讯仪器  完成  日J=6.57 周J=1.14 月J=None PE=641.04(34.48%) PB=170.7(34.48%)
2026-07-20 20:59:06  [ 98] 688498 源杰科技  完成  日J=24.98 周J=40.1 月J=75.07 PE=490.74(66.82%) PB=69.21(96.76%)
2026-07-20 20:59:07  [ 99] 601995 中金公司  完成  日J=24.46 周J=65.2 月J=61.82 PE=15.34(3.03%) PB=1.69(15.8%)
2026-07-20 20:59:09  [100] 601766 中国中车  完成  日J=100.39 周J=101.28 月J=15.12 PE=12.81(6.23%) PB=0.99(10.91%)
2026-07-20 20:59:09  全部完成，结果已写入 C:\Users\hailo\Desktop\每周自动指标\output\2026-07-20\metrics_2026-07-20.csv
2026-07-20 20:59:09  步骤2完成 -> C:\Users\hailo\Desktop\每周自动指标\output\2026-07-20\metrics_2026-07-20.csv
2026-07-20 20:59:09  ===== 全部完成 2026-07-20 =====
