2026-10-09 23:40:58  ===== 开始每日港股通指标任务 2026-10-09 =====
2026-10-09 23:40:58  步骤1: 获取港股通总市值前100标的...
获取港股通标的列表(共取市值前 100 只)...
2026-10-09 23:41:34  任务失败: ConnectionError: ('Connection aborted.', RemoteDisconnected('Remote end closed connection without response'))
2026-10-09 23:53:46  ===== 开始每日港股通指标任务 2026-10-09 =====
2026-10-09 23:53:46  步骤1: 获取港股通总市值前100标的...
获取港股通标的列表(共取市值前 100 只)...
2026-10-09 23:54:27  任务失败: ConnectionError: ('Connection aborted.', RemoteDisconnected('Remote end closed connection without response'))
2026-10-10 09:37:46  [港股通] 2026-10-09 只回填出 0 行，不足 20，放弃
2026-10-10 10:04:06  ===== 开始每日港股通指标任务 2026-10-09 =====
2026-10-10 10:04:06  步骤1: 获取港股通总市值前100标的...
获取港股通标的列表(共取市值前 100 只)...
2026-10-10 10:04:07  [fetch_hk] push2delay.eastmoney.com 第 1 轮失败: HTTPError: 502 Server Error: Bad Gateway for url: https://push2delay.eastmoney.com/api/qt/clist/get?pn=1&pz=1000&po=1&np=
2026-10-10 10:04:09  [fetch_hk] 82.push2.eastmoney.com 第 1 轮失败: ConnectionError: ('Connection aborted.', RemoteDisconnected('Remote end closed connection without response'))
2026-10-10 10:04:14  [fetch_hk] push2.eastmoney.com 第 1 轮失败: ReadTimeout: HTTPSConnectionPool(host='push2.eastmoney.com', port=443): Read timed out. (read timeout=5)
2026-10-10 10:04:15  [fetch_hk] 1.push2.eastmoney.com 第 1 轮失败: ConnectionError: ('Connection aborted.', RemoteDisconnected('Remote end closed connection without response'))
2026-10-10 10:04:16  [fetch_hk] push2delay.eastmoney.com 第 2 轮失败: HTTPError: 502 Server Error: Bad Gateway for url: https://push2delay.eastmoney.com/api/qt/clist/get?pn=1&pz=1000&po=1&np=
2026-10-10 10:04:17  [fetch_hk] 82.push2.eastmoney.com 第 2 轮失败: ConnectionError: ('Connection aborted.', RemoteDisconnected('Remote end closed connection without response'))
2026-10-10 10:04:22  [fetch_hk] push2.eastmoney.com 第 2 轮失败: ReadTimeout: HTTPSConnectionPool(host='push2.eastmoney.com', port=443): Read timed out. (read timeout=5)
2026-10-10 10:04:23  [fetch_hk] 1.push2.eastmoney.com 第 2 轮失败: ConnectionError: ('Connection aborted.', RemoteDisconnected('Remote end closed connection without response'))
2026-10-10 10:04:23  步骤1失败(ConnectionError: ('Connection aborted.', RemoteDisconnected('Remote end closed connection without response')))，降级为观察池历史名单
2026-10-10 10:04:23  步骤1完成 -> /home/runner/work/daily-stock-metrics/daily-stock-metrics/output_hk/2026-10-09/hk_list_2026-10-09.csv（名单来源: pool-fallback）
2026-10-10 10:04:23  步骤2: 计算 KDJ-J(日/周/月)...
2026-10-10 10:04:23  步骤2: 计算指标...
2026-10-10 10:04:23  观察池: 共105只(含历史追踪0只)
2026-10-10 10:04:23  待处理 105 条，并发数 8
2026-10-10 10:04:28  [  3] 00003 香港中华煤气  完成  日J=56.84 周J=37.78 月J=52.64 MA20=7.096 MA60=7.074 多头=1 价=7.13 涨=0.85%  PE=None(None%) PB=None(None%)
2026-10-10 10:04:29  [  2] 00002 中电控股  完成  日J=80.21 周J=16.4 月J=67.06 MA20=76.925 MA60=77.591 多头=0 价=77.0 涨=1.32%  PE=None(None%) PB=None(None%)
2026-10-10 10:04:29  [  7] 00016 新鸿基地产  完成  日J=89.02 周J=1.8 月J=0.32 MA20=107.975 MA60=116.115 多头=0 价=108.9 涨=1.87%  PE=None(None%) PB=None(None%)
2026-10-10 10:04:30  [  4] 00005 汇丰控股  完成  日J=10.28 周J=-11.56 月J=56.08 MA20=156.535 MA60=160.51 多头=0 价=145.2 涨=1.82%  PE=None(None%) PB=None(None%)
2026-10-10 10:04:30  [  5] 00006 电能实业  完成  日J=79.09 周J=50.55 月J=36.64 MA20=59.885 MA60=59.675 多头=1 价=60.4 涨=1.85%  PE=None(None%) PB=None(None%)
2026-10-10 10:04:30  [  6] 00012 恒基地产  完成  日J=76.01 周J=16.4 月J=7.18 MA20=26.113 MA60=27.19 多头=0 价=26.9 涨=2.99%  PE=None(None%) PB=None(None%)
2026-10-10 10:04:30  [  1] 00001 长和  完成  日J=12.34 周J=-6.33 月J=58.4 MA20=67.75 MA60=70.016 多头=0 价=66.65 涨=0.91%  PE=None(None%) PB=None(None%)
2026-10-10 10:04:31  [  8] 00027 银河娱乐  完成  日J=91.21 周J=15.86 月J=16.82 MA20=31.81 MA60=33.069 多头=0 价=32.12 涨=4.83%  PE=None(None%) PB=None(None%)
2026-10-10 10:04:35  [  9] 00066 港铁公司  完成  日J=36.37 周J=17.39 月J=12.71 MA20=32.283 MA60=32.616 多头=0 价=31.72 涨=2.32%  PE=None(None%) PB=None(None%)
2026-10-10 10:04:36  [ 10] 00175 吉利汽车  完成  日J=37.85 周J=4.21 月J=-6.27 MA20=15.534 MA60=17.402 多头=0 价=15.13 涨=3.56%  PE=None(None%) PB=None(None%)
2026-10-10 10:04:36  [ 11] 00267 中信股份  完成  日J=9.75 周J=39.54 月J=68.26 MA20=13.018 MA60=12.671 多头=1 价=12.71 涨=0.71%  PE=None(None%) PB=None(None%)
2026-10-10 10:04:37  [ 12] 00300 美的集团  完成  日J=56.91 周J=2.54 月J=70.42 MA20=95.398 MA60=96.788 多头=0 价=93.65 涨=0.92%  PE=None(None%) PB=None(None%)
2026-10-10 10:04:37  [ 13] 00358 江西铜业股份  完成  日J=83.33 周J=1.9 月J=9.64 MA20=33.349 MA60=35.451 多头=0 价=33.22 涨=1.96%  PE=None(None%) PB=None(None%)
2026-10-10 10:04:37  [ 14] 00386 中国石油化工股份  完成  日J=91.82 周J=26.94 月J=26.49 MA20=4.501 MA60=4.485 多头=1 价=4.54 涨=0.0%  PE=None(None%) PB=None(None%)
2026-10-10 10:04:37  [ 15] 00388 香港交易所  完成  日J=17.3 周J=-14.78 月J=29.85 MA20=387.55 MA60=401.457 多头=0 价=377.8 涨=0.75%  PE=None(None%) PB=None(None%)
2026-10-10 10:04:38  [ 16] 00669 创科实业  完成  日J=47.19 周J=-4.11 月J=58.53 MA20=128.535 MA60=133.59 多头=0 价=127.5 涨=-0.31%  PE=None(None%) PB=None(None%)
2026-10-10 10:04:43  [ 17] 00688 中国海外发展  完成  日J=65.63 周J=41.29 月J=29.82 MA20=12.679 MA60=13.177 多头=0 价=13.27 涨=-2.07%  PE=None(None%) PB=None(None%)
2026-10-10 10:04:43  [ 18] 00700 腾讯控股  完成  日J=22.32 周J=4.44 月J=1.58 MA20=430.29 MA60=446.38 多头=0 价=424.8 涨=3.26%  PE=None(None%) PB=None(None%)
2026-10-10 10:04:43  [ 19] 00728 中国电信  完成  日J=103.9 周J=33.38 月J=25.08 MA20=4.487 MA60=4.624 多头=0 价=4.68 涨=3.54%  PE=None(None%) PB=None(None%)
2026-10-10 10:04:44  [ 20] 00762 中国联通  完成  日J=97.32 周J=15.6 月J=3.09 MA20=5.651 MA60=5.997 多头=0 价=5.67 涨=1.89%  PE=None(None%) PB=None(None%)
2026-10-10 10:04:44  [ 21] 00788 中国铁塔  完成  日J=103.68 周J=25.43 月J=10.07 MA20=8.988 MA60=9.307 多头=0 价=9.19 涨=1.16%  PE=None(None%) PB=None(None%)
2026-10-10 10:04:44  [ 22] 00857 中国石油股份  完成  日J=84.82 周J=22.95 月J=27.84 MA20=9.655 MA60=9.823 多头=0 价=9.83 涨=0.0%  PE=None(None%) PB=None(None%)
2026-10-10 10:04:45  [ 23] 00883 中国海洋石油  完成  日J=62.57 周J=11.25 月J=25.73 MA20=23.827 MA60=24.119 多头=0 价=23.9 涨=-0.58%  PE=None(None%) PB=None(None%)
2026-10-10 10:04:45  [ 24] 00939 建设银行  完成  日J=65.81 周J=81.82 月J=101.29 MA20=9.673 MA60=9.287 多头=1 价=9.73 涨=0.72%  PE=None(None%) PB=None(None%)
2026-10-10 10:04:50  [ 25] 00941 中国移动  完成  日J=87.91 周J=14.17 月J=31.22 MA20=79.112 MA60=80.561 多头=0 价=80.1 涨=0.88%  PE=None(None%) PB=None(None%)
2026-10-10 10:04:50  [ 26] 00981 中芯国际  完成  日J=21.63 周J=5.3 月J=13.2 MA20=61.922 MA60=66.386 多头=0 价=57.65 涨=1.5%  PE=None(None%) PB=None(None%)
2026-10-10 10:04:51  [ 27] 00992 联想集团  完成  日J=12.95 周J=62.37 月J=95.1 MA20=34.72 MA60=30.373 多头=1 价=32.84 涨=1.61%  PE=None(None%) PB=None(None%)
2026-10-10 10:04:51  [ 28] 00998 中信银行  完成  日J=32.41 周J=81.66 月J=98.47 MA20=8.433 MA60=8.003 多头=1 价=8.44 涨=1.5%  PE=None(None%) PB=None(None%)
2026-10-10 10:04:51  [ 29] 01024 快手-W  完成  日J=45.38 周J=4.03 月J=-5.91 MA20=30.24 MA60=36.103 多头=0 价=30.1 涨=5.47%  PE=None(None%) PB=None(None%)
2026-10-10 10:04:52  [ 30] 01038 长江基建集团  完成  日J=57.65 周J=83.3 月J=86.98 MA20=65.275 MA60=64.227 多头=1 价=66.15 涨=2.08%  PE=None(None%) PB=None(None%)
2026-10-10 10:04:52  [ 31] 01088 中国神华  完成  日J=53.74 周J=30.79 月J=43.71 MA20=44.493 MA60=44.289 多头=1 价=44.22 涨=1.84%  PE=None(None%) PB=None(None%)
2026-10-10 10:04:52  [ 32] 01109 华润置地  完成  日J=63.74 周J=20.29 月J=14.42 MA20=29.407 MA60=31.748 多头=0 价=30.44 涨=-0.52%  PE=None(None%) PB=None(None%)
2026-10-10 10:04:57  [ 33] 01113 长实集团  完成  日J=13.28 周J=21.35 月J=22.93 MA20=46.178 MA60=46.791 多头=0 价=45.2 涨=0.89%  PE=None(None%) PB=None(None%)
2026-10-10 10:04:58  [ 34] 01171 兖矿能源  完成  日J=92.85 周J=2.17 月J=11.57 MA20=11.915 MA60=12.336 多头=0 价=11.85 涨=1.63%  PE=None(None%) PB=None(None%)
2026-10-10 10:04:58  [ 35] 01211 比亚迪股份  完成  日J=31.83 周J=-6.99 月J=13.6 MA20=77.828 MA60=85.675 多头=0 价=75.6 涨=3.7%  PE=None(None%) PB=None(None%)
2026-10-10 10:04:58  [ 36] 01276 恒瑞医药  完成  日J=58.36 周J=32.06 月J=8.84 MA20=46.803 MA60=50.706 多头=0 价=48.0 涨=-0.91%  PE=None(None%) PB=None(None%)
2026-10-10 10:04:58  [ 37] 01288 农业银行  完成  日J=29.91 周J=79.56 月J=99.56 MA20=6.48 MA60=6.245 多头=1 价=6.49 涨=-1.59%  PE=None(None%) PB=None(None%)
2026-10-10 10:04:59  [ 38] 01299 友邦保险  完成  日J=34.23 周J=15.8 月J=0.07 MA20=73.697 MA60=75.045 多头=0 价=71.25 涨=2.89%  PE=None(None%) PB=None(None%)
2026-10-10 10:04:59  [ 39] 01308 海丰国际  完成  日J=94.39 周J=92.58 月J=100.92 MA20=47.889 MA60=44.136 多头=1 价=50.05 涨=1.11%  PE=None(None%) PB=None(None%)
2026-10-10 10:05:00  [ 40] 01336 新华保险  完成  日J=60.43 周J=4.92 月J=-2.92 MA20=45.81 MA60=46.982 多头=0 价=44.84 涨=0.04%  PE=None(None%) PB=None(None%)
2026-10-10 10:05:04  [ 41] 01339 中国人民保险集团  完成  日J=3.36 周J=14.46 月J=25.45 MA20=5.667 MA60=5.507 多头=1 价=5.27 涨=-1.13%  PE=None(None%) PB=None(None%)
2026-10-10 10:05:05  [ 42] 01347 华虹宏力  完成  日J=12.53 周J=3.55 月J=-0.89 MA20=108.117 MA60=122.564 多头=0 价=94.55 涨=-1.1%  PE=None(None%) PB=None(None%)
2026-10-10 10:05:05  [ 43] 01377 鼎泰高科  完成  日J=35.94 周J=1.92 月J=None MA20=275.45 MA60=319.18 多头=0 价=228.0 涨=-9.95%  PE=None(None%) PB=None(None%)
2026-10-10 10:05:05  [ 44] 01378 中国宏桥  完成  日J=67.41 周J=7.47 月J=-9.7 MA20=21.401 MA60=22.716 多头=0 价=21.14 涨=0.86%  PE=None(None%) PB=None(None%)
2026-10-10 10:05:06  [ 45] 01398 工商银行  完成  日J=26.74 周J=53.61 月J=91.58 MA20=7.567 MA60=7.43 多头=1 价=7.5 涨=-0.86%  PE=None(None%) PB=None(None%)
2026-10-10 10:05:06  [ 46] 01658 邮储银行  完成  日J=31.81 周J=83.51 月J=105.08 MA20=5.395 MA60=5.149 多头=1 价=5.42 涨=1.12%  PE=None(None%) PB=None(None%)
2026-10-10 10:05:06  [ 47] 01766 中国中车  完成  日J=70.14 周J=71.49 月J=58.22 MA20=5.227 MA60=5.172 多头=1 价=5.33 涨=2.11%  PE=None(None%) PB=None(None%)
2026-10-10 10:05:07  [ 48] 01776 广发证券  完成  日J=46.72 周J=0.73 月J=54.5 MA20=17.153 MA60=17.405 多头=0 价=16.81 涨=1.27%  PE=None(None%) PB=None(None%)
2026-10-10 10:05:11  [ 49] 01801 信达生物  完成  日J=17.98 周J=12.4 月J=63.77 MA20=97.32 MA60=96.463 多头=1 价=92.65 涨=0.05%  PE=None(None%) PB=None(None%)
2026-10-10 10:05:12  [ 50] 01810 小米集团-W  完成  日J=63.73 周J=22.18 月J=30.38 MA20=25.721 MA60=26.962 多头=0 价=25.96 涨=9.72%  PE=None(None%) PB=None(None%)
2026-10-10 10:05:12  [ 51] 01816 中广核电力  完成  日J=92.27 周J=86.83 月J=40.49 MA20=3.033 MA60=2.953 多头=1 价=3.2 涨=0.0%  PE=None(None%) PB=None(None%)
2026-10-10 10:05:13  [ 52] 01888 建滔积层板  完成  日J=34.84 周J=94.2 月J=22.5 MA20=49.527 MA60=42.849 多头=1 价=49.0 涨=-2.29%  PE=None(None%) PB=None(None%)
2026-10-10 10:05:13  [ 53] 01898 中煤能源  完成  日J=69.53 周J=5.48 月J=1.68 MA20=10.573 MA60=10.94 多头=0 价=10.63 涨=2.61%  PE=None(None%) PB=None(None%)
2026-10-10 10:05:13  [ 54] 01919 中远海控  完成  日J=83.85 周J=63.54 月J=88.04 MA20=16.654 MA60=16.348 多头=1 价=17.29 涨=2.49%  PE=None(None%) PB=None(None%)
2026-10-10 10:05:13  [ 55] 01972 太古地产  完成  日J=70.28 周J=46.5 月J=59.2 MA20=24.209 MA60=24.044 多头=1 价=24.44 涨=2.43%  PE=None(None%) PB=None(None%)
2026-10-10 10:05:14  [ 56] 01988 民生银行  完成  日J=51.6 周J=26.99 月J=32.21 MA20=3.466 MA60=3.488 多头=0 价=3.4 涨=-1.3%  PE=None(None%) PB=None(None%)
2026-10-10 10:05:19  [ 57] 02020 安踏体育  完成  日J=36.12 周J=15.22 月J=33.84 MA20=72.405 MA60=74.45 多头=0 价=72.65 涨=1.18%  PE=None(None%) PB=None(None%)
2026-10-10 10:05:19  [ 58] 02259 紫金黄金国际  完成  日J=69.99 周J=47.67 月J=31.75 MA20=147.55 MA60=140.441 多头=1 价=146.7 涨=7.71%  PE=None(None%) PB=None(None%)
2026-10-10 10:05:19  [ 59] 02269 药明生物  完成  日J=35.22 周J=76.8 月J=99.43 MA20=52.727 MA60=47.538 多头=1 价=53.85 涨=-0.46%  PE=None(None%) PB=None(None%)
2026-10-10 10:05:20  [ 60] 02318 中国平安  完成  日J=17.56 周J=-8.0 月J=-4.48 MA20=52.735 MA60=55.175 多头=0 价=51.85 涨=1.07%  PE=None(None%) PB=None(None%)
2026-10-10 10:05:20  [ 61] 02328 中国财险  完成  日J=26.01 周J=21.57 月J=67.17 MA20=16.49 MA60=16.183 多头=1 价=15.81 涨=-0.82%  PE=None(None%) PB=None(None%)
2026-10-10 10:05:20  [ 62] 02338 潍柴动力  完成  日J=25.25 周J=2.13 月J=14.19 MA20=29.754 MA60=31.888 多头=0 价=27.98 涨=-1.48%  PE=None(None%) PB=None(None%)
2026-10-10 10:05:21  [ 63] 02359 药明康德  完成  日J=41.88 周J=73.26 月J=95.8 MA20=205.87 MA60=191.603 多头=1 价=208.0 涨=-0.48%  PE=None(None%) PB=None(None%)
2026-10-10 10:05:21  [ 64] 02378 保诚  完成  日J=33.58 周J=0.26 月J=-5.6 MA20=98.865 MA60=106.41 多头=0 价=93.1 涨=2.25%  PE=None(None%) PB=None(None%)
2026-10-10 10:05:26  [ 65] 02388 中银香港  完成  日J=17.76 周J=16.09 月J=76.86 MA20=51.45 MA60=50.937 多头=1 价=49.68 涨=2.48%  PE=None(None%) PB=None(None%)
2026-10-10 10:05:26  [ 66] 02423 贝壳-W  完成  日J=85.49 周J=26.5 月J=74.41 MA20=43.606 MA60=44.416 多头=0 价=45.44 涨=1.34%  PE=None(None%) PB=None(None%)
2026-10-10 10:05:27  [ 67] 02475 立讯精密  完成  日J=20.86 周J=-4.41 月J=None MA20=55.5 MA60=58.538 多头=0 价=50.55 涨=-0.49%  PE=None(None%) PB=None(None%)
2026-10-10 10:05:27  [ 68] 02476 胜宏科技  完成  日J=9.68 周J=11.65 月J=-7.56 MA20=202.7 MA60=214.405 多头=0 价=180.8 涨=-6.71%  PE=None(None%) PB=None(None%)
2026-10-10 10:05:27  [ 69] 02513 智谱  完成  日J=49.95 周J=0.39 月J=0.39 MA20=687.85 MA60=957.025 多头=0 价=641.5 涨=-0.23%  PE=None(None%) PB=None(None%)
2026-10-10 10:05:28  [ 70] 02600 中国铝业  完成  日J=74.07 周J=0.68 月J=-12.26 MA20=7.852 MA60=8.253 多头=0 价=7.76 涨=1.17%  PE=None(None%) PB=None(None%)
2026-10-10 10:05:28  [ 71] 02601 中国太保  完成  日J=63.01 周J=6.41 月J=1.8 MA20=28.374 MA60=29.29 多头=0 价=28.26 涨=1.87%  PE=None(None%) PB=None(None%)
2026-10-10 10:05:28  [ 72] 02611 国泰海通  完成  日J=24.68 周J=9.97 月J=30.2 MA20=14.606 MA60=14.807 多头=0 价=14.23 涨=1.5%  PE=None(None%) PB=None(None%)
2026-10-10 10:05:33  [ 73] 02628 中国人寿  完成  日J=0.96 周J=3.21 月J=14.47 MA20=28.448 MA60=28.529 多头=0 价=26.16 涨=-2.24%  PE=None(None%) PB=None(None%)
2026-10-10 10:05:34  [ 74] 02714 牧原股份  完成  日J=25.94 周J=53.43 月J=40.47 MA20=37.292 MA60=35.373 多头=1 价=36.4 涨=0.66%  PE=None(None%) PB=None(None%)
2026-10-10 10:05:34  [ 75] 02888 渣打集团  完成  日J=6.68 周J=4.5 月J=78.83 MA20=237.59 MA60=234.157 多头=1 价=221.0 涨=1.38%  PE=None(None%) PB=None(None%)
2026-10-10 10:05:34  [ 76] 02899 紫金矿业  完成  日J=79.26 周J=0.1 月J=22.46 MA20=33.052 MA60=34.445 多头=0 价=32.94 涨=5.31%  PE=None(None%) PB=None(None%)
2026-10-10 10:05:34  [ 77] 03288 海天味业  完成  日J=77.76 周J=10.08 月J=2.46 MA20=26.595 MA60=29.626 多头=0 价=27.22 涨=3.34%  PE=None(None%) PB=None(None%)
2026-10-10 10:05:35  [ 78] 03308 中际旭创  完成  日J=13.41 周J=15.0 月J=None MA20=1113.9 MA60=None 多头=None 价=974.5 涨=-2.5%  PE=None(None%) PB=None(None%)
2026-10-10 10:05:35  [ 79] 03328 交通银行  完成  日J=64.87 周J=98.15 月J=110.69 MA20=8.218 MA60=7.741 多头=1 价=8.39 涨=0.48%  PE=None(None%) PB=None(None%)
2026-10-10 10:05:36  [ 80] 03606 福耀玻璃  完成  日J=63.87 周J=18.15 月J=36.55 MA20=54.7 MA60=55.701 多头=0 价=55.55 涨=4.71%  PE=None(None%) PB=None(None%)
2026-10-10 10:05:40  [ 81] 03690 美团-W  完成  日J=54.41 周J=-8.64 月J=28.84 MA20=72.307 MA60=81.127 多头=0 价=71.5 涨=3.03%  PE=None(None%) PB=None(None%)
2026-10-10 10:05:41  [ 82] 03692 翰森制药  完成  日J=1.46 周J=16.22 月J=28.89 MA20=33.976 MA60=33.62 多头=1 价=31.54 涨=-1.99%  PE=None(None%) PB=None(None%)
2026-10-10 10:05:41  [ 83] 03750 宁德时代  完成  日J=75.83 周J=7.82 月J=-4.77 MA20=499.33 MA60=578.527 多头=0 价=491.4 涨=3.06%  PE=None(None%) PB=None(None%)
2026-10-10 10:05:41  [ 84] 03968 招商银行  完成  日J=82.74 周J=66.58 月J=96.49 MA20=51.362 MA60=50.216 多头=1 价=52.2 涨=1.06%  PE=None(None%) PB=None(None%)
2026-10-10 10:05:42  [ 85] 03986 兆易创新  完成  日J=5.57 周J=21.03 月J=-2.63 MA20=459.705 MA60=485.475 多头=0 价=394.6 涨=-1.05%  PE=None(None%) PB=None(None%)
2026-10-10 10:05:42  [ 86] 03988 中国银行  完成  日J=86.49 周J=95.1 月J=104.67 MA20=6.015 MA60=5.669 多头=1 价=6.12 涨=1.58%  PE=None(None%) PB=None(None%)
2026-10-10 10:05:42  [ 87] 03993 洛阳钼业  完成  日J=76.58 周J=2.15 月J=-5.47 MA20=15.365 MA60=16.562 多头=0 价=15.41 涨=2.73%  PE=None(None%) PB=None(None%)
2026-10-10 10:05:43  [ 88] 06030 中信证券  完成  日J=30.99 周J=1.26 月J=5.03 MA20=24.44 MA60=26.149 多头=0 价=23.72 涨=0.76%  PE=None(None%) PB=None(None%)
2026-10-10 10:05:47  [ 89] 06031 三一重工  完成  日J=28.56 周J=0.64 月J=-1.98 MA20=17.576 MA60=19.013 多头=0 价=16.39 涨=1.74%  PE=None(None%) PB=None(None%)
2026-10-10 10:05:48  [ 90] 06099 招商证券  完成  日J=22.58 周J=6.84 月J=26.73 MA20=14.425 MA60=14.881 多头=0 价=14.02 涨=2.19%  PE=None(None%) PB=None(None%)
2026-10-10 10:05:48  [ 91] 06160 百济神州  完成  日J=17.26 周J=22.07 月J=82.75 MA20=214.9 MA60=211.362 多头=1 价=209.6 涨=-1.6%  PE=None(None%) PB=None(None%)
2026-10-10 10:05:49  [ 92] 06613 蓝思科技  完成  日J=26.43 周J=5.16 月J=29.54 MA20=21.512 MA60=22.223 多头=0 价=20.14 涨=-3.45%  PE=None(None%) PB=None(None%)
2026-10-10 10:05:49  [ 93] 06690 海尔智家  完成  日J=82.84 周J=22.03 月J=9.09 MA20=20.231 MA60=20.977 多头=0 价=20.42 涨=1.09%  PE=None(None%) PB=None(None%)
2026-10-10 10:05:49  [ 94] 06809 澜起科技  完成  日J=10.86 周J=43.44 月J=26.92 MA20=284.28 MA60=279.067 多头=1 价=268.2 涨=-1.9%  PE=None(None%) PB=None(None%)
2026-10-10 10:05:49  [ 95] 06818 中国光大银行  完成  日J=81.73 周J=12.28 月J=7.06 MA20=2.799 MA60=2.948 多头=0 价=2.83 涨=0.0%  PE=None(None%) PB=None(None%)
2026-10-10 10:05:50  [ 96] 06869 长飞光纤光缆  完成  日J=44.85 周J=79.39 月J=30.06 MA20=178.16 MA60=152.116 多头=1 价=168.3 涨=0.42%  PE=None(None%) PB=None(None%)
2026-10-10 10:05:55  [ 97] 06886 华泰证券  完成  日J=42.24 周J=-1.16 月J=38.08 MA20=16.732 MA60=16.972 多头=0 价=16.51 涨=1.29%  PE=None(None%) PB=None(None%)
2026-10-10 10:05:55  [ 98] 06936 顺丰控股  完成  日J=101.34 周J=2.65 月J=13.51 MA20=28.886 MA60=31.254 多头=0 价=29.3 涨=0.69%  PE=None(None%) PB=None(None%)
2026-10-10 10:05:55  [ 99] 06951 三环集团  完成  日J=24.02 周J=33.78 月J=None MA20=128.89 MA60=115.407 多头=1 价=114.7 涨=-6.29%  PE=None(None%) PB=None(None%)
2026-10-10 10:05:56  [100] 09633 农夫山泉  完成  日J=99.45 周J=34.56 月J=17.68 MA20=39.499 MA60=41.444 多头=0 价=41.62 涨=2.92%  PE=None(None%) PB=None(None%)
2026-10-10 10:05:56  [101] 09888 百度集团-W  完成  日J=25.33 周J=-2.08 月J=-12.98 MA20=86.373 MA60=95.282 多头=0 价=83.0 涨=1.03%  PE=None(None%) PB=None(None%)
2026-10-10 10:05:56  [102] 09973 奇瑞汽车  完成  日J=22.2 周J=11.26 月J=2.5 MA20=24.954 MA60=25.391 多头=0 价=23.66 涨=-1.83%  PE=None(None%) PB=None(None%)
2026-10-10 10:05:57  [103] 09988 阿里巴巴-W  完成  日J=56.28 周J=-1.06 月J=18.55 MA20=107.6 MA60=113.833 多头=0 价=107.0 涨=2.59%  PE=None(None%) PB=None(None%)
2026-10-10 10:05:57  [104] 09992 泡泡玛特  完成  日J=71.14 周J=57.16 月J=3.16 MA20=152.57 MA60=155.587 多头=0 价=152.3 涨=-0.13%  PE=None(None%) PB=None(None%)
2026-10-10 10:05:58  [105] 09999 网易  完成  日J=79.54 周J=30.81 月J=49.01 MA20=186.505 MA60=192.962 多头=0 价=193.5 涨=3.75%  PE=None(None%) PB=None(None%)
2026-10-10 10:05:58  全部完成：成功 105/105，失败 0，数据日期 2026-10-09，结果已写入 /home/runner/work/daily-stock-metrics/daily-stock-metrics/output_hk/2026-10-09/metrics_2026-10-09.csv
2026-10-10 10:05:58  步骤2完成 -> /home/runner/work/daily-stock-metrics/daily-stock-metrics/output_hk/2026-10-09/metrics_2026-10-09.csv（成功 105/105，失败 0）
2026-10-10 10:05:58  步骤3: 生成 HTML 总结报告...
2026-10-10 10:05:58  步骤3完成 -> /home/runner/work/daily-stock-metrics/daily-stock-metrics/output_hk/2026-10-09/report_2026-10-09.html
2026-10-10 10:05:58  步骤4: 发送邮件报告...
2026-10-10 10:06:02  步骤4完成: 邮件已发送
2026-10-10 10:06:02  ===== 全部完成 2026-10-09 =====
