2026-07-22 18:37:43  ===== 开始每日指标任务 2026-07-22 =====
2026-07-22 18:37:43  步骤1: 获取 A股市值前100…
2026-07-22 18:37:44  步骤1完成 -> C:\Users\hailo\Desktop\每周自动指标\output\2026-07-22\top100_2026-07-22.csv
2026-07-22 18:37:44  步骤2: 计算 KDJ-J(日/周/月) 及 PE/PB 历史分位…
2026-07-22 18:37:46  [  1] 601398 工商银行  完成  日J=62.88 周J=75.64 月J=47.59 PE=7.29(88.96%) PB=0.69(55.16%)
2026-07-22 18:37:47  [  2] 601939 建设银行  完成  日J=71.42 周J=71.7 月J=83.72 PE=7.82(96.48%) PB=0.75(69.48%)
2026-07-22 18:37:48  [  3] 601288 农业银行  完成  日J=75.91 周J=68.8 月J=2.38 PE=7.75(89.92%) PB=0.81(77.1%)
2026-07-22 18:37:50  [  4] 600941 中国移动  完成  日J=76.06 周J=60.2 月J=28.7 PE=15.02(37.09%) PB=1.43(28.82%)
2026-07-22 18:37:51  [  5] 601857 中国石油  完成  日J=89.96 周J=92.48 月J=26.37 PE=12.63(55.69%) PB=1.23(89.54%)
2026-07-22 18:37:52  [  6] 601988 中国银行  完成  日J=57.26 周J=66.2 月J=75.3 PE=7.8(97.88%) PB=0.7(81.58%)
2026-07-22 18:37:54  [  7] 300750 宁德时代  完成  日J=79.5 周J=14.97 月J=32.64 PE=21.81(16.86%) PB=4.82(31.18%)
2026-07-22 18:37:55  [  8] 600519 贵州茅台  完成  日J=82.06 周J=85.07 月J=27.97 PE=19.72(3.76%) PB=6.02(1.78%)
2026-07-22 18:37:57  [  9] 600938 中国海油  完成  日J=94.36 周J=54.58 月J=16.76 PE=12.35(90.69%) PB=1.84(76.33%)
2026-07-22 18:37:58  [ 10] 688981 中芯国际  完成  日J=40.29 周J=57.33 月J=88.18 PE=263.99(97.6%) PB=8.89(96.23%)
2026-07-22 18:37:59  [ 11] 601138 工业富联  完成  日J=33.18 周J=-2.53 月J=42.87 PE=29.64(89.29%) PB=6.84(90.91%)
2026-07-22 18:38:01  [ 12] 300308 中际旭创  完成  日J=48.34 周J=0.36 月J=71.37 PE=79.14(84.91%) PB=33.24(98.07%)
2026-07-22 18:38:02  [ 13] 601628 中国人寿  完成  日J=88.25 周J=108.87 月J=22.08 PE=8.0(7.52%) PB=1.94(35.73%)
2026-07-22 18:38:04  [ 14] 601088 中国神华  完成  日J=79.32 周J=59.89 月J=43.43 PE=19.11(98.36%) PB=2.05(94.21%)
2026-07-22 18:38:05  [ 15] 601318 中国平安  完成  日J=88.87 周J=74.03 月J=1.18 PE=7.36(7.33%) PB=0.96(20.49%)
2026-07-22 18:38:06  [ 16] 600036 招商银行  完成  日J=70.21 周J=100.97 月J=35.36 PE=6.48(23.53%) PB=0.86(8.2%)
2026-07-22 18:38:08  [ 17] 601899 紫金矿业  完成  日J=98.6 周J=88.26 月J=10.77 PE=13.88(12.54%) PB=4.34(82.16%)
2026-07-22 18:38:09  [ 18] 002594 比亚迪  完成  日J=61.17 周J=79.38 月J=32.89 PE=30.31(29.36%) PB=3.6(30.57%)
2026-07-22 18:38:10  [ 19] 688256 寒武纪  完成  日J=36.71 周J=11.34 月J=81.15 PE=302.93(87.1%) PB=63.95(95.95%)
2026-07-22 18:38:12  [ 20] 688041 海光信息  完成  日J=35.87 周J=48.03 月J=79.28 PE=282.73(97.59%) PB=32.8(97.9%)
2026-07-22 18:38:13  [ 21] 600900 长江电力  完成  日J=80.68 周J=98.73 月J=87.51 PE=19.73(57.18%) PB=3.12(81.34%)
2026-07-22 18:38:15  [ 22] 300502 新易盛  完成  日J=55.94 周J=32.5 月J=83.36 PE=66.05(70.59%) PB=34.81(98.41%)
2026-07-22 18:38:16  [ 23] 688347 华虹宏力  完成  日J=79.26 周J=82.49 月J=98.29 PE=1373.74(86.87%) PB=14.98(99.72%)
2026-07-22 18:38:20  [ 24] 000333 美的集团  完成  日J=87.91 周J=98.02 月J=85.77 PE=14.63(52.65%) PB=2.78(41.56%)
2026-07-22 18:38:22  [ 25] 600028 中国石化  完成  日J=88.26 周J=111.86 月J=-2.48 PE=17.62(86.02%) PB=0.75(35.87%)
2026-07-22 18:38:23  [ 26] 601328 交通银行  完成  日J=71.34 周J=89.82 月J=39.9 PE=6.37(85.54%) PB=0.53(48.79%)
2026-07-22 18:38:24  [ 27] 601658 邮储银行  完成  日J=61.3 周J=96.84 月J=24.84 PE=6.98(68.43%) PB=0.59(13.54%)
2026-07-22 18:38:26  [ 28] 688825 长鑫科技  完成  日J=None 周J=None 月J=None PE=None(None%) PB=None(None%)
2026-07-22 18:38:27  [ 29] 002371 北方华创  完成  日J=39.07 周J=34.12 月J=76.0 PE=99.43(47.69%) PB=14.11(87.7%)
2026-07-22 18:38:29  [ 30] 601728 中国电信  完成  日J=66.51 周J=63.72 月J=28.84 PE=17.39(47.9%) PB=1.18(44.54%)
2026-07-22 18:38:30  [ 31] 002475 立讯精密  完成  日J=42.77 周J=-1.39 月J=51.0 PE=26.55(38.52%) PB=5.17(42.53%)
2026-07-22 18:38:32  [ 32] 688235 百济神州  完成  日J=74.94 周J=90.51 月J=50.28 PE=135.13(95.96%) PB=12.94(80.07%)
2026-07-22 18:38:33  [ 33] 603993 洛阳钼业  完成  日J=97.21 周J=46.02 月J=16.86 PE=17.37(26.23%) PB=4.72(94.17%)
2026-07-22 18:38:35  [ 34] 600030 中信证券  完成  日J=70.55 周J=68.43 月J=79.22 PE=12.45(6.22%) PB=1.44(42.09%)
2026-07-22 18:38:37  [ 35] 601998 中信银行  完成  日J=78.16 周J=65.1 月J=26.49 PE=5.85(63.26%) PB=0.56(53.28%)
2026-07-22 18:38:38  [ 36] 002384 东山精密  完成  日J=16.35 周J=25.78 月J=78.91 PE=195.27(97.44%) PB=17.6(98.02%)
2026-07-22 18:38:39  [ 37] 601166 兴业银行  完成  日J=71.05 周J=74.75 月J=24.8 PE=4.96(34.28%) PB=0.46(6.85%)
2026-07-22 18:38:41  [ 38] 688012 中微公司  完成  日J=37.22 周J=47.5 月J=80.91 PE=137.94(73.03%) PB=15.48(78.92%)
2026-07-22 18:38:43  [ 39] 603259 药明康德  完成  日J=47.15 周J=84.41 月J=85.14 PE=18.66(18.97%) PB=4.46(32.87%)
2026-07-22 18:38:44  [ 40] 600276 恒瑞医药  完成  日J=37.67 周J=90.8 月J=32.32 PE=45.28(6.46%) PB=5.78(4.77%)
2026-07-22 18:38:45  [ 41] 688802 沐曦股份-U  完成  日J=20.91 周J=48.61 月J=90.44 PE=-515.55(5.59%) PB=25.81(89.51%)
2026-07-22 18:38:47  [ 42] 601211 国泰海通  完成  日J=93.53 周J=79.76 月J=46.09 PE=15.21(64.95%) PB=1.02(38.09%)
2026-07-22 18:38:48  [ 43] 601319 中国人保  完成  日J=84.72 周J=103.66 月J=4.57 PE=7.84(13.53%) PB=1.05(32.6%)
2026-07-22 18:38:50  [ 44] 603986 兆易创新  完成  日J=21.21 周J=2.23 月J=58.42 PE=114.73(64.22%) PB=13.05(80.52%)
2026-07-22 18:38:51  [ 45] 002415 海康威视  完成  日J=92.85 周J=90.77 月J=89.29 PE=21.86(31.97%) PB=3.79(22.81%)
2026-07-22 18:38:53  [ 46] 300059 东方财富  完成  日J=80.92 周J=68.24 月J=25.77 PE=24.24(6.61%) PB=3.32(13.11%)
2026-07-22 18:38:54  [ 47] 601601 中国太保  完成  日J=105.32 周J=90.49 月J=3.1 PE=5.84(1.83%) PB=0.99(13.31%)
2026-07-22 18:38:55  [ 48] 600183 生益科技  完成  日J=21.6 周J=14.22 月J=63.99 PE=77.91(98.12%) PB=17.07(98.12%)
2026-07-22 18:38:57  [ 49] 601869 长飞光纤  完成  日J=30.54 周J=-11.76 月J=66.09 PE=261.89(94.74%) PB=21.29(96.75%)
2026-07-22 18:38:59  [ 50] 600000 浦发银行  完成  日J=68.95 周J=81.12 月J=6.63 PE=5.97(67.45%) PB=0.4(25.51%)
2026-07-22 18:39:00  [ 51] 688795 摩尔线程-U  完成  日J=15.66 周J=15.71 月J=42.46 PE=-341.42(33.11%) PB=25.46(44.37%)
2026-07-22 18:39:02  [ 52] 000858 五 粮 液  完成  日J=87.72 周J=44.48 月J=7.96 PE=23.03(33.46%) PB=2.27(0.87%)
2026-07-22 18:39:03  [ 53] 688820 盛合晶微  完成  日J=18.97 周J=5.58 月J=None PE=276.81(26.98%) PB=18.86(26.98%)
2026-07-22 18:39:04  [ 54] 688008 澜起科技  完成  日J=32.27 周J=5.96 月J=66.24 PE=106.42(81.39%) PB=13.06(85.45%)
2026-07-22 18:39:06  [ 55] 600150 中国船舶  完成  日J=13.03 周J=6.57 月J=25.18 PE=21.98(25.99%) PB=1.66(18.71%)
2026-07-22 18:39:07  [ 56] 601816 京沪高铁  完成  日J=93.51 周J=84.83 月J=53.5 PE=18.36(3.99%) PB=1.16(5.45%)
2026-07-22 18:39:09  [ 57] 002379 宏桥控股  完成  日J=93.75 周J=58.28 月J=-1.77 PE=12.29(72.61%) PB=4.63(83.17%)
2026-07-22 18:39:11  [ 58] 601225 陕西煤业  完成  日J=82.6 周J=65.91 月J=53.3 PE=14.92(98.17%) PB=2.36(83.7%)
2026-07-22 18:39:12  [ 59] 300394 天孚通信  完成  日J=27.31 周J=-2.88 月J=51.21 PE=109.31(94.79%) PB=39.7(95.08%)
2026-07-22 18:39:13  [ 60] 300476 胜宏科技  完成  日J=35.98 周J=-5.17 月J=26.75 PE=50.49(84.23%) PB=13.57(89.1%)
2026-07-22 18:39:15  [ 61] 000338 潍柴动力  完成  日J=62.98 周J=4.21 月J=61.36 PE=20.52(92.19%) PB=2.43(81.05%)
2026-07-22 18:39:17  [ 62] 600309 万华化学  完成  日J=105.35 周J=56.53 月J=25.84 PE=17.6(62.44%) PB=2.08(8.97%)
2026-07-22 18:39:18  [ 63] 601919 中远海控  完成  日J=97.67 周J=109.78 月J=30.92 PE=9.23(58.29%) PB=0.98(28.93%)
2026-07-22 18:39:19  [ 64] 002916 深南电路  完成  日J=25.18 周J=7.72 月J=65.81 PE=63.34(95.08%) PB=12.73(90.84%)
2026-07-22 18:39:21  [ 65] 688072 拓荆科技  完成  日J=36.15 周J=64.22 月J=83.96 PE=139.85(85.08%) PB=31.73(98.55%)
2026-07-22 18:39:22  [ 66] 000651 格力电器  完成  日J=94.04 周J=99.08 月J=84.41 PE=7.84(31.53%) PB=1.51(5.64%)
2026-07-22 18:39:24  [ 67] 300274 阳光电源  完成  日J=36.21 周J=-5.76 月J=13.47 PE=19.11(36.55%) PB=4.68(45.13%)
2026-07-22 18:39:26  [ 68] 002714 牧原股份  完成  日J=59.45 周J=95.03 月J=19.42 PE=23.28(68.8%) PB=2.64(1.88%)
2026-07-22 18:39:27  [ 69] 600188 兖矿能源  完成  日J=108.07 周J=28.54 月J=56.71 PE=23.49(98.99%) PB=2.93(90.94%)
2026-07-22 18:39:29  [ 70] 000725 京东方Ａ  完成  日J=15.44 周J=22.1 月J=59.51 PE=37.6(57.62%) PB=1.64(74.11%)
2026-07-22 18:39:30  [ 71] 002463 沪电股份  完成  日J=25.39 周J=14.71 月J=69.8 PE=51.1(96.62%) PB=13.09(98.02%)
2026-07-22 18:39:32  [ 72] 301666 大普微-UW  完成  日J=44.71 周J=-6.71 月J=None PE=16856.31(25.76%) PB=272.82(25.76%)
2026-07-22 18:39:33  [ 73] 603288 海天味业  完成  日J=81.4 周J=94.31 月J=40.51 PE=29.3(2.17%) PB=5.08(2.65%)
2026-07-22 18:39:35  [ 74] 000001 平安银行  完成  日J=76.09 周J=74.58 月J=41.27 PE=4.95(25.17%) PB=0.46(3.81%)
2026-07-22 18:39:36  [ 75] 002938 鹏鼎控股  完成  日J=36.69 周J=12.5 月J=68.69 PE=57.06(97.79%) PB=6.11(94.52%)
2026-07-22 18:39:38  [ 76] 600919 江苏银行  完成  日J=57.46 周J=61.22 月J=83.84 PE=5.93(77.82%) PB=0.79(84.67%)
2026-07-22 18:39:39  [ 77] 002142 宁波银行  完成  日J=60.55 周J=79.99 月J=65.95 PE=6.92(30.52%) PB=0.9(27.15%)
2026-07-22 18:39:41  [ 78] 601066 中信建投  完成  日J=32.48 周J=47.55 月J=67.09 PE=18.48(10.85%) PB=2.41(25.11%)
2026-07-22 18:39:42  [ 79] 003816 中国广核  完成  日J=98.3 周J=30.1 月J=32.57 PE=21.89(90.56%) PB=1.65(69.46%)
2026-07-22 18:39:43  [ 80] 600690 海尔智家  完成  日J=91.97 周J=96.96 月J=13.2 PE=10.98(5.69%) PB=1.64(3.71%)
2026-07-22 18:39:45  [ 81] 300408 三环集团  完成  日J=32.52 周J=-0.38 月J=63.45 PE=71.16(98.07%) PB=9.14(98.07%)
2026-07-22 18:39:46  [ 82] 601336 新华保险  完成  日J=75.31 周J=98.56 月J=8.21 PE=5.52(4.97%) PB=1.65(53.09%)
2026-07-22 18:39:48  [ 83] 300604 长川科技  完成  日J=34.33 周J=49.86 月J=83.51 PE=124.65(54.58%) PB=38.5(99.47%)
2026-07-22 18:39:49  [ 84] 300433 蓝思科技  完成  日J=37.84 周J=1.98 月J=51.55 PE=56.48(83.61%) PB=3.56(81.87%)
2026-07-22 18:39:51  [ 85] 601668 中国建筑  完成  日J=90.0 周J=103.95 月J=36.68 PE=5.12(62.1%) PB=0.39(1.21%)
2026-07-22 18:39:52  [ 86] 688808 联讯仪器  完成  日J=40.79 周J=12.88 月J=None PE=709.46(46.67%) PB=188.91(46.67%)
2026-07-22 18:39:54  [ 87] 600406 国电南瑞  完成  日J=111.02 周J=43.72 月J=13.84 PE=22.93(23.05%) PB=3.57(30.33%)
2026-07-22 18:39:55  [ 88] 001399 惠科股份  完成  日J=23.17 周J=-0.12 月J=None PE=50.36(21.05%) PB=7.22(21.05%)
2026-07-22 18:39:56  [ 89] 600025 华能水电  完成  日J=82.9 周J=102.14 月J=67.71 PE=22.3(80.62%) PB=2.68(77.24%)
2026-07-22 18:39:58  [ 90] 601898 中煤能源  完成  日J=100.8 周J=30.4 月J=17.55 PE=10.71(54.68%) PB=1.16(91.22%)
2026-07-22 18:39:59  [ 91] 601985 中国核电  完成  日J=90.01 周J=62.48 月J=82.63 PE=22.66(88.57%) PB=1.55(36.11%)
2026-07-22 18:40:01  [ 92] 601688 华泰证券  完成  日J=96.31 周J=63.96 月J=21.98 PE=10.62(30.09%) PB=1.05(43.97%)
2026-07-22 18:40:02  [ 93] 601818 光大银行  完成  日J=66.21 周J=86.76 月J=22.63 PE=4.92(44.21%) PB=0.37(2.46%)
2026-07-22 18:40:04  [ 94] 300760 迈瑞医疗  完成  日J=88.36 周J=86.83 月J=17.25 PE=23.56(5.78%) PB=4.6(2.02%)
2026-07-22 18:40:05  [ 95] 600031 三一重工  完成  日J=90.62 周J=90.36 月J=14.18 PE=21.68(47.69%) PB=2.02(18.66%)
2026-07-22 18:40:06  [ 96] 002352 顺丰控股  完成  日J=88.57 周J=70.08 月J=27.67 PE=15.77(1.93%) PB=1.79(1.98%)
2026-07-22 18:40:08  [ 97] 000063 中兴通讯  完成  日J=28.2 周J=38.74 月J=23.66 PE=40.09(92.29%) PB=2.34(33.37%)
2026-07-22 18:40:09  [ 98] 600930 华电新能  完成  日J=25.24 周J=0.68 月J=3.06 PE=27.95(2.43%) PB=1.62(1.21%)
2026-07-22 18:40:11  [ 99] 000776 广发证券  完成  日J=89.48 周J=56.38 月J=60.97 PE=11.27(6.46%) PB=1.28(74.93%)
2026-07-22 18:40:12  [100] 688702 盛科通信-U  完成  日J=73.29 周J=72.82 月J=95.96 PE=-1161.98(10.03%) PB=79.02(100.0%)
2026-07-22 18:40:12  全部完成，结果已写入 C:\Users\hailo\Desktop\每周自动指标\output\2026-07-22\metrics_2026-07-22.csv
2026-07-22 18:40:12  步骤2完成 -> C:\Users\hailo\Desktop\每周自动指标\output\2026-07-22\metrics_2026-07-22.csv
2026-07-22 18:40:12  步骤3: 生成 HTML 总结报告…
2026-07-22 18:40:12  步骤3完成
2026-07-22 18:40:12  ===== 全部完成 2026-07-22 =====
2026-07-22 21:25:10  今日(2026-07-22)已完成，跳过。结果目录: C:\Users\hailo\Desktop\每周自动指标\output\2026-07-22
