2026-08-05 16:57:20  ===== 开始每日指标任务 2026-08-05 =====
2026-08-05 16:57:20  步骤1: 获取 A股市值前100…
2026-08-05 16:57:21  步骤1完成 -> C:\Users\hailo\Desktop\每周自动指标\output\2026-08-05\top100_2026-08-05.csv
2026-08-05 16:57:21  步骤2: 计算 KDJ-J(日/周/月) 及 PE/PB 历史分位…
2026-08-05 16:57:24  [  1] 688825 长鑫科技  完成  日J=75.11 周J=None 月J=None 价=54.3 涨=-1.27%  PE=128.8(75.0%) PB=44.44(75.0%)
2026-08-05 16:57:25  [  2] 601398 工商银行  完成  日J=-2.73 周J=70.57 月J=63.24 价=7.52 涨=-1.83%  PE=7.22(87.38%) PB=0.68(51.3%)
2026-08-05 16:57:27  [  3] 601939 建设银行  完成  日J=-8.07 周J=64.85 月J=74.47 价=9.96 涨=-1.39%  PE=7.62(93.67%) PB=0.73(64.83%)
2026-08-05 16:57:28  [  4] 601288 农业银行  完成  日J=-4.03 周J=76.39 月J=22.28 价=6.48 涨=-1.97%  PE=7.71(89.16%) PB=0.8(75.53%)
2026-08-05 16:57:30  [  5] 600941 中国移动  完成  日J=34.75 周J=92.48 月J=53.98 价=95.99 涨=-0.45%  PE=15.33(40.9%) PB=1.46(31.44%)
2026-08-05 16:57:31  [  6] 601857 中国石油  完成  日J=23.18 周J=105.34 月J=29.01 价=10.63 涨=-2.12%  PE=12.3(53.89%) PB=1.2(84.98%)
2026-08-05 16:57:33  [  7] 300750 宁德时代  完成  日J=86.49 周J=85.04 月J=46.03 价=405.2 涨=2.56%  PE=22.06(17.89%) PB=4.94(35.07%)
2026-08-05 16:57:34  [  8] 601988 中国银行  完成  日J=-5.67 周J=61.68 月J=71.39 价=5.73 涨=-1.55%  PE=7.53(91.17%) PB=0.68(71.31%)
2026-08-05 16:57:36  [  9] 600519 贵州茅台  完成  日J=38.33 周J=100.72 月J=41.08 价=1306.45 涨=-1.65%  PE=19.74(4.13%) PB=6.03(2.02%)
2026-08-05 16:57:37  [ 10] 600938 中国海油  完成  日J=15.68 周J=61.21 月J=11.42 价=30.69 涨=-2.76%  PE=11.7(88.09%) PB=1.74(65.99%)
2026-08-05 16:57:38  [ 11] 601138 工业富联  完成  日J=96.01 周J=28.29 月J=39.98 价=65.92 涨=9.99%  PE=32.18(90.66%) PB=7.42(93.74%)
2026-08-05 16:57:40  [ 12] 300308 中际旭创  完成  日J=62.72 周J=3.87 月J=43.69 价=947.74 涨=-7.27%  PE=74.16(79.61%) PB=31.15(97.46%)
2026-08-05 16:57:41  [ 13] 601628 中国人寿  完成  日J=-1.13 周J=78.18 月J=23.83 价=38.05 涨=1.04%  PE=7.43(5.57%) PB=1.8(19.39%)
2026-08-05 16:57:43  [ 14] 688981 中芯国际  完成  日J=21.89 周J=2.11 月J=44.95 价=125.45 涨=3.59%  PE=212.86(91.01%) PB=7.17(93.6%)
2026-08-05 16:57:44  [ 15] 600036 招商银行  完成  日J=12.47 周J=95.78 月J=63.77 价=38.94 涨=-0.87%  PE=6.51(24.42%) PB=0.87(8.97%)
2026-08-05 16:57:46  [ 16] 601318 中国平安  完成  日J=27.64 周J=101.74 月J=12.83 价=54.02 涨=0.17%  PE=7.37(7.63%) PB=0.96(20.92%)
2026-08-05 16:57:48  [ 17] 601088 中国神华  完成  日J=-2.22 周J=59.24 月J=36.99 价=43.0 涨=-0.35%  PE=18.09(96.26%) PB=1.94(85.46%)
2026-08-05 16:57:49  [ 18] 601899 紫金矿业  完成  日J=77.19 周J=116.44 月J=28.88 价=34.1 涨=6.16%  PE=14.7(19.58%) PB=4.6(85.65%)
2026-08-05 16:57:50  [ 19] 002594 比亚迪  完成  日J=17.98 周J=95.03 月J=43.43 价=90.82 涨=-0.36%  PE=30.06(28.89%) PB=3.57(30.04%)
2026-08-05 16:57:52  [ 20] 688256 寒武纪  完成  日J=39.76 周J=-0.27 月J=50.51 价=1136.9 涨=5.44%  PE=262.9(81.94%) PB=55.5(92.3%)
2026-08-05 16:57:53  [ 21] 600900 长江电力  完成  日J=-6.23 周J=75.02 月J=81.51 价=27.76 涨=-1.91%  PE=18.82(47.55%) PB=2.98(68.09%)
2026-08-05 16:57:55  [ 22] 688041 海光信息  完成  日J=39.31 周J=11.26 月J=45.62 价=288.85 涨=4.9%  PE=246.28(90.66%) PB=28.57(93.98%)
2026-08-05 16:57:56  [ 23] 000333 美的集团  完成  日J=20.2 周J=90.72 月J=84.81 价=85.47 涨=0.39%  PE=14.75(53.36%) PB=2.81(43.14%)
2026-08-05 16:57:58  [ 24] 601328 交通银行  完成  日J=4.29 周J=88.13 月J=66.51 价=6.93 涨=-1.56%  PE=6.35(84.74%) PB=0.53(48.22%)
2026-08-05 16:57:59  [ 25] 600028 中国石化  完成  日J=-2.96 周J=94.65 月J=2.53 价=4.98 涨=-2.35%  PE=16.94(84.98%) PB=0.72(32.15%)
2026-08-05 16:58:01  [ 26] 601658 邮储银行  完成  日J=-10.72 周J=78.87 月J=35.78 价=4.96 涨=-1.2%  PE=6.78(57.47%) PB=0.58(6.08%)
2026-08-05 16:58:02  [ 27] 300502 新易盛  完成  日J=56.39 周J=8.41 月J=45.39 价=424.3 涨=-5.29%  PE=55.08(56.48%) PB=29.03(96.31%)
2026-08-05 16:58:03  [ 28] 601728 中国电信  完成  日J=34.4 周J=95.45 月J=53.47 价=6.23 涨=-0.95%  PE=18.0(60.17%) PB=1.22(58.92%)
2026-08-05 16:58:07  [ 29] 002371 北方华创  完成  日J=55.81 周J=25.93 月J=55.72 价=734.2 涨=6.87%  PE=95.55(46.55%) PB=13.56(85.56%)
2026-08-05 16:58:09  [ 30] 603259 药明康德  完成  日J=103.21 周J=99.52 月J=98.89 价=147.5 涨=4.35%  PE=20.31(25.51%) PB=5.28(45.93%)
2026-08-05 16:58:10  [ 31] 688347 华虹宏力  完成  日J=19.02 周J=7.54 月J=47.77 价=252.5 涨=6.56%  PE=889.27(80.03%) PB=9.7(95.87%)
2026-08-05 16:58:14  [ 32] 603993 洛阳钼业  完成  日J=72.25 周J=76.45 月J=20.38 价=20.47 涨=6.67%  PE=18.13(29.65%) PB=4.93(96.21%)
2026-08-05 16:58:16  [ 33] 688235 百济神州  完成  日J=68.45 周J=92.89 月J=59.13 价=280.6 涨=7.12%  PE=136.82(96.0%) PB=13.1(81.23%)
2026-08-05 16:58:17  [ 34] 002475 立讯精密  完成  日J=14.91 周J=3.67 月J=30.05 价=55.87 涨=0.7%  PE=25.07(31.09%) PB=4.89(36.85%)
2026-08-05 16:58:19  [ 35] 601998 中信银行  完成  日J=18.46 周J=88.4 月J=43.15 价=7.55 涨=-2.45%  PE=5.9(64.54%) PB=0.57(55.52%)
2026-08-05 16:58:20  [ 36] 600030 中信证券  完成  日J=28.29 周J=68.66 月J=85.2 价=28.18 涨=0.64%  PE=12.4(6.05%) PB=1.43(41.55%)
2026-08-05 16:58:22  [ 37] 601166 兴业银行  完成  日J=21.47 周J=92.33 月J=49.56 价=18.36 涨=-1.08%  PE=5.01(36.71%) PB=0.47(7.97%)
2026-08-05 16:58:23  [ 38] 600276 恒瑞医药  完成  日J=33.53 周J=76.84 月J=36.56 价=53.54 涨=0.22%  PE=43.77(5.04%) PB=5.59(3.45%)
2026-08-05 16:58:25  [ 39] 002415 海康威视  完成  日J=89.31 周J=106.83 月J=101.95 价=38.44 涨=-0.49%  PE=21.44(25.77%) PB=4.18(29.65%)
2026-08-05 16:58:26  [ 40] 002384 东山精密  完成  日J=46.8 周J=-2.21 月J=52.4 价=188.83 涨=5.44%  PE=169.53(96.45%) PB=15.28(97.17%)
2026-08-05 16:58:28  [ 41] 688012 中微公司  完成  日J=30.79 周J=29.51 月J=58.11 价=358.0 涨=12.67%  PE=125.66(69.09%) PB=14.11(77.17%)
2026-08-05 16:58:29  [ 42] 300059 东方财富  完成  日J=87.94 周J=69.29 月J=34.8 价=20.36 涨=1.55%  PE=24.58(8.21%) PB=3.37(15.26%)
2026-08-05 16:58:31  [ 43] 601319 中国人保  完成  日J=9.3 周J=92.36 月J=11.53 价=7.19 涨=0.56%  PE=7.46(8.76%) PB=1.0(23.66%)
2026-08-05 16:58:32  [ 44] 601211 国泰海通  完成  日J=-9.43 周J=54.68 月J=46.47 价=18.0 涨=0.22%  PE=14.45(58.73%) PB=0.97(31.09%)
2026-08-05 16:58:33  [ 45] 600000 浦发银行  完成  日J=42.4 周J=93.07 月J=25.71 价=9.26 涨=-1.49%  PE=6.13(71.5%) PB=0.41(29.56%)
2026-08-05 16:58:35  [ 46] 601601 中国太保  完成  日J=35.03 周J=106.78 月J=10.51 价=32.02 涨=0.76%  PE=5.71(1.78%) PB=0.96(11.47%)
2026-08-05 16:58:36  [ 47] 600183 生益科技  完成  日J=81.23 周J=-0.63 月J=43.82 价=122.79 涨=9.41%  PE=75.92(97.94%) PB=16.64(97.94%)
2026-08-05 16:58:38  [ 48] 000858 五 粮 液  完成  日J=46.99 周J=84.55 月J=16.44 价=75.5 涨=-1.8%  PE=23.26(34.36%) PB=2.29(1.25%)
2026-08-05 16:58:39  [ 49] 688802 沐曦股份-U  完成  日J=27.67 周J=9.28 月J=59.26 价=726.03 涨=4.31%  PE=-442.96(29.41%) PB=22.18(64.05%)
2026-08-05 16:58:40  [ 50] 688795 摩尔线程-U  完成  日J=74.46 周J=13.26 月J=25.55 价=593.13 涨=2.86%  PE=-324.57(39.13%) PB=24.2(29.81%)
2026-08-05 16:58:42  [ 51] 603986 兆易创新  完成  日J=30.74 周J=-13.86 月J=24.97 价=385.44 涨=8.26%  PE=94.09(49.38%) PB=10.7(71.11%)
2026-08-05 16:58:43  [ 52] 600150 中国船舶  完成  日J=96.76 周J=53.82 月J=37.57 价=35.2 涨=2.09%  PE=23.43(26.97%) PB=1.77(25.91%)
2026-08-05 16:58:45  [ 53] 000338 潍柴动力  完成  日J=96.55 周J=62.52 月J=65.24 价=30.22 涨=5.52%  PE=23.1(97.5%) PB=2.74(94.63%)
2026-08-05 16:58:46  [ 54] 688008 澜起科技  完成  日J=35.48 周J=4.71 月J=44.48 价=212.0 涨=4.31%  PE=101.17(75.47%) PB=12.41(81.15%)
2026-08-05 16:58:47  [ 55] 601869 长飞光纤  完成  日J=51.52 周J=-8.31 月J=37.49 价=312.4 涨=10.0%  PE=223.51(94.11%) PB=18.17(96.0%)
2026-08-05 16:58:49  [ 56] 300408 三环集团  完成  日J=93.18 周J=20.66 月J=61.39 价=128.19 涨=5.96%  PE=88.58(98.94%) PB=11.38(98.94%)
2026-08-05 16:58:51  [ 57] 601816 京沪高铁  完成  日J=40.08 周J=103.35 月J=84.94 价=5.07 涨=-1.55%  PE=18.58(5.73%) PB=1.18(7.37%)
2026-08-05 16:58:52  [ 58] 688820 盛合晶微  完成  日J=48.33 周J=-4.42 月J=23.47 价=132.22 涨=4.66%  PE=249.9(26.03%) PB=17.03(26.03%)
2026-08-05 16:58:53  [ 59] 002379 宏桥控股  完成  日J=9.42 周J=86.84 月J=8.23 价=18.84 涨=-2.13%  PE=12.46(72.6%) PB=4.7(83.11%)
2026-08-05 16:58:55  [ 60] 002916 深南电路  完成  日J=90.34 周J=6.14 月J=49.31 价=349.18 涨=5.0%  PE=65.44(96.11%) PB=13.15(91.89%)
2026-08-05 16:58:56  [ 61] 300394 天孚通信  完成  日J=105.63 周J=10.32 月J=29.9 价=216.85 涨=2.29%  PE=108.91(94.77%) PB=39.56(95.06%)
2026-08-05 16:58:57  [ 62] 601919 中远海控  完成  日J=38.5 周J=111.04 月J=61.55 价=15.4 涨=0.26%  PE=9.39(58.54%) PB=1.0(31.67%)
2026-08-05 16:58:59  [ 63] 600309 万华化学  完成  日J=37.48 周J=93.25 月J=19.91 价=74.45 涨=1.1%  PE=17.71(63.15%) PB=2.09(9.45%)
2026-08-05 16:59:00  [ 64] 300476 胜宏科技  完成  日J=78.74 周J=12.17 月J=9.59 价=236.35 涨=17.12%  PE=49.64(83.88%) PB=13.35(88.72%)
2026-08-05 16:59:02  [ 65] 601225 陕西煤业  完成  日J=9.93 周J=66.7 月J=51.59 价=23.89 涨=-0.13%  PE=14.32(96.5%) PB=2.27(78.84%)
2026-08-05 16:59:03  [ 66] 000651 格力电器  完成  日J=-0.7 周J=89.07 月J=83.85 价=40.27 涨=-0.62%  PE=7.73(26.73%) PB=1.48(4.75%)
2026-08-05 16:59:05  [ 67] 300274 阳光电源  完成  日J=26.95 周J=1.86 月J=-4.19 价=108.25 涨=1.8%  PE=18.82(34.93%) PB=4.61(43.81%)
2026-08-05 16:59:07  [ 68] 002463 沪电股份  完成  日J=88.35 周J=8.48 月J=50.56 价=115.6 涨=3.43%  PE=51.71(96.88%) PB=13.25(97.98%)
2026-08-05 16:59:08  [ 69] 002714 牧原股份  完成  日J=12.94 周J=88.08 月J=26.87 价=38.36 涨=0.89%  PE=22.64(67.27%) PB=2.57(1.58%)
2026-08-05 16:59:09  [ 70] 000725 京东方Ａ  完成  日J=83.66 周J=-3.64 月J=41.04 价=5.97 涨=6.04%  PE=37.17(57.63%) PB=1.62(73.46%)
2026-08-05 16:59:11  [ 71] 000001 平安银行  完成  日J=41.14 周J=97.92 月J=84.68 价=11.25 涨=-1.66%  PE=5.07(29.41%) PB=0.47(7.68%)
2026-08-05 16:59:12  [ 72] 603288 海天味业  完成  日J=38.49 周J=96.98 月J=60.38 价=36.97 涨=-0.96%  PE=29.72(2.45%) PB=5.15(3.41%)
2026-08-05 16:59:14  [ 73] 688808 联讯仪器  完成  日J=78.4 周J=20.18 月J=52.41 价=2079.0 涨=6.68%  PE=781.2(61.43%) PB=208.02(61.43%)
2026-08-05 16:59:15  [ 74] 600919 江苏银行  完成  日J=31.55 周J=95.45 月J=100.2 价=11.6 涨=1.22%  PE=5.89(76.15%) PB=0.81(88.1%)
2026-08-05 16:59:16  [ 75] 002938 鹏鼎控股  完成  日J=83.25 周J=8.22 月J=56.38 价=91.13 涨=2.39%  PE=56.89(97.64%) PB=6.1(94.24%)
2026-08-05 16:59:18  [ 76] 600690 海尔智家  完成  日J=33.99 周J=96.46 月J=30.23 价=22.34 涨=-0.67%  PE=11.19(6.48%) PB=1.67(3.89%)
2026-08-05 16:59:19  [ 77] 002142 宁波银行  完成  日J=17.16 周J=86.51 月J=76.36 价=31.65 涨=0.48%  PE=6.94(30.61%) PB=0.9(27.35%)
2026-08-05 16:59:21  [ 78] 601066 中信建投  完成  日J=42.0 周J=15.96 月J=56.64 价=26.03 涨=0.7%  PE=17.92(9.17%) PB=2.34(21.49%)
2026-08-05 16:59:22  [ 79] 003816 中国广核  完成  日J=8.38 周J=45.27 月J=21.58 价=3.99 涨=-1.97%  PE=21.25(88.65%) PB=1.6(63.58%)
2026-08-05 16:59:24  [ 80] 601336 新华保险  完成  日J=28.15 周J=82.17 月J=10.46 价=63.31 涨=1.64%  PE=5.35(3.36%) PB=1.6(49.76%)
2026-08-05 16:59:25  [ 81] 600406 国电南瑞  完成  日J=68.6 周J=97.32 月J=21.74 价=24.54 涨=-1.72%  PE=23.69(30.85%) PB=3.68(40.02%)
2026-08-05 16:59:26  [ 82] 688072 拓荆科技  完成  日J=25.71 周J=26.07 月J=58.02 价=677.88 涨=12.14%  PE=119.84(74.18%) PB=27.19(97.02%)
2026-08-05 16:59:28  [ 83] 600188 兖矿能源  完成  日J=7.59 周J=25.81 月J=39.81 价=19.34 涨=2.0%  PE=20.32(95.83%) PB=2.54(72.36%)
2026-08-05 16:59:29  [ 84] 601668 中国建筑  完成  日J=18.07 周J=104.97 月J=54.4 价=4.58 涨=-1.29%  PE=4.99(55.33%) PB=0.38(0.77%)
2026-08-05 16:59:31  [ 85] 301666 大普微-UW  完成  日J=34.01 周J=-7.83 月J=19.66 价=433.34 涨=5.28%  PE=14561.55(25.0%) PB=235.68(25.0%)
2026-08-05 16:59:32  [ 86] 300760 迈瑞医疗  完成  日J=50.92 周J=98.24 月J=31.1 价=154.3 涨=0.02%  PE=23.87(7.23%) PB=4.66(2.53%)
2026-08-05 16:59:34  [ 87] 300433 蓝思科技  完成  日J=41.88 周J=-8.71 月J=28.09 价=35.09 涨=6.49%  PE=53.86(82.73%) PB=3.39(78.5%)
2026-08-05 16:59:35  [ 88] 001248 华润新能  完成  日J=37.62 周J=8.23 月J=None 价=13.7 涨=2.85%  PE=33.97(68.0%) PB=1.97(68.0%)
2026-08-05 16:59:36  [ 89] 300033 同花顺  完成  日J=99.66 周J=62.56 月J=39.41 价=242.33 涨=3.78%  PE=54.6(55.37%) PB=26.09(97.12%)
2026-08-05 16:59:38  [ 90] 600025 华能水电  完成  日J=13.85 周J=84.14 月J=66.98 价=9.75 涨=-1.91%  PE=21.27(73.51%) PB=2.56(72.22%)
2026-08-05 16:59:39  [ 91] 601985 中国核电  完成  日J=11.03 周J=52.03 月J=70.93 价=8.82 涨=-1.23%  PE=22.04(83.97%) PB=1.51(27.54%)
2026-08-05 16:59:41  [ 92] 601818 光大银行  完成  日J=14.05 周J=89.94 月J=44.99 价=3.07 涨=-1.92%  PE=4.8(38.15%) PB=0.36(0.72%)
2026-08-05 16:59:42  [ 93] 600031 三一重工  完成  日J=13.19 周J=96.78 月J=31.23 价=19.62 涨=0.46%  PE=21.43(47.17%) PB=1.99(16.55%)
2026-08-05 16:59:43  [ 94] 600930 华电新能  完成  日J=90.03 周J=7.4 月J=2.28 价=4.3 涨=-0.92%  PE=28.02(5.84%) PB=1.62(3.89%)
2026-08-05 16:59:45  [ 95] 002352 顺丰控股  完成  日J=28.33 周J=95.51 月J=44.1 价=34.01 涨=-1.28%  PE=15.7(1.97%) PB=1.78(1.97%)
2026-08-05 16:59:46  [ 96] 601688 华泰证券  完成  日J=11.01 周J=34.57 月J=16.18 价=19.77 涨=0.87%  PE=10.17(20.68%) PB=1.0(39.01%)
2026-08-05 16:59:48  [ 97] 001399 惠科股份  完成  日J=42.8 周J=-3.1 月J=None 价=24.01 涨=4.07%  PE=46.99(20.69%) PB=6.74(20.69%)
2026-08-05 16:59:49  [ 98] 601898 中煤能源  完成  日J=2.98 周J=30.14 月J=3.1 价=13.34 涨=-1.4%  PE=9.96(45.73%) PB=1.08(80.37%)
2026-08-05 16:59:51  [ 99] 301377 鼎泰高科  完成  日J=85.83 周J=1.62 月J=46.96 价=416.07 涨=10.74%  PE=283.82(96.77%) PB=60.8(96.77%)
2026-08-05 16:59:52  [100] 603268 松发股份  完成  日J=109.48 周J=88.52 月J=94.38 价=172.87 涨=10.0%  PE=50.4(63.29%) PB=16.7(85.94%)
2026-08-05 16:59:52  全部完成，结果已写入 C:\Users\hailo\Desktop\每周自动指标\output\2026-08-05\metrics_2026-08-05.csv
2026-08-05 16:59:52  步骤2完成 -> C:\Users\hailo\Desktop\每周自动指标\output\2026-08-05\metrics_2026-08-05.csv
2026-08-05 16:59:52  步骤3: 生成 HTML 总结报告…
2026-08-05 16:59:52  步骤3完成 -> C:\Users\hailo\Desktop\每周自动指标\output\2026-08-05\report_2026-08-05.html
2026-08-05 16:59:52  步骤4: 发送邮件报告…
2026-08-05 16:59:54  步骤4完成: 邮件已发送
2026-08-05 16:59:54  ===== 全部完成 2026-08-05 =====
2026-08-05 19:00:11  今日(2026-08-05)已完成，跳过。结果目录: C:\Users\hailo\Desktop\每周自动指标\output\2026-08-05
