2026-09-18 21:05:01  ===== 开始每日指标任务 2026-09-18 =====
2026-09-18 21:05:01  步骤1: 获取 A股市值前100…
2026-09-18 21:05:02  步骤1完成 -> /home/runner/work/daily-stock-metrics/daily-stock-metrics/output/2026-09-18/top100_2026-09-18.csv
2026-09-18 21:05:02  步骤2: 计算 KDJ-J(日/周/月) 及 PE/PB 历史分位…
2026-09-18 21:05:02  观察池: 共113只(含历史追踪13只) -> /home/runner/work/daily-stock-metrics/daily-stock-metrics/output/2026-09-18/tracked_2026-09-18.csv
2026-09-18 21:05:02  待处理 113 条，并发数 8
2026-09-18 21:05:06  [  1] 688825 长鑫科技  完成  日J=17.87 周J=76.2 月J=None MA20=56.329 MA60=None 多头=None 价=55.54 涨=3.87%  PE=46.08(17.5%) PB=27.99(55.0%)
2026-09-18 21:05:06  [  5] 601988 中国银行  完成  日J=56.92 周J=90.07 月J=102.86 MA20=6.451 MA60=6.058 多头=1 价=6.54 涨=-0.61%  PE=8.46(99.62%) PB=0.77(93.9%)
2026-09-18 21:05:06  [  6] 600941 中国移动  完成  日J=-0.39 周J=63.53 月J=79.87 MA20=98.306 MA60=95.268 多头=1 价=96.63 涨=-0.28%  PE=15.9(51.4%) PB=1.47(32.92%)
2026-09-18 21:05:06  [  3] 601939 建设银行  完成  日J=39.57 周J=80.76 月J=98.73 MA20=10.859 MA60=10.368 多头=1 价=10.81 涨=-0.92%  PE=8.16(96.98%) PB=0.79(73.11%)
2026-09-18 21:05:07  [  4] 601288 农业银行  完成  日J=31.26 周J=77.31 月J=53.76 MA20=6.89 MA60=6.609 多头=1 价=6.81 涨=-1.16%  PE=8.0(90.88%) PB=0.83(82.28%)
2026-09-18 21:05:07  [  8] 600519 贵州茅台  完成  日J=-0.86 周J=15.24 月J=32.21 MA20=1291.795 MA60=1282.687 多头=1 价=1257.12 涨=-0.78%  PE=19.3(1.98%) PB=6.25(2.22%)
2026-09-18 21:05:07  [  7] 601857 中国石油  完成  日J=5.2 周J=53.98 月J=39.58 MA20=10.902 MA60=10.34 多头=1 价=10.56 涨=-0.56%  PE=10.98(43.67%) PB=1.18(82.33%)
2026-09-18 21:05:07  [  2] 601398 工商银行  完成  日J=58.33 周J=84.35 月J=98.22 MA20=8.043 MA60=7.715 多头=1 价=8.07 涨=-0.86%  PE=7.69(95.23%) PB=0.73(68.43%)
2026-09-18 21:05:08  [  9] 600938 中国海油  完成  日J=2.23 周J=64.63 月J=26.06 MA20=33.687 MA60=31.664 多头=1 价=32.3 涨=-0.83%  PE=11.1(80.34%) PB=1.79(71.11%)
2026-09-18 21:05:09  [ 12] 300308 中际旭创  完成  日J=76.07 周J=32.19 月J=31.81 MA20=872.263 MA60=977.454 多头=0 价=926.43 涨=3.4%  PE=53.35(59.45%) PB=27.38(96.83%)
2026-09-18 21:05:09  [ 15] 600036 招商银行  完成  日J=-7.95 周J=83.6 月J=93.8 MA20=40.667 MA60=38.947 多头=1 价=40.59 涨=-0.02%  PE=6.75(30.53%) PB=0.89(15.55%)
2026-09-18 21:05:09  [ 14] 688981 中芯国际  完成  日J=78.52 周J=4.56 月J=36.31 MA20=121.625 MA60=134.051 多头=0 价=122.0 涨=2.85%  PE=144.94(64.56%) PB=6.09(85.01%)
2026-09-18 21:05:09  [ 10] 300750 宁德时代  完成  日J=4.73 周J=-6.98 月J=-4.77 MA20=345.493 MA60=370.654 多头=0 价=301.95 涨=-0.77%  PE=16.44(3.38%) PB=3.68(2.59%)
2026-09-18 21:05:10  [ 16] 601088 中国神华  完成  日J=30.61 周J=68.97 月J=71.43 MA20=47.289 MA60=44.787 多头=1 价=46.23 涨=-0.54%  PE=18.58(95.56%) PB=2.22(97.78%)
2026-09-18 21:05:10  [ 13] 601628 中国人寿  完成  日J=26.24 周J=17.04 月J=28.03 MA20=38.194 MA60=38.24 多头=0 价=37.8 涨=1.75%  PE=4.31(0.19%) PB=1.61(5.48%)
2026-09-18 21:05:11  [ 18] 601899 紫金矿业  完成  日J=8.6 周J=53.88 月J=28.99 MA20=33.242 MA60=31.362 多头=1 价=31.41 涨=1.65%  PE=12.35(5.48%) PB=4.14(76.42%)
2026-09-18 21:05:11  [ 17] 601318 中国平安  完成  日J=-0.74 周J=59.46 月J=21.87 MA20=54.925 MA60=52.294 多头=1 价=53.37 涨=0.04%  PE=6.07(0.14%) PB=0.94(18.1%)
2026-09-18 21:05:12  [ 19] 002594 比亚迪  完成  日J=49.04 周J=-0.65 月J=25.44 MA20=87.289 MA60=88.939 多头=0 价=84.3 涨=-0.79%  PE=26.11(22.64%) PB=3.2(25.28%)
2026-09-18 21:05:12  [ 21] 600900 长江电力  完成  日J=63.79 周J=38.75 月J=87.21 MA20=28.273 MA60=28.0 多头=1 价=28.27 涨=-0.67%  PE=19.11(50.8%) PB=3.2(84.45%)
2026-09-18 21:05:12  [ 20] 688256 寒武纪  完成  日J=84.52 周J=28.32 月J=41.29 MA20=1067.822 MA60=1182.014 多头=0 价=1113.14 涨=0.65%  PE=210.08(79.12%) PB=51.64(89.53%)
2026-09-18 21:05:12  [ 22] 601328 交通银行  完成  日J=63.08 周J=91.5 月J=101.12 MA20=7.354 MA60=7.013 多头=1 价=7.46 涨=-1.58%  PE=6.76(92.44%) PB=0.56(62.24%)
2026-09-18 21:05:12  [ 23] 000333 美的集团  完成  日J=6.52 周J=48.27 月J=85.21 MA20=86.344 MA60=84.029 多头=1 价=84.4 涨=-0.75%  PE=14.51(50.8%) PB=3.04(48.96%)
2026-09-18 21:05:13  [ 11] 601138 工业富联  完成  日J=19.78 周J=65.62 月J=35.91 MA20=62.935 MA60=63.098 多头=0 价=62.71 涨=2.35%  PE=26.53(86.43%) PB=7.08(90.71%)
2026-09-18 21:05:14  [ 28] 688041 海光信息  完成  日J=72.33 周J=3.99 月J=13.08 MA20=238.106 MA60=284.921 多头=0 价=241.38 涨=4.04%  PE=178.57(62.75%) PB=22.11(75.7%)
2026-09-18 21:05:14  [ 27] 601728 中国电信  完成  日J=47.09 周J=70.4 月J=66.32 MA20=6.232 MA60=6.002 多头=1 价=6.19 涨=-0.96%  PE=19.04(76.79%) PB=1.2(51.54%)
2026-09-18 21:05:14  [ 26] 300502 新易盛  完成  日J=87.57 周J=38.0 月J=40.08 MA20=407.807 MA60=453.944 多头=0 价=445.0 涨=4.87%  PE=47.31(45.37%) PB=25.54(94.28%)
2026-09-18 21:05:15  [ 30] 002371 北方华创  完成  日J=108.0 周J=18.12 月J=42.33 MA20=667.981 MA60=727.657 多头=0 价=686.51 涨=3.16%  PE=87.65(43.71%) PB=12.29(79.91%)
2026-09-18 21:05:15  [ 29] 601998 中信银行  完成  日J=62.74 周J=106.5 月J=101.0 MA20=8.819 MA60=7.951 多头=1 价=8.96 涨=0.22%  PE=6.95(92.16%) PB=0.67(77.69%)
2026-09-18 21:05:15  [ 25] 600028 中国石化  完成  日J=-7.32 周J=50.22 月J=14.33 MA20=5.397 MA60=5.134 多头=1 价=5.16 涨=0.39%  PE=17.33(84.36%) PB=0.74(34.07%)
2026-09-18 21:05:15  [ 31] 603259 药明康德  完成  日J=83.86 周J=68.28 月J=87.91 MA20=156.421 MA60=142.625 多头=1 价=160.0 涨=-0.31%  PE=22.4(33.22%) PB=5.82(51.25%)
2026-09-18 21:05:16  [ 32] 688347 华虹宏力  完成  日J=85.76 周J=-3.15 月J=36.75 MA20=232.183 MA60=275.898 多头=0 价=234.0 涨=5.93%  PE=643.62(70.98%) PB=9.54(94.99%)
2026-09-18 21:05:17  [ 33] 002475 立讯精密  完成  日J=44.58 周J=27.5 月J=20.41 MA20=55.089 MA60=57.995 多头=0 价=54.1 涨=3.78%  PE=23.53(22.78%) PB=4.5(25.05%)
2026-09-18 21:05:17  [ 35] 688235 百济神州  完成  日J=58.82 周J=-0.54 月J=49.66 MA20=264.195 MA60=269.998 多头=0 价=256.0 涨=0.23%  PE=92.22(88.32%) PB=11.14(69.46%)
2026-09-18 21:05:17  [ 36] 601869 长飞光纤  完成  日J=81.19 周J=106.95 月J=59.67 MA20=424.168 MA60=391.123 多头=1 价=454.99 涨=-2.58%  PE=109.42(88.91%) PB=23.02(98.03%)
2026-09-18 21:05:17  [ 34] 600030 中信证券  完成  日J=13.44 周J=4.44 月J=64.2 MA20=27.308 MA60=27.866 多头=0 价=26.54 涨=1.45%  PE=10.46(0.19%) PB=1.4(39.04%)
2026-09-18 21:05:18  [ 38] 603993 洛阳钼业  完成  日J=0.95 周J=11.02 月J=1.78 MA20=18.517 MA60=18.555 多头=0 价=17.51 涨=0.92%  PE=13.47(10.82%) PB=4.18(85.21%)
2026-09-18 21:05:19  [ 39] 002384 东山精密  完成  日J=75.09 周J=31.69 月J=52.57 MA20=190.689 MA60=206.921 多头=0 价=196.15 涨=1.35%  PE=100.22(89.7%) PB=14.74(96.46%)
2026-09-18 21:05:19  [ 40] 600183 生益科技  完成  日J=32.14 周J=85.94 月J=60.28 MA20=143.704 MA60=138.74 多头=1 价=143.93 涨=-1.44%  PE=67.3(96.6%) PB=18.9(97.92%)
2026-09-18 21:05:20  [ 42] 688012 中微公司  完成  日J=102.32 周J=31.67 月J=51.11 MA20=347.515 MA60=374.453 多头=0 价=354.92 涨=1.05%  PE=80.35(45.69%) PB=11.32(72.18%)
2026-09-18 21:05:20  [ 41] 601319 中国人保  完成  日J=27.19 周J=78.32 月J=32.08 MA20=7.656 MA60=7.287 多头=1 价=7.82 涨=1.69%  PE=6.08(0.37%) PB=1.02(29.25%)
2026-09-18 21:05:20  [ 37] 601166 兴业银行  完成  日J=-3.87 周J=24.72 月J=36.1 MA20=17.98 MA60=17.937 多头=1 价=17.78 涨=0.17%  PE=4.99(35.54%) PB=0.45(4.21%)
2026-09-18 21:05:20  [ 44] 601601 中国太保  完成  日J=-1.88 周J=62.12 月J=16.22 MA20=32.639 MA60=31.129 多头=1 价=32.08 涨=0.63%  PE=5.47(1.51%) PB=0.97(12.57%)
2026-09-18 21:05:21  [ 45] 601211 国泰海通  完成  日J=41.88 周J=-1.31 月J=43.78 MA20=17.622 MA60=18.188 多头=0 价=17.5 涨=1.04%  PE=9.52(3.83%) PB=0.93(25.0%)
2026-09-18 21:05:21  [ 43] 300394 天孚通信  完成  日J=90.96 周J=101.45 月J=51.5 MA20=260.216 MA60=245.787 多头=1 价=284.66 涨=2.52%  PE=133.71(96.93%) PB=49.69(98.39%)
2026-09-18 21:05:22  [ 46] 600000 浦发银行  完成  日J=0.26 周J=40.33 月J=25.68 MA20=9.211 MA60=9.038 多头=1 价=9.07 涨=0.11%  PE=5.9(63.89%) PB=0.4(26.18%)
2026-09-18 21:05:22  [ 47] 002415 海康威视  完成  日J=17.61 周J=2.25 月J=60.77 MA20=34.188 MA60=34.564 多头=0 价=32.94 涨=1.51%  PE=18.37(5.53%) PB=3.58(15.36%)
2026-09-18 21:05:22  [ 48] 600150 中国船舶  完成  日J=39.36 周J=98.59 月J=59.6 MA20=36.81 MA60=35.087 多头=1 价=39.47 涨=1.31%  PE=21.18(25.8%) PB=1.95(44.61%)
2026-09-18 21:05:23  [ 53] 688820 盛合晶微  完成  日J=98.71 周J=50.29 月J=25.23 MA20=128.694 MA60=145.388 多头=0 价=142.87 涨=7.11%  PE=284.65(54.29%) PB=13.79(46.67%)
2026-09-18 21:05:23  [ 50] 300059 东方财富  完成  日J=21.72 周J=-2.23 月J=16.0 MA20=18.869 MA60=19.609 多头=0 价=18.37 涨=1.55%  PE=19.93(0.52%) PB=2.95(7.56%)
2026-09-18 21:05:24  [ 49] 600276 恒瑞医药  完成  日J=48.91 周J=-4.52 月J=2.54 MA20=45.199 MA60=51.015 多头=0 价=43.91 涨=1.57%  PE=37.72(1.51%) PB=4.52(0.33%)
2026-09-18 21:05:24  [ 51] 603986 兆易创新  完成  日J=68.74 周J=20.16 月J=14.59 MA20=383.853 MA60=459.347 多头=0 价=388.18 涨=4.95%  PE=34.46(11.67%) PB=7.33(42.72%)
2026-09-18 21:05:25  [ 54] 002916 深南电路  完成  日J=52.71 周J=81.34 月J=54.86 MA20=368.231 MA60=371.39 多头=0 价=384.5 涨=0.21%  PE=62.85(93.81%) PB=14.53(94.19%)
2026-09-18 21:05:25  [ 56] 688808 联讯仪器  完成  日J=22.48 周J=89.68 月J=76.29 MA20=2406.21 MA60=2179.84 多头=1 价=2468.0 涨=4.09%  PE=370.31(13.73%) PB=74.8(53.92%)
2026-09-18 21:05:25  [ 55] 300408 三环集团  完成  日J=101.44 周J=86.49 月J=55.59 MA20=116.683 MA60=120.888 多头=0 价=130.96 涨=2.3%  PE=78.92(97.83%) PB=11.55(99.1%)
2026-09-18 21:05:26  [ 52] 000858 五 粮 液  完成  日J=23.11 周J=4.08 月J=5.57 MA20=70.828 MA60=72.549 多头=0 价=70.0 涨=1.26%  PE=20.77(22.5%) PB=2.29(0.52%)
2026-09-18 21:05:26  [ 24] 601658 邮储银行  完成  日J=-4.58 周J=69.0 月J=78.95 MA20=5.319 MA60=5.109 多头=1 价=5.33 涨=-0.93%  PE=7.14(75.44%) PB=0.61(22.55%)
2026-09-18 21:05:27  [ 57] 688008 澜起科技  完成  日J=95.23 周J=25.77 月J=31.65 MA20=197.043 MA60=218.999 多头=0 价=202.53 涨=4.22%  PE=80.42(49.89%) PB=11.49(74.25%)
2026-09-18 21:05:27  [ 58] 601919 中远海控  完成  日J=44.82 周J=52.07 月J=79.5 MA20=16.53 MA60=15.49 多头=1 价=16.1 涨=-1.04%  PE=9.19(57.18%) PB=1.05(40.36%)
2026-09-18 21:05:27  [ 60] 002714 牧原股份  完成  日J=5.78 周J=65.89 月J=50.53 MA20=41.874 MA60=39.821 多头=1 价=41.35 涨=0.17%  PE=-212.98(13.56%) PB=3.02(9.97%)
2026-09-18 21:05:27  [ 61] 002463 沪电股份  完成  日J=40.9 周J=78.14 月J=56.34 MA20=122.115 MA60=122.516 多头=0 价=123.5 涨=0.02%  PE=46.94(93.24%) PB=13.21(97.64%)
2026-09-18 21:05:28  [ 63] 601816 京沪高铁  完成  日J=25.1 周J=17.69 月J=69.83 MA20=4.845 MA60=4.824 多头=1 价=4.75 涨=-0.21%  PE=17.05(0.99%) PB=1.11(1.42%)
2026-09-18 21:05:28  [ 62] 000338 潍柴动力  完成  日J=67.9 周J=40.21 月J=49.46 MA20=26.792 MA60=27.505 多头=0 价=27.23 涨=2.18%  PE=18.11(82.51%) PB=2.45(80.95%)
2026-09-18 21:05:28  [ 64] 002379 宏桥控股  完成  日J=7.14 周J=22.31 月J=4.75 MA20=18.341 MA60=18.115 多头=1 价=17.63 涨=2.8%  PE=9.31(61.11%) PB=3.97(78.12%)
2026-09-18 21:05:28  [ 59] 601225 陕西煤业  完成  日J=4.51 周J=51.2 月J=78.22 MA20=26.226 MA60=24.842 多头=1 价=25.2 涨=-0.87%  PE=11.98(85.68%) PB=2.42(85.21%)
2026-09-18 21:05:29  [ 66] 688498 源杰科技  完成  日J=83.2 周J=93.83 月J=79.5 MA20=1628.838 MA60=1549.586 多头=1 价=1835.0 涨=2.82%  PE=303.91(54.02%) PB=72.72(98.79%)
2026-09-18 21:05:29  [ 67] 000001 平安银行  完成  日J=25.26 周J=80.07 月J=102.25 MA20=11.744 MA60=11.217 多头=1 价=11.7 涨=0.78%  PE=5.22(34.92%) PB=0.48(12.76%)
2026-09-18 21:05:30  [ 65] 002142 宁波银行  完成  日J=22.68 周J=86.11 月J=90.14 MA20=34.501 MA60=32.466 多头=1 价=34.65 涨=0.17%  PE=7.35(36.29%) PB=0.94(31.76%)
2026-09-18 21:05:30  [ 68] 600919 江苏银行  完成  日J=0.49 周J=74.57 月J=96.77 MA20=12.233 MA60=11.714 多头=1 价=12.17 涨=1.08%  PE=6.18(83.27%) PB=0.82(90.83%)
2026-09-18 21:05:30  [ 71] 688801 燧原科技-U  完成  日J=104.71 周J=None 月J=None MA20=None MA60=None 多头=None 价=517.13 涨=3.43%  PE=-187.69(16.67%) PB=84.18(100.0%)
2026-09-18 21:05:30  [ 72] 688802 沐曦股份-U  完成  日J=77.42 周J=8.42 月J=30.37 MA20=590.858 MA60=719.506 多头=0 价=554.83 涨=1.52%  PE=24952.14(96.22%) PB=16.0(13.51%)
2026-09-18 21:05:30  [ 70] 600309 万华化学  完成  日J=5.13 周J=47.62 月J=12.69 MA20=74.542 MA60=72.647 多头=1 价=71.15 涨=1.17%  PE=13.53(26.98%) PB=1.96(6.24%)
2026-09-18 21:05:30  [ 69] 300476 胜宏科技  完成  日J=32.8 周J=47.78 月J=5.81 MA20=233.684 MA60=251.438 多头=0 价=227.05 涨=1.86%  PE=44.4(79.06%) PB=5.89(81.43%)
2026-09-18 21:05:32  [ 79] 688836 宇树科技-W  完成  日J=74.89 周J=4.68 月J=None MA20=537.108 MA60=None 多头=None 价=514.98 涨=2.33%  PE=356.52(34.78%) PB=72.32(34.78%)
2026-09-18 21:05:32  [ 73] 000725 京东方Ａ  完成  日J=108.74 周J=36.08 月J=35.26 MA20=5.668 MA60=6.239 多头=0 价=5.92 涨=2.96%  PE=27.91(48.77%) PB=1.65(74.01%)
2026-09-18 21:05:32  [ 77] 688072 拓荆科技  完成  日J=115.88 周J=37.04 月J=56.92 MA20=656.132 MA60=699.121 多头=0 价=720.06 涨=3.76%  PE=96.72(49.07%) PB=16.55(93.85%)
2026-09-18 21:05:32  [ 75] 003816 中国广核  完成  日J=7.87 周J=86.32 月J=41.34 MA20=4.253 MA60=4.044 多头=1 价=4.24 涨=-0.24%  PE=21.58(88.51%) PB=1.73(77.78%)
2026-09-18 21:05:33  [ 80] 603288 海天味业  完成  日J=43.99 周J=-2.1 月J=25.14 MA20=34.319 MA60=35.249 多头=0 价=33.85 涨=-0.12%  PE=27.07(0.47%) PB=5.07(2.13%)
2026-09-18 21:05:33  [ 76] 603268 松发股份  完成  日J=65.03 周J=101.91 月J=98.28 MA20=191.893 MA60=171.418 多头=1 价=208.0 涨=7.49%  PE=37.73(50.71%) PB=16.22(84.36%)
2026-09-18 21:05:33  [ 78] 002938 鹏鼎控股  完成  日J=32.08 周J=48.44 月J=53.78 MA20=89.003 MA60=92.112 多头=0 价=89.88 涨=-0.92%  PE=54.98(96.6%) PB=6.06(93.2%)
2026-09-18 21:05:33  [ 74] 000651 格力电器  完成  日J=28.29 周J=39.01 月J=88.49 MA20=38.801 MA60=38.224 多头=1 价=38.56 涨=1.53%  PE=7.75(27.98%) PB=1.45(3.54%)
2026-09-18 21:05:34  [ 81] 600188 兖矿能源  完成  日J=-3.68 周J=41.12 月J=49.43 MA20=21.508 MA60=20.426 多头=1 价=19.68 涨=-2.33%  PE=18.47(92.77%) PB=2.57(73.25%)
2026-09-18 21:05:35  [ 84] 300760 迈瑞医疗  完成  日J=-14.62 周J=65.2 月J=42.94 MA20=162.918 MA60=152.498 多头=1 价=156.87 涨=0.04%  PE=24.17(9.08%) PB=4.69(3.32%)
2026-09-18 21:05:35  [ 83] 600690 海尔智家  完成  日J=-3.46 周J=32.87 月J=29.42 MA20=21.212 MA60=20.819 多头=1 价=20.68 涨=-0.1%  PE=10.79(4.77%) PB=1.61(3.07%)
2026-09-18 21:05:35  [ 87] 601066 中信建投  完成  日J=15.58 周J=1.13 月J=37.19 MA20=24.565 MA60=25.872 多头=0 价=23.62 涨=1.85%  PE=14.58(0.7%) PB=2.09(12.52%)
2026-09-18 21:05:35  [ 86] 601898 中煤能源  完成  日J=-5.43 周J=54.52 月J=22.57 MA20=14.807 MA60=13.827 多头=1 价=13.86 涨=-1.07%  PE=10.02(45.75%) PB=1.11(82.8%)
2026-09-18 21:05:35  [ 88] 300274 阳光电源  完成  日J=76.95 周J=5.81 月J=-14.91 MA20=91.701 MA60=107.964 多头=0 价=87.89 涨=3.8%  PE=16.59(26.98%) PB=3.63(33.03%)
2026-09-18 21:05:36  [ 85] 601985 中国核电  完成  日J=22.0 周J=63.0 月J=76.27 MA20=8.971 MA60=8.878 多头=1 价=8.94 涨=-0.78%  PE=25.26(99.29%) PB=1.55(35.68%)
2026-09-18 21:05:37  [ 82] 688795 摩尔线程-U  完成  日J=70.13 周J=10.1 月J=12.97 MA20=455.066 MA60=562.582 多头=0 价=410.0 涨=3.65%  PE=-259.93(60.62%) PB=15.83(4.66%)
2026-09-18 21:05:37  [ 89] 601336 新华保险  完成  日J=19.97 周J=12.84 月J=6.65 MA20=59.715 MA60=60.288 多头=0 价=58.18 涨=1.31%  PE=4.1(0.19%) PB=1.47(40.74%)
2026-09-18 21:05:37  [ 90] 300604 长川科技  完成  日J=95.37 周J=36.41 月J=56.98 MA20=269.853 MA60=286.784 多头=0 价=279.73 涨=4.71%  PE=96.67(42.58%) PB=32.08(98.3%)
2026-09-18 21:05:38  [ 94] 601091 C沈鼓  完成  日J=None 周J=None 月J=None MA20=None MA60=None 多头=None  PE=245.13(100.0%) PB=31.89(100.0%)
2026-09-18 21:05:38  [ 93] 600176 中国巨石  完成  日J=48.66 周J=58.49 月J=34.05 MA20=43.236 MA60=46.248 多头=0 价=45.02 涨=-4.52%  PE=39.77(94.99%) PB=5.44(98.53%)
2026-09-18 21:05:39  [ 95] 601818 光大银行  完成  日J=38.92 周J=29.51 月J=43.5 MA20=3.04 MA60=3.035 多头=1 价=3.02 涨=-0.98%  PE=5.42(61.58%) PB=0.35(0.85%)
2026-09-18 21:05:39  [ 99] 301666 大普微-UW  完成  日J=60.23 周J=15.57 月J=13.8 MA20=409.37 MA60=465.383 多头=0 价=400.3 涨=6.87%  PE=144.66(17.59%) PB=47.89(11.11%)
2026-09-18 21:05:40  [ 91] 601872 招商轮船  完成  日J=93.4 周J=105.23 月J=89.69 MA20=19.558 MA60=17.561 多头=1 价=22.36 涨=2.33%  PE=16.64(55.43%) PB=3.85(99.91%)
2026-09-18 21:05:40  [ 98] 300433 蓝思科技  完成  日J=29.48 周J=23.06 月J=23.94 MA20=35.762 MA60=38.136 多头=0 价=33.48 涨=0.12%  PE=51.2(80.81%) PB=3.35(76.47%)
2026-09-18 21:05:40  [ 96] 600406 国电南瑞  完成  日J=24.76 周J=6.68 月J=-0.02 MA20=22.612 MA60=23.108 多头=0 价=22.05 涨=0.46%  PE=21.08(7.99%) PB=3.4(23.44%)
2026-09-18 21:05:40  [100] 301377 鼎泰高科  完成  日J=85.72 周J=44.8 月J=41.76 MA20=396.969 MA60=426.083 多头=0 价=408.89 涨=2.43%  PE=181.94(86.56%) PB=55.52(94.84%)
2026-09-18 21:05:41  [101] 601766 中国中车  完成  日J=10.39 周J=72.88 月J=57.73 MA20=6.141 MA60=5.849 多头=1 价=6.0 涨=0.84%  PE=12.36(3.97%) PB=0.98(9.4%)
2026-09-18 21:05:42  [102] 002352 顺丰控股  完成  日J=52.52 周J=2.39 月J=17.22 MA20=31.511 MA60=32.343 多头=0 价=30.78 涨=0.1%  PE=14.89(0.76%) PB=1.58(0.14%)
2026-09-18 21:05:42  [ 97] 601668 中国建筑  完成  日J=23.31 周J=2.55 月J=33.79 MA20=4.365 MA60=4.429 多头=0 价=4.28 涨=0.23%  PE=5.58(76.89%) PB=0.36(0.14%)
2026-09-18 21:05:42  [104] 601688 华泰证券  完成  日J=-1.44 周J=12.59 月J=9.45 MA20=19.055 MA60=19.44 多头=0 价=18.33 涨=1.1%  PE=8.06(0.09%) PB=0.93(27.22%)
2026-09-18 21:05:42  [103] 600031 三一重工  完成  日J=0.1 周J=25.31 月J=20.92 MA20=19.39 MA60=19.181 多头=1 价=17.89 涨=-1.0%  PE=18.52(39.84%) PB=1.79(4.54%)
2026-09-18 21:05:43  [ 92] 600025 华能水电  完成  日J=35.64 周J=19.29 月J=60.81 MA20=9.728 MA60=9.712 多头=1 价=9.68 涨=-0.51%  PE=21.8(77.46%) PB=2.58(72.35%)
2026-09-18 21:05:43  [106] 600487 亨通光电  完成  日J=93.34 周J=91.09 月J=30.98 MA20=65.543 MA60=66.006 多头=0 价=69.49 涨=1.46%  PE=40.94(94.75%) PB=5.08(95.89%)
2026-09-18 21:05:44  [105] 600989 宝丰能源  完成  日J=6.11 周J=70.72 月J=18.58 MA20=23.916 MA60=22.642 多头=1 价=23.59 涨=1.55%  PE=11.26(0.62%) PB=3.13(56.49%)
2026-09-18 21:05:44  [107] 600547 山东黄金  完成  日J=3.69 周J=74.8 月J=18.69 MA20=35.639 MA60=30.05 多头=1 价=32.77 涨=-0.27%  PE=27.6(10.21%) PB=4.56(61.15%)
2026-09-18 21:05:44  [109] 302132 中航成飞  完成  日J=-10.63 周J=68.67 月J=15.61 MA20=60.807 MA60=58.238 多头=1 价=59.14 涨=-0.61%  PE=48.95(71.36%) PB=7.56(61.11%)
2026-09-18 21:05:45  [110] 601600 中国铝业  完成  日J=19.51 周J=66.96 月J=6.7 MA20=9.578 MA60=9.175 多头=1 价=9.35 涨=2.07%  PE=9.18(3.59%) PB=1.9(71.08%)
2026-09-18 21:05:45  [113] 600930 华电新能  完成  日J=68.78 周J=18.0 月J=-1.91 MA20=3.941 MA60=4.229 多头=0 价=3.97 涨=1.79%  PE=34.06(78.2%) PB=1.49(7.27%)
2026-09-18 21:05:45  [108] 000776 广发证券  完成  日J=23.97 周J=30.24 月J=49.14 MA20=21.218 MA60=21.425 多头=0 价=20.79 涨=3.85%  PE=8.61(0.24%) PB=1.18(51.75%)
2026-09-18 21:05:45  [111] 600362 江西铜业  完成  日J=1.47 周J=61.74 月J=10.22 MA20=46.549 MA60=44.407 多头=1 价=44.03 涨=1.78%  PE=13.16(38.04%) PB=1.74(92.16%)
2026-09-18 21:05:45  [112] 600887 伊利股份  完成  日J=59.65 周J=66.49 月J=69.17 MA20=26.465 MA60=26.062 多头=1 价=26.6 涨=0.15%  PE=16.62(19.94%) PB=3.13(15.78%)
2026-09-18 21:05:45  全部完成，结果已写入 /home/runner/work/daily-stock-metrics/daily-stock-metrics/output/2026-09-18/metrics_2026-09-18.csv
2026-09-18 21:05:45  步骤2完成 -> /home/runner/work/daily-stock-metrics/daily-stock-metrics/output/2026-09-18/metrics_2026-09-18.csv
2026-09-18 21:05:45  步骤2.5: 获取全市场大盘温度（活跃市值指标）…
2026-09-18 21:07:02  步骤2.5完成
2026-09-18 21:07:02  步骤2.6: 本地聚合 → 行业板块温度 / 大盘宽度仪表盘 / 机会榜
2026-09-18 21:07:02    - 板块温度: 13 个行业
2026-09-18 21:07:02    - 机会榜: 超跌 30 / 超买 14
2026-09-18 21:07:02  步骤2.6完成
2026-09-18 21:07:02  步骤3: 生成 HTML 总结报告…
2026-09-18 21:07:03  步骤3完成 -> /home/runner/work/daily-stock-metrics/daily-stock-metrics/output/2026-09-18/report_2026-09-18.html
2026-09-18 21:07:03  步骤4: 生成个股股价走势图（含每日信号）…
2026-09-18 21:07:03  步骤4完成 -> /home/runner/work/daily-stock-metrics/daily-stock-metrics/output/stock_charts.html
2026-09-18 21:07:03  步骤4.5: 生成昨日推荐回顾…
2026-09-18 21:07:03  步骤4.5完成 -> 已追加昨日推荐回顾
2026-09-18 21:07:03  步骤5: 发送邮件报告…
2026-09-18 21:07:08  步骤5完成: 邮件已发送
2026-09-18 21:07:08  ===== 全部完成 2026-09-18 =====
2026-09-18 21:30:26  今日(2026-09-18)已完成，跳过。结果目录: /home/runner/work/daily-stock-metrics/daily-stock-metrics/output/2026-09-18
2026-09-18 21:45:55  今日(2026-09-18)已完成，跳过。结果目录: /home/runner/work/daily-stock-metrics/daily-stock-metrics/output/2026-09-18
2026-09-18 22:46:53  今日(2026-09-18)已完成，跳过。结果目录: /home/runner/work/daily-stock-metrics/daily-stock-metrics/output/2026-09-18
