2026-09-16 21:42:50  ===== 开始每日港股通指标任务 2026-09-16 =====
2026-09-16 21:42:50  步骤1: 获取港股通总市值前100标的...
获取港股通标的列表(共取市值前 100 只)...
接口返回 100 只港股通标的
2026-09-16 21:42:51  步骤1完成 -> /home/runner/work/daily-stock-metrics/daily-stock-metrics/output_hk/2026-09-16/hk_list_2026-09-16.csv
2026-09-16 21:42:51  步骤2: 计算 KDJ-J(日/周/月)...
2026-09-16 21:42:51  步骤2: 计算指标...
2026-09-16 21:42:51  观察池: 共105只(含历史追踪5只)
2026-09-16 21:42:51  待处理 105 条，并发数 8
2026-09-16 21:42:55  [  5] 03750 宁德时代  完成  日J=13.36 周J=0.06 月J=12.91 MA20=582.925 MA60=622.242 多头=0 价=501.0 涨=-2.91%  PE=24.06(None%) PB=5.31(None%)
2026-09-16 21:42:55  [  7] 09988 阿里巴巴-W  完成  日J=24.7 周J=-0.47 月J=16.59 MA20=111.83 MA60=112.207 多头=0 价=106.2 涨=-0.93%  PE=24.85(None%) PB=1.68(None%)
2026-09-16 21:42:55  [  6] 01288 农业银行  完成  日J=27.08 周J=80.49 月J=90.23 MA20=6.347 MA60=5.961 多头=1 价=6.36 涨=0.79%  PE=6.59(None%) PB=0.68(None%)
2026-09-16 21:42:55  [  1] 00700 腾讯控股  完成  日J=64.96 周J=7.32 月J=4.84 MA20=440.59 MA60=451.253 多头=0 价=433.4 涨=-1.23%  PE=14.77(None%) PB=3.01(None%)
2026-09-16 21:42:55  [  2] 00005 汇丰控股  完成  日J=1.92 周J=40.46 月J=85.04 MA20=162.955 MA60=159.523 多头=1 价=160.9 涨=0.81%  PE=14.64(None%) PB=2.04(None%)
2026-09-16 21:42:55  [  3] 01398 工商银行  完成  日J=26.85 周J=86.89 月J=90.58 MA20=7.548 MA60=7.184 多头=1 价=7.54 涨=0.6%  PE=6.34(None%) PB=0.59(None%)
2026-09-16 21:42:55  [  4] 00939 建设银行  完成  日J=42.98 周J=96.8 月J=96.46 MA20=9.487 MA60=8.876 多头=1 价=9.63 涨=0.26%  PE=6.42(None%) PB=0.61(None%)
2026-09-16 21:42:55  [  8] 03988 中国银行  完成  日J=40.27 周J=97.54 月J=97.61 MA20=5.814 MA60=5.401 多头=1 价=5.98 涨=0.42%  PE=6.82(None%) PB=0.61(None%)
2026-09-16 21:42:57  [ 11] 03308 中际旭创  完成  日J=51.38 周J=56.96 月J=None MA20=1077.05 MA60=None 多头=None 价=1137.0 涨=4.79%  PE=57.5(None%) PB=27.63(None%)
2026-09-16 21:42:57  [  9] 00857 中国石油股份  完成  日J=-6.47 周J=55.29 月J=33.65 MA20=10.079 MA60=9.668 多头=1 价=9.79 涨=-1.85%  PE=8.94(None%) PB=0.95(None%)
2026-09-16 21:42:57  [ 10] 00941 中国移动  完成  日J=51.19 周J=4.99 月J=28.1 MA20=79.805 MA60=80.243 多头=0 价=79.35 涨=0.38%  PE=11.45(None%) PB=1.03(None%)
2026-09-16 21:42:57  [ 13] 00883 中国海洋石油  完成  日J=-5.56 周J=64.94 月J=29.28 MA20=25.014 MA60=23.559 多头=1 价=24.36 涨=-0.49%  PE=7.34(None%) PB=1.17(None%)
2026-09-16 21:42:57  [ 15] 02318 中国平安  完成  日J=-10.85 周J=7.62 月J=1.74 MA20=55.657 MA60=55.223 多头=1 价=52.8 涨=-0.47%  PE=5.28(None%) PB=0.81(None%)
2026-09-16 21:42:57  [ 12] 03968 招商银行  完成  日J=-0.65 周J=80.18 月J=83.65 MA20=50.987 MA60=48.621 多头=1 价=51.35 涨=0.29%  PE=7.52(None%) PB=0.98(None%)
2026-09-16 21:42:57  [ 14] 01088 中国神华  完成  日J=37.49 周J=84.12 月J=54.32 MA20=45.57 MA60=43.455 多头=1 价=45.24 涨=-0.53%  PE=15.73(None%) PB=1.86(None%)
2026-09-16 21:42:58  [ 16] 02899 紫金矿业  完成  日J=8.99 周J=51.63 月J=29.18 MA20=36.579 MA60=33.557 多头=1 价=34.42 涨=3.36%  PE=11.9(None%) PB=3.94(None%)
2026-09-16 21:42:59  [ 19] 00300 美的集团  完成  日J=41.87 周J=74.33 月J=97.5 MA20=99.213 MA60=94.652 多头=1 价=98.65 涨=-1.05%  PE=14.88(None%) PB=3.06(None%)
2026-09-16 21:42:59  [ 17] 02628 中国人寿  完成  日J=-7.32 周J=59.53 月J=33.04 MA20=29.373 MA60=28.503 多头=1 价=28.54 涨=-1.45%  PE=2.88(None%) PB=1.05(None%)
2026-09-16 21:42:59  [ 18] 01299 友邦保险  完成  日J=54.47 周J=71.37 月J=19.2 MA20=75.7 MA60=75.045 多头=1 价=77.0 涨=1.25%  PE=12.79(None%) PB=2.5(None%)
2026-09-16 21:42:59  [ 22] 01810 小米集团-W  完成  日J=27.37 周J=12.47 月J=28.56 MA20=27.408 MA60=26.55 多头=1 价=26.18 涨=-1.21%  PE=18.03(None%) PB=2.17(None%)
2026-09-16 21:43:00  [ 24] 09999 网易  完成  日J=68.92 周J=2.16 月J=32.53 MA20=189.53 MA60=196.843 多头=0 价=186.8 涨=-0.16%  PE=16.21(None%) PB=3.12(None%)
2026-09-16 21:43:00  [ 20] 01211 比亚迪股份  完成  日J=12.77 周J=-3.59 月J=31.27 MA20=86.385 MA60=86.722 多头=0 价=79.2 涨=0.19%  PE=21.69(None%) PB=2.61(None%)
2026-09-16 21:43:00  [ 23] 01658 邮储银行  完成  日J=23.71 周J=91.35 月J=88.56 MA20=5.24 MA60=4.965 多头=1 价=5.39 涨=1.22%  PE=6.35(None%) PB=0.54(None%)
2026-09-16 21:43:00  [ 21] 03328 交通银行  完成  日J=88.68 周J=111.07 月J=108.27 MA20=7.815 MA60=7.361 多头=1 价=8.12 涨=1.25%  PE=6.5(None%) PB=0.53(None%)
2026-09-16 21:43:01  [ 25] 02359 药明康德  完成  日J=79.11 周J=63.48 月J=86.22 MA20=195.805 MA60=176.588 多头=1 价=195.1 涨=0.57%  PE=23.58(None%) PB=6.03(None%)
2026-09-16 21:43:01  [ 26] 00386 中国石油化工股份  完成  日J=-1.68 周J=74.72 月J=31.13 MA20=4.713 MA60=4.39 多头=1 价=4.61 涨=-0.54%  PE=13.74(None%) PB=0.58(None%)
2026-09-16 21:43:01  [ 27] 00981 中芯国际  完成  日J=21.65 周J=11.53 月J=32.56 MA20=67.22 MA60=71.216 多头=0 价=63.65 涨=4.77%  PE=67.1(None%) PB=2.76(None%)
2026-09-16 21:43:02  [ 32] 03690 美团-W  完成  日J=2.76 周J=-8.32 月J=38.1 MA20=78.502 MA60=81.944 多头=0 价=74.45 涨=-0.4%  PE=-10.78(None%) PB=2.36(None%)
2026-09-16 21:43:02  [ 28] 02388 中银香港  完成  日J=11.87 周J=77.92 月J=88.65 MA20=51.591 MA60=49.231 多头=1 价=51.35 涨=0.29%  PE=13.02(None%) PB=1.51(None%)
2026-09-16 21:43:02  [ 30] 00388 香港交易所  完成  日J=25.79 周J=14.99 月J=52.17 MA20=408.58 MA60=399.217 多头=1 价=395.6 涨=0.46%  PE=25.33(None%) PB=8.27(None%)
2026-09-16 21:43:02  [ 29] 02888 渣打集团  完成  日J=65.28 周J=89.31 月J=97.83 MA20=236.02 MA60=229.44 多头=1 价=244.0 涨=2.52%  PE=12.59(None%) PB=1.47(None%)
2026-09-16 21:43:02  [ 31] 00998 中信银行  完成  日J=80.37 周J=107.08 月J=93.01 MA20=8.29 MA60=7.582 多头=1 价=8.48 涨=0.47%  PE=5.79(None%) PB=0.55(None%)
2026-09-16 21:43:03  [ 33] 02475 立讯精密  完成  日J=20.19 周J=46.05 月J=None MA20=60.555 MA60=None 多头=None 价=58.5 涨=3.82%  PE=22.5(None%) PB=3.99(None%)
2026-09-16 21:43:03  [ 35] 02259 紫金黄金国际  完成  日J=43.12 周J=104.77 月J=30.73 MA20=158.23 MA60=128.374 多头=1 价=161.6 涨=3.72%  PE=21.89(None%) PB=5.91(None%)
2026-09-16 21:43:03  [ 34] 09633 农夫山泉  完成  日J=9.73 周J=3.66 月J=-1.53 MA20=41.647 MA60=41.931 多头=0 价=39.38 涨=-0.15%  PE=22.78(None%) PB=10.35(None%)
2026-09-16 21:43:04  [ 36] 00992 联想集团  完成  日J=88.26 周J=79.72 月J=100.34 MA20=31.059 MA60=26.986 多头=1 价=33.8 涨=8.33%  PE=67.2(None%) PB=7.41(None%)
2026-09-16 21:43:04  [ 37] 00728 中国电信  完成  日J=18.93 周J=11.19 月J=22.31 MA20=4.716 MA60=4.617 多头=1 价=4.53 涨=0.67%  PE=12.16(None%) PB=0.76(None%)
2026-09-16 21:43:04  [ 38] 06030 中信证券  完成  日J=1.29 周J=4.54 月J=26.19 MA20=26.27 MA60=26.968 多头=0 价=24.64 涨=0.33%  PE=8.54(None%) PB=1.07(None%)
2026-09-16 21:43:04  [ 40] 02328 中国财险  完成  日J=-0.23 周J=83.4 月J=82.21 MA20=16.736 MA60=15.648 多头=1 价=16.81 涨=0.12%  PE=6.79(None%) PB=1.07(None%)
2026-09-16 21:43:04  [ 39] 00267 中信股份  完成  日J=-10.76 周J=85.01 月J=67.31 MA20=13.247 MA60=12.192 多头=1 价=12.93 涨=-0.39%  PE=5.4(None%) PB=0.41(None%)
2026-09-16 21:43:05  [ 41] 02513 智谱  完成  日J=3.28 周J=1.9 月J=11.7 MA20=987.625 MA60=1264.958 多头=0 价=720.0 涨=5.88%  PE=-70.1(None%) PB=63.12(None%)
2026-09-16 21:43:05  [ 43] 06809 澜起科技  完成  日J=45.9 周J=17.54 月J=29.36 MA20=267.3 MA60=302.84 多头=0 价=270.2 涨=5.46%  PE=94.12(None%) PB=13.33(None%)
2026-09-16 21:43:05  [ 42] 03993 洛阳钼业  完成  日J=4.67 周J=16.48 月J=-0.92 MA20=16.77 MA60=16.619 多头=1 价=15.67 涨=3.16%  PE=10.61(None%) PB=3.25(None%)
2026-09-16 21:43:06  [ 46] 03986 兆易创新  完成  日J=18.48 周J=14.89 月J=8.5 MA20=475.04 MA60=597.732 多头=0 价=450.0 涨=3.02%  PE=34.86(None%) PB=7.36(None%)
2026-09-16 21:43:06  [ 44] 06160 百济神州  完成  日J=36.12 周J=37.72 月J=68.93 MA20=217.38 MA60=201.623 多头=1 价=206.6 涨=-2.73%  PE=62.19(None%) PB=7.85(None%)
2026-09-16 21:43:06  [ 47] 01276 恒瑞医药  完成  日J=53.46 周J=3.66 月J=-3.19 MA20=46.31 MA60=53.616 多头=0 价=45.6 涨=4.11%  PE=34.4(None%) PB=4.08(None%)
2026-09-16 21:43:06  [ 45] 00016 新鸿基地产  完成  日J=13.84 周J=11.44 月J=19.16 MA20=118.235 MA60=118.31 多头=0 价=109.6 涨=0.64%  PE=14.82(None%) PB=0.5(None%)
2026-09-16 21:43:06  [ 48] 02601 中国太保  完成  日J=-4.56 周J=39.3 月J=6.7 MA20=29.798 MA60=29.15 多头=1 价=28.74 涨=-0.69%  PE=4.31(None%) PB=0.75(None%)
2026-09-16 21:43:06  [ 49] 02611 国泰海通  完成  日J=40.71 周J=48.74 月J=37.77 MA20=15.142 MA60=14.89 多头=1 价=15.03 涨=1.14%  PE=7.17(None%) PB=0.7(None%)
2026-09-16 21:43:07  [ 50] 02378 保诚  完成  日J=10.1 周J=2.13 月J=17.2 MA20=107.11 MA60=108.832 多头=0 价=104.1 涨=2.16%  PE=9.14(None%) PB=1.68(None%)
2026-09-16 21:43:07  [ 53] 06951 三环集团  完成  日J=79.38 周J=88.45 月J=None MA20=114.825 MA60=None 多头=None 价=128.0 涨=2.48%  PE=67.85(None%) PB=9.41(None%)
2026-09-16 21:43:08  [ 51] 00001 长和  完成  日J=4.69 周J=0.47 月J=73.39 MA20=69.513 MA60=69.942 多头=0 价=67.5 涨=0.45%  PE=6.84(None%) PB=0.45(None%)
2026-09-16 21:43:08  [ 52] 01339 中国人民保险集团  完成  日J=-8.84 周J=68.35 月J=31.51 MA20=5.72 MA60=5.324 多头=1 价=5.82 涨=0.34%  PE=3.96(None%) PB=0.66(None%)
2026-09-16 21:43:08  [ 54] 02338 潍柴动力  完成  日J=0.65 周J=10.69 月J=35.61 MA20=31.717 MA60=33.337 多头=0 价=29.56 涨=-2.7%  PE=17.28(None%) PB=2.31(None%)
2026-09-16 21:43:08  [ 55] 01919 中远海控  完成  日J=55.75 周J=56.99 月J=79.95 MA20=16.975 MA60=15.562 多头=1 价=16.68 涨=2.27%  PE=8.39(None%) PB=0.95(None%)
2026-09-16 21:43:08  [ 56] 09888 百度集团-W  完成  日J=-5.07 周J=5.17 月J=-9.98 MA20=91.725 MA60=101.592 多头=0 价=88.05 涨=-0.96%  PE=-65.64(None%) PB=0.77(None%)
2026-09-16 21:43:09  [ 57] 00669 创科实业  完成  日J=44.06 周J=6.33 月J=74.84 MA20=133.965 MA60=133.207 多头=1 价=129.6 涨=0.0%  PE=23.26(None%) PB=4.06(None%)
2026-09-16 21:43:09  [ 58] 01378 中国宏桥  完成  日J=0.88 周J=31.77 月J=-7.19 MA20=23.067 MA60=22.701 多头=1 价=22.02 涨=2.51%  PE=6.9(None%) PB=1.41(None%)
2026-09-16 21:43:09  [ 60] 02714 牧原股份  完成  日J=35.7 周J=84.25 月J=35.06 MA20=36.522 MA60=33.797 多头=1 价=37.28 涨=-2.92%  PE=-153.91(None%) PB=2.36(None%)
2026-09-16 21:43:10  [ 59] 01347 华虹宏力  完成  日J=21.08 周J=1.36 月J=19.36 MA20=114.21 MA60=143.117 多头=0 价=111.9 涨=5.87%  PE=268.96(None%) PB=3.47(None%)
2026-09-16 21:43:10  [ 61] 02269 药明生物  完成  日J=77.87 周J=67.42 月J=84.75 MA20=49.51 MA60=42.909 多头=1 价=49.94 涨=1.46%  PE=36.55(None%) PB=3.74(None%)
2026-09-16 21:43:10  [ 62] 03692 翰森制药  完成  日J=25.7 周J=49.64 月J=29.26 MA20=34.362 MA60=32.956 多头=1 价=34.0 涨=0.24%  PE=27.07(None%) PB=4.74(None%)
2026-09-16 21:43:11  [ 63] 01109 华润置地  完成  日J=14.98 周J=0.6 月J=7.47 MA20=31.322 MA60=32.342 多头=0 价=28.8 涨=1.12%  PE=7.77(None%) PB=0.61(None%)
2026-09-16 21:43:11  [ 65] 09992 泡泡玛特  完成  日J=17.07 周J=42.23 月J=2.99 MA20=154.21 MA60=156.355 多头=0 价=152.6 涨=0.26%  PE=13.61(None%) PB=7.65(None%)
2026-09-16 21:43:11  [ 64] 00066 港铁公司  完成  日J=40.69 周J=62.12 月J=28.15 MA20=32.856 MA60=32.35 多头=1 价=32.82 涨=0.92%  PE=8.94(None%) PB=1.0(None%)
2026-09-16 21:43:11  [ 68] 02476 胜宏科技  完成  日J=15.66 周J=34.81 月J=-1.55 MA20=213.99 MA60=236.103 多头=0 价=197.4 涨=1.13%  PE=33.96(None%) PB=4.44(None%)
2026-09-16 21:43:11  [ 66] 02020 安踏体育  完成  日J=10.29 周J=4.69 月J=38.04 MA20=75.05 MA60=74.403 多头=1 价=72.35 涨=-1.23%  PE=11.08(None%) PB=2.45(None%)
2026-09-16 21:43:12  [ 69] 06690 海尔智家  完成  日J=20.6 周J=11.79 月J=15.17 MA20=21.183 MA60=21.026 多头=1 价=20.7 涨=-1.62%  PE=9.47(None%) PB=1.41(None%)
2026-09-16 21:43:12  [ 67] 00002 中电控股  完成  日J=32.3 周J=47.69 月J=85.43 MA20=78.18 MA60=77.19 多头=1 价=77.5 涨=0.85%  PE=18.06(None%) PB=1.77(None%)
2026-09-16 21:43:12  [ 70] 00762 中国联通  完成  日J=40.56 周J=23.46 月J=6.73 MA20=5.733 MA60=6.195 多头=0 价=5.78 涨=-0.52%  PE=9.79(None%) PB=0.41(None%)
2026-09-16 21:43:12  [ 72] 06031 三一重工  完成  日J=18.45 周J=31.81 月J=4.95 MA20=19.355 MA60=19.503 多头=0 价=18.46 涨=-4.45%  PE=16.73(None%) PB=1.6(None%)
2026-09-16 21:43:13  [ 71] 00175 吉利汽车  完成  日J=18.98 周J=-4.71 月J=6.89 MA20=17.381 MA60=18.126 多头=0 价=16.11 涨=-0.19%  PE=9.16(None%) PB=1.6(None%)
2026-09-16 21:43:13  [ 73] 06818 中国光大银行  完成  日J=18.96 周J=3.89 月J=0.56 MA20=2.905 MA60=3.002 多头=0 价=2.8 涨=0.36%  PE=4.41(None%) PB=0.28(None%)
2026-09-16 21:43:13  [ 74] 01801 信达生物  完成  日J=19.77 周J=32.1 月J=65.12 MA20=100.693 MA60=93.22 多头=1 价=94.1 涨=-0.95%  PE=114.93(None%) PB=6.85(None%)
2026-09-16 21:43:14  [ 75] 01113 长实集团  完成  日J=11.83 周J=59.38 月J=44.1 MA20=46.747 MA60=46.509 多头=1 价=46.28 涨=-0.26%  PE=12.24(None%) PB=0.4(None%)
2026-09-16 21:43:14  [ 77] 00788 中国铁塔  完成  日J=28.58 周J=-4.05 月J=4.79 MA20=9.152 MA60=9.337 多头=0 价=9.04 涨=0.39%  PE=10.48(None%) PB=0.67(None%)
2026-09-16 21:43:14  [ 78] 03288 海天味业  完成  日J=17.1 周J=-10.1 月J=-2.41 MA20=28.964 MA60=30.664 多头=0 价=26.9 涨=-0.07%  PE=18.9(None%) PB=3.5(None%)
2026-09-16 21:43:14  [ 76] 01038 长江基建集团  完成  日J=12.67 周J=70.23 月J=72.58 MA20=65.47 MA60=62.826 多头=1 价=64.1 涨=-0.39%  PE=6.42(None%) PB=1.09(None%)
2026-09-16 21:43:14  [ 79] 01988 民生银行  完成  日J=72.58 周J=76.32 月J=41.62 MA20=3.511 MA60=3.442 多头=1 价=3.58 涨=0.14%  PE=4.77(None%) PB=0.24(None%)
2026-09-16 21:43:15  [ 80] 06886 华泰证券  完成  日J=-6.25 周J=48.3 月J=30.61 MA20=17.321 MA60=16.975 多头=1 价=16.9 涨=-0.35%  PE=6.54(None%) PB=0.74(None%)
2026-09-16 21:43:15  [ 82] 06936 顺丰控股  完成  日J=2.78 周J=-5.04 月J=16.37 MA20=31.121 MA60=31.779 多头=0 价=28.72 涨=-0.42%  PE=12.21(None%) PB=1.28(None%)
2026-09-16 21:43:15  [ 81] 01816 中广核电力  完成  日J=6.74 周J=92.49 月J=21.36 MA20=3.005 MA60=2.872 多头=1 价=3.0 涨=-0.99%  PE=13.41(None%) PB=1.07(None%)
2026-09-16 21:43:16  [ 86] 09973 奇瑞汽车  完成  日J=49.95 周J=34.75 月J=15.33 MA20=25.619 MA60=25.551 多头=1 价=25.14 涨=-0.4%  PE=7.2(None%) PB=2.34(None%)
2026-09-16 21:43:16  [ 83] 01888 建滔积层板  完成  日J=49.29 周J=84.89 月J=21.99 MA20=44.136 MA60=49.756 多头=0 价=47.5 涨=-0.21%  PE=34.06(None%) PB=8.16(None%)
2026-09-16 21:43:16  [ 84] 01766 中国中车  完成  日J=-7.42 周J=77.45 月J=39.39 MA20=5.295 MA60=4.998 多头=1 价=5.12 涨=-1.06%  PE=9.26(None%) PB=0.72(None%)
2026-09-16 21:43:16  [ 85] 06869 长飞光纤光缆  完成  日J=44.27 周J=100.88 月J=38.1 MA20=166.49 MA60=156.093 多头=1 价=177.0 涨=2.19%  PE=37.16(None%) PB=7.78(None%)
2026-09-16 21:43:17  [ 87] 01898 中煤能源  完成  日J=14.97 周J=51.9 月J=12.58 MA20=11.45 MA60=10.855 多头=1 价=10.95 涨=-0.82%  PE=8.32(None%) PB=0.76(None%)
2026-09-16 21:43:17  [ 89] 02423 贝壳-W  完成  日J=2.25 周J=22.96 月J=53.56 MA20=45.658 MA60=43.413 多头=1 价=42.14 涨=-1.59%  PE=26.74(None%) PB=1.93(None%)
2026-09-16 21:43:17  [ 88] 01336 新华保险  完成  日J=-7.24 周J=48.31 月J=1.97 MA20=47.756 MA60=47.455 多头=1 价=46.5 涨=0.43%  PE=2.89(None%) PB=1.02(None%)
2026-09-16 21:43:17  [ 90] 03606 福耀玻璃  完成  日J=29.41 周J=25.83 月J=32.62 MA20=55.723 MA60=54.788 多头=1 价=54.8 涨=-2.32%  PE=14.88(None%) PB=3.25(None%)
2026-09-16 21:43:18  [ 91] 00027 银河娱乐  完成  日J=28.0 周J=26.62 月J=19.94 MA20=33.81 MA60=32.78 多头=1 价=32.36 涨=-0.37%  PE=13.23(None%) PB=1.67(None%)
2026-09-16 21:43:18  [ 92] 02600 中国铝业  完成  日J=-2.23 周J=50.5 月J=-8.55 MA20=8.537 MA60=8.239 多头=1 价=8.12 涨=1.63%  PE=6.99(None%) PB=1.43(None%)
2026-09-16 21:43:18  [ 93] 01972 太古地产  完成  日J=20.44 周J=66.68 月J=47.9 MA20=24.551 MA60=23.194 多头=1 价=24.0 涨=0.0%  PE=41.87(None%) PB=0.51(None%)
2026-09-16 21:43:18  [ 94] 01776 广发证券  完成  日J=3.89 周J=41.72 月J=61.83 MA20=17.986 MA60=17.394 多头=1 价=17.29 涨=-0.4%  PE=6.3(None%) PB=0.85(None%)
2026-09-16 21:43:19  [ 95] 00688 中国海外发展  完成  日J=7.68 周J=10.75 月J=10.07 MA20=13.145 MA60=13.144 多头=1 价=12.08 涨=-0.33%  PE=10.4(None%) PB=0.29(None%)
2026-09-16 21:43:19  [ 97] 01024 快手-W  完成  日J=1.67 周J=-4.64 月J=-9.71 MA20=32.783 MA60=39.518 多头=0 价=29.66 涨=-0.47%  PE=7.2(None%) PB=1.36(None%)
2026-09-16 21:43:19  [ 96] 00003 香港中华煤气  完成  日J=2.47 周J=49.56 月J=46.62 MA20=7.253 MA60=6.943 多头=1 价=7.08 涨=-0.21%  PE=20.76(None%) PB=2.2(None%)
2026-09-16 21:43:19  [ 98] 00006 电能实业  完成  日J=24.88 周J=67.44 月J=41.37 MA20=60.605 MA60=59.108 多头=1 价=60.15 涨=0.92%  PE=7.16(None%) PB=1.24(None%)
2026-09-16 21:43:20  [101] 01377 鼎泰高科  完成  日J=4.18 周J=17.41 月J=None MA20=330.14 MA60=None 多头=None 价=293.8 涨=-3.36%  PE=None(None%) PB=None(None%)
2026-09-16 21:43:20  [ 99] 01308 海丰国际  完成  日J=97.96 周J=75.26 月J=91.0 MA20=46.294 MA60=40.055 多头=1 价=46.76 涨=3.0%  PE=12.84(None%) PB=5.71(None%)
2026-09-16 21:43:20  [100] 06099 招商证券  完成  日J=-0.38 周J=22.49 月J=40.68 MA20=15.218 MA60=15.556 多头=0 价=14.52 涨=0.35%  PE=6.25(None%) PB=0.87(None%)
2026-09-16 21:43:20  [102] 00012 恒基地产  完成  日J=24.42 周J=6.77 月J=-0.54 MA20=27.424 MA60=27.039 多头=1 价=25.94 涨=0.54%  PE=None(None%) PB=None(None%)
2026-09-16 21:43:21  [104] 06613 蓝思科技  完成  日J=2.75 周J=42.31 月J=39.45 MA20=23.447 MA60=23.021 多头=1 价=21.48 涨=2.38%  PE=None(None%) PB=None(None%)
2026-09-16 21:43:21  [103] 01171 兖矿能源  完成  日J=1.37 周J=67.74 月J=30.88 MA20=13.155 MA60=12.185 多头=1 价=12.49 涨=-0.95%  PE=None(None%) PB=None(None%)
2026-09-16 21:43:21  [105] 00358 江西铜业股份  完成  日J=-1.76 周J=37.32 月J=8.8 MA20=36.894 MA60=34.965 多头=1 价=33.62 涨=3.0%  PE=None(None%) PB=None(None%)
2026-09-16 21:43:21  全部完成，结果已写入 /home/runner/work/daily-stock-metrics/daily-stock-metrics/output_hk/2026-09-16/metrics_2026-09-16.csv
2026-09-16 21:43:21  步骤2完成 -> /home/runner/work/daily-stock-metrics/daily-stock-metrics/output_hk/2026-09-16/metrics_2026-09-16.csv
2026-09-16 21:43:21  步骤3: 生成 HTML 总结报告...
2026-09-16 21:43:22  步骤3完成 -> /home/runner/work/daily-stock-metrics/daily-stock-metrics/output_hk/2026-09-16/report_2026-09-16.html
2026-09-16 21:43:22  步骤4: 发送邮件报告...
2026-09-16 21:43:26  步骤4完成: 邮件已发送
2026-09-16 21:43:26  ===== 全部完成 2026-09-16 =====
2026-09-16 22:06:29  今日(2026-09-16)已完成，跳过。结果目录: /home/runner/work/daily-stock-metrics/daily-stock-metrics/output_hk/2026-09-16
2026-09-16 22:18:33  今日(2026-09-16)已完成，跳过。结果目录: /home/runner/work/daily-stock-metrics/daily-stock-metrics/output_hk/2026-09-16
