2026-08-26 18:25:42  ===== 开始每日指标任务 2026-08-26 =====
2026-08-26 18:25:42  步骤1: 获取 A股市值前100…
2026-08-26 18:25:43  步骤1完成 -> C:\Users\hailo\Desktop\每周自动指标\output\2026-08-26\top100_2026-08-26.csv
2026-08-26 18:25:43  步骤2: 计算 KDJ-J(日/周/月) 及 PE/PB 历史分位…
2026-08-26 18:25:46  [  1] 688825 长鑫科技  完成  日J=23.3 周J=80.29 月J=None 价=56.1 涨=-0.71%  PE=133.07(69.57%) PB=45.91(69.57%)
2026-08-26 18:25:47  [  2] 601398 工商银行  完成  日J=100.26 周J=78.54 月J=84.28 价=7.92 涨=0.25%  PE=7.6(94.14%) PB=0.72(65.65%)
2026-08-26 18:25:49  [  3] 601939 建设银行  完成  日J=90.68 周J=83.41 月J=95.21 价=10.67 涨=0.09%  PE=8.17(97.62%) PB=0.79(73.13%)
2026-08-26 18:25:50  [  4] 601288 农业银行  完成  日J=96.61 周J=86.09 月J=36.69 价=6.86 涨=0.15%  PE=8.16(93.23%) PB=0.85(85.85%)
2026-08-26 18:25:51  [  5] 600941 中国移动  完成  日J=99.19 周J=103.08 月J=63.52 价=98.45 涨=-0.41%  PE=16.2(62.04%) PB=1.5(37.78%)
2026-08-26 18:25:53  [  6] 601857 中国石油  完成  日J=74.21 周J=103.98 月J=35.11 价=11.01 涨=-1.61%  PE=12.74(56.12%) PB=1.24(90.66%)
2026-08-26 18:25:54  [  7] 601988 中国银行  完成  日J=96.88 周J=99.65 月J=101.81 价=6.2 涨=0.98%  PE=8.14(99.48%) PB=0.73(89.95%)
2026-08-26 18:25:55  [  8] 300750 宁德时代  完成  日J=6.42 周J=72.12 月J=32.51 价=379.0 涨=0.6%  PE=20.63(13.84%) PB=4.62(24.82%)
2026-08-26 18:25:56  [  9] 600519 贵州茅台  完成  日J=32.89 周J=80.83 月J=40.35 价=1302.8 涨=-0.09%  PE=20.0(6.86%) PB=6.48(3.0%)
2026-08-26 18:25:58  [ 10] 600938 中国海油  完成  日J=54.42 周J=108.27 月J=22.74 价=33.33 涨=-0.54%  PE=12.71(90.81%) PB=1.89(79.26%)
2026-08-26 18:25:59  [ 11] 601138 工业富联  完成  日J=5.26 周J=43.75 月J=28.91 价=60.57 涨=0.7%  PE=25.62(86.32%) PB=6.84(90.23%)
2026-08-26 18:26:01  [ 12] 601628 中国人寿  完成  日J=112.3 周J=51.69 月J=25.93 价=38.58 涨=2.61%  PE=7.53(6.57%) PB=1.82(22.53%)
2026-08-26 18:26:02  [ 13] 688981 中芯国际  完成  日J=10.54 周J=3.9 月J=43.76 价=124.15 涨=3.46%  PE=210.65(89.42%) PB=7.09(92.52%)
2026-08-26 18:26:03  [ 14] 601088 中国神华  完成  日J=94.92 周J=110.2 月J=63.61 价=47.26 涨=0.19%  PE=19.88(99.38%) PB=2.13(97.95%)
2026-08-26 18:26:05  [ 15] 601318 中国平安  完成  日J=118.53 周J=102.04 月J=19.09 价=56.13 涨=2.04%  PE=6.38(0.24%) PB=0.99(27.78%)
2026-08-26 18:26:06  [ 16] 600036 招商银行  完成  日J=105.64 周J=89.5 月J=72.86 价=39.8 涨=0.76%  PE=6.66(28.59%) PB=0.89(13.43%)
2026-08-26 18:26:07  [ 17] 300308 中际旭创  完成  日J=-4.07 周J=5.55 月J=35.43 价=850.9 涨=0.58%  PE=48.66(52.98%) PB=24.97(95.33%)
2026-08-26 18:26:09  [ 18] 601899 紫金矿业  完成  日J=80.46 周J=106.75 月J=31.93 价=34.47 涨=2.35%  PE=13.55(11.1%) PB=4.54(84.85%)
2026-08-26 18:26:10  [ 19] 002594 比亚迪  完成  日J=99.17 周J=81.7 月J=46.32 价=92.09 涨=0.8%  PE=30.48(30.16%) PB=3.62(31.44%)
2026-08-26 18:26:11  [ 20] 600900 长江电力  完成  日J=62.8 周J=64.61 月J=88.71 价=28.24 涨=0.11%  PE=19.15(51.45%) PB=3.03(73.61%)
2026-08-26 18:26:13  [ 21] 000333 美的集团  完成  日J=98.44 周J=77.48 月J=88.15 价=86.39 涨=-0.35%  PE=14.91(54.65%) PB=2.84(45.02%)
2026-08-26 18:26:14  [ 22] 600028 中国石化  完成  日J=102.88 周J=96.27 月J=10.16 价=5.33 涨=-0.56%  PE=17.93(86.47%) PB=0.76(37.73%)
2026-08-26 18:26:15  [ 23] 688256 寒武纪  完成  日J=22.91 周J=-2.66 月J=41.15 价=1020.0 涨=0.94%  PE=192.5(78.0%) PB=47.32(82.39%)
2026-08-26 18:26:17  [ 24] 601328 交通银行  完成  日J=91.57 周J=91.35 月J=81.9 价=7.17 涨=0.14%  PE=6.57(90.57%) PB=0.54(54.93%)
2026-08-26 18:26:18  [ 25] 601658 邮储银行  完成  日J=115.6 周J=66.69 月J=46.93 价=5.08 涨=0.79%  PE=6.94(65.85%) PB=0.59(12.9%)
2026-08-26 18:26:22  [ 26] 601728 中国电信  完成  日J=7.85 周J=101.23 月J=60.35 价=6.42 涨=-0.47%  PE=19.74(81.73%) PB=1.24(64.69%)
2026-08-26 18:26:23  [ 27] 300502 新易盛  完成  日J=-1.56 周J=14.84 月J=40.09 价=398.78 涨=-0.52%  PE=42.38(34.59%) PB=22.88(91.47%)
2026-08-26 18:26:25  [ 28] 688041 海光信息  完成  日J=-3.78 周J=-10.8 月J=23.02 价=230.96 涨=-0.47%  PE=170.86(59.24%) PB=21.16(73.65%)
2026-08-26 18:26:26  [ 29] 002371 北方华创  完成  日J=10.22 周J=11.12 月J=50.95 价=700.7 涨=0.04%  PE=89.46(44.12%) PB=12.54(80.66%)
2026-08-26 18:26:28  [ 30] 601998 中信银行  完成  日J=101.44 周J=112.6 月J=83.85 价=8.65 涨=1.65%  PE=6.76(90.19%) PB=0.64(73.61%)
2026-08-26 18:26:29  [ 31] 603259 药明康德  完成  日J=9.67 周J=83.59 月J=89.23 价=159.25 涨=-1.09%  PE=21.93(31.27%) PB=5.7(49.9%)
2026-08-26 18:26:31  [ 32] 002475 立讯精密  完成  日J=54.45 周J=18.76 月J=32.64 价=57.11 涨=4.1%  PE=24.83(30.2%) PB=4.75(33.73%)
2026-08-26 18:26:32  [ 33] 600030 中信证券  完成  日J=72.45 周J=15.59 月J=80.31 价=27.77 涨=2.28%  PE=10.94(0.19%) PB=1.47(45.74%)
2026-08-26 18:26:35  [ 34] 688235 百济神州  完成  日J=2.54 周J=69.59 月J=58.04 价=279.0 涨=1.42%  PE=100.5(89.46%) PB=12.15(77.0%)
2026-08-26 18:26:36  [ 35] 688347 华虹宏力  完成  日J=22.73 周J=-3.95 月J=45.68 价=244.02 涨=7.71%  PE=859.41(78.81%) PB=9.37(94.47%)
2026-08-26 18:26:38  [ 36] 603993 洛阳钼业  完成  日J=78.45 周J=62.58 月J=14.88 价=19.59 涨=6.35%  PE=15.07(14.53%) PB=4.67(93.62%)
2026-08-26 18:26:39  [ 37] 601166 兴业银行  完成  日J=76.73 周J=69.68 月J=46.7 价=18.21 涨=1.05%  PE=4.97(34.64%) PB=0.46(7.34%)
2026-08-26 18:26:41  [ 38] 002384 东山精密  完成  日J=8.88 周J=20.94 月J=54.41 价=194.36 涨=1.84%  PE=99.3(89.66%) PB=14.61(96.47%)
2026-08-26 18:26:42  [ 39] 688012 中微公司  完成  日J=22.41 周J=22.25 月J=60.5 价=368.05 涨=3.97%  PE=83.33(47.07%) PB=11.74(73.24%)
2026-08-26 18:26:44  [ 40] 601869 长飞光纤  完成  日J=68.09 周J=38.31 月J=48.86 价=388.02 涨=-1.64%  PE=93.32(87.84%) PB=19.63(96.39%)
2026-08-26 18:26:45  [ 41] 601319 中国人保  完成  日J=118.95 周J=64.08 月J=12.58 价=7.24 涨=1.97%  PE=7.51(10.02%) PB=1.0(26.13%)
2026-08-26 18:26:46  [ 42] 002415 海康威视  完成  日J=67.59 周J=41.59 月J=80.58 价=34.78 涨=0.09%  PE=19.4(8.62%) PB=3.78(22.25%)
2026-08-26 18:26:48  [ 43] 600183 生益科技  完成  日J=15.46 周J=32.28 月J=47.79 价=130.01 涨=0.78%  PE=60.79(95.19%) PB=17.07(97.71%)
2026-08-26 18:26:49  [ 44] 601211 国泰海通  完成  日J=43.81 周J=4.75 月J=44.9 价=17.85 涨=3.12%  PE=9.71(4.76%) PB=0.95(28.25%)
2026-08-26 18:26:50  [ 45] 600276 恒瑞医药  完成  日J=-4.04 周J=-1.44 月J=10.59 价=46.74 涨=0.54%  PE=40.15(2.43%) PB=4.81(0.14%)
2026-08-26 18:26:52  [ 46] 601601 中国太保  完成  日J=117.54 周J=83.73 月J=10.35 价=31.98 涨=1.59%  PE=5.71(2.33%) PB=0.96(11.96%)
2026-08-26 18:26:53  [ 47] 600000 浦发银行  完成  日J=82.89 周J=72.39 月J=24.73 价=9.21 涨=1.43%  PE=5.99(67.7%) PB=0.41(29.11%)
2026-08-26 18:26:55  [ 48] 300059 东方财富  完成  日J=52.66 周J=12.88 月J=25.53 价=19.36 涨=2.27%  PE=21.01(2.72%) PB=3.11(9.48%)
2026-08-26 18:26:56  [ 49] 000858 五 粮 液  完成  日J=19.51 周J=43.17 月J=10.29 价=71.9 涨=0.53%  PE=22.15(28.78%) PB=2.18(0.38%)
2026-08-26 18:26:57  [ 50] 300394 天孚通信  完成  日J=8.63 周J=69.75 月J=40.61 价=253.58 涨=-1.37%  PE=119.11(95.19%) PB=44.27(96.38%)
2026-08-26 18:26:59  [ 51] 603986 兆易创新  完成  日J=13.54 周J=-1.33 月J=25.82 价=392.5 涨=-0.76%  PE=34.74(11.34%) PB=7.39(43.16%)
2026-08-26 18:27:00  [ 52] 688802 沐曦股份-U  完成  日J=-8.25 周J=-5.4 月J=49.56 价=657.0 涨=0.27%  PE=-400.85(47.02%) PB=20.07(41.07%)
2026-08-26 18:27:01  [ 53] 601919 中远海控  完成  日J=83.45 周J=102.71 月J=77.89 价=16.99 涨=-0.47%  PE=10.36(62.27%) PB=1.1(43.4%)
2026-08-26 18:27:03  [ 54] 600150 中国船舶  完成  日J=93.63 周J=36.76 月J=31.25 价=34.11 涨=0.8%  PE=22.7(26.63%) PB=1.72(22.3%)
2026-08-26 18:27:04  [ 55] 601225 陕西煤业  完成  日J=83.21 周J=105.67 月J=76.9 价=26.35 涨=-0.64%  PE=15.8(99.33%) PB=2.5(89.71%)
2026-08-26 18:27:05  [ 56] 688795 摩尔线程-U  完成  日J=6.32 周J=-2.47 月J=13.74 价=526.62 涨=-1.17%  PE=-333.86(39.77%) PB=20.33(0.57%)
2026-08-26 18:27:07  [ 57] 688008 澜起科技  完成  日J=19.64 周J=3.92 月J=40.59 价=201.0 涨=3.38%  PE=95.92(70.05%) PB=11.77(76.55%)
2026-08-26 18:27:08  [ 58] 300476 胜宏科技  完成  日J=10.25 周J=46.36 月J=14.12 价=249.44 涨=1.82%  PE=52.38(84.66%) PB=14.09(89.61%)
2026-08-26 18:27:09  [ 59] 601816 京沪高铁  完成  日J=46.64 周J=82.48 月J=80.77 价=4.93 涨=1.23%  PE=18.07(2.75%) PB=1.15(3.31%)
2026-08-26 18:27:11  [ 60] 002379 宏桥控股  完成  日J=31.77 周J=67.92 月J=6.52 价=18.41 涨=2.68%  PE=9.72(62.51%) PB=4.14(80.18%)
2026-08-26 18:27:12  [ 61] 688836 宇树科技-W  完成  日J=-0.23 周J=None 月J=None 价=591.53 涨=-1.87%  PE=409.51(16.67%) PB=83.07(16.67%)
2026-08-26 18:27:13  [ 62] 002916 深南电路  完成  日J=7.16 周J=28.23 月J=49.01 价=348.03 涨=2.06%  PE=65.23(95.52%) PB=13.1(91.19%)
2026-08-26 18:27:15  [ 63] 000338 潍柴动力  完成  日J=-2.52 周J=60.95 月J=53.92 价=27.03 涨=0.04%  PE=20.66(91.62%) PB=2.45(81.04%)
2026-08-26 18:27:16  [ 64] 300274 阳光电源  完成  日J=10.2 周J=21.73 月J=-0.49 价=112.62 涨=2.76%  PE=19.58(38.92%) PB=4.8(47.36%)
2026-08-26 18:27:18  [ 65] 600309 万华化学  完成  日J=45.94 周J=73.76 月J=20.01 价=74.49 涨=2.22%  PE=14.16(31.73%) PB=2.05(9.05%)
2026-08-26 18:27:19  [ 66] 000651 格力电器  完成  日J=99.0 周J=87.52 月J=100.26 价=41.58 涨=-0.1%  PE=7.98(38.49%) PB=1.53(6.62%)
2026-08-26 18:27:21  [ 67] 688808 联讯仪器  完成  日J=19.01 周J=75.19 月J=59.11 价=2259.0 涨=2.26%  PE=848.84(81.18%) PB=68.46(42.35%)
2026-08-26 18:27:22  [ 68] 002714 牧原股份  完成  日J=80.19 周J=90.9 月J=33.33 价=39.99 涨=0.15%  PE=-205.98(13.05%) PB=2.92(7.34%)
2026-08-26 18:27:23  [ 69] 002463 沪电股份  完成  日J=28.07 周J=34.07 月J=53.56 价=119.22 涨=4.31%  PE=45.31(92.52%) PB=12.75(97.57%)
2026-08-26 18:27:25  [ 70] 000001 平安银行  完成  日J=116.56 周J=103.93 月J=102.89 价=11.73 涨=1.21%  PE=5.24(35.64%) PB=0.49(12.86%)
2026-08-26 18:27:26  [ 71] 688820 盛合晶微  完成  日J=-10.52 周J=-1.98 月J=18.33 价=121.61 涨=0.4%  PE=242.29(19.32%) PB=11.74(6.82%)
2026-08-26 18:27:27  [ 72] 002142 宁波银行  完成  日J=87.59 周J=107.9 月J=89.6 价=34.04 涨=1.43%  PE=7.22(34.54%) PB=0.93(30.35%)
2026-08-26 18:27:29  [ 73] 600919 江苏银行  完成  日J=95.13 周J=102.97 月J=107.09 价=12.16 涨=1.0%  PE=6.17(83.42%) PB=0.82(91.09%)
2026-08-26 18:27:30  [ 74] 300408 三环集团  完成  日J=5.65 周J=19.76 月J=50.51 价=108.69 涨=-0.38%  PE=75.44(97.28%) PB=9.69(97.28%)
2026-08-26 18:27:31  [ 75] 600188 兖矿能源  完成  日J=22.81 周J=90.88 月J=51.71 价=21.6 涨=-0.51%  PE=22.69(97.76%) PB=2.83(85.9%)
2026-08-26 18:27:33  [ 76] 000725 京东方Ａ  完成  日J=4.81 周J=-1.92 月J=37.63 价=5.72 涨=-0.35%  PE=35.61(56.26%) PB=1.56(68.75%)
2026-08-26 18:27:34  [ 77] 603288 海天味业  完成  日J=89.23 周J=54.16 月J=52.33 价=35.93 涨=-0.08%  PE=28.88(2.33%) PB=5.38(4.95%)
2026-08-26 18:27:35  [ 78] 003816 中国广核  完成  日J=105.38 周J=68.87 月J=31.3 价=4.14 涨=4.55%  PE=21.07(87.93%) PB=1.69(73.85%)
2026-08-26 18:27:37  [ 79] 300433 蓝思科技  完成  日J=83.98 周J=19.75 月J=37.2 价=39.02 涨=2.96%  PE=59.67(84.37%) PB=3.9(87.42%)
2026-08-26 18:27:38  [ 80] 002938 鹏鼎控股  完成  日J=6.02 周J=25.23 月J=52.63 价=87.3 涨=-0.16%  PE=53.4(96.47%) PB=5.88(91.01%)
2026-08-26 18:27:39  [ 81] 600690 海尔智家  完成  日J=84.61 周J=64.14 月J=27.51 价=21.15 涨=-0.38%  PE=10.6(3.72%) PB=1.58(3.0%)
2026-08-26 18:27:41  [ 82] 688072 拓荆科技  完成  日J=14.87 周J=17.03 月J=57.69 价=675.06 涨=3.06%  PE=90.21(40.87%) PB=15.43(86.85%)
2026-08-26 18:27:42  [ 83] 601066 中信建投  完成  日J=38.79 周J=-4.96 月J=52.3 价=25.27 涨=2.56%  PE=15.59(1.41%) PB=2.24(15.74%)
2026-08-26 18:27:43  [ 84] 300760 迈瑞医疗  完成  日J=103.51 周J=100.14 月J=37.51 价=161.05 涨=-0.66%  PE=24.9(12.88%) PB=4.87(4.4%)
2026-08-26 18:27:45  [ 85] 601898 XD中煤能  完成  日J=84.66 周J=102.73 月J=17.71 价=14.59 涨=-1.84%  PE=10.55(52.36%) PB=1.16(91.71%)
2026-08-26 18:27:46  [ 86] 688498 源杰科技  完成  日J=32.47 周J=54.98 月J=63.24 价=1540.01 涨=-0.84%  PE=538.5(71.86%) PB=75.94(96.75%)
2026-08-26 18:27:47  [ 87] 603268 松发股份  完成  日J=81.35 周J=101.41 月J=90.94 价=187.3 涨=-2.04%  PE=33.97(47.5%) PB=14.61(81.85%)
2026-08-26 18:27:49  [ 88] 601336 新华保险  完成  日J=114.61 周J=47.91 月J=9.78 价=60.98 涨=2.73%  PE=5.15(1.91%) PB=1.54(45.35%)
2026-08-26 18:27:50  [ 89] 600406 国电南瑞  完成  日J=56.27 周J=61.08 月J=13.31 价=23.42 涨=1.17%  PE=22.61(19.49%) PB=3.61(33.68%)
2026-08-26 18:27:52  [ 90] 601668 中国建筑  完成  日J=96.58 周J=62.98 月J=47.06 价=4.48 涨=0.22%  PE=4.88(50.17%) PB=0.37(0.95%)
2026-08-26 18:27:53  [ 91] 601985 中国核电  完成  日J=105.1 周J=44.59 月J=78.87 价=8.92 涨=0.9%  PE=22.29(85.56%) PB=1.53(31.01%)
2026-08-26 18:27:55  [ 92] 601818 光大银行  完成  日J=112.62 周J=68.26 月J=47.4 价=3.09 涨=0.65%  PE=4.83(39.64%) PB=0.36(1.76%)
2026-08-26 18:27:56  [ 93] 600025 华能水电  完成  日J=88.44 周J=61.75 月J=67.41 价=9.76 涨=-0.31%  PE=21.98(78.75%) PB=2.6(73.75%)
2026-08-26 18:27:57  [ 94] 300604 长川科技  完成  日J=23.38 周J=20.34 月J=62.41 价=276.2 涨=4.77%  PE=113.36(51.6%) PB=35.01(98.52%)
2026-08-26 18:27:59  [ 95] 601766 中国中车  完成  日J=76.55 周J=102.58 月J=47.68 价=6.18 涨=0.82%  PE=12.74(6.34%) PB=1.0(14.53%)
2026-08-26 18:28:00  [ 96] 002352 顺丰控股  完成  日J=100.76 周J=64.55 月J=40.6 价=33.58 涨=2.0%  PE=15.5(2.0%) PB=1.76(2.0%)
2026-08-26 18:28:02  [ 97] 600031 三一重工  完成  日J=52.41 周J=57.83 月J=23.46 价=18.86 涨=-0.47%  PE=20.6(45.12%) PB=1.91(10.53%)
2026-08-26 18:28:03  [ 98] 601688 华泰证券  完成  日J=78.84 周J=8.8 月J=14.0 价=19.14 涨=2.96%  PE=9.85(12.43%) PB=0.97(34.06%)
2026-08-26 18:28:04  [ 99] 301666 大普微-UW  完成  日J=-4.68 周J=-2.44 月J=15.08 价=391.0 涨=-1.26%  PE=141.3(10.99%) PB=46.78(2.2%)
2026-08-26 18:28:06  [100] 600989 宝丰能源  完成  日J=40.23 周J=86.26 月J=15.35 价=23.11 涨=-0.56%  PE=11.03(0.23%) PB=3.07(51.16%)
2026-08-26 18:28:06  全部完成，结果已写入 C:\Users\hailo\Desktop\每周自动指标\output\2026-08-26\metrics_2026-08-26.csv
2026-08-26 18:28:06  步骤2完成 -> C:\Users\hailo\Desktop\每周自动指标\output\2026-08-26\metrics_2026-08-26.csv
2026-08-26 18:28:06  步骤3: 生成 HTML 总结报告…
2026-08-26 18:28:06  步骤3完成 -> C:\Users\hailo\Desktop\每周自动指标\output\2026-08-26\report_2026-08-26.html
2026-08-26 18:28:06  步骤4: 生成个股股价走势图（含每日信号）…
2026-08-26 18:28:07  步骤4完成 -> C:\Users\hailo\Desktop\每周自动指标\output\stock_charts.html
2026-08-26 18:28:07  步骤5: 发送邮件报告…
2026-08-26 18:28:08  步骤5完成: 邮件已发送
2026-08-26 18:28:08  ===== 全部完成 2026-08-26 =====
2026-08-26 18:31:19  今日(2026-08-26)已完成，跳过。结果目录: C:\Users\hailo\Desktop\每周自动指标\output\2026-08-26
2026-08-26 19:00:10  ===== 开始每日指标任务 2026-08-26 =====
2026-08-26 19:00:10  步骤1已存在，跳过 -> C:\Users\hailo\Desktop\每周自动指标\output\2026-08-26\top100_2026-08-26.csv
2026-08-26 19:00:10  步骤2: 计算 KDJ-J(日/周/月) 及 PE/PB 历史分位…
2026-08-26 19:00:11  检测到已完成 100 条，跳过续跑
2026-08-26 19:00:11  全部完成，结果已写入 C:\Users\hailo\Desktop\每周自动指标\output\2026-08-26\metrics_2026-08-26.csv
2026-08-26 19:00:11  步骤2完成 -> C:\Users\hailo\Desktop\每周自动指标\output\2026-08-26\metrics_2026-08-26.csv
2026-08-26 19:00:11  步骤3: 生成 HTML 总结报告…
2026-08-26 19:00:11  步骤3完成 -> C:\Users\hailo\Desktop\每周自动指标\output\2026-08-26\report_2026-08-26.html
2026-08-26 19:00:11  步骤4: 生成个股股价走势图（含每日信号）…
2026-08-26 19:00:12  步骤4完成 -> C:\Users\hailo\Desktop\每周自动指标\output\stock_charts.html
2026-08-26 19:00:12  步骤5: 发送邮件报告…
2026-08-26 19:00:13  步骤5完成: 邮件已发送
2026-08-26 19:00:13  ===== 全部完成 2026-08-26 =====
2026-08-26 19:47:34  ===== 开始每日指标任务 2026-08-26 =====
2026-08-26 19:47:34  步骤1已存在，跳过 -> /home/runner/work/daily-stock-metrics/daily-stock-metrics/output/2026-08-26/top100_2026-08-26.csv
2026-08-26 19:47:34  步骤2: 计算 KDJ-J(日/周/月) 及 PE/PB 历史分位…
2026-08-26 19:47:34  检测到已完成 100 条，跳过续跑
2026-08-26 19:47:34  全部完成，结果已写入 /home/runner/work/daily-stock-metrics/daily-stock-metrics/output/2026-08-26/metrics_2026-08-26.csv
2026-08-26 19:47:34  步骤2完成 -> /home/runner/work/daily-stock-metrics/daily-stock-metrics/output/2026-08-26/metrics_2026-08-26.csv
2026-08-26 19:47:34  步骤3: 生成 HTML 总结报告…
2026-08-26 19:47:34  步骤3完成 -> /home/runner/work/daily-stock-metrics/daily-stock-metrics/output/2026-08-26/report_2026-08-26.html
2026-08-26 19:47:34  步骤4: 生成个股股价走势图（含每日信号）…
2026-08-26 19:47:35  步骤4完成 -> /home/runner/work/daily-stock-metrics/daily-stock-metrics/output/stock_charts.html
2026-08-26 19:47:35  步骤5: 发送邮件报告…
2026-08-26 19:47:39  步骤5完成: 邮件已发送
2026-08-26 19:47:39  ===== 全部完成 2026-08-26 =====
2026-08-26 20:14:19  今日(2026-08-26)已完成，跳过。结果目录: /home/runner/work/daily-stock-metrics/daily-stock-metrics/output/2026-08-26
