2026-08-11 17:36:54  ===== 开始每日港股通指标任务 2026-08-11 =====
2026-08-11 17:36:54  步骤1: 获取港股通总市值前100标的...
获取港股通标的列表(共取市值前 100 只)...
接口返回 100 只港股通标的
2026-08-11 17:36:54  步骤1完成 -> C:\Users\hailo\Desktop\每周自动指标\output_hk\2026-08-11\hk_list_2026-08-11.csv
2026-08-11 17:36:54  步骤2: 计算 KDJ-J(日/周/月)...
2026-08-11 17:36:57  [  1] 00700 腾讯控股  完成  日J=33.6 周J=85.78 月J=13.92 价=470.8 涨=-2.2%  PE=16.26(None%) PB=3.36(None%)
2026-08-11 17:36:58  [  2] 03750 宁德时代  完成  日J=45.55 周J=31.79 月J=55.12 价=651.5 涨=1.64%  PE=31.29(None%) PB=6.9(None%)
2026-08-11 17:37:00  [  3] 00005 汇丰控股  完成  日J=18.8 周J=72.33 月J=92.15 价=161.7 涨=-0.49%  PE=14.74(None%) PB=2.05(None%)
2026-08-11 17:37:01  [  4] 01398 工商银行  完成  日J=-2.82 周J=76.28 月J=72.19 价=7.19 涨=-0.35%  PE=6.17(None%) PB=0.57(None%)
2026-08-11 17:37:02  [  5] 09988 阿里巴巴-W  完成  日J=87.78 周J=107.17 月J=29.28 价=126.4 涨=-0.24%  PE=20.66(None%) PB=2.0(None%)
2026-08-11 17:37:04  [  6] 00939 建设银行  完成  日J=4.3 周J=79.1 月J=75.77 价=8.82 涨=-0.34%  PE=6.03(None%) PB=0.57(None%)
2026-08-11 17:37:05  [  7] 01288 农业银行  完成  日J=-9.49 周J=63.47 月J=58.5 价=5.85 涨=-0.68%  PE=6.21(None%) PB=0.64(None%)
2026-08-11 17:37:06  [  8] 00857 中国石油股份  完成  日J=34.73 周J=78.19 月J=29.53 价=9.73 涨=1.78%  PE=10.04(None%) PB=0.97(None%)
2026-08-11 17:37:08  [  9] 00941 中国移动  完成  日J=-9.47 周J=78.91 月J=47.89 价=81.7 涨=-0.43%  PE=11.67(None%) PB=1.07(None%)
2026-08-11 17:37:09  [ 10] 03988 中国银行  完成  日J=-2.37 周J=64.91 月J=77.86 价=5.26 涨=-0.47%  PE=6.18(None%) PB=0.55(None%)
2026-08-11 17:37:10  [ 11] 03968 招商银行  完成  日J=-4.47 周J=78.65 月J=50.24 价=48.34 涨=-1.35%  PE=7.22(None%) PB=0.95(None%)
2026-08-11 17:37:12  [ 12] 00883 中国海洋石油  完成  日J=74.16 周J=87.91 月J=22.24 价=24.24 涨=3.59%  PE=8.24(None%) PB=1.22(None%)
2026-08-11 17:37:13  [ 13] 02318 中国平安  完成  日J=-17.16 周J=88.14 月J=9.46 价=55.9 涨=-1.5%  PE=6.83(None%) PB=0.88(None%)
2026-08-11 17:37:14  [ 14] 01088 中国神华  完成  日J=84.52 周J=80.67 月J=35.85 价=43.88 涨=-0.68%  PE=16.13(None%) PB=1.7(None%)
2026-08-11 17:37:15  [ 15] 02899 紫金矿业  完成  日J=72.82 周J=100.89 月J=21.6 价=35.38 涨=-5.8%  PE=13.62(None%) PB=4.21(None%)
2026-08-11 17:37:17  [ 16] 01211 比亚迪股份  完成  日J=6.35 周J=91.45 月J=50.33 价=89.7 涨=-2.82%  PE=26.54(None%) PB=3.11(None%)
2026-08-11 17:37:18  [ 17] 02628 中国人寿  完成  日J=-4.1 周J=26.46 月J=19.28 价=27.2 涨=-3.06%  PE=4.76(None%) PB=1.13(None%)
2026-08-11 17:37:19  [ 18] 01299 友邦保险  完成  日J=15.88 周J=47.08 月J=5.67 价=72.85 涨=-2.21%  PE=15.54(None%) PB=2.27(None%)
2026-08-11 17:37:21  [ 19] 00300 美的集团  完成  日J=32.51 周J=98.41 月J=87.05 价=97.0 涨=-0.67%  PE=14.93(None%) PB=2.8(None%)
2026-08-11 17:37:22  [ 20] 01810 小米集团-W  完成  日J=0.04 周J=63.07 月J=22.33 价=26.66 涨=-3.48%  PE=17.39(None%) PB=2.3(None%)
2026-08-11 17:37:23  [ 21] 09999 网易  完成  日J=35.66 周J=62.54 月J=55.67 价=202.8 涨=-1.36%  PE=16.99(None%) PB=3.47(None%)
2026-08-11 17:37:24  [ 22] 03328 交通银行  完成  日J=14.83 周J=67.06 月J=71.39 价=7.3 涨=-0.14%  PE=5.98(None%) PB=0.49(None%)
2026-08-11 17:37:26  [ 23] 02359 药明康德  完成  日J=98.64 周J=102.83 月J=97.27 价=199.1 涨=0.56%  PE=23.68(None%) PB=6.15(None%)
2026-08-11 17:37:27  [ 24] 01658 邮储银行  完成  日J=5.11 周J=56.65 月J=31.47 价=4.84 涨=-0.41%  PE=5.9(None%) PB=0.5(None%)
2026-08-11 17:37:28  [ 25] 03690 美团-W  完成  日J=59.0 周J=110.33 月J=73.78 价=93.05 涨=-0.91%  PE=-12.92(None%) PB=3.38(None%)
2026-08-11 17:37:30  [ 26] 00981 中芯国际  完成  日J=61.01 周J=1.13 月J=36.71 价=65.3 涨=-1.36%  PE=103.21(None%) PB=3.08(None%)
2026-08-11 17:37:31  [ 27] 02513 智谱  完成  日J=93.89 周J=3.41 月J=28.13 价=1192.0 涨=-4.79%  PE=-106.7(None%) PB=-5.36(None%)
2026-08-11 17:37:32  [ 28] 02388 中银香港  完成  日J=29.02 周J=89.42 月J=84.64 价=50.35 涨=-0.4%  PE=13.27(None%) PB=1.48(None%)
2026-08-11 17:37:33  [ 29] 00386 中国石油化工股份  完成  日J=15.6 周J=90.2 月J=5.31 价=4.31 涨=-0.23%  PE=12.76(None%) PB=0.55(None%)
2026-08-11 17:37:34  [ 30] 00388 香港交易所  完成  日J=34.69 周J=103.09 月J=44.42 价=405.4 涨=-2.74%  PE=27.25(None%) PB=9.32(None%)
2026-08-11 17:37:36  [ 31] 02888 渣打集团  完成  日J=73.64 周J=88.45 月J=97.29 价=234.6 涨=-0.59%  PE=12.16(None%) PB=1.42(None%)
2026-08-11 17:37:37  [ 32] 09633 农夫山泉  完成  日J=36.68 周J=63.91 月J=13.16 价=43.12 涨=-2.71%  PE=27.6(None%) PB=11.1(None%)
2026-08-11 17:37:38  [ 33] 02475 立讯精密  完成  日J=76.59 周J=70.62 月J=None 价=61.6 涨=-0.81%  PE=24.79(None%) PB=4.49(None%)
2026-08-11 17:37:40  [ 34] 06030 中信证券  完成  日J=51.23 周J=44.67 月J=49.71 价=27.3 涨=-0.51%  PE=11.31(None%) PB=1.23(None%)
2026-08-11 17:37:41  [ 35] 00728 中国电信  完成  日J=0.57 周J=45.41 月J=16.11 价=4.57 涨=1.56%  PE=11.78(None%) PB=0.79(None%)
2026-08-11 17:37:42  [ 36] 00998 中信银行  完成  日J=-3.57 周J=80.04 月J=35.53 价=7.41 涨=-0.34%  PE=5.16(None%) PB=0.49(None%)
2026-08-11 17:37:43  [ 37] 03993 洛阳钼业  完成  日J=67.95 周J=71.49 月J=12.45 价=17.9 涨=-5.24%  PE=14.17(None%) PB=3.8(None%)
2026-08-11 17:37:44  [ 38] 01276 恒瑞医药  完成  日J=49.84 周J=64.52 月J=11.92 价=57.6 涨=-0.6%  PE=42.05(None%) PB=5.31(None%)
2026-08-11 17:37:46  [ 39] 02259 紫金黄金国际  完成  日J=74.51 周J=102.25 月J=7.68 价=133.8 涨=-7.08%  PE=28.73(None%) PB=5.49(None%)
2026-08-11 17:37:47  [ 40] 00992 联想集团  完成  日J=105.28 周J=92.41 月J=106.28 价=28.54 涨=-1.59%  PE=23.63(None%) PB=5.92(None%)
2026-08-11 17:37:48  [ 41] 00267 中信股份  完成  日J=11.02 周J=54.48 月J=32.2 价=11.94 涨=-0.83%  PE=5.34(None%) PB=0.4(None%)
2026-08-11 17:37:49  [ 42] 02328 中国财险  完成  日J=-9.57 周J=74.65 月J=40.41 价=15.61 涨=-1.33%  PE=8.23(None%) PB=1.04(None%)
2026-08-11 17:37:51  [ 43] 03986 兆易创新  完成  日J=65.31 周J=-6.2 月J=20.21 价=490.0 涨=-2.2%  PE=106.61(None%) PB=12.0(None%)
2026-08-11 17:37:52  [ 44] 06160 百济神州  完成  日J=97.59 周J=108.23 月J=76.51 价=218.8 涨=2.63%  PE=65.86(None%) PB=9.93(None%)
2026-08-11 17:37:53  [ 45] 00016 新鸿基地产  完成  日J=23.72 周J=43.94 月J=33.38 价=116.4 涨=-0.26%  PE=15.33(None%) PB=0.54(None%)
2026-08-11 17:37:54  [ 46] 06809 澜起科技  完成  日J=30.56 周J=-2.97 月J=36.63 价=263.0 涨=2.1%  PE=112.02(None%) PB=13.62(None%)
2026-08-11 17:37:55  [ 47] 02338 潍柴动力  完成  日J=87.91 周J=49.0 月J=58.94 价=35.6 涨=-2.14%  PE=24.3(None%) PB=2.87(None%)
2026-08-11 17:37:57  [ 48] 00001 长和  完成  日J=40.39 周J=97.54 月J=93.58 价=72.6 涨=-0.55%  PE=23.48(None%) PB=0.49(None%)
2026-08-11 17:37:58  [ 49] 02601 中国太保  完成  日J=-15.74 周J=52.06 月J=2.33 价=28.76 涨=-1.71%  PE=4.6(None%) PB=0.76(None%)
2026-08-11 17:37:59  [ 50] 02378 保诚  完成  日J=-4.38 周J=49.96 月J=28.01 价=107.4 涨=-2.89%  PE=8.68(None%) PB=1.75(None%)
2026-08-11 17:38:00  [ 51] 00669 创科实业  完成  日J=85.96 周J=92.55 月J=99.88 价=144.5 涨=-2.3%  PE=25.94(None%) PB=4.52(None%)
2026-08-11 17:38:02  [ 52] 02611 国泰海通  完成  日J=8.63 周J=8.79 月J=20.48 价=14.18 涨=-2.0%  PE=10.1(None%) PB=0.68(None%)
2026-08-11 17:38:03  [ 53] 02476 胜宏科技  完成  日J=101.0 周J=24.55 月J=11.03 价=242.0 涨=-5.17%  PE=45.43(None%) PB=10.71(None%)
2026-08-11 17:38:04  [ 54] 01378 中国宏桥  完成  日J=65.13 周J=66.87 月J=-1.38 价=24.04 涨=-1.39%  PE=9.42(None%) PB=1.63(None%)
2026-08-11 17:38:05  [ 55] 01919 中远海控  完成  日J=47.58 周J=102.9 月J=66.7 价=15.43 涨=-0.58%  PE=8.37(None%) PB=0.89(None%)
2026-08-11 17:38:06  [ 56] 06951 三环集团  完成  日J=93.78 周J=89.5 月J=None 价=117.4 涨=9.62%  PE=72.86(None%) PB=8.87(None%)
2026-08-11 17:38:08  [ 57] 01109 华润置地  完成  日J=21.6 周J=44.78 月J=40.54 价=32.72 涨=-0.55%  PE=8.29(None%) PB=0.73(None%)
2026-08-11 17:38:09  [ 58] 01347 华虹宏力  完成  日J=61.45 周J=-5.77 月J=42.92 价=133.3 涨=-3.05%  PE=412.22(None%) PB=4.39(None%)
2026-08-11 17:38:10  [ 59] 01339 中国人民保险集团  完成  日J=-10.14 周J=71.27 月J=3.05 价=5.13 涨=-2.47%  PE=4.81(None%) PB=0.63(None%)
2026-08-11 17:38:11  [ 60] 03692 翰森制药  完成  日J=87.7 周J=88.22 月J=21.12 价=34.82 涨=0.81%  PE=34.33(None%) PB=5.38(None%)
2026-08-11 17:38:12  [ 61] 02020 安踏体育  完成  日J=9.06 周J=68.64 月J=40.59 价=74.5 涨=-1.26%  PE=13.85(None%) PB=2.86(None%)
2026-08-11 17:38:14  [ 62] 09992 泡泡玛特  完成  日J=5.48 周J=14.63 月J=1.84 价=152.7 涨=-1.1%  PE=14.38(None%) PB=8.31(None%)
2026-08-11 17:38:15  [ 63] 00066 港铁公司  完成  日J=39.86 周J=80.81 月J=29.79 价=32.56 涨=-0.67%  PE=13.81(None%) PB=1.05(None%)
2026-08-11 17:38:16  [ 64] 06690 海尔智家  完成  日J=15.14 周J=65.66 月J=19.68 价=21.52 涨=1.51%  PE=9.62(None%) PB=1.42(None%)
2026-08-11 17:38:17  [ 65] 02714 牧原股份  完成  日J=96.96 周J=101.6 月J=16.81 价=34.44 涨=2.2%  PE=18.23(None%) PB=2.04(None%)
2026-08-11 17:38:19  [ 66] 00002 中电控股  完成  日J=96.84 周J=109.78 月J=101.17 价=78.4 涨=0.58%  PE=18.27(None%) PB=1.79(None%)
2026-08-11 17:38:20  [ 67] 00175 吉利汽车  完成  日J=-6.19 周J=53.54 月J=26.45 价=18.2 涨=-4.26%  PE=11.39(None%) PB=1.82(None%)
2026-08-11 17:38:21  [ 68] 00762 中国联通  完成  日J=-20.03 周J=26.39 月J=6.48 价=6.34 涨=-0.47%  PE=8.76(None%) PB=0.48(None%)
2026-08-11 17:38:23  [ 69] 02269 药明生物  完成  日J=85.79 周J=100.94 月J=76.18 价=45.98 涨=-0.3%  PE=35.07(None%) PB=3.63(None%)
2026-08-11 17:38:24  [ 70] 03288 海天味业  完成  日J=23.73 周J=83.14 月J=38.03 价=32.3 涨=-1.34%  PE=23.12(None%) PB=3.97(None%)
2026-08-11 17:38:25  [ 71] 01024 快手-W  完成  日J=18.05 周J=43.91 月J=-6.4 价=42.64 涨=-3.79%  PE=9.42(None%) PB=1.99(None%)
2026-08-11 17:38:26  [ 72] 06818 中国光大银行  完成  日J=-13.54 周J=27.64 月J=12.2 价=3.0 涨=-1.64%  PE=4.17(None%) PB=0.31(None%)
2026-08-11 17:38:28  [ 73] 06031 三一重工  完成  日J=-13.9 周J=48.68 月J=8.97 价=19.05 涨=-4.37%  PE=18.55(None%) PB=1.71(None%)
2026-08-11 17:38:29  [ 74] 06936 顺丰控股  完成  日J=43.98 周J=102.53 月J=57.95 价=33.24 涨=-0.06%  PE=13.71(None%) PB=1.47(None%)
2026-08-11 17:38:30  [ 75] 00788 中国铁塔  完成  日J=3.16 周J=93.54 月J=15.84 价=9.72 涨=-0.26%  PE=11.27(None%) PB=0.72(None%)
2026-08-11 17:38:31  [ 76] 01801 信达生物  完成  日J=103.45 周J=89.61 月J=71.66 价=95.55 涨=-1.8%  PE=184.97(None%) PB=7.73(None%)
2026-08-11 17:38:33  [ 77] 01113 长实集团  完成  日J=6.03 周J=76.73 月J=53.31 价=46.68 涨=-0.89%  PE=15.06(None%) PB=0.41(None%)
2026-08-11 17:38:34  [ 78] 02423 贝壳-W  完成  日J=72.94 周J=90.3 月J=55.39 价=44.82 涨=-1.54%  PE=40.74(None%) PB=2.17(None%)
2026-08-11 17:38:35  [ 79] 01038 长江基建集团  完成  日J=19.68 周J=85.03 月J=57.16 价=61.3 涨=-0.16%  PE=18.69(None%) PB=1.21(None%)
2026-08-11 17:38:36  [ 80] 01988 民生银行  完成  日J=-0.44 周J=74.86 月J=24.3 价=3.42 涨=-0.87%  PE=4.53(None%) PB=0.23(None%)
2026-08-11 17:38:37  [ 81] 01377 鼎泰高科  完成  日J=67.55 周J=48.89 月J=None 价=352.2 涨=-2.81%  PE=214.41(None%) PB=43.94(None%)
2026-08-11 17:38:39  [ 82] 01898 中煤能源  完成  日J=94.51 周J=62.21 月J=7.41 价=11.2 涨=-0.27%  PE=9.22(None%) PB=0.8(None%)
2026-08-11 17:38:40  [ 83] 06886 华泰证券  完成  日J=9.07 周J=32.77 月J=17.61 价=16.44 涨=-1.5%  PE=7.56(None%) PB=0.74(None%)
2026-08-11 17:38:42  [ 84] 09973 奇瑞汽车  完成  日J=17.42 周J=60.68 月J=21.01 价=25.54 涨=-2.37%  PE=7.15(None%) PB=2.38(None%)
2026-08-11 17:38:43  [ 85] 02600 中国铝业  完成  日J=57.34 周J=41.4 月J=-6.79 价=8.55 涨=-2.01%  PE=8.91(None%) PB=1.61(None%)
2026-08-11 17:38:44  [ 86] 03606 福耀玻璃  完成  日J=4.63 周J=83.76 月J=33.76 价=56.1 涨=-1.49%  PE=14.57(None%) PB=3.3(None%)
2026-08-11 17:38:45  [ 87] 00027 银河娱乐  完成  日J=-5.85 周J=92.08 月J=15.32 价=32.98 涨=-0.42%  PE=13.53(None%) PB=1.74(None%)
2026-08-11 17:38:47  [ 88] 01816 中广核电力  完成  日J=16.98 周J=65.51 月J=4.86 价=2.86 涨=-0.35%  PE=13.57(None%) PB=1.01(None%)
2026-08-11 17:38:48  [ 89] 00688 中国海外发展  完成  日J=14.61 周J=27.6 月J=31.68 价=13.17 涨=-0.15%  PE=10.26(None%) PB=0.34(None%)
2026-08-11 17:38:49  [ 90] 01766 中国中车  完成  日J=-8.52 周J=62.64 月J=22.64 价=5.0 涨=-1.28%  PE=9.51(None%) PB=0.72(None%)
2026-08-11 17:38:50  [ 91] 01336 新华保险  完成  日J=-7.83 周J=37.95 月J=-1.93 价=45.74 涨=-2.68%  PE=3.47(None%) PB=1.02(None%)
2026-08-11 17:38:52  [ 92] 02057 中通快递-W  完成  日J=10.52 周J=72.05 月J=56.58 价=185.2 涨=-0.64%  PE=13.74(None%) PB=2.03(None%)
2026-08-11 17:38:53  [ 93] 01972 太古地产  完成  日J=61.56 周J=106.1 月J=38.62 价=23.92 涨=-0.5%  PE=41.73(None%) PB=0.51(None%)
2026-08-11 17:38:54  [ 94] 01776 广发证券  完成  日J=52.84 周J=40.32 月J=43.55 价=17.0 涨=-1.28%  PE=7.6(None%) PB=0.85(None%)
2026-08-11 17:38:56  [ 95] 00012 恒基地产  完成  日J=13.95 周J=71.79 月J=9.43 价=27.28 涨=-0.37%  PE=23.36(None%) PB=0.41(None%)
2026-08-11 17:38:57  [ 96] 00358 江西铜业股份  完成  日J=74.89 周J=83.59 月J=15.37 价=37.64 涨=-3.49%  PE=14.11(None%) PB=1.37(None%)
2026-08-11 17:38:58  [ 97] 06099 招商证券  完成  日J=72.43 周J=6.42 月J=42.66 价=14.95 涨=-1.71%  PE=8.74(None%) PB=0.92(None%)
2026-08-11 17:39:00  [ 98] 09987 百胜中国  完成  日J=43.72 周J=97.48 月J=36.26 价=376.0 涨=-0.37%  PE=16.99(None%) PB=3.09(None%)
2026-08-11 17:39:01  [ 99] 01171 兖矿能源  完成  日J=88.99 周J=65.94 月J=24.89 价=12.79 涨=0.95%  PE=11.77(None%) PB=1.48(None%)
2026-08-11 17:39:02  [100] 00003 香港中华煤气  完成  日J=3.99 周J=67.84 月J=20.22 价=6.82 涨=0.0%  PE=22.37(None%) PB=2.14(None%)
2026-08-11 17:39:03  全部完成，结果已写入 C:\Users\hailo\Desktop\每周自动指标\output_hk\2026-08-11\metrics_2026-08-11.csv
2026-08-11 17:39:03  步骤2完成 -> C:\Users\hailo\Desktop\每周自动指标\output_hk\2026-08-11\metrics_2026-08-11.csv
2026-08-11 17:39:03  步骤3: 生成 HTML 总结报告...
2026-08-11 17:39:03  步骤3完成 -> C:\Users\hailo\Desktop\每周自动指标\output_hk\2026-08-11\report_2026-08-11.html
2026-08-11 17:39:03  步骤4: 发送邮件报告...
2026-08-11 17:39:06  步骤4完成: 邮件已发送
2026-08-11 17:39:06  ===== 全部完成 2026-08-11 =====
2026-08-11 19:00:11  今日(2026-08-11)已完成，跳过。结果目录: C:\Users\hailo\Desktop\每周自动指标\output_hk\2026-08-11
