2026-08-18 19:29:16  ===== 开始每日ETF指标任务 2026-08-18 =====
2026-08-18 19:29:16  步骤1: 获取场内规模前100的ETF...
[  1] 510300 沪深300ETF华泰柏瑞  规模=1103.12亿  跟踪=沪深300指数  主题=沪深300
[  2] 588000 科创50ETF华夏  规模=887.94亿  跟踪=上证科创板50成份指数  主题=科创板
[  3] 159915 创业板ETF易方达  规模=637.17亿  跟踪=创业板指数(价格)  主题=创业板
[  4] 512880 证券ETF国泰  规模=636.96亿  跟踪=中证全指证券公司指数  主题=证券
[  5] 588200 科创芯片ETF嘉实  规模=534.37亿  跟踪=上证科创板芯片指数  主题=半导体
[  6] 510310 沪深300ETF易方达  规模=525.55亿  跟踪=沪深300指数  主题=沪深300
[  7] 159516 半导体设备ETF国泰  规模=457.56亿  跟踪=中证半导体材料设备主题指数  主题=半导体
[  8] 588170 科创半导体ETF华夏  规模=431.06亿  跟踪=上证科创板半导体材料设备主题指数  主题=半导体
[  9] 588080 科创50ETF易方达  规模=428.28亿  跟踪=上证科创板50成份指数  主题=科创板
[ 10] 563360 A500ETF华泰柏瑞  规模=427.51亿  跟踪=中证A500指数  主题=中证A500
[ 11] 510330 沪深300ETF华夏  规模=426.11亿  跟踪=沪深300指数  主题=沪深300
[ 12] 515880 通信ETF国泰  规模=425.1亿  跟踪=中证全指通信设备指数  主题=通信
[ 13] 510500 中证500ETF南方  规模=420.85亿  跟踪=中证500指数  主题=中证500
[ 14] 512000 券商ETF华宝  规模=388.5亿  跟踪=中证全指证券公司指数  主题=证券
[ 15] 159352 A500ETF南方  规模=357.67亿  跟踪=中证A500指数  主题=中证A500
[ 16] 512890 红利低波ETF华泰柏瑞  规模=324.62亿  跟踪=中证红利低波动指数  主题=红利
[ 17] 159919 沪深300ETF嘉实  规模=308.37亿  跟踪=沪深300指数  主题=沪深300
[ 18] 159995 芯片ETF华夏  规模=293.83亿  跟踪=国证半导体芯片指数  主题=半导体
[ 19] 159361 A500ETF易方达  规模=291.89亿  跟踪=中证A500指数  主题=中证A500
[ 20] 159338 中证A500ETF国泰  规模=270.47亿  跟踪=中证A500指数  主题=中证A500
[ 21] 159949 创业板50ETF华安  规模=258.94亿  跟踪=创业板50指数  主题=创业板
[ 22] 512170 医疗ETF华宝  规模=258.27亿  跟踪=中证医疗指数  主题=医药
[ 23] 512400 有色金属ETF南方  规模=255.68亿  跟踪=有色金属  主题=有色金属
[ 24] 159558 半导体设备ETF易方达  规模=221.44亿  跟踪=中证半导体材料设备主题指数  主题=半导体
[ 25] 159326 电网设备ETF华夏  规模=219.68亿  跟踪=中证电网设备主题指数  主题=其他
[ 26] 159819 人工智能ETF易方达  规模=218.47亿  跟踪=中证人工智能主题指数  主题=人工智能
[ 27] 512100 中证1000ETF南方  规模=214.67亿  跟踪=中证1000指数  主题=中证1000
[ 28] 512050 A500ETF华夏  规模=211.54亿  跟踪=中证A500指数  主题=中证A500
[ 29] 510050 上证50ETF华夏  规模=210.85亿  跟踪=上证50指数  主题=上证50
[ 30] 512480 半导体ETF国联安  规模=209.22亿  跟踪=中证全指半导体产品与设备指数  主题=半导体
[ 31] 510880 红利ETF华泰柏瑞  规模=207.52亿  跟踪=上证红利指数  主题=红利
[ 32] 515450 红利低波50ETF南方  规模=197.13亿  跟踪=标普中国A股大盘红利低波50指数  主题=红利
[ 33] 159530 机器人ETF易方达  规模=188.41亿  跟踪=国证机器人产业指数  主题=机器人
[ 34] 562500 机器人ETF华夏  规模=187.92亿  跟踪=中证机器人指数  主题=机器人
[ 35] 515050 通信ETF华夏  规模=187.23亿  跟踪=中证5G通信主题指数  主题=通信
[ 36] 159781 科创创业ETF易方达  规模=185.48亿  跟踪=中证科创创业50指数  主题=科创板
[ 37] 515180 红利ETF易方达  规模=183.57亿  跟踪=中证红利指数  主题=红利
[ 38] 159992 创新药ETF银华  规模=179.81亿  跟踪=中证创新药产业指数  主题=医药
[ 39] 510180 上证180ETF华安  规模=178.47亿  跟踪=上证180指数  主题=上证180
[ 40] 159201 自由现金流ETF华夏  规模=165.9亿  跟踪=国证自由现金流指数  主题=货币市场
[ 41] 512010 医药ETF易方达  规模=164.01亿  跟踪=沪深300医药卫生指数  主题=医药
[ 42] 517520 黄金股ETF永赢  规模=161.29亿  跟踪=中证沪深港黄金产业股票指数  主题=黄金
[ 43] 159928 消费ETF汇添富  规模=156.82亿  跟踪=中证主要消费指数  主题=消费
[ 44] 510210 上证指数ETF富国  规模=156.08亿  跟踪=上证综合指数  主题=其他
[ 45] 159206 卫星ETF永赢  规模=154.72亿  跟踪=国证商用卫星通信产业指数  主题=通信
[ 46] 512070 证券保险ETF易方达  规模=143.62亿  跟踪=沪深300非银行金融指数  主题=证券
[ 47] 515220 煤炭ETF国泰  规模=143.56亿  跟踪=中证煤炭指数  主题=煤炭
[ 48] 560780 半导体设备ETF广发  规模=140.5亿  跟踪=中证半导体材料设备主题指数  主题=半导体
[ 49] 512690 酒ETF鹏华  规模=139.84亿  跟踪=中证酒指数  主题=白酒
[ 50] 159870 化工ETF鹏华  规模=138.93亿  跟踪=细分化工  主题=化工
[ 51] 563020 红利低波ETF易方达  规模=125.14亿  跟踪=中证红利低波动指数  主题=红利
[ 52] 159841 证券ETF天弘  规模=120.29亿  跟踪=中证全指证券公司指数  主题=证券
[ 53] 588710 科创半导体设备ETF华泰柏瑞  规模=120.19亿  跟踪=上证科创板半导体材料设备主题指数  主题=半导体
[ 54] 515120 创新药ETF广发  规模=119.62亿  跟踪=中证创新药产业指数  主题=医药
[ 55] 159952 创业板ETF广发  规模=117.72亿  跟踪=创业板指数(价格)  主题=创业板
[ 56] 513630 港股低波红利ETF摩根  规模=117.27亿  跟踪=标普港股通低波红利指数  主题=红利
[ 57] 515080 中证红利ETF招商  规模=116.99亿  跟踪=中证红利指数  主题=红利
[ 58] 588050 科创50ETF工银  规模=113.17亿  跟踪=上证科创板50成份指数  主题=科创板
[ 59] 563800 A500ETF广发  规模=112.63亿  跟踪=中证A500指数  主题=中证A500
[ 60] 512760 芯片ETF国泰  规模=110.58亿  跟踪=中华交易服务半导体芯片行业人民币指数  主题=半导体
[ 61] 159611 电力ETF广发  规模=101.46亿  跟踪=中证全指电力公用事业指数  主题=电力
[ 62] 516650 有色金属ETF华夏  规模=99.4亿  跟踪=细分有色  主题=有色金属
[ 63] 159852 软件ETF嘉实  规模=96.43亿  跟踪=中证软件服务指数  主题=计算机
[ 64] 512800 银行ETF华宝  规模=96.14亿  跟踪=中证银行指数  主题=银行
[ 65] 159842 券商ETF银华  规模=95.96亿  跟踪=中证全指证券公司指数  主题=证券
[ 66] 562590 半导体设备ETF华夏  规模=95.16亿  跟踪=中证半导体材料设备主题指数  主题=半导体
[ 67] 560860 工业有色ETF万家  规模=94.98亿  跟踪=中证工业有色金属主题指数  主题=有色金属
[ 68] 159922 中证500ETF嘉实  规模=90.75亿  跟踪=中证500指数  主题=中证500
[ 69] 159869 游戏ETF华夏  规模=90.74亿  跟踪=中证动漫游戏指数  主题=传媒
[ 70] 159351 A500ETF嘉实  规模=88.72亿  跟踪=中证A500指数  主题=中证A500
[ 71] 515070 人工智能ETF华夏  规模=86.66亿  跟踪=中证人工智能主题指数  主题=人工智能
[ 72] 512500 中证500ETF华夏  规模=85.1亿  跟踪=中证500指数  主题=中证500
[ 73] 159755 电池ETF广发  规模=84.97亿  跟踪=国证新能源车电池指数  主题=新能源
[ 74] 563220 A500ETF富国  规模=84.91亿  跟踪=中证A500指数  主题=中证A500
[ 75] 515330 沪深300ETF天弘  规模=84.91亿  跟踪=沪深300指数  主题=沪深300
[ 76] 512900 证券ETF南方  规模=80.38亿  跟踪=中证全指证券公司指数  主题=证券
[ 77] 588750 科创芯片ETF汇添富  规模=79.91亿  跟踪=上证科创板芯片指数  主题=半导体
[ 78] 159845 中证1000ETF华夏  规模=78.69亿  跟踪=中证1000指数  主题=中证1000
[ 79] 588060 科创50ETF广发  规模=76.76亿  跟踪=上证科创板50成份指数  主题=科创板
[ 80] 512710 军工龙头ETF富国  规模=72.79亿  跟踪=中证军工龙头指数  主题=军工
[ 81] 159307 红利低波100ETF博时  规模=72.66亿  跟踪=中证红利低波动100指数  主题=红利
[ 82] 159363 创业板人工智能ETF华宝  规模=72.5亿  跟踪=创业板人工智能指数  主题=人工智能
[ 83] 516150 稀土ETF嘉实  规模=71.45亿  跟踪=中证稀土产业指数  主题=有色金属
[ 84] 159157 有色金属ETF天弘  规模=69.31亿  跟踪=中证工业有色金属主题指数  主题=有色金属
[ 85] 563300 中证2000ETF华泰柏瑞  规模=69.12亿  跟踪=中证2000指数  主题=中证2000
[ 86] 159813 半导体ETF鹏华  规模=68.9亿  跟踪=国证半导体芯片指数  主题=半导体
[ 87] 512660 军工ETF国泰  规模=68.07亿  跟踪=中证军工指数  主题=军工
[ 88] 159977 创业板ETF天弘  规模=67.72亿  跟踪=创业板指数(价格)  主题=创业板
[ 89] 159865 养殖ETF国泰  规模=66.81亿  跟踪=中证畜牧养殖指数  主题=农业
[ 90] 588220 科创100ETF鹏华  规模=66.77亿  跟踪=上证科创板100指数  主题=科创板
[ 91] 159263 价值ETF易方达  规模=65.8亿  跟踪=国证价值100指数  主题=价值
[ 92] 515980 人工智能ETF华富  规模=65.38亿  跟踪=中证人工智能产业指数  主题=人工智能
[ 93] 159770 机器人ETF天弘  规模=65.37亿  跟踪=中证机器人指数  主题=机器人
[ 94] 560610 A500ETF招商  规模=63.87亿  跟踪=中证A500指数  主题=中证A500
[ 95] 512950 央企改革ETF华夏  规模=62.15亿  跟踪=中证央企结构调整指数  主题=央企国企
[ 96] 159851 金融科技ETF华宝  规模=62.08亿  跟踪=中证金融科技主题指数  主题=其他
[ 97] 561980 半导体设备ETF招商  规模=61.62亿  跟踪=中证半导体产业指数  主题=半导体
[ 98] 560010 中证1000ETF广发  规模=61.36亿  跟踪=中证1000指数  主题=中证1000
[ 99] 159783 科创创业50ETF华夏  规模=61.06亿  跟踪=中证科创创业50指数  主题=科创板
[100] 159967 创业板成长ETF华夏  规模=60.92亿  跟踪=创业板动量成长指数  主题=成长
2026-08-18 19:30:01  步骤1完成 -> C:\Users\hailo\Desktop\每周自动指标\output_etf\2026-08-18\etf_list_2026-08-18.csv
2026-08-18 19:30:01  步骤2: 计算 KDJ-J(日/周/月)...
2026-08-18 19:30:08  [  1] 510300 沪深300ETF华泰柏瑞  完成  日J=96.11 周J=38.09 月J=45.24 价=4.79 涨=-0.23%  PE=14.57(81.1%) PB=1.48(57.88%)
2026-08-18 19:30:09  [  2] 588000 科创50ETF华夏  完成  日J=103.91 周J=17.9 月J=48.42 价=1.89 涨=0.11%  PE=84.35(93.23%) PB=8.36(96.89%)
2026-08-18 19:30:10  [  3] 159915 创业板ETF易方达  完成  日J=93.19 周J=37.37 月J=41.27 价=3.72 涨=-0.96%  PE=44.78(56.44%) PB=6.12(73.84%)
2026-08-18 19:30:12  [  4] 512880 证券ETF国泰  完成  日J=9.57 周J=20.22 月J=28.23 价=1.08 涨=-1.46%  PE=14.98(8.67%) PB=1.28(16.84%)
2026-08-18 19:30:14  [  5] 588200 科创芯片ETF嘉实  完成  日J=105.1 周J=19.92 月J=51.31 价=1.28 涨=0.39%  PE=130.98(89.86%) PB=None(None%)
2026-08-18 19:30:16  [  6] 159516 半导体设备ETF国泰  完成  日J=108.83 周J=27.59 月J=58.98 价=0.8 涨=2.43%  PE=124.35(98.1%) PB=None(None%)
2026-08-18 19:30:17  [  7] 588170 科创半导体ETF华夏  完成  日J=104.97 周J=28.0 月J=58.32 价=1.1 涨=2.14%  PE=46.08(83.63%) PB=None(None%)
2026-08-18 19:30:18  [  8] 563360 A500ETF华泰柏瑞  完成  日J=92.65 周J=40.89 月J=43.98 价=1.33 涨=-0.3%  PE=16.65(90.78%) PB=None(None%)
2026-08-18 19:30:20  [  9] 515880 通信ETF国泰  完成  日J=102.05 周J=32.81 月J=41.23 价=0.71 涨=-1.25%  PE=52.43(96.06%) PB=None(None%)
2026-08-18 19:30:21  [ 10] 510500 中证500ETF南方  完成  日J=98.17 周J=42.87 月J=46.47 价=8.19 涨=-0.09%  PE=28.93(74.64%) PB=2.58(83.36%)
2026-08-18 19:30:22  [ 11] 512890 红利低波ETF华泰柏瑞  完成  日J=37.4 周J=76.72 月J=60.92 价=1.16 涨=0.43%  PE=7.72(68.24%) PB=0.85(58.0%)
2026-08-18 19:30:24  [ 12] 159995 芯片ETF华夏  完成  日J=100.1 周J=16.43 月J=43.06 价=1.26 涨=-0.24%  PE=None(None%) PB=None(None%)
2026-08-18 19:30:25  [ 13] 159949 创业板50ETF华安  完成  日J=94.57 周J=33.93 月J=35.37 价=1.75 涨=-0.96%  PE=None(None%) PB=None(None%)
2026-08-18 19:30:26  [ 14] 512170 医疗ETF华宝  完成  日J=64.42 周J=106.11 月J=44.89 价=0.35 涨=-0.85%  PE=30.06(32.49%) PB=3.66(18.44%)
2026-08-18 19:30:28  [ 15] 512400 有色金属ETF南方  完成  日J=39.92 周J=68.19 月J=8.94 价=1.93 涨=-0.92%  PE=15.98(86.12%) PB=None(None%)
2026-08-18 19:30:29  [ 16] 159326 电网设备ETF华夏  完成  日J=82.77 周J=28.37 月J=30.53 价=1.75 涨=-0.57%  PE=12.68(87.7%) PB=None(None%)
2026-08-18 19:30:31  [ 17] 159819 人工智能ETF易方达  完成  日J=89.9 周J=27.66 月J=48.84 价=1.88 涨=-1.37%  PE=51.76(78.45%) PB=None(None%)
2026-08-18 19:30:32  [ 18] 512100 中证1000ETF南方  完成  日J=92.83 周J=51.63 月J=36.21 价=3.21 涨=-0.47%  PE=33.53(72.59%) PB=2.54(56.32%)
2026-08-18 19:30:33  [ 19] 510050 上证50ETF华夏  完成  日J=52.33 周J=64.38 月J=39.98 价=3.05 涨=-0.07%  PE=11.65(80.31%) PB=1.25(59.52%)
2026-08-18 19:30:35  [ 20] 512480 半导体ETF国联安  完成  日J=98.83 周J=17.82 月J=45.78 价=1.13 涨=-0.18%  PE=98.14(93.79%) PB=None(None%)
2026-08-18 19:30:37  [ 21] 510880 红利ETF华泰柏瑞  完成  日J=86.53 周J=113.2 月J=75.9 价=3.34 涨=1.09%  PE=8.56(74.13%) PB=0.84(61.44%)
2026-08-18 19:30:38  [ 22] 515450 红利低波50ETF南方  完成  日J=15.55 周J=66.04 月J=59.35 价=1.39 涨=0.22%  PE=8.34(75.28%) PB=0.85(58.0%)
2026-08-18 19:30:41  [ 23] 159530 机器人ETF易方达  完成  日J=92.9 周J=34.31 月J=28.95 价=1.47 涨=2.51%  PE=None(None%) PB=None(None%)
2026-08-18 19:30:42  [ 24] 562500 机器人ETF华夏  完成  日J=91.7 周J=34.92 月J=30.82 价=1.04 涨=1.37%  PE=55.92(66.68%) PB=None(None%)
2026-08-18 19:30:44  [ 25] 515050 通信ETF华夏  完成  日J=99.42 周J=31.71 月J=45.46 价=1.1 涨=-1.52%  PE=52.25(96.29%) PB=None(None%)
2026-08-18 19:30:45  [ 26] 159781 科创创业ETF易方达  完成  日J=99.25 周J=22.09 月J=43.47 价=1.18 涨=-0.76%  PE=46.21(71.72%) PB=None(None%)
2026-08-18 19:30:46  [ 27] 515180 红利ETF易方达  完成  日J=49.84 周J=106.29 月J=52.82 价=1.42 涨=0.64%  PE=8.34(56.66%) PB=0.83(46.8%)
2026-08-18 19:30:48  [ 28] 159992 创新药ETF银华  完成  日J=74.95 周J=98.46 月J=81.51 价=0.92 涨=-0.86%  PE=30.99(47.23%) PB=None(None%)
2026-08-18 19:30:49  [ 29] 510180 上证180ETF华安  完成  日J=64.75 周J=62.97 月J=39.17 价=4.04 涨=-0.1%  PE=12.22(70.75%) PB=1.24(46.88%)
2026-08-18 19:30:50  [ 30] 159201 自由现金流ETF华夏  完成  日J=59.47 周J=109.87 月J=17.63 价=1.19 涨=0.25%  PE=None(None%) PB=None(None%)
2026-08-18 19:30:52  [ 31] 512010 医药ETF易方达  完成  日J=60.82 周J=100.59 月J=77.69 价=0.4 涨=-0.25%  PE=24.48(8.58%) PB=None(None%)
2026-08-18 19:30:53  [ 32] 517520 黄金股ETF永赢  完成  日J=43.3 周J=97.17 月J=7.64 价=2.08 涨=0.34%  PE=21.65(54.59%) PB=None(None%)
2026-08-18 19:30:55  [ 33] 159928 消费ETF汇添富  完成  日J=22.29 周J=90.35 月J=31.73 价=0.67 涨=0.45%  PE=19.9(19.82%) PB=3.47(2.04%)
2026-08-18 19:30:58  [ 34] 510210 上证指数ETF富国  完成  日J=101.34 周J=73.73 月J=38.0 价=1.02 涨=0.2%  PE=15.58(77.67%) PB=None(None%)
2026-08-18 19:30:59  [ 35] 159206 卫星ETF永赢  完成  日J=99.61 周J=43.95 月J=11.93 价=1.49 涨=0.74%  PE=None(None%) PB=None(None%)
2026-08-18 19:31:00  [ 36] 512070 证券保险ETF易方达  完成  日J=24.08 周J=38.06 月J=8.57 价=0.78 涨=-0.76%  PE=9.45(1.24%) PB=None(None%)
2026-08-18 19:31:02  [ 37] 515220 煤炭ETF国泰  完成  日J=87.85 周J=104.22 月J=41.74 价=1.27 涨=1.2%  PE=18.79(87.48%) PB=1.78(96.96%)
2026-08-18 19:31:03  [ 38] 512690 酒ETF鹏华  完成  日J=5.51 周J=94.19 月J=25.37 价=0.43 涨=0.0%  PE=19.24(16.42%) PB=None(None%)
2026-08-18 19:31:05  [ 39] 159870 化工ETF鹏华  完成  日J=32.53 周J=54.0 月J=20.82 价=0.82 涨=0.25%  PE=22.46(57.78%) PB=None(None%)
2026-08-18 19:31:06  [ 40] 513630 港股低波红利ETF摩根  完成  日J=70.04 周J=76.35 月J=33.31 价=1.58 涨=-0.38%  PE=None(None%) PB=None(None%)
2026-08-18 19:31:08  [ 41] 512760 芯片ETF国泰  完成  日J=98.86 周J=16.7 月J=45.92 价=1.2 涨=-0.41%  PE=96.81(89.88%) PB=None(None%)
2026-08-18 19:31:09  [ 42] 159611 电力ETF广发  完成  日J=0.6 周J=38.86 月J=6.62 价=1.04 涨=-0.76%  PE=15.79(70.09%) PB=None(None%)
2026-08-18 19:31:11  [ 43] 516650 有色金属ETF华夏  完成  日J=38.65 周J=75.53 月J=5.23 价=1.88 涨=-0.74%  PE=19.72(26.32%) PB=None(None%)
2026-08-18 19:31:13  [ 44] 159852 软件ETF嘉实  完成  日J=10.52 周J=79.0 月J=2.47 价=0.71 涨=-0.7%  PE=57.0(52.81%) PB=None(None%)
2026-08-18 19:31:14  [ 45] 512800 银行ETF华宝  完成  日J=33.4 周J=71.99 月J=65.95 价=0.8 涨=0.5%  PE=6.67(71.0%) PB=0.67(39.44%)
2026-08-18 19:31:15  [ 46] 560860 工业有色ETF万家  完成  日J=45.11 周J=58.26 月J=14.45 价=1.66 涨=-0.95%  PE=64.1(38.61%) PB=None(None%)
2026-08-18 19:31:17  [ 47] 159869 游戏ETF华夏  完成  日J=9.44 周J=91.78 月J=0.89 价=1.11 涨=-1.33%  PE=19.86(17.82%) PB=None(None%)
2026-08-18 19:31:18  [ 48] 159755 电池ETF广发  完成  日J=76.98 周J=38.13 月J=7.71 价=0.99 涨=-1.3%  PE=25.74(37.84%) PB=3.54(52.24%)
2026-08-18 19:31:19  [ 49] 512710 军工龙头ETF富国  完成  日J=66.69 周J=52.51 月J=-6.4 价=0.63 涨=-0.94%  PE=None(None%) PB=None(None%)
2026-08-18 19:31:21  [ 50] 159307 红利低波100ETF博时  完成  日J=18.5 周J=73.64 月J=51.75 价=1.02 涨=0.2%  PE=8.58(76.76%) PB=None(None%)
2026-08-18 19:31:22  [ 51] 159363 创业板人工智能ETF华宝  完成  日J=98.21 周J=47.71 月J=51.95 价=1.32 涨=-1.27%  PE=None(None%) PB=None(None%)
2026-08-18 19:31:23  [ 52] 516150 稀土ETF嘉实  完成  日J=69.76 周J=43.22 月J=19.86 价=1.84 涨=-0.16%  PE=31.44(36.45%) PB=None(None%)
2026-08-18 19:31:25  [ 53] 563300 中证2000ETF华泰柏瑞  完成  日J=95.46 周J=59.23 月J=37.34 价=1.46 涨=-0.48%  PE=41.27(70.6%) PB=None(None%)
2026-08-18 19:31:26  [ 54] 512660 军工ETF国泰  完成  日J=89.23 周J=50.06 月J=1.27 价=1.17 涨=-0.26%  PE=48.06(18.66%) PB=3.41(64.16%)
2026-08-18 19:31:28  [ 55] 159865 养殖ETF国泰  完成  日J=72.07 周J=111.47 月J=24.1 价=0.55 涨=2.24%  PE=23.29(55.12%) PB=None(None%)
2026-08-18 19:31:29  [ 56] 588220 科创100ETF鹏华  完成  日J=106.38 周J=44.64 月J=53.56 价=1.93 涨=1.26%  PE=None(None%) PB=None(None%)
2026-08-18 19:31:30  [ 57] 159263 价值ETF易方达  完成  日J=25.38 周J=88.8 月J=47.43 价=1.14 涨=0.53%  PE=None(None%) PB=None(None%)
2026-08-18 19:31:32  [ 58] 515980 人工智能ETF华富  完成  日J=93.4 周J=32.83 月J=50.25 价=1.1 涨=-1.35%  PE=55.58(89.02%) PB=None(None%)
2026-08-18 19:31:33  [ 59] 512950 央企改革ETF华夏  完成  日J=90.49 周J=53.12 月J=43.49 价=1.54 涨=-0.13%  PE=15.89(84.38%) PB=None(None%)
2026-08-18 19:31:35  [ 60] 159851 金融科技ETF华宝  完成  日J=2.72 周J=57.11 月J=0.98 价=0.62 涨=-1.74%  PE=32.59(9.92%) PB=None(None%)
2026-08-18 19:31:36  [ 61] 561980 半导体设备ETF招商  完成  日J=108.89 周J=27.03 月J=61.47 价=0.77 涨=1.59%  PE=145.91(97.78%) PB=None(None%)
2026-08-18 19:31:38  [ 62] 159967 创业板成长ETF华夏  完成  日J=100.71 周J=33.83 月J=46.48 价=0.86 涨=-1.04%  PE=None(None%) PB=None(None%)
2026-08-18 19:31:38  全部完成，结果已写入 C:\Users\hailo\Desktop\每周自动指标\output_etf\2026-08-18\metrics_2026-08-18.csv
2026-08-18 19:31:38  步骤2完成 -> C:\Users\hailo\Desktop\每周自动指标\output_etf\2026-08-18\metrics_2026-08-18.csv
2026-08-18 19:31:38  步骤3: 生成 HTML 总结报告...
2026-08-18 19:31:38  步骤3完成 -> C:\Users\hailo\Desktop\每周自动指标\output_etf\2026-08-18\report_2026-08-18.html
2026-08-18 19:31:38  步骤4: 发送邮件报告...
2026-08-18 19:31:41  步骤4完成: 邮件已发送
2026-08-18 19:31:41  ===== 全部完成 2026-08-18 =====
2026-08-18 19:38:26  今日(2026-08-18)已完成，跳过。结果目录: C:\Users\hailo\Desktop\每周自动指标\output_etf\2026-08-18
2026-08-18 19:38:40  今日(2026-08-18)已完成，跳过。结果目录: C:\Users\hailo\Desktop\每周自动指标\output_etf\2026-08-18
2026-08-18 20:02:16  今日(2026-08-18)已完成，跳过。结果目录: C:\Users\hailo\Desktop\每周自动指标\output_etf\2026-08-18
2026-08-18 20:02:25  今日(2026-08-18)已完成，跳过。结果目录: C:\Users\hailo\Desktop\每周自动指标\output_etf\2026-08-18
