2026-09-01 00:21:02  ===== 开始每日港股通指标任务 2026-09-01 =====
2026-09-01 00:21:02  步骤1: 获取港股通总市值前100标的...
获取港股通标的列表(共取市值前 100 只)...
接口返回 100 只港股通标的
2026-09-01 00:21:03  步骤1完成 -> /home/runner/work/daily-stock-metrics/daily-stock-metrics/output_hk/2026-09-01/hk_list_2026-09-01.csv
2026-09-01 00:21:03  步骤2: 计算 KDJ-J(日/周/月)...
2026-09-01 00:21:03  步骤2: 计算指标...
2026-09-01 00:21:03  观察池: 共101只(含历史追踪1只)
2026-09-01 00:21:03  待处理 101 条，并发数 8
2026-09-01 00:21:06  [  2] 03750 宁德时代  完成  日J=7.93 周J=23.98 月J=43.13 MA20=636.65 MA60=650.4 多头=0 价=599.5 涨=-2.76%  PE=28.79(None%) PB=6.35(None%)
2026-09-01 00:21:06  [  6] 09988 阿里巴巴-W  完成  日J=14.45 周J=67.95 月J=18.19 MA20=121.44 MA60=112.521 多头=1 价=114.2 涨=0.26%  PE=26.73(None%) PB=1.8(None%)
2026-09-01 00:21:06  [  5] 00939 建设银行  完成  日J=88.31 周J=108.1 月J=96.68 MA20=9.002 MA60=8.692 多头=1 价=9.5 涨=3.94%  PE=6.33(None%) PB=0.6(None%)
2026-09-01 00:21:06  [  8] 03988 中国银行  完成  日J=98.64 周J=110.19 月J=98.64 MA20=5.397 MA60=5.281 多头=1 价=5.9 涨=5.73%  PE=6.73(None%) PB=0.6(None%)
2026-09-01 00:21:06  [  3] 00005 汇丰控股  完成  日J=31.8 周J=51.86 月J=91.26 MA20=161.995 MA60=155.572 多头=1 价=161.0 涨=-0.25%  PE=14.66(None%) PB=2.04(None%)
2026-09-01 00:21:06  [  7] 01288 农业银行  完成  日J=84.66 周J=94.15 月J=85.23 MA20=6.066 MA60=5.85 多头=1 价=6.34 涨=1.93%  PE=6.57(None%) PB=0.67(None%)
2026-09-01 00:21:06  [  4] 01398 工商银行  完成  日J=72.51 周J=99.65 月J=89.58 MA20=7.326 MA60=7.066 多头=1 价=7.57 涨=1.68%  PE=6.37(None%) PB=0.59(None%)
2026-09-01 00:21:06  [  1] 00700 腾讯控股  完成  日J=75.32 周J=42.38 月J=7.85 MA20=458.02 MA60=453.913 多头=1 价=453.0 涨=-0.48%  PE=15.45(None%) PB=3.15(None%)
2026-09-01 00:21:08  [ 12] 03308 中际旭创  完成  日J=13.61 周J=34.67 月J=None MA20=1100.6 MA60=None 多头=None 价=1029.0 涨=-1.06%  PE=52.04(None%) PB=25.01(None%)
2026-09-01 00:21:08  [  9] 00857 中国石油股份  完成  日J=68.35 周J=106.44 月J=37.29 MA20=9.783 MA60=9.634 多头=1 价=10.17 涨=-0.2%  PE=9.29(None%) PB=0.99(None%)
2026-09-01 00:21:08  [ 10] 00941 中国移动  完成  日J=-0.09 周J=42.73 月J=32.83 MA20=81.532 MA60=80.656 多头=1 价=79.25 涨=-0.19%  PE=11.44(None%) PB=1.02(None%)
2026-09-01 00:21:08  [ 11] 03968 招商银行  完成  日J=91.8 周J=94.8 月J=69.84 MA20=48.914 MA60=47.877 多头=1 价=50.95 涨=3.94%  PE=7.47(None%) PB=0.97(None%)
2026-09-01 00:21:08  [ 13] 00883 中国海洋石油  完成  日J=78.97 周J=115.95 月J=29.7 MA20=24.286 MA60=23.45 多头=1 价=25.3 涨=-0.55%  PE=7.62(None%) PB=1.22(None%)
2026-09-01 00:21:08  [ 16] 02899 紫金矿业  完成  日J=49.29 周J=91.02 月J=26.33 MA20=36.293 MA60=32.699 多头=1 价=36.62 涨=-4.34%  PE=12.67(None%) PB=4.19(None%)
2026-09-01 00:21:08  [ 15] 01088 中国神华  完成  日J=99.65 周J=118.36 月J=52.74 MA20=44.069 MA60=43.168 多头=1 价=46.36 涨=1.18%  PE=16.12(None%) PB=1.9(None%)
2026-09-01 00:21:08  [ 14] 02318 中国平安  完成  日J=85.88 周J=77.97 月J=11.51 MA20=56.16 MA60=55.437 多头=1 价=56.55 涨=-0.62%  PE=5.65(None%) PB=0.87(None%)
2026-09-01 00:21:10  [ 18] 01211 比亚迪股份  完成  日J=25.12 周J=58.83 月J=45.7 MA20=90.965 MA60=87.013 多头=1 价=87.2 涨=-5.17%  PE=23.88(None%) PB=2.88(None%)
2026-09-01 00:21:10  [ 17] 02628 中国人寿  完成  日J=109.09 周J=97.81 月J=39.01 MA20=28.195 MA60=28.352 多头=0 价=30.3 涨=2.99%  PE=3.05(None%) PB=1.12(None%)
2026-09-01 00:21:10  [ 20] 00300 美的集团  完成  日J=99.99 周J=103.43 月J=95.76 MA20=97.425 MA60=92.382 多头=1 价=101.4 涨=2.68%  PE=15.29(None%) PB=3.15(None%)
2026-09-01 00:21:10  [ 21] 01810 小米集团-W  完成  日J=52.9 周J=60.91 月J=25.67 MA20=27.245 MA60=26.293 多头=1 价=27.62 涨=-0.72%  PE=19.02(None%) PB=2.29(None%)
2026-09-01 00:21:10  [ 24] 09999 网易  完成  日J=17.99 周J=12.3 月J=42.99 MA20=197.38 MA60=198.265 多头=0 价=192.4 涨=0.1%  PE=16.7(None%) PB=3.21(None%)
2026-09-01 00:21:10  [ 19] 01299 友邦保险  完成  日J=103.7 周J=63.39 月J=17.12 MA20=74.123 MA60=74.5 多头=0 价=76.25 涨=0.99%  PE=12.66(None%) PB=2.47(None%)
2026-09-01 00:21:10  [ 22] 03328 交通银行  完成  日J=90.61 周J=108.46 月J=97.4 MA20=7.414 MA60=7.257 多头=1 价=7.8 涨=3.86%  PE=6.24(None%) PB=0.51(None%)
2026-09-01 00:21:10  [ 23] 01658 邮储银行  完成  日J=82.26 周J=93.17 月J=65.17 MA20=4.908 MA60=4.899 多头=1 价=5.3 涨=6.96%  PE=6.23(None%) PB=0.53(None%)
2026-09-01 00:21:12  [ 29] 02513 智谱  完成  日J=95.3 周J=18.21 月J=28.21 MA20=1128.7 MA60=1384.267 多头=0 价=1195.0 涨=9.63%  PE=-106.97(None%) PB=104.76(None%)
2026-09-01 00:21:12  [ 27] 02359 药明康德  完成  日J=-7.56 周J=70.58 月J=85.49 MA20=197.165 MA60=162.935 多头=1 价=189.3 涨=-3.96%  PE=22.61(None%) PB=5.85(None%)
2026-09-01 00:21:12  [ 26] 00386 中国石油化工股份  完成  日J=103.24 周J=113.29 月J=26.79 MA20=4.434 MA60=4.275 多头=1 价=4.79 涨=0.42%  PE=14.29(None%) PB=0.6(None%)
2026-09-01 00:21:12  [ 25] 00981 中芯国际  完成  日J=46.88 周J=34.15 月J=46.41 MA20=69.395 MA60=73.163 多头=0 价=70.75 涨=0.86%  PE=74.58(None%) PB=3.07(None%)
2026-09-01 00:21:12  [ 32] 02475 立讯精密  完成  日J=83.04 周J=81.13 月J=None MA20=61.283 MA60=None 多头=None 价=63.0 涨=-0.87%  PE=24.23(None%) PB=4.3(None%)
2026-09-01 00:21:12  [ 28] 02388 中银香港  完成  日J=89.86 周J=101.94 月J=94.79 MA20=50.489 MA60=48.343 多头=1 价=52.7 涨=3.43%  PE=13.36(None%) PB=1.55(None%)
2026-09-01 00:21:12  [ 30] 00388 香港交易所  完成  日J=104.46 周J=112.87 月J=62.58 MA20=414.0 MA60=395.54 多头=1 价=425.2 涨=0.28%  PE=27.22(None%) PB=8.89(None%)
2026-09-01 00:21:12  [ 31] 02888 渣打集团  完成  日J=21.07 周J=62.49 月J=93.85 MA20=233.83 MA60=222.515 多头=1 价=230.8 涨=0.17%  PE=11.93(None%) PB=1.39(None%)
2026-09-01 00:21:14  [ 33] 03690 美团-W  完成  日J=14.0 周J=32.48 月J=48.97 MA20=86.508 MA60=81.651 多头=1 价=78.9 涨=1.81%  PE=-11.42(None%) PB=2.5(None%)
2026-09-01 00:21:14  [ 34] 09633 农夫山泉  完成  日J=42.68 周J=65.28 月J=12.55 MA20=42.805 MA60=42.329 多头=1 价=43.02 涨=-1.1%  PE=24.88(None%) PB=11.31(None%)
2026-09-01 00:21:14  [ 38] 02259 紫金黄金国际  完成  日J=68.23 周J=102.54 月J=15.38 MA20=142.255 MA60=118.535 多头=1 价=152.0 涨=-5.71%  PE=20.59(None%) PB=5.55(None%)
2026-09-01 00:21:14  [ 36] 00728 中国电信  完成  日J=86.46 周J=110.49 月J=30.27 MA20=4.709 MA60=4.654 多头=1 价=4.9 涨=0.62%  PE=13.17(None%) PB=0.83(None%)
2026-09-01 00:21:14  [ 37] 06030 中信证券  完成  日J=92.27 周J=42.99 月J=50.33 MA20=26.829 MA60=27.071 多头=0 价=27.36 涨=-0.29%  PE=9.48(None%) PB=1.19(None%)
2026-09-01 00:21:14  [ 35] 00998 中信银行  完成  日J=101.62 周J=114.15 月J=70.71 MA20=7.716 MA60=7.402 多头=1 价=8.36 涨=0.48%  PE=5.71(None%) PB=0.54(None%)
2026-09-01 00:21:14  [ 39] 00267 中信股份  完成  日J=90.57 周J=114.34 月J=59.69 MA20=12.381 MA60=12.093 多头=1 价=13.17 涨=2.01%  PE=5.5(None%) PB=0.42(None%)
2026-09-01 00:21:15  [ 40] 02328 中国财险  完成  日J=96.2 周J=101.12 月J=66.95 MA20=15.89 MA60=15.25 多头=1 价=17.04 涨=6.63%  PE=6.88(None%) PB=1.08(None%)
2026-09-01 00:21:16  [ 43] 03986 兆易创新  完成  日J=43.82 周J=5.07 月J=19.92 MA20=499.155 MA60=660.545 多头=0 价=486.2 涨=0.04%  PE=37.66(None%) PB=7.95(None%)
2026-09-01 00:21:16  [ 41] 00992 联想集团  完成  日J=36.01 周J=58.91 月J=92.2 MA20=29.813 MA60=25.439 多头=1 价=30.04 涨=0.27%  PE=59.68(None%) PB=6.59(None%)
2026-09-01 00:21:16  [ 46] 06809 澜起科技  完成  日J=55.06 周J=10.49 月J=37.83 MA20=274.3 MA60=327.45 多头=0 价=269.0 涨=-5.61%  PE=93.71(None%) PB=13.27(None%)
2026-09-01 00:21:16  [ 42] 03993 洛阳钼业  完成  日J=54.27 周J=59.24 月J=5.07 MA20=17.594 MA60=16.955 多头=1 价=16.85 涨=-4.75%  PE=11.41(None%) PB=3.49(None%)
2026-09-01 00:21:16  [ 45] 06160 百济神州  完成  日J=13.87 周J=74.82 月J=62.16 MA20=216.69 MA60=191.155 多头=1 价=215.4 涨=-4.01%  PE=64.83(None%) PB=8.18(None%)
2026-09-01 00:21:16  [ 47] 01276 恒瑞医药  完成  日J=10.95 周J=-3.29 月J=-3.73 MA20=52.67 MA60=55.323 多头=0 价=46.06 涨=-3.92%  PE=34.74(None%) PB=4.12(None%)
2026-09-01 00:21:16  [ 44] 00016 新鸿基地产  完成  日J=12.03 周J=48.7 月J=33.11 MA20=120.28 MA60=118.645 多头=1 价=116.2 涨=-4.68%  PE=15.3(None%) PB=0.54(None%)
2026-09-01 00:21:17  [ 48] 02601 中国太保  完成  日J=100.68 周J=84.44 月J=10.46 MA20=29.317 MA60=29.344 多头=0 价=30.22 涨=0.2%  PE=4.54(None%) PB=0.79(None%)
2026-09-01 00:21:18  [ 49] 02338 潍柴动力  完成  日J=25.1 周J=31.86 月J=48.12 MA20=33.857 MA60=34.538 多头=0 价=31.84 涨=-2.81%  PE=18.61(None%) PB=2.49(None%)
2026-09-01 00:21:18  [ 52] 02611 国泰海通  完成  日J=63.16 周J=54.23 月J=34.16 MA20=14.769 MA60=14.807 多头=0 价=15.2 涨=-3.12%  PE=7.25(None%) PB=0.7(None%)
2026-09-01 00:21:18  [ 51] 02378 保诚  完成  日J=17.15 周J=12.04 月J=28.01 MA20=109.36 MA60=108.103 多头=1 价=107.4 涨=-0.37%  PE=9.45(None%) PB=1.74(None%)
2026-09-01 00:21:18  [ 53] 01919 中远海控  完成  日J=38.36 周J=94.71 月J=78.76 MA20=16.402 MA60=15.051 多头=1 价=17.22 涨=0.12%  PE=8.66(None%) PB=0.98(None%)
2026-09-01 00:21:18  [ 50] 00001 长和  完成  日J=59.28 周J=62.02 月J=86.1 MA20=71.2 MA60=69.797 多头=1 价=70.5 涨=0.5%  PE=7.15(None%) PB=0.47(None%)
2026-09-01 00:21:18  [ 54] 01339 中国人民保险集团  完成  日J=106.89 周J=101.37 月J=18.22 MA20=5.264 MA60=5.184 多头=1 价=5.72 涨=5.93%  PE=3.89(None%) PB=0.64(None%)
2026-09-01 00:21:18  [ 56] 06951 三环集团  完成  日J=49.08 周J=67.4 月J=None MA20=113.995 MA60=None 多头=None 价=114.7 涨=0.61%  PE=60.8(None%) PB=8.43(None%)
2026-09-01 00:21:18  [ 55] 00669 创科实业  完成  日J=10.35 周J=48.68 月J=88.67 MA20=141.45 MA60=131.025 多头=1 价=135.5 涨=0.22%  PE=24.32(None%) PB=4.24(None%)
2026-09-01 00:21:20  [ 59] 02476 胜宏科技  完成  日J=18.22 周J=39.84 月J=5.55 MA20=234.67 MA60=272.86 多头=0 价=220.2 涨=0.0%  PE=37.88(None%) PB=4.96(None%)
2026-09-01 00:21:20  [ 57] 01378 中国宏桥  完成  日J=44.91 周J=74.85 月J=-5.74 MA20=23.427 MA60=23.148 多头=1 价=22.82 涨=-2.89%  PE=7.15(None%) PB=1.46(None%)
2026-09-01 00:21:20  [ 58] 02020 安踏体育  完成  日J=77.37 周J=70.26 月J=51.93 MA20=74.507 MA60=74.112 多头=1 价=77.7 涨=0.39%  PE=11.9(None%) PB=2.63(None%)
2026-09-01 00:21:20  [ 61] 03692 翰森制药  完成  日J=98.62 周J=89.56 月J=23.62 MA20=33.313 MA60=31.893 多头=1 价=35.34 涨=-3.76%  PE=28.14(None%) PB=4.93(None%)
2026-09-01 00:21:20  [ 64] 02714 牧原股份  完成  日J=85.71 周J=103.94 月J=20.43 MA20=33.712 MA60=32.442 多头=1 价=35.54 涨=0.17%  PE=-146.76(None%) PB=2.25(None%)
2026-09-01 00:21:20  [ 60] 01109 华润置地  完成  日J=-9.59 周J=24.82 月J=24.85 MA20=33.723 MA60=33.359 多头=1 价=30.06 涨=-9.4%  PE=8.11(None%) PB=0.64(None%)
2026-09-01 00:21:20  [ 63] 09992 泡泡玛特  完成  日J=97.15 周J=52.05 月J=3.82 MA20=154.66 MA60=159.783 多头=0 价=156.1 涨=-1.64%  PE=13.92(None%) PB=7.83(None%)
2026-09-01 00:21:20  [ 62] 01347 华虹宏力  完成  日J=81.55 周J=2.92 月J=37.74 MA20=127.89 MA60=150.483 多头=0 价=123.0 涨=1.99%  PE=266.4(None%) PB=3.82(None%)
2026-09-01 00:21:22  [ 66] 06690 海尔智家  完成  日J=89.06 周J=55.96 月J=20.02 MA20=21.218 MA60=20.997 多头=1 价=21.56 涨=1.32%  PE=9.94(None%) PB=1.47(None%)
2026-09-01 00:21:22  [ 65] 02269 药明生物  完成  日J=22.95 周J=79.38 月J=70.1 MA20=47.09 MA60=39.23 多头=1 价=48.84 涨=-3.57%  PE=35.65(None%) PB=3.66(None%)
2026-09-01 00:21:22  [ 71] 06031 三一重工  完成  日J=70.88 周J=40.75 月J=13.61 MA20=19.295 MA60=19.728 多头=0 价=19.61 涨=5.49%  PE=17.78(None%) PB=1.7(None%)
2026-09-01 00:21:22  [ 67] 00066 港铁公司  完成  日J=-0.15 周J=66.69 月J=27.73 MA20=32.768 MA60=32.088 多头=1 价=32.34 涨=-0.43%  PE=8.81(None%) PB=0.99(None%)
2026-09-01 00:21:22  [ 70] 01801 信达生物  完成  日J=50.44 周J=83.29 月J=67.85 MA20=98.115 MA60=88.578 多头=1 价=103.8 涨=-3.44%  PE=126.7(None%) PB=7.55(None%)
2026-09-01 00:21:22  [ 68] 00002 中电控股  完成  日J=32.6 周J=89.79 月J=95.02 MA20=78.28 MA60=76.282 多头=1 价=78.7 涨=0.0%  PE=18.34(None%) PB=1.8(None%)
2026-09-01 00:21:22  [ 69] 00175 吉利汽车  完成  日J=6.87 周J=11.97 月J=22.07 MA20=18.421 MA60=18.543 多头=0 价=17.6 涨=-2.65%  PE=10.0(None%) PB=1.74(None%)
2026-09-01 00:21:22  [ 72] 00762 中国联通  完成  日J=37.23 周J=11.26 月J=2.38 MA20=6.08 MA60=6.48 多头=0 价=5.59 涨=-0.71%  PE=9.47(None%) PB=0.4(None%)
2026-09-01 00:21:23  [ 74] 03288 海天味业  完成  日J=-6.63 周J=0.76 月J=9.41 MA20=31.677 MA60=31.301 多头=1 价=28.14 涨=-1.88%  PE=19.77(None%) PB=3.66(None%)
2026-09-01 00:21:23  [ 73] 06818 中国光大银行  完成  日J=16.12 周J=14.76 月J=5.81 MA20=3.023 MA60=3.095 多头=0 价=2.83 涨=-4.55%  PE=4.46(None%) PB=0.29(None%)
2026-09-01 00:21:24  [ 76] 06936 顺丰控股  完成  日J=38.31 周J=36.91 月J=39.09 MA20=32.588 MA60=31.832 多头=1 价=30.98 涨=-5.61%  PE=13.19(None%) PB=1.38(None%)
2026-09-01 00:21:24  [ 75] 01038 长江基建集团  完成  日J=28.44 周J=91.89 月J=75.78 MA20=63.815 MA60=61.337 多头=1 价=65.25 涨=0.38%  PE=6.53(None%) PB=1.11(None%)
2026-09-01 00:21:24  [ 77] 01898 中煤能源  完成  日J=93.06 周J=117.12 月J=20.47 MA20=11.215 MA60=10.947 多头=1 价=12.13 涨=1.25%  PE=9.22(None%) PB=0.84(None%)
2026-09-01 00:21:24  [ 78] 00788 中国铁塔  完成  日J=3.92 周J=23.41 月J=4.7 MA20=9.431 MA60=9.436 多头=0 价=9.12 涨=-0.27%  PE=10.57(None%) PB=0.68(None%)
2026-09-01 00:21:24  [ 79] 02423 贝壳-W  完成  日J=62.65 周J=89.8 月J=62.71 MA20=45.259 MA60=42.644 多头=1 价=46.44 涨=-2.19%  PE=29.47(None%) PB=2.13(None%)
2026-09-01 00:21:25  [ 80] 06886 华泰证券  完成  日J=103.45 周J=103.35 月J=31.6 MA20=16.927 MA60=16.861 多头=1 价=17.67 涨=1.49%  PE=6.84(None%) PB=0.77(None%)
2026-09-01 00:21:26  [ 81] 01113 长实集团  完成  日J=17.96 周J=45.81 月J=45.67 MA20=46.639 MA60=46.244 多头=1 价=45.3 涨=-1.22%  PE=11.99(None%) PB=0.4(None%)
2026-09-01 00:21:26  [ 82] 01816 中广核电力  完成  日J=105.33 周J=110.07 月J=16.5 MA20=2.871 MA60=2.854 多头=1 价=3.04 涨=-0.65%  PE=13.54(None%) PB=1.08(None%)
2026-09-01 00:21:26  [ 83] 01766 中国中车  完成  日J=92.04 周J=107.89 月J=36.65 MA20=5.151 MA60=4.996 多头=1 价=5.34 涨=-1.29%  PE=9.67(None%) PB=0.75(None%)
2026-09-01 00:21:26  [ 86] 09973 奇瑞汽车  完成  日J=32.8 周J=61.34 月J=20.72 MA20=25.916 MA60=25.776 多头=1 价=25.5 涨=-1.47%  PE=7.3(None%) PB=2.38(None%)
2026-09-01 00:21:26  [ 87] 01377 鼎泰高科  完成  日J=38.17 周J=46.15 月J=None MA20=355.39 MA60=None 多头=None 价=348.4 涨=1.75%  PE=135.93(None%) PB=39.86(None%)
2026-09-01 00:21:26  [ 84] 01988 民生银行  完成  日J=58.15 周J=57.79 月J=27.7 MA20=3.437 MA60=3.425 多头=1 价=3.48 涨=5.45%  PE=4.63(None%) PB=0.23(None%)
2026-09-01 00:21:26  [ 85] 00027 银河娱乐  完成  日J=1.6 周J=80.34 月J=21.23 MA20=34.346 MA60=32.296 多头=1 价=34.16 涨=0.89%  PE=13.96(None%) PB=1.77(None%)
2026-09-01 00:21:27  [ 88] 02600 中国铝业  完成  日J=80.08 周J=88.08 月J=-6.6 MA20=8.477 MA60=8.416 多头=1 价=8.57 涨=-2.22%  PE=7.37(None%) PB=1.51(None%)
2026-09-01 00:21:28  [ 89] 01888 建滔积层板  完成  日J=104.35 周J=22.42 月J=26.34 MA20=38.291 MA60=55.245 多头=0 价=46.38 涨=2.7%  PE=33.25(None%) PB=7.97(None%)
2026-09-01 00:21:28  [ 90] 01776 广发证券  完成  日J=105.91 周J=104.56 月J=65.19 MA20=17.461 MA60=17.148 多头=1 价=18.58 涨=1.92%  PE=6.77(None%) PB=0.91(None%)
2026-09-01 00:21:28  [ 91] 01024 快手-W  完成  日J=14.08 周J=-1.4 月J=-9.83 MA20=38.736 MA60=42.189 多头=0 价=33.58 涨=0.36%  PE=8.16(None%) PB=1.53(None%)
2026-09-01 00:21:28  [ 92] 01336 新华保险  完成  日J=44.61 周J=60.9 月J=0.28 MA20=46.917 MA60=47.892 多头=0 价=46.4 涨=-1.15%  PE=2.88(None%) PB=1.02(None%)
2026-09-01 00:21:28  [ 93] 03606 福耀玻璃  完成  日J=10.7 周J=59.94 月J=29.56 MA20=56.47 MA60=54.31 多头=1 价=54.95 涨=-0.54%  PE=14.92(None%) PB=3.26(None%)
2026-09-01 00:21:28  [ 95] 06099 招商证券  完成  日J=104.92 周J=38.44 月J=55.39 MA20=15.117 MA60=15.773 多头=0 价=15.94 涨=-1.18%  PE=6.86(None%) PB=0.96(None%)
2026-09-01 00:21:28  [ 94] 01171 兖矿能源  完成  日J=100.6 周J=118.38 月J=36.19 MA20=12.684 MA60=12.272 多头=1 价=13.94 涨=1.83%  PE=10.75(None%) PB=1.6(None%)
2026-09-01 00:21:29  [ 96] 01972 太古地产  完成  日J=3.84 周J=82.42 月J=39.26 MA20=24.293 MA60=22.574 多头=1 价=23.98 涨=-2.2%  PE=41.84(None%) PB=0.51(None%)
2026-09-01 00:21:30  [100] 06613 蓝思科技  完成  日J=93.06 周J=71.81 月J=49.42 MA20=22.867 MA60=23.681 多头=0 价=25.0 涨=0.81%  PE=34.19(None%) PB=2.17(None%)
2026-09-01 00:21:30  [ 97] 06869 长飞光纤光缆  完成  日J=80.3 周J=64.88 月J=36.35 MA20=139.475 MA60=169.696 多头=0 价=166.7 涨=-2.11%  PE=34.99(None%) PB=7.33(None%)
2026-09-01 00:21:30  [ 98] 00688 中国海外发展  完成  日J=8.34 周J=33.97 月J=22.36 MA20=13.595 MA60=13.593 多头=1 价=12.53 涨=-9.33%  PE=10.78(None%) PB=0.3(None%)
2026-09-01 00:21:30  [ 99] 00003 香港中华煤气  完成  日J=46.95 周J=86.35 月J=42.53 MA20=7.059 MA60=6.863 多头=1 价=7.21 涨=-2.17%  PE=21.14(None%) PB=2.24(None%)
2026-09-01 00:21:30  [101] 00012 恒基地产  完成  日J=11.47 周J=60.74 月J=6.48 MA20=28.067 MA60=27.113 多头=1 价=26.86 涨=-7.32%  PE=None(None%) PB=None(None%)
2026-09-01 00:21:30  全部完成，结果已写入 /home/runner/work/daily-stock-metrics/daily-stock-metrics/output_hk/2026-09-01/metrics_2026-09-01.csv
2026-09-01 00:21:30  步骤2完成 -> /home/runner/work/daily-stock-metrics/daily-stock-metrics/output_hk/2026-09-01/metrics_2026-09-01.csv
2026-09-01 00:21:30  步骤3: 生成 HTML 总结报告...
2026-09-01 00:21:31  步骤3完成 -> /home/runner/work/daily-stock-metrics/daily-stock-metrics/output_hk/2026-09-01/report_2026-09-01.html
2026-09-01 00:21:31  步骤4: 发送邮件报告...
2026-09-01 00:21:35  步骤4完成: 邮件已发送
2026-09-01 00:21:35  ===== 全部完成 2026-09-01 =====
