2026-08-07 15:58:48  ===== 开始每日港股通指标任务 2026-08-07 =====
2026-08-07 15:58:48  步骤1: 获取港股通总市值前100标的...
获取港股通标的列表(共取市值前 100 只)...
接口返回 100 只港股通标的
2026-08-07 15:58:48  步骤1完成 -> C:\Users\hailo\Desktop\每周自动指标\output_hk\2026-08-07\hk_list_2026-08-07.csv
2026-08-07 15:58:48  步骤2: 计算 KDJ-J(日/周/月)...
2026-08-07 15:58:51  [  1] 00700 腾讯控股  完成  日J=77.25 周J=88.17 月J=16.58 价=478.8 涨=-0.08%  PE=16.54(None%) PB=3.42(None%)
2026-08-07 15:58:52  [  2] 03750 宁德时代  完成  日J=42.73 周J=17.86 月J=50.51 价=631.5 涨=0.56%  PE=30.35(None%) PB=6.69(None%)
2026-08-07 15:58:53  [  3] 00005 汇丰控股  完成  日J=5.72 周J=86.04 月J=91.13 价=161.0 涨=0.56%  PE=14.66(None%) PB=2.04(None%)
2026-08-07 15:58:54  [  4] 01398 工商银行  完成  日J=-14.08 周J=82.24 月J=69.91 价=7.14 涨=-0.83%  PE=6.12(None%) PB=0.57(None%)
2026-08-07 15:58:56  [  5] 09988 阿里巴巴-W  完成  日J=84.59 周J=94.76 月J=26.73 价=123.7 涨=-0.56%  PE=20.22(None%) PB=1.96(None%)
2026-08-07 15:58:57  [  6] 00939 建设银行  完成  日J=-2.79 周J=83.28 月J=75.19 价=8.81 涨=-0.56%  PE=6.02(None%) PB=0.57(None%)
2026-08-07 15:58:58  [  7] 01288 农业银行  完成  日J=-10.33 周J=72.67 月J=59.31 价=5.87 涨=-1.18%  PE=6.23(None%) PB=0.64(None%)
2026-08-07 15:58:59  [  8] 00941 中国移动  完成  日J=-11.07 周J=78.97 月J=48.51 价=81.8 涨=-0.73%  PE=11.68(None%) PB=1.07(None%)
2026-08-07 15:59:01  [  9] 00857 中国石油股份  完成  日J=2.07 周J=62.41 月J=25.43 价=9.51 涨=0.96%  PE=9.8(None%) PB=0.95(None%)
2026-08-07 15:59:02  [ 10] 03988 中国银行  完成  日J=-12.72 周J=68.58 月J=76.37 价=5.24 涨=-0.85%  PE=6.15(None%) PB=0.54(None%)
2026-08-07 15:59:03  [ 11] 03968 招商银行  完成  日J=-2.05 周J=89.76 月J=53.1 价=48.72 涨=-0.37%  PE=7.28(None%) PB=0.96(None%)
2026-08-07 15:59:04  [ 12] 00883 中国海洋石油  完成  日J=16.89 周J=55.93 月J=15.07 价=23.22 涨=2.29%  PE=7.89(None%) PB=1.16(None%)
2026-08-07 15:59:06  [ 13] 02318 中国平安  完成  日J=11.56 周J=94.89 月J=13.09 价=57.05 涨=-0.44%  PE=6.97(None%) PB=0.9(None%)
2026-08-07 15:59:07  [ 14] 02899 紫金矿业  完成  日J=89.79 周J=107.23 月J=25.94 价=36.5 涨=3.4%  PE=14.06(None%) PB=4.34(None%)
2026-08-07 15:59:08  [ 15] 01088 中国神华  完成  日J=51.44 周J=56.62 月J=29.58 价=42.92 涨=0.19%  PE=15.78(None%) PB=1.66(None%)
2026-08-07 15:59:09  [ 16] 01211 比亚迪股份  完成  日J=9.98 周J=96.5 月J=51.16 价=90.1 涨=0.28%  PE=26.65(None%) PB=3.13(None%)
2026-08-07 15:59:11  [ 17] 02628 中国人寿  完成  日J=66.48 周J=47.35 月J=29.21 价=28.76 涨=-0.96%  PE=5.03(None%) PB=1.2(None%)
2026-08-07 15:59:12  [ 18] 01299 友邦保险  完成  日J=20.91 周J=66.23 月J=11.06 价=74.45 涨=1.78%  PE=15.85(None%) PB=2.32(None%)
2026-08-07 15:59:13  [ 19] 00300 美的集团  完成  日J=15.23 周J=100.0 月J=82.12 价=95.65 涨=-1.9%  PE=14.74(None%) PB=2.77(None%)
2026-08-07 15:59:14  [ 20] 01810 小米集团-W  完成  日J=-6.05 周J=71.77 月J=23.72 价=27.06 涨=0.74%  PE=17.64(None%) PB=2.33(None%)
2026-08-07 15:59:15  [ 21] 09999 网易  完成  日J=72.92 周J=63.94 月J=58.35 价=205.0 涨=0.99%  PE=17.16(None%) PB=3.5(None%)
2026-08-07 15:59:17  [ 22] 03328 交通银行  完成  日J=-1.48 周J=67.21 月J=68.5 价=7.25 涨=-0.55%  PE=5.93(None%) PB=0.49(None%)
2026-08-07 15:59:18  [ 23] 01658 邮储银行  完成  日J=-5.09 周J=63.51 月J=31.1 价=4.84 涨=-0.41%  PE=5.9(None%) PB=0.5(None%)
2026-08-07 15:59:19  [ 24] 02513 智谱  完成  日J=86.2 周J=0.06 月J=29.62 价=1247.0 涨=14.72%  PE=-111.54(None%) PB=-5.6(None%)
2026-08-07 15:59:20  [ 25] 00981 中芯国际  完成  日J=49.63 周J=0.24 月J=39.38 价=66.8 涨=2.22%  PE=105.58(None%) PB=3.15(None%)
2026-08-07 15:59:21  [ 26] 02359 药明康德  完成  日J=103.92 周J=103.54 月J=100.83 价=192.5 涨=7.12%  PE=22.93(None%) PB=5.96(None%)
2026-08-07 15:59:23  [ 27] 03690 美团-W  完成  日J=58.66 周J=113.59 月J=72.29 价=92.2 涨=0.0%  PE=-12.8(None%) PB=3.35(None%)
2026-08-07 15:59:24  [ 28] 02388 中银香港  完成  日J=23.49 周J=92.52 月J=83.67 价=50.15 涨=-0.5%  PE=13.22(None%) PB=1.48(None%)
2026-08-07 15:59:25  [ 29] 00386 中国石油化工股份  完成  日J=24.51 周J=98.39 月J=7.35 价=4.36 涨=2.11%  PE=12.89(None%) PB=0.56(None%)
2026-08-07 15:59:26  [ 30] 00388 香港交易所  完成  日J=81.15 周J=112.42 月J=49.92 价=411.6 涨=0.39%  PE=27.64(None%) PB=9.45(None%)
2026-08-07 15:59:28  [ 31] 02888 渣打集团  完成  日J=72.58 周J=92.02 月J=95.48 价=232.6 涨=-0.77%  PE=12.06(None%) PB=1.4(None%)
2026-08-07 15:59:29  [ 32] 02475 立讯精密  完成  日J=94.25 周J=70.84 月J=None 价=63.35 涨=3.85%  PE=25.46(None%) PB=4.61(None%)
2026-08-07 15:59:30  [ 33] 09633 农夫山泉  完成  日J=31.94 周J=57.04 月J=8.73 价=42.4 涨=-0.14%  PE=27.12(None%) PB=10.9(None%)
2026-08-07 15:59:32  [ 34] 06030 中信证券  完成  日J=25.19 周J=58.42 月J=47.45 价=27.08 涨=1.12%  PE=11.21(None%) PB=1.21(None%)
2026-08-07 15:59:33  [ 35] 00728 中国电信  完成  日J=-15.28 周J=36.08 月J=13.15 价=4.5 涨=-1.21%  PE=11.6(None%) PB=0.78(None%)
2026-08-07 15:59:35  [ 36] 00998 中信银行  完成  日J=-10.17 周J=83.75 月J=34.05 价=7.37 涨=-1.27%  PE=5.13(None%) PB=0.49(None%)
2026-08-07 15:59:36  [ 37] 03993 洛阳钼业  完成  日J=92.39 周J=70.95 月J=20.81 价=19.09 涨=1.49%  PE=15.09(None%) PB=4.05(None%)
2026-08-07 15:59:37  [ 38] 01276 恒瑞医药  完成  日J=61.76 周J=67.2 月J=13.88 价=58.35 涨=3.46%  PE=42.64(None%) PB=5.38(None%)
2026-08-07 15:59:38  [ 39] 03986 兆易创新  完成  日J=79.19 周J=-8.43 月J=23.04 价=528.5 涨=6.9%  PE=114.77(None%) PB=12.92(None%)
2026-08-07 15:59:39  [ 40] 02259 紫金黄金国际  完成  日J=87.9 周J=103.83 月J=9.12 价=137.2 涨=4.41%  PE=29.46(None%) PB=5.63(None%)
2026-08-07 15:59:41  [ 41] 02328 中国财险  完成  日J=58.27 周J=82.67 月J=46.72 价=15.95 涨=-1.79%  PE=8.39(None%) PB=1.07(None%)
2026-08-07 15:59:42  [ 42] 00992 联想集团  完成  日J=108.64 周J=83.81 月J=109.42 价=28.14 涨=8.48%  PE=23.28(None%) PB=5.83(None%)
2026-08-07 15:59:43  [ 43] 00267 中信股份  完成  日J=-7.15 周J=47.81 月J=29.97 价=11.84 涨=-0.84%  PE=5.3(None%) PB=0.4(None%)
2026-08-07 15:59:45  [ 44] 00016 新鸿基地产  完成  日J=14.57 周J=46.87 月J=31.86 价=115.2 涨=-0.69%  PE=15.19(None%) PB=0.54(None%)
2026-08-07 15:59:46  [ 45] 06809 澜起科技  完成  日J=34.4 周J=-1.22 月J=37.91 价=269.2 涨=3.14%  PE=114.75(None%) PB=13.95(None%)
2026-08-07 15:59:47  [ 46] 06160 百济神州  完成  日J=86.39 周J=107.67 月J=67.43 价=210.0 涨=5.26%  PE=63.15(None%) PB=9.52(None%)
2026-08-07 15:59:48  [ 47] 02338 潍柴动力  完成  日J=92.18 周J=35.85 月J=57.62 价=35.14 涨=2.33%  PE=23.89(None%) PB=2.82(None%)
2026-08-07 15:59:49  [ 48] 02601 中国太保  完成  日J=-4.57 周J=62.76 月J=6.9 价=29.58 涨=-1.07%  PE=4.72(None%) PB=0.78(None%)
2026-08-07 15:59:51  [ 49] 00001 长和  完成  日J=46.43 周J=100.02 月J=95.0 价=73.0 涨=1.04%  PE=23.58(None%) PB=0.5(None%)
2026-08-07 15:59:52  [ 50] 02378 保诚  完成  日J=3.48 周J=80.32 月J=31.05 价=108.8 涨=0.28%  PE=8.79(None%) PB=1.77(None%)
2026-08-07 15:59:53  [ 51] 00669 创科实业  完成  日J=102.84 周J=95.6 月J=104.92 价=146.3 涨=0.69%  PE=26.29(None%) PB=4.59(None%)
2026-08-07 15:59:54  [ 52] 02611 国泰海通  完成  日J=13.93 周J=41.6 月J=24.1 价=14.45 涨=0.63%  PE=10.29(None%) PB=0.69(None%)
2026-08-07 15:59:56  [ 53] 02476 胜宏科技  完成  日J=107.84 周J=15.71 月J=14.71 价=256.6 涨=11.08%  PE=48.24(None%) PB=11.38(None%)
2026-08-07 15:59:57  [ 54] 01347 华虹宏力  完成  日J=68.05 周J=-3.13 月J=46.83 价=141.1 涨=3.22%  PE=436.34(None%) PB=4.65(None%)
2026-08-07 15:59:58  [ 55] 01378 中国宏桥  完成  日J=67.37 周J=62.63 月J=-0.88 价=24.18 涨=2.63%  PE=9.47(None%) PB=1.64(None%)
2026-08-07 16:00:00  [ 56] 01339 中国人民保险集团  完成  日J=36.77 周J=88.67 月J=8.11 价=5.33 涨=-1.2%  PE=4.99(None%) PB=0.65(None%)
2026-08-07 16:00:01  [ 57] 01919 中远海控  完成  日J=15.32 周J=106.83 月J=66.07 价=15.4 涨=1.78%  PE=8.35(None%) PB=0.88(None%)
2026-08-07 16:00:02  [ 58] 01109 华润置地  完成  日J=19.65 周J=42.57 月J=41.37 价=32.86 涨=0.0%  PE=8.33(None%) PB=0.73(None%)
2026-08-07 16:00:03  [ 59] 06951 三环集团  完成  日J=87.32 周J=58.43 月J=None 价=106.6 涨=2.7%  PE=65.98(None%) PB=8.07(None%)
2026-08-07 16:00:04  [ 60] 09992 泡泡玛特  完成  日J=25.0 周J=28.29 月J=4.86 价=157.9 涨=0.38%  PE=14.86(None%) PB=8.59(None%)
2026-08-07 16:00:06  [ 61] 02020 安踏体育  完成  日J=-5.29 周J=81.2 月J=40.77 价=74.55 涨=0.07%  PE=13.84(None%) PB=2.86(None%)
2026-08-07 16:00:07  [ 62] 03692 翰森制药  完成  日J=52.31 周J=77.48 月J=11.97 价=32.92 涨=3.91%  PE=32.42(None%) PB=5.08(None%)
2026-08-07 16:00:09  [ 63] 00175 吉利汽车  完成  日J=-6.72 周J=66.86 月J=28.05 价=18.42 涨=-0.75%  PE=11.53(None%) PB=1.84(None%)
2026-08-07 16:00:10  [ 64] 00066 港铁公司  完成  日J=-1.52 周J=75.74 月J=23.6 价=31.9 涨=-1.36%  PE=13.52(None%) PB=1.03(None%)
2026-08-07 16:00:11  [ 65] 06690 海尔智家  完成  日J=-12.96 周J=68.58 月J=14.92 价=20.96 涨=-0.85%  PE=9.37(None%) PB=1.39(None%)
2026-08-07 16:00:12  [ 66] 00002 中电控股  完成  日J=38.87 周J=103.45 月J=95.27 价=77.5 涨=1.57%  PE=18.04(None%) PB=1.77(None%)
2026-08-07 16:00:14  [ 67] 00762 中国联通  完成  日J=-18.27 周J=27.6 月J=7.7 价=6.39 涨=-1.46%  PE=8.83(None%) PB=0.48(None%)
2026-08-07 16:00:15  [ 68] 01024 快手-W  完成  日J=68.48 周J=52.09 月J=-3.84 价=44.14 涨=-0.23%  PE=9.75(None%) PB=2.06(None%)
2026-08-07 16:00:16  [ 69] 02269 药明生物  完成  日J=106.63 周J=107.77 月J=86.82 价=45.96 涨=11.07%  PE=35.04(None%) PB=3.63(None%)
2026-08-07 16:00:18  [ 70] 06031 三一重工  完成  日J=11.52 周J=69.83 月J=19.17 价=20.28 涨=-1.93%  PE=19.73(None%) PB=1.82(None%)
2026-08-07 16:00:19  [ 71] 03288 海天味业  完成  日J=14.22 周J=82.83 月J=34.11 价=31.8 涨=-1.18%  PE=22.71(None%) PB=3.9(None%)
2026-08-07 16:00:20  [ 72] 02714 牧原股份  完成  日J=32.39 周J=80.49 月J=9.0 价=32.06 涨=1.71%  PE=16.97(None%) PB=1.89(None%)
2026-08-07 16:00:21  [ 73] 06818 中国光大银行  完成  日J=-12.85 周J=40.32 月J=17.64 价=3.06 涨=-1.76%  PE=4.27(None%) PB=0.32(None%)
2026-08-07 16:00:23  [ 74] 00788 中国铁塔  完成  日J=17.83 周J=96.46 月J=16.4 价=9.75 涨=-0.46%  PE=13.33(None%) PB=0.76(None%)
2026-08-07 16:00:24  [ 75] 06936 顺丰控股  完成  日J=-5.75 周J=99.78 月J=50.77 价=32.38 涨=-1.22%  PE=13.32(None%) PB=1.43(None%)
2026-08-07 16:00:25  [ 76] 01377 鼎泰高科  完成  日J=103.12 周J=46.27 月J=None 价=391.4 涨=4.65%  PE=237.91(None%) PB=48.76(None%)
2026-08-07 16:00:26  [ 77] 01801 信达生物  完成  日J=111.35 周J=82.12 月J=69.64 价=94.75 涨=4.18%  PE=183.42(None%) PB=7.67(None%)
2026-08-07 16:00:27  [ 78] 01113 长实集团  完成  日J=8.47 周J=81.36 月J=54.41 价=46.88 涨=0.17%  PE=15.11(None%) PB=0.41(None%)
2026-08-07 16:00:29  [ 79] 01038 长江基建集团  完成  日J=-4.94 周J=93.03 月J=56.22 价=61.1 涨=-0.33%  PE=18.63(None%) PB=1.2(None%)
2026-08-07 16:00:30  [ 80] 02423 贝壳-W  完成  日J=77.08 周J=82.73 月J=51.96 价=44.06 涨=1.19%  PE=40.05(None%) PB=2.13(None%)
2026-08-07 16:00:31  [ 81] 06886 华泰证券  完成  日J=35.89 周J=46.32 月J=21.48 价=16.78 涨=0.06%  PE=7.73(None%) PB=0.75(None%)
2026-08-07 16:00:32  [ 82] 01988 民生银行  完成  日J=1.05 周J=90.56 月J=26.0 价=3.45 涨=-0.14%  PE=4.57(None%) PB=0.23(None%)
2026-08-07 16:00:34  [ 83] 01336 新华保险  完成  日J=58.73 周J=52.77 月J=7.12 价=48.44 涨=1.0%  PE=3.67(None%) PB=1.08(None%)
2026-08-07 16:00:35  [ 84] 09973 奇瑞汽车  完成  日J=45.72 周J=59.35 月J=22.35 价=25.72 涨=1.02%  PE=7.2(None%) PB=2.39(None%)
2026-08-07 16:00:36  [ 85] 02600 中国铝业  完成  日J=73.34 周J=36.09 月J=-6.55 价=8.57 涨=2.02%  PE=8.93(None%) PB=1.61(None%)
2026-08-07 16:00:37  [ 86] 03606 福耀玻璃  完成  日J=26.43 周J=88.69 月J=33.21 价=55.95 涨=-2.01%  PE=14.54(None%) PB=3.3(None%)
2026-08-07 16:00:39  [ 87] 01766 中国中车  完成  日J=26.79 周J=64.39 月J=23.27 价=5.02 涨=-1.47%  PE=9.55(None%) PB=0.73(None%)
2026-08-07 16:00:40  [ 88] 00688 中国海外发展  完成  日J=8.87 周J=26.26 月J=31.68 价=13.17 涨=-0.3%  PE=10.26(None%) PB=0.34(None%)
2026-08-07 16:00:41  [ 89] 00027 银河娱乐  完成  日J=12.27 周J=96.35 月J=14.52 价=32.82 涨=-2.15%  PE=13.47(None%) PB=1.73(None%)
2026-08-07 16:00:42  [ 90] 01816 中广核电力  完成  日J=-0.26 周J=57.03 月J=2.87 价=2.83 涨=-0.35%  PE=13.43(None%) PB=1.0(None%)
2026-08-07 16:00:44  [ 91] 01898 中煤能源  完成  日J=62.07 周J=35.27 月J=1.37 价=10.77 涨=0.19%  PE=8.87(None%) PB=0.77(None%)
2026-08-07 16:00:45  [ 92] 02057 中通快递-W  完成  日J=36.27 周J=78.06 月J=58.41 价=186.3 涨=-1.64%  PE=13.82(None%) PB=2.04(None%)
2026-08-07 16:00:46  [ 93] 00358 江西铜业股份  完成  日J=98.36 周J=81.11 月J=22.51 价=39.92 涨=4.23%  PE=14.96(None%) PB=1.45(None%)
2026-08-07 16:00:47  [ 94] 01776 广发证券  完成  日J=84.26 周J=51.13 月J=47.53 价=17.29 涨=0.76%  PE=7.73(None%) PB=0.87(None%)
2026-08-07 16:00:48  [ 95] 01972 太古地产  完成  日J=19.85 周J=96.51 月J=31.79 价=23.28 涨=1.22%  PE=40.72(None%) PB=0.5(None%)
2026-08-07 16:00:50  [ 96] 06099 招商证券  完成  日J=89.2 周J=7.22 月J=46.65 价=15.26 涨=1.6%  PE=8.92(None%) PB=0.94(None%)
2026-08-07 16:00:51  [ 97] 09987 百胜中国  完成  日J=67.69 周J=98.11 月J=38.03 价=379.2 涨=0.48%  PE=17.14(None%) PB=3.11(None%)
2026-08-07 16:00:52  [ 98] 00012 恒基地产  完成  日J=-2.5 周J=60.47 月J=6.2 价=26.82 涨=-2.4%  PE=22.99(None%) PB=0.4(None%)
2026-08-07 16:00:53  [ 99] 06990 科伦博泰生物  完成  日J=97.22 周J=87.8 月J=82.83 价=537.5 涨=5.81%  PE=-303.8(None%) PB=23.26(None%)
2026-08-07 16:00:55  [100] 09903 天数智芯  完成  日J=53.02 周J=7.08 月J=46.46 价=476.8 涨=5.96%  PE=-115.45(None%) PB=41.87(None%)
2026-08-07 16:00:55  全部完成，结果已写入 C:\Users\hailo\Desktop\每周自动指标\output_hk\2026-08-07\metrics_2026-08-07.csv
2026-08-07 16:00:55  步骤2完成 -> C:\Users\hailo\Desktop\每周自动指标\output_hk\2026-08-07\metrics_2026-08-07.csv
2026-08-07 16:00:55  步骤3: 生成 HTML 总结报告...
2026-08-07 16:00:55  步骤3完成 -> C:\Users\hailo\Desktop\每周自动指标\output_hk\2026-08-07\report_2026-08-07.html
2026-08-07 16:00:55  步骤4: 发送邮件报告...
2026-08-07 16:00:56  步骤4完成: 邮件已发送
2026-08-07 16:00:56  ===== 全部完成 2026-08-07 =====
2026-08-07 19:00:14  今日(2026-08-07)已完成，跳过。结果目录: C:\Users\hailo\Desktop\每周自动指标\output_hk\2026-08-07
2026-08-07 20:35:35  今日(2026-08-07)已完成，跳过。结果目录: C:\Users\hailo\Desktop\每周自动指标\output_hk\2026-08-07
2026-08-07 20:35:51  今日(2026-08-07)已完成，跳过。结果目录: C:\Users\hailo\Desktop\每周自动指标\output_hk\2026-08-07
