2026-09-02 20:26:44  ===== 开始每日ETF指标任务 2026-09-02 =====
2026-09-02 20:26:44  步骤1: 获取场内规模前100的ETF...
[  1] 510300 沪深300ETF华泰柏瑞  规模=1062.6亿  跟踪=沪深300指数  主题=沪深300
[  2] 588000 科创50ETF华夏  规模=873.59亿  跟踪=上证科创板50成份指数  主题=科创板
[  3] 159915 创业板ETF易方达  规模=635.13亿  跟踪=创业板指数(价格)  主题=创业板
[  4] 512880 证券ETF国泰  规模=613.93亿  跟踪=中证全指证券公司指数  主题=证券
[  5] 510310 沪深300ETF易方达  规模=506.23亿  跟踪=沪深300指数  主题=沪深300
[  6] 588200 科创芯片ETF嘉实  规模=485.23亿  跟踪=上证科创板芯片指数  主题=半导体
[  7] 588170 科创半导体ETF华夏  规模=427.49亿  跟踪=上证科创板半导体材料设备主题指数  主题=半导体
[  8] 159516 半导体设备ETF国泰  规模=427.45亿  跟踪=中证半导体材料设备主题指数  主题=半导体
[  9] 588080 科创50ETF易方达  规模=412.57亿  跟踪=上证科创板50成份指数  主题=科创板
[ 10] 515880 通信ETF国泰  规模=408.93亿  跟踪=中证全指通信设备指数  主题=通信
[ 11] 510330 沪深300ETF华夏  规模=403.46亿  跟踪=沪深300指数  主题=沪深300
[ 12] 510500 中证500ETF南方  规模=402.23亿  跟踪=中证500指数  主题=中证500
[ 13] 563360 A500ETF华泰柏瑞  规模=398.85亿  跟踪=中证A500指数  主题=中证A500
[ 14] 512000 券商ETF华宝  规模=375.45亿  跟踪=中证全指证券公司指数  主题=证券
[ 15] 159352 A500ETF南方  规模=335.29亿  跟踪=中证A500指数  主题=中证A500
[ 16] 512890 红利低波ETF华泰柏瑞  规模=324.6亿  跟踪=中证红利低波动指数  主题=红利
[ 17] 159919 沪深300ETF嘉实  规模=300.22亿  跟踪=沪深300指数  主题=沪深300
[ 18] 159361 A500ETF易方达  规模=286.51亿  跟踪=中证A500指数  主题=中证A500
[ 19] 159995 芯片ETF华夏  规模=272.36亿  跟踪=国证半导体芯片指数  主题=半导体
[ 20] 512400 有色金属ETF南方  规模=268.24亿  跟踪=有色金属  主题=有色金属
[ 21] 159338 中证A500ETF国泰  规模=254.97亿  跟踪=中证A500指数  主题=中证A500
[ 22] 159949 创业板50ETF华安  规模=242.19亿  跟踪=创业板50指数  主题=创业板
[ 23] 512170 医疗ETF华宝  规模=242.16亿  跟踪=中证医疗指数  主题=医药
[ 24] 159819 人工智能ETF易方达  规模=209.68亿  跟踪=中证人工智能主题指数  主题=人工智能
[ 25] 159558 半导体设备ETF易方达  规模=207.56亿  跟踪=中证半导体材料设备主题指数  主题=半导体
[ 26] 515450 红利低波50ETF南方  规模=200.89亿  跟踪=标普中国A股大盘红利低波50指数  主题=红利
[ 27] 510050 上证50ETF华夏  规模=197.65亿  跟踪=上证50指数  主题=上证50
[ 28] 512480 半导体ETF国联安  规模=197.5亿  跟踪=中证全指半导体产品与设备指数  主题=半导体
[ 29] 512050 A500ETF华夏  规模=195.7亿  跟踪=中证A500指数  主题=中证A500
[ 30] 510880 红利ETF华泰柏瑞  规模=193.52亿  跟踪=上证红利指数  主题=红利
[ 31] 159326 电网设备ETF华夏  规模=193.4亿  跟踪=中证电网设备主题指数  主题=其他
[ 32] 512100 中证1000ETF南方  规模=191.98亿  跟踪=中证1000指数  主题=中证1000
[ 33] 515180 红利ETF易方达  规模=185.48亿  跟踪=中证红利指数  主题=红利
[ 34] 515050 通信ETF华夏  规模=174.95亿  跟踪=中证5G通信主题指数  主题=通信
[ 35] 562500 机器人ETF华夏  规模=174.95亿  跟踪=中证机器人指数  主题=机器人
[ 36] 510180 上证180ETF华安  规模=174.45亿  跟踪=上证180指数  主题=上证180
[ 37] 159992 创新药ETF银华  规模=166.8亿  跟踪=中证创新药产业指数  主题=医药
[ 38] 159530 机器人ETF易方达  规模=165.7亿  跟踪=国证机器人产业指数  主题=机器人
[ 39] 159781 科创创业ETF易方达  规模=164.35亿  跟踪=中证科创创业50指数  主题=科创板
[ 40] 159201 自由现金流ETF华夏  规模=162.74亿  跟踪=国证自由现金流指数  主题=货币市场
[ 41] 159928 消费ETF汇添富  规模=153.98亿  跟踪=中证主要消费指数  主题=消费
[ 42] 512010 医药ETF易方达  规模=151.85亿  跟踪=沪深300医药卫生指数  主题=医药
[ 43] 510210 上证指数ETF富国  规模=143.24亿  跟踪=上证综合指数  主题=其他
[ 44] 517520 黄金股ETF永赢  规模=136.28亿  跟踪=中证沪深港黄金产业股票指数  主题=黄金
[ 45] 159870 化工ETF鹏华  规模=135.7亿  跟踪=细分化工  主题=化工
[ 46] 512690 酒ETF鹏华  规模=133.43亿  跟踪=中证酒指数  主题=白酒
[ 47] 512070 证券保险ETF易方达  规模=133.11亿  跟踪=沪深300非银行金融指数  主题=证券
[ 48] 560780 半导体设备ETF广发  规模=131.58亿  跟踪=中证半导体材料设备主题指数  主题=半导体
[ 49] 159206 卫星ETF永赢  规模=128.99亿  跟踪=国证商用卫星通信产业指数  主题=通信
[ 50] 515220 煤炭ETF国泰  规模=128.94亿  跟踪=中证煤炭指数  主题=煤炭
[ 51] 563020 红利低波ETF易方达  规模=127.83亿  跟踪=中证红利低波动指数  主题=红利
[ 52] 513630 港股低波红利ETF摩根  规模=119.55亿  跟踪=标普港股通低波红利指数  主题=红利
[ 53] 159841 证券ETF天弘  规模=117.81亿  跟踪=中证全指证券公司指数  主题=证券
[ 54] 588710 科创半导体设备ETF华泰柏瑞  规模=113.73亿  跟踪=上证科创板半导体材料设备主题指数  主题=半导体
[ 55] 159952 创业板ETF广发  规模=111.79亿  跟踪=创业板指数(价格)  主题=创业板
[ 56] 515120 创新药ETF广发  规模=109.69亿  跟踪=中证创新药产业指数  主题=医药
[ 57] 515080 中证红利ETF招商  规模=109.28亿  跟踪=中证红利指数  主题=红利
[ 58] 563800 A500ETF广发  规模=108.22亿  跟踪=中证A500指数  主题=中证A500
[ 59] 588050 科创50ETF工银  规模=107.59亿  跟踪=上证科创板50成份指数  主题=科创板
[ 60] 512760 芯片ETF国泰  规模=103.15亿  跟踪=中华交易服务半导体芯片行业人民币指数  主题=半导体
[ 61] 512800 银行ETF华宝  规模=100.43亿  跟踪=中证银行指数  主题=银行
[ 62] 159611 电力ETF广发  规模=97.88亿  跟踪=中证全指电力公用事业指数  主题=电力
[ 63] 516650 有色金属ETF华夏  规模=96.56亿  跟踪=细分有色  主题=有色金属
[ 64] 159852 软件ETF嘉实  规模=94.01亿  跟踪=中证软件服务指数  主题=计算机
[ 65] 159842 券商ETF银华  规模=93.66亿  跟踪=中证全指证券公司指数  主题=证券
[ 66] 562590 半导体设备ETF华夏  规模=89.09亿  跟踪=中证半导体材料设备主题指数  主题=半导体
[ 67] 159869 游戏ETF华夏  规模=87.17亿  跟踪=中证动漫游戏指数  主题=传媒
[ 68] 159351 A500ETF嘉实  规模=86.39亿  跟踪=中证A500指数  主题=中证A500
[ 69] 560860 工业有色ETF万家  规模=85.31亿  跟踪=中证工业有色金属主题指数  主题=有色金属
[ 70] 159922 中证500ETF嘉实  规模=84.77亿  跟踪=中证500指数  主题=中证500
[ 71] 515070 人工智能ETF华夏  规模=82.58亿  跟踪=中证人工智能主题指数  主题=人工智能
[ 72] 515330 沪深300ETF天弘  规模=82.03亿  跟踪=沪深300指数  主题=沪深300
[ 73] 563220 A500ETF富国  规模=80.71亿  跟踪=中证A500指数  主题=中证A500
[ 74] 512900 证券ETF南方  规模=80.51亿  跟踪=中证全指证券公司指数  主题=证券
[ 75] 512500 中证500ETF华夏  规模=79.37亿  跟踪=中证500指数  主题=中证500
[ 76] 588060 科创50ETF广发  规模=74.41亿  跟踪=上证科创板50成份指数  主题=科创板
[ 77] 588750 科创芯片ETF汇添富  规模=74.34亿  跟踪=上证科创板芯片指数  主题=半导体
[ 78] 512710 军工龙头ETF富国  规模=73.83亿  跟踪=中证军工龙头指数  主题=军工
[ 79] 159307 红利低波100ETF博时  规模=72.65亿  跟踪=中证红利低波动100指数  主题=红利
[ 80] 159263 价值ETF易方达  规模=71.79亿  跟踪=国证价值100指数  主题=价值
[ 81] 512660 军工ETF国泰  规模=71.09亿  跟踪=中证军工指数  主题=军工
[ 82] 159755 电池ETF广发  规模=70.6亿  跟踪=国证新能源车电池指数  主题=新能源
[ 83] 563300 中证2000ETF华泰柏瑞  规模=69.32亿  跟踪=中证2000指数  主题=中证2000
[ 84] 159363 创业板人工智能ETF华宝  规模=69.15亿  跟踪=创业板人工智能指数  主题=人工智能
[ 85] 159157 有色金属ETF天弘  规模=67.06亿  跟踪=中证工业有色金属主题指数  主题=有色金属
[ 86] 159865 养殖ETF国泰  规模=66.67亿  跟踪=中证畜牧养殖指数  主题=农业
[ 87] 516150 稀土ETF嘉实  规模=64.67亿  跟踪=中证稀土产业指数  主题=有色金属
[ 88] 159813 半导体ETF鹏华  规模=64.43亿  跟踪=国证半导体芯片指数  主题=半导体
[ 89] 159259 成长ETF易方达  规模=64.18亿  跟踪=国证成长100指数  主题=成长
[ 90] 159977 创业板ETF天弘  规模=63.42亿  跟踪=创业板指数(价格)  主题=创业板
[ 91] 159851 金融科技ETF华宝  规模=63.24亿  跟踪=中证金融科技主题指数  主题=其他
[ 92] 515980 人工智能ETF华富  规模=63.18亿  跟踪=中证人工智能产业指数  主题=人工智能
[ 93] 588220 科创100ETF鹏华  规模=63.15亿  跟踪=上证科创板100指数  主题=科创板
[ 94] 159845 中证1000ETF华夏  规模=62.56亿  跟踪=中证1000指数  主题=中证1000
[ 95] 560610 A500ETF招商  规模=61.54亿  跟踪=中证A500指数  主题=中证A500
[ 96] 159562 黄金股ETF华夏  规模=61.46亿  跟踪=中证沪深港黄金产业股票指数  主题=黄金
[ 97] 512950 央企改革ETF华夏  规模=60.52亿  跟踪=中证央企结构调整指数  主题=央企国企
[ 98] 159770 机器人ETF天弘  规模=59.27亿  跟踪=中证机器人指数  主题=机器人
[ 99] 560010 中证1000ETF广发  规模=57.81亿  跟踪=中证1000指数  主题=中证1000
[100] 159549 红利低波ETF天弘  规模=56.9亿  跟踪=中证红利低波动100指数  主题=红利
2026-09-02 20:27:33  步骤1完成 -> /home/runner/work/daily-stock-metrics/daily-stock-metrics/output_etf/2026-09-02/etf_list_2026-09-02.csv
2026-09-02 20:27:33  步骤2: 计算 KDJ-J(日/周/月)...
2026-09-02 20:27:33  步骤2: 计算指标...
2026-09-02 20:27:33  观察池: 共63只(含历史追踪2只)
2026-09-02 20:27:33  待处理 63 条，并发数 8
2026-09-02 20:27:39  [  7] 159516 半导体设备ETF国泰  完成  日J=2.36 周J=12.42 月J=38.04 MA20=0.734 MA60=0.765 多头=0 价=0.68 涨=-2.3%  PE=99.13(91.93%) PB=None(None%)
2026-09-02 20:27:39  [  8] 515880 通信ETF国泰  完成  日J=40.15 周J=35.34 月J=21.36 MA20=0.666 MA60=0.729 多头=0 价=0.65 涨=-1.81%  PE=42.41(86.81%) PB=None(None%)
2026-09-02 20:27:39  [  6] 588170 科创半导体ETF华夏  完成  日J=10.49 周J=12.55 月J=39.96 MA20=1.015 MA60=1.058 多头=0 价=0.95 涨=-1.55%  PE=44.24(83.28%) PB=None(None%)
2026-09-02 20:27:40  [  3] 159915 创业板ETF易方达  完成  日J=6.67 周J=15.26 月J=5.72 MA20=3.531 MA60=3.746 多头=0 价=3.34 涨=-2.11%  PE=38.08(31.44%) PB=5.33(59.96%)
2026-09-02 20:27:40  [  5] 588200 科创芯片ETF嘉实  完成  日J=49.14 周J=7.43 月J=32.78 MA20=1.19 MA60=1.289 多头=0 价=1.14 涨=-1.72%  PE=98.97(74.53%) PB=None(None%)
2026-09-02 20:27:40  [  4] 512880 证券ETF国泰  完成  日J=84.3 周J=20.04 月J=34.11 MA20=1.089 MA60=1.101 多头=0 价=1.09 涨=-2.07%  PE=12.87(4.75%) PB=1.27(15.36%)
2026-09-02 20:27:40  [  1] 510300 沪深300ETF华泰柏瑞  完成  日J=50.27 周J=18.33 月J=19.88 MA20=4.699 MA60=4.779 多头=0 价=4.62 涨=-1.37%  PE=13.65(64.27%) PB=1.44(43.56%)
2026-09-02 20:27:40  [  2] 588000 科创50ETF华夏  完成  日J=50.71 周J=0.5 月J=28.32 MA20=1.782 MA60=1.91 多头=0 价=1.71 涨=-1.72%  PE=72.82(71.56%) PB=7.58(88.7%)
2026-09-02 20:27:42  [ 10] 563360 A500ETF华泰柏瑞  完成  日J=42.8 周J=20.39 月J=14.17 MA20=1.297 MA60=1.325 多头=0 价=1.27 涨=-1.4%  PE=15.29(49.9%) PB=None(None%)
2026-09-02 20:27:42  [ 11] 512890 红利低波ETF华泰柏瑞  完成  日J=83.58 周J=98.79 月J=95.92 MA20=1.175 MA60=1.151 多头=1 价=1.2 涨=-0.66%  PE=8.08(75.43%) PB=0.88(63.52%)
2026-09-02 20:27:42  [ 14] 159949 创业板50ETF华安  完成  日J=5.66 周J=12.31 月J=-0.29 MA20=1.654 MA60=1.776 多头=0 价=1.55 涨=-2.57%  PE=None(None%) PB=None(None%)
2026-09-02 20:27:42  [  9] 510500 中证500ETF南方  完成  日J=55.82 周J=32.46 月J=19.66 MA20=7.927 MA60=8.11 多头=0 价=7.75 涨=-1.66%  PE=25.99(63.88%) PB=2.4(77.32%)
2026-09-02 20:27:42  [ 12] 159995 芯片ETF华夏  完成  日J=46.36 周J=4.07 月J=23.61 MA20=1.176 MA60=1.299 多头=0 价=1.12 涨=-1.75%  PE=None(None%) PB=None(None%)
2026-09-02 20:27:43  [ 13] 512400 有色金属ETF南方  完成  日J=39.21 周J=86.64 月J=11.56 MA20=1.932 MA60=1.87 多头=1 价=1.89 涨=-2.33%  PE=15.4(80.9%) PB=None(None%)
2026-09-02 20:27:43  [ 15] 512170 医疗ETF华宝  完成  日J=10.34 周J=68.43 月J=46.44 MA20=0.347 MA60=0.324 多头=1 价=0.34 涨=-0.29%  PE=27.73(22.51%) PB=3.46(11.8%)
2026-09-02 20:27:44  [ 16] 159819 人工智能ETF易方达  完成  日J=82.87 周J=6.49 月J=26.78 MA20=1.784 MA60=1.913 多头=0 价=1.74 涨=-1.81%  PE=44.78(48.57%) PB=None(None%)
2026-09-02 20:27:44  [ 17] 515450 红利低波50ETF南方  完成  日J=76.61 周J=67.78 月J=72.75 MA20=1.405 MA60=1.391 多头=1 价=1.42 涨=-0.14%  PE=8.63(80.12%) PB=0.88(63.52%)
2026-09-02 20:27:45  [ 18] 510050 上证50ETF华夏  完成  日J=94.01 周J=51.32 月J=37.52 MA20=3.028 MA60=3.028 多头=0 价=3.03 涨=-0.82%  PE=11.19(71.82%) PB=1.25(58.24%)
2026-09-02 20:27:45  [ 20] 510880 红利ETF华泰柏瑞  完成  日J=43.68 周J=99.41 月J=89.82 MA20=3.372 MA60=3.223 多头=1 价=3.43 涨=-1.49%  PE=8.93(83.27%) PB=0.87(63.68%)
2026-09-02 20:27:46  [ 22] 512100 中证1000ETF南方  完成  日J=70.8 周J=47.07 月J=26.21 MA20=3.112 MA60=3.188 多头=0 价=3.08 涨=-1.35%  PE=30.61(65.74%) PB=2.39(45.24%)
2026-09-02 20:27:46  [ 21] 159326 电网设备ETF华夏  完成  日J=35.41 周J=29.68 月J=7.51 MA20=1.688 MA60=1.795 多头=0 价=1.64 涨=-0.66%  PE=11.81(69.9%) PB=None(None%)
2026-09-02 20:27:46  [ 23] 515180 红利ETF易方达  完成  日J=47.69 周J=99.79 月J=77.91 MA20=1.435 MA60=1.388 多头=1 价=1.45 涨=-1.29%  PE=8.67(63.37%) PB=0.86(52.88%)
2026-09-02 20:27:46  [ 19] 512480 半导体ETF国联安  完成  日J=50.82 周J=7.02 月J=27.06 MA20=1.057 MA60=1.154 多头=0 价=1.01 涨=-1.94%  PE=66.94(50.36%) PB=None(None%)
2026-09-02 20:27:46  [ 24] 515050 通信ETF华夏  完成  日J=44.99 周J=29.61 月J=28.09 MA20=1.038 MA60=1.132 多头=0 价=1.01 涨=-1.75%  PE=42.41(84.56%) PB=None(None%)
2026-09-02 20:27:47  [ 25] 562500 机器人ETF华夏  完成  日J=59.82 周J=11.73 月J=4.47 MA20=0.982 MA60=1.034 多头=0 价=0.95 涨=-1.76%  PE=46.8(27.76%) PB=None(None%)
2026-09-02 20:27:48  [ 28] 159530 机器人ETF易方达  完成  日J=56.06 周J=9.16 月J=2.56 MA20=1.366 MA60=1.442 多头=0 价=1.31 涨=-1.58%  PE=None(None%) PB=None(None%)
2026-09-02 20:27:48  [ 27] 159992 创新药ETF银华  完成  日J=0.28 周J=37.58 月J=63.14 MA20=0.89 MA60=0.842 多头=1 价=0.84 涨=-0.71%  PE=27.07(26.52%) PB=None(None%)
2026-09-02 20:27:48  [ 30] 159201 自由现金流ETF华夏  完成  日J=19.36 周J=101.19 月J=21.59 MA20=1.182 MA60=1.146 多头=1 价=1.18 涨=-1.42%  PE=None(None%) PB=None(None%)
2026-09-02 20:27:48  [ 26] 510180 上证180ETF华安  完成  日J=77.2 周J=43.9 月J=25.75 MA20=3.99 MA60=4.004 多头=0 价=3.95 涨=-1.13%  PE=11.74(59.81%) PB=1.23(43.08%)
2026-09-02 20:27:49  [ 29] 159781 科创创业ETF易方达  完成  日J=14.5 周J=0.06 月J=14.43 MA20=1.111 MA60=1.21 多头=0 价=1.04 涨=-2.25%  PE=38.96(55.46%) PB=None(None%)
2026-09-02 20:27:49  [ 31] 159928 消费ETF汇添富  完成  日J=76.66 周J=73.75 月J=36.79 MA20=0.671 MA60=0.655 多头=1 价=0.67 涨=-0.59%  PE=20.17(21.54%) PB=3.45(2.0%)
2026-09-02 20:27:50  [ 32] 512010 医药ETF易方达  完成  日J=25.79 周J=58.0 月J=69.64 MA20=0.391 MA60=0.368 多头=1 价=0.38 涨=0.53%  PE=23.35(3.98%) PB=None(None%)
2026-09-02 20:27:51  [ 33] 510210 上证指数ETF富国  完成  日J=86.42 周J=84.91 月J=38.66 MA20=1.005 MA60=1.002 多头=1 价=1.01 涨=-0.69%  PE=14.78(68.19%) PB=None(None%)
2026-09-02 20:27:51  [ 38] 159206 卫星ETF永赢  完成  日J=87.23 周J=25.56 月J=0.61 MA20=1.39 MA60=1.477 多头=0 价=1.37 涨=-0.73%  PE=None(None%) PB=None(None%)
2026-09-02 20:27:51  [ 35] 159870 化工ETF鹏华  完成  日J=59.96 周J=56.35 月J=15.66 MA20=0.814 MA60=0.815 多头=0 价=0.8 涨=-2.79%  PE=17.89(34.74%) PB=None(None%)
2026-09-02 20:27:51  [ 34] 517520 黄金股ETF永赢  完成  日J=27.7 周J=97.64 月J=22.6 MA20=2.147 MA60=1.887 多头=1 价=2.17 涨=-1.18%  PE=21.09(47.07%) PB=None(None%)
2026-09-02 20:27:51  [ 36] 512690 酒ETF鹏华  完成  日J=39.41 周J=65.13 月J=23.09 MA20=0.43 MA60=0.419 多头=1 价=0.42 涨=-2.1%  PE=19.75(20.06%) PB=None(None%)
2026-09-02 20:27:52  [ 37] 512070 证券保险ETF易方达  完成  日J=93.0 周J=60.29 月J=21.34 MA20=0.794 MA60=0.796 多头=0 价=0.81 涨=-0.98%  PE=7.48(0.03%) PB=None(None%)
2026-09-02 20:27:52  [ 39] 515220 煤炭ETF国泰  完成  日J=38.12 周J=97.83 月J=63.0 MA20=1.286 MA60=1.21 多头=1 价=1.3 涨=-3.13%  PE=18.46(85.78%) PB=1.85(98.6%)
2026-09-02 20:27:52  [ 40] 513630 港股低波红利ETF摩根  完成  日J=25.32 周J=77.4 月J=40.94 MA20=1.585 MA60=1.554 多头=1 价=1.59 涨=-0.25%  PE=None(None%) PB=None(None%)
2026-09-02 20:27:53  [ 41] 512760 芯片ETF国泰  完成  日J=49.75 周J=3.6 月J=26.29 MA20=1.123 MA60=1.229 多头=0 价=1.07 涨=-1.92%  PE=67.18(43.47%) PB=None(None%)
2026-09-02 20:27:54  [ 42] 512800 银行ETF华宝  完成  日J=86.34 周J=97.53 月J=103.45 MA20=0.814 MA60=0.795 多头=1 价=0.84 涨=-0.71%  PE=7.18(89.8%) PB=0.7(46.4%)
2026-09-02 20:27:54  [ 44] 516650 有色金属ETF华夏  完成  日J=38.35 周J=89.41 月J=8.3 MA20=1.885 MA60=1.811 多头=1 价=1.84 涨=-2.28%  PE=17.12(20.58%) PB=None(None%)
2026-09-02 20:27:54  [ 47] 560860 工业有色ETF万家  完成  日J=43.72 周J=74.55 月J=10.24 MA20=1.645 MA60=1.61 多头=1 价=1.6 涨=-2.5%  PE=69.02(63.54%) PB=None(None%)
2026-09-02 20:27:54  [ 45] 159852 软件ETF嘉实  完成  日J=76.41 周J=41.89 月J=0.29 MA20=0.697 MA60=0.692 多头=1 价=0.68 涨=-2.59%  PE=60.7(57.4%) PB=None(None%)
2026-09-02 20:27:55  [ 48] 512710 军工龙头ETF富国  完成  日J=100.88 周J=49.78 月J=-0.82 MA20=0.621 MA60=0.635 多头=0 价=0.64 涨=1.43%  PE=None(None%) PB=None(None%)
2026-09-02 20:27:56  [ 49] 159307 红利低波100ETF博时  完成  日J=73.98 周J=64.1 月J=59.94 MA20=1.028 MA60=1.015 多头=1 价=1.03 涨=-0.77%  PE=9.06(86.64%) PB=None(None%)
2026-09-02 20:27:56  [ 50] 159263 价值ETF易方达  完成  日J=58.7 周J=92.24 月J=55.77 MA20=1.149 MA60=1.12 多头=1 价=1.15 涨=-1.2%  PE=None(None%) PB=None(None%)
2026-09-02 20:27:57  [ 52] 159755 电池ETF广发  完成  日J=-3.39 周J=15.74 月J=-14.88 MA20=0.96 MA60=0.999 多头=0 价=0.9 涨=-2.49%  PE=22.34(28.52%) PB=3.15(40.64%)
2026-09-02 20:27:57  [ 51] 512660 军工ETF国泰  完成  日J=100.06 周J=37.85 月J=0.17 MA20=1.134 MA60=1.172 多头=0 价=1.14 涨=0.09%  PE=52.21(30.63%) PB=3.28(55.04%)
2026-09-02 20:27:57  [ 54] 159363 创业板人工智能ETF华宝  完成  日J=54.89 周J=38.95 月J=27.58 MA20=1.241 MA60=1.315 多头=0 价=1.21 涨=-1.79%  PE=None(None%) PB=None(None%)
2026-09-02 20:27:57  [ 43] 159611 电力ETF广发  完成  日J=104.75 周J=44.86 月J=2.49 MA20=1.046 MA60=1.058 多头=0 价=1.04 涨=-0.38%  PE=15.01(65.5%) PB=None(None%)
2026-09-02 20:27:57  [ 53] 563300 中证2000ETF华泰柏瑞  完成  日J=95.61 周J=63.87 月J=38.32 MA20=1.424 MA60=1.45 多头=0 价=1.44 涨=-0.76%  PE=41.15(70.75%) PB=None(None%)
2026-09-02 20:27:58  [ 46] 159869 游戏ETF华夏  完成  日J=80.24 周J=60.42 月J=2.07 MA20=1.104 MA60=1.089 多头=1 价=1.08 涨=-1.63%  PE=17.67(3.34%) PB=None(None%)
2026-09-02 20:27:59  [ 55] 159865 养殖ETF国泰  完成  日J=85.63 周J=96.31 月J=32.29 MA20=0.54 MA60=0.524 多头=1 价=0.55 涨=-1.62%  PE=23.05(53.89%) PB=None(None%)
2026-09-02 20:27:59  [ 57] 159259 成长ETF易方达  完成  日J=48.79 周J=27.86 月J=26.65 MA20=1.343 MA60=1.459 多头=0 价=1.3 涨=-1.51%  PE=None(None%) PB=None(None%)
2026-09-02 20:27:59  [ 56] 516150 稀土ETF嘉实  完成  日J=35.95 周J=34.79 月J=6.28 MA20=1.769 MA60=1.824 多头=0 价=1.69 涨=-2.08%  PE=28.25(25.26%) PB=None(None%)
2026-09-02 20:27:59  [ 60] 588220 科创100ETF鹏华  完成  日J=33.39 周J=32.06 月J=32.87 MA20=1.799 MA60=1.855 多头=0 价=1.73 涨=-1.48%  PE=None(None%) PB=None(None%)
2026-09-02 20:28:00  [ 58] 159851 金融科技ETF华宝  完成  日J=93.45 周J=82.69 月J=9.49 MA20=0.629 MA60=0.622 多头=1 价=0.64 涨=-1.23%  PE=32.41(9.11%) PB=None(None%)
2026-09-02 20:28:00  [ 62] 561980 半导体设备ETF招商  完成  日J=28.79 周J=7.2 月J=41.06 MA20=0.708 MA60=0.745 多头=0 价=0.67 涨=-1.76%  PE=None(None%) PB=None(None%)
2026-09-02 20:28:00  [ 61] 512950 央企改革ETF华夏  完成  日J=68.01 周J=41.05 月J=21.5 MA20=1.513 MA60=1.525 多头=0 价=1.5 涨=-1.25%  PE=15.86(84.04%) PB=None(None%)
2026-09-02 20:28:00  [ 59] 515980 人工智能ETF华富  完成  日J=86.44 周J=15.52 月J=29.31 MA20=1.041 MA60=1.11 多头=0 价=1.02 涨=-1.73%  PE=46.57(75.74%) PB=None(None%)
2026-09-02 20:28:01  [ 63] 159967 创业板成长ETF华夏  完成  日J=5.99 周J=20.56 月J=21.52 MA20=0.799 MA60=0.869 多头=0 价=0.75 涨=-2.72%  PE=None(None%) PB=None(None%)
2026-09-02 20:28:01  全部完成，结果已写入 /home/runner/work/daily-stock-metrics/daily-stock-metrics/output_etf/2026-09-02/metrics_2026-09-02.csv
2026-09-02 20:28:01  步骤2完成 -> /home/runner/work/daily-stock-metrics/daily-stock-metrics/output_etf/2026-09-02/metrics_2026-09-02.csv
2026-09-02 20:28:01  步骤3: 生成 HTML 总结报告...
2026-09-02 20:28:02  步骤3完成 -> /home/runner/work/daily-stock-metrics/daily-stock-metrics/output_etf/2026-09-02/report_2026-09-02.html
2026-09-02 20:28:02  步骤4: 发送邮件报告...
2026-09-02 20:28:06  步骤4完成: 邮件已发送
2026-09-02 20:28:06  ===== 全部完成 2026-09-02 =====
2026-09-02 20:53:39  今日(2026-09-02)已完成，跳过。结果目录: /home/runner/work/daily-stock-metrics/daily-stock-metrics/output_etf/2026-09-02
2026-09-02 22:26:20  今日(2026-09-02)已完成，跳过。结果目录: /home/runner/work/daily-stock-metrics/daily-stock-metrics/output_etf/2026-09-02
