2026-08-20 17:30:42  ===== 开始每日港股通指标任务 2026-08-20 =====
2026-08-20 17:30:42  步骤1: 获取港股通总市值前100标的...
获取港股通标的列表(共取市值前 100 只)...
接口返回 100 只港股通标的
2026-08-20 17:30:42  步骤1完成 -> C:\Users\hailo\Desktop\每周自动指标\output_hk\2026-08-20\hk_list_2026-08-20.csv
2026-08-20 17:30:42  步骤2: 计算 KDJ-J(日/周/月)...
2026-08-20 17:30:45  [  1] 00700 腾讯控股  完成  日J=21.83 周J=52.23 月J=7.3 价=451.4 涨=0.94%  PE=15.4(None%) PB=3.14(None%)
2026-08-20 17:30:46  [  2] 03750 宁德时代  完成  日J=-1.37 周J=27.49 月J=49.93 价=629.0 涨=0.08%  PE=30.21(None%) PB=6.66(None%)
2026-08-20 17:30:48  [  3] 00005 汇丰控股  完成  日J=28.84 周J=58.05 月J=90.37 价=160.3 涨=-0.56%  PE=14.6(None%) PB=2.03(None%)
2026-08-20 17:30:49  [  4] 01398 工商银行  完成  日J=113.14 周J=87.97 月J=85.23 价=7.47 涨=1.22%  PE=6.41(None%) PB=0.6(None%)
2026-08-20 17:30:50  [  5] 09988 阿里巴巴-W  完成  日J=59.64 周J=104.53 月J=29.1 价=126.2 涨=1.61%  PE=20.63(None%) PB=1.99(None%)
2026-08-20 17:30:51  [  6] 00939 建设银行  完成  日J=110.57 周J=92.0 月J=90.43 价=9.2 涨=1.66%  PE=6.29(None%) PB=0.6(None%)
2026-08-20 17:30:53  [  7] 01288 农业银行  完成  日J=113.87 周J=81.06 月J=81.18 价=6.27 涨=0.8%  PE=6.66(None%) PB=0.69(None%)
2026-08-20 17:30:55  [  8] 00857 中国石油股份  完成  日J=108.74 周J=91.18 月J=34.79 价=10.03 涨=0.65%  PE=10.34(None%) PB=1.0(None%)
2026-08-20 17:30:56  [  9] 00941 中国移动  完成  日J=43.59 周J=84.38 月J=52.19 价=82.4 涨=0.37%  PE=11.89(None%) PB=1.07(None%)
2026-08-20 17:30:58  [ 10] 03988 中国银行  完成  日J=112.91 周J=80.96 月J=88.54 价=5.44 涨=0.55%  PE=6.39(None%) PB=0.57(None%)
2026-08-20 17:30:59  [ 11] 03968 招商银行  完成  日J=97.04 周J=76.59 月J=55.2 价=49.0 涨=0.62%  PE=7.32(None%) PB=0.96(None%)
2026-08-20 17:31:00  [ 12] 00883 中国海洋石油  完成  日J=97.78 周J=106.26 月J=25.19 价=24.66 涨=0.82%  PE=8.38(None%) PB=1.24(None%)
2026-08-20 17:31:02  [ 13] 02318 中国平安  完成  日J=13.41 周J=61.34 月J=3.8 价=54.1 涨=-0.37%  PE=6.61(None%) PB=0.85(None%)
2026-08-20 17:31:03  [ 14] 02899 紫金矿业  完成  日J=50.08 周J=103.21 月J=26.86 价=36.76 涨=5.33%  PE=14.16(None%) PB=4.37(None%)
2026-08-20 17:31:04  [ 15] 01088 中国神华  完成  日J=83.56 周J=95.0 月J=39.66 价=44.44 涨=0.36%  PE=16.34(None%) PB=1.72(None%)
2026-08-20 17:31:06  [ 16] 01211 比亚迪股份  完成  日J=76.34 周J=91.37 月J=54.22 价=91.8 涨=2.68%  PE=27.16(None%) PB=3.19(None%)
2026-08-20 17:31:07  [ 17] 02628 中国人寿  完成  日J=1.61 周J=6.78 月J=16.1 价=26.7 涨=-0.96%  PE=4.67(None%) PB=1.11(None%)
2026-08-20 17:31:08  [ 18] 01299 友邦保险  完成  日J=55.12 周J=28.75 月J=5.34 价=72.75 涨=-0.34%  PE=12.08(None%) PB=2.36(None%)
2026-08-20 17:31:10  [ 19] 00300 美的集团  完成  日J=69.74 周J=95.4 月J=87.93 价=97.25 涨=0.36%  PE=14.97(None%) PB=2.81(None%)
2026-08-20 17:31:11  [ 20] 01810 小米集团-W  完成  日J=86.2 周J=61.8 月J=26.16 价=27.76 涨=1.17%  PE=19.12(None%) PB=2.31(None%)
2026-08-20 17:31:12  [ 21] 03328 交通银行  完成  日J=111.77 周J=82.18 月J=80.59 价=7.48 涨=0.74%  PE=6.12(None%) PB=0.5(None%)
2026-08-20 17:31:14  [ 22] 09999 网易  完成  日J=10.28 周J=32.23 月J=44.21 价=193.4 涨=-0.51%  PE=16.2(None%) PB=3.23(None%)
2026-08-20 17:31:15  [ 23] 00981 中芯国际  完成  日J=64.84 周J=26.97 月J=48.81 价=72.1 涨=-1.23%  PE=76.0(None%) PB=3.13(None%)
2026-08-20 17:31:17  [ 24] 02359 药明康德  完成  日J=70.83 周J=100.34 月J=97.08 价=206.6 涨=2.28%  PE=24.57(None%) PB=6.38(None%)
2026-08-20 17:31:18  [ 25] 01658 邮储银行  完成  日J=93.98 周J=62.32 月J=35.91 价=4.91 涨=0.0%  PE=5.98(None%) PB=0.5(None%)
2026-08-20 17:31:19  [ 26] 02388 中银香港  完成  日J=66.29 周J=84.87 月J=83.67 价=50.15 涨=-0.1%  PE=13.22(None%) PB=1.48(None%)
2026-08-20 17:31:21  [ 27] 03690 美团-W  完成  日J=3.83 周J=82.9 月J=61.15 价=85.85 涨=-1.38%  PE=-11.92(None%) PB=3.12(None%)
2026-08-20 17:31:22  [ 28] 00388 香港交易所  完成  日J=84.32 周J=111.11 月J=55.79 价=417.8 涨=0.77%  PE=26.75(None%) PB=8.73(None%)
2026-08-20 17:31:23  [ 29] 00386 中国石油化工股份  完成  日J=98.52 周J=87.3 月J=8.03 价=4.37 涨=0.23%  PE=12.94(None%) PB=0.56(None%)
2026-08-20 17:31:25  [ 30] 02888 渣打集团  完成  日J=9.48 周J=74.53 月J=93.49 价=230.4 涨=-1.37%  PE=11.93(None%) PB=1.39(None%)
2026-08-20 17:31:26  [ 31] 02513 智谱  完成  日J=-9.6 周J=1.57 月J=23.54 价=1023.0 涨=1.09%  PE=-91.57(None%) PB=-4.6(None%)
2026-08-20 17:31:27  [ 32] 09633 农夫山泉  完成  日J=10.9 周J=54.36 月J=7.74 价=42.24 涨=0.24%  PE=27.04(None%) PB=10.87(None%)
2026-08-20 17:31:29  [ 33] 02475 立讯精密  完成  日J=9.97 周J=55.77 月J=None 价=59.3 涨=0.51%  PE=23.87(None%) PB=4.32(None%)
2026-08-20 17:31:30  [ 34] 00998 中信银行  完成  日J=112.64 周J=102.66 月J=53.12 价=7.88 涨=2.67%  PE=5.49(None%) PB=0.52(None%)
2026-08-20 17:31:32  [ 35] 00728 中国电信  完成  日J=76.18 周J=84.53 月J=23.09 价=4.73 涨=0.11%  PE=12.71(None%) PB=0.8(None%)
2026-08-20 17:31:33  [ 36] 06030 中信证券  完成  日J=-2.98 周J=-2.67 月J=34.9 价=25.86 涨=-1.07%  PE=10.71(None%) PB=1.16(None%)
2026-08-20 17:31:34  [ 37] 02259 紫金黄金国际  完成  日J=62.69 周J=105.64 月J=13.81 价=148.3 涨=11.25%  PE=20.09(None%) PB=5.42(None%)
2026-08-20 17:31:36  [ 38] 00992 联想集团  完成  日J=19.89 周J=69.59 月J=91.29 价=29.72 涨=-1.33%  PE=59.04(None%) PB=6.52(None%)
2026-08-20 17:31:37  [ 39] 00016 新鸿基地产  完成  日J=110.98 周J=77.99 月J=44.88 价=124.7 涨=3.74%  PE=16.42(None%) PB=0.58(None%)
2026-08-20 17:31:38  [ 40] 00267 中信股份  完成  日J=101.72 周J=87.99 月J=42.93 价=12.42 涨=0.49%  PE=5.56(None%) PB=0.42(None%)
2026-08-20 17:31:40  [ 41] 03993 洛阳钼业  完成  日J=-3.91 周J=54.23 月J=4.16 价=16.72 涨=1.33%  PE=11.32(None%) PB=3.46(None%)
2026-08-20 17:31:41  [ 42] 06160 百济神州  完成  日J=80.88 周J=99.81 月J=73.84 价=227.8 涨=1.88%  PE=68.57(None%) PB=10.34(None%)
2026-08-20 17:31:42  [ 43] 02328 中国财险  完成  日J=56.24 周J=63.86 月J=38.92 价=15.53 涨=-1.33%  PE=8.18(None%) PB=1.04(None%)
2026-08-20 17:31:44  [ 44] 03986 兆易创新  完成  日J=27.33 周J=-2.41 月J=20.22 价=490.2 涨=-1.33%  PE=37.85(None%) PB=8.01(None%)
2026-08-20 17:31:45  [ 45] 01276 恒瑞医药  完成  日J=12.09 周J=11.03 月J=-2.53 价=49.66 涨=-9.63%  PE=37.46(None%) PB=4.44(None%)
2026-08-20 17:31:46  [ 46] 06809 澜起科技  完成  日J=28.74 周J=2.64 月J=37.75 价=268.6 涨=-0.67%  PE=114.41(None%) PB=13.9(None%)
2026-08-20 17:31:48  [ 47] 02338 潍柴动力  完成  日J=-8.56 周J=31.98 月J=48.87 价=32.1 涨=-0.31%  PE=21.91(None%) PB=2.59(None%)
2026-08-20 17:31:49  [ 48] 02601 中国太保  完成  日J=33.22 周J=45.8 月J=0.99 价=28.52 涨=0.21%  PE=4.56(None%) PB=0.76(None%)
2026-08-20 17:31:50  [ 49] 02378 保诚  完成  日J=63.18 周J=36.27 月J=29.31 价=108.0 涨=-1.01%  PE=8.72(None%) PB=1.76(None%)
2026-08-20 17:31:52  [ 50] 00001 长和  完成  日J=36.63 周J=64.12 月J=83.25 价=69.7 涨=0.22%  PE=7.06(None%) PB=0.46(None%)
2026-08-20 17:31:53  [ 51] 01919 中远海控  完成  日J=108.86 周J=108.33 月J=86.85 价=17.03 涨=0.18%  PE=9.24(None%) PB=0.98(None%)
2026-08-20 17:31:54  [ 52] 02611 国泰海通  完成  日J=89.78 周J=14.96 月J=28.13 价=14.75 涨=0.96%  PE=7.04(None%) PB=0.68(None%)
2026-08-20 17:31:56  [ 53] 00669 创科实业  完成  日J=12.88 周J=79.61 月J=95.89 价=141.3 涨=2.02%  PE=25.36(None%) PB=4.42(None%)
2026-08-20 17:31:57  [ 54] 01109 华润置地  完成  日J=75.08 周J=84.39 月J=55.42 价=35.24 涨=3.16%  PE=8.93(None%) PB=0.78(None%)
2026-08-20 17:31:58  [ 55] 01339 中国人民保险集团  完成  日J=18.3 周J=54.4 月J=1.24 价=5.07 涨=0.1%  PE=4.74(None%) PB=0.62(None%)
2026-08-20 17:31:59  [ 56] 02476 胜宏科技  完成  日J=8.48 周J=24.43 月J=7.21 价=226.8 涨=0.98%  PE=42.57(None%) PB=10.04(None%)
2026-08-20 17:32:01  [ 57] 06951 三环集团  完成  日J=19.68 周J=72.8 月J=None 价=110.2 涨=-2.3%  PE=68.39(None%) PB=8.33(None%)
2026-08-20 17:32:02  [ 58] 01378 中国宏桥  完成  日J=0.07 周J=59.07 月J=-7.24 价=22.4 涨=-0.97%  PE=8.78(None%) PB=1.52(None%)
2026-08-20 17:32:03  [ 59] 02020 安踏体育  完成  日J=78.73 周J=57.1 月J=42.01 价=74.9 涨=1.7%  PE=13.92(None%) PB=2.88(None%)
2026-08-20 17:32:05  [ 60] 00066 港铁公司  完成  日J=91.88 周J=103.35 月J=38.04 价=33.44 涨=0.24%  PE=9.11(None%) PB=1.02(None%)
2026-08-20 17:32:06  [ 61] 02269 药明生物  完成  日J=77.65 周J=99.13 月J=80.47 价=49.64 涨=3.63%  PE=37.86(None%) PB=3.92(None%)
2026-08-20 17:32:07  [ 62] 02714 牧原股份  完成  日J=91.42 周J=110.03 月J=20.29 价=35.5 涨=4.11%  PE=18.8(None%) PB=2.1(None%)
2026-08-20 17:32:08  [ 63] 09992 泡泡玛特  完成  日J=36.93 周J=19.12 月J=2.42 价=153.7 涨=2.13%  PE=13.71(None%) PB=7.71(None%)
2026-08-20 17:32:10  [ 64] 03692 翰森制药  完成  日J=23.04 周J=74.77 月J=15.63 价=33.68 涨=2.12%  PE=33.21(None%) PB=5.21(None%)
2026-08-20 17:32:11  [ 65] 00175 吉利汽车  完成  日J=54.88 周J=48.88 月J=28.93 价=18.54 涨=3.4%  PE=10.54(None%) PB=1.84(None%)
2026-08-20 17:32:12  [ 66] 06690 海尔智家  完成  日J=60.45 周J=52.82 月J=17.47 价=21.26 涨=0.09%  PE=9.51(None%) PB=1.41(None%)
2026-08-20 17:32:14  [ 67] 00002 中电控股  完成  日J=87.94 周J=109.05 月J=99.95 价=78.85 涨=0.64%  PE=18.38(None%) PB=1.8(None%)
2026-08-20 17:32:15  [ 68] 01347 华虹宏力  完成  日J=-2.74 周J=-12.3 月J=32.17 价=111.9 涨=-1.58%  PE=242.36(None%) PB=3.47(None%)
2026-08-20 17:32:17  [ 69] 03288 海天味业  完成  日J=46.65 周J=79.44 月J=37.24 价=32.2 涨=0.75%  PE=23.05(None%) PB=3.96(None%)
2026-08-20 17:32:19  [ 70] 06818 中国光大银行  完成  日J=58.84 周J=36.71 月J=16.39 价=3.05 涨=2.18%  PE=4.24(None%) PB=0.32(None%)
2026-08-20 17:32:20  [ 71] 01801 信达生物  完成  日J=68.04 周J=93.93 月J=75.36 价=101.2 涨=3.0%  PE=195.91(None%) PB=8.19(None%)
2026-08-20 17:32:22  [ 72] 00762 中国联通  完成  日J=18.73 周J=20.91 月J=4.54 价=5.7 涨=3.64%  PE=9.65(None%) PB=0.41(None%)
2026-08-20 17:32:23  [ 73] 06031 三一重工  完成  日J=17.97 周J=27.86 月J=6.23 价=18.72 涨=0.81%  PE=18.23(None%) PB=1.68(None%)
2026-08-20 17:32:24  [ 74] 06936 顺丰控股  完成  日J=43.97 周J=87.21 月J=52.94 价=32.64 涨=-0.12%  PE=13.46(None%) PB=1.45(None%)
2026-08-20 17:32:26  [ 75] 01038 长江基建集团  完成  日J=107.36 周J=110.44 月J=75.78 价=65.25 涨=0.69%  PE=6.53(None%) PB=1.11(None%)
2026-08-20 17:32:27  [ 76] 01113 长实集团  完成  日J=52.35 周J=61.18 月J=52.64 价=46.56 涨=1.31%  PE=12.32(None%) PB=0.41(None%)
2026-08-20 17:32:28  [ 77] 00788 中国铁塔  完成  日J=10.0 周J=52.24 月J=6.19 价=9.2 涨=-0.11%  PE=10.66(None%) PB=0.68(None%)
2026-08-20 17:32:30  [ 78] 00027 银河娱乐  完成  日J=98.86 周J=113.66 月J=27.33 价=35.38 涨=0.8%  PE=14.46(None%) PB=1.83(None%)
2026-08-20 17:32:31  [ 79] 00688 中国海外发展  完成  日J=75.84 周J=68.38 月J=45.95 价=14.15 涨=1.36%  PE=11.02(None%) PB=0.36(None%)
2026-08-20 17:32:33  [ 80] 02423 贝壳-W  完成  日J=18.36 周J=85.25 月J=52.23 价=44.12 涨=-1.03%  PE=39.79(None%) PB=2.14(None%)
2026-08-20 17:32:34  [ 81] 01766 中国中车  完成  日J=92.61 周J=86.74 月J=34.14 价=5.28 涨=2.72%  PE=9.56(None%) PB=0.75(None%)
2026-08-20 17:32:35  [ 82] 01988 民生银行  完成  日J=93.85 周J=69.93 月J=26.57 价=3.46 涨=1.02%  PE=4.58(None%) PB=0.23(None%)
2026-08-20 17:32:37  [ 83] 03606 福耀玻璃  完成  日J=70.62 周J=89.62 月J=39.42 价=57.65 涨=-1.11%  PE=15.65(None%) PB=3.42(None%)
2026-08-20 17:32:38  [ 84] 06886 华泰证券  完成  日J=55.58 周J=36.82 月J=19.09 价=16.57 涨=-1.78%  PE=7.62(None%) PB=0.74(None%)
2026-08-20 17:32:39  [ 85] 01898 中煤能源  完成  日J=77.77 周J=88.5 月J=7.55 价=11.21 涨=-0.44%  PE=9.23(None%) PB=0.8(None%)
2026-08-20 17:32:40  [ 86] 09973 奇瑞汽车  完成  日J=41.36 周J=58.67 月J=21.01 价=25.54 涨=0.63%  PE=7.32(None%) PB=2.38(None%)
2026-08-20 17:32:42  [ 87] 01024 快手-W  完成  日J=-3.21 周J=4.99 月J=-10.74 价=33.64 涨=-11.01%  PE=8.17(None%) PB=1.54(None%)
2026-08-20 17:32:43  [ 88] 01972 太古地产  完成  日J=99.33 周J=112.67 月J=51.02 价=25.08 涨=1.95%  PE=43.76(None%) PB=0.53(None%)
2026-08-20 17:32:45  [ 89] 01336 新华保险  完成  日J=24.27 周J=32.48 月J=-0.53 价=46.16 涨=2.9%  PE=3.5(None%) PB=1.03(None%)
2026-08-20 17:32:46  [ 90] 01816 中广核电力  完成  日J=35.97 周J=58.94 月J=1.21 价=2.81 涨=0.9%  PE=13.31(None%) PB=0.99(None%)
2026-08-20 17:32:47  [ 91] 01377 鼎泰高科  完成  日J=-9.82 周J=44.57 月J=None 价=331.4 涨=-1.72%  PE=129.3(None%) PB=37.92(None%)
2026-08-20 17:32:48  [ 92] 02600 中国铝业  完成  日J=-3.21 周J=44.85 月J=-11.21 价=8.08 涨=-1.58%  PE=8.42(None%) PB=1.52(None%)
2026-08-20 17:32:50  [ 93] 00003 香港中华煤气  完成  日J=110.81 周J=95.78 月J=52.82 价=7.39 涨=1.44%  PE=21.67(None%) PB=2.29(None%)
2026-08-20 17:32:51  [ 94] 00012 恒基地产  完成  日J=100.82 周J=87.23 月J=15.74 价=28.18 涨=1.37%  PE=24.13(None%) PB=0.42(None%)
2026-08-20 17:32:53  [ 95] 01776 广发证券  完成  日J=17.58 周J=33.99 月J=43.14 价=16.97 涨=-0.59%  PE=7.58(None%) PB=0.85(None%)
2026-08-20 17:32:54  [ 96] 01929 周大福  完成  日J=76.03 周J=90.97 月J=44.42 价=13.39 涨=5.68%  PE=14.67(None%) PB=4.26(None%)
2026-08-20 17:32:55  [ 97] 00006 电能实业  完成  日J=116.41 周J=114.42 月J=55.48 价=61.35 涨=0.82%  PE=7.3(None%) PB=1.27(None%)
2026-08-20 17:32:57  [ 98] 09987 百胜中国  完成  日J=52.96 周J=94.4 月J=37.37 价=378.0 涨=2.33%  PE=17.06(None%) PB=3.1(None%)
2026-08-20 17:32:58  [ 99] 06099 招商证券  完成  日J=5.57 周J=2.8 月J=40.73 价=14.8 涨=0.48%  PE=8.65(None%) PB=0.91(None%)
2026-08-20 17:32:59  [100] 06990 科伦博泰生物  完成  日J=45.17 周J=89.45 月J=80.48 价=533.0 涨=1.81%  PE=696.09(None%) PB=20.23(None%)
2026-08-20 17:32:59  全部完成，结果已写入 C:\Users\hailo\Desktop\每周自动指标\output_hk\2026-08-20\metrics_2026-08-20.csv
2026-08-20 17:32:59  步骤2完成 -> C:\Users\hailo\Desktop\每周自动指标\output_hk\2026-08-20\metrics_2026-08-20.csv
2026-08-20 17:32:59  步骤3: 生成 HTML 总结报告...
2026-08-20 17:32:59  步骤3完成 -> C:\Users\hailo\Desktop\每周自动指标\output_hk\2026-08-20\report_2026-08-20.html
2026-08-20 17:32:59  步骤4: 发送邮件报告...
2026-08-20 17:33:02  步骤4完成: 邮件已发送
2026-08-20 17:33:02  ===== 全部完成 2026-08-20 =====
2026-08-20 19:00:13  今日(2026-08-20)已完成，跳过。结果目录: C:\Users\hailo\Desktop\每周自动指标\output_hk\2026-08-20
