2026-08-14 17:25:35  ===== 开始每日指标任务 2026-08-14 =====
2026-08-14 17:25:35  步骤1: 获取 A股市值前100…
2026-08-14 17:25:36  步骤1完成 -> C:\Users\hailo\Desktop\每周自动指标\output\2026-08-14\top100_2026-08-14.csv
2026-08-14 17:25:36  步骤2: 计算 KDJ-J(日/周/月) 及 PE/PB 历史分位…
2026-08-14 17:25:39  [  1] 688825 长鑫科技  完成  日J=67.77 周J=None 月J=None 价=55.18 涨=4.35%  PE=130.89(100.0%) PB=45.16(100.0%)
2026-08-14 17:25:41  [  2] 601398 工商银行  完成  日J=19.11 周J=58.58 月J=65.35 价=7.56 涨=-0.53%  PE=7.26(87.85%) PB=0.68(53.23%)
2026-08-14 17:25:42  [  3] 601939 建设银行  完成  日J=73.09 周J=63.78 月J=82.65 价=10.24 涨=-0.58%  PE=7.84(96.17%) PB=0.76(69.49%)
2026-08-14 17:25:44  [  4] 601288 农业银行  完成  日J=20.81 周J=64.48 月J=21.9 价=6.47 涨=-1.37%  PE=7.69(89.0%) PB=0.8(75.32%)
2026-08-14 17:25:45  [  5] 600941 中国移动  完成  日J=49.72 周J=99.93 月J=60.65 价=97.71 涨=1.66%  PE=16.08(57.3%) PB=1.49(35.81%)
2026-08-14 17:25:47  [  6] 601857 中国石油  完成  日J=17.0 周J=101.79 月J=29.49 价=10.66 涨=0.95%  PE=12.33(54.04%) PB=1.2(85.13%)
2026-08-14 17:25:49  [  7] 601988 中国银行  完成  日J=67.19 周J=65.97 月J=82.4 价=5.88 涨=-1.18%  PE=7.72(95.89%) PB=0.69(79.29%)
2026-08-14 17:25:50  [  8] 300750 宁德时代  完成  日J=40.03 周J=81.18 月J=40.65 价=393.93 涨=-0.6%  PE=21.44(16.36%) PB=4.8(31.07%)
2026-08-14 17:26:05  [  9] 600519 贵州茅台  完成  日J=79.87 周J=108.16 月J=48.19 价=1341.99 涨=-0.98%  PE=20.28(9.56%) PB=6.19(2.77%)
2026-08-14 17:26:13  [ 10] 600938 中国海油  完成  日J=76.03 周J=91.17 月J=19.91 价=32.67 涨=0.12%  PE=12.46(90.65%) PB=1.85(77.1%)
2026-08-14 17:26:15  [ 11] 601138 工业富联  完成  日J=66.34 周J=48.86 月J=40.54 价=66.19 涨=1.47%  PE=28.0(87.87%) PB=7.47(93.91%)
2026-08-14 17:26:16  [ 12] 688981 中芯国际  完成  日J=99.23 周J=11.96 月J=51.73 价=132.87 涨=2.65%  PE=225.45(94.11%) PB=7.59(94.24%)
2026-08-14 17:26:18  [ 13] 300308 中际旭创  完成  日J=51.19 周J=7.22 月J=43.29 价=943.0 涨=2.38%  PE=73.79(79.15%) PB=31.0(97.32%)
2026-08-14 17:26:19  [ 14] 601628 中国人寿  完成  日J=3.2 周J=59.38 月J=19.03 价=36.84 涨=-1.66%  PE=7.19(3.87%) PB=1.74(11.76%)
2026-08-14 17:26:20  [ 15] 600036 招商银行  完成  日J=-7.59 周J=81.55 月J=58.69 价=38.46 涨=-0.8%  PE=6.43(22.72%) PB=0.86(7.22%)
2026-08-14 17:26:22  [ 16] 601088 中国神华  完成  日J=89.2 周J=81.32 月J=47.74 价=44.72 涨=0.86%  PE=18.81(97.23%) PB=2.02(90.96%)
2026-08-14 17:26:23  [ 17] 601318 中国平安  完成  日J=-7.56 周J=78.07 月J=6.1 价=51.75 涨=-1.99%  PE=7.06(3.54%) PB=0.92(15.02%)
2026-08-14 17:26:24  [ 18] 601899 紫金矿业  完成  日J=2.66 周J=98.31 月J=22.81 价=32.53 涨=0.99%  PE=14.02(13.44%) PB=4.38(82.31%)
2026-08-14 17:26:26  [ 19] 002594 比亚迪  完成  日J=0.97 周J=78.53 月J=39.07 价=88.9 涨=-0.9%  PE=29.42(27.64%) PB=3.49(28.65%)
2026-08-14 17:26:27  [ 20] 600900 长江电力  完成  日J=40.88 周J=68.54 月J=86.61 价=28.1 涨=-0.5%  PE=19.05(50.41%) PB=3.02(71.59%)
2026-08-14 17:26:28  [ 21] 688256 寒武纪  完成  日J=41.0 周J=2.58 月J=47.0 价=1093.0 涨=-1.13%  PE=206.1(78.49%) PB=50.66(88.47%)
2026-08-14 17:26:30  [ 22] 688041 海光信息  完成  日J=68.65 周J=6.7 月J=42.55 价=280.99 涨=-1.75%  PE=207.87(75.39%) PB=25.74(88.47%)
2026-08-14 17:26:31  [ 23] 000333 美的集团  完成  日J=0.75 周J=69.8 月J=75.96 价=83.03 涨=-1.38%  PE=14.33(48.97%) PB=2.73(36.44%)
2026-08-14 17:26:32  [ 24] 300502 新易盛  完成  日J=95.33 周J=18.41 月J=50.33 价=448.08 涨=4.23%  PE=58.17(61.21%) PB=30.66(97.37%)
2026-08-14 17:26:34  [ 25] 601328 交通银行  完成  日J=5.41 周J=74.18 月J=63.31 价=6.88 涨=-0.72%  PE=6.31(83.02%) PB=0.52(47.11%)
2026-08-14 17:26:49  [ 26] 600028 中国石化  完成  日J=5.54 周J=86.3 月J=2.97 价=5.0 涨=0.2%  PE=17.01(84.89%) PB=0.73(32.47%)
2026-08-14 17:26:50  [ 27] 601728 中国电信  完成  日J=85.09 周J=110.31 月J=65.78 价=6.57 涨=2.18%  PE=18.98(77.71%) PB=1.28(70.01%)
2026-08-14 17:26:52  [ 28] 601658 邮储银行  完成  日J=-1.56 周J=57.78 月J=32.06 价=4.92 涨=-0.61%  PE=6.72(55.99%) PB=0.57(5.12%)
2026-08-14 17:26:53  [ 29] 002371 北方华创  完成  日J=82.06 周J=23.83 月J=56.36 价=738.66 涨=0.01%  PE=96.13(46.58%) PB=13.64(85.8%)
2026-08-14 17:26:54  [ 30] 603259 药明康德  完成  日J=81.12 周J=99.81 月J=94.79 价=159.24 涨=-1.9%  PE=21.93(31.29%) PB=5.7(50.0%)
2026-08-14 17:26:56  [ 31] 688235 百济神州  完成  日J=63.31 周J=89.12 月J=63.99 价=287.71 涨=-1.53%  PE=103.64(90.1%) PB=13.43(82.85%)
2026-08-14 17:26:57  [ 32] 688347 华虹宏力  完成  日J=73.33 周J=4.6 月J=47.95 价=253.24 涨=-8.57%  PE=891.88(79.4%) PB=9.73(95.09%)
2026-08-14 17:27:05  [ 33] 002475 立讯精密  完成  日J=68.96 周J=9.95 月J=31.53 价=56.58 涨=0.93%  PE=25.43(32.9%) PB=4.96(38.69%)
2026-08-14 17:27:07  [ 34] 601998 中信银行  完成  日J=60.3 周J=88.76 月J=50.64 价=7.7 涨=0.13%  PE=6.02(69.25%) PB=0.58(60.4%)
2026-08-14 17:27:08  [ 35] 600030 中信证券  完成  日J=5.48 周J=35.32 月J=74.83 价=27.31 涨=-1.9%  PE=12.67(8.13%) PB=1.46(44.91%)
2026-08-14 17:27:10  [ 36] 603993 洛阳钼业  完成  日J=-10.76 周J=58.05 月J=7.7 价=18.44 涨=0.16%  PE=16.33(21.62%) PB=4.44(89.96%)
2026-08-14 17:27:11  [ 37] 601166 兴业银行  完成  日J=-6.0 周J=76.73 月J=43.26 价=18.03 涨=-0.77%  PE=4.92(32.71%) PB=0.46(6.12%)
2026-08-14 17:27:13  [ 38] 002384 东山精密  完成  日J=98.21 周J=15.78 月J=58.35 价=205.19 涨=1.52%  PE=184.22(96.84%) PB=16.6(97.42%)
2026-08-14 17:27:14  [ 39] 688012 中微公司  完成  日J=93.93 周J=29.35 月J=62.11 价=374.85 涨=1.2%  PE=131.57(71.6%) PB=14.77(77.96%)
2026-08-14 17:27:15  [ 40] 600276 恒瑞医药  完成  日J=32.3 周J=67.46 月J=33.05 价=52.62 涨=-2.12%  PE=43.01(4.4%) PB=5.49(2.87%)
2026-08-14 17:27:24  [ 41] 600183 生益科技  完成  日J=92.44 周J=29.86 月J=55.04 价=143.21 涨=1.04%  PE=88.55(98.66%) PB=19.4(98.66%)
2026-08-14 17:27:25  [ 42] 002415 海康威视  完成  日J=-12.48 周J=70.23 月J=77.49 价=34.88 涨=-2.19%  PE=19.45(8.94%) PB=3.79(22.48%)
2026-08-14 17:27:27  [ 43] 601211 国泰海通  完成  日J=42.71 周J=32.66 月J=45.94 价=17.95 涨=-1.1%  PE=14.37(58.01%) PB=0.97(30.13%)
2026-08-14 17:27:28  [ 44] 300059 东方财富  完成  日J=-13.3 周J=46.53 月J=26.55 价=19.47 涨=-1.57%  PE=23.5(4.3%) PB=3.22(10.47%)
2026-08-14 17:27:29  [ 45] 601319 中国人保  完成  日J=1.71 周J=59.45 月J=4.59 价=6.86 涨=-2.42%  PE=7.12(4.79%) PB=0.95(11.39%)
2026-08-14 17:27:31  [ 46] 600000 浦发银行  完成  日J=-5.9 周J=79.42 月J=22.59 价=9.1 涨=-0.87%  PE=5.92(65.09%) PB=0.4(27.02%)
2026-08-14 17:27:32  [ 47] 688802 沐曦股份-U  完成  日J=76.98 周J=11.21 月J=62.34 价=748.0 涨=0.13%  PE=-456.37(22.5%) PB=22.85(71.88%)
2026-08-14 17:27:34  [ 48] 601869 长飞光纤  完成  日J=102.49 周J=11.91 月J=43.9 价=355.18 涨=5.24%  PE=254.12(94.54%) PB=20.66(96.27%)
2026-08-14 17:27:35  [ 49] 603986 兆易创新  完成  日J=96.18 周J=-4.76 月J=28.8 价=417.48 涨=3.21%  PE=101.91(53.08%) PB=11.59(77.19%)
2026-08-14 17:27:36  [ 50] 300394 天孚通信  完成  日J=101.35 周J=45.43 月J=44.73 价=267.71 涨=4.1%  PE=134.46(97.13%) PB=48.83(98.13%)
2026-08-14 17:27:45  [ 51] 601601 中国太保  完成  日J=-11.37 周J=75.65 月J=2.41 价=29.92 涨=-1.68%  PE=5.34(0.62%) PB=0.9(6.07%)
2026-08-14 17:27:46  [ 52] 000858 五 粮 液  完成  日J=-3.33 周J=74.81 月J=13.45 价=73.75 涨=-1.82%  PE=22.72(31.76%) PB=2.24(0.62%)
2026-08-14 17:27:47  [ 53] 688795 摩尔线程-U  完成  日J=35.84 周J=13.91 月J=22.68 价=576.98 涨=-1.25%  PE=-365.79(20.83%) PB=22.27(7.74%)
2026-08-14 17:27:49  [ 54] 300476 胜宏科技  完成  日J=92.64 周J=44.28 月J=21.01 价=269.33 涨=-0.73%  PE=56.56(87.04%) PB=15.21(92.11%)
2026-08-14 17:27:50  [ 55] 688008 澜起科技  完成  日J=68.05 周J=7.98 月J=44.44 价=211.91 涨=0.8%  PE=101.13(75.28%) PB=12.41(81.05%)
2026-08-14 17:27:51  [ 56] 300408 三环集团  完成  日J=67.08 周J=31.92 月J=61.89 价=129.09 涨=0.54%  PE=89.6(98.95%) PB=11.51(98.95%)
2026-08-14 17:27:53  [ 57] 002916 深南电路  完成  日J=82.18 周J=32.06 月J=56.67 价=378.0 涨=0.01%  PE=70.84(97.85%) PB=14.23(93.64%)
2026-08-14 17:27:54  [ 58] 688820 盛合晶微  完成  日J=88.79 周J=6.75 月J=26.26 价=137.97 涨=1.92%  PE=260.77(30.0%) PB=17.77(30.0%)
2026-08-14 17:28:02  [ 59] 000338 潍柴动力  完成  日J=48.4 周J=78.52 月J=64.46 价=29.65 涨=-1.5%  PE=22.66(96.56%) PB=2.69(92.59%)
2026-08-14 17:28:04  [ 60] 600150 中国船舶  完成  日J=-14.66 周J=36.52 月J=27.25 价=33.42 涨=-1.07%  PE=22.24(25.92%) PB=1.68(20.13%)
2026-08-14 17:28:05  [ 61] 002379 宏桥控股  完成  日J=55.38 周J=89.79 月J=10.02 价=19.29 涨=-4.5%  PE=12.75(72.6%) PB=4.81(83.07%)
2026-08-14 17:28:06  [ 62] 601225 陕西煤业  完成  日J=66.92 周J=91.88 月J=66.82 价=25.37 涨=1.16%  PE=15.21(98.61%) PB=2.41(85.94%)
2026-08-14 17:28:08  [ 63] 300274 阳光电源  完成  日J=83.98 周J=19.04 月J=2.98 价=116.72 涨=-1.19%  PE=20.29(42.32%) PB=4.97(50.12%)
2026-08-14 17:28:09  [ 64] 601816 京沪高铁  完成  日J=-2.44 周J=91.62 月J=77.99 价=4.9 涨=-1.41%  PE=17.96(2.26%) PB=1.14(2.32%)
2026-08-14 17:28:10  [ 65] 601919 中远海控  完成  日J=24.8 周J=104.94 月J=61.33 价=15.39 涨=0.92%  PE=9.38(58.44%) PB=1.0(31.47%)
2026-08-14 17:28:12  [ 66] 002463 沪电股份  完成  日J=76.47 周J=28.69 月J=55.27 价=121.27 涨=0.51%  PE=54.25(97.47%) PB=13.9(97.94%)
2026-08-14 17:28:13  [ 67] 600309 万华化学  完成  日J=-7.0 周J=81.87 月J=16.3 价=73.04 涨=-0.1%  PE=17.37(60.74%) PB=2.05(8.37%)
2026-08-14 17:28:15  [ 68] 688808 联讯仪器  完成  日J=92.93 周J=44.35 月J=57.69 价=2220.98 涨=0.41%  PE=834.55(79.22%) PB=222.22(79.22%)
2026-08-14 17:28:16  [ 69] 002714 牧原股份  完成  日J=72.6 周J=90.65 月J=30.55 价=39.29 涨=-2.14%  PE=23.19(68.44%) PB=2.63(2.2%)
2026-08-14 17:28:17  [ 70] 000651 格力电器  完成  日J=3.65 周J=71.98 月J=79.22 价=39.9 涨=-0.84%  PE=7.66(24.25%) PB=1.47(3.97%)
2026-08-14 17:28:19  [ 71] 600188 兖矿能源  完成  日J=94.14 周J=80.1 月J=54.81 价=22.19 涨=3.21%  PE=23.31(98.85%) PB=2.91(90.05%)
2026-08-14 17:28:20  [ 72] 002938 鹏鼎控股  完成  日J=68.35 周J=31.59 月J=60.51 价=95.36 涨=-0.38%  PE=58.33(97.6%) PB=6.43(96.71%)
2026-08-14 17:28:22  [ 73] 000001 平安银行  完成  日J=-3.53 周J=83.64 月J=78.16 价=11.11 涨=-1.24%  PE=5.01(27.36%) PB=0.46(5.4%)
2026-08-14 17:28:23  [ 74] 000725 京东方Ａ  完成  日J=58.17 周J=-4.64 月J=38.86 价=5.81 涨=-0.85%  PE=36.17(57.1%) PB=1.58(71.21%)
2026-08-14 17:28:24  [ 75] 600919 江苏银行  完成  日J=48.39 周J=94.59 月J=100.96 价=11.66 涨=-0.26%  PE=5.92(77.09%) PB=0.81(88.57%)
2026-08-14 17:28:26  [ 76] 002142 宁波银行  完成  日J=87.13 周J=90.76 月J=82.8 价=32.2 涨=-0.28%  PE=7.07(32.66%) PB=0.91(29.03%)
2026-08-14 17:28:27  [ 77] 603288 海天味业  完成  日J=-4.23 周J=75.57 月J=51.48 价=35.82 涨=-1.05%  PE=28.79(1.82%) PB=4.99(1.87%)
2026-08-14 17:28:29  [ 78] 600690 海尔智家  完成  日J=7.57 周J=74.82 月J=25.25 价=21.76 涨=-0.14%  PE=10.9(5.21%) PB=1.63(3.68%)
2026-08-14 17:28:30  [ 79] 688072 拓荆科技  完成  日J=86.82 周J=23.89 月J=59.23 价=688.2 涨=0.45%  PE=121.66(77.22%) PB=27.6(96.66%)
2026-08-14 17:28:31  [ 80] 601066 中信建投  完成  日J=22.09 周J=2.17 月J=53.01 价=25.54 涨=-1.66%  PE=17.59(6.46%) PB=2.3(18.28%)
2026-08-14 17:28:39  [ 81] 003816 中国广核  完成  日J=-5.55 周J=26.0 月J=12.5 价=3.85 涨=-1.53%  PE=20.5(83.08%) PB=1.54(52.54%)
2026-08-14 17:28:41  [ 82] 301666 大普微-UW  完成  日J=73.98 周J=-0.04 月J=20.06 价=436.96 涨=1.62%  PE=14683.2(27.71%) PB=237.65(27.71%)
2026-08-14 17:28:42  [ 83] 301377 鼎泰高科  完成  日J=86.48 周J=18.31 月J=51.3 价=447.8 涨=0.63%  PE=305.47(97.24%) PB=65.44(97.24%)
2026-08-14 17:28:43  [ 84] 688498 源杰科技  完成  日J=92.47 周J=32.63 月J=62.23 价=1519.0 涨=1.22%  PE=531.16(71.61%) PB=74.91(97.4%)
2026-08-14 17:28:45  [ 85] 300433 蓝思科技  完成  日J=84.41 周J=-1.08 月J=29.6 价=35.74 涨=3.15%  PE=54.85(83.21%) PB=3.45(79.82%)
2026-08-14 17:28:46  [ 86] 600406 国电南瑞  完成  日J=-15.24 周J=73.81 月J=11.88 价=23.23 涨=-1.94%  PE=22.43(18.13%) PB=3.49(26.54%)
2026-08-14 17:28:47  [ 87] 601898 中煤能源  完成  日J=61.98 周J=54.6 月J=10.17 价=14.05 涨=0.86%  PE=10.49(51.55%) PB=1.14(88.04%)
2026-08-14 17:28:49  [ 88] 300604 长川科技  完成  日J=88.95 周J=26.65 月J=64.07 价=283.05 涨=0.48%  PE=116.17(52.65%) PB=35.88(98.8%)
2026-08-14 17:28:50  [ 89] 603268 松发股份  完成  日J=66.72 周J=90.45 月J=88.06 价=179.26 涨=3.46%  PE=52.27(65.76%) PB=17.32(86.7%)
2026-08-14 17:28:51  [ 90] 300760 迈瑞医疗  完成  日J=24.63 周J=83.06 月J=27.46 价=150.47 涨=-1.9%  PE=23.27(4.57%) PB=4.55(1.95%)
2026-08-14 17:28:53  [ 91] 601668 中国建筑  完成  日J=-10.7 周J=75.16 月J=41.19 价=4.4 涨=-0.9%  PE=4.79(45.62%) PB=0.37(0.19%)
2026-08-14 17:28:54  [ 92] 601985 中国核电  完成  日J=0.98 周J=38.3 月J=67.76 价=8.78 涨=-0.45%  PE=21.94(83.02%) PB=1.51(26.21%)
2026-08-14 17:28:55  [ 93] 601336 新华保险  完成  日J=1.33 周J=49.67 月J=1.71 价=57.78 涨=-1.21%  PE=4.88(0.38%) PB=1.46(40.27%)
2026-08-14 17:28:57  [ 94] 600025 华能水电  完成  日J=1.82 周J=66.92 月J=60.97 价=9.61 涨=-1.03%  PE=20.97(70.11%) PB=2.52(69.49%)
2026-08-14 17:28:58  [ 95] 600176 中国巨石  完成  日J=99.46 周J=4.28 月J=39.93 价=44.39 涨=5.94%  PE=46.49(98.57%) PB=5.5(98.8%)
2026-08-14 17:29:00  [ 96] 601818 光大银行  完成  日J=-11.08 周J=65.84 月J=36.55 价=3.0 涨=-0.66%  PE=4.69(35.15%) PB=0.35(0.33%)
2026-08-14 17:29:01  [ 97] 001399 惠科股份  完成  日J=53.76 周J=-2.36 月J=None 价=23.69 涨=-0.8%  PE=46.36(16.67%) PB=6.65(16.67%)
2026-08-14 17:29:02  [ 98] 601688 华泰证券  完成  日J=50.75 周J=4.8 月J=12.58 价=19.39 涨=-0.87%  PE=9.98(14.97%) PB=0.98(36.2%)
2026-08-14 17:29:04  [ 99] 300033 同花顺  完成  日J=-0.3 周J=47.83 月J=31.37 价=230.26 涨=-0.71%  PE=51.88(50.02%) PB=24.79(94.17%)
2026-08-14 17:29:05  [100] 600031 三一重工  完成  日J=-4.7 周J=74.19 月J=22.33 价=18.75 涨=0.16%  PE=20.48(44.86%) PB=1.9(9.33%)
2026-08-14 17:29:05  全部完成，结果已写入 C:\Users\hailo\Desktop\每周自动指标\output\2026-08-14\metrics_2026-08-14.csv
2026-08-14 17:29:05  步骤2完成 -> C:\Users\hailo\Desktop\每周自动指标\output\2026-08-14\metrics_2026-08-14.csv
2026-08-14 17:29:05  步骤3: 生成 HTML 总结报告…
2026-08-14 17:29:05  步骤3完成 -> C:\Users\hailo\Desktop\每周自动指标\output\2026-08-14\report_2026-08-14.html
2026-08-14 17:29:05  步骤4: 生成个股股价走势图（含每日信号）…
2026-08-14 17:29:06  步骤4完成 -> C:\Users\hailo\Desktop\每周自动指标\output\stock_charts.html
2026-08-14 17:29:06  步骤5: 发送邮件报告…
2026-08-14 17:29:09  步骤5完成: 邮件已发送
2026-08-14 17:29:09  ===== 全部完成 2026-08-14 =====
2026-08-14 19:00:15  今日(2026-08-14)已完成，跳过。结果目录: C:\Users\hailo\Desktop\每周自动指标\output\2026-08-14
