2026-07-24 17:17:04  ===== 开始每日指标任务 2026-07-24 =====
2026-07-24 17:17:04  步骤1: 获取 A股市值前100…
2026-07-24 17:17:04  步骤1完成 -> C:\Users\hailo\Desktop\每周自动指标\output\2026-07-24\top100_2026-07-24.csv
2026-07-24 17:17:04  步骤2: 计算 KDJ-J(日/周/月) 及 PE/PB 历史分位…
2026-07-24 17:17:06  [  1] 601398 工商银行  完成  日J=78.82 周J=89.2 月J=55.87 价=7.75 涨=0.91%  PE=7.44(91.71%) PB=0.7(59.83%)
2026-07-24 17:17:08  [  2] 601939 建设银行  完成  日J=62.99 周J=73.97 月J=85.14 价=10.26 涨=0.2%  PE=7.85(96.53%) PB=0.76(69.75%)
2026-07-24 17:17:09  [  3] 601288 农业银行  完成  日J=93.87 周J=79.07 月J=6.51 价=6.66 涨=1.06%  PE=7.92(91.33%) PB=0.82(81.65%)
2026-07-24 17:17:10  [  4] 600941 中国移动  完成  日J=64.98 周J=63.71 月J=30.82 价=94.69 涨=0.28%  PE=15.12(37.66%) PB=1.44(29.31%)
2026-07-24 17:17:12  [  5] 601857 中国石油  完成  日J=89.51 周J=93.84 月J=28.13 价=11.03 涨=1.38%  PE=12.76(56.17%) PB=1.24(91.38%)
2026-07-24 17:17:13  [  6] 601988 中国银行  完成  日J=62.13 周J=73.18 月J=80.44 价=6.01 涨=0.67%  PE=7.89(98.7%) PB=0.71(83.38%)
2026-07-24 17:17:15  [  7] 300750 宁德时代  完成  日J=92.14 周J=24.05 月J=38.5 价=383.01 涨=-0.77%  PE=22.44(19.13%) PB=4.96(35.06%)
2026-07-24 17:17:16  [  8] 600519 贵州茅台  完成  日J=64.32 周J=82.02 月J=26.45 价=1297.41 涨=0.42%  PE=19.61(3.28%) PB=5.99(1.83%)
2026-07-24 17:17:17  [  9] 600938 中国海油  完成  日J=74.65 周J=51.12 月J=14.7 价=31.91 涨=-3.27%  PE=12.17(89.93%) PB=1.81(74.35%)
2026-07-24 17:17:19  [ 10] 688981 中芯国际  完成  日J=16.52 周J=40.96 月J=77.35 价=143.73 涨=-0.94%  PE=243.87(95.76%) PB=8.21(94.93%)
2026-07-24 17:17:20  [ 11] 601138 工业富联  完成  日J=61.85 周J=-3.73 月J=41.92 价=60.25 涨=-4.18%  PE=29.41(89.0%) PB=6.78(90.77%)
2026-07-24 17:17:21  [ 12] 300308 中际旭创  完成  日J=43.07 周J=-2.02 月J=70.24 价=1046.51 涨=-2.43%  PE=78.07(83.91%) PB=32.8(97.88%)
2026-07-24 17:17:23  [ 13] 601628 中国人寿  完成  日J=81.63 周J=101.05 月J=19.34 价=40.31 涨=-3.4%  PE=7.87(7.13%) PB=1.9(31.89%)
2026-07-24 17:17:24  [ 14] 601088 中国神华  完成  日J=72.34 周J=61.52 月J=45.05 价=45.7 涨=0.84%  PE=19.22(98.65%) PB=2.06(95.18%)
2026-07-24 17:17:26  [ 15] 600036 招商银行  完成  日J=86.58 周J=108.41 月J=40.45 价=39.2 涨=0.75%  PE=6.56(25.67%) PB=0.87(10.07%)
2026-07-24 17:17:27  [ 16] 601318 中国平安  完成  日J=95.16 周J=74.63 月J=1.38 价=54.02 涨=-0.52%  PE=7.37(7.51%) PB=0.96(20.86%)
2026-07-24 17:17:28  [ 17] 601899 紫金矿业  完成  日J=79.42 周J=75.52 月J=8.11 价=31.51 涨=-4.69%  PE=13.58(11.27%) PB=4.25(80.78%)
2026-07-24 17:17:30  [ 18] 002594 比亚迪  完成  日J=46.68 周J=80.52 月J=33.62 价=91.89 涨=-0.82%  PE=30.41(29.67%) PB=3.61(30.92%)
2026-07-24 17:17:31  [ 19] 688256 寒武纪  完成  日J=28.07 周J=-2.91 月J=74.34 价=1225.0 涨=-1.92%  PE=283.28(83.69%) PB=59.8(94.31%)
2026-07-24 17:17:32  [ 20] 688041 海光信息  完成  日J=28.82 周J=38.37 月J=72.52 价=314.28 涨=0.73%  PE=267.96(95.5%) PB=31.09(96.34%)
2026-07-24 17:17:34  [ 21] 600900 长江电力  完成  日J=69.36 周J=95.19 月J=84.64 价=28.9 涨=-0.14%  PE=19.6(55.88%) PB=3.1(79.34%)
2026-07-24 17:17:38  [ 22] 300502 新易盛  完成  日J=20.95 周J=19.4 月J=77.2 价=476.02 涨=-4.28%  PE=61.8(64.98%) PB=32.57(97.98%)
2026-07-24 17:17:39  [ 23] 000333 美的集团  完成  日J=80.86 周J=96.28 月J=84.45 价=84.5 涨=-0.32%  PE=14.58(52.12%) PB=2.77(40.94%)
2026-07-24 17:17:41  [ 24] 600028 中国石化  完成  日J=80.05 周J=109.39 月J=-2.26 价=5.19 涨=0.0%  PE=17.65(86.03%) PB=0.75(36.08%)
2026-07-24 17:17:42  [ 25] 601328 交通银行  完成  日J=82.19 周J=97.79 月J=45.53 价=7.04 涨=1.29%  PE=6.45(88.25%) PB=0.53(50.87%)
2026-07-24 17:17:43  [ 26] 601658 邮储银行  完成  日J=50.16 周J=98.24 月J=25.56 价=5.12 涨=0.2%  PE=7.0(69.41%) PB=0.6(14.27%)
2026-07-24 17:17:45  [ 27] 688825 长鑫科技  完成  日J=None 周J=None 月J=None  PE=None(None%) PB=None(None%)
2026-07-24 17:17:46  [ 28] 688347 华虹宏力  完成  日J=30.32 周J=62.51 月J=83.49 价=329.9 涨=-3.26%  PE=1161.86(84.26%) PB=12.67(98.19%)
2026-07-24 17:17:47  [ 29] 601728 中国电信  完成  日J=65.72 周J=72.64 月J=33.91 价=6.16 涨=1.99%  PE=17.8(55.79%) PB=1.2(54.03%)
2026-07-24 17:17:49  [ 30] 002371 北方华创  完成  日J=71.85 周J=32.76 月J=75.06 价=757.0 涨=2.3%  PE=98.52(47.45%) PB=13.98(87.14%)
2026-07-24 17:17:50  [ 31] 002475 立讯精密  完成  日J=69.94 周J=3.48 月J=53.98 价=60.59 涨=-0.98%  PE=27.19(41.04%) PB=5.3(45.18%)
2026-07-24 17:17:52  [ 32] 601998 中信银行  完成  日J=80.71 周J=75.47 月J=32.49 价=7.61 涨=0.79%  PE=5.95(66.57%) PB=0.57(57.71%)
2026-07-24 17:17:53  [ 33] 688235 百济神州  完成  日J=71.46 周J=84.65 月J=45.98 价=271.0 涨=-0.53%  PE=132.07(95.43%) PB=12.65(78.49%)
2026-07-24 17:17:55  [ 34] 600030 中信证券  完成  日J=61.58 周J=63.07 月J=75.05 价=27.95 涨=-2.34%  PE=12.3(4.96%) PB=1.42(40.7%)
2026-07-24 17:17:56  [ 35] 603993 洛阳钼业  完成  日J=79.25 周J=38.04 月J=13.63 价=19.04 涨=-4.94%  PE=16.87(24.28%) PB=4.58(92.58%)
2026-07-24 17:17:57  [ 36] 601166 兴业银行  完成  日J=81.07 周J=79.98 月J=27.46 价=18.33 涨=0.38%  PE=5.01(36.46%) PB=0.47(7.76%)
2026-07-24 17:17:59  [ 37] 603259 药明康德  完成  日J=46.49 周J=82.91 月J=83.73 价=125.0 涨=-1.92%  PE=18.53(18.2%) PB=4.43(32.58%)
2026-07-24 17:18:00  [ 38] 688012 中微公司  完成  日J=66.77 周J=46.03 月J=79.85 价=388.5 涨=3.54%  PE=136.36(72.71%) PB=15.31(78.65%)
2026-07-24 17:18:01  [ 39] 002384 东山精密  完成  日J=-6.22 周J=9.65 月J=72.38 价=199.18 涨=-3.61%  PE=178.82(96.77%) PB=16.12(97.4%)
2026-07-24 17:18:03  [ 40] 600276 恒瑞医药  完成  日J=11.75 周J=78.96 月J=24.91 价=53.45 涨=-2.66%  PE=43.69(4.72%) PB=5.58(3.18%)
2026-07-24 17:18:04  [ 41] 601211 国泰海通  完成  日J=110.41 周J=83.42 月J=49.01 价=19.22 涨=0.89%  PE=15.43(66.96%) PB=1.04(39.02%)
2026-07-24 17:18:06  [ 42] 601319 中国人保  完成  日J=80.33 周J=97.12 月J=2.46 价=7.45 涨=-1.84%  PE=7.73(12.12%) PB=1.03(30.15%)
2026-07-24 17:18:07  [ 43] 688802 沐曦股份-U  完成  日J=10.57 周J=44.05 月J=87.15 价=821.61 涨=0.96%  PE=-501.28(8.97%) PB=25.1(84.83%)
2026-07-24 17:18:08  [ 44] 002415 海康威视  完成  日J=103.45 周J=89.07 月J=88.01 价=35.49 涨=-0.78%  PE=21.77(30.73%) PB=3.86(24.76%)
2026-07-24 17:18:10  [ 45] 603986 兆易创新  完成  日J=30.08 周J=-0.04 月J=56.91 价=457.0 涨=1.12%  PE=111.56(61.42%) PB=12.69(79.72%)
2026-07-24 17:18:11  [ 46] 601601 中国太保  完成  日J=92.6 周J=78.3 月J=0.01 价=31.95 涨=-2.62%  PE=5.7(1.45%) PB=0.96(11.03%)
2026-07-24 17:18:12  [ 47] 300059 东方财富  完成  日J=46.77 周J=57.09 月J=19.47 价=19.4 涨=-4.34%  PE=23.42(4.24%) PB=3.21(10.4%)
2026-07-24 17:18:14  [ 48] 600000 浦发银行  完成  日J=64.89 周J=83.02 月J=7.22 价=9.04 涨=-0.11%  PE=5.99(68.06%) PB=0.4(25.96%)
2026-07-24 17:18:15  [ 49] 600183 生益科技  完成  日J=4.39 周J=7.33 月J=59.98 价=118.71 涨=-5.11%  PE=73.4(97.98%) PB=16.08(97.98%)
2026-07-24 17:18:17  [ 50] 000858 五 粮 液  完成  日J=64.45 周J=38.65 月J=6.1 价=73.57 涨=-1.7%  PE=22.66(31.7%) PB=2.23(0.53%)
2026-07-24 17:18:18  [ 51] 688008 澜起科技  完成  日J=60.9 周J=11.39 月J=70.0 价=233.66 涨=3.62%  PE=111.51(85.24%) PB=13.68(88.41%)
2026-07-24 17:18:19  [ 52] 688795 摩尔线程-U  完成  日J=6.36 周J=5.71 月J=38.21 价=600.01 涨=-1.7%  PE=-328.34(39.87%) PB=24.48(30.07%)
2026-07-24 17:18:21  [ 53] 601869 长飞光纤  完成  日J=4.0 周J=-17.9 月J=61.02 价=331.65 涨=-6.87%  PE=237.28(94.29%) PB=19.29(96.09%)
2026-07-24 17:18:22  [ 54] 688820 盛合晶微  完成  日J=28.82 周J=1.86 月J=None 价=140.89 涨=-0.06%  PE=266.29(21.54%) PB=18.15(21.54%)
2026-07-24 17:18:24  [ 55] 600150 中国船舶  完成  日J=49.58 周J=6.97 月J=25.41 价=33.06 涨=-2.07%  PE=22.0(26.01%) PB=1.66(18.83%)
2026-07-24 17:18:25  [ 56] 002379 宏桥控股  完成  日J=86.57 周J=62.24 月J=0.1 价=19.06 涨=-6.8%  PE=12.6(72.88%) PB=4.75(83.43%)
2026-07-24 17:18:26  [ 57] 601816 京沪高铁  完成  日J=93.39 周J=85.97 月J=54.34 价=5.02 涨=-0.4%  PE=18.4(4.24%) PB=1.17(5.95%)
2026-07-24 17:18:28  [ 58] 601225 陕西煤业  完成  日J=64.27 周J=63.87 月J=51.35 价=24.7 涨=-2.18%  PE=14.81(97.83%) PB=2.35(82.9%)
2026-07-24 17:18:29  [ 59] 000338 潍柴动力  完成  日J=109.55 周J=8.98 月J=64.15 价=27.62 涨=-1.32%  PE=21.11(93.79%) PB=2.5(84.3%)
2026-07-24 17:18:31  [ 60] 300274 阳光电源  完成  日J=90.11 周J=-2.82 月J=15.94 价=113.42 涨=-3.71%  PE=19.72(39.79%) PB=4.83(47.74%)
2026-07-24 17:18:32  [ 61] 601919 中远海控  完成  日J=98.84 周J=107.47 月J=34.97 价=15.32 涨=0.33%  PE=9.34(58.62%) PB=0.99(30.54%)
2026-07-24 17:18:34  [ 62] 600309 万华化学  完成  日J=98.33 周J=54.94 月J=25.31 价=73.75 涨=-2.3%  PE=17.54(62.28%) PB=2.07(8.86%)
2026-07-24 17:18:35  [ 63] 688072 拓荆科技  完成  日J=49.07 周J=64.21 月J=83.95 价=791.0 涨=6.46%  PE=139.84(85.01%) PB=31.73(98.45%)
2026-07-24 17:18:36  [ 64] 002916 深南电路  完成  日J=33.55 周J=5.59 月J=64.49 价=332.81 涨=-1.38%  PE=62.37(94.22%) PB=12.53(90.13%)
2026-07-24 17:18:38  [ 65] 000651 格力电器  完成  日J=77.15 周J=92.62 月J=77.95 价=40.46 涨=-0.27%  PE=7.77(28.18%) PB=1.49(5.15%)
2026-07-24 17:18:39  [ 66] 300476 胜宏科技  完成  日J=35.66 周J=-9.28 月J=22.64 价=230.01 涨=-3.73%  PE=48.3(83.24%) PB=12.99(88.58%)
2026-07-24 17:18:41  [ 67] 002714 牧原股份  完成  日J=28.01 周J=88.96 月J=16.42 价=38.68 涨=-2.57%  PE=22.83(67.77%) PB=2.59(1.73%)
2026-07-24 17:18:42  [ 68] 300394 天孚通信  完成  日J=18.47 周J=-8.81 月J=47.17 价=203.41 涨=-4.09%  PE=102.16(94.27%) PB=37.11(94.56%)
2026-07-24 17:18:44  [ 69] 002463 沪电股份  完成  日J=19.17 周J=11.82 月J=68.22 价=112.22 涨=-3.04%  PE=50.2(96.1%) PB=12.86(97.83%)
2026-07-24 17:18:45  [ 70] 000001 平安银行  完成  日J=90.68 周J=81.99 月J=46.96 价=11.1 涨=0.18%  PE=5.0(27.36%) PB=0.46(5.35%)
2026-07-24 17:18:46  [ 71] 000725 京东方Ａ  完成  日J=16.04 周J=17.77 月J=56.14 价=5.79 涨=-4.46%  PE=36.05(57.08%) PB=1.58(70.95%)
2026-07-24 17:18:48  [ 72] 600919 江苏银行  完成  日J=81.59 周J=71.63 月J=89.42 价=11.57 涨=0.26%  PE=6.01(80.25%) PB=0.8(87.91%)
2026-07-24 17:18:49  [ 73] 301666 大普微-UW  完成  日J=56.92 周J=-9.19 月J=None 价=485.66 涨=-4.77%  PE=16319.66(23.53%) PB=264.13(23.53%)
2026-07-24 17:18:51  [ 74] 002142 宁波银行  完成  日J=62.83 周J=88.22 月J=71.34 价=32.01 涨=0.5%  PE=7.02(31.84%) PB=0.91(28.28%)
2026-07-24 17:18:52  [ 75] 603288 海天味业  完成  日J=54.48 周J=86.58 月J=35.86 价=35.85 涨=-2.18%  PE=28.82(1.88%) PB=4.99(1.93%)
2026-07-24 17:18:53  [ 76] 003816 中国广核  完成  日J=73.5 周J=26.05 月J=29.33 价=4.06 涨=-2.4%  PE=21.62(89.61%) PB=1.63(67.46%)
2026-07-24 17:18:55  [ 77] 002938 鹏鼎控股  完成  日J=18.91 周J=6.81 月J=65.82 价=88.39 涨=0.89%  PE=55.18(97.53%) PB=5.91(92.27%)
2026-07-24 17:18:56  [ 78] 600690 海尔智家  完成  日J=79.68 周J=92.91 月J=11.83 价=21.76 涨=-0.46%  PE=10.9(5.15%) PB=1.63(3.61%)
2026-07-24 17:18:58  [ 79] 601066 中信建投  完成  日J=20.42 周J=41.11 月J=61.38 价=26.07 涨=-3.12%  PE=17.95(9.11%) PB=2.34(21.68%)
2026-07-24 17:18:59  [ 80] 688808 联讯仪器  完成  日J=68.55 周J=17.19 月J=None 价=1955.0 涨=0.88%  PE=734.61(50.0%) PB=195.61(50.0%)
2026-07-24 17:19:01  [ 81] 300408 三环集团  完成  日J=48.98 周J=-2.15 月J=62.26 价=100.84 涨=-4.46%  PE=69.68(97.98%) PB=8.95(97.98%)
2026-07-24 17:19:02  [ 82] 600188 XD兖矿能  完成  日J=52.55 周J=11.45 月J=44.56 价=19.73 涨=-9.62%  PE=20.73(96.53%) PB=2.59(75.63%)
2026-07-24 17:19:03  [ 83] 300433 蓝思科技  完成  日J=65.73 周J=3.52 月J=52.75 价=37.32 涨=2.02%  PE=57.28(83.62%) PB=3.61(82.66%)
2026-07-24 17:19:05  [ 84] 601336 新华保险  完成  日J=45.58 周J=83.8 月J=2.64 价=63.12 涨=-3.96%  PE=5.34(2.65%) PB=1.59(49.13%)
2026-07-24 17:19:06  [ 85] 601668 中国建筑  完成  日J=90.85 周J=103.95 月J=36.68 价=4.7 涨=0.0%  PE=5.12(62.14%) PB=0.39(1.3%)
2026-07-24 17:19:08  [ 86] 300604 长川科技  完成  日J=53.72 周J=47.75 月J=82.17 价=303.5 涨=4.21%  PE=122.41(53.95%) PB=37.8(99.23%)
2026-07-24 17:19:09  [ 87] 600406 国电南瑞  完成  日J=92.52 周J=41.05 月J=12.56 价=23.58 涨=-3.24%  PE=22.76(20.95%) PB=3.54(29.19%)
2026-07-24 17:19:10  [ 88] 600025 华能水电  完成  日J=55.78 周J=94.07 月J=59.97 价=10.04 涨=-1.28%  PE=21.91(78.23%) PB=2.64(75.24%)
2026-07-24 17:19:12  [ 89] 601818 光大银行  完成  日J=62.18 周J=86.76 月J=22.63 价=3.15 涨=-0.32%  PE=4.92(44.22%) PB=0.37(2.5%)
2026-07-24 17:19:13  [ 90] 601688 华泰证券  完成  日J=89.42 周J=59.59 月J=19.8 价=20.4 涨=-2.16%  PE=10.5(27.79%) PB=1.03(42.44%)
2026-07-24 17:19:15  [ 91] 001399 惠科股份  完成  日J=27.63 周J=-1.61 月J=None 价=25.1 涨=-2.68%  PE=48.4(9.52%) PB=6.94(9.52%)
2026-07-24 17:19:16  [ 92] 601985 中国核电  完成  日J=69.34 周J=44.11 月J=69.14 价=8.9 涨=-2.09%  PE=22.24(85.21%) PB=1.53(29.96%)
2026-07-24 17:19:17  [ 93] 601898 中煤能源  完成  日J=76.54 周J=21.08 月J=10.88 价=13.67 涨=-4.2%  PE=10.21(48.36%) PB=1.11(83.72%)
2026-07-24 17:19:19  [ 94] 600031 三一重工  完成  日J=85.95 周J=84.69 月J=11.42 价=19.58 涨=-1.95%  PE=21.38(47.16%) PB=1.99(16.14%)
2026-07-24 17:19:20  [ 95] 300760 迈瑞医疗  完成  日J=52.94 周J=68.76 月J=11.72 价=146.38 涨=-2.93%  PE=22.65(3.02%) PB=4.42(1.48%)
2026-07-24 17:19:22  [ 96] 002352 顺丰控股  完成  日J=65.12 周J=61.2 月J=22.66 价=33.5 涨=-1.18%  PE=15.46(1.45%) PB=1.76(1.45%)
2026-07-24 17:19:23  [ 97] 600930 华电新能  完成  日J=13.76 周J=-2.93 月J=0.74 价=4.16 涨=-4.81%  PE=27.1(0.4%) PB=1.57(0.4%)
2026-07-24 17:19:24  [ 98] 688498 源杰科技  完成  日J=24.48 周J=38.99 月J=74.43 价=1390.0 涨=-3.81%  PE=486.05(66.17%) PB=68.54(96.2%)
2026-07-24 17:19:25  [ 99] 601995 中金公司  完成  日J=25.0 周J=61.24 月J=57.85 价=35.61 涨=-2.84%  PE=15.18(2.95%) PB=1.67(13.31%)
2026-07-24 17:19:27  [100] 600989 宝丰能源  完成  日J=76.03 周J=49.06 月J=15.81 价=23.38 涨=-3.75%  PE=13.64(8.76%) PB=3.29(65.46%)
2026-07-24 17:19:27  全部完成，结果已写入 C:\Users\hailo\Desktop\每周自动指标\output\2026-07-24\metrics_2026-07-24.csv
2026-07-24 17:19:27  步骤2完成 -> C:\Users\hailo\Desktop\每周自动指标\output\2026-07-24\metrics_2026-07-24.csv
2026-07-24 17:19:27  步骤3: 生成 HTML 总结报告…
2026-07-24 17:19:27  步骤3完成 -> C:\Users\hailo\Desktop\每周自动指标\output\2026-07-24\report_2026-07-24.html
2026-07-24 17:19:27  步骤4: 发送邮件报告…
2026-07-24 17:19:29  步骤4完成
2026-07-24 17:19:29  ===== 全部完成 2026-07-24 =====
2026-07-24 21:12:03  今日(2026-07-24)已完成，跳过。结果目录: C:\Users\hailo\Desktop\每周自动指标\output\2026-07-24
