2026-09-14 23:15:41  ===== 开始每日港股通指标任务 2026-09-14 =====
2026-09-14 23:15:41  步骤1: 获取港股通总市值前100标的...
获取港股通标的列表(共取市值前 100 只)...
接口返回 100 只港股通标的
2026-09-14 23:15:43  步骤1完成 -> /home/runner/work/daily-stock-metrics/daily-stock-metrics/output_hk/2026-09-14/hk_list_2026-09-14.csv
2026-09-14 23:15:43  步骤2: 计算 KDJ-J(日/周/月)...
2026-09-14 23:15:43  步骤2: 计算指标...
2026-09-14 23:15:43  观察池: 共104只(含历史追踪4只)
2026-09-14 23:15:43  待处理 104 条，并发数 8
2026-09-14 23:15:46  [  5] 03750 宁德时代  完成  日J=18.95 周J=-0.86 月J=23.97 MA20=596.025 MA60=629.392 多头=0 价=549.0 涨=0.27%  PE=26.37(None%) PB=5.82(None%)
2026-09-14 23:15:46  [  7] 09988 阿里巴巴-W  完成  日J=22.81 周J=-1.38 月J=16.32 MA20=113.705 MA60=112.014 多头=1 价=105.9 涨=-1.49%  PE=24.78(None%) PB=1.67(None%)
2026-09-14 23:15:46  [  8] 03988 中国银行  完成  日J=74.12 周J=105.17 月J=102.18 MA20=5.753 MA60=5.379 多头=1 价=6.08 涨=0.66%  PE=6.94(None%) PB=0.62(None%)
2026-09-14 23:15:46  [  3] 01398 工商银行  完成  日J=60.77 周J=96.25 月J=95.77 MA20=7.53 MA60=7.165 多头=1 价=7.65 涨=0.53%  PE=6.44(None%) PB=0.6(None%)
2026-09-14 23:15:46  [  6] 01288 农业银行  完成  日J=33.04 周J=85.01 月J=92.97 MA20=6.33 MA60=5.94 多头=1 价=6.42 涨=0.94%  PE=6.65(None%) PB=0.68(None%)
2026-09-14 23:15:46  [  4] 00939 建设银行  完成  日J=92.38 周J=108.68 月J=104.82 MA20=9.425 MA60=8.842 多头=1 价=9.89 涨=1.44%  PE=6.59(None%) PB=0.63(None%)
2026-09-14 23:15:46  [  1] 00700 腾讯控股  完成  日J=34.7 周J=4.55 月J=3.89 MA20=441.46 MA60=450.847 多头=0 价=430.6 涨=0.51%  PE=14.69(None%) PB=2.99(None%)
2026-09-14 23:15:46  [  2] 00005 汇丰控股  完成  日J=56.13 周J=62.37 月J=91.12 MA20=163.095 MA60=159.125 多头=1 价=164.9 涨=0.98%  PE=15.01(None%) PB=2.09(None%)
2026-09-14 23:15:48  [  9] 00857 中国石油股份  完成  日J=5.84 周J=63.65 月J=35.97 MA20=10.079 MA60=9.641 多头=1 价=9.92 涨=-0.6%  PE=9.06(None%) PB=0.96(None%)
2026-09-14 23:15:48  [ 12] 03308 中际旭创  完成  日J=52.19 周J=45.09 月J=None MA20=1082.1 MA60=None 多头=None 价=1070.0 涨=-8.55%  PE=54.11(None%) PB=26.0(None%)
2026-09-14 23:15:48  [ 10] 00941 中国移动  完成  日J=38.53 周J=3.22 月J=27.17 MA20=80.095 MA60=80.232 多头=0 价=79.2 涨=0.38%  PE=11.43(None%) PB=1.02(None%)
2026-09-14 23:15:48  [ 11] 03968 招商银行  完成  日J=57.43 周J=96.41 月J=94.27 MA20=50.695 MA60=48.468 多头=1 价=52.75 涨=1.54%  PE=7.73(None%) PB=1.01(None%)
2026-09-14 23:15:48  [ 13] 00883 中国海洋石油  完成  日J=-2.23 周J=67.18 月J=29.98 MA20=25.016 MA60=23.48 多头=1 价=24.46 涨=0.33%  PE=7.37(None%) PB=1.18(None%)
2026-09-14 23:15:48  [ 14] 01088 中国神华  完成  日J=58.23 周J=86.96 月J=55.75 MA20=45.43 MA60=43.354 多头=1 价=45.44 涨=-1.47%  PE=15.8(None%) PB=1.86(None%)
2026-09-14 23:15:48  [ 16] 02899 紫金矿业  完成  日J=23.21 周J=53.1 月J=29.94 MA20=36.713 MA60=33.448 多头=1 价=34.62 涨=-0.57%  PE=11.97(None%) PB=3.96(None%)
2026-09-14 23:15:48  [ 15] 02318 中国平安  完成  日J=-6.22 周J=11.12 月J=4.25 MA20=55.775 MA60=55.267 多头=1 价=53.6 涨=-0.74%  PE=5.36(None%) PB=0.82(None%)
2026-09-14 23:15:50  [ 19] 00300 美的集团  完成  日J=53.47 周J=85.5 月J=101.86 MA20=98.953 MA60=94.086 多头=1 价=100.0 涨=0.81%  PE=15.08(None%) PB=3.11(None%)
2026-09-14 23:15:50  [ 17] 02628 中国人寿  完成  日J=19.95 周J=78.02 月J=41.05 MA20=29.19 MA60=28.538 多头=1 价=29.8 涨=0.68%  PE=3.0(None%) PB=1.1(None%)
2026-09-14 23:15:50  [ 18] 01299 友邦保险  完成  日J=21.74 周J=59.26 月J=13.99 MA20=75.325 MA60=74.948 多头=1 价=75.45 涨=0.53%  PE=12.53(None%) PB=2.45(None%)
2026-09-14 23:15:50  [ 23] 01658 邮储银行  完成  日J=29.57 周J=90.4 月J=87.85 MA20=5.19 MA60=4.954 多头=1 价=5.38 涨=-0.65%  PE=6.33(None%) PB=0.54(None%)
2026-09-14 23:15:50  [ 24] 02359 药明康德  完成  日J=76.88 周J=67.03 月J=88.13 MA20=196.71 MA60=174.497 多头=1 价=197.9 涨=4.82%  PE=23.91(None%) PB=6.11(None%)
2026-09-14 23:15:50  [ 22] 01810 小米集团-W  完成  日J=38.36 周J=23.09 月J=32.51 MA20=27.455 MA60=26.444 多头=1 价=27.16 涨=3.03%  PE=18.7(None%) PB=2.26(None%)
2026-09-14 23:15:50  [ 20] 01211 比亚迪股份  完成  日J=13.81 周J=0.58 月J=33.12 MA20=87.443 MA60=86.654 多头=1 价=80.2 涨=0.44%  PE=21.96(None%) PB=2.65(None%)
2026-09-14 23:15:50  [ 21] 03328 交通银行  完成  日J=104.65 周J=113.34 月J=109.79 MA20=7.746 MA60=7.334 多头=1 价=8.16 涨=0.87%  PE=6.52(None%) PB=0.54(None%)
2026-09-14 23:15:52  [ 25] 09999 网易  完成  日J=18.17 周J=-8.92 月J=26.8 MA20=190.245 MA60=196.88 多头=0 价=182.1 涨=0.0%  PE=15.8(None%) PB=3.04(None%)
2026-09-14 23:15:52  [ 27] 02388 中银香港  完成  日J=79.11 周J=101.43 月J=100.24 MA20=51.474 MA60=49.099 多头=1 价=53.65 涨=2.58%  PE=13.6(None%) PB=1.57(None%)
2026-09-14 23:15:52  [ 26] 00386 中国石油化工股份  完成  日J=22.15 周J=89.64 月J=37.46 MA20=4.685 MA60=4.374 多头=1 价=4.75 涨=-0.63%  PE=14.17(None%) PB=0.59(None%)
2026-09-14 23:15:52  [ 29] 00981 中芯国际  完成  日J=-0.11 周J=-0.83 月J=28.37 MA20=68.442 MA60=71.755 多头=0 价=61.3 涨=-2.93%  PE=64.63(None%) PB=2.66(None%)
2026-09-14 23:15:52  [ 32] 03690 美团-W  完成  日J=9.82 周J=-6.3 月J=39.15 MA20=79.672 MA60=81.818 多头=0 价=75.05 涨=-0.07%  PE=-10.86(None%) PB=2.38(None%)
2026-09-14 23:15:52  [ 30] 00388 香港交易所  完成  日J=20.02 周J=18.78 月J=53.82 MA20=410.09 MA60=398.537 多头=1 价=397.4 涨=1.22%  PE=25.44(None%) PB=8.31(None%)
2026-09-14 23:15:52  [ 28] 02888 渣打集团  完成  日J=103.8 周J=96.1 月J=100.01 MA20=235.39 MA60=228.523 多头=1 价=246.6 涨=1.99%  PE=12.73(None%) PB=1.49(None%)
2026-09-14 23:15:52  [ 31] 00998 中信银行  完成  日J=78.15 周J=108.32 月J=93.94 MA20=8.203 MA60=7.543 多头=1 价=8.51 涨=0.59%  PE=5.81(None%) PB=0.55(None%)
2026-09-14 23:15:54  [ 33] 09633 农夫山泉  完成  日J=11.39 周J=7.65 月J=0.64 MA20=41.921 MA60=42.009 多头=0 价=39.74 涨=0.61%  PE=22.99(None%) PB=10.44(None%)
2026-09-14 23:15:54  [ 34] 02475 立讯精密  完成  日J=1.46 周J=38.4 月J=None MA20=60.843 MA60=None 多头=None 价=57.0 涨=-3.39%  PE=21.92(None%) PB=3.89(None%)
2026-09-14 23:15:54  [ 35] 02259 紫金黄金国际  完成  日J=77.73 周J=103.83 月J=30.35 MA20=155.915 MA60=126.525 多头=1 价=160.7 涨=0.37%  PE=21.77(None%) PB=5.87(None%)
2026-09-14 23:15:54  [ 36] 00728 中国电信  完成  日J=12.95 周J=19.0 月J=25.61 MA20=4.735 MA60=4.614 多头=1 价=4.59 涨=1.66%  PE=12.35(None%) PB=0.77(None%)
2026-09-14 23:15:54  [ 38] 06030 中信证券  完成  日J=-1.61 周J=2.09 月J=28.66 MA20=26.442 MA60=27.087 多头=0 价=24.88 涨=-1.35%  PE=8.62(None%) PB=1.08(None%)
2026-09-14 23:15:54  [ 37] 00992 联想集团  完成  日J=77.84 周J=71.11 月J=95.67 MA20=30.882 MA60=26.662 多头=1 价=32.14 涨=2.68%  PE=63.9(None%) PB=7.05(None%)
2026-09-14 23:15:54  [ 39] 00267 中信股份  完成  日J=38.93 周J=96.89 月J=76.12 MA20=13.18 MA60=12.168 多头=1 价=13.33 涨=-2.91%  PE=5.57(None%) PB=0.42(None%)
2026-09-14 23:15:55  [ 40] 02328 中国财险  完成  日J=19.78 周J=87.9 月J=86.25 MA20=16.605 MA60=15.592 多头=1 价=17.03 涨=-0.06%  PE=6.88(None%) PB=1.08(None%)
2026-09-14 23:15:55  [ 41] 02513 智谱  完成  日J=-8.98 周J=-3.4 月J=11.73 MA20=1020.375 MA60=1317.958 多头=0 价=721.0 涨=-9.08%  PE=-67.03(None%) PB=63.21(None%)
2026-09-14 23:15:56  [ 43] 06160 百济神州  完成  日J=38.34 周J=47.6 月J=74.77 MA20=218.65 MA60=200.008 多头=1 价=212.8 涨=3.2%  PE=64.05(None%) PB=8.08(None%)
2026-09-14 23:15:56  [ 42] 03993 洛阳钼业  完成  日J=24.98 周J=13.8 月J=-1.27 MA20=16.906 MA60=16.716 多头=1 价=15.62 涨=-2.38%  PE=10.57(None%) PB=3.24(None%)
2026-09-14 23:15:56  [ 46] 06809 澜起科技  完成  日J=3.22 周J=-1.12 月J=23.94 MA20=269.04 MA60=308.64 多头=0 价=243.0 涨=-5.81%  PE=84.65(None%) PB=11.99(None%)
2026-09-14 23:15:56  [ 45] 01276 恒瑞医药  完成  日J=34.61 周J=0.96 月J=-4.42 MA20=47.3 MA60=53.977 多头=0 价=45.0 涨=2.83%  PE=33.94(None%) PB=4.02(None%)
2026-09-14 23:15:56  [ 47] 03986 兆易创新  完成  日J=1.42 周J=5.5 月J=6.23 MA20=481.415 MA60=615.96 多头=0 价=420.0 涨=-7.12%  PE=32.53(None%) PB=6.87(None%)
2026-09-14 23:15:57  [ 44] 00016 新鸿基地产  完成  日J=24.58 周J=14.2 月J=20.31 MA20=119.185 MA60=118.423 多头=1 价=110.4 涨=2.03%  PE=14.93(None%) PB=0.5(None%)
2026-09-14 23:15:57  [ 48] 02601 中国太保  完成  日J=-0.39 周J=47.68 月J=9.15 MA20=29.747 MA60=29.158 多头=1 价=29.18 涨=-0.75%  PE=4.38(None%) PB=0.76(None%)
2026-09-14 23:15:58  [ 49] 00001 长和  完成  日J=50.63 周J=16.18 月J=79.66 MA20=69.775 MA60=69.955 多头=0 价=69.25 涨=0.58%  PE=7.02(None%) PB=0.46(None%)
2026-09-14 23:15:58  [ 50] 02338 潍柴动力  完成  日J=22.81 周J=19.52 月J=38.85 MA20=32.095 MA60=33.675 多头=0 价=30.68 涨=-2.11%  PE=17.93(None%) PB=2.4(None%)
2026-09-14 23:15:58  [ 54] 06951 三环集团  完成  日J=83.35 周J=86.12 月J=None MA20=114.065 MA60=None 多头=None 价=126.5 涨=1.69%  PE=67.05(None%) PB=9.3(None%)
2026-09-14 23:15:58  [ 51] 01339 中国人民保险集团  完成  日J=8.14 周J=74.65 月J=34.62 MA20=5.644 MA60=5.302 多头=1 价=5.94 涨=0.68%  PE=4.04(None%) PB=0.67(None%)
2026-09-14 23:15:58  [ 52] 02611 国泰海通  完成  日J=24.18 周J=41.79 月J=35.49 MA20=15.098 MA60=14.901 多头=1 价=14.86 涨=0.75%  PE=7.09(None%) PB=0.69(None%)
2026-09-14 23:15:58  [ 53] 02378 保诚  完成  日J=2.82 周J=-3.24 月J=15.68 MA20=107.725 MA60=108.87 多头=0 价=103.4 涨=-0.29%  PE=9.08(None%) PB=1.67(None%)
2026-09-14 23:15:59  [ 55] 01919 中远海控  完成  日J=33.49 周J=50.96 月J=76.19 MA20=17.011 MA60=15.461 多头=1 价=16.43 涨=-0.06%  PE=8.26(None%) PB=0.93(None%)
2026-09-14 23:15:59  [ 56] 09888 百度集团-W  完成  日J=0.26 周J=8.89 月J=-8.68 MA20=92.43 MA60=102.199 多头=0 价=89.3 涨=0.22%  PE=-66.57(None%) PB=0.78(None%)
2026-09-14 23:16:00  [ 58] 02714 牧原股份  完成  日J=52.51 周J=91.82 月J=38.08 MA20=36.185 MA60=33.521 多头=1 价=38.2 涨=0.32%  PE=-157.71(None%) PB=2.42(None%)
2026-09-14 23:16:00  [ 57] 00669 创科实业  完成  日J=11.65 周J=-3.63 月J=70.69 MA20=134.995 MA60=132.897 多头=1 价=126.4 涨=-0.47%  PE=22.68(None%) PB=3.96(None%)
2026-09-14 23:16:00  [ 59] 01378 中国宏桥  完成  日J=5.81 周J=23.88 月J=-6.55 MA20=23.171 MA60=22.723 多头=1 价=22.2 涨=-1.33%  PE=6.96(None%) PB=1.42(None%)
2026-09-14 23:16:00  [ 60] 01109 华润置地  完成  日J=35.93 周J=5.42 月J=10.56 MA20=31.878 MA60=32.414 多头=0 价=29.3 涨=0.48%  PE=7.9(None%) PB=0.62(None%)
2026-09-14 23:16:00  [ 61] 03692 翰森制药  完成  日J=14.49 周J=54.49 月J=31.19 MA20=34.259 MA60=32.81 多头=1 价=34.4 涨=5.13%  PE=27.39(None%) PB=4.8(None%)
2026-09-14 23:16:01  [ 62] 02020 安踏体育  完成  日J=10.75 周J=15.27 月J=42.64 MA20=75.058 MA60=74.261 多头=1 价=73.65 涨=1.66%  PE=11.28(None%) PB=2.5(None%)
2026-09-14 23:16:01  [ 64] 02269 药明生物  完成  日J=41.43 周J=63.87 月J=82.35 MA20=49.376 MA60=42.288 多头=1 价=49.14 涨=4.55%  PE=35.97(None%) PB=3.68(None%)
2026-09-14 23:16:01  [ 63] 01347 华虹宏力  完成  日J=1.16 周J=-5.58 月J=16.5 MA20=115.46 MA60=145.005 多头=0 价=106.5 涨=-4.66%  PE=255.98(None%) PB=3.31(None%)
2026-09-14 23:16:02  [ 65] 00066 港铁公司  完成  日J=75.68 周J=58.93 月J=27.22 MA20=32.9 MA60=32.292 多头=1 价=32.72 涨=-0.67%  PE=8.92(None%) PB=1.0(None%)
2026-09-14 23:16:02  [ 66] 09992 泡泡玛特  完成  日J=20.05 周J=42.95 月J=3.17 MA20=154.0 MA60=156.553 多头=0 价=152.9 涨=-0.07%  PE=13.64(None%) PB=7.67(None%)
2026-09-14 23:16:02  [ 69] 02476 胜宏科技  完成  日J=9.67 周J=30.24 月J=-3.03 MA20=217.66 MA60=242.757 多头=0 价=191.5 涨=-4.25%  PE=32.94(None%) PB=4.31(None%)
2026-09-14 23:16:02  [ 68] 06690 海尔智家  完成  日J=18.14 周J=20.57 月J=17.55 MA20=21.199 MA60=20.993 多头=1 价=20.98 涨=1.94%  PE=9.6(None%) PB=1.43(None%)
2026-09-14 23:16:02  [ 71] 06031 三一重工  完成  日J=64.47 周J=58.67 月J=16.91 MA20=19.339 MA60=19.526 多头=0 价=19.93 涨=1.17%  PE=18.07(None%) PB=1.73(None%)
2026-09-14 23:16:02  [ 67] 00002 中电控股  完成  日J=87.48 周J=60.95 月J=91.1 MA20=78.292 MA60=77.052 多头=1 价=78.25 涨=-0.32%  PE=18.24(None%) PB=1.79(None%)
2026-09-14 23:16:03  [ 70] 00762 中国联通  完成  日J=96.46 周J=35.9 月J=13.25 MA20=5.742 MA60=6.227 多头=0 价=6.02 涨=3.35%  PE=10.2(None%) PB=0.43(None%)
2026-09-14 23:16:03  [ 72] 00175 吉利汽车  完成  日J=32.39 周J=2.64 月J=10.39 MA20=17.578 MA60=18.177 多头=0 价=16.59 涨=2.92%  PE=9.43(None%) PB=1.64(None%)
2026-09-14 23:16:04  [ 73] 01801 信达生物  完成  日J=22.23 周J=39.4 月J=70.08 MA20=100.983 MA60=92.599 多头=1 价=96.85 涨=3.53%  PE=118.28(None%) PB=7.05(None%)
2026-09-14 23:16:04  [ 74] 06818 中国光大银行  完成  日J=42.02 周J=8.42 月J=3.16 MA20=2.923 MA60=3.017 多头=0 价=2.83 涨=-1.05%  PE=4.46(None%) PB=0.29(None%)
2026-09-14 23:16:04  [ 78] 03288 海天味业  完成  日J=9.84 周J=-12.25 月J=-3.79 MA20=29.474 MA60=30.752 多头=0 价=27.1 涨=0.07%  PE=19.04(None%) PB=3.52(None%)
2026-09-14 23:16:04  [ 75] 01113 长实集团  完成  日J=92.5 周J=80.5 月J=51.99 MA20=46.696 MA60=46.451 多头=1 价=47.6 涨=-0.58%  PE=12.59(None%) PB=0.42(None%)
2026-09-14 23:16:04  [ 77] 00788 中国铁塔  完成  日J=30.19 周J=-2.97 月J=5.54 MA20=9.176 MA60=9.347 多头=0 价=9.07 涨=0.5%  PE=10.52(None%) PB=0.67(None%)
2026-09-14 23:16:04  [ 76] 01038 长江基建集团  完成  日J=95.81 周J=92.11 月J=83.65 MA20=65.515 MA60=62.625 多头=1 价=65.9 涨=-0.6%  PE=6.6(None%) PB=1.12(None%)
2026-09-14 23:16:05  [ 79] 01988 民生银行  完成  日J=60.84 周J=79.2 月J=42.61 MA20=3.492 MA60=3.433 多头=1 价=3.6 涨=3.75%  PE=4.79(None%) PB=0.24(None%)
2026-09-14 23:16:05  [ 80] 01816 中广核电力  完成  日J=56.71 周J=104.97 月J=25.68 MA20=2.981 MA60=2.865 多头=1 价=3.07 涨=0.16%  PE=13.7(None%) PB=1.09(None%)
2026-09-14 23:16:06  [ 82] 06936 顺丰控股  完成  日J=1.91 周J=-6.62 月J=20.04 MA20=31.501 MA60=31.804 多头=0 价=29.16 涨=-0.88%  PE=12.4(None%) PB=1.3(None%)
2026-09-14 23:16:06  [ 81] 06886 华泰证券  完成  日J=-1.51 周J=56.33 月J=32.77 MA20=17.324 MA60=16.994 多头=1 价=17.09 涨=-0.29%  PE=6.61(None%) PB=0.75(None%)
2026-09-14 23:16:06  [ 85] 09973 奇瑞汽车  完成  日J=69.07 周J=46.63 月J=19.64 MA20=25.65 MA60=25.572 多头=1 价=25.72 涨=3.13%  PE=7.37(None%) PB=2.4(None%)
2026-09-14 23:16:06  [ 83] 02423 贝壳-W  完成  日J=13.45 周J=44.07 月J=64.13 MA20=45.838 MA60=43.277 多头=1 价=44.48 涨=-0.18%  PE=28.22(None%) PB=2.04(None%)
2026-09-14 23:16:06  [ 84] 01766 中国中车  完成  日J=14.14 周J=89.45 月J=44.88 MA20=5.288 MA60=4.992 多头=1 价=5.24 涨=-0.95%  PE=9.49(None%) PB=0.74(None%)
2026-09-14 23:16:06  [ 86] 01336 新华保险  完成  日J=8.98 周J=57.71 月J=4.65 MA20=47.613 MA60=47.647 多头=0 价=47.3 涨=-0.59%  PE=2.94(None%) PB=1.04(None%)
2026-09-14 23:16:07  [ 87] 06869 长飞光纤光缆  完成  日J=51.52 周J=100.14 月J=37.8 MA20=162.855 MA60=159.433 多头=1 价=176.0 涨=-4.09%  PE=36.95(None%) PB=7.73(None%)
2026-09-14 23:16:07  [ 88] 01888 建滔积层板  完成  日J=48.57 周J=80.59 月J=20.89 MA20=43.128 MA60=51.157 多头=0 价=46.16 涨=-3.63%  PE=33.1(None%) PB=7.93(None%)
2026-09-14 23:16:08  [ 89] 01898 中煤能源  完成  日J=3.65 周J=52.6 月J=12.86 MA20=11.478 MA60=10.856 多头=1 价=10.97 涨=-1.53%  PE=8.34(None%) PB=0.76(None%)
2026-09-14 23:16:08  [ 90] 03606 福耀玻璃  完成  日J=25.67 周J=29.81 月J=33.9 MA20=55.93 MA60=54.621 多头=1 价=55.15 涨=0.55%  PE=14.97(None%) PB=3.27(None%)
2026-09-14 23:16:08  [ 91] 00027 银河娱乐  完成  日J=44.16 周J=34.12 月J=22.45 MA20=34.067 MA60=32.69 多头=1 价=32.86 涨=0.24%  PE=13.43(None%) PB=1.7(None%)
2026-09-14 23:16:08  [ 92] 01972 太古地产  完成  日J=70.95 周J=72.55 月J=51.1 MA20=24.589 MA60=23.077 多头=1 价=24.3 涨=-0.41%  PE=42.4(None%) PB=0.52(None%)
2026-09-14 23:16:08  [ 93] 02600 中国铝业  完成  日J=-4.71 周J=51.51 月J=-8.36 MA20=8.558 MA60=8.248 多头=1 价=8.14 涨=-2.4%  PE=7.0(None%) PB=1.44(None%)
2026-09-14 23:16:09  [ 94] 01776 广发证券  完成  日J=-1.18 周J=48.27 月J=65.12 MA20=17.977 MA60=17.425 多头=1 价=17.53 涨=-1.35%  PE=6.38(None%) PB=0.86(None%)
2026-09-14 23:16:09  [ 95] 00688 中国海外发展  完成  日J=15.23 周J=9.42 月J=13.42 MA20=13.328 MA60=13.175 多头=1 价=12.31 涨=-1.36%  PE=10.6(None%) PB=0.3(None%)
2026-09-14 23:16:09  [ 96] 00003 香港中华煤气  完成  日J=36.71 周J=50.9 月J=47.47 MA20=7.248 MA60=6.931 多头=1 价=7.09 涨=-1.18%  PE=20.8(None%) PB=2.2(None%)
2026-09-14 23:16:10  [ 97] 01024 快手-W  完成  日J=-0.93 周J=-6.03 月J=-10.14 MA20=33.669 MA60=40.006 多头=0 价=30.58 涨=-2.18%  PE=7.43(None%) PB=1.4(None%)
2026-09-14 23:16:10  [ 99] 06099 招商证券  完成  日J=-2.34 周J=27.31 月J=42.48 MA20=15.241 MA60=15.654 多头=0 价=14.66 涨=-0.14%  PE=6.31(None%) PB=0.88(None%)
2026-09-14 23:16:10  [101] 01377 鼎泰高科  完成  日J=3.42 周J=16.09 月J=None MA20=335.15 MA60=None 多头=None 价=291.0 涨=-8.32%  PE=None(None%) PB=None(None%)
2026-09-14 23:16:10  [ 98] 00006 电能实业  完成  日J=110.95 周J=86.36 月J=49.71 MA20=60.692 MA60=59.013 多头=1 价=61.5 涨=0.49%  PE=7.32(None%) PB=1.27(None%)
2026-09-14 23:16:10  [100] 01171 兖矿能源  完成  日J=3.41 周J=68.72 月J=31.27 MA20=13.157 MA60=12.18 多头=1 价=12.53 涨=-3.47%  PE=9.67(None%) PB=1.44(None%)
2026-09-14 23:16:11  [103] 06613 蓝思科技  完成  日J=-3.77 周J=48.79 月J=41.57 MA20=23.664 MA60=23.227 多头=1 价=21.94 涨=-2.05%  PE=None(None%) PB=None(None%)
2026-09-14 23:16:11  [102] 00012 恒基地产  完成  日J=8.74 周J=1.48 月J=-1.52 MA20=27.586 MA60=27.022 多头=1 价=25.8 涨=-1.07%  PE=None(None%) PB=None(None%)
2026-09-14 23:16:12  [104] 00358 江西铜业股份  完成  日J=12.34 周J=38.73 月J=9.43 MA20=37.194 MA60=35.145 多头=1 价=33.82 涨=-3.26%  PE=None(None%) PB=None(None%)
2026-09-14 23:16:12  全部完成，结果已写入 /home/runner/work/daily-stock-metrics/daily-stock-metrics/output_hk/2026-09-14/metrics_2026-09-14.csv
2026-09-14 23:16:12  步骤2完成 -> /home/runner/work/daily-stock-metrics/daily-stock-metrics/output_hk/2026-09-14/metrics_2026-09-14.csv
2026-09-14 23:16:12  步骤3: 生成 HTML 总结报告...
2026-09-14 23:16:12  步骤3完成 -> /home/runner/work/daily-stock-metrics/daily-stock-metrics/output_hk/2026-09-14/report_2026-09-14.html
2026-09-14 23:16:12  步骤4: 发送邮件报告...
2026-09-14 23:16:16  步骤4完成: 邮件已发送
2026-09-14 23:16:16  ===== 全部完成 2026-09-14 =====
2026-09-14 23:46:57  今日(2026-09-14)已完成，跳过。结果目录: /home/runner/work/daily-stock-metrics/daily-stock-metrics/output_hk/2026-09-14
