2026-08-18 19:23:33  ===== 开始每日指标任务 2026-08-18 =====
2026-08-18 19:23:33  步骤1: 获取 A股市值前100…
2026-08-18 19:25:14  步骤1完成 -> C:\Users\hailo\Desktop\每周自动指标\output\2026-08-18\top100_2026-08-18.csv
2026-08-18 19:25:14  步骤2: 计算 KDJ-J(日/周/月) 及 PE/PB 历史分位…
2026-08-18 19:25:19  [  1] 688825 长鑫科技  完成  日J=95.07 周J=None 月J=None 价=59.19 涨=-4.22%  PE=140.4(94.12%) PB=48.44(94.12%)
2026-08-18 19:25:21  [  2] 601398 工商银行  完成  日J=89.87 周J=59.13 月J=71.13 价=7.67 涨=1.46%  PE=7.36(90.01%) PB=0.69(57.24%)
2026-08-18 19:25:22  [  3] 601939 建设银行  完成  日J=109.02 周J=68.83 月J=88.2 价=10.43 涨=1.26%  PE=7.98(96.99%) PB=0.77(71.43%)
2026-08-18 19:25:24  [  4] 601288 农业银行  完成  日J=84.8 周J=65.67 月J=26.83 价=6.6 涨=2.17%  PE=7.85(90.35%) PB=0.82(79.79%)
2026-08-18 19:25:25  [  5] 600941 中国移动  完成  日J=31.41 周J=92.19 月J=53.01 价=95.74 涨=-0.29%  PE=15.75(47.72%) PB=1.46(30.47%)
2026-08-18 19:25:26  [  6] 601857 中国石油  完成  日J=48.84 周J=103.23 月J=33.66 价=10.92 涨=2.34%  PE=12.63(55.81%) PB=1.23(89.35%)
2026-08-18 19:25:28  [  7] 601988 中国银行  完成  日J=107.52 周J=82.38 月J=93.41 价=6.03 涨=2.2%  PE=7.92(98.71%) PB=0.71(83.8%)
2026-08-18 19:25:29  [  8] 300750 宁德时代  完成  日J=56.5 周J=89.89 月J=41.92 价=396.26 涨=-0.93%  PE=21.57(16.7%) PB=4.83(32.19%)
2026-08-18 19:25:31  [  9] 600519 贵州茅台  完成  日J=16.62 周J=92.88 月J=39.39 价=1297.99 涨=0.38%  PE=19.93(5.97%) PB=6.46(2.82%)
2026-08-18 19:25:32  [ 10] 600938 中国海油  完成  日J=93.14 周J=110.64 月J=23.81 价=33.58 涨=2.1%  PE=12.8(91.43%) PB=1.91(80.38%)
2026-08-18 19:25:33  [ 11] 601138 工业富联  完成  日J=37.08 周J=56.09 月J=40.56 价=66.2 涨=-2.98%  PE=28.0(87.83%) PB=7.47(93.87%)
2026-08-18 19:25:35  [ 12] 300308 中际旭创  完成  日J=95.52 周J=17.75 月J=47.13 价=988.1 涨=-1.29%  PE=77.32(82.99%) PB=32.48(97.61%)
2026-08-18 19:25:36  [ 13] 688981 中芯国际  完成  日J=105.32 周J=19.18 月J=53.66 价=134.98 涨=-1.3%  PE=229.03(94.18%) PB=7.71(94.18%)
2026-08-18 19:25:38  [ 14] 601628 中国人寿  完成  日J=18.57 周J=48.6 月J=19.46 价=36.95 涨=-1.73%  PE=7.21(4.11%) PB=1.75(12.18%)
2026-08-18 19:25:39  [ 15] 601088 中国神华  完成  日J=102.58 周J=96.43 月J=53.86 价=45.7 涨=2.03%  PE=19.22(98.66%) PB=2.06(95.22%)
2026-08-18 19:25:40  [ 16] 600036 招商银行  完成  日J=8.72 周J=72.23 月J=56.89 价=38.29 涨=0.24%  PE=6.41(22.46%) PB=0.85(6.69%)
2026-08-18 19:25:42  [ 17] 601318 中国平安  完成  日J=-1.84 周J=64.25 月J=4.82 价=51.32 涨=-0.93%  PE=7.0(3.15%) PB=0.91(14.0%)
2026-08-18 19:25:43  [ 18] 601899 紫金矿业  完成  日J=29.36 周J=95.84 月J=26.79 价=33.56 涨=0.6%  PE=14.47(17.44%) PB=4.52(84.57%)
2026-08-18 19:25:45  [ 19] 002594 比亚迪  完成  日J=29.42 周J=73.09 月J=40.5 价=89.53 涨=-0.39%  PE=29.63(28.0%) PB=3.52(29.1%)
2026-08-18 19:25:54  [ 20] 688256 寒武纪  完成  日J=64.34 周J=10.36 月J=52.56 价=1162.5 涨=0.56%  PE=219.2(79.4%) PB=53.88(91.6%)
2026-08-18 19:25:55  [ 21] 600900 长江电力  完成  日J=69.16 周J=65.72 月J=86.91 价=28.12 涨=0.57%  PE=19.07(50.55%) PB=3.02(72.05%)
2026-08-18 19:25:56  [ 22] 688041 海光信息  完成  日J=35.91 周J=3.46 月J=42.2 价=280.08 涨=-3.02%  PE=207.2(75.13%) PB=25.66(87.98%)
2026-08-18 19:25:58  [ 23] 000333 美的集团  完成  日J=15.07 周J=66.12 月J=77.96 价=83.58 涨=1.17%  PE=14.43(49.93%) PB=2.74(38.27%)
2026-08-18 19:25:59  [ 24] 300502 新易盛  完成  日J=93.86 周J=26.55 月J=51.19 价=452.21 涨=-3.1%  PE=58.71(62.06%) PB=30.94(97.52%)
2026-08-18 19:26:01  [ 25] 601328 交通银行  完成  日J=71.5 周J=76.14 月J=71.64 价=7.01 涨=1.59%  PE=6.42(87.1%) PB=0.53(50.17%)
2026-08-18 19:26:02  [ 26] 600028 中国石化  完成  日J=33.58 周J=80.61 月J=4.28 价=5.06 涨=1.0%  PE=17.21(85.14%) PB=0.73(33.49%)
2026-08-18 19:26:03  [ 27] 601728 中国电信  完成  日J=96.87 周J=113.22 月J=65.78 价=6.57 涨=-0.61%  PE=18.98(77.67%) PB=1.28(69.98%)
2026-08-18 19:26:05  [ 28] 601658 邮储银行  完成  日J=21.95 周J=48.49 月J=32.99 价=4.93 涨=0.41%  PE=6.74(56.41%) PB=0.57(5.55%)
2026-08-18 19:26:06  [ 29] 002371 北方华创  完成  日J=93.07 周J=31.14 月J=61.82 价=777.0 涨=1.44%  PE=101.12(48.78%) PB=14.35(88.82%)
2026-08-18 19:26:08  [ 30] 603259 药明康德  完成  日J=95.41 周J=104.18 月J=100.48 价=167.18 涨=0.17%  PE=23.02(34.59%) PB=5.99(52.68%)
2026-08-18 19:26:09  [ 31] 688347 华虹宏力  完成  日J=47.23 周J=6.75 月J=50.73 价=264.52 涨=-2.0%  PE=931.6(80.0%) PB=10.16(95.51%)
2026-08-18 19:26:10  [ 32] 688235 百济神州  完成  日J=54.98 周J=88.54 月J=68.14 价=293.78 涨=1.34%  PE=105.83(90.82%) PB=13.72(85.0%)
2026-08-18 19:26:29  [ 33] 002475 立讯精密  完成  日J=90.65 周J=15.69 月J=33.95 价=57.74 涨=-1.87%  PE=25.95(35.88%) PB=5.06(40.8%)
2026-08-18 19:26:31  [ 34] 601998 中信银行  完成  日J=98.25 周J=98.26 月J=56.13 价=7.81 涨=1.56%  PE=6.1(72.05%) PB=0.59(62.92%)
2026-08-18 19:26:32  [ 35] 600030 中信证券  完成  日J=24.82 周J=22.87 月J=75.78 价=27.39 涨=-0.54%  PE=12.7(8.41%) PB=1.47(45.34%)
2026-08-18 19:26:33  [ 36] 603993 洛阳钼业  完成  日J=10.75 周J=50.96 月J=10.08 价=18.82 涨=-1.62%  PE=16.67(23.27%) PB=4.53(91.11%)
2026-08-18 19:26:35  [ 37] 002384 东山精密  完成  日J=99.75 周J=29.89 月J=61.49 价=213.82 涨=-1.76%  PE=191.97(97.32%) PB=17.3(97.9%)
2026-08-18 19:26:36  [ 38] 688012 中微公司  完成  日J=107.87 周J=36.67 月J=67.67 价=398.33 涨=2.71%  PE=139.81(73.56%) PB=15.7(79.27%)
2026-08-18 19:26:37  [ 39] 601166 兴业银行  完成  日J=2.94 周J=62.91 月J=39.82 价=17.85 涨=0.11%  PE=4.87(31.01%) PB=0.46(5.3%)
2026-08-18 19:26:39  [ 40] 600276 恒瑞医药  完成  日J=8.27 周J=54.54 月J=32.09 价=52.37 涨=-0.95%  PE=42.81(4.3%) PB=5.46(2.82%)
2026-08-18 19:26:40  [ 41] 600183 生益科技  完成  日J=70.27 周J=36.05 月J=52.95 价=139.41 涨=-3.52%  PE=65.19(96.99%) PB=18.3(98.18%)
2026-08-18 19:26:42  [ 42] 002415 海康威视  完成  日J=-0.31 周J=56.02 月J=79.55 价=35.18 涨=0.26%  PE=19.62(10.03%) PB=3.82(23.75%)
2026-08-18 19:26:43  [ 43] 300394 天孚通信  完成  日J=102.62 周J=69.72 月J=51.64 价=291.44 涨=1.7%  PE=146.38(98.71%) PB=50.88(98.57%)
2026-08-18 19:26:44  [ 44] 601869 长飞光纤  完成  日J=95.73 周J=26.57 月J=48.15 价=383.6 涨=1.87%  PE=274.45(95.15%) PB=22.31(97.5%)
2026-08-18 19:26:46  [ 45] 601211 国泰海通  完成  日J=30.17 周J=19.15 月J=43.85 价=17.75 涨=-1.61%  PE=14.21(55.38%) PB=0.94(27.42%)
2026-08-18 19:26:47  [ 46] 688802 沐曦股份-U  完成  日J=87.86 周J=17.79 月J=65.45 价=770.11 涨=-2.02%  PE=-469.86(17.9%) PB=23.52(76.54%)
2026-08-18 19:26:48  [ 47] 603986 兆易创新  完成  日J=96.25 周J=2.36 月J=31.1 价=436.74 涨=-1.64%  PE=106.62(56.9%) PB=8.22(52.8%)
2026-08-18 19:26:50  [ 48] 601319 中国人保  完成  日J=18.97 周J=49.21 月J=5.64 价=6.91 涨=0.0%  PE=7.17(5.37%) PB=0.96(13.5%)
2026-08-18 19:26:51  [ 49] 300059 东方财富  完成  日J=-3.79 周J=26.03 月J=24.32 价=19.23 涨=-1.79%  PE=23.21(4.01%) PB=3.18(10.03%)
2026-08-18 19:26:52  [ 50] 600000 浦发银行  完成  日J=-6.05 周J=66.39 月J=20.05 价=8.97 涨=-0.77%  PE=5.83(61.49%) PB=0.4(24.65%)
2026-08-18 19:26:54  [ 51] 601601 中国太保  完成  日J=6.86 周J=62.6 月J=2.64 价=29.98 涨=-0.56%  PE=5.35(0.72%) PB=0.9(6.35%)
2026-08-18 19:26:55  [ 52] 688820 盛合晶微  完成  日J=95.47 周J=21.92 月J=33.86 价=153.62 涨=0.34%  PE=290.35(43.9%) PB=19.79(43.9%)
2026-08-18 19:26:56  [ 53] 000858 五 粮 液  完成  日J=2.53 周J=60.8 月J=11.41 价=72.56 涨=0.01%  PE=22.35(29.48%) PB=2.2(0.24%)
2026-08-18 19:26:57  [ 54] 688795 摩尔线程-U  完成  日J=40.55 周J=14.77 月J=23.03 价=578.9 涨=-1.88%  PE=-367.0(20.0%) PB=22.35(8.82%)
2026-08-18 19:26:59  [ 55] 688008 澜起科技  完成  日J=81.47 周J=13.19 月J=46.59 价=218.0 涨=-2.84%  PE=104.03(78.63%) PB=12.76(83.23%)
2026-08-18 19:27:00  [ 56] 300476 胜宏科技  完成  日J=78.24 周J=51.14 月J=21.03 价=269.4 涨=-2.39%  PE=56.58(87.0%) PB=15.21(92.12%)
2026-08-18 19:27:02  [ 57] 000338 潍柴动力  完成  日J=52.11 周J=93.08 月J=67.91 价=30.51 涨=-0.97%  PE=23.32(97.42%) PB=2.76(94.89%)
2026-08-18 19:27:03  [ 58] 002916 深南电路  完成  日J=74.33 周J=40.94 月J=57.65 价=381.85 涨=-2.81%  PE=71.56(98.09%) PB=14.38(93.98%)
2026-08-18 19:27:04  [ 59] 600150 中国船舶  完成  日J=2.25 周J=30.64 月J=27.66 价=33.49 涨=-0.48%  PE=22.29(25.99%) PB=1.69(20.26%)
2026-08-18 19:27:06  [ 60] 002379 宏桥控股  完成  日J=30.12 周J=83.98 月J=9.66 价=19.2 涨=-2.24%  PE=12.69(72.48%) PB=4.79(82.94%)
2026-08-18 19:27:07  [ 61] 601919 中远海控  完成  日J=97.11 周J=109.94 月J=82.01 价=16.31 涨=2.13%  PE=9.94(60.82%) PB=1.06(41.09%)
2026-08-18 19:27:09  [ 62] 300408 三环集团  完成  日J=27.78 周J=34.54 月J=59.04 价=123.99 涨=-4.73%  PE=86.06(98.28%) PB=11.05(98.28%)
2026-08-18 19:27:10  [ 63] 601225 陕西煤业  完成  日J=63.58 周J=98.2 月J=68.16 价=25.5 涨=1.07%  PE=15.29(98.66%) PB=2.42(86.62%)
2026-08-18 19:27:11  [ 64] 300274 阳光电源  完成  日J=83.59 周J=25.85 月J=4.1 价=118.04 涨=-0.64%  PE=20.52(43.24%) PB=5.03(50.93%)
2026-08-18 19:27:13  [ 65] 688808 联讯仪器  完成  日J=84.56 周J=61.8 月J=63.32 价=2372.0 涨=5.19%  PE=891.3(94.94%) PB=237.33(94.94%)
2026-08-18 19:27:14  [ 66] 601816 京沪高铁  完成  日J=12.78 周J=85.37 月J=77.99 价=4.9 涨=0.41%  PE=17.96(2.38%) PB=1.14(2.44%)
2026-08-18 19:27:16  [ 67] 000725 京东方Ａ  完成  日J=97.5 周J=8.17 月J=47.85 价=6.47 涨=6.41%  PE=40.28(60.01%) PB=1.76(76.83%)
2026-08-18 19:27:17  [ 68] 002463 沪电股份  完成  日J=72.44 周J=36.38 月J=57.19 价=123.59 涨=-1.2%  PE=55.29(97.95%) PB=14.17(98.14%)
2026-08-18 19:27:19  [ 69] 002714 牧原股份  完成  日J=69.26 周J=94.98 月J=33.09 价=39.93 涨=1.63%  PE=23.57(69.8%) PB=2.67(2.82%)
2026-08-18 19:27:20  [ 70] 600309 万华化学  完成  日J=-6.72 周J=71.05 月J=16.89 价=73.27 涨=0.19%  PE=17.43(61.16%) PB=2.06(8.55%)
2026-08-18 19:27:21  [ 71] 600188 兖矿能源  完成  日J=94.25 周J=99.76 月J=56.02 价=22.42 涨=1.49%  PE=23.55(99.0%) PB=2.94(91.16%)
2026-08-18 19:27:23  [ 72] 000651 格力电器  完成  日J=29.34 周J=65.83 月J=81.22 价=40.06 涨=0.43%  PE=7.69(25.56%) PB=1.48(4.49%)
2026-08-18 19:27:24  [ 73] 002938 鹏鼎控股  完成  日J=46.55 周J=35.25 月J=59.94 价=94.77 涨=-3.79%  PE=57.97(97.45%) PB=6.39(96.19%)
2026-08-18 19:27:26  [ 74] 688072 拓荆科技  完成  日J=106.95 周J=36.26 月J=67.16 价=755.46 涨=5.07%  PE=133.55(83.73%) PB=30.3(98.1%)
2026-08-18 19:27:27  [ 75] 600919 江苏银行  完成  日J=40.33 周J=95.18 月J=102.53 价=11.71 涨=0.77%  PE=5.95(77.93%) PB=0.81(89.2%)
2026-08-18 19:27:28  [ 76] 000001 平安银行  完成  日J=-7.54 周J=73.9 月J=75.36 价=11.05 涨=-0.45%  PE=4.93(24.32%) PB=0.46(3.54%)
2026-08-18 19:27:30  [ 77] 002142 宁波银行  完成  日J=93.74 周J=97.44 月J=85.84 价=32.46 涨=0.84%  PE=7.12(33.44%) PB=0.92(29.91%)
2026-08-18 19:27:31  [ 78] 603288 海天味业  完成  日J=6.77 周J=63.72 月J=49.39 价=35.55 涨=0.37%  PE=28.57(1.67%) PB=4.95(1.67%)
2026-08-18 19:27:32  [ 79] 300433 蓝思科技  完成  日J=109.71 周J=13.06 月J=37.43 价=39.12 涨=5.76%  PE=60.04(84.42%) PB=3.78(85.43%)
2026-08-18 19:27:34  [ 80] 301666 大普微-UW  完成  日J=87.16 周J=9.45 月J=23.21 价=466.12 涨=1.66%  PE=15663.06(35.29%) PB=253.51(35.29%)
2026-08-18 19:27:35  [ 81] 600690 海尔智家  完成  日J=22.17 周J=64.79 月J=24.3 价=21.65 涨=0.74%  PE=10.85(5.11%) PB=1.62(3.63%)
2026-08-18 19:27:37  [ 82] 688498 源杰科技  完成  日J=100.27 周J=50.89 月J=66.79 价=1613.5 涨=1.16%  PE=564.2(74.94%) PB=79.57(97.86%)
2026-08-18 19:27:38  [ 83] 301377 鼎泰高科  完成  日J=87.64 周J=29.38 月J=54.48 价=471.0 涨=1.75%  PE=321.3(98.02%) PB=68.83(98.02%)
2026-08-18 19:27:39  [ 84] 601066 中信建投  完成  日J=27.0 周J=-4.3 月J=52.19 价=25.43 涨=-1.32%  PE=17.51(6.21%) PB=2.25(16.3%)
2026-08-18 19:27:41  [ 85] 003816 中国广核  完成  日J=15.13 周J=29.91 月J=13.8 价=3.87 涨=0.26%  PE=20.61(83.98%) PB=1.55(54.61%)
2026-08-18 19:27:42  [ 86] 300604 长川科技  完成  日J=101.02 周J=32.39 月J=68.44 价=301.03 涨=-0.51%  PE=123.55(54.61%) PB=38.16(99.33%)
2026-08-18 19:27:43  [ 87] 601898 中煤能源  完成  日J=69.75 周J=88.36 月J=13.36 价=14.37 涨=2.86%  PE=10.73(55.52%) PB=1.16(91.5%)
2026-08-18 19:27:45  [ 88] 001399 惠科股份  完成  日J=80.91 周J=1.54 月J=None 价=25.62 涨=1.95%  PE=50.14(55.26%) PB=7.19(55.26%)
2026-08-18 19:27:46  [ 89] 600406 国电南瑞  完成  日J=15.2 周J=69.99 月J=14.21 价=23.54 涨=-0.04%  PE=22.72(19.97%) PB=3.53(28.76%)
2026-08-18 19:27:47  [ 90] 603268 松发股份  完成  日J=79.82 周J=100.48 月J=91.76 价=184.81 涨=0.82%  PE=53.88(69.71%) PB=17.85(87.53%)
2026-08-18 19:27:49  [ 91] 300760 迈瑞医疗  完成  日J=21.68 周J=77.49 月J=27.53 价=150.55 涨=0.56%  PE=23.28(4.67%) PB=4.55(2.05%)
2026-08-18 19:27:50  [ 92] 601985 中国核电  完成  日J=35.43 周J=38.58 月J=70.93 价=8.82 涨=0.57%  PE=22.04(83.9%) PB=1.51(27.71%)
2026-08-18 19:27:51  [ 93] 601336 新华保险  完成  日J=14.66 周J=36.43 月J=2.12 价=57.94 涨=-1.04%  PE=4.9(0.43%) PB=1.46(40.61%)
2026-08-18 19:27:53  [ 94] 601668 中国建筑  完成  日J=-2.34 周J=57.97 月J=38.25 价=4.36 涨=0.0%  PE=4.75(43.48%) PB=0.36(0.14%)
2026-08-18 19:27:55  [ 95] 600025 华能水电  完成  日J=20.99 周J=61.39 月J=62.69 价=9.65 涨=0.94%  PE=21.05(71.14%) PB=2.53(70.09%)
2026-08-18 19:27:56  [ 96] 600176 中国巨石  完成  日J=88.24 周J=10.77 月J=40.57 价=44.91 涨=-3.04%  PE=47.04(98.57%) PB=5.57(98.81%)
2026-08-18 19:27:57  [ 97] 688702 盛科通信-U  完成  日J=95.84 周J=86.05 月J=88.66 价=435.87 涨=3.36%  PE=-1177.43(9.76%) PB=80.07(100.0%)
2026-08-18 19:27:59  [ 98] 301308 江波龙  完成  日J=74.04 周J=11.35 月J=29.0 价=412.18 涨=-1.69%  PE=14.78(46.42%) PB=9.53(80.67%)
2026-08-18 19:28:00  [ 99] 601818 光大银行  完成  日J=-6.84 周J=51.12 月J=34.14 价=2.98 涨=-0.33%  PE=4.66(34.35%) PB=0.35(0.33%)
2026-08-18 19:28:01  [100] 300033 同花顺  完成  日J=15.75 周J=43.37 月J=32.46 价=231.9 涨=-1.74%  PE=52.25(51.17%) PB=24.97(94.51%)
2026-08-18 19:28:02  全部完成，结果已写入 C:\Users\hailo\Desktop\每周自动指标\output\2026-08-18\metrics_2026-08-18.csv
2026-08-18 19:28:02  步骤2完成 -> C:\Users\hailo\Desktop\每周自动指标\output\2026-08-18\metrics_2026-08-18.csv
2026-08-18 19:28:02  步骤3: 生成 HTML 总结报告…
2026-08-18 19:28:02  步骤3完成 -> C:\Users\hailo\Desktop\每周自动指标\output\2026-08-18\report_2026-08-18.html
2026-08-18 19:28:02  步骤4: 生成个股股价走势图（含每日信号）…
2026-08-18 19:28:02  步骤4完成 -> C:\Users\hailo\Desktop\每周自动指标\output\stock_charts.html
2026-08-18 19:28:02  步骤5: 发送邮件报告…
2026-08-18 19:28:05  步骤5完成: 邮件已发送
2026-08-18 19:28:05  ===== 全部完成 2026-08-18 =====
2026-08-18 19:29:15  今日(2026-08-18)已完成，跳过。结果目录: C:\Users\hailo\Desktop\每周自动指标\output\2026-08-18
2026-08-18 19:38:24  今日(2026-08-18)已完成，跳过。结果目录: C:\Users\hailo\Desktop\每周自动指标\output\2026-08-18
2026-08-18 19:38:39  今日(2026-08-18)已完成，跳过。结果目录: C:\Users\hailo\Desktop\每周自动指标\output\2026-08-18
2026-08-18 20:02:14  今日(2026-08-18)已完成，跳过。结果目录: C:\Users\hailo\Desktop\每周自动指标\output\2026-08-18
2026-08-18 20:02:24  今日(2026-08-18)已完成，跳过。结果目录: C:\Users\hailo\Desktop\每周自动指标\output\2026-08-18
