2026-08-11 17:34:29  ===== 开始每日ETF指标任务 2026-08-11 =====
2026-08-11 17:34:29  步骤1: 获取场内规模前100的ETF...
[  1] 510300 沪深300ETF华泰柏瑞  规模=1175.44亿  跟踪=沪深300指数  主题=沪深300
[  2] 588000 科创50ETF华夏  规模=895.32亿  跟踪=上证科创板50成份指数  主题=科创板
[  3] 159915 创业板ETF易方达  规模=662.18亿  跟踪=创业板指数(价格)  主题=创业板
[  4] 512880 证券ETF国泰  规模=634.34亿  跟踪=中证全指证券公司指数  主题=证券
[  5] 510310 沪深300ETF易方达  规模=528.7亿  跟踪=沪深300指数  主题=沪深300
[  6] 588200 科创芯片ETF嘉实  规模=511.65亿  跟踪=上证科创板芯片指数  主题=半导体
[  7] 563360 A500ETF华泰柏瑞  规模=434.45亿  跟踪=中证A500指数  主题=中证A500
[  8] 510330 沪深300ETF华夏  规模=429.96亿  跟踪=沪深300指数  主题=沪深300
[  9] 510500 中证500ETF南方  规模=428.7亿  跟踪=中证500指数  主题=中证500
[ 10] 588080 科创50ETF易方达  规模=416.49亿  跟踪=上证科创板50成份指数  主题=科创板
[ 11] 159516 半导体设备ETF国泰  规模=415.17亿  跟踪=中证半导体材料设备主题指数  主题=半导体
[ 12] 515880 通信ETF国泰  规模=398.55亿  跟踪=中证全指通信设备指数  主题=通信
[ 13] 512000 券商ETF华宝  规模=392.98亿  跟踪=中证全指证券公司指数  主题=证券
[ 14] 588170 科创半导体ETF华夏  规模=390.58亿  跟踪=上证科创板半导体材料设备主题指数  主题=半导体
[ 15] 159352 A500ETF南方  规模=354.67亿  跟踪=中证A500指数  主题=中证A500
[ 16] 512890 红利低波ETF华泰柏瑞  规模=320.38亿  跟踪=中证红利低波动指数  主题=红利
[ 17] 159919 沪深300ETF嘉实  规模=312.65亿  跟踪=沪深300指数  主题=沪深300
[ 18] 159361 A500ETF易方达  规模=287.95亿  跟踪=中证A500指数  主题=中证A500
[ 19] 159338 中证A500ETF国泰  规模=278.88亿  跟踪=中证A500指数  主题=中证A500
[ 20] 159995 芯片ETF华夏  规模=276.76亿  跟踪=国证半导体芯片指数  主题=半导体
[ 21] 512170 医疗ETF华宝  规模=262.03亿  跟踪=中证医疗指数  主题=医药
[ 22] 159949 创业板50ETF华安  规模=259.93亿  跟踪=创业板50指数  主题=创业板
[ 23] 512400 有色金属ETF南方  规模=254.99亿  跟踪=有色金属  主题=有色金属
[ 24] 512100 中证1000ETF南方  规模=250.51亿  跟踪=中证1000指数  主题=中证1000
[ 25] 159326 电网设备ETF华夏  规模=214.15亿  跟踪=中证电网设备主题指数  主题=其他
[ 26] 159819 人工智能ETF易方达  规模=213.37亿  跟踪=中证人工智能主题指数  主题=人工智能
[ 27] 512050 A500ETF华夏  规模=211.04亿  跟踪=中证A500指数  主题=中证A500
[ 28] 510880 红利ETF华泰柏瑞  规模=208.24亿  跟踪=上证红利指数  主题=红利
[ 29] 510050 上证50ETF华夏  规模=206.0亿  跟踪=上证50指数  主题=上证50
[ 30] 512480 半导体ETF国联安  规模=201.78亿  跟踪=中证全指半导体产品与设备指数  主题=半导体
[ 31] 159558 半导体设备ETF易方达  规模=199.3亿  跟踪=中证半导体材料设备主题指数  主题=半导体
[ 32] 515450 红利低波50ETF南方  规模=196.07亿  跟踪=标普中国A股大盘红利低波50指数  主题=红利
[ 33] 562500 机器人ETF华夏  规模=189.92亿  跟踪=中证机器人指数  主题=机器人
[ 34] 159530 机器人ETF易方达  规模=189.34亿  跟踪=国证机器人产业指数  主题=机器人
[ 35] 159992 创新药ETF银华  规模=185.26亿  跟踪=中证创新药产业指数  主题=医药
[ 36] 515180 红利ETF易方达  规模=178.39亿  跟踪=中证红利指数  主题=红利
[ 37] 510180 上证180ETF华安  规模=177.44亿  跟踪=上证180指数  主题=上证180
[ 38] 159781 科创创业ETF易方达  规模=176.75亿  跟踪=中证科创创业50指数  主题=科创板
[ 39] 515050 通信ETF华夏  规模=175.69亿  跟踪=中证5G通信主题指数  主题=通信
[ 40] 510210 上证指数ETF富国  规模=173.01亿  跟踪=上证综合指数  主题=其他
[ 41] 512010 医药ETF易方达  规模=168.62亿  跟踪=沪深300医药卫生指数  主题=医药
[ 42] 517520 黄金股ETF永赢  规模=168.18亿  跟踪=中证沪深港黄金产业股票指数  主题=黄金
[ 43] 159201 自由现金流ETF华夏  规模=167.33亿  跟踪=国证自由现金流指数  主题=货币市场
[ 44] 159928 消费ETF汇添富  规模=160.99亿  跟踪=中证主要消费指数  主题=消费
[ 45] 159206 卫星ETF永赢  规模=152.81亿  跟踪=国证商用卫星通信产业指数  主题=通信
[ 46] 159870 化工ETF鹏华  规模=150.14亿  跟踪=细分化工  主题=化工
[ 47] 512070 证券保险ETF易方达  规模=147.09亿  跟踪=沪深300非银行金融指数  主题=证券
[ 48] 512690 酒ETF鹏华  规模=146.89亿  跟踪=中证酒指数  主题=白酒
[ 49] 515220 煤炭ETF国泰  规模=140.69亿  跟踪=中证煤炭指数  主题=煤炭
[ 50] 515120 创新药ETF广发  规模=125.09亿  跟踪=中证创新药产业指数  主题=医药
[ 51] 563020 红利低波ETF易方达  规模=123.41亿  跟踪=中证红利低波动指数  主题=红利
[ 52] 560780 半导体设备ETF广发  规模=123.18亿  跟踪=中证半导体材料设备主题指数  主题=半导体
[ 53] 159841 证券ETF天弘  规模=120.06亿  跟踪=中证全指证券公司指数  主题=证券
[ 54] 513630 港股低波红利ETF摩根  规模=118.57亿  跟踪=标普港股通低波红利指数  主题=红利
[ 55] 515080 中证红利ETF招商  规模=116.23亿  跟踪=中证红利指数  主题=红利
[ 56] 159952 创业板ETF广发  规模=114.91亿  跟踪=创业板指数(价格)  主题=创业板
[ 57] 563800 A500ETF广发  规模=110.24亿  跟踪=中证A500指数  主题=中证A500
[ 58] 588050 科创50ETF工银  规模=109.65亿  跟踪=上证科创板50成份指数  主题=科创板
[ 59] 588710 科创半导体设备ETF华泰柏瑞  规模=108.18亿  跟踪=上证科创板半导体材料设备主题指数  主题=半导体
[ 60] 512760 芯片ETF国泰  规模=107.93亿  跟踪=中华交易服务半导体芯片行业人民币指数  主题=半导体
[ 61] 159611 电力ETF广发  规模=106.17亿  跟踪=中证全指电力公用事业指数  主题=电力
[ 62] 159845 中证1000ETF华夏  规模=102.0亿  跟踪=中证1000指数  主题=中证1000
[ 63] 512800 银行ETF华宝  规模=99.62亿  跟踪=中证银行指数  主题=银行
[ 64] 516650 有色金属ETF华夏  规模=99.32亿  跟踪=细分有色  主题=有色金属
[ 65] 159842 券商ETF银华  规模=98.17亿  跟踪=中证全指证券公司指数  主题=证券
[ 66] 560860 工业有色ETF万家  规模=97.42亿  跟踪=中证工业有色金属主题指数  主题=有色金属
[ 67] 159852 软件ETF嘉实  规模=93.77亿  跟踪=中证软件服务指数  主题=计算机
[ 68] 159869 游戏ETF华夏  规模=92.43亿  跟踪=中证动漫游戏指数  主题=传媒
[ 69] 159922 中证500ETF嘉实  规模=90.85亿  跟踪=中证500指数  主题=中证500
[ 70] 515330 沪深300ETF天弘  规模=88.91亿  跟踪=沪深300指数  主题=沪深300
[ 71] 159755 电池ETF广发  规模=88.66亿  跟踪=国证新能源车电池指数  主题=新能源
[ 72] 159351 A500ETF嘉实  规模=87.05亿  跟踪=中证A500指数  主题=中证A500
[ 73] 512500 中证500ETF华夏  规模=84.72亿  跟踪=中证500指数  主题=中证500
[ 74] 562590 半导体设备ETF华夏  规模=84.32亿  跟踪=中证半导体材料设备主题指数  主题=半导体
[ 75] 515070 人工智能ETF华夏  规模=83.95亿  跟踪=中证人工智能主题指数  主题=人工智能
[ 76] 563220 A500ETF富国  规模=83.3亿  跟踪=中证A500指数  主题=中证A500
[ 77] 512900 证券ETF南方  规模=81.34亿  跟踪=中证全指证券公司指数  主题=证券
[ 78] 563300 中证2000ETF华泰柏瑞  规模=79.52亿  跟踪=中证2000指数  主题=中证2000
[ 79] 588060 科创50ETF广发  规模=78.02亿  跟踪=上证科创板50成份指数  主题=科创板
[ 80] 588750 科创芯片ETF汇添富  规模=73.84亿  跟踪=上证科创板芯片指数  主题=半导体
[ 81] 512710 军工龙头ETF富国  规模=73.29亿  跟踪=中证军工龙头指数  主题=军工
[ 82] 159307 红利低波100ETF博时  规模=72.16亿  跟踪=中证红利低波动100指数  主题=红利
[ 83] 159363 创业板人工智能ETF华宝  规模=70.84亿  跟踪=创业板人工智能指数  主题=人工智能
[ 84] 159157 有色金属ETF天弘  规模=69.06亿  跟踪=中证工业有色金属主题指数  主题=有色金属
[ 85] 516150 稀土ETF嘉实  规模=68.68亿  跟踪=中证稀土产业指数  主题=有色金属
[ 86] 159813 半导体ETF鹏华  规模=67.55亿  跟踪=国证半导体芯片指数  主题=半导体
[ 87] 560010 中证1000ETF广发  规模=67.03亿  跟踪=中证1000指数  主题=中证1000
[ 88] 512660 军工ETF国泰  规模=66.64亿  跟踪=中证军工指数  主题=军工
[ 89] 159263 价值ETF易方达  规模=66.03亿  跟踪=国证价值100指数  主题=价值
[ 90] 159851 金融科技ETF华宝  规模=66.02亿  跟踪=中证金融科技主题指数  主题=其他
[ 91] 159770 机器人ETF天弘  规模=64.64亿  跟踪=中证机器人指数  主题=机器人
[ 92] 159865 养殖ETF国泰  规模=64.4亿  跟踪=中证畜牧养殖指数  主题=农业
[ 93] 159977 创业板ETF天弘  规模=63.82亿  跟踪=创业板指数(价格)  主题=创业板
[ 94] 560610 A500ETF招商  规模=62.31亿  跟踪=中证A500指数  主题=中证A500
[ 95] 515980 人工智能ETF华富  规模=61.51亿  跟踪=中证人工智能产业指数  主题=人工智能
[ 96] 512950 央企改革ETF华夏  规模=61.5亿  跟踪=中证央企结构调整指数  主题=央企国企
[ 97] 159796 电池ETF汇添富  规模=60.64亿  跟踪=中证电池主题指数  主题=新能源
[ 98] 159783 科创创业50ETF华夏  规模=60.07亿  跟踪=中证科创创业50指数  主题=科创板
[ 99] 159967 创业板成长ETF华夏  规模=58.48亿  跟踪=创业板动量成长指数  主题=成长
[100] 159549 红利低波ETF天弘  规模=57.85亿  跟踪=中证红利低波动100指数  主题=红利
2026-08-11 17:35:17  步骤1完成 -> C:\Users\hailo\Desktop\每周自动指标\output_etf\2026-08-11\etf_list_2026-08-11.csv
2026-08-11 17:35:17  步骤2: 计算 KDJ-J(日/周/月)...
2026-08-11 17:35:22  [  1] 510300 沪深300ETF华泰柏瑞  完成  日J=99.9 周J=26.86 月J=38.47 价=4.73 涨=-0.61%  PE=14.55(80.72%) PB=1.48(57.52%)
2026-08-11 17:35:23  [  2] 588000 科创50ETF华夏  完成  日J=104.04 周J=6.72 月J=42.62 价=1.81 涨=-1.36%  PE=82.26(91.45%) PB=8.17(96.19%)
2026-08-11 17:35:25  [  3] 159915 创业板ETF易方达  完成  日J=101.02 周J=19.78 月J=32.92 价=3.57 涨=0.31%  PE=44.84(56.4%) PB=5.91(70.16%)
2026-08-11 17:35:26  [  4] 512880 证券ETF国泰  完成  日J=21.47 周J=38.71 月J=32.45 价=1.09 涨=-0.55%  PE=15.27(9.84%) PB=1.31(21.56%)
2026-08-11 17:35:27  [  5] 588200 科创芯片ETF嘉实  完成  日J=106.81 周J=6.17 月J=44.87 价=1.2 涨=-1.32%  PE=126.09(85.34%) PB=None(None%)
2026-08-11 17:35:29  [  6] 563360 A500ETF华泰柏瑞  完成  日J=104.3 周J=27.73 月J=36.17 价=1.31 涨=-0.91%  PE=16.56(88.49%) PB=None(None%)
2026-08-11 17:35:30  [  7] 510500 中证500ETF南方  完成  日J=110.08 周J=28.69 月J=39.73 价=7.99 涨=-0.58%  PE=28.53(74.01%) PB=2.55(81.8%)
2026-08-11 17:35:31  [  8] 159516 半导体设备ETF国泰  完成  日J=105.96 周J=15.66 月J=52.36 价=0.74 涨=-2.89%  PE=119.66(97.73%) PB=None(None%)
2026-08-11 17:35:33  [  9] 515880 通信ETF国泰  完成  日J=96.35 周J=11.48 月J=31.94 价=0.65 涨=0.93%  PE=48.48(91.53%) PB=None(None%)
2026-08-11 17:35:34  [ 10] 588170 科创半导体ETF华夏  完成  日J=106.27 周J=15.75 月J=52.21 价=1.02 涨=-2.76%  PE=42.88(81.72%) PB=None(None%)
2026-08-11 17:35:35  [ 11] 512890 红利低波ETF华泰柏瑞  完成  日J=0.95 周J=84.75 月J=60.92 价=1.16 涨=0.09%  PE=7.66(66.97%) PB=0.84(56.04%)
2026-08-11 17:35:37  [ 12] 159995 芯片ETF华夏  完成  日J=104.58 周J=3.96 月J=37.29 价=1.19 涨=-1.24%  PE=None(None%) PB=None(None%)
2026-08-11 17:35:38  [ 13] 512170 医疗ETF华宝  完成  日J=82.93 周J=107.79 月J=44.89 价=0.35 涨=-0.85%  PE=29.92(32.1%) PB=3.65(17.72%)
2026-08-11 17:35:40  [ 14] 159949 创业板50ETF华安  完成  日J=94.32 周J=16.21 月J=26.09 价=1.67 涨=0.42%  PE=None(None%) PB=None(None%)
2026-08-11 17:35:41  [ 15] 512400 有色金属ETF南方  完成  日J=81.85 周J=66.23 月J=8.21 价=1.92 涨=-4.86%  PE=16.41(90.39%) PB=None(None%)
2026-08-11 17:35:42  [ 16] 512100 中证1000ETF南方  完成  日J=107.77 周J=35.15 月J=28.39 价=3.12 涨=-0.29%  PE=32.69(70.97%) PB=2.48(51.68%)
2026-08-11 17:35:44  [ 17] 159326 电网设备ETF华夏  完成  日J=95.29 周J=16.77 月J=25.05 价=1.69 涨=-1.11%  PE=12.62(85.02%) PB=None(None%)
2026-08-11 17:35:45  [ 18] 159819 人工智能ETF易方达  完成  日J=87.94 周J=15.9 月J=43.22 价=1.82 涨=0.11%  PE=49.63(68.48%) PB=None(None%)
2026-08-11 17:35:47  [ 19] 510880 红利ETF华泰柏瑞  完成  日J=78.36 周J=107.91 月J=71.34 价=3.31 涨=-0.27%  PE=8.44(71.13%) PB=0.83(59.48%)
2026-08-11 17:35:48  [ 20] 510050 上证50ETF华夏  完成  日J=80.94 周J=69.1 月J=38.06 价=3.04 涨=-1.14%  PE=11.67(80.79%) PB=1.26(59.84%)
2026-08-11 17:35:49  [ 21] 512480 半导体ETF国联安  完成  日J=106.96 周J=5.69 月J=40.45 价=1.07 涨=-1.02%  PE=94.25(90.59%) PB=None(None%)
2026-08-11 17:35:51  [ 22] 515450 红利低波50ETF南方  完成  日J=-2.55 周J=77.82 月J=63.75 价=1.4 涨=-0.28%  PE=8.24(73.28%) PB=0.84(56.04%)
2026-08-11 17:35:52  [ 23] 562500 机器人ETF华夏  完成  日J=106.59 周J=27.09 月J=27.14 价=1.02 涨=0.99%  PE=55.1(63.04%) PB=None(None%)
2026-08-11 17:35:54  [ 24] 159530 机器人ETF易方达  完成  日J=105.75 周J=24.44 月J=23.41 价=1.43 涨=2.07%  PE=None(None%) PB=None(None%)
2026-08-11 17:35:55  [ 25] 159992 创新药ETF银华  完成  日J=98.34 周J=98.16 月J=82.71 价=0.92 涨=0.33%  PE=30.98(47.23%) PB=None(None%)
2026-08-11 17:35:56  [ 26] 515180 红利ETF易方达  完成  日J=65.32 周J=108.67 月J=52.82 价=1.42 涨=-0.63%  PE=8.3(55.76%) PB=0.82(44.96%)
2026-08-11 17:35:58  [ 27] 510180 上证180ETF华安  完成  日J=92.31 周J=58.93 月J=36.33 价=4.02 涨=-1.2%  PE=12.28(71.96%) PB=1.24(47.96%)
2026-08-11 17:35:59  [ 28] 159781 科创创业ETF易方达  完成  日J=95.51 周J=7.64 月J=36.87 价=1.13 涨=-0.35%  PE=44.28(63.62%) PB=None(None%)
2026-08-11 17:36:00  [ 29] 515050 通信ETF华夏  完成  日J=97.37 周J=11.87 月J=37.37 价=1.02 涨=0.1%  PE=49.0(94.07%) PB=None(None%)
2026-08-11 17:36:02  [ 30] 510210 上证指数ETF富国  完成  日J=100.28 周J=55.03 月J=24.93 价=1.0 涨=-0.79%  PE=15.51(76.29%) PB=None(None%)
2026-08-11 17:36:04  [ 31] 512010 医药ETF易方达  完成  日J=83.85 周J=105.83 月J=77.69 价=0.4 涨=-1.23%  PE=24.92(11.42%) PB=None(None%)
2026-08-11 17:36:05  [ 32] 517520 黄金股ETF永赢  完成  日J=71.92 周J=101.05 月J=6.08 价=2.04 涨=-5.94%  PE=22.14(60.02%) PB=None(None%)
2026-08-11 17:36:06  [ 33] 159201 自由现金流ETF华夏  完成  日J=69.44 周J=110.8 月J=18.05 价=1.19 涨=0.17%  PE=None(None%) PB=None(None%)
2026-08-11 17:36:09  [ 34] 159928 消费ETF汇添富  完成  日J=39.8 周J=101.03 月J=34.98 价=0.68 涨=-1.45%  PE=20.52(23.29%) PB=3.64(5.68%)
2026-08-11 17:36:11  [ 35] 159206 卫星ETF永赢  完成  日J=99.85 周J=29.11 月J=5.58 价=1.4 涨=-3.51%  PE=None(None%) PB=None(None%)
2026-08-11 17:36:12  [ 36] 159870 化工ETF鹏华  完成  日J=80.35 周J=54.41 月J=21.12 价=0.82 涨=-2.73%  PE=23.07(61.82%) PB=None(None%)
2026-08-11 17:36:15  [ 37] 512070 证券保险ETF易方达  完成  日J=-7.47 周J=64.47 月J=11.58 价=0.79 涨=-1.0%  PE=9.69(1.88%) PB=None(None%)
2026-08-11 17:36:17  [ 38] 512690 酒ETF鹏华  完成  日J=42.52 周J=101.11 月J=29.07 价=0.44 涨=-1.12%  PE=19.96(21.48%) PB=None(None%)
2026-08-11 17:36:18  [ 39] 515220 煤炭ETF国泰  完成  日J=96.83 周J=82.61 月J=39.95 价=1.26 涨=-0.16%  PE=18.61(86.96%) PB=1.76(96.2%)
2026-08-11 17:36:19  [ 40] 513630 港股低波红利ETF摩根  完成  日J=11.97 周J=79.12 月J=33.31 价=1.58 涨=0.0%  PE=None(None%) PB=None(None%)
2026-08-11 17:36:21  [ 41] 512760 芯片ETF国泰  完成  日J=104.47 周J=5.68 月J=40.63 价=1.14 涨=-1.3%  PE=93.44(84.61%) PB=None(None%)
2026-08-11 17:36:22  [ 42] 159611 电力ETF广发  完成  日J=41.34 周J=44.55 月J=15.65 价=1.07 涨=0.47%  PE=15.62(69.1%) PB=None(None%)
2026-08-11 17:36:24  [ 43] 512800 银行ETF华宝  完成  日J=-3.11 周J=77.43 月J=65.95 价=0.8 涨=-0.37%  PE=6.6(67.52%) PB=0.66(35.96%)
2026-08-11 17:36:25  [ 44] 516650 有色金属ETF华夏  完成  日J=80.73 周J=74.22 月J=4.57 价=1.87 涨=-4.68%  PE=20.64(27.99%) PB=None(None%)
2026-08-11 17:36:26  [ 45] 560860 工业有色ETF万家  完成  日J=84.95 周J=55.45 月J=13.42 价=1.65 涨=-4.62%  PE=65.02(41.42%) PB=None(None%)
2026-08-11 17:36:28  [ 46] 159852 软件ETF嘉实  完成  日J=72.98 周J=89.62 月J=5.46 价=0.73 涨=-0.27%  PE=58.47(54.9%) PB=None(None%)
2026-08-11 17:36:29  [ 47] 159869 游戏ETF华夏  完成  日J=75.92 周J=94.82 月J=3.31 价=1.13 涨=-1.73%  PE=20.58(20.95%) PB=None(None%)
2026-08-11 17:36:31  [ 48] 159755 电池ETF广发  完成  日J=96.96 周J=32.56 月J=6.52 价=0.98 涨=-0.71%  PE=26.0(38.16%) PB=3.55(52.28%)
2026-08-11 17:36:32  [ 49] 563300 中证2000ETF华泰柏瑞  完成  日J=107.58 周J=42.21 月J=29.88 价=1.41 涨=-0.21%  PE=39.97(69.05%) PB=None(None%)
2026-08-11 17:36:34  [ 50] 512710 军工龙头ETF富国  完成  日J=75.42 周J=42.18 月J=-8.3 价=0.62 涨=-3.13%  PE=None(None%) PB=None(None%)
2026-08-11 17:36:35  [ 51] 159307 红利低波100ETF博时  完成  日J=2.87 周J=85.11 月J=56.8 价=1.03 涨=-0.19%  PE=8.58(76.78%) PB=None(None%)
2026-08-11 17:36:36  [ 52] 159363 创业板人工智能ETF华宝  完成  日J=100.94 周J=25.4 月J=42.29 价=1.23 涨=1.07%  PE=None(None%) PB=None(None%)
2026-08-11 17:36:37  [ 53] 516150 稀土ETF嘉实  完成  日J=79.95 周J=31.59 月J=14.77 价=1.79 涨=-2.46%  PE=31.4(36.32%) PB=None(None%)
2026-08-11 17:36:39  [ 54] 512660 军工ETF国泰  完成  日J=94.0 周J=40.43 月J=-1.25 价=1.15 涨=-2.05%  PE=48.16(18.95%) PB=3.43(64.92%)
2026-08-11 17:36:40  [ 55] 159263 价值ETF易方达  完成  日J=14.19 周J=98.14 月J=49.87 价=1.15 涨=-0.26%  PE=None(None%) PB=None(None%)
2026-08-11 17:36:41  [ 56] 159851 金融科技ETF华宝  完成  日J=66.56 周J=65.77 月J=4.52 价=0.64 涨=-0.47%  PE=33.72(14.51%) PB=None(None%)
2026-08-11 17:36:42  [ 57] 159865 养殖ETF国泰  完成  日J=81.04 周J=106.17 月J=21.82 价=0.54 涨=-1.28%  PE=23.51(55.8%) PB=None(None%)
2026-08-11 17:36:44  [ 58] 515980 人工智能ETF华富  完成  日J=91.32 周J=17.45 月J=42.59 价=1.05 涨=0.0%  PE=53.09(85.66%) PB=None(None%)
2026-08-11 17:36:46  [ 59] 512950 央企改革ETF华夏  完成  日J=93.6 周J=43.37 月J=37.89 价=1.52 涨=-0.65%  PE=15.86(84.11%) PB=None(None%)
2026-08-11 17:36:47  [ 60] 159796 电池ETF汇添富  完成  日J=99.86 周J=29.72 月J=12.1 价=0.89 涨=0.8%  PE=None(None%) PB=None(None%)
2026-08-11 17:36:49  [ 61] 159967 创业板成长ETF华夏  完成  日J=99.4 周J=14.73 月J=37.33 价=0.8 涨=0.25%  PE=None(None%) PB=None(None%)
2026-08-11 17:36:49  全部完成，结果已写入 C:\Users\hailo\Desktop\每周自动指标\output_etf\2026-08-11\metrics_2026-08-11.csv
2026-08-11 17:36:49  步骤2完成 -> C:\Users\hailo\Desktop\每周自动指标\output_etf\2026-08-11\metrics_2026-08-11.csv
2026-08-11 17:36:49  步骤3: 生成 HTML 总结报告...
2026-08-11 17:36:49  步骤3完成 -> C:\Users\hailo\Desktop\每周自动指标\output_etf\2026-08-11\report_2026-08-11.html
2026-08-11 17:36:49  步骤4: 发送邮件报告...
2026-08-11 17:36:53  步骤4完成: 邮件已发送
2026-08-11 17:36:53  ===== 全部完成 2026-08-11 =====
2026-08-11 19:00:10  今日(2026-08-11)已完成，跳过。结果目录: C:\Users\hailo\Desktop\每周自动指标\output_etf\2026-08-11
