2026-08-20 17:28:13  ===== 开始每日ETF指标任务 2026-08-20 =====
2026-08-20 17:28:13  步骤1: 获取场内规模前100的ETF...
[  1] 510300 沪深300ETF华泰柏瑞  规模=1072.24亿  跟踪=沪深300指数  主题=沪深300
[  2] 588000 科创50ETF华夏  规模=820.21亿  跟踪=上证科创板50成份指数  主题=科创板
[  3] 512880 证券ETF国泰  规模=628.68亿  跟踪=中证全指证券公司指数  主题=证券
[  4] 159915 创业板ETF易方达  规模=601.06亿  跟踪=创业板指数(价格)  主题=创业板
[  5] 510310 沪深300ETF易方达  规模=511.3亿  跟踪=沪深300指数  主题=沪深300
[  6] 588200 科创芯片ETF嘉实  规模=491.2亿  跟踪=上证科创板芯片指数  主题=半导体
[  7] 159516 半导体设备ETF国泰  规模=421.87亿  跟踪=中证半导体材料设备主题指数  主题=半导体
[  8] 510330 沪深300ETF华夏  规模=414.08亿  跟踪=沪深300指数  主题=沪深300
[  9] 563360 A500ETF华泰柏瑞  规模=413.04亿  跟踪=中证A500指数  主题=中证A500
[ 10] 510500 中证500ETF南方  规模=404.3亿  跟踪=中证500指数  主题=中证500
[ 11] 515880 通信ETF国泰  规模=398.12亿  跟踪=中证全指通信设备指数  主题=通信
[ 12] 588170 科创半导体ETF华夏  规模=397.87亿  跟踪=上证科创板半导体材料设备主题指数  主题=半导体
[ 13] 588080 科创50ETF易方达  规模=395.55亿  跟踪=上证科创板50成份指数  主题=科创板
[ 14] 512000 券商ETF华宝  规模=383.22亿  跟踪=中证全指证券公司指数  主题=证券
[ 15] 159352 A500ETF南方  规模=345.92亿  跟踪=中证A500指数  主题=中证A500
[ 16] 512890 红利低波ETF华泰柏瑞  规模=330.77亿  跟踪=中证红利低波动指数  主题=红利
[ 17] 159919 沪深300ETF嘉实  规模=299.79亿  跟踪=沪深300指数  主题=沪深300
[ 18] 159361 A500ETF易方达  规模=281.89亿  跟踪=中证A500指数  主题=中证A500
[ 19] 159995 芯片ETF华夏  规模=267.56亿  跟踪=国证半导体芯片指数  主题=半导体
[ 20] 512170 医疗ETF华宝  规模=262.66亿  跟踪=中证医疗指数  主题=医药
[ 21] 159338 中证A500ETF国泰  规模=261.66亿  跟踪=中证A500指数  主题=中证A500
[ 22] 512400 有色金属ETF南方  规模=249.2亿  跟踪=有色金属  主题=有色金属
[ 23] 159949 创业板50ETF华安  规模=243.39亿  跟踪=创业板50指数  主题=创业板
[ 24] 510880 红利ETF华泰柏瑞  规模=210.13亿  跟踪=上证红利指数  主题=红利
[ 25] 159326 电网设备ETF华夏  规模=210.01亿  跟踪=中证电网设备主题指数  主题=其他
[ 26] 510050 上证50ETF华夏  规模=206.77亿  跟踪=上证50指数  主题=上证50
[ 27] 512100 中证1000ETF南方  规模=205.38亿  跟踪=中证1000指数  主题=中证1000
[ 28] 512050 A500ETF华夏  规模=204.45亿  跟踪=中证A500指数  主题=中证A500
[ 29] 159558 半导体设备ETF易方达  规模=203.89亿  跟踪=中证半导体材料设备主题指数  主题=半导体
[ 30] 159819 人工智能ETF易方达  规模=201.36亿  跟踪=中证人工智能主题指数  主题=人工智能
[ 31] 515450 红利低波50ETF南方  规模=199.68亿  跟踪=标普中国A股大盘红利低波50指数  主题=红利
[ 32] 512480 半导体ETF国联安  规模=192.03亿  跟踪=中证全指半导体产品与设备指数  主题=半导体
[ 33] 515180 红利ETF易方达  规模=185.38亿  跟踪=中证红利指数  主题=红利
[ 34] 159992 创新药ETF银华  规模=182.94亿  跟踪=中证创新药产业指数  主题=医药
[ 35] 510180 上证180ETF华安  规模=174.4亿  跟踪=上证180指数  主题=上证180
[ 36] 515050 通信ETF华夏  规模=173.96亿  跟踪=中证5G通信主题指数  主题=通信
[ 37] 562500 机器人ETF华夏  规模=172.51亿  跟踪=中证机器人指数  主题=机器人
[ 38] 159781 科创创业ETF易方达  规模=172.12亿  跟踪=中证科创创业50指数  主题=科创板
[ 39] 159530 机器人ETF易方达  规模=169.07亿  跟踪=国证机器人产业指数  主题=机器人
[ 40] 517520 黄金股ETF永赢  规模=168.42亿  跟踪=中证沪深港黄金产业股票指数  主题=黄金
[ 41] 159201 自由现金流ETF华夏  规模=165.76亿  跟踪=国证自由现金流指数  主题=货币市场
[ 42] 512010 医药ETF易方达  规模=163.6亿  跟踪=沪深300医药卫生指数  主题=医药
[ 43] 159928 消费ETF汇添富  规模=156.35亿  跟踪=中证主要消费指数  主题=消费
[ 44] 510210 上证指数ETF富国  规模=152.71亿  跟踪=上证综合指数  主题=其他
[ 45] 515220 煤炭ETF国泰  规模=143.44亿  跟踪=中证煤炭指数  主题=煤炭
[ 46] 512070 证券保险ETF易方达  规模=142.89亿  跟踪=沪深300非银行金融指数  主题=证券
[ 47] 159206 卫星ETF永赢  规模=139.23亿  跟踪=国证商用卫星通信产业指数  主题=通信
[ 48] 512690 酒ETF鹏华  规模=137.58亿  跟踪=中证酒指数  主题=白酒
[ 49] 159870 化工ETF鹏华  规模=137.07亿  跟踪=细分化工  主题=化工
[ 50] 560780 半导体设备ETF广发  规模=129.39亿  跟踪=中证半导体材料设备主题指数  主题=半导体
[ 51] 563020 红利低波ETF易方达  规模=127.2亿  跟踪=中证红利低波动指数  主题=红利
[ 52] 515120 创新药ETF广发  规模=122.06亿  跟踪=中证创新药产业指数  主题=医药
[ 53] 513630 港股低波红利ETF摩根  规模=118.9亿  跟踪=标普港股通低波红利指数  主题=红利
[ 54] 159841 证券ETF天弘  规模=118.45亿  跟踪=中证全指证券公司指数  主题=证券
[ 55] 515080 中证红利ETF招商  规模=118.26亿  跟踪=中证红利指数  主题=红利
[ 56] 159952 创业板ETF广发  规模=111.11亿  跟踪=创业板指数(价格)  主题=创业板
[ 57] 588710 科创半导体设备ETF华泰柏瑞  规模=111.02亿  跟踪=上证科创板半导体材料设备主题指数  主题=半导体
[ 58] 563800 A500ETF广发  规模=108.95亿  跟踪=中证A500指数  主题=中证A500
[ 59] 588050 科创50ETF工银  规模=104.6亿  跟踪=上证科创板50成份指数  主题=科创板
[ 60] 512760 芯片ETF国泰  规模=101.1亿  跟踪=中华交易服务半导体芯片行业人民币指数  主题=半导体
[ 61] 159611 电力ETF广发  规模=100.58亿  跟踪=中证全指电力公用事业指数  主题=电力
[ 62] 512800 银行ETF华宝  规模=98.06亿  跟踪=中证银行指数  主题=银行
[ 63] 516650 有色金属ETF华夏  规模=97.71亿  跟踪=细分有色  主题=有色金属
[ 64] 159842 券商ETF银华  规模=94.37亿  跟踪=中证全指证券公司指数  主题=证券
[ 65] 159852 软件ETF嘉实  规模=92.48亿  跟踪=中证软件服务指数  主题=计算机
[ 66] 560860 工业有色ETF万家  规模=90.98亿  跟踪=中证工业有色金属主题指数  主题=有色金属
[ 67] 159869 游戏ETF华夏  规模=88.37亿  跟踪=中证动漫游戏指数  主题=传媒
[ 68] 562590 半导体设备ETF华夏  规模=87.48亿  跟踪=中证半导体材料设备主题指数  主题=半导体
[ 69] 159922 中证500ETF嘉实  规模=87.3亿  跟踪=中证500指数  主题=中证500
[ 70] 159351 A500ETF嘉实  规模=85.83亿  跟踪=中证A500指数  主题=中证A500
[ 71] 515330 沪深300ETF天弘  规模=82.63亿  跟踪=沪深300指数  主题=沪深300
[ 72] 563220 A500ETF富国  规模=82.06亿  跟踪=中证A500指数  主题=中证A500
[ 73] 512500 中证500ETF华夏  规模=81.74亿  跟踪=中证500指数  主题=中证500
[ 74] 159755 电池ETF广发  规模=81.52亿  跟踪=国证新能源车电池指数  主题=新能源
[ 75] 515070 人工智能ETF华夏  规模=79.81亿  跟踪=中证人工智能主题指数  主题=人工智能
[ 76] 512900 证券ETF南方  规模=79.03亿  跟踪=中证全指证券公司指数  主题=证券
[ 77] 159845 中证1000ETF华夏  规模=75.19亿  跟踪=中证1000指数  主题=中证1000
[ 78] 588750 科创芯片ETF汇添富  规模=73.37亿  跟踪=上证科创板芯片指数  主题=半导体
[ 79] 159307 红利低波100ETF博时  规模=73.3亿  跟踪=中证红利低波动100指数  主题=红利
[ 80] 588060 科创50ETF广发  规模=71.03亿  跟踪=上证科创板50成份指数  主题=科创板
[ 81] 512710 军工龙头ETF富国  规模=69.12亿  跟踪=中证军工龙头指数  主题=军工
[ 82] 159363 创业板人工智能ETF华宝  规模=68.12亿  跟踪=创业板人工智能指数  主题=人工智能
[ 83] 516150 稀土ETF嘉实  规模=67.44亿  跟踪=中证稀土产业指数  主题=有色金属
[ 84] 159157 有色金属ETF天弘  规模=66.51亿  跟踪=中证工业有色金属主题指数  主题=有色金属
[ 85] 563300 中证2000ETF华泰柏瑞  规模=66.47亿  跟踪=中证2000指数  主题=中证2000
[ 86] 159263 价值ETF易方达  规模=66.38亿  跟踪=国证价值100指数  主题=价值
[ 87] 159865 养殖ETF国泰  规模=65.96亿  跟踪=中证畜牧养殖指数  主题=农业
[ 88] 512660 军工ETF国泰  规模=63.88亿  跟踪=中证军工指数  主题=军工
[ 89] 159977 创业板ETF天弘  规模=63.8亿  跟踪=创业板指数(价格)  主题=创业板
[ 90] 588220 科创100ETF鹏华  规模=63.04亿  跟踪=上证科创板100指数  主题=科创板
[ 91] 159813 半导体ETF鹏华  规模=62.85亿  跟踪=国证半导体芯片指数  主题=半导体
[ 92] 159562 黄金股ETF华夏  规模=61.98亿  跟踪=中证沪深港黄金产业股票指数  主题=黄金
[ 93] 560610 A500ETF招商  规模=61.79亿  跟踪=中证A500指数  主题=中证A500
[ 94] 512950 央企改革ETF华夏  规模=60.53亿  跟踪=中证央企结构调整指数  主题=央企国企
[ 95] 515980 人工智能ETF华富  规模=60.14亿  跟踪=中证人工智能产业指数  主题=人工智能
[ 96] 159770 机器人ETF天弘  规模=60.08亿  跟踪=中证机器人指数  主题=机器人
[ 97] 159851 金融科技ETF华宝  规模=59.99亿  跟踪=中证金融科技主题指数  主题=其他
[ 98] 560010 中证1000ETF广发  规模=58.59亿  跟踪=中证1000指数  主题=中证1000
[ 99] 159549 红利低波ETF天弘  规模=58.0亿  跟踪=中证红利低波动100指数  主题=红利
[100] 159796 电池ETF汇添富  规模=57.61亿  跟踪=中证电池主题指数  主题=新能源
2026-08-20 17:29:02  步骤1完成 -> C:\Users\hailo\Desktop\每周自动指标\output_etf\2026-08-20\etf_list_2026-08-20.csv
2026-08-20 17:29:02  步骤2: 计算 KDJ-J(日/周/月)...
2026-08-20 17:29:10  [  1] 510300 沪深300ETF华泰柏瑞  完成  日J=7.63 周J=19.03 月J=29.46 价=4.65 涨=-0.09%  PE=14.29(74.9%) PB=1.45(48.08%)
2026-08-20 17:29:11  [  2] 588000 科创50ETF华夏  完成  日J=3.1 周J=2.65 月J=37.55 价=1.74 涨=-1.19%  PE=78.51(85.03%) PB=7.79(92.29%)
2026-08-20 17:29:13  [  3] 512880 证券ETF国泰  完成  日J=-0.12 周J=12.76 月J=24.54 价=1.06 涨=0.09%  PE=14.76(8.18%) PB=1.26(13.56%)
2026-08-20 17:29:14  [  4] 159915 创业板ETF易方达  完成  日J=3.39 周J=23.71 月J=29.59 价=3.51 涨=0.34%  PE=42.05(47.12%) PB=5.75(67.8%)
2026-08-20 17:29:15  [  5] 588200 科创芯片ETF嘉实  完成  日J=4.48 周J=7.67 月J=42.46 价=1.17 涨=-0.59%  PE=121.04(80.45%) PB=None(None%)
2026-08-20 17:29:17  [  6] 159516 半导体设备ETF国泰  完成  日J=14.96 周J=16.85 月J=51.26 价=0.73 涨=-0.82%  PE=114.69(95.98%) PB=None(None%)
2026-08-20 17:29:18  [  7] 563360 A500ETF华泰柏瑞  完成  日J=2.38 周J=23.22 月J=28.7 价=1.28 涨=0.23%  PE=16.26(73.58%) PB=None(None%)
2026-08-20 17:29:20  [  8] 510500 中证500ETF南方  完成  日J=6.76 周J=29.81 月J=35.35 价=7.86 涨=0.72%  PE=27.67(71.69%) PB=2.46(78.76%)
2026-08-20 17:29:21  [  9] 515880 通信ETF国泰  完成  日J=28.11 周J=23.33 月J=33.49 价=0.66 涨=1.23%  PE=48.21(90.58%) PB=None(None%)
2026-08-20 17:29:23  [ 10] 588170 科创半导体ETF华夏  完成  日J=24.7 周J=17.69 月J=52.21 价=1.02 涨=-0.2%  PE=43.5(82.87%) PB=None(None%)
2026-08-20 17:29:25  [ 11] 512890 红利低波ETF华泰柏瑞  完成  日J=112.08 周J=88.28 月J=71.16 价=1.18 涨=0.43%  PE=7.86(71.35%) PB=0.86(60.68%)
2026-08-20 17:29:26  [ 12] 159995 芯片ETF华夏  完成  日J=3.29 周J=4.12 月J=33.99 价=1.15 涨=-1.12%  PE=None(None%) PB=None(None%)
2026-08-20 17:29:27  [ 13] 512170 医疗ETF华宝  完成  日J=54.28 周J=105.15 月J=51.83 价=0.36 涨=4.65%  PE=29.37(29.76%) PB=3.57(15.56%)
2026-08-20 17:29:29  [ 14] 512400 有色金属ETF南方  完成  日J=2.03 周J=60.79 月J=5.3 价=1.88 涨=0.86%  PE=15.97(85.99%) PB=None(None%)
2026-08-20 17:29:30  [ 15] 159949 创业板50ETF华安  完成  日J=2.36 周J=20.93 月J=23.48 价=1.64 涨=0.18%  PE=None(None%) PB=None(None%)
2026-08-20 17:29:32  [ 16] 510880 红利ETF华泰柏瑞  完成  日J=93.66 周J=111.49 月J=81.98 价=3.38 涨=0.6%  PE=8.71(78.03%) PB=0.86(62.2%)
2026-08-20 17:29:33  [ 17] 159326 电网设备ETF华夏  完成  日J=1.61 周J=20.53 月J=23.72 价=1.67 涨=0.72%  PE=12.63(85.19%) PB=None(None%)
2026-08-20 17:29:35  [ 18] 510050 上证50ETF华夏  完成  日J=3.14 周J=42.42 月J=28.46 价=2.99 涨=-0.3%  PE=11.61(79.39%) PB=1.25(57.84%)
2026-08-20 17:29:36  [ 19] 512100 中证1000ETF南方  完成  日J=7.08 周J=39.55 月J=24.04 价=3.07 涨=0.72%  PE=31.8(68.31%) PB=2.41(46.04%)
2026-08-20 17:29:38  [ 20] 159819 人工智能ETF易方达  完成  日J=2.09 周J=9.28 月J=35.29 价=1.73 涨=-0.52%  PE=47.85(60.69%) PB=None(None%)
2026-08-20 17:29:39  [ 21] 515450 红利低波50ETF南方  完成  日J=92.5 周J=73.95 月J=68.14 价=1.41 涨=0.36%  PE=8.47(78.68%) PB=0.86(60.68%)
2026-08-20 17:29:40  [ 22] 512480 半导体ETF国联安  完成  日J=3.46 周J=6.6 月J=37.78 价=1.04 涨=-0.48%  PE=90.7(87.12%) PB=None(None%)
2026-08-20 17:29:42  [ 23] 515180 红利ETF易方达  完成  日J=78.67 周J=110.99 月J=56.16 价=1.43 涨=0.21%  PE=8.48(59.44%) PB=0.84(48.84%)
2026-08-20 17:29:43  [ 24] 159992 创新药ETF银华  完成  日J=62.3 周J=102.8 月J=85.57 价=0.94 涨=4.24%  PE=30.44(43.4%) PB=None(None%)
2026-08-20 17:29:45  [ 25] 510180 上证180ETF华安  完成  日J=3.33 周J=42.81 月J=26.42 价=3.95 涨=-0.05%  PE=12.11(68.34%) PB=1.23(43.28%)
2026-08-20 17:29:47  [ 26] 515050 通信ETF华夏  完成  日J=16.63 周J=21.23 月J=37.37 价=1.02 涨=0.79%  PE=48.13(91.69%) PB=None(None%)
2026-08-20 17:29:48  [ 27] 562500 机器人ETF华夏  完成  日J=-5.42 周J=15.12 月J=11.26 价=0.95 涨=-0.42%  PE=52.59(51.83%) PB=None(None%)
2026-08-20 17:29:50  [ 28] 159781 科创创业ETF易方达  完成  日J=6.77 周J=7.99 月J=32.88 价=1.09 涨=-0.64%  PE=43.23(61.11%) PB=None(None%)
2026-08-20 17:29:51  [ 29] 159530 机器人ETF易方达  完成  日J=-5.79 周J=13.41 月J=8.05 价=1.32 涨=-1.27%  PE=None(None%) PB=None(None%)
2026-08-20 17:29:52  [ 30] 517520 黄金股ETF永赢  完成  日J=65.77 周J=105.78 月J=11.53 价=2.17 涨=5.08%  PE=21.4(51.62%) PB=None(None%)
2026-08-20 17:29:54  [ 31] 159201 自由现金流ETF华夏  完成  日J=49.79 周J=109.37 月J=17.42 价=1.18 涨=0.77%  PE=None(None%) PB=None(None%)
2026-08-20 17:29:56  [ 32] 512010 医药ETF易方达  完成  日J=43.09 周J=99.75 月J=77.69 价=0.4 涨=1.01%  PE=24.3(7.51%) PB=None(None%)
2026-08-20 17:29:57  [ 33] 159928 消费ETF汇添富  完成  日J=19.13 周J=89.63 月J=31.73 价=0.67 涨=0.9%  PE=19.83(19.41%) PB=3.46(1.96%)
2026-08-20 17:30:00  [ 34] 510210 上证指数ETF富国  完成  日J=22.18 周J=56.27 月J=24.93 价=1.0 涨=0.3%  PE=15.26(71.97%) PB=None(None%)
2026-08-20 17:30:01  [ 35] 515220 煤炭ETF国泰  完成  日J=70.34 周J=101.49 月J=41.74 价=1.27 涨=-0.24%  PE=18.88(87.55%) PB=1.79(97.24%)
2026-08-20 17:30:02  [ 36] 512070 证券保险ETF易方达  完成  日J=-2.67 周J=34.07 月J=5.57 价=0.77 涨=-0.39%  PE=9.4(0.92%) PB=None(None%)
2026-08-20 17:30:04  [ 37] 159206 卫星ETF永赢  完成  日J=-7.41 周J=26.98 月J=1.05 价=1.34 涨=-2.26%  PE=None(None%) PB=None(None%)
2026-08-20 17:30:05  [ 38] 512690 酒ETF鹏华  完成  日J=-0.44 周J=91.16 月J=25.37 价=0.43 涨=1.18%  PE=19.23(16.41%) PB=None(None%)
2026-08-20 17:30:07  [ 39] 159870 化工ETF鹏华  完成  日J=3.34 周J=49.16 月J=17.57 价=0.81 涨=0.62%  PE=22.19(56.59%) PB=None(None%)
2026-08-20 17:30:08  [ 40] 513630 港股低波红利ETF摩根  完成  日J=109.13 周J=84.42 月J=38.61 价=1.6 涨=0.95%  PE=None(None%) PB=None(None%)
2026-08-20 17:30:10  [ 41] 512760 芯片ETF国泰  完成  日J=3.44 周J=4.27 月J=37.1 价=1.1 涨=-0.81%  PE=89.15(75.38%) PB=None(None%)
2026-08-20 17:30:11  [ 42] 159611 电力ETF广发  完成  日J=-3.09 周J=32.77 月J=4.0 价=1.03 涨=0.1%  PE=15.97(70.87%) PB=None(None%)
2026-08-20 17:30:13  [ 43] 512800 银行ETF华宝  完成  日J=114.06 周J=84.38 月J=79.03 价=0.82 涨=0.61%  PE=6.79(76.96%) PB=0.68(43.16%)
2026-08-20 17:30:15  [ 44] 516650 有色金属ETF华夏  完成  日J=9.56 周J=70.47 月J=3.13 价=1.85 涨=1.37%  PE=19.12(24.93%) PB=None(None%)
2026-08-20 17:30:16  [ 45] 159852 软件ETF嘉实  完成  日J=-9.42 周J=60.2 月J=-2.35 价=0.68 涨=0.15%  PE=54.57(47.72%) PB=None(None%)
2026-08-20 17:30:18  [ 46] 560860 工业有色ETF万家  完成  日J=-6.83 周J=47.19 月J=7.9 价=1.59 涨=-0.19%  PE=60.82(28.07%) PB=None(None%)
2026-08-20 17:30:19  [ 47] 159869 游戏ETF华夏  完成  日J=-10.98 周J=79.65 月J=-2.03 价=1.08 涨=0.93%  PE=19.28(13.17%) PB=None(None%)
2026-08-20 17:30:21  [ 48] 159755 电池ETF广发  完成  日J=-6.25 周J=27.62 月J=-0.19 价=0.95 涨=-0.53%  PE=25.05(36.84%) PB=3.44(47.88%)
2026-08-20 17:30:22  [ 49] 159307 红利低波100ETF博时  完成  日J=63.23 周J=78.71 月J=56.8 价=1.03 涨=0.59%  PE=8.7(79.48%) PB=None(None%)
2026-08-20 17:30:24  [ 50] 512710 军工龙头ETF富国  完成  日J=-9.63 周J=33.06 月J=-12.09 价=0.6 涨=-1.15%  PE=None(None%) PB=None(None%)
2026-08-20 17:30:25  [ 51] 159363 创业板人工智能ETF华宝  完成  日J=23.8 周J=37.0 月J=43.37 价=1.24 涨=1.39%  PE=None(None%) PB=None(None%)
2026-08-20 17:30:26  [ 52] 516150 稀土ETF嘉实  完成  日J=-5.59 周J=31.98 月J=9.78 价=1.74 涨=-1.53%  PE=30.19(34.23%) PB=None(None%)
2026-08-20 17:30:28  [ 53] 563300 中证2000ETF华泰柏瑞  完成  日J=18.19 周J=49.99 月J=28.46 价=1.41 涨=1.3%  PE=39.02(67.03%) PB=None(None%)
2026-08-20 17:30:29  [ 54] 159263 价值ETF易方达  完成  日J=69.85 周J=93.79 月J=50.92 价=1.15 涨=0.09%  PE=None(None%) PB=None(None%)
2026-08-20 17:30:31  [ 55] 159865 养殖ETF国泰  完成  日J=47.91 周J=104.49 月J=21.44 价=0.54 涨=1.88%  PE=22.74(52.6%) PB=None(None%)
2026-08-20 17:30:32  [ 56] 512660 军工ETF国泰  完成  日J=-6.75 周J=30.75 月J=-7.36 价=1.1 涨=-0.99%  PE=45.72(13.09%) PB=3.24(52.4%)
2026-08-20 17:30:33  [ 57] 588220 科创100ETF鹏华  完成  日J=34.03 周J=33.95 月J=45.3 价=1.82 涨=2.18%  PE=None(None%) PB=None(None%)
2026-08-20 17:30:35  [ 58] 512950 央企改革ETF华夏  完成  日J=1.53 周J=35.74 月J=31.05 价=1.5 涨=-0.33%  PE=15.75(82.91%) PB=None(None%)
2026-08-20 17:30:36  [ 59] 515980 人工智能ETF华富  完成  日J=1.38 周J=15.24 月J=36.47 价=1.01 涨=-0.39%  PE=51.28(82.1%) PB=None(None%)
2026-08-20 17:30:38  [ 60] 159851 金融科技ETF华宝  完成  日J=-10.59 周J=45.36 月J=-2.56 价=0.6 涨=0.67%  PE=31.44(5.9%) PB=None(None%)
2026-08-20 17:30:40  [ 61] 159796 电池ETF汇添富  完成  日J=4.49 周J=28.7 月J=6.63 价=0.86 涨=-0.92%  PE=None(None%) PB=None(None%)
2026-08-20 17:30:40  全部完成，结果已写入 C:\Users\hailo\Desktop\每周自动指标\output_etf\2026-08-20\metrics_2026-08-20.csv
2026-08-20 17:30:40  步骤2完成 -> C:\Users\hailo\Desktop\每周自动指标\output_etf\2026-08-20\metrics_2026-08-20.csv
2026-08-20 17:30:40  步骤3: 生成 HTML 总结报告...
2026-08-20 17:30:40  步骤3完成 -> C:\Users\hailo\Desktop\每周自动指标\output_etf\2026-08-20\report_2026-08-20.html
2026-08-20 17:30:40  步骤4: 发送邮件报告...
2026-08-20 17:30:41  步骤4完成: 邮件已发送
2026-08-20 17:30:41  ===== 全部完成 2026-08-20 =====
2026-08-20 19:00:13  今日(2026-08-20)已完成，跳过。结果目录: C:\Users\hailo\Desktop\每周自动指标\output_etf\2026-08-20
