2026-08-06 20:48:03  ===== 开始每日指标任务 2026-08-06 =====
2026-08-06 20:48:03  步骤1: 获取 A股市值前100…
2026-08-06 20:48:04  步骤1完成 -> C:\Users\hailo\Desktop\每周自动指标\output\2026-08-06\top100_2026-08-06.csv
2026-08-06 20:48:04  步骤2: 计算 KDJ-J(日/周/月) 及 PE/PB 历史分位…
2026-08-06 20:48:07  [  1] 688825 长鑫科技  完成  日J=65.23 周J=None 月J=None 价=51.96 涨=-4.31%  PE=123.25(33.33%) PB=42.52(33.33%)
2026-08-06 20:48:08  [  2] 601398 工商银行  完成  日J=-8.45 周J=73.78 月J=65.87 价=7.57 涨=0.66%  PE=7.27(88.2%) PB=0.68(53.76%)
2026-08-06 20:48:10  [  3] 601939 建设银行  完成  日J=-4.07 周J=71.22 月J=78.85 价=10.11 涨=1.51%  PE=7.74(95.35%) PB=0.75(67.53%)
2026-08-06 20:48:11  [  4] 601288 农业银行  完成  日J=-11.82 周J=77.57 月J=23.04 价=6.5 涨=0.31%  PE=7.73(89.4%) PB=0.8(76.12%)
2026-08-06 20:48:13  [  5] 600941 中国移动  完成  日J=30.53 周J=95.03 月J=55.77 价=96.45 涨=0.48%  PE=15.4(41.94%) PB=1.47(32.22%)
2026-08-06 20:48:14  [  6] 601857 中国石油  完成  日J=14.32 周J=106.79 月J=29.82 价=10.68 涨=0.47%  PE=12.36(54.24%) PB=1.2(85.56%)
2026-08-06 20:48:16  [  7] 601988 中国银行  完成  日J=-4.21 周J=67.66 月J=75.8 价=5.79 涨=1.05%  PE=7.61(92.81%) PB=0.68(74.53%)
2026-08-06 20:48:17  [  8] 300750 宁德时代  完成  日J=38.85 周J=65.33 月J=36.65 价=388.0 涨=-4.24%  PE=21.12(15.2%) PB=4.73(28.74%)
2026-08-06 20:48:19  [  9] 600519 贵州茅台  完成  日J=24.67 周J=101.49 月J=41.5 价=1308.55 涨=0.16%  PE=19.78(4.46%) PB=6.04(2.16%)
2026-08-06 20:48:20  [ 10] 600938 中国海油  完成  日J=19.84 周J=63.16 月J=12.57 价=30.96 涨=0.88%  PE=11.8(88.48%) PB=1.76(69.0%)
2026-08-06 20:48:21  [ 11] 601138 工业富联  完成  日J=107.6 周J=35.14 月J=44.84 价=68.27 涨=3.56%  PE=33.33(91.22%) PB=7.69(95.05%)
2026-08-06 20:48:23  [ 12] 300308 中际旭创  完成  日J=65.04 周J=4.77 月J=44.31 价=955.0 涨=0.77%  PE=74.73(80.38%) PB=31.39(97.46%)
2026-08-06 20:48:24  [ 13] 601628 中国人寿  完成  日J=11.66 周J=78.97 月J=24.22 价=38.15 涨=0.26%  PE=7.45(5.71%) PB=1.8(19.66%)
2026-08-06 20:48:26  [ 14] 688981 中芯国际  完成  日J=29.49 周J=0.45 月J=43.76 价=124.15 涨=-1.04%  PE=210.65(90.07%) PB=7.09(93.2%)
2026-08-06 20:48:27  [ 15] 600036 招商银行  完成  日J=3.92 周J=96.15 月J=64.08 价=38.97 涨=0.08%  PE=6.52(24.65%) PB=0.87(9.11%)
2026-08-06 20:48:28  [ 16] 601318 中国平安  完成  日J=5.59 周J=97.28 月J=11.29 价=53.5 涨=-0.96%  PE=7.3(6.43%) PB=0.95(19.38%)
2026-08-06 20:48:30  [ 17] 601088 中国神华  完成  日J=20.39 周J=65.3 月J=43.05 价=43.97 涨=2.26%  PE=18.49(96.64%) PB=1.98(88.78%)
2026-08-06 20:48:31  [ 18] 601899 紫金矿业  完成  日J=75.23 周J=108.51 月J=30.42 价=34.5 涨=1.17%  PE=14.87(21.44%) PB=4.65(87.05%)
2026-08-06 20:48:33  [ 19] 002594 比亚迪  完成  日J=-4.99 周J=89.52 月J=40.32 价=89.45 涨=-1.51%  PE=29.6(27.91%) PB=3.52(29.11%)
2026-08-06 20:48:34  [ 20] 688256 寒武纪  完成  日J=65.63 周J=3.72 月J=53.02 价=1168.15 涨=2.75%  PE=270.13(82.22%) PB=57.02(92.78%)
2026-08-06 20:48:35  [ 21] 600900 长江电力  完成  日J=-12.43 周J=74.84 月J=81.36 价=27.75 涨=-0.04%  PE=18.82(47.43%) PB=2.98(68.01%)
2026-08-06 20:48:36  [ 22] 688041 海光信息  完成  日J=58.22 周J=12.49 月J=46.48 价=291.05 涨=0.76%  PE=248.16(91.5%) PB=28.79(94.4%)
2026-08-06 20:48:38  [ 23] 000333 美的集团  完成  日J=17.63 周J=90.04 月J=84.27 价=85.32 涨=-0.18%  PE=14.73(53.19%) PB=2.8(42.78%)
2026-08-06 20:48:39  [ 24] 600028 中国石化  完成  日J=3.77 周J=103.29 月J=4.71 价=5.08 涨=2.01%  PE=17.28(85.28%) PB=0.74(33.81%)
2026-08-06 20:48:40  [ 25] 601328 交通银行  完成  日J=-4.76 周J=88.83 月J=67.15 价=6.94 涨=0.14%  PE=6.36(84.99%) PB=0.53(48.3%)
2026-08-06 20:48:43  [ 26] 601658 邮储银行  完成  日J=-8.66 周J=80.27 月J=36.71 价=4.97 涨=0.2%  PE=6.79(58.05%) PB=0.58(6.44%)
2026-08-06 20:48:45  [ 27] 300502 新易盛  完成  日J=60.14 周J=7.72 月J=44.89 价=421.87 涨=-0.57%  PE=54.77(55.92%) PB=28.86(96.16%)
2026-08-06 20:48:46  [ 28] 601728 中国电信  完成  日J=30.01 周J=99.21 月J=56.0 价=6.3 涨=1.12%  PE=18.2(65.53%) PB=1.23(61.7%)
2026-08-06 20:48:47  [ 29] 002371 北方华创  完成  日J=77.76 周J=27.54 月J=56.91 价=742.5 涨=1.13%  PE=96.63(46.86%) PB=13.71(86.28%)
2026-08-06 20:48:49  [ 30] 688347 华虹宏力  完成  日J=36.33 周J=9.66 月J=49.15 价=258.1 涨=2.22%  PE=908.99(80.19%) PB=9.91(95.87%)
2026-08-06 20:48:50  [ 31] 600030 中信证券  完成  日J=10.37 周J=64.68 月J=82.1 价=27.92 涨=-0.92%  PE=12.95(10.65%) PB=1.5(48.25%)
2026-08-06 20:48:54  [ 32] 603993 洛阳钼业  完成  日J=75.56 周J=75.05 月J=19.75 价=20.37 涨=-0.49%  PE=18.04(29.35%) PB=4.9(96.07%)
2026-08-06 20:48:55  [ 33] 002475 立讯精密  完成  日J=21.02 周J=3.77 月J=30.11 价=55.9 涨=0.05%  PE=25.08(31.13%) PB=4.89(36.93%)
2026-08-06 20:48:57  [ 34] 603259 药明康德  完成  日J=90.87 周J=93.46 月J=93.1 价=142.7 涨=-3.25%  PE=19.65(23.0%) PB=5.11(42.51%)
2026-08-06 20:48:58  [ 35] 601998 中信银行  完成  日J=3.32 周J=88.4 月J=43.15 价=7.55 涨=0.0%  PE=5.9(64.56%) PB=0.57(55.54%)
2026-08-06 20:48:59  [ 36] 688235 百济神州  完成  日J=58.21 周J=79.36 月J=51.2 价=269.0 涨=-4.13%  PE=96.9(90.31%) PB=12.56(77.96%)
2026-08-06 20:49:01  [ 37] 601166 兴业银行  完成  日J=12.79 周J=95.84 月J=51.85 价=18.48 涨=0.65%  PE=5.05(38.75%) PB=0.47(8.82%)
2026-08-06 20:49:02  [ 38] 688012 中微公司  完成  日J=50.96 周J=30.68 月J=58.96 价=361.59 涨=1.0%  PE=126.92(69.69%) PB=14.25(77.41%)
2026-08-06 20:49:04  [ 39] 600276 恒瑞医药  完成  日J=11.3 周J=68.11 月J=31.1 价=52.11 涨=-2.67%  PE=42.6(4.17%) PB=5.44(2.73%)
2026-08-06 20:49:05  [ 40] 002384 东山精密  完成  日J=59.24 周J=-2.97 月J=51.98 价=187.68 涨=-0.61%  PE=168.5(96.4%) PB=15.19(97.07%)
2026-08-06 20:49:07  [ 41] 002415 海康威视  完成  日J=71.54 周J=98.66 月J=95.15 价=37.45 涨=-2.58%  PE=20.89(18.85%) PB=4.07(28.73%)
2026-08-06 20:49:08  [ 42] 300059 东方财富  完成  日J=74.56 周J=63.55 月J=31.55 价=20.01 涨=-1.72%  PE=24.15(6.62%) PB=3.31(13.05%)
2026-08-06 20:49:09  [ 43] 601319 中国人保  完成  日J=-2.92 周J=87.78 月J=10.05 价=7.12 涨=-0.97%  PE=7.39(7.85%) PB=0.99(21.78%)
2026-08-06 20:49:11  [ 44] 601211 国泰海通  完成  日J=-13.62 周J=52.4 月J=45.0 价=17.86 涨=-0.78%  PE=14.34(57.7%) PB=0.96(29.93%)
2026-08-06 20:49:12  [ 45] 600000 浦发银行  完成  日J=33.14 周J=94.48 月J=26.29 价=9.29 涨=0.32%  PE=6.15(72.09%) PB=0.41(30.17%)
2026-08-06 20:49:13  [ 46] 600183 生益科技  完成  日J=103.69 周J=3.04 月J=46.27 价=127.25 涨=3.63%  PE=78.68(98.13%) PB=17.24(98.13%)
2026-08-06 20:49:15  [ 47] 601601 中国太保  完成  日J=17.5 周J=102.27 月J=9.16 价=31.67 涨=-1.09%  PE=5.65(1.44%) PB=0.95(10.41%)
2026-08-06 20:49:16  [ 48] 688802 沐曦股份-U  完成  日J=37.28 周J=8.59 月J=58.79 价=722.7 涨=-0.46%  PE=-440.93(31.82%) PB=22.08(60.39%)
2026-08-06 20:49:17  [ 49] 000858 五 粮 液  完成  日J=18.56 周J=77.45 月J=14.69 价=74.48 涨=-1.35%  PE=22.94(32.85%) PB=2.26(0.91%)
2026-08-06 20:49:19  [ 50] 688795 摩尔线程-U  完成  日J=86.8 周J=10.95 月J=24.29 价=586.0 涨=-1.2%  PE=-320.67(39.51%) PB=23.91(26.54%)
2026-08-06 20:49:20  [ 51] 601869 长飞光纤  完成  日J=90.27 周J=-4.73 月J=39.87 价=328.25 涨=5.07%  PE=234.85(94.21%) PB=19.1(96.0%)
2026-08-06 20:49:21  [ 52] 603986 兆易创新  完成  日J=45.47 周J=-13.93 月J=24.92 价=385.0 涨=-0.11%  PE=93.98(49.21%) PB=10.69(70.98%)
2026-08-06 20:49:23  [ 53] 600150 中国船舶  完成  日J=89.75 周J=50.02 月J=35.83 价=34.9 涨=-0.85%  PE=23.23(26.76%) PB=1.76(24.94%)
2026-08-06 20:49:24  [ 54] 688008 澜起科技  完成  日J=41.53 周J=2.86 月J=43.19 价=208.36 涨=-1.72%  PE=99.43(73.79%) PB=12.2(79.7%)
2026-08-06 20:49:25  [ 55] 000338 潍柴动力  完成  日J=88.31 周J=54.74 月J=61.87 价=29.38 涨=-2.78%  PE=22.45(96.26%) PB=2.66(91.56%)
2026-08-06 20:49:27  [ 56] 688820 盛合晶微  完成  日J=74.24 周J=-1.48 月J=25.43 价=136.26 涨=3.06%  PE=257.54(27.03%) PB=17.55(27.03%)
2026-08-06 20:49:28  [ 57] 300408 三环集团  完成  日J=89.73 周J=19.68 月J=60.72 价=127.0 涨=-0.93%  PE=87.76(98.75%) PB=11.27(98.75%)
2026-08-06 20:49:29  [ 58] 601816 京沪高铁  完成  日J=27.87 周J=104.32 月J=85.87 价=5.08 涨=0.2%  PE=18.62(5.98%) PB=1.18(7.87%)
2026-08-06 20:49:31  [ 59] 300476 胜宏科技  完成  日J=100.79 周J=17.59 月J=14.37 价=250.15 涨=5.84%  PE=52.53(85.18%) PB=14.13(90.17%)
2026-08-06 20:49:32  [ 60] 002379 宏桥控股  完成  日J=5.88 周J=87.02 月J=8.31 价=18.86 涨=0.11%  PE=12.47(72.61%) PB=4.7(83.12%)
2026-08-06 20:49:33  [ 61] 300394 天孚通信  完成  日J=118.5 周J=13.76 月J=32.36 价=225.28 涨=3.89%  PE=113.15(95.01%) PB=41.09(95.35%)
2026-08-06 20:49:35  [ 62] 601225 陕西煤业  完成  日J=60.81 周J=77.59 月J=61.78 价=24.88 涨=4.14%  PE=14.92(98.08%) PB=2.36(83.69%)
2026-08-06 20:49:36  [ 63] 002916 深南电路  完成  日J=100.9 周J=8.01 月J=50.53 价=353.99 涨=1.38%  PE=66.34(96.83%) PB=13.33(92.23%)
2026-08-06 20:49:37  [ 64] 600309 万华化学  完成  日J=47.36 周J=96.94 月J=21.24 价=74.97 涨=0.7%  PE=17.83(63.84%) PB=2.11(9.78%)
2026-08-06 20:49:39  [ 65] 601919 中远海控  完成  日J=25.84 周J=110.17 月J=60.88 价=15.37 涨=-0.19%  PE=9.37(58.51%) PB=1.0(31.22%)
2026-08-06 20:49:40  [ 66] 002463 沪电股份  完成  日J=99.68 周J=10.44 月J=51.89 价=117.2 涨=1.38%  PE=52.43(97.27%) PB=13.43(98.03%)
2026-08-06 20:49:42  [ 67] 000651 格力电器  完成  日J=-5.88 周J=88.82 月J=83.6 价=40.25 涨=-0.05%  PE=7.73(26.57%) PB=1.48(4.75%)
2026-08-06 20:49:43  [ 68] 002714 牧原股份  完成  日J=18.73 周J=88.16 月J=26.9 价=38.37 涨=0.03%  PE=22.65(67.34%) PB=2.57(1.63%)
2026-08-06 20:49:45  [ 69] 300274 阳光电源  完成  日J=33.45 周J=0.07 月J=-5.5 价=106.7 涨=-1.43%  PE=18.55(34.0%) PB=4.55(42.54%)
2026-08-06 20:49:46  [ 70] 000725 京东方Ａ  完成  日J=101.36 周J=-3.82 月J=40.9 价=5.96 涨=-0.17%  PE=37.11(57.55%) PB=1.62(73.24%)
2026-08-06 20:49:47  [ 71] 000001 平安银行  完成  日J=25.46 周J=98.85 月J=85.61 价=11.27 涨=0.18%  PE=5.08(29.74%) PB=0.47(8.11%)
2026-08-06 20:49:49  [ 72] 002938 鹏鼎控股  完成  日J=101.61 周J=12.71 月J=59.04 价=93.85 涨=2.98%  PE=58.59(97.91%) PB=6.28(96.07%)
2026-08-06 20:49:50  [ 73] 600919 江苏银行  完成  日J=54.26 周J=104.13 月J=104.98 价=11.75 涨=1.29%  PE=5.97(78.66%) PB=0.82(89.78%)
2026-08-06 20:49:51  [ 74] 688808 联讯仪器  完成  日J=94.45 周J=21.13 月J=53.0 价=2095.01 涨=0.77%  PE=787.22(63.38%) PB=209.62(63.38%)
2026-08-06 20:49:53  [ 75] 603288 海天味业  完成  日J=20.44 周J=92.57 月J=57.13 价=36.55 涨=-1.14%  PE=29.38(2.35%) PB=5.09(2.97%)
2026-08-06 20:49:54  [ 76] 600188 兖矿能源  完成  日J=73.23 周J=42.79 月J=49.97 价=21.27 涨=9.98%  PE=22.35(97.84%) PB=2.79(84.03%)
2026-08-06 20:49:55  [ 77] 002142 宁波银行  完成  日J=15.41 周J=88.03 月J=77.41 价=31.74 涨=0.28%  PE=6.96(30.74%) PB=0.9(27.63%)
2026-08-06 20:49:57  [ 78] 600690 海尔智家  完成  日J=15.39 周J=92.43 月J=28.34 价=22.12 涨=-0.98%  PE=11.08(6.09%) PB=1.66(3.88%)
2026-08-06 20:49:58  [ 79] 601066 中信建投  完成  日J=57.42 周J=15.12 月J=56.04 价=25.95 涨=-0.31%  PE=17.87(8.76%) PB=2.33(20.97%)
2026-08-06 20:50:00  [ 80] 003816 中国广核  完成  日J=-5.11 周J=42.03 月J=19.63 价=3.96 涨=-0.75%  PE=21.09(88.12%) PB=1.59(62.0%)
2026-08-06 20:50:01  [ 81] 688072 拓荆科技  完成  日J=39.76 周J=26.88 月J=58.51 价=682.03 涨=0.61%  PE=120.57(76.22%) PB=27.36(97.03%)
2026-08-06 20:50:02  [ 82] 601336 新华保险  完成  日J=36.25 周J=76.3 月J=8.24 价=62.43 涨=-1.39%  PE=5.28(2.06%) PB=1.58(47.77%)
2026-08-06 20:50:04  [ 83] 600406 国电南瑞  完成  日J=42.86 周J=90.27 月J=18.96 价=24.17 涨=-1.51%  PE=23.33(27.63%) PB=3.63(35.44%)
2026-08-06 20:50:05  [ 84] 301666 大普微-UW  完成  日J=53.63 周J=-6.79 月J=20.3 价=439.2 涨=1.35%  PE=14758.47(27.27%) PB=238.87(27.27%)
2026-08-06 20:50:06  [ 85] 601668 中国建筑  完成  日J=2.26 周J=103.93 月J=53.66 价=4.57 涨=-0.22%  PE=4.98(54.87%) PB=0.38(0.77%)
2026-08-06 20:50:08  [ 86] 601898 中煤能源  完成  日J=52.66 周J=42.21 月J=11.66 价=14.2 涨=6.45%  PE=10.6(53.38%) PB=1.15(89.59%)
2026-08-06 20:50:09  [ 87] 300433 蓝思科技  完成  日J=61.74 周J=-9.48 月J=27.47 价=34.82 涨=-0.77%  PE=53.44(82.59%) PB=3.37(77.84%)
2026-08-06 20:50:11  [ 88] 603268 松发股份  完成  日J=109.25 周J=82.4 月J=91.45 价=180.0 涨=4.12%  PE=52.48(66.43%) PB=17.39(87.0%)
2026-08-06 20:50:12  [ 89] 600031 三一重工  完成  日J=14.19 周J=99.29 月J=32.66 价=19.76 涨=0.71%  PE=21.58(47.48%) PB=2.01(17.99%)
2026-08-06 20:50:14  [ 90] 600025 华能水电  完成  日J=5.7 周J=84.14 月J=66.98 价=9.75 涨=0.0%  PE=21.27(73.53%) PB=2.56(72.23%)
2026-08-06 20:50:15  [ 91] 601985 中国核电  完成  日J=1.99 周J=53.15 月J=71.72 价=8.83 涨=0.11%  PE=22.06(84.08%) PB=1.51(28.11%)
2026-08-06 20:50:16  [ 92] 300760 迈瑞医疗  完成  日J=25.8 周J=86.95 月J=26.77 价=149.75 涨=-2.95%  PE=23.17(4.38%) PB=4.53(1.85%)
2026-08-06 20:50:18  [ 93] 301377 鼎泰高科  完成  日J=100.24 周J=4.33 月J=48.59 价=428.0 涨=2.87%  PE=291.96(97.33%) PB=62.55(97.33%)
2026-08-06 20:50:19  [ 94] 601818 光大银行  完成  日J=-4.14 周J=88.04 月J=43.78 价=3.06 涨=-0.33%  PE=4.78(37.99%) PB=0.36(0.67%)
2026-08-06 20:50:20  [ 95] 300033 同花顺  完成  日J=96.66 周J=59.26 月J=37.18 价=238.98 涨=-1.38%  PE=53.84(54.24%) PB=25.73(96.26%)
2026-08-06 20:50:22  [ 96] 002352 顺丰控股  完成  日J=3.64 周J=91.28 月J=41.74 价=33.72 涨=-0.85%  PE=15.56(1.63%) PB=1.77(1.63%)
2026-08-06 20:50:23  [ 97] 001248 华润新能  完成  日J=30.92 周J=6.6 月J=None 价=13.32 涨=-2.77%  PE=33.02(57.69%) PB=1.92(57.69%)
2026-08-06 20:50:24  [ 98] 001399 惠科股份  完成  日J=51.63 周J=-3.3 月J=None 价=23.87 涨=-0.58%  PE=46.71(20.0%) PB=6.7(20.0%)
2026-08-06 20:50:26  [ 99] 300604 长川科技  完成  日J=61.52 周J=30.05 月J=62.97 价=278.53 涨=2.4%  PE=112.34(51.13%) PB=34.69(98.85%)
2026-08-06 20:50:27  [100] 601688 华泰证券  完成  日J=3.97 周J=28.49 月J=13.53 价=19.49 涨=-1.42%  PE=10.03(15.78%) PB=0.99(36.83%)
2026-08-06 20:50:27  全部完成，结果已写入 C:\Users\hailo\Desktop\每周自动指标\output\2026-08-06\metrics_2026-08-06.csv
2026-08-06 20:50:27  步骤2完成 -> C:\Users\hailo\Desktop\每周自动指标\output\2026-08-06\metrics_2026-08-06.csv
2026-08-06 20:50:27  步骤3: 生成 HTML 总结报告…
2026-08-06 20:50:27  步骤3完成 -> C:\Users\hailo\Desktop\每周自动指标\output\2026-08-06\report_2026-08-06.html
2026-08-06 20:50:27  步骤4: 发送邮件报告…
2026-08-06 20:50:29  步骤4完成: 邮件已发送
2026-08-06 20:50:29  ===== 全部完成 2026-08-06 =====
2026-08-06 22:04:04  今日(2026-08-06)已完成，跳过。结果目录: C:\Users\hailo\Desktop\每周自动指标\output\2026-08-06
2026-08-06 22:04:31  今日(2026-08-06)已完成，跳过。结果目录: C:\Users\hailo\Desktop\每周自动指标\output\2026-08-06
