2026-07-27 20:53:24  ===== 开始每日指标任务 2026-07-27 =====
2026-07-27 20:53:24  步骤1: 获取 A股市值前100…
2026-07-27 20:53:25  步骤1完成 -> C:\Users\hailo\Desktop\每周自动指标\output\2026-07-27\top100_2026-07-27.csv
2026-07-27 20:53:25  步骤2: 计算 KDJ-J(日/周/月) 及 PE/PB 历史分位…
2026-07-27 20:53:28  [  1] 688825 N长鑫  完成  日J=None 周J=None 月J=None  PE=116.23(100.0%) PB=40.1(100.0%)
2026-07-27 20:53:30  [  2] 601398 工商银行  完成  日J=81.48 周J=101.85 月J=54.76 价=7.73 涨=-0.26%  PE=7.42(91.29%) PB=0.7(59.03%)
2026-07-27 20:53:32  [  3] 601939 建设银行  完成  日J=72.89 周J=90.48 月J=88.67 价=10.36 涨=0.97%  PE=7.93(97.01%) PB=0.76(70.87%)
2026-07-27 20:53:33  [  4] 601288 农业银行  完成  日J=92.31 周J=98.04 月J=8.27 价=6.72 涨=0.9%  PE=7.99(91.86%) PB=0.83(82.76%)
2026-07-27 20:53:35  [  5] 600941 中国移动  完成  日J=57.35 周J=74.9 月J=29.76 价=94.39 涨=-0.32%  PE=15.07(37.26%) PB=1.44(29.01%)
2026-07-27 20:53:36  [  6] 601857 中国石油  完成  日J=82.45 周J=109.44 月J=26.05 价=10.9 涨=-1.18%  PE=12.61(55.56%) PB=1.23(89.17%)
2026-07-27 20:53:38  [  7] 601988 中国银行  完成  日J=64.3 周J=82.22 月J=79.7 价=6.0 涨=-0.17%  PE=7.88(98.6%) PB=0.71(83.2%)
2026-07-27 20:53:39  [  8] 300750 宁德时代  完成  日J=100.3 周J=51.72 月J=47.76 价=400.0 涨=4.44%  PE=21.77(16.78%) PB=4.88(33.32%)
2026-07-27 20:53:41  [  9] 600519 贵州茅台  完成  日J=58.35 周J=89.52 月J=24.87 价=1289.5 涨=-0.61%  PE=19.49(2.65%) PB=5.95(1.69%)
2026-07-27 20:53:42  [ 10] 600938 中国海油  完成  日J=57.24 周J=61.43 月J=13.15 价=31.55 涨=-1.13%  PE=12.03(89.46%) PB=1.79(72.34%)
2026-07-27 20:53:44  [ 11] 688981 中芯国际  完成  日J=18.92 周J=36.31 月J=77.38 价=143.77 涨=0.03%  PE=243.93(95.76%) PB=8.22(94.94%)
2026-07-27 20:53:45  [ 12] 601138 工业富联  完成  日J=68.13 周J=4.67 月J=44.61 价=61.55 涨=2.16%  PE=30.05(89.51%) PB=6.93(91.28%)
2026-07-27 20:53:47  [ 13] 300308 中际旭创  完成  日J=48.38 周J=3.99 月J=72.65 价=1076.94 涨=2.91%  PE=80.34(85.89%) PB=33.75(98.12%)
2026-07-27 20:53:48  [ 14] 601628 中国人寿  完成  日J=51.16 周J=96.76 月J=17.04 价=39.73 涨=-1.44%  PE=7.76(6.79%) PB=1.88(29.32%)
2026-07-27 20:53:50  [ 15] 600036 招商银行  完成  日J=86.37 周J=112.65 月J=38.37 价=39.0 涨=-0.51%  PE=6.52(24.89%) PB=0.87(9.29%)
2026-07-27 20:53:51  [ 16] 601088 中国神华  完成  日J=54.24 周J=66.82 月J=39.62 价=44.83 涨=-1.9%  PE=18.86(97.64%) PB=2.02(91.57%)
2026-07-27 20:53:53  [ 17] 601318 中国平安  完成  日J=83.7 周J=86.7 月J=-0.43 价=53.41 涨=-1.13%  PE=7.28(6.16%) PB=0.95(19.16%)
2026-07-27 20:53:54  [ 18] 601899 紫金矿业  完成  日J=68.58 周J=91.03 月J=9.11 价=31.77 涨=0.83%  PE=13.69(11.89%) PB=4.28(81.42%)
2026-07-27 20:53:56  [ 19] 002594 比亚迪  完成  日J=34.25 周J=90.18 月J=34.78 价=92.4 涨=0.56%  PE=30.58(29.9%) PB=3.63(31.01%)
2026-07-27 20:53:58  [ 20] 688256 寒武纪  完成  日J=30.88 周J=-3.33 月J=75.62 价=1241.02 涨=1.31%  PE=286.98(84.11%) PB=60.58(94.66%)
2026-07-27 20:53:59  [ 21] 688041 海光信息  完成  日J=30.46 周J=35.41 月J=72.25 价=313.59 涨=-0.22%  PE=267.38(95.4%) PB=31.02(96.24%)
2026-07-27 20:54:01  [ 22] 600900 长江电力  完成  日J=47.27 周J=85.77 月J=76.35 价=28.35 涨=-1.9%  PE=19.22(52.05%) PB=3.04(75.01%)
2026-07-27 20:54:02  [ 23] 300502 新易盛  完成  日J=20.83 周J=9.02 月J=80.02 价=491.0 涨=3.15%  PE=63.74(67.21%) PB=33.59(98.07%)
2026-07-27 20:54:04  [ 24] 000333 美的集团  完成  日J=69.97 周J=99.16 月J=82.83 价=84.13 涨=-0.44%  PE=14.52(51.66%) PB=2.76(39.77%)
2026-07-27 20:54:06  [ 25] 600028 中国石化  完成  日J=62.97 周J=110.88 月J=-3.14 价=5.15 涨=-0.77%  PE=17.52(85.84%) PB=0.75(35.34%)
2026-07-27 20:54:07  [ 26] 601328 交通银行  完成  日J=78.66 周J=106.4 月J=43.65 价=7.01 涨=-0.43%  PE=6.42(87.29%) PB=0.53(50.07%)
2026-07-27 20:54:09  [ 27] 601658 邮储银行  完成  日J=37.79 周J=94.68 月J=23.41 价=5.09 涨=-0.59%  PE=6.96(66.75%) PB=0.59(12.64%)
2026-07-27 20:54:10  [ 28] 601728 中国电信  完成  日J=64.29 周J=90.53 月J=32.46 价=6.12 涨=-0.65%  PE=17.68(53.14%) PB=1.2(51.47%)
2026-07-27 20:54:12  [ 29] 002371 北方华创  完成  日J=85.37 周J=37.13 月J=76.8 价=770.0 涨=1.72%  PE=100.21(48.05%) PB=14.22(88.4%)
2026-07-27 20:54:14  [ 30] 688347 华虹宏力  完成  日J=12.37 周J=47.81 月J=78.2 价=308.4 涨=-6.52%  PE=1086.14(82.2%) PB=11.84(97.08%)
2026-07-27 20:54:15  [ 31] 002475 立讯精密  完成  日J=90.64 周J=19.72 月J=58.79 价=62.89 涨=3.8%  PE=28.22(44.34%) PB=5.5(50.36%)
2026-07-27 20:54:17  [ 32] 601998 中信银行  完成  日J=85.47 周J=101.76 月J=37.48 价=7.71 涨=1.31%  PE=6.03(69.62%) PB=0.58(60.66%)
2026-07-27 20:54:19  [ 33] 688235 百济神州  完成  日J=74.71 周J=92.08 月J=48.03 价=274.0 涨=1.11%  PE=133.53(95.61%) PB=12.79(78.96%)
2026-07-27 20:54:21  [ 34] 600030 中信证券  完成  日J=58.24 周J=66.83 月J=78.74 价=28.26 涨=1.11%  PE=12.43(6.21%) PB=1.44(41.89%)
2026-07-27 20:54:23  [ 35] 603993 洛阳钼业  完成  日J=70.57 周J=52.81 月J=15.44 价=19.36 涨=1.68%  PE=17.15(25.37%) PB=4.66(93.69%)
2026-07-27 20:54:24  [ 36] 002384 东山精密  完成  日J=6.6 周J=5.58 月J=76.91 价=211.9 涨=6.39%  PE=190.24(97.21%) PB=17.14(97.79%)
2026-07-27 20:54:26  [ 37] 601166 兴业银行  完成  日J=82.15 周J=92.98 月J=26.92 价=18.3 涨=-0.16%  PE=5.0(36.16%) PB=0.47(7.61%)
2026-07-27 20:54:27  [ 38] 688012 中微公司  完成  日J=88.69 周J=49.37 月J=82.52 价=399.77 涨=2.9%  PE=140.32(73.54%) PB=15.75(79.25%)
2026-07-27 20:54:29  [ 39] 603259 药明康德  完成  日J=41.57 周J=82.85 月J=83.19 价=124.66 涨=-0.27%  PE=18.48(18.09%) PB=4.42(32.57%)
2026-07-27 20:54:31  [ 40] 600276 恒瑞医药  完成  日J=3.96 周J=77.72 月J=25.49 价=53.6 涨=0.28%  PE=43.82(4.91%) PB=5.59(3.32%)
2026-07-27 20:54:32  [ 41] 002415 海康威视  完成  日J=96.42 周J=97.26 月J=87.44 价=36.99 涨=4.23%  PE=20.63(16.27%) PB=4.02(28.41%)
2026-07-27 20:54:34  [ 42] 601211 国泰海通  完成  日J=89.6 周J=80.04 月J=46.19 价=18.95 涨=-1.4%  PE=15.22(65.0%) PB=1.02(38.08%)
2026-07-27 20:54:35  [ 43] 688802 沐曦股份-U  完成  日J=17.24 周J=45.6 月J=88.36 价=830.2 涨=1.05%  PE=-506.52(8.22%) PB=25.36(85.62%)
2026-07-27 20:54:37  [ 44] 601319 中国人保  完成  日J=64.18 周J=98.31 月J=2.25 价=7.44 涨=-0.13%  PE=7.72(12.01%) PB=1.03(29.97%)
2026-07-27 20:54:38  [ 45] 300059 东方财富  完成  日J=34.25 周J=54.94 月J=21.78 价=19.65 涨=1.29%  PE=23.72(4.81%) PB=3.25(10.93%)
2026-07-27 20:54:40  [ 46] 600183 生益科技  完成  日J=15.4 周J=-4.64 月J=63.99 价=125.99 涨=6.13%  PE=77.9(98.07%) PB=17.07(98.07%)
2026-07-27 20:54:42  [ 47] 603986 兆易创新  完成  日J=22.86 周J=-12.19 月J=54.25 价=434.03 涨=-5.03%  PE=105.95(56.28%) PB=12.05(78.53%)
2026-07-27 20:54:43  [ 48] 601601 中国太保  完成  日J=74.36 周J=92.61 月J=-1.26 价=31.62 涨=-1.03%  PE=5.64(1.3%) PB=0.95(10.26%)
2026-07-27 20:54:45  [ 49] 600000 浦发银行  完成  日J=65.33 周J=93.13 月J=7.41 价=9.05 涨=0.11%  PE=5.99(68.27%) PB=0.4(26.14%)
2026-07-27 20:54:46  [ 50] 000858 五 粮 液  完成  日J=59.47 周J=50.49 月J=6.62 价=73.9 涨=0.45%  PE=22.76(32.26%) PB=2.24(0.72%)
2026-07-27 20:54:48  [ 51] 688795 摩尔线程-U  完成  日J=12.14 周J=2.76 月J=39.25 价=605.86 涨=0.97%  PE=-331.54(38.31%) PB=24.72(33.12%)
2026-07-27 20:54:49  [ 52] 601869 长飞光纤  完成  日J=6.01 周J=-18.75 月J=61.64 价=335.89 涨=1.28%  PE=240.31(94.34%) PB=19.54(96.14%)
2026-07-27 20:54:51  [ 53] 688008 澜起科技  完成  日J=61.29 周J=14.54 月J=67.81 价=227.45 涨=-2.66%  PE=108.54(82.77%) PB=13.32(86.42%)
2026-07-27 20:54:52  [ 54] 688820 盛合晶微  完成  日J=32.53 周J=3.93 月J=None 价=142.66 涨=1.26%  PE=269.63(24.24%) PB=18.37(24.24%)
2026-07-27 20:54:54  [ 55] 002379 宏桥控股  完成  日J=75.09 周J=85.56 月J=1.89 价=19.51 涨=2.36%  PE=12.9(72.99%) PB=4.86(83.49%)
2026-07-27 20:54:56  [ 56] 600150 中国船舶  完成  日J=78.72 周J=16.95 月J=28.14 价=33.53 涨=1.42%  PE=22.32(26.1%) PB=1.69(20.37%)
2026-07-27 20:54:57  [ 57] 000338 潍柴动力  完成  日J=119.88 周J=26.0 月J=67.17 价=28.45 涨=3.01%  PE=21.74(95.47%) PB=2.58(88.25%)
2026-07-27 20:54:59  [ 58] 601816 京沪高铁  完成  日J=83.68 周J=98.63 月J=51.83 价=4.99 涨=-0.6%  PE=18.29(3.54%) PB=1.16(4.94%)
2026-07-27 20:55:00  [ 59] 300274 阳光电源  完成  日J=98.04 周J=6.63 月J=17.92 价=116.21 涨=2.46%  PE=20.2(41.65%) PB=4.95(49.74%)
2026-07-27 20:55:02  [ 60] 002916 深南电路  完成  日J=48.77 周J=8.22 月J=69.75 价=353.44 涨=6.2%  PE=66.24(96.82%) PB=13.31(92.2%)
2026-07-27 20:55:04  [ 61] 601225 陕西煤业  完成  日J=45.09 周J=69.69 月J=49.9 价=24.56 涨=-0.57%  PE=14.73(97.5%) PB=2.33(82.23%)
2026-07-27 20:55:05  [ 62] 300476 胜宏科技  完成  日J=40.37 周J=1.55 月J=26.06 价=238.66 涨=3.76%  PE=50.12(83.92%) PB=13.48(88.83%)
2026-07-27 20:55:07  [ 63] 601919 中远海控  完成  日J=95.77 周J=116.33 月J=34.74 价=15.31 涨=-0.07%  PE=9.33(58.59%) PB=0.99(30.52%)
2026-07-27 20:55:08  [ 64] 600309 万华化学  完成  日J=90.26 周J=79.45 月J=26.16 价=74.15 涨=0.54%  PE=17.63(62.69%) PB=2.08(9.15%)
2026-07-27 20:55:10  [ 65] 688072 拓荆科技  完成  日J=65.74 周J=62.43 月J=84.06 价=791.9 涨=0.11%  PE=140.0(85.12%) PB=31.76(98.55%)
2026-07-27 20:55:12  [ 66] 300394 天孚通信  完成  日J=20.07 周J=-7.13 月J=48.81 价=209.19 涨=2.84%  PE=105.07(94.42%) PB=38.16(94.75%)
2026-07-27 20:55:14  [ 67] 002714 牧原股份  完成  日J=28.2 周J=95.29 月J=18.98 价=39.33 涨=1.68%  PE=23.21(68.56%) PB=2.63(1.88%)
2026-07-27 20:55:16  [ 68] 000651 格力电器  完成  日J=66.31 周J=99.61 月J=76.82 价=40.39 涨=-0.17%  PE=7.75(27.88%) PB=1.49(5.01%)
2026-07-27 20:55:17  [ 69] 002463 沪电股份  完成  日J=27.04 周J=6.33 月J=72.36 价=117.5 涨=4.71%  PE=52.56(97.35%) PB=13.47(98.07%)
2026-07-27 20:55:19  [ 70] 300408 三环集团  完成  日J=68.19 周J=2.21 月J=68.24 价=111.57 涨=10.64%  PE=77.1(98.27%) PB=9.9(98.27%)
2026-07-27 20:55:20  [ 71] 000725 京东方Ａ  完成  日J=24.41 周J=6.95 月J=58.57 价=5.97 涨=3.11%  PE=37.17(57.49%) PB=1.62(73.38%)
2026-07-27 20:55:22  [ 72] 688808 联讯仪器  完成  日J=96.21 周J=27.11 月J=None 价=2151.28 涨=10.04%  PE=808.36(68.25%) PB=215.25(68.25%)
2026-07-27 20:55:23  [ 73] 002938 鹏鼎控股  完成  日J=32.49 周J=8.16 月J=70.47 价=93.29 涨=5.54%  PE=58.24(97.9%) PB=6.24(95.74%)
2026-07-27 20:55:25  [ 74] 000001 平安银行  完成  日J=90.46 周J=98.12 月J=47.44 价=11.11 涨=0.09%  PE=5.01(27.49%) PB=0.46(5.39%)
2026-07-27 20:55:26  [ 75] 301666 大普微-UW  完成  日J=54.89 周J=-5.05 月J=None 价=489.15 涨=0.72%  PE=16436.94(24.64%) PB=266.03(24.64%)
2026-07-27 20:55:28  [ 76] 603288 海天味业  完成  日J=46.04 周J=90.41 月J=37.18 价=36.02 涨=0.47%  PE=28.95(2.07%) PB=5.02(2.21%)
2026-07-27 20:55:29  [ 77] 600919 江苏银行  完成  日J=68.98 周J=79.62 月J=86.46 价=11.48 涨=-0.78%  PE=5.97(78.86%) PB=0.8(85.56%)
2026-07-27 20:55:31  [ 78] 002142 宁波银行  完成  日J=58.24 周J=94.45 月J=69.93 价=31.89 涨=-0.37%  PE=7.0(31.34%) PB=0.91(27.92%)
2026-07-27 20:55:33  [ 79] 601066 中信建投  完成  日J=28.65 周J=29.54 月J=64.2 价=26.45 涨=1.46%  PE=18.21(9.97%) PB=2.38(23.8%)
2026-07-27 20:55:34  [ 80] 600690 海尔智家  完成  日J=79.11 周J=101.37 月J=12.77 价=21.87 涨=0.51%  PE=10.96(5.49%) PB=1.64(3.8%)
2026-07-27 20:55:36  [ 81] 003816 中国广核  完成  日J=53.11 周J=33.55 月J=27.38 价=4.03 涨=-0.74%  PE=21.46(89.2%) PB=1.62(66.53%)
2026-07-27 20:55:37  [ 82] 600188 兖矿能源  完成  日J=29.83 周J=21.22 月J=45.82 价=19.97 涨=1.22%  PE=20.98(96.77%) PB=2.62(77.18%)
2026-07-27 20:55:39  [ 83] 601336 新华保险  完成  日J=26.5 周J=83.96 月J=3.09 价=63.3 涨=0.29%  PE=5.35(2.89%) PB=1.6(49.45%)
2026-07-27 20:55:41  [ 84] 300433 蓝思科技  完成  日J=67.47 周J=-0.95 月J=51.16 价=36.63 涨=-1.85%  PE=56.22(83.53%) PB=3.54(81.46%)
2026-07-27 20:55:42  [ 85] 300604 长川科技  完成  日J=62.18 周J=47.35 月J=82.46 价=304.7 涨=0.4%  PE=122.9(54.21%) PB=37.95(99.37%)
2026-07-27 20:55:44  [ 86] 600406 国电南瑞  完成  日J=86.58 周J=71.83 月J=14.97 价=23.9 涨=1.36%  PE=23.07(24.8%) PB=3.59(31.87%)
2026-07-27 20:55:45  [ 87] 601668 中国建筑  完成  日J=74.78 周J=108.84 月J=32.14 价=4.63 涨=-1.49%  PE=5.04(58.55%) PB=0.39(0.91%)
2026-07-27 20:55:47  [ 88] 001399 惠科股份  完成  日J=46.38 周J=-0.73 月J=None 价=26.21 涨=4.42%  PE=50.54(31.82%) PB=7.24(31.82%)
2026-07-27 20:55:48  [ 89] 601818 光大银行  完成  日J=66.08 周J=97.08 月J=24.72 价=3.17 涨=0.63%  PE=4.95(44.82%) PB=0.37(2.74%)
2026-07-27 20:55:50  [ 90] 600025 华能水电  完成  日J=30.7 周J=89.51 月J=53.53 价=9.89 涨=-1.49%  PE=21.58(76.17%) PB=2.6(74.0%)
2026-07-27 20:55:51  [ 91] 601898 中煤能源  完成  日J=68.15 周J=32.12 月J=12.57 价=13.84 涨=1.24%  PE=10.33(49.98%) PB=1.12(85.99%)
2026-07-27 20:55:53  [ 92] 688498 源杰科技  完成  日J=31.59 周J=34.37 月J=78.38 价=1473.01 涨=5.97%  PE=515.07(70.0%) PB=72.64(97.13%)
2026-07-27 20:55:55  [ 93] 601688 华泰证券  完成  日J=59.51 周J=55.88 月J=18.66 价=20.28 涨=-0.59%  PE=10.44(26.58%) PB=1.03(41.69%)
2026-07-27 20:55:56  [ 94] 601985 中国核电  完成  日J=47.53 周J=45.32 月J=65.97 价=8.86 涨=-0.45%  PE=22.14(84.88%) PB=1.52(29.08%)
2026-07-27 20:55:58  [ 95] 001248 华润新能  完成  日J=99.72 周J=7.86 月J=None 价=13.97 涨=10.0%  PE=33.81(61.11%) PB=1.96(61.11%)
2026-07-27 20:55:59  [ 96] 300760 迈瑞医疗  完成  日J=50.68 周J=82.52 月J=13.76 价=148.56 涨=1.49%  PE=22.98(3.81%) PB=4.49(1.69%)
2026-07-27 20:56:01  [ 97] 600031 三一重工  完成  日J=67.73 周J=93.92 月J=9.58 价=19.4 涨=-0.92%  PE=21.19(46.61%) PB=1.97(14.4%)
2026-07-27 20:56:03  [ 98] 002352 顺丰控股  完成  日J=58.21 周J=78.85 月J=24.6 价=33.76 涨=0.78%  PE=15.58(1.69%) PB=1.77(1.69%)
2026-07-27 20:56:04  [ 99] 600930 华电新能  完成  日J=19.86 周J=1.17 月J=3.62 价=4.24 涨=1.92%  PE=27.62(0.8%) PB=1.6(0.8%)
2026-07-27 20:56:05  [100] 301377 鼎泰高科  完成  日J=41.46 周J=8.67 月J=62.44 价=414.38 涨=4.48%  PE=282.67(96.75%) PB=60.56(96.75%)
2026-07-27 20:56:06  全部完成，结果已写入 C:\Users\hailo\Desktop\每周自动指标\output\2026-07-27\metrics_2026-07-27.csv
2026-07-27 20:56:06  步骤2完成 -> C:\Users\hailo\Desktop\每周自动指标\output\2026-07-27\metrics_2026-07-27.csv
2026-07-27 20:56:06  步骤3: 生成 HTML 总结报告…
2026-07-27 20:56:06  步骤3完成 -> C:\Users\hailo\Desktop\每周自动指标\output\2026-07-27\report_2026-07-27.html
2026-07-27 20:56:06  步骤4: 发送邮件报告…
2026-07-27 20:56:07  步骤4完成
2026-07-27 20:56:07  ===== 全部完成 2026-07-27 =====
