2026-08-10 19:04:58  ===== 开始每日港股通指标任务 2026-08-10 =====
2026-08-10 19:04:58  步骤1: 获取港股通总市值前100标的...
获取港股通标的列表(共取市值前 100 只)...
接口返回 100 只港股通标的
2026-08-10 19:04:58  步骤1完成 -> C:\Users\hailo\Desktop\每周自动指标\output_hk\2026-08-10\hk_list_2026-08-10.csv
2026-08-10 19:04:58  步骤2: 计算 KDJ-J(日/周/月)...
2026-08-10 19:05:01  [  1] 00700 腾讯控股  完成  日J=69.46 周J=95.28 月J=17.54 价=481.4 涨=0.54%  PE=16.63(None%) PB=3.44(None%)
2026-08-10 19:05:02  [  2] 03750 宁德时代  完成  日J=42.74 周J=27.49 月J=52.7 价=641.0 涨=1.34%  PE=30.78(None%) PB=6.79(None%)
2026-08-10 19:05:03  [  3] 00005 汇丰控股  完成  日J=16.84 周J=74.7 月J=93.17 价=162.5 涨=0.81%  PE=14.81(None%) PB=2.06(None%)
2026-08-10 19:05:05  [  4] 01398 工商银行  完成  日J=-6.0 周J=77.7 月J=73.34 价=7.21 涨=1.05%  PE=6.19(None%) PB=0.58(None%)
2026-08-10 19:05:06  [  5] 09988 阿里巴巴-W  完成  日J=90.59 周J=109.66 月J=29.55 价=126.7 涨=2.34%  PE=20.71(None%) PB=2.0(None%)
2026-08-10 19:05:08  [  6] 00939 建设银行  完成  日J=1.85 周J=80.5 月J=76.95 价=8.86 涨=0.74%  PE=6.05(None%) PB=0.58(None%)
2026-08-10 19:05:09  [  7] 01288 农业银行  完成  日J=-8.76 周J=65.66 月J=60.66 价=5.89 涨=0.51%  PE=6.26(None%) PB=0.64(None%)
2026-08-10 19:05:10  [  8] 00941 中国移动  完成  日J=-6.34 周J=81.81 月J=50.04 价=82.05 涨=0.24%  PE=11.72(None%) PB=1.08(None%)
2026-08-10 19:05:11  [  9] 00857 中国石油股份  完成  日J=13.26 周J=71.34 月J=26.5 价=9.56 涨=0.63%  PE=9.86(None%) PB=0.95(None%)
2026-08-10 19:05:13  [ 10] 03988 中国银行  完成  日J=-4.38 周J=67.17 月J=79.34 价=5.29 涨=1.05%  PE=6.21(None%) PB=0.55(None%)
2026-08-10 19:05:14  [ 11] 03968 招商银行  完成  日J=4.4 周J=84.98 月J=55.2 价=49.0 涨=0.66%  PE=7.32(None%) PB=0.96(None%)
2026-08-10 19:05:15  [ 12] 00883 中国海洋石油  完成  日J=33.49 周J=74.68 月J=16.33 价=23.4 涨=0.6%  PE=7.95(None%) PB=1.17(None%)
2026-08-10 19:05:16  [ 13] 02318 中国平安  完成  日J=-5.72 周J=95.48 月J=12.14 价=56.75 涨=-0.7%  PE=6.93(None%) PB=0.89(None%)
2026-08-10 19:05:18  [ 14] 02899 紫金矿业  完成  日J=99.56 周J=117.41 月J=29.91 价=37.56 涨=3.19%  PE=14.46(None%) PB=4.47(None%)
2026-08-10 19:05:19  [ 15] 01088 中国神华  完成  日J=89.91 周J=84.56 月J=37.89 价=44.18 涨=2.79%  PE=16.24(None%) PB=1.71(None%)
2026-08-10 19:05:20  [ 16] 01211 比亚迪股份  完成  日J=23.26 周J=99.46 月J=55.14 价=92.3 涨=2.38%  PE=27.3(None%) PB=3.2(None%)
2026-08-10 19:05:21  [ 17] 02628 中国人寿  完成  日J=28.65 周J=39.13 月J=24.75 价=28.06 涨=-2.57%  PE=4.91(None%) PB=1.17(None%)
2026-08-10 19:05:23  [ 18] 01299 友邦保险  完成  日J=24.74 周J=58.96 月J=11.23 价=74.5 涨=0.47%  PE=15.89(None%) PB=2.33(None%)
2026-08-10 19:05:24  [ 19] 00300 美的集团  完成  日J=32.93 周J=100.74 月J=89.34 价=97.65 涨=2.04%  PE=15.03(None%) PB=2.82(None%)
2026-08-10 19:05:25  [ 20] 01810 小米集团-W  完成  日J=4.79 周J=69.8 月J=25.67 价=27.62 涨=2.07%  PE=18.02(None%) PB=2.38(None%)
2026-08-10 19:05:26  [ 21] 09999 网易  完成  日J=61.33 周J=68.52 月J=59.08 价=205.6 涨=0.19%  PE=17.22(None%) PB=3.52(None%)
2026-08-10 19:05:28  [ 22] 03328 交通银行  完成  日J=8.65 周J=67.65 月J=71.91 价=7.32 涨=0.97%  PE=5.98(None%) PB=0.49(None%)
2026-08-10 19:05:29  [ 23] 02359 药明康德  完成  日J=100.32 周J=102.15 月J=96.75 价=198.0 涨=2.96%  PE=23.55(None%) PB=6.12(None%)
2026-08-10 19:05:30  [ 24] 01658 邮储银行  完成  日J=3.14 周J=58.7 月J=32.95 价=4.87 涨=0.52%  PE=5.93(None%) PB=0.5(None%)
2026-08-10 19:05:31  [ 25] 02513 智谱  完成  日J=99.23 周J=5.59 月J=29.76 价=1252.0 涨=0.48%  PE=-112.07(None%) PB=-5.63(None%)
2026-08-10 19:05:33  [ 26] 03690 美团-W  完成  日J=74.39 周J=116.39 月J=75.27 价=93.9 涨=1.84%  PE=-13.03(None%) PB=3.41(None%)
2026-08-10 19:05:34  [ 27] 00981 中芯国际  完成  日J=59.18 周J=3.44 月J=38.31 价=66.2 涨=-1.05%  PE=104.64(None%) PB=3.12(None%)
2026-08-10 19:05:35  [ 28] 02388 中银香港  完成  日J=28.85 周J=90.88 月J=85.61 价=50.55 涨=0.7%  PE=13.32(None%) PB=1.49(None%)
2026-08-10 19:05:36  [ 29] 00388 香港交易所  完成  日J=94.39 周J=119.98 月J=54.88 价=416.8 涨=1.26%  PE=28.01(None%) PB=9.58(None%)
2026-08-10 19:05:37  [ 30] 00386 中国石油化工股份  完成  日J=20.41 周J=91.75 月J=5.77 价=4.32 涨=-0.92%  PE=12.79(None%) PB=0.55(None%)
2026-08-10 19:05:39  [ 31] 02888 渣打集团  完成  日J=79.48 周J=91.39 月J=98.56 价=236.0 涨=1.64%  PE=12.23(None%) PB=1.42(None%)
2026-08-10 19:05:40  [ 32] 09633 农夫山泉  完成  日J=48.35 周J=77.72 月J=20.55 价=44.32 涨=4.78%  PE=28.37(None%) PB=11.41(None%)
2026-08-10 19:05:41  [ 33] 02475 立讯精密  完成  日J=85.44 周J=73.18 月J=None 价=62.1 涨=-1.97%  PE=24.99(None%) PB=4.52(None%)
2026-08-10 19:05:43  [ 34] 06030 中信证券  完成  日J=50.32 周J=47.7 月J=51.15 价=27.44 涨=1.25%  PE=11.37(None%) PB=1.23(None%)
2026-08-10 19:05:44  [ 35] 00998 中信银行  完成  日J=-6.4 周J=81.45 月J=36.45 价=7.43 涨=1.23%  PE=5.18(None%) PB=0.49(None%)
2026-08-10 19:05:45  [ 36] 00728 中国电信  完成  日J=-16.51 周J=38.05 月J=13.15 价=4.5 涨=-0.11%  PE=11.6(None%) PB=0.78(None%)
2026-08-10 19:05:47  [ 37] 03993 洛阳钼业  完成  日J=91.08 周J=83.61 月J=19.4 价=18.89 涨=-1.1%  PE=14.95(None%) PB=4.02(None%)
2026-08-10 19:05:48  [ 38] 02259 紫金黄金国际  完成  日J=97.96 周J=117.73 月J=11.99 价=144.0 涨=5.03%  PE=30.92(None%) PB=5.91(None%)
2026-08-10 19:05:49  [ 39] 01276 恒瑞医药  完成  日J=58.7 周J=67.09 月J=12.83 价=57.95 涨=-0.94%  PE=42.31(None%) PB=5.34(None%)
2026-08-10 19:05:50  [ 40] 00992 联想集团  完成  日J=112.05 周J=98.39 月J=108.96 价=29.0 涨=3.2%  PE=24.01(None%) PB=6.01(None%)
2026-08-10 19:05:52  [ 41] 02328 中国财险  完成  日J=15.99 周J=79.87 月J=44.31 价=15.82 涨=-0.82%  PE=8.34(None%) PB=1.06(None%)
2026-08-10 19:05:53  [ 42] 03986 兆易创新  完成  日J=75.61 周J=-5.19 月J=21.04 价=501.0 涨=-5.11%  PE=109.0(None%) PB=12.27(None%)
2026-08-10 19:05:54  [ 43] 00267 中信股份  完成  日J=13.29 周J=57.1 月J=34.44 价=12.04 涨=1.26%  PE=5.39(None%) PB=0.4(None%)
2026-08-10 19:05:56  [ 44] 00016 新鸿基地产  完成  日J=21.56 周J=45.24 月J=33.8 价=116.7 涨=1.13%  PE=15.37(None%) PB=0.54(None%)
2026-08-10 19:05:57  [ 45] 06160 百济神州  完成  日J=94.1 周J=108.25 月J=71.26 价=213.2 涨=1.52%  PE=64.17(None%) PB=9.68(None%)
2026-08-10 19:05:58  [ 46] 06809 澜起科技  完成  日J=28.86 周J=-4.74 月J=35.55 价=257.6 涨=-4.31%  PE=109.72(None%) PB=13.34(None%)
2026-08-10 19:05:59  [ 47] 02338 潍柴动力  完成  日J=96.32 周J=53.84 月J=61.19 价=36.38 涨=3.82%  PE=24.83(None%) PB=2.93(None%)
2026-08-10 19:06:01  [ 48] 02601 中国太保  完成  日J=-10.47 周J=58.54 月J=5.12 价=29.26 涨=-0.88%  PE=4.68(None%) PB=0.78(None%)
2026-08-10 19:06:02  [ 49] 00001 长和  完成  日J=50.01 周J=100.43 月J=95.0 价=73.0 涨=-0.34%  PE=23.61(None%) PB=0.5(None%)
2026-08-10 19:06:04  [ 50] 02378 保诚  完成  日J=8.32 周J=63.27 月J=34.96 价=110.6 涨=1.94%  PE=8.94(None%) PB=1.8(None%)
2026-08-10 19:06:05  [ 51] 00669 创科实业  完成  日J=100.27 周J=100.81 月J=104.11 价=147.9 涨=0.89%  PE=26.55(None%) PB=4.63(None%)
2026-08-10 19:06:06  [ 52] 02611 国泰海通  完成  日J=20.93 周J=18.82 月J=24.37 价=14.47 涨=0.35%  PE=10.3(None%) PB=0.69(None%)
2026-08-10 19:06:07  [ 53] 02476 胜宏科技  完成  日J=111.83 周J=28.42 月J=14.35 价=255.2 涨=-0.39%  PE=47.9(None%) PB=11.3(None%)
2026-08-10 19:06:09  [ 54] 01378 中国宏桥  完成  日J=76.93 周J=70.04 月J=-0.17 价=24.38 涨=0.83%  PE=9.55(None%) PB=1.65(None%)
2026-08-10 19:06:10  [ 55] 01347 华虹宏力  完成  日J=73.97 周J=-2.4 月J=45.02 价=137.5 涨=-2.62%  PE=425.21(None%) PB=4.53(None%)
2026-08-10 19:06:11  [ 56] 01919 中远海控  完成  日J=38.79 周J=105.17 月J=68.57 价=15.52 涨=0.65%  PE=8.42(None%) PB=0.89(None%)
2026-08-10 19:06:12  [ 57] 01109 华润置地  完成  日J=21.45 周J=46.6 月J=41.61 价=32.9 涨=0.24%  PE=8.34(None%) PB=0.73(None%)
2026-08-10 19:06:14  [ 58] 01339 中国人民保险集团  完成  日J=6.4 周J=81.38 月J=6.42 价=5.26 涨=-1.03%  PE=4.93(None%) PB=0.64(None%)
2026-08-10 19:06:15  [ 59] 06951 三环集团  完成  日J=88.16 周J=67.34 月J=None 价=107.1 涨=0.09%  PE=66.46(None%) PB=8.09(None%)
2026-08-10 19:06:16  [ 60] 02020 安踏体育  完成  日J=9.54 周J=73.9 月J=43.96 价=75.45 涨=1.28%  PE=14.03(None%) PB=2.9(None%)
2026-08-10 19:06:17  [ 61] 03692 翰森制药  完成  日J=86.78 周J=98.51 月J=19.77 价=34.54 涨=4.92%  PE=34.05(None%) PB=5.34(None%)
2026-08-10 19:06:18  [ 62] 09992 泡泡玛特  完成  日J=15.63 周J=18.01 月J=2.83 价=154.4 涨=-2.15%  PE=14.54(None%) PB=8.41(None%)
2026-08-10 19:06:20  [ 63] 00175 吉利汽车  完成  日J=7.13 周J=67.48 月J=32.36 价=19.01 涨=3.2%  PE=11.9(None%) PB=1.9(None%)
2026-08-10 19:06:21  [ 64] 00066 港铁公司  完成  日J=31.19 周J=85.96 月J=31.85 价=32.78 涨=2.76%  PE=13.9(None%) PB=1.06(None%)
2026-08-10 19:06:22  [ 65] 06690 海尔智家  完成  日J=-3.23 周J=58.39 月J=16.96 价=21.2 涨=1.05%  PE=9.48(None%) PB=1.4(None%)
2026-08-10 19:06:23  [ 66] 00002 中电控股  完成  日J=70.86 周J=104.39 月J=98.22 价=77.95 涨=0.45%  PE=18.17(None%) PB=1.78(None%)
2026-08-10 19:06:25  [ 67] 00762 中国联通  完成  日J=-20.87 周J=28.19 月J=7.21 价=6.37 涨=-0.39%  PE=8.8(None%) PB=0.48(None%)
2026-08-10 19:06:27  [ 68] 02714 牧原股份  完成  日J=78.86 周J=96.06 月J=14.38 价=33.7 涨=5.18%  PE=17.84(None%) PB=1.99(None%)
2026-08-10 19:06:28  [ 69] 01024 快手-W  完成  日J=59.13 周J=58.56 月J=-3.53 价=44.32 涨=0.32%  PE=9.79(None%) PB=2.07(None%)
2026-08-10 19:06:29  [ 70] 03288 海天味业  完成  日J=29.39 周J=89.37 月J=41.48 价=32.74 涨=2.96%  PE=23.44(None%) PB=4.03(None%)
2026-08-10 19:06:30  [ 71] 02269 药明生物  完成  日J=93.83 周J=101.5 月J=76.71 价=46.12 涨=0.57%  PE=35.18(None%) PB=3.64(None%)
2026-08-10 19:06:31  [ 72] 06031 三一重工  完成  日J=-5.77 周J=63.98 月J=16.18 价=19.92 涨=-2.06%  PE=19.4(None%) PB=1.79(None%)
2026-08-10 19:06:33  [ 73] 06818 中国光大银行  完成  日J=-15.27 周J=34.12 月J=16.39 价=3.05 涨=-0.49%  PE=4.24(None%) PB=0.32(None%)
2026-08-10 19:06:34  [ 74] 06936 顺丰控股  完成  日J=26.73 周J=102.8 月J=58.11 价=33.26 涨=2.72%  PE=13.72(None%) PB=1.47(None%)
2026-08-10 19:06:35  [ 75] 00788 中国铁塔  完成  日J=0.41 周J=94.86 月J=16.3 价=9.74 涨=0.1%  PE=13.32(None%) PB=0.76(None%)
2026-08-10 19:06:36  [ 76] 01801 信达生物  完成  日J=115.08 周J=94.45 月J=76.07 价=97.3 涨=2.58%  PE=188.36(None%) PB=7.88(None%)
2026-08-10 19:06:38  [ 77] 01113 长实集团  完成  日J=13.58 周J=82.14 月J=55.63 价=47.1 涨=0.47%  PE=15.2(None%) PB=0.42(None%)
2026-08-10 19:06:39  [ 78] 02423 贝壳-W  完成  日J=88.85 周J=94.91 月J=58.55 价=45.52 涨=3.55%  PE=41.37(None%) PB=2.2(None%)
2026-08-10 19:06:40  [ 79] 01038 长江基建集团  完成  日J=13.3 周J=86.26 月J=57.64 价=61.4 涨=0.33%  PE=18.72(None%) PB=1.21(None%)
2026-08-10 19:06:41  [ 80] 01377 鼎泰高科  完成  日J=83.41 周J=53.02 月J=None 价=362.4 涨=-7.08%  PE=220.62(None%) PB=45.21(None%)
2026-08-10 19:06:42  [ 81] 09973 奇瑞汽车  完成  日J=46.76 周J=73.31 月J=25.62 价=26.16 涨=1.24%  PE=7.33(None%) PB=2.43(None%)
2026-08-10 19:06:44  [ 82] 01988 民生银行  完成  日J=3.35 周J=78.88 月J=26.0 价=3.45 涨=0.29%  PE=4.57(None%) PB=0.23(None%)
2026-08-10 19:06:45  [ 83] 06886 华泰证券  完成  日J=30.02 周J=41.19 月J=20.46 价=16.69 涨=-0.71%  PE=7.68(None%) PB=0.75(None%)
2026-08-10 19:06:46  [ 84] 02600 中国铝业  完成  日J=76.3 周J=45.24 月J=-5.14 价=8.72 涨=1.45%  PE=9.09(None%) PB=1.64(None%)
2026-08-10 19:06:47  [ 85] 01898 中煤能源  完成  日J=88.64 周J=63.2 月J=7.83 价=11.23 涨=4.56%  PE=9.25(None%) PB=0.8(None%)
2026-08-10 19:06:49  [ 86] 03606 福耀玻璃  完成  日J=22.5 周J=88.94 月J=36.86 价=56.95 涨=1.7%  PE=14.79(None%) PB=3.35(None%)
2026-08-10 19:06:50  [ 87] 01336 新华保险  完成  日J=12.31 周J=46.19 月J=2.29 价=47.0 涨=-3.01%  PE=3.56(None%) PB=1.05(None%)
2026-08-10 19:06:51  [ 88] 01766 中国中车  完成  日J=18.2 周J=67.16 月J=25.36 价=5.07 涨=0.9%  PE=9.63(None%) PB=0.73(None%)
2026-08-10 19:06:53  [ 89] 00027 银河娱乐  完成  日J=3.48 周J=93.94 月J=16.02 价=33.12 涨=0.73%  PE=13.59(None%) PB=1.74(None%)
2026-08-10 19:06:54  [ 90] 01816 中广核电力  完成  日J=12.65 周J=67.2 月J=5.53 价=2.87 涨=1.41%  PE=13.62(None%) PB=1.02(None%)
2026-08-10 19:06:55  [ 91] 00688 中国海外发展  完成  日J=11.29 周J=28.0 月J=31.97 价=13.19 涨=0.38%  PE=10.27(None%) PB=0.34(None%)
2026-08-10 19:06:56  [ 92] 02057 中通快递-W  完成  日J=24.27 周J=75.37 月J=58.57 价=186.4 涨=-0.05%  PE=13.83(None%) PB=2.04(None%)
2026-08-10 19:06:57  [ 93] 01972 太古地产  完成  日J=52.13 周J=108.18 月J=39.91 价=24.04 涨=2.82%  PE=41.94(None%) PB=0.51(None%)
2026-08-10 19:06:59  [ 94] 00358 江西铜业股份  完成  日J=92.92 周J=91.91 月J=19.63 价=39.0 涨=-2.06%  PE=14.62(None%) PB=1.42(None%)
2026-08-10 19:07:00  [ 95] 01776 广发证券  完成  日J=73.29 周J=45.65 月J=46.57 价=17.22 涨=-0.4%  PE=7.69(None%) PB=0.86(None%)
2026-08-10 19:07:01  [ 96] 00012 恒基地产  完成  日J=9.94 周J=73.59 月J=10.13 价=27.38 涨=1.86%  PE=23.45(None%) PB=0.41(None%)
2026-08-10 19:07:03  [ 97] 06099 招商证券  完成  日J=88.05 周J=10.76 月J=46.0 价=15.21 涨=-0.33%  PE=8.89(None%) PB=0.94(None%)
2026-08-10 19:07:04  [ 98] 09987 百胜中国  完成  日J=53.71 周J=98.79 月J=37.03 价=377.4 涨=-0.47%  PE=17.06(None%) PB=3.1(None%)
2026-08-10 19:07:05  [ 99] 01929 周大福  完成  日J=83.75 周J=92.23 月J=39.04 价=13.03 涨=6.63%  PE=14.28(None%) PB=4.15(None%)
2026-08-10 19:07:06  [100] 06618 京东健康  完成  日J=62.75 周J=112.12 月J=3.2 价=40.08 涨=2.93%  PE=21.48(None%) PB=1.93(None%)
2026-08-10 19:07:07  全部完成，结果已写入 C:\Users\hailo\Desktop\每周自动指标\output_hk\2026-08-10\metrics_2026-08-10.csv
2026-08-10 19:07:07  步骤2完成 -> C:\Users\hailo\Desktop\每周自动指标\output_hk\2026-08-10\metrics_2026-08-10.csv
2026-08-10 19:07:07  步骤3: 生成 HTML 总结报告...
2026-08-10 19:07:07  步骤3完成 -> C:\Users\hailo\Desktop\每周自动指标\output_hk\2026-08-10\report_2026-08-10.html
2026-08-10 19:07:07  步骤4: 发送邮件报告...
2026-08-10 19:07:08  步骤4完成: 邮件已发送
2026-08-10 19:07:08  ===== 全部完成 2026-08-10 =====
