2026-10-02 23:56:30  ===== 开始每日指标任务 2026-10-02 =====
2026-10-02 23:56:30  步骤1: 获取 A股市值前100…
2026-10-02 23:56:32  步骤1完成 -> /home/runner/work/daily-stock-metrics/daily-stock-metrics/output/2026-10-02/top100_2026-10-02.csv
2026-10-02 23:56:32  步骤2: 计算 KDJ-J(日/周/月) 及 PE/PB 历史分位…
2026-10-02 23:56:32  观察池: 共113只(含历史追踪13只) -> /home/runner/work/daily-stock-metrics/daily-stock-metrics/output/2026-10-02/tracked_2026-10-02.csv
2026-10-02 23:56:32  待处理 113 条，并发数 8
2026-10-02 23:56:36  [  8] 600938 中国海油  完成  日J=92.07 周J=53.58 月J=30.86 MA20=33.397 MA60=32.376 多头=1 价=33.42 涨=0.18%  PE=11.48(84.54%) PB=1.86(76.3%)
2026-10-02 23:56:36  [  6] 600941 XD中国移  完成  日J=104.72 周J=48.59 月J=88.15 MA20=95.297 MA60=93.88 多头=1 价=95.8 涨=1.0%  PE=15.77(47.0%) PB=1.46(30.03%)
2026-10-02 23:56:36  [  1] 688825 长鑫科技  完成  日J=19.0 周J=49.67 月J=None MA20=55.943 MA60=None 多头=None 价=54.79 涨=-1.37%  PE=45.46(12.77%) PB=27.61(44.68%)
2026-10-02 23:56:36  [  2] 601398 工商银行  完成  日J=87.89 周J=98.48 月J=107.9 MA20=8.114 MA60=7.835 多头=1 价=8.28 涨=1.47%  PE=7.89(97.08%) PB=0.74(72.87%)
2026-10-02 23:56:36  [  3] 601939 建设银行  完成  日J=89.08 周J=88.8 月J=105.4 MA20=10.93 MA60=10.542 多头=1 价=11.06 涨=0.27%  PE=8.35(97.79%) PB=0.81(75.13%)
2026-10-02 23:56:36  [  7] 601857 中国石油  完成  日J=109.42 周J=75.4 月J=50.0 MA20=10.899 MA60=10.608 多头=1 价=11.21 涨=0.81%  PE=11.65(50.68%) PB=1.25(92.28%)
2026-10-02 23:56:37  [  5] 601988 中国银行  完成  日J=79.98 周J=97.74 月J=109.22 MA20=6.577 MA60=6.184 多头=1 价=6.73 涨=1.2%  PE=8.71(100.0%) PB=0.79(95.24%)
2026-10-02 23:56:37  [  4] 601288 农业银行  完成  日J=91.86 周J=80.73 月J=60.75 MA20=6.897 MA60=6.71 多头=1 价=6.97 涨=0.43%  PE=8.19(93.55%) PB=0.85(86.95%)
2026-10-02 23:56:38  [  9] 600519 贵州茅台  完成  日J=61.02 周J=-0.38 月J=32.51 MA20=1273.418 MA60=1288.788 多头=0 价=1258.62 涨=1.86%  PE=19.32(2.4%) PB=6.26(2.64%)
2026-10-02 23:56:38  [ 10] 300750 宁德时代  完成  日J=16.24 周J=-10.58 月J=-3.83 MA20=318.461 MA60=360.611 多头=0 价=291.11 涨=1.5%  PE=15.85(2.23%) PB=3.55(1.73%)
2026-10-02 23:56:39  [ 12] 600036 招商银行  完成  日J=69.18 周J=81.36 月J=100.7 MA20=41.006 MA60=39.547 多头=1 价=41.26 涨=1.85%  PE=6.86(33.73%) PB=0.91(17.95%)
2026-10-02 23:56:39  [ 11] 601138 工业富联  完成  日J=-4.66 周J=30.91 月J=26.58 MA20=62.416 MA60=62.483 多头=0 价=58.2 涨=-0.38%  PE=24.62(84.5%) PB=6.57(88.31%)
2026-10-02 23:56:39  [ 14] 601088 中国神华  完成  日J=82.9 周J=77.65 月J=81.24 MA20=47.25 MA60=45.731 多头=1 价=47.8 涨=1.06%  PE=19.21(97.83%) PB=2.3(99.06%)
2026-10-02 23:56:39  [ 13] 601628 中国人寿  完成  日J=-1.08 周J=1.19 月J=23.66 MA20=37.922 MA60=38.303 多头=0 价=36.7 涨=0.22%  PE=4.19(0.09%) PB=1.56(2.83%)
2026-10-02 23:56:40  [ 15] 601318 中国平安  完成  日J=35.09 周J=32.75 月J=21.63 MA20=54.413 MA60=52.916 多头=1 价=53.29 涨=1.5%  PE=6.06(0.19%) PB=0.94(17.85%)
2026-10-02 23:56:40  [ 16] 688981 中芯国际  完成  日J=2.05 周J=2.37 月J=27.16 MA20=119.63 MA60=130.613 多头=0 价=111.99 涨=-4.7%  PE=133.05(62.47%) PB=5.59(79.97%)
2026-10-02 23:56:41  [ 22] 601658 邮储银行  完成  日J=92.16 周J=75.19 月J=89.65 MA20=5.401 MA60=5.166 多头=1 价=5.46 涨=0.92%  PE=7.31(79.3%) PB=0.63(31.23%)
2026-10-02 23:56:41  [ 18] 601899 紫金矿业  完成  日J=17.94 周J=-5.83 月J=22.73 MA20=31.916 MA60=31.856 多头=1 价=29.79 涨=1.12%  PE=11.71(3.3%) PB=3.92(70.51%)
2026-10-02 23:56:41  [ 17] 300308 中际旭创  完成  日J=-19.01 周J=13.13 月J=21.75 MA20=878.3 MA60=942.963 多头=0 价=808.44 涨=-0.56%  PE=46.56(48.28%) PB=23.89(93.74%)
2026-10-02 23:56:41  [ 19] 002594 比亚迪  完成  日J=11.6 周J=-5.36 月J=23.19 MA20=85.081 MA60=89.061 多头=0 价=83.31 涨=1.57%  PE=25.81(22.19%) PB=3.17(24.63%)
2026-10-02 23:56:42  [ 20] 600900 长江电力  完成  日J=84.59 周J=47.73 月J=91.25 MA20=28.312 MA60=28.25 多头=1 价=28.54 涨=0.56%  PE=19.29(53.32%) PB=3.23(86.06%)
2026-10-02 23:56:42  [ 23] 600028 XD中国石  完成  日J=96.98 周J=51.93 月J=19.23 MA20=5.269 MA60=5.109 多头=1 价=5.28 涨=2.03%  PE=17.73(85.26%) PB=0.76(36.6%)
2026-10-02 23:56:42  [ 24] 688256 寒武纪  完成  日J=-5.97 周J=33.34 月J=32.95 MA20=1077.222 MA60=1139.642 多头=0 价=1009.01 涨=-3.54%  PE=190.43(76.63%) PB=46.81(80.54%)
2026-10-02 23:56:44  [ 28] 688041 海光信息  完成  日J=0.78 周J=10.86 月J=7.18 MA20=238.905 MA60=273.275 多头=0 价=226.8 涨=-3.85%  PE=167.78(56.23%) PB=20.78(71.29%)
2026-10-02 23:56:44  [ 26] 601728 中国电信  完成  日J=95.34 周J=48.88 月J=69.57 MA20=6.214 MA60=6.115 多头=1 价=6.28 涨=0.16%  PE=19.31(78.77%) PB=1.22(58.51%)
2026-10-02 23:56:44  [ 25] 000333 美的集团  完成  日J=12.77 周J=0.5 月J=69.62 MA20=84.624 MA60=84.496 多头=1 价=80.1 涨=-1.91%  PE=13.77(39.66%) PB=2.89(44.84%)
2026-10-02 23:56:44  [ 27] 300502 新易盛  完成  日J=-17.44 周J=27.35 月J=28.37 MA20=415.562 MA60=440.411 多头=0 价=389.0 涨=-1.0%  PE=41.36(32.74%) PB=22.33(90.01%)
2026-10-02 23:56:45  [ 29] 603259 药明康德  完成  日J=53.04 周J=84.66 月J=94.39 MA20=159.267 MA60=147.574 多头=1 价=167.34 涨=4.16%  PE=23.44(36.09%) PB=6.09(54.26%)
2026-10-02 23:56:45  [ 31] 002371 北方华创  完成  日J=-12.19 周J=3.24 月J=32.28 MA20=650.861 MA60=704.402 多头=0 价=615.97 涨=-2.07%  PE=78.64(40.7%) PB=11.02(74.61%)
2026-10-02 23:56:46  [ 33] 600030 中信证券  完成  日J=0.39 周J=-7.07 月J=56.09 MA20=26.831 MA60=27.573 多头=0 价=25.86 涨=0.15%  PE=10.19(0.09%) PB=1.37(35.28%)
2026-10-02 23:56:46  [ 21] 601328 交通银行  完成  日J=94.4 周J=100.79 月J=111.29 MA20=7.496 MA60=7.155 多头=1 价=7.75 涨=1.71%  PE=7.03(96.14%) PB=0.59(70.94%)
2026-10-02 23:56:46  [ 34] 688347 华虹宏力  完成  日J=-1.28 周J=-3.5 月J=30.15 MA20=224.719 MA60=265.284 多头=0 价=207.92 涨=-5.1%  PE=571.89(65.62%) PB=8.48(89.67%)
2026-10-02 23:56:47  [ 35] 002475 立讯精密  完成  日J=-1.75 周J=4.64 月J=10.65 MA20=53.659 MA60=56.544 多头=0 价=49.43 涨=-1.92%  PE=21.5(11.12%) PB=4.11(12.25%)
2026-10-02 23:56:47  [ 36] 601166 兴业银行  完成  日J=87.51 周J=24.45 月J=41.26 MA20=17.956 MA60=18.047 多头=0 价=18.05 涨=1.46%  PE=5.06(40.6%) PB=0.46(6.41%)
2026-10-02 23:56:48  [ 32] 688235 百济神州  完成  日J=50.95 周J=10.5 月J=55.41 MA20=260.384 MA60=270.158 多头=0 价=264.41 涨=1.91%  PE=95.25(88.39%) PB=11.51(72.57%)
2026-10-02 23:56:48  [ 30] 601998 中信银行  完成  日J=82.82 周J=103.73 月J=103.16 MA20=8.942 MA60=8.185 多头=1 价=9.1 涨=0.89%  PE=7.06(93.83%) PB=0.68(79.7%)
2026-10-02 23:56:48  [ 37] 603993 洛阳钼业  完成  日J=16.2 周J=-8.47 月J=-2.15 MA20=17.873 MA60=18.475 多头=0 价=16.88 涨=0.78%  PE=12.98(9.99%) PB=4.03(83.18%)
2026-10-02 23:56:49  [ 38] 601319 中国人保  完成  日J=67.41 周J=90.61 月J=35.44 MA20=7.923 MA60=7.412 多头=1 价=7.98 涨=-0.99%  PE=6.21(0.73%) PB=1.04(32.65%)
2026-10-02 23:56:49  [ 40] 600000 浦发银行  完成  日J=104.59 周J=50.24 月J=33.67 MA20=9.199 MA60=9.132 多头=1 价=9.48 涨=3.27%  PE=6.16(72.68%) PB=0.42(33.87%)
2026-10-02 23:56:49  [ 39] 601869 长飞光纤  完成  日J=2.12 周J=88.03 月J=52.78 MA20=433.933 MA60=385.036 多头=1 价=411.16 涨=0.79%  PE=98.88(87.34%) PB=20.8(96.03%)
2026-10-02 23:56:50  [ 42] 600276 恒瑞医药  完成  日J=97.57 周J=26.05 月J=13.32 MA20=44.813 MA60=50.026 多头=0 价=47.2 涨=3.46%  PE=40.55(3.82%) PB=4.86(1.27%)
2026-10-02 23:56:50  [ 41] 600183 生益科技  完成  日J=-7.36 周J=64.14 月J=52.6 MA20=143.492 MA60=136.046 多头=1 价=129.96 涨=-2.27%  PE=60.77(94.11%) PB=17.06(96.61%)
2026-10-02 23:56:50  [ 44] 688012 中微公司  完成  日J=-14.06 周J=17.51 月J=42.09 MA20=338.759 MA60=362.957 多头=0 价=318.55 涨=-1.92%  PE=72.12(33.14%) PB=10.16(69.26%)
2026-10-02 23:56:50  [ 43] 002384 东山精密  完成  日J=-14.54 周J=18.29 月J=42.06 MA20=186.554 MA60=200.338 多头=0 价=167.4 涨=-2.23%  PE=85.53(87.19%) PB=12.58(94.77%)
2026-10-02 23:56:51  [ 45] 601601 中国太保  完成  日J=22.29 周J=18.96 月J=12.29 MA20=32.403 MA60=31.461 多头=1 价=31.06 涨=2.17%  PE=5.3(0.66%) PB=0.94(9.75%)
2026-10-02 23:56:51  [ 47] 601211 国泰海通  完成  日J=1.74 周J=-0.17 月J=37.19 MA20=17.424 MA60=17.985 多头=0 价=16.87 涨=1.32%  PE=9.17(1.46%) PB=0.9(13.94%)
2026-10-02 23:56:51  [ 46] 002415 海康威视  完成  日J=23.77 周J=-8.83 月J=57.17 MA20=33.311 MA60=34.49 多头=0 价=32.46 涨=1.09%  PE=18.1(4.57%) PB=3.53(12.76%)
2026-10-02 23:56:52  [ 48] 600150 中国船舶  完成  日J=32.17 周J=84.24 月J=57.46 MA20=38.529 MA60=35.545 多头=1 价=39.1 涨=0.39%  PE=20.98(25.91%) PB=1.93(43.48%)
2026-10-02 23:56:52  [ 49] 300394 天孚通信  完成  日J=19.11 周J=88.62 月J=43.9 MA20=263.106 MA60=245.766 多头=1 价=260.77 涨=1.87%  PE=122.49(94.87%) PB=45.52(96.33%)
2026-10-02 23:56:52  [ 50] 300059 东方财富  完成  日J=-2.39 周J=-5.3 月J=10.63 MA20=18.508 MA60=19.32 多头=0 价=17.79 涨=0.11%  PE=19.3(0.09%) PB=2.86(6.59%)
2026-10-02 23:56:53  [ 51] 000858 五 粮 液  完成  日J=37.21 周J=2.66 月J=5.69 MA20=70.224 MA60=72.414 多头=0 价=70.06 涨=1.88%  PE=20.79(22.66%) PB=2.3(0.71%)
2026-10-02 23:56:53  [ 52] 002916 深南电路  完成  日J=-3.67 周J=77.66 月J=51.62 MA20=380.245 MA60=365.622 多头=1 价=373.01 涨=-0.69%  PE=60.97(91.8%) PB=14.09(92.51%)
2026-10-02 23:56:54  [ 58] 688808 联讯仪器  完成  日J=38.96 周J=65.0 月J=69.62 MA20=1614.711 MA60=1474.035 多头=1 价=1546.63 涨=3.38%  PE=343.45(5.5%) PB=69.37(40.37%)
2026-10-02 23:56:54  [ 53] 601225 陕西煤业  完成  日J=84.44 周J=52.07 月J=86.22 MA20=25.876 MA60=25.332 多头=1 价=26.03 涨=1.44%  PE=12.37(88.79%) PB=2.5(89.12%)
2026-10-02 23:56:54  [ 54] 601919 中远海控  完成  日J=56.64 周J=42.35 月J=84.23 MA20=16.312 MA60=15.833 多头=1 价=16.37 涨=0.24%  PE=9.34(57.98%) PB=1.07(42.02%)
2026-10-02 23:56:54  [ 55] 603986 兆易创新  完成  日J=-4.75 周J=22.96 月J=10.34 MA20=377.832 MA60=419.054 多头=0 价=353.9 涨=-3.72%  PE=31.42(9.09%) PB=6.68(39.28%)
2026-10-02 23:56:54  [ 56] 688008 澜起科技  完成  日J=26.26 周J=50.45 月J=31.57 MA20=200.47 MA60=210.938 多头=0 价=202.31 涨=-4.84%  PE=80.33(49.69%) PB=11.48(73.9%)
2026-10-02 23:56:54  [ 57] 002714 牧原股份  完成  日J=97.92 周J=58.14 月J=54.89 MA20=42.206 MA60=40.374 多头=1 价=42.45 涨=0.38%  PE=-218.65(13.14%) PB=3.1(12.62%)
2026-10-02 23:56:55  [ 59] 300408 三环集团  完成  日J=-7.73 周J=54.88 月J=47.74 MA20=121.126 MA60=117.316 多头=1 价=117.33 涨=-1.1%  PE=70.71(96.33%) PB=10.35(97.32%)
2026-10-02 23:56:56  [ 60] 002142 宁波银行  完成  日J=80.44 周J=85.43 月J=96.85 MA20=34.826 MA60=33.092 多头=1 价=35.43 涨=1.78%  PE=7.52(38.2%) PB=0.96(33.3%)
2026-10-02 23:56:56  [ 63] 000001 平安银行  完成  日J=59.65 周J=65.45 月J=106.68 MA20=11.485 MA60=11.127 多头=1 价=11.57 涨=1.94%  PE=5.17(32.74%) PB=0.48(11.63%)
2026-10-02 23:56:57  [ 64] 002463 沪电股份  完成  日J=-1.84 周J=69.38 月J=50.06 MA20=122.968 MA60=120.72 多头=1 价=115.93 涨=-2.64%  PE=44.06(91.0%) PB=12.4(96.28%)
2026-10-02 23:56:57  [ 65] 603268 松发股份  完成  日J=67.12 周J=87.84 月J=93.06 MA20=201.891 MA60=179.299 多头=1 价=213.66 涨=-0.17%  PE=38.76(52.1%) PB=16.67(85.92%)
2026-10-02 23:56:57  [ 62] 600919 江苏银行  完成  日J=82.61 周J=62.75 月J=101.6 MA20=12.257 MA60=11.861 多头=1 价=12.38 涨=1.81%  PE=6.29(86.76%) PB=0.84(92.37%)
2026-10-02 23:56:57  [ 61] 601816 京沪高铁  完成  日J=47.66 周J=-5.62 月J=70.78 MA20=4.792 MA60=4.851 多头=0 价=4.76 涨=1.28%  PE=17.09(1.48%) PB=1.11(1.78%)
2026-10-02 23:56:57  [ 68] 688820 盛合晶微  完成  日J=-18.59 周J=14.66 月J=12.08 MA20=129.099 MA60=138.422 多头=0 价=115.78 涨=-4.32%  PE=230.67(11.61%) PB=11.18(1.79%)
2026-10-02 23:56:57  [ 66] 000338 潍柴动力  完成  日J=8.15 周J=1.97 月J=40.8 MA20=26.283 MA60=27.298 多头=0 价=25.1 涨=0.4%  PE=16.7(76.07%) PB=2.26(70.33%)
2026-10-02 23:56:58  [ 67] 600309 万华化学  完成  日J=24.1 周J=0.33 月J=6.83 MA20=72.842 MA60=72.737 多头=1 价=68.9 涨=1.83%  PE=13.1(23.93%) PB=1.9(4.66%)
2026-10-02 23:56:59  [ 73] 300476 胜宏科技  完成  日J=-8.19 周J=34.06 月J=0.02 MA20=228.056 MA60=241.89 多头=0 价=210.3 涨=-2.98%  PE=41.12(75.37%) PB=5.45(79.37%)
2026-10-02 23:56:59  [ 70] 003816 中国广核  完成  日J=49.08 周J=68.58 月J=40.68 MA20=4.279 MA60=4.092 多头=1 价=4.23 涨=0.48%  PE=21.53(88.27%) PB=1.73(77.18%)
2026-10-02 23:56:59  [ 75] 688802 沐曦股份-U  完成  日J=29.7 周J=15.9 月J=22.65 MA20=545.755 MA60=692.413 多头=0 价=497.08 涨=-4.12%  PE=22354.98(91.67%) PB=14.34(3.12%)
2026-10-02 23:56:59  [ 71] 002379 宏桥控股  完成  日J=31.43 周J=-5.39 月J=-0.61 MA20=17.652 MA60=18.3 多头=0 价=16.28 涨=-0.12%  PE=8.6(60.57%) PB=3.66(74.56%)
2026-10-02 23:56:59  [ 69] 000651 格力电器  完成  日J=53.15 周J=15.25 月J=84.98 MA20=38.471 MA60=38.477 多头=0 价=38.28 涨=0.47%  PE=7.69(25.72%) PB=1.44(3.11%)
2026-10-02 23:57:00  [ 74] 688498 源杰科技  完成  日J=0.16 周J=79.9 月J=68.34 MA20=1680.601 MA60=1546.061 多头=1 价=1613.0 涨=-1.56%  PE=267.14(49.78%) PB=63.92(94.87%)
2026-10-02 23:57:00  [ 72] 000725 京东方Ａ  完成  日J=32.33 周J=49.92 月J=32.53 MA20=5.678 MA60=5.955 多头=0 价=5.72 涨=0.18%  PE=26.97(47.95%) PB=1.59(71.08%)
2026-10-02 23:57:01  [ 76] 300760 迈瑞医疗  完成  日J=101.15 周J=49.41 月J=47.17 MA20=161.387 MA60=154.814 多头=1 价=161.32 涨=1.45%  PE=24.86(13.03%) PB=4.82(4.71%)
2026-10-02 23:57:01  [ 80] 688072 拓荆科技  完成  日J=-8.54 周J=44.05 月J=47.05 MA20=662.388 MA60=696.908 多头=0 价=640.0 涨=-2.54%  PE=85.97(35.89%) PB=14.71(80.85%)
2026-10-02 23:57:01  [ 78] 603288 海天味业  完成  日J=18.75 周J=-1.96 月J=19.88 MA20=33.915 MA60=35.226 多头=0 价=33.17 涨=0.79%  PE=26.49(0.19%) PB=4.96(1.22%)
2026-10-02 23:57:02  [ 81] 601985 中国核电  完成  日J=80.81 周J=65.14 月J=86.58 MA20=8.997 MA60=8.903 多头=1 价=9.07 涨=0.55%  PE=25.63(99.62%) PB=1.58(40.93%)
2026-10-02 23:57:02  [ 82] 688795 摩尔线程-U  完成  日J=36.35 周J=25.08 月J=10.03 MA20=415.189 MA60=533.549 多头=0 价=393.94 涨=-3.8%  PE=-249.75(71.0%) PB=15.21(3.5%)
2026-10-02 23:57:02  [ 77] 600188 兖矿能源  完成  日J=38.48 周J=13.23 月J=49.22 MA20=20.414 MA60=20.468 多头=0 价=19.44 涨=0.93%  PE=18.25(92.37%) PB=2.54(71.22%)
2026-10-02 23:57:02  [ 83] 002938 鹏鼎控股  完成  日J=0.25 周J=10.07 月J=43.23 MA20=87.376 MA60=90.516 多头=0 价=79.55 涨=-0.5%  PE=48.66(94.61%) PB=5.36(83.32%)
2026-10-02 23:57:02  [ 79] 600690 海尔智家  完成  日J=51.22 周J=9.65 月J=26.74 MA20=20.866 MA60=20.891 多头=0 价=20.42 涨=1.04%  PE=10.65(4.29%) PB=1.59(2.64%)
2026-10-02 23:57:03  [ 87] 688801 燧原科技-U  完成  日J=-9.91 周J=None 月J=None MA20=None MA60=None 多头=None 价=420.4 涨=-4.71%  PE=-152.58(92.31%) PB=68.43(15.38%)
2026-10-02 23:57:03  [ 86] 688836 宇树科技-W  完成  日J=-5.66 周J=1.34 月J=None MA20=496.64 MA60=None 多头=None 价=450.4 涨=-0.14%  PE=311.81(3.33%) PB=63.25(3.33%)
2026-10-02 23:57:03  [ 84] 600025 华能水电  完成  日J=85.97 周J=37.48 月J=69.84 MA20=9.751 MA60=9.787 多头=0 价=9.89 涨=1.12%  PE=22.28(80.83%) PB=2.64(75.37%)
2026-10-02 23:57:04  [ 85] 601898 中煤能源  完成  日J=45.84 周J=25.37 月J=21.97 MA20=14.424 MA60=14.001 多头=1 价=13.8 涨=-0.72%  PE=9.98(45.08%) PB=1.1(81.68%)
2026-10-02 23:57:04  [ 89] 601818 光大银行  完成  日J=51.02 周J=29.81 月J=46.35 MA20=3.029 MA60=3.047 多头=0 价=3.04 涨=1.0%  PE=5.46(63.17%) PB=0.35(1.65%)
2026-10-02 23:57:05  [ 88] 600406 国电南瑞  完成  日J=93.3 周J=11.29 月J=4.67 MA20=22.203 MA60=22.901 多头=0 价=22.52 涨=1.4%  PE=21.53(12.34%) PB=3.47(26.1%)
2026-10-02 23:57:05  [ 91] 601066 中信建投  完成  日J=5.36 周J=-1.62 月J=32.82 MA20=23.89 MA60=25.258 多头=0 价=23.03 涨=0.09%  PE=14.21(0.5%) PB=2.04(10.59%)
2026-10-02 23:57:05  [ 92] 601766 中国中车  完成  日J=113.82 周J=64.05 月J=65.16 MA20=6.094 MA60=5.947 多头=1 价=6.19 涨=1.14%  PE=12.76(7.25%) PB=1.01(15.45%)
2026-10-02 23:57:06  [ 93] 601336 新华保险  完成  日J=6.65 周J=-4.08 月J=2.03 MA20=58.669 MA60=59.871 多头=0 价=56.35 涨=0.73%  PE=3.97(0.14%) PB=1.42(38.58%)
2026-10-02 23:57:06  [ 90] 601668 中国建筑  完成  日J=72.67 周J=5.21 月J=38.7 MA20=4.316 MA60=4.442 多头=0 价=4.34 涨=1.64%  PE=5.66(77.67%) PB=0.36(0.71%)
2026-10-02 23:57:06  [ 94] 600887 伊利股份  完成  日J=103.72 周J=85.69 月J=81.99 MA20=26.699 MA60=26.342 多头=1 价=27.3 涨=0.22%  PE=17.06(21.71%) PB=3.22(19.59%)
2026-10-02 23:57:07  [ 99] 600930 华电新能  完成  日J=14.61 周J=13.22 月J=-2.52 MA20=3.918 MA60=4.122 多头=0 价=3.88 涨=1.57%  PE=33.29(71.62%) PB=1.46(1.35%)
2026-10-02 23:57:07  [ 96] 300433 蓝思科技  完成  日J=7.12 周J=15.51 月J=21.22 MA20=33.921 MA60=35.947 多头=0 价=32.31 涨=2.7%  PE=49.41(79.18%) PB=3.23(72.77%)
2026-10-02 23:57:07  [ 95] 300274 阳光电源  完成  日J=7.72 周J=1.9 月J=-17.11 MA20=85.438 MA60=101.283 多头=0 价=82.49 涨=-0.39%  PE=15.57(21.81%) PB=3.41(29.63%)
2026-10-02 23:57:07  [ 98] 601872 招商轮船  完成  日J=-3.58 周J=72.65 月J=77.32 MA20=20.351 MA60=18.035 多头=1 价=20.15 涨=1.31%  PE=15.0(50.87%) PB=3.47(99.01%)
2026-10-02 23:57:08  [100] 600031 三一重工  完成  日J=23.56 周J=-3.95 月J=16.84 MA20=18.746 MA60=19.111 多头=0 价=17.49 涨=2.52%  PE=18.1(38.77%) PB=1.75(3.3%)
2026-10-02 23:57:08  [101] 300604 长川科技  完成  日J=-14.65 周J=24.76 月J=46.38 MA20=264.256 MA60=280.095 多头=0 价=239.79 涨=-3.27%  PE=82.87(28.31%) PB=27.5(95.85%)
2026-10-02 23:57:08  [102] 002352 顺丰控股  完成  日J=55.66 周J=0.85 月J=16.33 MA20=30.901 MA60=32.224 多头=0 价=30.67 涨=0.52%  PE=14.39(0.28%) PB=1.52(0.19%)
2026-10-02 23:57:09  [104] 301666 大普微-UW  完成  日J=-10.5 周J=3.17 月J=7.26 MA20=390.293 MA60=437.904 多头=0 价=339.9 涨=-4.47%  PE=122.83(8.7%) PB=40.66(0.87%)
2026-10-02 23:57:10  [105] 301377 鼎泰高科  完成  日J=-12.85 周J=17.38 月J=31.95 MA20=386.053 MA60=407.238 多头=0 价=341.0 涨=-2.21%  PE=151.73(80.68%) PB=46.3(90.61%)
2026-10-02 23:57:10  [106] 600487 亨通光电  完成  日J=-15.58 周J=55.48 月J=19.76 MA20=65.049 MA60=62.45 多头=1 价=54.86 涨=-3.94%  PE=32.32(92.56%) PB=4.01(88.37%)
2026-10-02 23:57:11  [103] 601688 华泰证券  完成  日J=3.42 周J=-3.46 月J=4.43 MA20=18.692 MA60=19.145 多头=0 价=17.8 涨=0.45%  PE=7.83(0.09%) PB=0.9(24.54%)
2026-10-02 23:57:11  [108] 600547 山东黄金  完成  日J=14.78 周J=10.46 月J=8.79 MA20=33.267 MA60=30.633 多头=1 价=27.3 涨=3.06%  PE=22.99(8.2%) PB=3.8(35.94%)
2026-10-02 23:57:11  [ 97] 600989 宝丰能源  完成  日J=25.67 周J=15.11 月J=13.47 MA20=23.641 MA60=22.935 多头=1 价=22.46 涨=0.22%  PE=10.72(0.22%) PB=2.98(43.22%)
2026-10-02 23:57:11  [109] 000776 广发证券  完成  日J=0.85 周J=4.89 月J=40.03 MA20=20.897 MA60=21.099 多头=0 价=19.88 涨=0.71%  PE=8.24(0.14%) PB=1.13(38.53%)
2026-10-02 23:57:12  [110] 302132 中航成飞  完成  日J=26.13 周J=23.12 月J=12.74 MA20=60.844 MA60=58.368 多头=1 价=57.76 涨=1.33%  PE=47.8(70.7%) PB=7.39(60.15%)
2026-10-02 23:57:12  [111] 601600 中国铝业  完成  日J=36.13 周J=8.39 月J=2.64 MA20=9.353 MA60=9.272 多头=1 价=8.93 涨=-0.11%  PE=8.77(2.17%) PB=1.81(62.08%)
2026-10-02 23:57:12  [113] 601091 C沈鼓  完成  日J=-0.23 周J=None 月J=None MA20=None MA60=None 多头=None 价=23.15 涨=-8.1%  PE=98.23(22.22%) PB=12.78(22.22%)
2026-10-02 23:57:13  [112] 600362 江西铜业  完成  日J=16.47 周J=4.12 月J=4.9 MA20=44.919 MA60=44.516 多头=1 价=41.8 涨=0.14%  PE=12.49(35.47%) PB=1.65(89.78%)
2026-10-02 23:57:14  [107] 600176 中国巨石  完成  日J=-10.75 周J=45.4 月J=26.8 MA20=43.557 MA60=43.277 多头=1 价=39.41 涨=-0.71%  PE=34.81(91.9%) PB=4.76(95.62%)
2026-10-02 23:57:14  全部完成，结果已写入 /home/runner/work/daily-stock-metrics/daily-stock-metrics/output/2026-10-02/metrics_2026-10-02.csv
2026-10-02 23:57:14  步骤2完成 -> /home/runner/work/daily-stock-metrics/daily-stock-metrics/output/2026-10-02/metrics_2026-10-02.csv
2026-10-02 23:57:14  步骤2.5: 获取全市场大盘温度（活跃市值指标）…
2026-10-02 23:58:01  步骤2.5失败(不影响主流程): ConnectionError: ('Connection aborted.', RemoteDisconnected('Remote end closed connection without response'))
2026-10-02 23:58:01  步骤2.6: 本地聚合 → 行业板块温度 / 大盘宽度仪表盘 / 机会榜
2026-10-02 23:58:01    - 板块温度: 12 个行业
2026-10-02 23:58:01    - 机会榜: 超跌 30 / 超买 18
2026-10-02 23:58:01  步骤2.6完成
2026-10-02 23:58:01  步骤3: 生成 HTML 总结报告…
2026-10-02 23:58:02  步骤3完成 -> /home/runner/work/daily-stock-metrics/daily-stock-metrics/output/2026-10-02/report_2026-10-02.html
2026-10-02 23:58:02  步骤4: 生成个股股价走势图（含每日信号）…
2026-10-02 23:58:02  步骤4完成 -> /home/runner/work/daily-stock-metrics/daily-stock-metrics/output/stock_charts.html
2026-10-02 23:58:02  步骤4.5: 生成昨日推荐回顾…
2026-10-02 23:58:02  步骤4.5完成 -> 已追加昨日推荐回顾
2026-10-02 23:58:02  步骤5: 发送邮件报告…
2026-10-02 23:58:06  步骤5完成: 邮件已发送
2026-10-02 23:58:06  ===== 全部完成 2026-10-02 =====
