2026-09-03 20:49:54  ===== 开始每日指标任务 2026-09-03 =====
2026-09-03 20:49:54  步骤1: 获取 A股市值前100…
2026-09-03 20:49:55  步骤1完成 -> /home/runner/work/daily-stock-metrics/daily-stock-metrics/output/2026-09-03/top100_2026-09-03.csv
2026-09-03 20:49:55  步骤2: 计算 KDJ-J(日/周/月) 及 PE/PB 历史分位…
2026-09-03 20:49:55  观察池: 共105只(含历史追踪5只) -> /home/runner/work/daily-stock-metrics/daily-stock-metrics/output/2026-09-03/tracked_2026-09-03.csv
2026-09-03 20:49:55  待处理 105 条，并发数 8
2026-09-03 20:49:58  [  1] 688825 长鑫科技  完成  日J=11.3 周J=81.16 月J=None MA20=56.059 MA60=None 多头=None 价=55.55 涨=2.26%  PE=46.09(6.9%) PB=27.99(58.62%)
2026-09-03 20:49:59  [  8] 600519 贵州茅台  完成  日J=68.6 周J=73.8 月J=40.56 MA20=1310.238 MA60=1269.11 多头=1 价=1298.88 涨=0.11%  PE=19.94(6.41%) PB=6.46(3.09%)
2026-09-03 20:49:59  [  4] 601288 农业银行  完成  日J=61.98 周J=89.69 月J=57.26 MA20=6.719 MA60=6.538 多头=1 价=6.89 涨=-2.41%  PE=8.09(92.26%) PB=0.84(84.32%)
2026-09-03 20:49:59  [  2] 601398 工商银行  完成  日J=75.4 周J=87.06 月J=99.67 MA20=7.792 MA60=7.584 多头=1 价=8.1 涨=-1.46%  PE=7.72(95.77%) PB=0.73(69.36%)
2026-09-03 20:49:59  [  7] 601857 中国石油  完成  日J=50.44 周J=101.91 月J=45.83 MA20=11.027 MA60=10.299 多头=1 价=11.21 涨=-0.44%  PE=11.65(50.45%) PB=1.25(92.4%)
2026-09-03 20:49:59  [  3] 601939 建设银行  完成  日J=74.91 周J=91.07 月J=102.46 MA20=10.551 MA60=10.191 多头=1 价=10.95 涨=-1.71%  PE=8.27(97.67%) PB=0.8(74.35%)
2026-09-03 20:49:59  [  5] 600941 中国移动  完成  日J=100.69 周J=106.77 月J=99.09 MA20=97.578 MA60=94.16 多头=1 价=100.53 涨=-0.27%  PE=16.55(73.21%) PB=1.53(42.09%)
2026-09-03 20:49:59  [  6] 601988 中国银行  完成  日J=81.87 周J=97.34 月J=102.86 MA20=6.122 MA60=5.94 多头=1 价=6.54 涨=-2.1%  PE=8.46(99.9%) PB=0.77(94.16%)
2026-09-03 20:50:00  [  9] 300750 宁德时代  完成  日J=-3.28 周J=22.74 月J=7.39 MA20=381.052 MA60=382.792 多头=0 价=349.5 涨=0.35%  PE=19.02(10.35%) PB=4.26(13.25%)
2026-09-03 20:50:01  [ 13] 688981 中芯国际  完成  日J=55.52 周J=4.75 月J=38.02 MA20=126.932 MA60=137.692 多头=0 价=123.87 涨=1.08%  PE=147.14(65.17%) PB=6.19(86.11%)
2026-09-03 20:50:01  [ 12] 601628 中国人寿  完成  日J=79.73 周J=47.97 月J=33.86 MA20=37.803 MA60=37.701 多头=1 价=39.27 涨=2.94%  PE=4.48(0.24%) PB=1.67(8.55%)
2026-09-03 20:50:01  [ 14] 601318 中国平安  完成  日J=93.37 周J=106.91 月J=32.69 MA20=54.127 MA60=52.464 多头=1 价=58.0 涨=2.42%  PE=6.59(0.76%) PB=1.02(33.02%)
2026-09-03 20:50:01  [ 11] 601138 工业富联  完成  日J=58.28 周J=63.17 月J=36.93 MA20=64.171 MA60=64.924 多头=0 价=63.2 涨=2.27%  PE=26.73(86.81%) PB=7.14(91.5%)
2026-09-03 20:50:01  [ 10] 600938 中国海油  完成  日J=38.16 周J=102.2 月J=30.9 MA20=33.358 MA60=31.04 多头=1 价=33.43 涨=-1.01%  PE=11.48(85.12%) PB=1.86(76.74%)
2026-09-03 20:50:01  [ 15] 601088 中国神华  完成  日J=41.06 周J=102.98 月J=81.11 MA20=46.304 MA60=43.724 多头=1 价=47.78 涨=-0.56%  PE=19.2(97.86%) PB=2.3(99.1%)
2026-09-03 20:50:02  [ 16] 600036 招商银行  完成  日J=98.45 周J=96.43 月J=103.39 MA20=39.336 MA60=38.138 多头=1 价=41.07 涨=0.49%  PE=6.83(32.68%) PB=0.9(16.86%)
2026-09-03 20:50:03  [ 17] 300308 中际旭创  完成  日J=1.86 周J=-1.19 月J=22.14 MA20=891.328 MA60=1047.201 多头=0 价=813.0 涨=-1.14%  PE=46.82(49.07%) PB=24.03(94.58%)
2026-09-03 20:50:03  [ 20] 600900 长江电力  完成  日J=76.75 周J=64.71 月J=89.75 MA20=28.175 MA60=27.635 多头=1 价=28.44 涨=-0.97%  PE=19.22(52.3%) PB=3.22(85.75%)
2026-09-03 20:50:03  [ 19] 002594 比亚迪  完成  日J=-9.25 周J=42.01 月J=32.28 MA20=89.915 MA60=89.155 多头=1 价=87.31 涨=0.59%  PE=27.04(23.56%) PB=3.32(26.22%)
2026-09-03 20:50:04  [ 23] 600028 中国石化  完成  日J=69.21 周J=94.97 月J=20.65 MA20=5.223 MA60=5.013 多头=1 价=5.45 涨=0.37%  PE=18.33(87.13%) PB=0.78(39.52%)
2026-09-03 20:50:04  [ 21] 688256 寒武纪  完成  日J=96.93 周J=11.57 月J=40.23 MA20=1082.832 MA60=1238.378 多头=0 价=1099.99 涨=-0.72%  PE=207.6(78.43%) PB=51.03(88.58%)
2026-09-03 20:50:04  [ 22] 000333 美的集团  完成  日J=73.31 周J=81.24 月J=95.55 MA20=85.375 MA60=82.143 多头=1 价=87.25 涨=0.31%  PE=15.0(55.3%) PB=3.14(51.78%)
2026-09-03 20:50:04  [ 18] 601899 紫金矿业  完成  日J=21.36 周J=94.4 月J=36.32 MA20=33.607 MA60=30.484 多头=1 价=33.31 涨=1.09%  PE=13.09(8.79%) PB=4.39(82.19%)
2026-09-03 20:50:04  [ 24] 601658 邮储银行  完成  日J=87.34 周J=71.98 月J=88.83 MA20=5.068 MA60=5.016 多头=1 价=5.45 涨=-1.98%  PE=7.3(78.76%) PB=0.63(29.99%)
2026-09-03 20:50:05  [ 25] 601328 交通银行  完成  日J=74.59 周J=90.17 月J=100.49 MA20=7.09 MA60=6.864 多头=1 价=7.32 涨=-1.48%  PE=6.64(91.07%) PB=0.55(58.43%)
2026-09-03 20:50:06  [ 26] 601728 中国电信  完成  日J=60.6 周J=90.83 月J=68.12 MA20=6.429 MA60=6.045 多头=1 价=6.4 涨=-1.08%  PE=19.68(81.08%) PB=1.24(63.72%)
2026-09-03 20:50:06  [ 27] 688041 海光信息  完成  日J=83.01 周J=-1.06 月J=15.03 MA20=261.602 MA60=300.023 多头=0 价=246.2 涨=-0.41%  PE=182.14(64.47%) PB=22.55(77.06%)
2026-09-03 20:50:06  [ 30] 002371 北方华创  完成  日J=6.6 周J=0.22 月J=37.96 MA20=719.654 MA60=741.075 多头=0 价=655.84 涨=-1.67%  PE=83.73(42.0%) PB=11.74(77.58%)
2026-09-03 20:50:06  [ 31] 603259 药明康德  完成  日J=40.06 周J=73.33 月J=84.48 MA20=160.052 MA60=133.731 多头=1 价=156.63 涨=0.41%  PE=21.67(30.58%) PB=5.63(49.16%)
2026-09-03 20:50:06  [ 29] 601998 中信银行  完成  日J=71.43 周J=108.22 月J=97.55 MA20=8.213 MA60=7.679 多头=1 价=8.78 涨=-0.9%  PE=6.81(90.69%) PB=0.65(74.87%)
2026-09-03 20:50:06  [ 28] 300502 新易盛  完成  日J=5.25 周J=9.25 月J=27.48 MA20=416.216 MA60=480.024 多头=0 价=384.76 涨=-0.5%  PE=40.89(32.07%) PB=22.08(90.17%)
2026-09-03 20:50:06  [ 32] 600030 中信证券  完成  日J=80.84 周J=22.99 月J=79.94 MA20=27.596 MA60=27.94 多头=0 价=27.86 涨=1.42%  PE=10.98(0.33%) PB=1.47(46.37%)
2026-09-03 20:50:07  [ 33] 002475 立讯精密  完成  日J=79.61 周J=27.56 月J=24.74 MA20=56.187 MA60=60.665 多头=0 价=56.17 涨=-1.59%  PE=24.42(28.03%) PB=4.67(31.16%)
2026-09-03 20:50:08  [ 34] 688347 华虹宏力  完成  日J=76.45 周J=0.09 月J=39.6 MA20=251.336 MA60=285.03 多头=0 价=245.28 涨=0.86%  PE=607.91(68.14%) PB=9.01(93.44%)
2026-09-03 20:50:08  [ 35] 688235 百济神州  完成  日J=15.43 周J=38.95 月J=58.61 MA20=284.42 MA60=263.747 多头=1 价=269.08 涨=0.32%  PE=96.93(89.0%) PB=11.71(74.24%)
2026-09-03 20:50:08  [ 37] 601166 兴业银行  完成  日J=49.92 周J=44.16 月J=38.97 MA20=18.033 MA60=17.875 多头=1 价=17.93 涨=0.17%  PE=5.03(38.19%) PB=0.45(5.27%)
2026-09-03 20:50:08  [ 38] 601319 中国人保  完成  日J=96.52 周J=80.4 月J=36.7 MA20=7.181 MA60=7.103 多头=1 价=8.04 涨=1.52%  PE=6.25(0.21%) PB=1.05(33.7%)
2026-09-03 20:50:09  [ 36] 603993 洛阳钼业  完成  日J=17.74 周J=52.87 月J=8.05 MA20=19.03 MA60=18.851 多头=1 价=18.61 涨=0.81%  PE=14.31(12.21%) PB=4.44(89.69%)
2026-09-03 20:50:09  [ 40] 002384 东山精密  完成  日J=-4.42 周J=11.82 月J=46.36 MA20=196.71 MA60=218.191 多头=0 价=179.16 涨=-2.33%  PE=91.54(88.69%) PB=13.47(95.77%)
2026-09-03 20:50:09  [ 39] 600183 生益科技  完成  日J=69.69 周J=64.24 月J=59.87 MA20=138.42 MA60=143.574 多头=0 价=143.19 涨=-1.23%  PE=66.96(97.01%) PB=18.8(98.24%)
2026-09-03 20:50:10  [ 42] 688012 中微公司  完成  日J=1.25 周J=12.92 月J=47.66 MA20=367.661 MA60=377.226 多头=0 价=341.0 涨=-0.84%  PE=77.2(41.47%) PB=10.87(71.14%)
2026-09-03 20:50:10  [ 43] 601869 长飞光纤  完成  日J=48.94 周J=61.55 月J=50.0 MA20=375.548 MA60=402.071 多头=0 价=393.46 涨=-3.52%  PE=94.62(87.63%) PB=19.91(96.15%)
2026-09-03 20:50:11  [ 46] 600000 浦发银行  完成  日J=75.99 周J=69.31 月J=29.58 MA20=9.152 MA60=8.96 多头=1 价=9.27 涨=-0.11%  PE=6.03(69.55%) PB=0.41(30.17%)
2026-09-03 20:50:11  [ 44] 002415 海康威视  完成  日J=61.38 周J=38.03 月J=76.07 MA20=35.111 MA60=34.23 多头=1 价=34.98 涨=-0.57%  PE=19.51(9.41%) PB=3.8(23.14%)
2026-09-03 20:50:11  [ 47] 600276 恒瑞医药  完成  日J=14.6 周J=-8.63 月J=-1.4 MA20=49.92 MA60=51.818 多头=0 价=45.96 涨=0.86%  PE=39.48(2.19%) PB=4.73(0.1%)
2026-09-03 20:50:11  [ 45] 601211 国泰海通  完成  日J=63.24 周J=0.33 月J=45.76 MA20=17.833 MA60=18.16 多头=0 价=17.69 涨=0.45%  PE=9.62(4.09%) PB=0.94(26.94%)
2026-09-03 20:50:11  [ 41] 601601 中国太保  完成  日J=94.03 周J=98.35 月J=23.78 MA20=31.244 MA60=30.598 多头=1 价=34.04 涨=3.69%  PE=5.81(3.04%) PB=1.03(19.52%)
2026-09-03 20:50:12  [ 52] 688802 沐曦股份-U  完成  日J=29.23 周J=-5.93 月J=41.93 MA20=704.227 MA60=759.007 多头=0 价=660.15 涨=-0.6%  PE=29688.66(98.28%) PB=19.04(37.93%)
2026-09-03 20:50:12  [ 49] 000858 五 粮 液  完成  日J=10.39 周J=28.88 月J=6.88 MA20=72.643 MA60=73.233 多头=0 价=70.68 涨=-0.2%  PE=20.97(23.33%) PB=2.32(0.33%)
2026-09-03 20:50:12  [ 53] 688808 联讯仪器  完成  日J=95.54 周J=98.6 月J=78.52 MA20=2284.351 MA60=2158.73 多头=1 价=2528.0 涨=5.34%  PE=379.31(7.69%) PB=76.61(52.75%)
2026-09-03 20:50:12  [ 50] 300394 天孚通信  完成  日J=18.32 周J=78.45 月J=39.94 MA20=257.518 MA60=256.008 多头=1 价=248.81 涨=-0.48%  PE=116.87(94.63%) PB=43.44(95.68%)
2026-09-03 20:50:13  [ 48] 300059 东方财富  完成  日J=35.13 周J=5.15 月J=21.94 MA20=19.357 MA60=19.773 多头=0 价=19.01 涨=0.53%  PE=20.63(1.81%) PB=3.06(8.98%)
2026-09-03 20:50:13  [ 51] 603986 兆易创新  完成  日J=44.83 周J=1.79 月J=13.97 MA20=405.164 MA60=504.072 多头=0 价=383.2 涨=-1.46%  PE=34.02(10.97%) PB=7.24(41.66%)
2026-09-03 20:50:14  [ 55] 601225 陕西煤业  完成  日J=22.3 周J=95.21 月J=88.24 MA20=26.019 MA60=24.29 多头=1 价=26.24 涨=0.54%  PE=12.47(89.88%) PB=2.52(90.02%)
2026-09-03 20:50:14  [ 54] 600150 中国船舶  完成  日J=54.23 周J=45.29 月J=29.75 MA20=33.975 MA60=34.41 多头=0 价=34.32 涨=1.15%  PE=18.42(25.51%) PB=1.7(21.57%)
2026-09-03 20:50:14  [ 58] 688795 摩尔线程-U  完成  日J=38.4 周J=-3.59 月J=7.32 MA20=553.786 MA60=611.742 多头=0 价=525.17 涨=-1.47%  PE=-332.94(41.76%) PB=20.27(0.55%)
2026-09-03 20:50:15  [ 56] 601919 中远海控  完成  日J=-2.99 周J=87.37 月J=87.73 MA20=16.378 MA60=15.027 多头=1 价=16.57 涨=0.73%  PE=9.46(58.43%) PB=1.08(42.61%)
2026-09-03 20:50:15  [ 57] 002379 宏桥控股  完成  日J=76.74 周J=71.13 月J=11.03 MA20=18.965 MA60=17.819 多头=1 价=19.21 涨=5.09%  PE=10.15(64.61%) PB=4.32(81.76%)
2026-09-03 20:50:15  [ 60] 600309 万华化学  完成  日J=82.32 周J=98.9 月J=26.81 MA20=75.022 MA60=72.837 多头=1 价=77.38 涨=2.93%  PE=14.71(38.1%) PB=2.13(11.12%)
2026-09-03 20:50:15  [ 59] 002714 牧原股份  完成  日J=92.68 周J=103.56 月J=53.42 MA20=40.259 MA60=38.249 多头=1 价=42.08 涨=0.12%  PE=-216.74(13.11%) PB=3.07(11.59%)
2026-09-03 20:50:16  [ 61] 688820 盛合晶微  完成  日J=65.38 周J=4.6 月J=18.62 MA20=133.822 MA60=155.832 多头=0 价=129.26 涨=0.27%  PE=257.53(30.85%) PB=12.48(22.34%)
2026-09-03 20:50:16  [ 62] 601816 京沪高铁  完成  日J=55.56 周J=68.68 月J=82.16 MA20=4.923 MA60=4.789 多头=1 价=4.88 涨=-0.81%  PE=17.52(1.43%) PB=1.14(2.61%)
2026-09-03 20:50:16  [ 63] 002916 深南电路  完成  日J=26.46 周J=30.33 月J=42.75 MA20=363.647 MA60=379.224 多头=0 价=341.54 涨=-1.97%  PE=55.83(84.66%) PB=12.9(90.45%)
2026-09-03 20:50:16  [ 64] 688008 澜起科技  完成  日J=8.53 周J=3.7 月J=27.09 MA20=205.83 MA60=230.308 多头=0 价=190.01 涨=-1.6%  PE=75.45(42.91%) PB=10.78(67.78%)
2026-09-03 20:50:17  [ 69] 688836 宇树科技-W  完成  日J=3.52 周J=None 月J=None MA20=None MA60=None 多头=None 价=550.45 涨=0.81%  PE=381.08(16.67%) PB=77.31(16.67%)
2026-09-03 20:50:17  [ 66] 002142 宁波银行  完成  日J=65.98 周J=102.7 月J=96.19 MA20=33.212 MA60=31.675 多头=1 价=34.4 涨=0.29%  PE=7.3(35.68%) PB=0.94(31.31%)
2026-09-03 20:50:17  [ 67] 000338 潍柴动力  完成  日J=7.29 周J=44.95 月J=45.19 MA20=28.617 MA60=27.883 多头=1 价=26.18 涨=1.16%  PE=17.42(79.52%) PB=2.35(76.44%)
2026-09-03 20:50:18  [ 68] 002463 沪电股份  完成  日J=32.67 周J=41.23 月J=50.47 MA20=120.268 MA60=125.538 多头=0 价=116.42 涨=-1.66%  PE=44.25(91.83%) PB=12.45(97.05%)
2026-09-03 20:50:18  [ 65] 000001 平安银行  完成  日J=80.78 周J=100.09 月J=108.95 MA20=11.457 MA60=11.028 多头=1 价=11.88 涨=-0.25%  PE=5.3(37.29%) PB=0.49(14.87%)
2026-09-03 20:50:18  [ 70] 600919 江苏银行  完成  日J=49.02 周J=90.49 月J=103.48 MA20=11.935 MA60=11.509 多头=1 价=12.12 涨=-0.98%  PE=6.15(82.8%) PB=0.82(90.69%)
2026-09-03 20:50:19  [ 71] 003816 中国广核  完成  日J=100.97 周J=102.49 月J=51.8 MA20=4.029 MA60=3.999 多头=1 价=4.4 涨=1.62%  PE=22.39(92.84%) PB=1.8(84.27%)
2026-09-03 20:50:19  [ 72] 300408 三环集团  完成  日J=51.05 周J=28.49 月J=44.05 MA20=117.67 MA60=125.943 多头=0 价=110.91 涨=2.82%  PE=66.84(96.67%) PB=9.78(97.29%)
2026-09-03 20:50:19  [ 73] 300476 胜宏科技  完成  日J=-3.5 周J=39.95 月J=4.24 MA20=256.33 MA60=273.01 多头=0 价=222.5 涨=-1.19%  PE=43.51(78.15%) PB=5.77(81.33%)
2026-09-03 20:50:20  [ 74] 600188 兖矿能源  完成  日J=30.23 周J=95.39 月J=60.4 MA20=22.035 MA60=20.233 多头=1 价=21.75 涨=-0.91%  PE=20.42(95.06%) PB=2.84(86.03%)
2026-09-03 20:50:20  [ 75] 000651 格力电器  完成  日J=5.57 周J=70.19 月J=90.74 MA20=38.763 MA60=37.644 多头=1 价=38.74 涨=0.68%  PE=7.79(29.41%) PB=1.46(3.66%)
2026-09-03 20:50:20  [ 77] 300760 迈瑞医疗  完成  日J=79.95 周J=104.52 月J=51.94 MA20=157.978 MA60=149.728 多头=1 价=167.67 涨=-0.15%  PE=25.84(17.64%) PB=5.01(5.06%)
2026-09-03 20:50:20  [ 76] 000725 京东方Ａ  完成  日J=47.13 周J=2.73 月J=32.4 MA20=5.921 MA60=6.432 多头=0 价=5.71 涨=-1.38%  PE=26.92(47.65%) PB=1.59(71.02%)
2026-09-03 20:50:21  [ 78] 600690 海尔智家  完成  日J=94.48 周J=76.21 月J=41.16 MA20=21.09 MA60=20.485 多头=1 价=21.82 涨=2.3%  PE=11.38(8.36%) PB=1.7(4.09%)
2026-09-03 20:50:21  [ 79] 603288 海天味业  完成  日J=11.15 周J=15.67 月J=27.23 MA20=35.306 MA60=35.198 多头=1 价=34.12 涨=0.74%  PE=27.28(0.86%) PB=5.11(2.85%)
2026-09-03 20:50:22  [ 81] 002938 鹏鼎控股  完成  日J=10.56 周J=24.27 月J=48.32 MA20=91.95 MA60=95.829 多头=0 价=84.53 涨=-1.48%  PE=51.71(96.01%) PB=5.7(88.13%)
2026-09-03 20:50:22  [ 83] 601066 中信建投  完成  日J=46.23 周J=-0.08 月J=47.42 MA20=25.314 MA60=26.374 多头=0 价=25.0 涨=0.77%  PE=15.43(1.2%) PB=2.21(14.99%)
2026-09-03 20:50:22  [ 82] 603268 松发股份  完成  日J=48.01 周J=99.62 月J=95.97 MA20=182.784 MA60=162.598 多头=1 价=190.96 涨=4.04%  PE=34.64(47.7%) PB=14.9(82.14%)
2026-09-03 20:50:22  [ 80] 601898 中煤能源  完成  日J=32.56 周J=94.89 月J=33.03 MA20=14.482 MA60=13.699 多头=1 价=14.91 涨=-0.67%  PE=10.78(56.06%) PB=1.19(93.3%)
2026-09-03 20:50:23  [ 84] 601336 新华保险  完成  日J=81.03 周J=52.3 月J=16.08 MA20=59.473 MA60=60.338 多头=0 价=61.92 涨=2.26%  PE=4.36(0.29%) PB=1.56(47.17%)
2026-09-03 20:50:23  [ 86] 688498 源杰科技  完成  日J=17.22 周J=56.17 月J=62.99 MA20=1511.812 MA60=1543.31 多头=0 价=1508.0 涨=1.82%  PE=249.75(47.77%) PB=59.76(94.99%)
2026-09-03 20:50:23  [ 85] 300433 蓝思科技  完成  日J=3.1 周J=18.1 月J=29.48 MA20=36.981 MA60=41.095 多头=0 价=35.87 涨=-2.82%  PE=54.85(82.66%) PB=3.59(81.71%)
2026-09-03 20:50:23  [ 89] 301666 大普微-UW  完成  日J=27.96 周J=18.75 月J=16.62 MA20=434.988 MA60=518.511 多头=0 价=426.39 涨=0.09%  PE=154.09(13.4%) PB=51.01(13.4%)
2026-09-03 20:50:23  [ 87] 601985 中国核电  完成  日J=105.44 周J=77.5 月J=90.55 MA20=8.847 MA60=8.864 多头=0 价=9.12 涨=1.33%  PE=25.77(99.81%) PB=1.58(42.04%)
2026-09-03 20:50:24  [ 88] 688072 拓荆科技  完成  日J=6.6 周J=9.22 月J=47.17 MA20=684.721 MA60=692.544 多头=0 价=641.04 涨=-0.51%  PE=86.11(36.22%) PB=14.73(81.75%)
2026-09-03 20:50:24  [ 90] 600031 三一重工  完成  日J=74.65 周J=68.76 月J=41.88 MA20=19.178 MA60=18.963 多头=1 价=19.94 涨=1.58%  PE=20.64(45.18%) PB=1.99(17.34%)
2026-09-03 20:50:24  [ 91] 600025 华能水电  完成  日J=75.76 周J=55.25 月J=66.83 MA20=9.691 MA60=9.61 多头=1 价=9.82 涨=-0.81%  PE=22.12(79.48%) PB=2.62(74.25%)
2026-09-03 20:50:25  [ 93] 601818 光大银行  完成  日J=79.08 周J=52.49 月J=49.21 MA20=3.029 MA60=3.036 多头=0 价=3.06 涨=0.33%  PE=5.49(64.18%) PB=0.36(1.47%)
2026-09-03 20:50:25  [ 94] 601668 中国建筑  完成  日J=21.26 周J=40.54 月J=41.15 MA20=4.426 MA60=4.432 多头=0 价=4.37 涨=1.16%  PE=5.7(78.0%) PB=0.36(0.33%)
2026-09-03 20:50:25  [ 92] 600406 国电南瑞  完成  日J=5.71 周J=39.81 月J=4.05 MA20=23.352 MA60=23.186 多头=1 价=22.59 涨=0.0%  PE=21.6(12.3%) PB=3.48(25.94%)
2026-09-03 20:50:26  [ 95] 300274 阳光电源  完成  日J=-5.65 周J=0.73 月J=-17.54 MA20=107.859 MA60=119.927 多头=0 价=87.08 涨=0.79%  PE=16.43(26.27%) PB=3.6(32.21%)
2026-09-03 20:50:26  [ 96] 600989 宝丰能源  完成  日J=77.16 周J=103.92 月J=22.16 MA20=23.334 MA60=22.18 多头=1 价=24.38 涨=0.7%  PE=11.64(0.79%) PB=3.24(63.49%)
2026-09-03 20:50:27  [ 97] 601766 中国中车  完成  日J=53.01 周J=101.08 月J=64.38 MA20=6.06 MA60=5.728 多头=1 价=6.17 涨=-0.64%  PE=12.72(6.18%) PB=1.0(14.35%)
2026-09-03 20:50:27  [ 99] 300604 长川科技  完成  日J=52.3 周J=17.68 月J=54.3 MA20=280.715 MA60=287.073 多头=0 价=269.63 涨=-1.09%  PE=93.18(40.1%) PB=30.92(97.77%)
2026-09-03 20:50:27  [102] 301377 鼎泰高科  完成  日J=18.28 周J=24.46 月J=38.99 MA20=422.123 MA60=458.741 多头=0 价=390.0 涨=0.54%  PE=173.53(84.98%) PB=52.95(93.91%)
2026-09-03 20:50:28  [101] 002352 顺丰控股  完成  日J=12.13 周J=29.91 月J=23.72 MA20=32.871 MA60=32.976 多头=0 价=32.05 涨=0.28%  PE=15.51(2.28%) PB=1.64(0.48%)
2026-09-03 20:50:28  [100] 000776 广发证券  完成  日J=90.89 周J=36.63 月J=62.75 MA20=21.101 MA60=21.433 多头=0 价=22.15 涨=3.5%  PE=9.18(0.19%) PB=1.25(69.55%)
2026-09-03 20:50:29  [103] 600487 亨通光电  完成  日J=56.57 周J=38.13 月J=27.76 MA20=63.332 MA60=74.362 多头=0 价=65.29 涨=-2.41%  PE=38.46(94.3%) PB=4.78(94.96%)
2026-09-03 20:50:29  [ 98] 601688 华泰证券  完成  日J=90.3 周J=28.07 月J=20.53 MA20=18.988 MA60=19.648 多头=0 价=19.5 涨=1.46%  PE=8.58(0.14%) PB=0.98(36.82%)
2026-09-03 20:50:29  [104] 600176 中国巨石  完成  日J=74.84 周J=13.82 月J=30.96 MA20=42.695 MA60=48.368 多头=0 价=42.63 涨=-3.4%  PE=37.66(93.68%) PB=5.15(97.91%)
2026-09-03 20:50:29  [105] 600547 山东黄金  完成  日J=82.56 周J=109.75 月J=27.24 MA20=33.654 MA60=28.405 多头=1 价=37.5 涨=-1.03%  PE=31.58(10.93%) PB=5.22(82.23%)
2026-09-03 20:50:29  全部完成，结果已写入 /home/runner/work/daily-stock-metrics/daily-stock-metrics/output/2026-09-03/metrics_2026-09-03.csv
2026-09-03 20:50:29  步骤2完成 -> /home/runner/work/daily-stock-metrics/daily-stock-metrics/output/2026-09-03/metrics_2026-09-03.csv
2026-09-03 20:50:29  步骤2.5: 获取全市场大盘温度（活跃市值指标）…
2026-09-03 20:54:11  步骤2.5完成
2026-09-03 20:54:11  步骤2.6: 本地聚合 → 行业板块温度 / 大盘宽度仪表盘 / 机会榜
2026-09-03 20:54:11    - 板块温度: 12 个行业
2026-09-03 20:54:11    - 机会榜: 超跌 12 / 超买 10
2026-09-03 20:54:11  步骤2.6完成
2026-09-03 20:54:11  步骤3: 生成 HTML 总结报告…
2026-09-03 20:54:12  步骤3完成 -> /home/runner/work/daily-stock-metrics/daily-stock-metrics/output/2026-09-03/report_2026-09-03.html
2026-09-03 20:54:12  步骤4: 生成个股股价走势图（含每日信号）…
2026-09-03 20:54:12  步骤4完成 -> /home/runner/work/daily-stock-metrics/daily-stock-metrics/output/stock_charts.html
2026-09-03 20:54:12  步骤4.5: 生成昨日推荐回顾…
2026-09-03 20:54:12  步骤4.5完成 -> 已追加昨日推荐回顾
2026-09-03 20:54:12  步骤5: 发送邮件报告…
2026-09-03 20:54:16  步骤5完成: 邮件已发送
2026-09-03 20:54:16  ===== 全部完成 2026-09-03 =====
2026-09-03 21:24:03  今日(2026-09-03)已完成，跳过。结果目录: /home/runner/work/daily-stock-metrics/daily-stock-metrics/output/2026-09-03
