2026-08-26 18:33:52  ===== 开始每日港股通指标任务 2026-08-26 =====
2026-08-26 18:33:52  步骤1: 获取港股通总市值前100标的...
获取港股通标的列表(共取市值前 100 只)...
接口返回 100 只港股通标的
2026-08-26 18:33:52  步骤1完成 -> C:\Users\hailo\Desktop\每周自动指标\output_hk\2026-08-26\hk_list_2026-08-26.csv
2026-08-26 18:33:52  步骤2: 计算 KDJ-J(日/周/月)...
2026-08-26 18:33:55  [  1] 00700 腾讯控股  完成  日J=39.82 周J=43.7 月J=5.26 价=445.4 涨=0.77%  PE=15.19(None%) PB=3.1(None%)
2026-08-26 18:33:57  [  2] 03750 宁德时代  完成  日J=-0.15 周J=34.42 月J=47.4 价=618.0 涨=-0.48%  PE=29.68(None%) PB=6.55(None%)
2026-08-26 18:33:58  [  3] 00005 汇丰控股  完成  日J=59.37 周J=61.69 月J=92.15 价=161.7 涨=-0.92%  PE=14.72(None%) PB=2.05(None%)
2026-08-26 18:33:59  [  4] 01398 工商银行  完成  日J=87.67 周J=97.6 月J=88.43 价=7.54 涨=0.94%  PE=6.47(None%) PB=0.6(None%)
2026-08-26 18:34:01  [  5] 00939 建设银行  完成  日J=87.42 周J=101.01 月J=91.02 价=9.21 涨=0.38%  PE=6.3(None%) PB=0.6(None%)
2026-08-26 18:34:02  [  6] 09988 阿里巴巴-W  完成  日J=19.93 周J=84.74 月J=20.37 价=116.6 涨=2.1%  PE=26.31(None%) PB=1.84(None%)
2026-08-26 18:34:03  [  7] 01288 农业银行  完成  日J=93.09 周J=90.08 月J=81.72 价=6.28 涨=0.48%  PE=6.67(None%) PB=0.69(None%)
2026-08-26 18:34:04  [  8] 00857 中国石油股份  完成  日J=72.55 周J=95.69 月J=32.83 价=9.92 涨=-1.39%  PE=10.23(None%) PB=0.99(None%)
2026-08-26 18:34:06  [  9] 03988 中国银行  完成  日J=95.19 周J=98.53 月J=94.53 价=5.55 涨=0.18%  PE=6.53(None%) PB=0.58(None%)
2026-08-26 18:34:07  [ 10] 00941 中国移动  完成  日J=4.71 周J=66.78 月J=38.05 价=80.1 涨=-0.06%  PE=11.56(None%) PB=1.04(None%)
2026-08-26 18:34:08  [ 11] 03968 招商银行  完成  日J=85.43 周J=82.57 月J=58.35 价=49.42 涨=0.08%  PE=7.39(None%) PB=0.97(None%)
2026-08-26 18:34:10  [ 12] 00883 中国海洋石油  完成  日J=78.2 周J=111.06 月J=27.02 价=24.92 涨=-0.8%  PE=7.51(None%) PB=1.2(None%)
2026-08-26 18:34:11  [ 13] 02318 中国平安  完成  日J=114.01 周J=91.52 月J=14.98 价=57.65 涨=2.22%  PE=5.76(None%) PB=0.88(None%)
2026-08-26 18:34:12  [ 14] 02899 紫金矿业  完成  日J=72.38 周J=106.7 月J=31.89 价=38.08 涨=2.81%  PE=13.17(None%) PB=4.35(None%)
2026-08-26 18:34:14  [ 15] 01088 中国神华  完成  日J=82.74 周J=104.23 月J=43.61 价=45.02 涨=-0.44%  PE=16.55(None%) PB=1.74(None%)
2026-08-26 18:34:15  [ 16] 01211 比亚迪股份  完成  日J=91.67 周J=96.59 月J=55.7 价=92.6 涨=-1.07%  PE=27.39(None%) PB=3.21(None%)
2026-08-26 18:34:16  [ 17] 02628 中国人寿  完成  日J=104.36 周J=63.04 月J=32.01 价=29.2 涨=3.84%  PE=5.11(None%) PB=1.22(None%)
2026-08-26 18:34:18  [ 18] 01299 友邦保险  完成  日J=87.21 周J=44.22 月J=10.22 价=74.2 涨=-0.2%  PE=12.32(None%) PB=2.41(None%)
2026-08-26 18:34:19  [ 19] 00300 美的集团  完成  日J=92.7 周J=98.41 月J=92.69 价=98.65 涨=0.0%  PE=15.19(None%) PB=2.85(None%)
2026-08-26 18:34:20  [ 20] 01810 小米集团-W  完成  日J=92.16 周J=73.09 月J=28.6 价=28.46 涨=2.52%  PE=19.6(None%) PB=2.36(None%)
2026-08-26 18:34:22  [ 21] 03328 交通银行  完成  日J=89.57 周J=98.93 月J=85.31 价=7.57 涨=0.46%  PE=6.19(None%) PB=0.51(None%)
2026-08-26 18:34:23  [ 22] 09999 网易  完成  日J=58.39 周J=32.46 月J=46.77 价=195.5 涨=-1.76%  PE=16.97(None%) PB=3.26(None%)
2026-08-26 18:34:24  [ 23] 01658 邮储银行  完成  日J=91.08 周J=80.88 月J=43.32 价=5.0 涨=1.21%  PE=6.1(None%) PB=0.51(None%)
2026-08-26 18:34:25  [ 24] 00981 中芯国际  完成  日J=14.24 周J=27.46 月J=44.54 价=69.7 涨=2.73%  PE=73.47(None%) PB=3.03(None%)
2026-08-26 18:34:27  [ 25] 02359 药明康德  完成  日J=20.21 周J=89.56 月J=92.53 价=199.8 涨=-2.15%  PE=23.76(None%) PB=6.17(None%)
2026-08-26 18:34:28  [ 26] 00386 中国石油化工股份  完成  日J=107.72 周J=104.88 月J=23.4 价=4.71 涨=0.21%  PE=14.06(None%) PB=0.59(None%)
2026-08-26 18:34:29  [ 27] 00388 香港交易所  完成  日J=95.36 周J=112.43 月J=58.55 价=420.8 涨=0.72%  PE=26.94(None%) PB=8.8(None%)
2026-08-26 18:34:31  [ 28] 02388 中银香港  完成  日J=41.07 周J=84.48 月J=82.95 价=50.0 涨=-0.79%  PE=13.18(None%) PB=1.47(None%)
2026-08-26 18:34:32  [ 29] 02888 渣打集团  完成  日J=16.24 周J=69.81 月J=92.76 价=229.6 涨=-2.88%  PE=11.88(None%) PB=1.39(None%)
2026-08-26 18:34:34  [ 30] 09633 农夫山泉  完成  日J=83.14 周J=74.0 月J=19.07 价=44.08 涨=2.42%  PE=25.5(None%) PB=11.59(None%)
2026-08-26 18:34:35  [ 31] 02475 立讯精密  完成  日J=68.15 周J=76.91 月J=None 价=63.35 涨=6.65%  PE=24.36(None%) PB=4.33(None%)
2026-08-26 18:34:36  [ 32] 03690 美团-W  完成  日J=-2.65 周J=52.13 月J=47.47 价=78.05 涨=1.1%  PE=-10.83(None%) PB=2.84(None%)
2026-08-26 18:34:37  [ 33] 02513 智谱  完成  日J=3.39 周J=6.15 月J=23.73 价=1030.0 涨=-2.74%  PE=-92.2(None%) PB=-4.63(None%)
2026-08-26 18:34:39  [ 34] 00998 中信银行  完成  日J=103.8 周J=113.28 月J=59.6 价=8.05 涨=1.77%  PE=5.62(None%) PB=0.53(None%)
2026-08-26 18:34:41  [ 35] 00728 中国电信  完成  日J=94.11 周J=105.94 月J=28.37 价=4.86 涨=-1.72%  PE=13.05(None%) PB=0.82(None%)
2026-08-26 18:34:42  [ 36] 06030 中信证券  完成  日J=69.79 周J=36.16 月J=53.21 价=27.64 涨=6.39%  PE=9.58(None%) PB=1.2(None%)
2026-08-26 18:34:43  [ 37] 02259 紫金黄金国际  完成  日J=91.06 周J=111.65 月J=18.17 价=158.6 涨=-0.56%  PE=21.49(None%) PB=5.8(None%)
2026-08-26 18:34:44  [ 38] 03993 洛阳钼业  完成  日J=85.95 周J=73.07 月J=13.78 价=18.09 涨=7.3%  PE=12.25(None%) PB=3.75(None%)
2026-08-26 18:34:46  [ 39] 00992 联想集团  完成  日J=9.13 周J=64.96 月J=93.66 价=30.56 涨=-0.78%  PE=60.71(None%) PB=6.7(None%)
2026-08-26 18:34:47  [ 40] 00267 中信股份  完成  日J=89.26 周J=104.98 月J=54.33 价=12.93 涨=0.08%  PE=5.78(None%) PB=0.43(None%)
2026-08-26 18:34:48  [ 41] 02328 中国财险  完成  日J=98.05 周J=86.61 月J=52.66 价=16.27 涨=0.68%  PE=8.57(None%) PB=1.09(None%)
2026-08-26 18:34:50  [ 42] 00016 新鸿基地产  完成  日J=79.8 周J=92.88 月J=44.74 价=124.6 涨=-0.32%  PE=16.41(None%) PB=0.58(None%)
2026-08-26 18:34:51  [ 43] 06160 百济神州  完成  日J=57.9 周J=98.57 月J=74.21 价=228.2 涨=2.24%  PE=68.69(None%) PB=8.67(None%)
2026-08-26 18:34:52  [ 44] 03986 兆易创新  完成  日J=14.99 周J=-0.31 月J=19.6 价=482.0 涨=-2.47%  PE=37.22(None%) PB=7.88(None%)
2026-08-26 18:34:54  [ 45] 06809 澜起科技  完成  日J=19.59 周J=3.48 月J=37.67 价=268.2 涨=2.21%  PE=114.24(None%) PB=13.88(None%)
2026-08-26 18:34:55  [ 46] 01276 恒瑞医药  完成  日J=2.56 周J=0.4 月J=-2.27 价=46.72 涨=0.47%  PE=35.24(None%) PB=4.18(None%)
2026-08-26 18:34:56  [ 47] 02601 中国太保  完成  日J=107.63 周J=75.47 月J=9.46 价=30.04 涨=2.46%  PE=4.8(None%) PB=0.8(None%)
