2026-08-03 17:34:04  ===== 开始每日指标任务 2026-08-03 =====
2026-08-03 17:34:04  步骤1: 获取 A股市值前100…
2026-08-03 17:34:05  步骤1完成 -> C:\Users\hailo\Desktop\每周自动指标\output\2026-08-03\top100_2026-08-03.csv
2026-08-03 17:34:05  步骤2: 计算 KDJ-J(日/周/月) 及 PE/PB 历史分位…
2026-08-03 17:34:09  [  1] 688825 长鑫科技  完成  日J=79.38 周J=None 月J=None 价=54.99 涨=1.89%  PE=130.44(100.0%) PB=45.0(100.0%)
2026-08-03 17:34:10  [  2] 601398 工商银行  完成  日J=76.18 周J=98.85 月J=86.38 价=7.96 涨=-0.38%  PE=7.64(94.76%) PB=0.72(66.86%)
2026-08-03 17:34:12  [  3] 601939 建设银行  完成  日J=62.14 周J=85.64 月J=88.78 价=10.45 涨=-3.69%  PE=8.0(97.07%) PB=0.77(71.37%)
2026-08-03 17:34:13  [  4] 601288 农业银行  完成  日J=72.7 周J=100.55 月J=37.83 价=6.89 涨=-0.14%  PE=8.19(93.61%) PB=0.85(86.65%)
2026-08-03 17:34:14  [  5] 600941 中国移动  完成  日J=92.28 周J=109.0 月J=65.53 价=98.97 涨=1.6%  PE=15.8(49.01%) PB=1.51(37.55%)
2026-08-03 17:34:16  [  6] 601857 中国石油  完成  日J=74.85 周J=117.53 月J=35.75 价=11.05 涨=-0.27%  PE=12.78(56.2%) PB=1.24(91.59%)
2026-08-03 17:34:17  [  7] 601988 中国银行  完成  日J=74.22 周J=91.59 月J=93.41 价=6.03 涨=-0.5%  PE=7.92(98.7%) PB=0.71(83.72%)
2026-08-03 17:34:19  [  8] 300750 宁德时代  完成  日J=80.56 周J=72.67 月J=40.14 价=394.4 涨=-0.23%  PE=21.47(16.29%) PB=4.81(31.26%)
2026-08-03 17:34:20  [  9] 600519 贵州茅台  完成  日J=98.2 周J=119.96 月J=51.59 价=1358.98 涨=0.62%  PE=20.54(11.48%) PB=6.27(2.79%)
2026-08-03 17:34:22  [ 10] 600938 中国海油  完成  日J=46.61 周J=69.57 月J=16.39 价=31.85 涨=-1.27%  PE=12.14(89.61%) PB=1.81(73.72%)
2026-08-03 17:34:23  [ 11] 601138 XD工业富  完成  日J=24.11 周J=-0.92 月J=19.25 价=55.9 涨=-0.27%  PE=27.29(87.77%) PB=6.29(89.03%)
2026-08-03 17:34:25  [ 12] 601628 中国人寿  完成  日J=3.8 周J=81.79 月J=25.65 价=38.51 涨=-2.56%  PE=7.52(5.76%) PB=1.82(21.66%)
2026-08-03 17:34:26  [ 13] 300308 中际旭创  完成  日J=27.07 周J=-1.78 月J=39.83 价=902.5 涨=0.05%  PE=70.62(76.51%) PB=29.66(97.36%)
2026-08-03 17:34:27  [ 14] 600036 招商银行  完成  日J=87.65 周J=113.39 月J=78.78 价=40.36 涨=1.87%  PE=6.75(30.16%) PB=0.9(15.37%)
2026-08-03 17:34:29  [ 15] 601318 中国平安  完成  日J=90.92 周J=114.88 月J=17.37 价=55.55 涨=1.18%  PE=7.58(11.58%) PB=0.99(26.99%)
2026-08-03 17:34:30  [ 16] 688981 中芯国际  完成  日J=-6.49 周J=-10.28 月J=36.78 价=116.5 涨=-6.04%  PE=197.67(84.46%) PB=6.66(90.66%)
2026-08-03 17:34:32  [ 17] 601088 中国神华  完成  日J=12.22 周J=63.8 月J=41.55 价=43.73 涨=-4.29%  PE=18.39(96.54%) PB=1.97(88.09%)
2026-08-03 17:34:33  [ 18] 601899 紫金矿业  完成  日J=66.67 周J=107.91 月J=22.89 价=32.55 涨=-1.21%  PE=14.03(13.45%) PB=4.39(82.61%)
2026-08-03 17:34:35  [ 19] 002594 比亚迪  完成  日J=82.07 周J=109.62 月J=51.68 价=94.45 涨=-1.38%  PE=31.26(30.84%) PB=3.71(32.23%)
2026-08-03 17:34:36  [ 20] 600900 长江电力  完成  日J=60.43 周J=98.86 月J=100.84 价=29.05 涨=-0.14%  PE=19.7(56.87%) PB=3.12(80.98%)
2026-08-03 17:34:40  [ 21] 000333 美的集团  完成  日J=48.72 周J=92.66 月J=86.37 价=85.9 涨=-1.94%  PE=14.82(53.75%) PB=2.82(43.76%)
2026-08-03 17:34:42  [ 22] 688256 寒武纪  完成  日J=6.11 周J=-14.17 月J=41.79 价=1028.0 涨=-7.05%  PE=237.72(80.41%) PB=50.18(87.85%)
2026-08-03 17:34:43  [ 23] 601328 交通银行  完成  日J=86.63 周J=110.39 月J=87.03 价=7.25 涨=0.97%  PE=6.64(91.31%) PB=0.55(57.01%)
2026-08-03 17:34:44  [ 24] 600028 中国石化  完成  日J=85.08 周J=120.58 月J=9.07 价=5.28 涨=0.38%  PE=17.96(86.46%) PB=0.77(37.51%)
2026-08-03 17:34:46  [ 25] 601658 邮储银行  完成  日J=73.63 周J=104.1 月J=52.51 价=5.14 涨=-0.77%  PE=7.02(70.27%) PB=0.6(15.21%)
2026-08-03 17:34:47  [ 26] 688041 海光信息  完成  日J=-0.31 周J=-4.27 月J=34.75 价=261.0 涨=-5.78%  PE=222.54(83.26%) PB=25.82(88.88%)
2026-08-03 17:34:48  [ 27] 601728 中国电信  完成  日J=90.34 周J=113.57 月J=62.16 价=6.47 涨=2.7%  PE=18.69(74.79%) PB=1.26(67.53%)
2026-08-03 17:34:50  [ 28] 300502 新易盛  完成  日J=16.36 周J=-0.23 月J=39.11 价=394.08 涨=-0.49%  PE=51.16(50.72%) PB=26.96(95.0%)
2026-08-03 17:34:51  [ 29] 002371 北方华创  完成  日J=1.54 周J=7.85 月J=42.48 价=641.3 涨=-6.65%  PE=83.46(42.36%) PB=11.84(78.91%)
2026-08-03 17:34:53  [ 30] 601998 中信银行  完成  日J=91.65 周J=113.14 月J=60.63 价=7.9 涨=1.02%  PE=6.17(74.02%) PB=0.59(64.36%)
2026-08-03 17:34:54  [ 31] 600030 中信证券  完成  日J=56.35 周J=70.04 月J=86.28 价=28.27 涨=-0.56%  PE=12.44(6.29%) PB=1.44(41.98%)
2026-08-03 17:34:56  [ 32] 002475 立讯精密  完成  日J=2.15 周J=-4.99 月J=25.53 价=53.71 涨=-6.56%  PE=24.1(26.37%) PB=4.7(31.8%)
2026-08-03 17:34:57  [ 33] 603993 洛阳钼业  完成  日J=35.46 周J=58.41 月J=12.32 价=19.18 涨=-1.74%  PE=16.99(24.74%) PB=4.62(92.99%)
2026-08-03 17:34:59  [ 34] 601166 兴业银行  完成  日J=100.19 周J=113.96 月J=63.69 价=19.1 涨=1.06%  PE=5.22(47.21%) PB=0.49(15.61%)
2026-08-03 17:35:00  [ 35] 688235 百济神州  完成  日J=-5.2 周J=64.05 月J=37.96 价=249.65 涨=-2.88%  PE=121.66(93.14%) PB=11.65(73.53%)
2026-08-03 17:35:02  [ 36] 603259 药明康德  完成  日J=73.32 周J=91.59 月J=91.46 价=128.5 涨=0.05%  PE=19.05(20.94%) PB=4.55(34.08%)
2026-08-03 17:35:03  [ 37] 688347 华虹宏力  完成  日J=-8.37 周J=-4.95 月J=39.65 价=219.5 涨=-7.73%  PE=773.05(77.35%) PB=8.43(93.78%)
2026-08-03 17:35:04  [ 38] 600276 恒瑞医药  完成  日J=21.16 周J=73.54 月J=34.5 价=53.0 涨=-2.0%  PE=43.33(4.51%) PB=5.53(3.03%)
2026-08-03 17:35:06  [ 39] 002415 海康威视  完成  日J=78.2 周J=102.79 月J=98.59 价=37.95 涨=0.8%  PE=21.16(22.57%) PB=4.12(29.2%)
2026-08-03 17:35:07  [ 40] 601319 中国人保  完成  日J=51.45 周J=102.16 月J=14.68 价=7.34 涨=-0.41%  PE=7.62(10.75%) PB=1.02(27.81%)
2026-08-03 17:35:09  [ 41] 601211 国泰海通  完成  日J=2.37 周J=59.56 月J=49.6 价=18.3 涨=-0.33%  PE=14.69(60.33%) PB=0.99(33.57%)
2026-08-03 17:35:10  [ 42] 600000 浦发银行  完成  日J=91.19 周J=110.51 月J=32.92 价=9.63 涨=1.26%  PE=6.38(77.23%) PB=0.43(33.05%)
2026-08-03 17:35:11  [ 43] 601601 中国太保  完成  日J=86.29 周J=119.16 月J=14.21 价=32.98 涨=1.92%  PE=5.88(2.31%) PB=0.99(14.55%)
2026-08-03 17:35:13  [ 44] 300059 东方财富  完成  日J=68.65 周J=63.55 月J=31.55 价=20.01 涨=-0.79%  PE=24.15(6.58%) PB=3.31(13.02%)
2026-08-03 17:35:14  [ 45] 000858 五 粮 液  完成  日J=92.31 周J=102.37 月J=20.81 价=78.06 涨=0.08%  PE=24.05(36.26%) PB=2.37(1.54%)
2026-08-03 17:35:16  [ 46] 002384 东山精密  完成  日J=-2.81 周J=-19.32 月J=42.93 价=162.81 涨=-5.06%  PE=146.17(95.29%) PB=13.17(96.69%)
2026-08-03 17:35:17  [ 47] 688012 中微公司  完成  日J=-4.77 周J=13.8 月J=46.71 价=309.85 涨=-9.93%  PE=108.76(62.43%) PB=12.21(73.56%)
2026-08-03 17:35:18  [ 48] 688802 沐曦股份-U  完成  日J=-4.56 周J=-3.41 月J=50.69 价=665.0 涨=-3.47%  PE=-405.73(41.06%) PB=20.31(45.7%)
2026-08-03 17:35:20  [ 49] 688795 摩尔线程-U  完成  日J=30.47 周J=3.47 月J=20.2 价=563.0 涨=-1.31%  PE=-308.08(41.51%) PB=22.97(13.21%)
2026-08-03 17:35:21  [ 50] 600150 中国船舶  完成  日J=112.01 周J=52.56 月J=36.99 价=35.1 涨=-0.23%  PE=23.36(26.8%) PB=1.77(25.36%)
2026-08-03 17:35:22  [ 51] 601816 京沪高铁  完成  日J=91.43 周J=117.94 月J=98.83 价=5.22 涨=1.75%  PE=19.13(8.58%) PB=1.21(15.58%)
2026-08-03 17:35:24  [ 52] 600183 生益科技  完成  日J=10.5 周J=-17.74 月J=32.41 价=102.03 涨=-3.42%  PE=63.09(96.93%) PB=13.82(97.65%)
2026-08-03 17:35:25  [ 53] 000338 潍柴动力  完成  日J=82.4 周J=46.41 月J=58.25 价=28.48 涨=1.9%  PE=21.77(95.49%) PB=2.58(88.38%)
2026-08-03 17:35:27  [ 54] 002379 宏桥控股  完成  日J=34.22 周J=85.47 月J=7.64 价=18.69 涨=-10.01%  PE=12.36(72.48%) PB=4.66(83.05%)
2026-08-03 17:35:28  [ 55] 601919 中远海控  完成  日J=96.21 周J=120.33 月J=68.74 价=15.72 涨=0.58%  PE=9.58(59.17%) PB=1.02(35.59%)
2026-08-03 17:35:29  [ 56] 603986 兆易创新  完成  日J=5.83 周J=-21.24 月J=19.64 价=340.74 涨=-10.0%  PE=83.18(43.56%) PB=9.46(63.5%)
2026-08-03 17:35:31  [ 57] 600309 万华化学  完成  日J=76.79 周J=99.29 月J=22.08 价=75.3 涨=1.06%  PE=17.91(64.22%) PB=2.12(9.89%)
2026-08-03 17:35:32  [ 58] 601225 陕西煤业  完成  日J=24.79 周J=69.89 月J=54.58 价=24.18 涨=-2.5%  PE=14.5(96.88%) PB=2.3(79.97%)
2026-08-03 17:35:33  [ 59] 688008 澜起科技  完成  日J=9.54 周J=-6.53 月J=36.69 价=189.94 涨=-7.3%  PE=90.64(64.71%) PB=11.12(71.63%)
2026-08-03 17:35:35  [ 60] 000651 格力电器  完成  日J=52.77 周J=97.71 月J=92.5 价=40.96 涨=-3.17%  PE=7.86(32.47%) PB=1.51(5.86%)
2026-08-03 17:35:36  [ 61] 300408 三环集团  完成  日J=80.29 周J=8.96 月J=53.47 价=114.0 涨=2.08%  PE=78.78(98.37%) PB=10.12(98.37%)
2026-08-03 17:35:38  [ 62] 000001 平安银行  完成  日J=100.9 周J=115.15 月J=101.91 价=11.62 涨=-0.09%  PE=5.24(35.06%) PB=0.49(12.1%)
2026-08-03 17:35:39  [ 63] 002714 牧原股份  完成  日J=22.6 周J=92.63 月J=29.13 价=38.93 涨=-0.84%  PE=22.98(67.92%) PB=2.61(1.92%)
2026-08-03 17:35:40  [ 64] 603288 海天味业  完成  日J=78.85 周J=108.02 月J=68.5 价=38.02 涨=-1.09%  PE=30.56(3.12%) PB=5.29(4.56%)
2026-08-03 17:35:42  [ 65] 601869 长飞光纤  完成  日J=2.88 周J=-19.62 月J=29.99 价=262.3 涨=-3.39%  PE=187.66(93.69%) PB=15.26(95.48%)
2026-08-03 17:35:43  [ 66] 688820 盛合晶微  完成  日J=2.74 周J=-15.92 月J=15.81 价=116.42 涨=-5.27%  PE=220.04(14.08%) PB=15.0(14.08%)
2026-08-03 17:35:45  [ 67] 300274 阳光电源  完成  日J=5.09 周J=-3.35 月J=-8.0 价=103.74 涨=0.36%  PE=18.03(31.84%) PB=4.42(40.87%)
2026-08-03 17:35:47  [ 68] 600690 海尔智家  完成  日J=76.63 周J=107.1 月J=35.21 价=22.92 涨=-1.16%  PE=11.48(7.83%) PB=1.72(3.99%)
2026-08-03 17:35:48  [ 69] 600919 江苏银行  完成  日J=88.39 周J=100.66 月J=103.07 价=11.69 涨=-1.18%  PE=6.08(81.41%) PB=0.81(89.24%)
2026-08-03 17:35:49  [ 70] 002142 宁波银行  完成  日J=63.87 周J=97.33 月J=83.85 价=32.29 涨=1.29%  PE=7.08(32.76%) PB=0.92(28.96%)
2026-08-03 17:35:51  [ 71] 003816 中国广核  完成  日J=69.59 周J=63.64 月J=32.59 价=4.16 涨=0.73%  PE=22.15(91.67%) PB=1.67(71.39%)
2026-08-03 17:35:52  [ 72] 002916 深南电路  完成  日J=19.86 周J=-12.07 月J=37.34 价=302.31 涨=-1.85%  PE=56.66(86.74%) PB=11.38(86.31%)
2026-08-03 17:35:53  [ 73] 600406 国电南瑞  完成  日J=100.93 周J=112.17 月J=25.74 价=25.07 涨=2.96%  PE=24.2(35.78%) PB=3.76(44.24%)
2026-08-03 17:35:55  [ 74] 000725 京东方Ａ  完成  日J=13.08 周J=-13.8 月J=33.54 价=5.42 涨=-1.63%  PE=33.74(52.69%) PB=1.48(60.9%)
2026-08-03 17:35:56  [ 75] 601066 中信建投  完成  日J=14.7 周J=10.98 月J=53.16 价=25.56 涨=-0.81%  PE=17.6(6.6%) PB=2.3(18.47%)
2026-08-03 17:35:57  [ 76] 300394 天孚通信  完成  日J=25.67 周J=-4.53 月J=19.31 价=180.5 涨=5.55%  PE=90.66(91.31%) PB=32.93(93.32%)
2026-08-03 17:35:59  [ 77] 601668 中国建筑  完成  日J=94.47 周J=123.59 月J=67.6 价=4.76 涨=1.28%  PE=5.18(66.28%) PB=0.4(2.11%)
2026-08-03 17:36:00  [ 78] 601336 新华保险  完成  日J=16.52 周J=79.23 月J=9.35 价=62.87 涨=-0.43%  PE=5.31(2.45%) PB=1.59(48.75%)
2026-08-03 17:36:02  [ 79] 002463 沪电股份  完成  日J=21.4 周J=-8.66 月J=38.95 价=101.61 涨=-2.06%  PE=45.45(93.28%) PB=11.65(96.64%)
2026-08-03 17:36:03  [ 80] 300760 迈瑞医疗  完成  日J=78.44 周J=104.67 月J=33.55 价=156.89 涨=-1.25%  PE=24.27(8.82%) PB=4.74(2.8%)
2026-08-03 17:36:04  [ 81] 600188 兖矿能源  完成  日J=-0.95 周J=22.38 月J=37.76 价=18.95 涨=-6.14%  PE=19.91(95.44%) PB=2.49(70.41%)
2026-08-03 17:36:06  [ 82] 601818 光大银行  完成  日J=96.24 周J=114.6 月J=60.67 价=3.2 涨=0.95%  PE=5.0(46.16%) PB=0.37(3.94%)
2026-08-03 17:36:07  [ 83] 600025 华能水电  完成  日J=59.03 周J=100.73 月J=82.88 价=10.12 涨=0.0%  PE=22.08(79.06%) PB=2.66(75.84%)
2026-08-03 17:36:09  [ 84] 002938 鹏鼎控股  完成  日J=14.66 周J=-8.68 月J=46.39 价=80.91 涨=-0.72%  PE=50.51(97.06%) PB=5.41(85.47%)
2026-08-03 17:36:10  [ 85] 300476 胜宏科技  完成  日J=9.58 周J=-6.32 月J=-6.69 价=189.3 涨=-0.58%  PE=39.75(75.12%) PB=10.69(87.27%)
2026-08-03 17:36:11  [ 86] 600031 三一重工  完成  日J=71.78 周J=107.18 月J=37.15 价=20.2 涨=-1.7%  PE=22.06(48.85%) PB=2.05(22.0%)
2026-08-03 17:36:13  [ 87] 601985 中国核电  完成  日J=64.74 周J=75.37 月J=87.6 价=9.03 涨=-0.33%  PE=22.56(87.27%) PB=1.55(34.15%)
2026-08-03 17:36:14  [ 88] 002352 顺丰控股  完成  日J=85.41 周J=110.65 月J=52.59 价=35.05 涨=0.17%  PE=16.18(2.69%) PB=1.84(3.27%)
2026-08-03 17:36:15  [ 89] 600930 华电新能  完成  日J=91.56 周J=9.41 月J=3.32 价=4.35 涨=2.35%  PE=28.34(10.2%) PB=1.64(4.31%)
2026-08-03 17:36:17  [ 90] 601898 中煤能源  完成  日J=13.12 周J=32.24 月J=4.59 价=13.49 涨=-2.25%  PE=10.07(47.07%) PB=1.09(81.99%)
2026-08-03 17:36:18  [ 91] 601766 中国中车  完成  日J=70.13 周J=109.97 月J=44.73 价=6.22 涨=0.97%  PE=13.22(9.56%) PB=1.02(16.19%)
2026-08-03 17:36:20  [ 92] 601688 华泰证券  完成  日J=-3.46 周J=30.88 月J=14.57 价=19.6 涨=-0.1%  PE=10.09(17.68%) PB=0.99(37.7%)
2026-08-03 17:36:21  [ 93] 300033 同花顺  完成  日J=87.58 周J=51.47 月J=31.92 价=231.09 涨=-1.65%  PE=52.06(50.72%) PB=24.88(94.67%)
2026-08-03 17:36:23  [ 94] 300124 汇川技术  完成  日J=100.97 周J=25.21 月J=19.95 价=64.11 涨=0.08%  PE=36.62(27.67%) PB=4.77(2.69%)
2026-08-03 17:36:24  [ 95] 001248 华润新能  完成  日J=30.97 周J=6.34 月J=None 价=13.26 涨=0.61%  PE=32.1(39.13%) PB=1.86(39.13%)
2026-08-03 17:36:25  [ 96] 688072 拓荆科技  完成  日J=1.46 周J=9.21 月J=47.89 价=591.86 涨=-10.99%  PE=104.63(55.48%) PB=23.74(95.58%)
2026-08-03 17:36:27  [ 97] 600887 伊利股份  完成  日J=67.37 周J=102.19 月J=66.75 价=27.12 涨=0.07%  PE=14.19(6.68%) PB=2.88(5.19%)
2026-08-03 17:36:28  [ 98] 601995 中金公司  完成  日J=32.41 周J=51.95 月J=57.78 价=35.25 涨=-0.2%  PE=15.02(2.72%) PB=1.66(11.6%)
2026-08-03 17:36:29  [ 99] 600989 宝丰能源  完成  日J=37.35 周J=79.05 月J=14.54 价=22.91 涨=-1.63%  PE=13.36(7.25%) PB=3.22(62.1%)
2026-08-03 17:36:31  [100] 688808 联讯仪器  完成  日J=13.07 周J=-6.69 月J=35.47 价=1624.0 涨=-0.98%  PE=610.23(29.41%) PB=162.49(29.41%)
2026-08-03 17:36:31  全部完成，结果已写入 C:\Users\hailo\Desktop\每周自动指标\output\2026-08-03\metrics_2026-08-03.csv
2026-08-03 17:36:31  步骤2完成 -> C:\Users\hailo\Desktop\每周自动指标\output\2026-08-03\metrics_2026-08-03.csv
2026-08-03 17:36:31  步骤3: 生成 HTML 总结报告…
2026-08-03 17:36:31  步骤3完成 -> C:\Users\hailo\Desktop\每周自动指标\output\2026-08-03\report_2026-08-03.html
2026-08-03 17:36:31  步骤4: 发送邮件报告…
2026-08-03 17:36:33  步骤4完成: 邮件已发送
2026-08-03 17:36:33  ===== 全部完成 2026-08-03 =====
