2026-08-10 19:00:14  ===== 开始每日指标任务 2026-08-10 =====
2026-08-10 19:00:14  步骤1: 获取 A股市值前100…
2026-08-10 19:00:15  步骤1完成 -> C:\Users\hailo\Desktop\每周自动指标\output\2026-08-10\top100_2026-08-10.csv
2026-08-10 19:00:15  步骤2: 计算 KDJ-J(日/周/月) 及 PE/PB 历史分位…
2026-08-10 19:00:18  [  1] 688825 长鑫科技  完成  日J=32.55 周J=None 月J=None 价=51.3 涨=-2.25%  PE=121.68(27.27%) PB=41.98(27.27%)
2026-08-10 19:00:19  [  2] 601398 工商银行  完成  日J=-10.68 周J=56.65 月J=63.77 价=7.53 涨=0.0%  PE=7.23(87.45%) PB=0.68(51.84%)
2026-08-10 19:00:21  [  3] 601939 建设银行  完成  日J=5.38 周J=59.11 月J=79.44 价=10.13 涨=0.6%  PE=7.75(95.45%) PB=0.75(68.09%)
2026-08-10 19:00:22  [  4] 601288 农业银行  完成  日J=-16.07 周J=63.89 月J=21.52 价=6.46 涨=-0.15%  PE=7.68(88.98%) PB=0.8(75.08%)
2026-08-10 19:00:23  [  5] 600941 中国移动  完成  日J=22.4 周J=94.33 月J=56.74 价=96.7 涨=1.26%  PE=15.44(43.13%) PB=1.47(33.15%)
2026-08-10 19:00:25  [  6] 601857 中国石油  完成  日J=22.86 周J=107.31 月J=32.54 价=10.85 涨=0.74%  PE=12.55(55.1%) PB=1.22(88.07%)
2026-08-10 19:00:26  [  7] 601988 中国银行  完成  日J=6.67 周J=59.83 月J=78.0 价=5.82 涨=0.87%  PE=7.65(94.01%) PB=0.69(76.23%)
2026-08-10 19:00:28  [  8] 300750 宁德时代  完成  日J=26.39 周J=81.11 月J=40.62 价=393.87 涨=1.86%  PE=21.44(16.25%) PB=4.8(30.93%)
2026-08-10 19:00:29  [  9] 600519 贵州茅台  完成  日J=49.31 周J=110.68 月J=49.56 价=1348.86 涨=3.03%  PE=20.39(10.64%) PB=6.22(2.87%)
2026-08-10 19:00:30  [ 10] 600938 中国海油  完成  日J=53.87 周J=84.58 月J=17.03 价=32.0 涨=2.14%  PE=12.2(89.85%) PB=1.82(74.52%)
2026-08-10 19:00:31  [ 11] 601138 工业富联  完成  日J=109.35 周J=57.58 月J=46.72 价=69.18 涨=1.47%  PE=33.77(91.48%) PB=7.79(95.31%)
2026-08-10 19:00:33  [ 12] 688981 中芯国际  完成  日J=52.95 周J=3.54 月J=45.68 价=126.25 涨=-1.75%  PE=214.21(91.37%) PB=7.21(93.68%)
2026-08-10 19:00:34  [ 13] 601628 中国人寿  完成  日J=21.58 周J=66.41 月J=22.44 价=37.7 涨=-2.26%  PE=7.36(5.17%) PB=1.78(16.96%)
2026-08-10 19:00:36  [ 14] 300308 中际旭创  完成  日J=41.98 周J=-2.56 月J=36.6 价=864.58 涨=-6.01%  PE=67.65(74.32%) PB=28.42(96.98%)
2026-08-10 19:00:37  [ 15] 600036 招商银行  完成  日J=-1.2 周J=87.13 月J=63.45 价=38.91 涨=0.28%  PE=6.51(24.25%) PB=0.87(8.91%)
2026-08-10 19:00:38  [ 16] 601088 中国神华  完成  日J=54.92 周J=80.98 月J=47.49 价=44.68 涨=1.68%  PE=18.79(97.17%) PB=2.02(90.75%)
2026-08-10 19:00:40  [ 17] 601318 中国平安  完成  日J=-15.18 周J=91.54 月J=10.75 价=53.32 涨=-0.11%  PE=7.27(5.89%) PB=0.95(18.83%)
2026-08-10 19:00:41  [ 18] 601899 紫金矿业  完成  日J=93.77 周J=118.27 月J=34.09 价=35.45 涨=0.85%  PE=15.28(25.2%) PB=4.78(89.84%)
2026-08-10 19:00:42  [ 19] 002594 比亚迪  完成  日J=11.13 周J=87.57 月J=44.18 价=91.15 涨=1.23%  PE=30.17(29.13%) PB=3.58(30.43%)
2026-08-10 19:00:44  [ 20] 688256 寒武纪  完成  日J=81.08 周J=6.54 月J=49.48 价=1124.0 涨=-6.33%  PE=211.94(79.05%) PB=52.1(89.8%)
2026-08-10 19:00:45  [ 21] 600900 长江电力  完成  日J=3.82 周J=67.62 月J=85.86 价=28.05 涨=1.08%  PE=19.02(50.17%) PB=3.01(71.01%)
2026-08-10 19:00:46  [ 22] 688041 海光信息  完成  日J=82.05 周J=12.11 月J=46.24 价=290.44 涨=-1.8%  PE=247.64(91.21%) PB=28.73(94.11%)
2026-08-10 19:00:48  [ 23] 000333 美的集团  完成  日J=12.39 周J=80.05 月J=84.19 价=85.3 涨=2.16%  PE=14.72(53.09%) PB=2.8(42.74%)
2026-08-10 19:00:49  [ 24] 600028 中国石化  完成  日J=25.41 周J=96.67 月J=5.59 价=5.12 涨=0.39%  PE=17.42(85.43%) PB=0.74(34.64%)
2026-08-10 19:00:51  [ 25] 601328 交通银行  完成  日J=-11.34 周J=75.57 月J=64.59 价=6.9 涨=-0.14%  PE=6.32(83.76%) PB=0.52(47.63%)
2026-08-10 19:00:52  [ 26] 601658 邮储银行  完成  日J=-4.71 周J=63.38 月J=35.78 价=4.96 涨=0.0%  PE=6.78(57.49%) PB=0.58(6.19%)
2026-08-10 19:00:53  [ 27] 601728 中国电信  完成  日J=11.92 周J=94.21 月J=54.92 价=6.27 涨=1.46%  PE=18.12(62.51%) PB=1.23(60.52%)
2026-08-10 19:00:55  [ 28] 300502 新易盛  完成  日J=61.8 周J=4.54 月J=40.26 价=399.6 涨=-5.07%  PE=51.88(51.32%) PB=27.34(94.87%)
2026-08-10 19:00:56  [ 29] 002371 北方华创  完成  日J=103.27 周J=28.78 月J=59.4 价=760.0 涨=1.07%  PE=98.91(47.68%) PB=14.04(87.35%)
2026-08-10 19:00:57  [ 30] 603259 药明康德  完成  日J=98.75 周J=102.13 月J=96.8 价=161.34 涨=4.21%  PE=22.22(32.05%) PB=5.78(50.45%)
2026-08-10 19:00:59  [ 31] 688235 百济神州  完成  日J=94.72 周J=101.39 月J=72.25 价=299.79 涨=0.15%  PE=107.99(91.3%) PB=14.0(87.49%)
2026-08-10 19:01:00  [ 32] 688347 华虹宏力  完成  日J=75.69 周J=8.78 月J=50.6 价=264.0 涨=-1.6%  PE=929.77(80.25%) PB=10.14(95.88%)
2026-08-10 19:01:01  [ 33] 603993 洛阳钼业  完成  日J=93.47 周J=91.76 月J=22.12 价=20.75 涨=-0.38%  PE=18.38(30.57%) PB=5.0(96.45%)
2026-08-10 19:01:03  [ 34] 600030 中信证券  完成  日J=3.98 周J=49.54 月J=82.46 价=27.95 涨=0.0%  PE=12.96(10.78%) PB=1.5(48.49%)
2026-08-10 19:01:04  [ 35] 002475 立讯精密  完成  日J=32.15 周J=7.34 月J=29.88 价=55.79 涨=-2.11%  PE=25.08(31.1%) PB=4.89(36.9%)
2026-08-10 19:01:06  [ 36] 601998 中信银行  完成  日J=-1.61 周J=76.04 月J=41.65 价=7.52 涨=0.8%  PE=5.88(63.63%) PB=0.56(54.1%)
2026-08-10 19:01:07  [ 37] 601166 兴业银行  完成  日J=-6.96 周J=85.8 月J=49.18 价=18.34 涨=0.0%  PE=5.01(36.51%) PB=0.47(7.95%)
2026-08-10 19:01:08  [ 38] 688012 中微公司  完成  日J=99.23 周J=35.21 月J=65.69 价=389.99 涨=6.08%  PE=136.89(72.88%) PB=15.37(78.78%)
2026-08-10 19:01:10  [ 39] 600276 恒瑞医药  完成  日J=72.9 周J=78.11 月J=39.0 价=54.18 涨=-0.81%  PE=44.29(5.89%) PB=5.65(4.17%)
2026-08-10 19:01:11  [ 40] 002415 海康威视  完成  日J=56.25 周J=92.78 月J=95.08 价=37.44 涨=0.54%  PE=20.88(18.88%) PB=4.07(28.75%)
2026-08-10 19:01:12  [ 41] 002384 东山精密  完成  日J=82.53 周J=3.12 月J=51.34 价=185.94 涨=-4.78%  PE=166.94(96.26%) PB=15.04(96.79%)
2026-08-10 19:01:14  [ 42] 600183 生益科技  完成  日J=117.66 周J=26.04 月J=52.49 价=138.57 涨=-1.01%  PE=85.68(98.51%) PB=18.77(98.51%)
2026-08-10 19:01:15  [ 43] 601211 国泰海通  完成  日J=17.92 周J=37.92 月J=48.56 价=18.2 涨=1.62%  PE=14.61(60.04%) PB=0.98(32.87%)
2026-08-10 19:01:17  [ 44] 300059 东方财富  完成  日J=61.58 周J=57.39 月J=31.74 价=20.03 涨=0.25%  PE=24.18(6.8%) PB=3.31(13.32%)
2026-08-10 19:01:18  [ 45] 601319 中国人保  完成  日J=-3.86 周J=73.53 月J=9.0 价=7.07 涨=-0.28%  PE=7.34(7.09%) PB=0.98(20.11%)
2026-08-10 19:01:19  [ 46] 600000 浦发银行  完成  日J=9.84 周J=88.38 月J=26.29 价=9.29 涨=0.87%  PE=6.15(72.11%) PB=0.41(30.23%)
2026-08-10 19:01:21  [ 47] 601601 中国太保  完成  日J=-11.89 周J=88.81 月J=6.34 价=30.94 涨=-1.68%  PE=5.52(0.91%) PB=0.93(8.86%)
2026-08-10 19:01:22  [ 48] 000858 五 粮 液  完成  日J=26.17 周J=92.22 月J=17.62 价=76.19 涨=1.44%  PE=23.47(35.07%) PB=2.31(1.44%)
2026-08-10 19:01:23  [ 49] 688802 沐曦股份-U  完成  日J=67.72 周J=4.36 月J=57.71 价=715.01 涨=-1.93%  PE=-436.24(33.97%) PB=21.84(57.05%)
2026-08-10 19:01:25  [ 50] 601869 长飞光纤  完成  日J=114.21 周J=9.18 月J=42.09 价=343.09 涨=1.3%  PE=245.47(94.37%) PB=19.96(96.16%)
2026-08-10 19:01:26  [ 51] 603986 兆易创新  完成  日J=98.09 周J=-6.97 月J=27.07 价=403.03 涨=-3.36%  PE=98.39(50.79%) PB=11.19(74.7%)
2026-08-10 19:01:28  [ 52] 300476 胜宏科技  完成  日J=122.67 周J=50.84 月J=26.78 价=286.0 涨=2.07%  PE=60.06(88.31%) PB=16.15(93.87%)
2026-08-10 19:01:29  [ 53] 000338 潍柴动力  完成  日J=100.95 周J=97.76 月J=72.72 价=32.08 涨=6.4%  PE=24.52(98.75%) PB=2.91(96.74%)
2026-08-10 19:01:30  [ 54] 688795 摩尔线程-U  完成  日J=90.83 周J=12.93 月J=22.15 价=573.97 涨=-4.0%  PE=-363.88(21.95%) PB=22.16(5.49%)
2026-08-10 19:01:32  [ 55] 600150 中国船舶  完成  日J=72.56 周J=54.38 月J=35.43 价=34.83 涨=-0.06%  PE=23.18(26.69%) PB=1.75(24.63%)
2026-08-10 19:01:33  [ 56] 688820 盛合晶微  完成  日J=111.42 周J=8.15 月J=27.2 价=139.89 涨=-0.67%  PE=264.4(28.95%) PB=18.02(28.95%)
2026-08-10 19:01:34  [ 57] 002379 宏桥控股  完成  日J=32.57 周J=94.08 月J=11.89 价=19.76 涨=0.0%  PE=13.07(72.98%) PB=4.93(83.42%)
2026-08-10 19:01:35  [ 58] 002916 深南电路  完成  日J=107.38 周J=29.89 月J=55.24 价=372.4 涨=-2.67%  PE=69.79(97.65%) PB=14.02(93.15%)
2026-08-10 19:01:37  [ 59] 300408 三环集团  完成  日J=85.1 周J=30.11 月J=60.67 价=126.9 涨=-0.38%  PE=88.08(98.9%) PB=11.31(98.9%)
2026-08-10 19:01:38  [ 60] 688008 澜起科技  完成  日J=65.5 周J=5.44 月J=42.68 价=206.92 涨=-3.99%  PE=98.75(72.94%) PB=12.12(78.9%)
2026-08-10 19:01:40  [ 61] 601225 陕西煤业  完成  日J=102.65 周J=102.24 月J=73.71 价=26.04 涨=3.99%  PE=15.61(99.28%) PB=2.47(88.45%)
2026-08-10 19:01:41  [ 62] 601816 京沪高铁  完成  日J=18.56 周J=101.83 月J=87.72 价=5.1 涨=1.19%  PE=18.69(6.29%) PB=1.19(8.68%)
2026-08-10 19:01:42  [ 63] 600309 万华化学  完成  日J=78.27 周J=111.38 月J=29.02 价=78.01 涨=3.02%  PE=18.55(67.51%) PB=2.19(11.31%)
2026-08-10 19:01:44  [ 64] 300394 天孚通信  完成  日J=108.67 周J=27.19 月J=31.7 价=223.03 涨=-3.32%  PE=112.02(94.87%) PB=40.68(95.21%)
2026-08-10 19:01:45  [ 65] 601919 中远海控  完成  日J=58.05 周J=112.94 月J=66.95 价=15.64 涨=1.36%  PE=9.53(58.98%) PB=1.01(34.69%)
2026-08-10 19:01:46  [ 66] 002463 沪电股份  完成  日J=107.7 周J=30.45 月J=56.45 价=122.7 涨=-2.52%  PE=54.89(97.89%) PB=14.06(98.18%)
2026-08-10 19:01:48  [ 67] 300274 阳光电源  完成  日J=91.35 周J=15.57 月J=0.43 价=113.71 涨=-0.39%  PE=19.77(40.15%) PB=4.84(48.25%)
2026-08-10 19:01:49  [ 68] 002714 牧原股份  完成  日J=80.35 周J=98.24 月J=34.32 价=40.24 涨=4.6%  PE=23.75(70.1%) PB=2.69(2.68%)
2026-08-10 19:01:51  [ 69] 002938 鹏鼎控股  完成  日J=106.33 周J=36.81 月J=63.6 价=98.52 涨=-2.85%  PE=61.5(98.33%) PB=6.59(97.75%)
2026-08-10 19:01:52  [ 70] 000651 格力电器  完成  日J=7.61 周J=81.62 月J=88.86 价=40.67 涨=1.42%  PE=7.81(30.28%) PB=1.5(5.89%)
2026-08-10 19:01:53  [ 71] 688808 联讯仪器  完成  日J=100.04 周J=39.51 月J=54.64 价=2139.0 涨=-3.65%  PE=803.74(68.49%) PB=214.02(68.49%)
2026-08-10 19:01:55  [ 72] 000001 平安银行  完成  日J=9.48 周J=92.03 月J=86.54 价=11.29 涨=0.89%  PE=5.09(30.28%) PB=0.47(8.72%)
2026-08-10 19:01:56  [ 73] 600188 兖矿能源  完成  日J=114.37 周J=74.96 月J=52.65 价=21.78 涨=2.11%  PE=22.88(98.42%) PB=2.86(87.49%)
2026-08-10 19:01:58  [ 74] 000725 京东方Ａ  完成  日J=96.04 周J=-3.17 月J=39.95 价=5.89 涨=-2.97%  PE=36.67(57.45%) PB=1.6(72.35%)
2026-08-10 19:01:59  [ 75] 600919 江苏银行  完成  日J=66.52 周J=103.03 月J=105.66 价=11.81 涨=1.64%  PE=6.0(79.59%) PB=0.82(90.8%)
2026-08-10 19:02:00  [ 76] 603288 海天味业  完成  日J=7.2 周J=85.66 月J=58.91 价=36.78 涨=0.99%  PE=29.56(2.49%) PB=5.12(3.31%)
2026-08-10 19:02:02  [ 77] 688072 拓荆科技  完成  日J=95.18 周J=31.69 月J=63.92 价=728.0 涨=5.41%  PE=128.7(82.68%) PB=29.2(97.8%)
2026-08-10 19:02:03  [ 78] 002142 宁波银行  完成  日J=24.81 周J=87.38 月J=80.46 价=32.0 涨=1.65%  PE=7.02(32.01%) PB=0.91(28.51%)
2026-08-10 19:02:04  [ 79] 600690 海尔智家  完成  日J=-0.06 周J=83.81 月J=29.45 价=22.25 涨=1.46%  PE=11.15(6.37%) PB=1.67(3.98%)
2026-08-10 19:02:06  [ 80] 601066 中信建投  完成  日J=83.11 周J=7.12 月J=56.12 价=25.96 涨=-0.31%  PE=17.88(8.86%) PB=2.33(21.05%)
2026-08-10 19:02:07  [ 81] 003816 中国广核  完成  日J=-5.26 周J=36.8 月J=18.98 价=3.95 涨=1.54%  PE=21.03(87.54%) PB=1.58(61.51%)
2026-08-10 19:02:08  [ 82] 600406 国电南瑞  完成  日J=21.7 周J=91.16 月J=18.73 价=24.14 涨=0.08%  PE=23.3(27.41%) PB=3.62(35.03%)
2026-08-10 19:02:10  [ 83] 601898 中煤能源  完成  日J=91.25 周J=61.37 月J=13.66 价=14.4 涨=2.64%  PE=10.75(55.58%) PB=1.16(91.76%)
2026-08-10 19:02:11  [ 84] 300760 迈瑞医疗  完成  日J=31.63 周J=95.74 月J=32.31 价=155.58 涨=2.75%  PE=24.07(8.59%) PB=4.7(2.85%)
2026-08-10 19:02:12  [ 85] 301666 大普微-UW  完成  日J=83.81 周J=-0.99 月J=19.52 价=432.0 涨=-3.54%  PE=14516.52(22.78%) PB=234.95(22.78%)
2026-08-10 19:02:14  [ 86] 601668 中国建筑  完成  日J=-7.27 周J=89.64 月J=51.46 价=4.54 涨=0.44%  PE=4.94(53.52%) PB=0.38(0.67%)
2026-08-10 19:02:15  [ 87] 601336 新华保险  完成  日J=35.5 周J=66.87 月J=7.46 价=60.06 涨=-0.99%  PE=5.08(0.96%) PB=1.52(43.79%)
2026-08-10 19:02:16  [ 88] 603268 松发股份  完成  日J=103.28 周J=95.8 月J=90.73 价=183.26 涨=0.08%  PE=53.43(68.66%) PB=17.7(87.3%)
2026-08-10 19:02:18  [ 89] 300604 长川科技  完成  日J=102.44 周J=28.89 月J=65.29 价=288.08 涨=1.72%  PE=118.24(53.33%) PB=36.52(99.04%)
2026-08-10 19:02:19  [ 90] 301377 鼎泰高科  完成  日J=101.37 周J=15.96 月J=49.89 价=437.45 涨=-3.18%  PE=298.41(97.23%) PB=63.93(97.23%)
2026-08-10 19:02:21  [ 91] 300433 蓝思科技  完成  日J=88.18 周J=-3.51 月J=27.63 价=34.89 涨=-2.81%  PE=53.55(82.61%) PB=3.37(77.96%)
2026-08-10 19:02:22  [ 92] 601985 中国核电  完成  日J=1.14 周J=46.08 月J=73.31 价=8.85 涨=0.57%  PE=22.11(84.48%) PB=1.52(28.65%)
2026-08-10 19:02:23  [ 93] 600031 三一重工  完成  日J=10.64 周J=91.93 月J=32.45 价=19.74 涨=0.82%  PE=21.56(47.48%) PB=2.0(17.68%)
2026-08-10 19:02:24  [ 94] 600025 华能水电  完成  日J=-0.84 周J=72.74 月J=66.55 价=9.74 涨=0.72%  PE=21.25(73.31%) PB=2.56(71.97%)
2026-08-10 19:02:26  [ 95] 601818 光大银行  完成  日J=-11.55 周J=75.32 月J=42.58 价=3.05 涨=0.0%  PE=4.76(37.57%) PB=0.36(0.57%)
2026-08-10 19:02:27  [ 96] 300033 同花顺  完成  日J=91.33 周J=57.84 月J=36.86 价=238.51 涨=-0.55%  PE=53.74(54.05%) PB=25.68(96.12%)
2026-08-10 19:02:28  [ 97] 002352 顺丰控股  完成  日J=-0.43 周J=84.27 月J=42.39 价=33.8 涨=1.5%  PE=15.6(1.87%) PB=1.77(1.87%)
2026-08-10 19:02:30  [ 98] 001399 惠科股份  完成  日J=74.28 周J=-2.02 月J=None 价=23.93 涨=0.72%  PE=46.83(25.0%) PB=6.71(25.0%)
2026-08-10 19:02:31  [ 99] 600930 华电新能  完成  日J=24.02 周J=6.16 月J=0.84 价=4.23 涨=0.95%  PE=27.56(2.69%) PB=1.6(2.69%)
2026-08-10 19:02:32  [100] 688498 源杰科技  完成  日J=111.94 周J=24.33 月J=57.21 价=1415.1 涨=4.4%  PE=494.83(67.27%) PB=69.78(96.59%)
2026-08-10 19:02:32  全部完成，结果已写入 C:\Users\hailo\Desktop\每周自动指标\output\2026-08-10\metrics_2026-08-10.csv
2026-08-10 19:02:32  步骤2完成 -> C:\Users\hailo\Desktop\每周自动指标\output\2026-08-10\metrics_2026-08-10.csv
2026-08-10 19:02:32  步骤3: 生成 HTML 总结报告…
2026-08-10 19:02:32  步骤3完成 -> C:\Users\hailo\Desktop\每周自动指标\output\2026-08-10\report_2026-08-10.html
2026-08-10 19:02:32  步骤4: 发送邮件报告…
2026-08-10 19:02:35  步骤4完成: 邮件已发送
2026-08-10 19:02:35  ===== 全部完成 2026-08-10 =====
