2026-08-28 16:51:55  ===== 开始每日港股通指标任务 2026-08-28 =====
2026-08-28 16:51:55  步骤1: 获取港股通总市值前100标的...
获取港股通标的列表(共取市值前 100 只)...
接口返回 100 只港股通标的
2026-08-28 16:51:56  步骤1完成 -> /home/runner/work/daily-stock-metrics/daily-stock-metrics/output_hk/2026-08-28/hk_list_2026-08-28.csv
2026-08-28 16:51:56  步骤2: 计算 KDJ-J(日/周/月)...
2026-08-28 16:51:56  步骤2: 计算指标...
2026-08-28 16:51:56  观察池: 共100只(含历史追踪0只)
2026-08-28 16:51:56  待处理 100 条，并发数 8
2026-08-28 16:51:58  [  2] 03750 宁德时代  完成  日J=5.25 周J=33.55 月J=47.05 MA20=637.925 MA60=652.467 多头=0 价=616.5 涨=0.49%  PE=29.61(None%) PB=6.53(None%)
2026-08-28 16:51:58  [  6] 09988 阿里巴巴-W  完成  日J=15.17 周J=79.38 月J=17.92 MA20=121.99 MA60=112.676 多头=1 价=113.9 涨=-1.39%  PE=26.65(None%) PB=1.8(None%)
2026-08-28 16:51:58  [  4] 01398 工商银行  完成  日J=62.7 周J=91.92 月J=83.86 MA20=7.323 MA60=7.052 多头=1 价=7.45 涨=-0.13%  PE=6.39(None%) PB=0.59(None%)
2026-08-28 16:51:58  [  5] 00939 建设银行  完成  日J=61.97 周J=97.52 月J=88.09 MA20=8.987 MA60=8.676 多头=1 价=9.14 涨=0.05%  PE=6.25(None%) PB=0.6(None%)
2026-08-28 16:51:58  [  7] 01288 农业银行  完成  日J=77.46 周J=87.07 月J=78.75 MA20=6.059 MA60=5.841 多头=1 价=6.22 涨=-0.24%  PE=6.61(None%) PB=0.68(None%)
2026-08-28 16:51:58  [  8] 00857 中国石油股份  完成  日J=76.71 周J=106.19 月J=37.65 MA20=9.765 MA60=9.641 多头=1 价=10.19 涨=2.21%  PE=10.51(None%) PB=1.01(None%)
2026-08-28 16:51:58  [  1] 00700 腾讯控股  完成  日J=73.6 周J=52.91 月J=8.6 MA20=459.89 MA60=454.013 多头=1 价=455.2 涨=1.65%  PE=15.53(None%) PB=3.16(None%)
2026-08-28 16:51:58  [  3] 00005 汇丰控股  完成  日J=43.12 周J=60.73 月J=91.77 MA20=162.355 MA60=155.328 多头=1 价=161.4 涨=-0.25%  PE=14.7(None%) PB=2.04(None%)
2026-08-28 16:51:58  [ 10] 00941 中国移动  完成  日J=1.37 周J=60.99 月J=33.75 MA20=81.75 MA60=80.748 多头=1 价=79.4 涨=-0.06%  PE=11.46(None%) PB=1.03(None%)
2026-08-28 16:51:58  [ 12] 03308 中际旭创  完成  日J=6.62 周J=47.79 月J=None MA20=1099.45 MA60=None 多头=None 价=1040.0 涨=-0.57%  PE=52.23(None%) PB=25.27(None%)
2026-08-28 16:51:58  [ 11] 03968 招商银行  完成  日J=65.68 周J=78.74 月J=55.35 MA20=48.911 MA60=47.822 多头=1 价=49.02 涨=-1.01%  PE=7.33(None%) PB=0.96(None%)
2026-08-28 16:51:58  [  9] 03988 中国银行  完成  日J=85.76 周J=100.75 月J=95.99 MA20=5.377 MA60=5.27 多头=1 价=5.58 涨=1.36%  PE=6.55(None%) PB=0.58(None%)
2026-08-28 16:51:58  [ 13] 00883 中国海洋石油  完成  日J=85.86 周J=117.98 月J=30.68 MA20=24.208 MA60=23.479 多头=1 价=25.44 涨=1.27%  PE=7.67(None%) PB=1.23(None%)
2026-08-28 16:51:58  [ 15] 02899 紫金矿业  完成  日J=70.29 周J=107.87 月J=32.65 MA20=36.108 MA60=32.644 多头=1 价=38.28 涨=1.65%  PE=13.24(None%) PB=4.38(None%)
2026-08-28 16:51:58  [ 16] 01088 中国神华  完成  日J=92.66 周J=113.14 月J=49.06 MA20=43.883 MA60=43.171 多头=1 价=45.82 涨=0.22%  PE=16.85(None%) PB=1.77(None%)
2026-08-28 16:51:58  [ 14] 02318 中国平安  完成  日J=99.17 周J=84.78 月J=12.61 MA20=56.255 MA60=55.445 多头=1 价=56.9 涨=-0.52%  PE=5.69(None%) PB=0.87(None%)
2026-08-28 16:51:59  [ 17] 01211 比亚迪股份  完成  日J=58.17 周J=94.59 月J=54.49 MA20=91.35 MA60=87.09 多头=1 价=91.95 涨=0.77%  PE=27.2(None%) PB=3.19(None%)
2026-08-28 16:51:59  [ 18] 02628 中国人寿  完成  日J=105.33 周J=67.43 月J=33.41 MA20=28.13 MA60=28.314 多头=0 价=29.42 涨=0.34%  PE=2.96(None%) PB=1.09(None%)
2026-08-28 16:51:59  [ 20] 00300 美的集团  完成  日J=91.56 周J=98.85 月J=93.04 MA20=97.243 MA60=92.172 多头=1 价=98.75 涨=-0.4%  PE=15.2(None%) PB=2.85(None%)
2026-08-28 16:51:59  [ 21] 01810 小米集团-W  完成  日J=71.44 周J=68.58 月J=26.37 MA20=27.262 MA60=26.306 多头=1 价=27.82 涨=1.24%  PE=19.16(None%) PB=2.31(None%)
2026-08-28 16:51:59  [ 22] 03328 交通银行  完成  日J=68.86 周J=95.0 月J=82.16 MA20=7.404 MA60=7.25 多头=1 价=7.51 涨=-0.4%  PE=6.14(None%) PB=0.5(None%)
2026-08-28 16:51:59  [ 23] 09999 网易  完成  日J=22.84 周J=24.04 月J=42.75 MA20=198.16 MA60=198.273 多头=0 价=192.2 涨=-0.52%  PE=16.68(None%) PB=3.21(None%)
2026-08-28 16:51:59  [ 19] 01299 友邦保险  完成  日J=91.33 周J=54.28 月J=14.59 MA20=74.237 MA60=74.508 多头=0 价=75.5 涨=1.14%  PE=12.54(None%) PB=2.45(None%)
2026-08-28 16:51:59  [ 24] 00981 中芯国际  完成  日J=31.57 周J=28.61 月J=45.34 MA20=68.968 MA60=73.343 多头=0 价=70.15 涨=-1.61%  PE=73.95(None%) PB=3.05(None%)
2026-08-28 16:51:59  [ 25] 01658 邮储银行  完成  日J=72.75 周J=75.04 月J=39.62 MA20=4.896 MA60=4.895 多头=1 价=4.96 涨=-0.3%  PE=6.04(None%) PB=0.51(None%)
2026-08-28 16:51:59  [ 26] 02359 药明康德  完成  日J=-0.32 周J=86.49 月J=90.72 MA20=195.845 MA60=161.838 多头=1 价=197.1 涨=-0.95%  PE=23.44(None%) PB=6.09(None%)
2026-08-28 16:51:59  [ 27] 00386 中国石油化工股份  完成  日J=100.47 周J=106.55 月J=25.89 MA20=4.414 MA60=4.268 多头=1 价=4.76 涨=1.82%  PE=14.23(None%) PB=0.6(None%)
2026-08-28 16:51:59  [ 28] 02388 中银香港  完成  日J=54.71 周J=91.43 月J=87.54 MA20=50.437 MA60=48.254 多头=1 价=50.95 涨=2.27%  PE=13.43(None%) PB=1.5(None%)
2026-08-28 16:51:59  [ 29] 00388 香港交易所  完成  日J=102.23 周J=112.79 月J=61.48 MA20=413.19 MA60=395.133 多头=1 价=424.0 涨=0.43%  PE=27.15(None%) PB=8.86(None%)
2026-08-28 16:51:59  [ 30] 02513 智谱  完成  日J=50.99 周J=9.53 月J=25.36 MA20=1115.95 MA60=1388.117 多头=0 价=1090.0 涨=-6.03%  PE=-97.57(None%) PB=-4.9(None%)
2026-08-28 16:51:59  [ 31] 02888 渣打集团  完成  日J=16.15 周J=71.79 月J=93.49 MA20=234.13 MA60=222.198 多头=1 价=230.4 涨=-1.2%  PE=11.92(None%) PB=1.39(None%)
2026-08-28 16:51:59  [ 32] 02475 立讯精密  完成  日J=91.73 周J=77.72 月J=None MA20=60.858 MA60=None 多头=None 价=63.55 涨=-0.78%  PE=24.44(None%) PB=4.34(None%)
2026-08-28 16:51:59  [ 33] 09633 农夫山泉  完成  日J=55.33 周J=67.33 月J=15.5 MA20=42.834 MA60=42.325 多头=1 价=43.5 涨=1.3%  PE=25.16(None%) PB=11.43(None%)
2026-08-28 16:51:59  [ 34] 03690 美团-W  完成  日J=2.78 周J=50.72 月J=46.51 MA20=87.235 MA60=81.646 多头=1 价=77.5 涨=0.0%  PE=-10.76(None%) PB=2.82(None%)
2026-08-28 16:51:59  [ 35] 00998 中信银行  完成  日J=103.02 周J=111.58 月J=69.23 MA20=7.684 MA60=7.385 多头=1 价=8.31 涨=1.65%  PE=5.68(None%) PB=0.54(None%)
2026-08-28 16:51:59  [ 36] 00728 中国电信  完成  日J=84.43 周J=107.57 月J=29.0 MA20=4.7 MA60=4.656 多头=1 价=4.87 涨=-0.41%  PE=13.09(None%) PB=0.82(None%)
2026-08-28 16:51:59  [ 37] 02259 紫金黄金国际  完成  日J=85.56 周J=114.1 月J=19.27 MA20=140.505 MA60=117.993 多头=1 价=161.2 涨=3.4%  PE=21.84(None%) PB=5.89(None%)
2026-08-28 16:51:59  [ 38] 06030 中信证券  完成  日J=94.73 周J=31.11 月J=51.15 MA20=26.82 MA60=27.04 多头=0 价=27.44 涨=-0.15%  PE=9.51(None%) PB=1.2(None%)
2026-08-28 16:52:00  [ 39] 03993 洛阳钼业  完成  日J=90.34 周J=67.38 月J=10.97 MA20=17.589 MA60=16.982 多头=1 价=17.69 涨=0.91%  PE=11.97(None%) PB=3.67(None%)
2026-08-28 16:52:00  [ 40] 00267 中信股份  完成  日J=74.29 周J=104.42 月J=53.88 MA20=12.332 MA60=12.104 多头=1 价=12.91 涨=0.7%  PE=5.39(None%) PB=0.41(None%)
2026-08-28 16:52:00  [ 41] 00992 联想集团  完成  日J=19.47 周J=62.06 月J=91.97 MA20=29.548 MA60=25.355 多头=1 价=29.96 涨=-2.47%  PE=59.52(None%) PB=6.57(None%)
2026-08-28 16:52:00  [ 42] 02328 中国财险  完成  日J=75.75 周J=79.4 月J=47.28 MA20=15.847 MA60=15.204 多头=1 价=15.98 涨=-0.87%  PE=8.42(None%) PB=1.07(None%)
2026-08-28 16:52:00  [ 43] 00016 新鸿基地产  完成  日J=50.48 周J=80.81 月J=41.0 MA20=120.58 MA60=118.77 多头=1 价=121.9 涨=-1.3%  PE=16.06(None%) PB=0.57(None%)
2026-08-28 16:52:00  [ 44] 06809 澜起科技  完成  日J=64.25 周J=8.98 月J=41.01 MA20=273.29 MA60=329.737 多头=0 价=285.0 涨=-5.38%  PE=121.39(None%) PB=14.75(None%)
2026-08-28 16:52:00  [ 45] 06160 百济神州  完成  日J=42.87 周J=94.36 月J=70.63 MA20=215.465 MA60=190.363 多头=1 价=224.4 涨=-0.71%  PE=67.54(None%) PB=8.53(None%)
2026-08-28 16:52:00  [ 46] 03986 兆易创新  完成  日J=30.93 周J=0.05 月J=19.9 MA20=496.075 MA60=665.542 多头=0 价=486.0 涨=-5.81%  PE=37.65(None%) PB=7.95(None%)
2026-08-28 16:52:00  [ 47] 01276 恒瑞医药  完成  日J=24.76 周J=5.93 月J=0.41 MA20=53.202 MA60=55.445 多头=0 价=47.94 涨=-1.88%  PE=36.16(None%) PB=4.29(None%)
2026-08-28 16:52:00  [ 48] 02601 中国太保  完成  日J=99.67 周J=77.35 月J=10.13 MA20=29.339 MA60=29.363 多头=0 价=30.16 涨=1.0%  PE=4.53(None%) PB=0.79(None%)
2026-08-28 16:52:00  [ 49] 02338 潍柴动力  完成  日J=23.28 周J=39.71 月J=50.77 MA20=33.937 MA60=34.686 多头=0 价=32.76 涨=3.67%  PE=19.15(None%) PB=2.56(None%)
2026-08-28 16:52:00  [ 50] 02611 国泰海通  完成  日J=94.01 周J=55.58 月J=40.73 MA20=14.745 MA60=14.787 多头=0 价=15.69 涨=-0.19%  PE=7.48(None%) PB=0.73(None%)
2026-08-28 16:52:00  [ 51] 02378 保诚  完成  日J=28.57 周J=31.22 月J=28.88 MA20=109.865 MA60=108.113 多头=1 价=107.8 涨=-1.1%  PE=9.49(None%) PB=1.74(None%)
2026-08-28 16:52:00  [ 52] 00001 长和  完成  日J=50.92 周J=63.59 月J=84.85 MA20=71.325 MA60=69.767 多头=1 价=70.15 涨=-0.14%  PE=7.11(None%) PB=0.46(None%)
2026-08-28 16:52:00  [ 53] 01919 中远海控  完成  日J=57.22 周J=102.17 月J=78.45 MA20=16.313 MA60=14.998 多头=1 价=17.2 涨=-2.22%  PE=9.33(None%) PB=0.99(None%)
2026-08-28 16:52:00  [ 54] 00669 创科实业  完成  日J=7.91 周J=59.83 月J=88.3 MA20=141.365 MA60=130.773 多头=1 价=135.2 涨=-2.52%  PE=24.27(None%) PB=4.23(None%)
2026-08-28 16:52:00  [ 55] 01339 中国人民保险集团  完成  日J=102.51 周J=83.32 月J=9.92 MA20=5.245 MA60=5.173 多头=1 价=5.4 涨=0.65%  PE=5.06(None%) PB=0.66(None%)
2026-08-28 16:52:00  [ 56] 01109 华润置地  完成  日J=-1.48 周J=71.58 月J=43.26 MA20=33.875 MA60=33.458 多头=1 价=33.18 涨=-1.95%  PE=8.41(None%) PB=0.74(None%)
2026-08-28 16:52:00  [ 57] 01378 中国宏桥  完成  日J=69.33 周J=80.69 月J=-3.31 MA20=23.434 MA60=23.223 多头=1 价=23.5 涨=1.56%  PE=7.37(None%) PB=1.51(None%)
2026-08-28 16:52:00  [ 58] 06951 三环集团  完成  日J=22.15 周J=71.15 月J=None MA20=113.185 MA60=None 多头=None 价=114.0 涨=2.33%  PE=60.43(None%) PB=8.38(None%)
2026-08-28 16:52:00  [ 59] 03692 翰森制药  完成  日J=104.16 周J=95.67 月J=30.26 MA20=33.121 MA60=31.801 多头=1 价=36.72 涨=-0.27%  PE=29.24(None%) PB=5.12(None%)
2026-08-28 16:52:01  [ 60] 02020 安踏体育  完成  日J=77.63 周J=66.96 月J=50.87 MA20=74.472 MA60=74.055 多头=1 价=77.4 涨=-0.51%  PE=11.86(None%) PB=2.62(None%)
2026-08-28 16:52:01  [ 61] 02476 胜宏科技  完成  日J=33.16 周J=29.67 月J=5.55 MA20=232.86 MA60=276.107 多头=0 价=220.2 涨=-12.96%  PE=37.88(None%) PB=4.96(None%)
2026-08-28 16:52:01  [ 62] 09992 泡泡玛特  完成  日J=101.83 周J=45.69 月J=5.32 MA20=154.85 MA60=160.14 多头=0 价=158.7 涨=3.05%  PE=14.16(None%) PB=7.96(None%)
2026-08-28 16:52:01  [ 63] 02269 药明生物  完成  日J=50.97 周J=94.13 月J=75.52 MA20=46.588 MA60=38.956 多头=1 价=50.65 涨=0.3%  PE=36.97(None%) PB=3.79(None%)
2026-08-28 16:52:01  [ 65] 02714 牧原股份  完成  日J=71.7 周J=105.59 月J=20.23 MA20=33.575 MA60=32.393 多头=1 价=35.48 涨=4.05%  PE=-146.52(None%) PB=2.25(None%)
2026-08-28 16:52:01  [ 66] 00066 港铁公司  完成  日J=4.17 周J=86.57 月J=29.04 MA20=32.777 MA60=32.077 多头=1 价=32.48 涨=-0.25%  PE=8.85(None%) PB=0.99(None%)
2026-08-28 16:52:01  [ 64] 01347 华虹宏力  完成  日J=42.31 周J=-3.62 月J=36.54 MA20=128.08 MA60=151.042 多头=0 价=120.6 涨=-1.79%  PE=261.2(None%) PB=3.74(None%)
2026-08-28 16:52:01  [ 67] 06690 海尔智家  完成  日J=78.71 周J=50.98 月J=17.64 MA20=21.2 MA60=20.98 多头=1 价=21.28 涨=-0.65%  PE=9.82(None%) PB=1.45(None%)
2026-08-28 16:52:01  [ 68] 00002 中电控股  完成  日J=37.21 周J=100.05 月J=95.02 MA20=78.222 MA60=76.19 多头=1 价=78.7 涨=-0.19%  PE=18.34(None%) PB=1.8(None%)
2026-08-28 16:52:01  [ 69] 00175 吉利汽车  完成  日J=30.9 周J=43.4 月J=25.57 MA20=18.521 MA60=18.559 多头=0 价=18.08 涨=-1.2%  PE=10.28(None%) PB=1.79(None%)
2026-08-28 16:52:01  [ 70] 01801 信达生物  完成  日J=75.64 周J=97.17 月J=74.52 MA20=97.225 MA60=88.121 多头=1 价=107.5 涨=-0.09%  PE=131.22(None%) PB=7.82(None%)
2026-08-28 16:52:01  [ 71] 06818 中国光大银行  完成  日J=25.57 周J=28.17 月J=9.69 MA20=3.041 MA60=3.101 多头=0 价=2.97 涨=-1.82%  PE=4.13(None%) PB=0.31(None%)
2026-08-28 16:52:01  [ 72] 06936 顺丰控股  完成  日J=70.83 周J=85.26 月J=54.44 MA20=32.733 MA60=31.838 多头=1 价=32.82 涨=0.37%  PE=13.54(None%) PB=1.45(None%)
2026-08-28 16:52:01  [ 73] 00762 中国联通  完成  日J=26.3 周J=17.79 月J=3.2 MA20=6.135 MA60=6.511 多头=0 价=5.63 涨=-0.62%  PE=9.54(None%) PB=0.4(None%)
2026-08-28 16:52:01  [ 74] 06031 三一重工  完成  日J=46.41 周J=24.42 月J=5.15 MA20=19.366 MA60=19.729 多头=0 价=18.59 涨=-1.54%  PE=18.1(None%) PB=1.67(None%)
2026-08-28 16:52:01  [ 75] 03288 海天味业  完成  日J=5.01 周J=26.01 月J=9.64 MA20=31.906 MA60=31.339 多头=1 价=28.68 涨=-1.1%  PE=20.15(None%) PB=3.73(None%)
2026-08-28 16:52:01  [ 76] 01038 长江基建集团  完成  日J=38.83 周J=98.32 月J=74.61 MA20=63.66 MA60=61.188 多头=1 价=65.0 涨=-0.84%  PE=6.51(None%) PB=1.11(None%)
2026-08-28 16:52:01  [ 78] 00788 中国铁塔  完成  日J=1.04 周J=42.07 月J=5.17 MA20=9.475 MA60=9.45 多头=1 价=9.14 涨=-0.44%  PE=10.6(None%) PB=0.68(None%)
2026-08-28 16:52:01  [ 79] 01113 长实集团  完成  日J=41.14 周J=59.39 月J=48.77 MA20=46.759 MA60=46.268 多头=1 价=45.86 涨=-0.56%  PE=12.13(None%) PB=0.4(None%)
2026-08-28 16:52:01  [ 77] 02423 贝壳-W  完成  日J=89.03 周J=101.91 月J=67.4 MA20=45.163 MA60=42.589 多头=1 价=47.48 涨=0.89%  PE=30.13(None%) PB=2.18(None%)
2026-08-28 16:52:02  [ 80] 01898 中煤能源  完成  日J=96.62 周J=110.78 月J=18.36 MA20=11.134 MA60=10.966 多头=1 价=11.98 涨=1.01%  PE=9.1(None%) PB=0.83(None%)
2026-08-28 16:52:02  [ 82] 01766 中国中车  完成  日J=98.78 周J=104.67 月J=39.57 MA20=5.148 MA60=4.996 多头=1 价=5.41 涨=2.08%  PE=9.8(None%) PB=0.76(None%)
2026-08-28 16:52:02  [ 83] 01816 中广核电力  完成  日J=106.58 周J=101.64 月J=17.83 MA20=2.868 MA60=2.856 多头=1 价=3.06 涨=2.17%  PE=13.63(None%) PB=1.08(None%)
2026-08-28 16:52:02  [ 84] 00688 中国海外发展  完成  日J=41.9 周J=74.98 月J=41.15 MA20=13.638 MA60=13.652 多头=0 价=13.82 涨=-2.47%  PE=11.89(None%) PB=0.33(None%)
2026-08-28 16:52:02  [ 81] 06886 华泰证券  完成  日J=90.41 周J=80.83 月J=28.64 MA20=16.878 MA60=16.838 多头=1 价=17.41 涨=0.52%  PE=8.01(None%) PB=0.78(None%)
2026-08-28 16:52:02  [ 86] 09973 奇瑞汽车  完成  日J=47.79 周J=76.84 月J=23.54 MA20=26.016 MA60=25.807 多头=1 价=25.88 涨=-0.77%  PE=7.41(None%) PB=2.41(None%)
2026-08-28 16:52:02  [ 85] 02600 中国铝业  完成  日J=88.5 周J=85.11 月J=-4.76 MA20=8.461 MA60=8.457 多头=1 价=8.77 涨=3.61%  PE=7.54(None%) PB=1.55(None%)
2026-08-28 16:52:02  [ 87] 00027 银河娱乐  完成  日J=-10.76 周J=93.31 月J=19.73 MA20=34.318 MA60=32.259 多头=1 价=33.86 涨=-1.46%  PE=13.84(None%) PB=1.75(None%)
2026-08-28 16:52:02  [ 88] 01336 新华保险  完成  日J=63.24 周J=59.61 月J=2.09 MA20=47.029 MA60=47.902 多头=0 价=46.94 涨=-0.38%  PE=2.92(None%) PB=1.03(None%)
2026-08-28 16:52:02  [ 89] 01377 鼎泰高科  完成  日J=31.11 周J=46.32 月J=None MA20=353.19 MA60=None 多头=None 价=342.4 涨=-3.71%  PE=133.59(None%) PB=39.17(None%)
2026-08-28 16:52:02  [ 91] 01988 民生银行  完成  日J=17.48 周J=49.94 月J=17.48 MA20=3.442 MA60=3.423 多头=1 价=3.3 涨=-2.8%  PE=4.37(None%) PB=0.22(None%)
2026-08-28 16:52:02  [ 90] 01024 快手-W  完成  日J=6.39 周J=-0.34 月J=-10.65 MA20=39.308 MA60=42.412 多头=0 价=33.46 涨=-0.59%  PE=8.13(None%) PB=1.53(None%)
2026-08-28 16:52:02  [ 94] 01888 建滔积层板  完成  日J=100.86 周J=10.77 月J=25.35 MA20=37.472 MA60=55.379 多头=0 价=45.16 涨=2.78%  PE=32.38(None%) PB=7.76(None%)
2026-08-28 16:52:02  [ 95] 01972 太古地产  完成  日J=30.3 周J=99.21 月J=45.03 MA20=24.287 MA60=22.543 多头=1 价=24.52 涨=-0.65%  PE=42.78(None%) PB=0.52(None%)
2026-08-28 16:52:02  [ 96] 06869 长飞光纤光缆  完成  日J=89.34 周J=41.25 月J=37.38 MA20=135.925 MA60=171.097 多头=0 价=170.3 涨=-5.28%  PE=35.75(None%) PB=7.48(None%)
2026-08-28 16:52:02  [ 92] 03606 福耀玻璃  完成  日J=7.35 周J=71.3 月J=30.65 MA20=56.635 MA60=54.319 多头=1 价=55.25 涨=0.09%  PE=15.0(None%) PB=3.28(None%)
2026-08-28 16:52:02  [ 93] 01776 广发证券  完成  日J=97.01 周J=81.72 月J=60.4 MA20=17.369 MA60=17.109 多头=1 价=18.23 涨=-0.6%  PE=8.15(None%) PB=0.91(None%)
2026-08-28 16:52:02  [ 98] 06099 招商证券  完成  日J=113.01 周J=27.91 月J=57.83 MA20=15.049 MA60=15.756 多头=0 价=16.13 涨=0.06%  PE=6.94(None%) PB=0.97(None%)
2026-08-28 16:52:03  [ 97] 00012 恒基地产  完成  日J=59.55 周J=92.89 月J=21.36 MA20=28.131 MA60=27.144 多头=1 价=28.98 涨=-0.75%  PE=20.53(None%) PB=0.43(None%)
2026-08-28 16:52:03  [ 99] 00003 香港中华煤气  完成  日J=76.89 周J=97.86 月J=51.68 MA20=7.047 MA60=6.856 多头=1 价=7.37 涨=0.89%  PE=21.61(None%) PB=2.29(None%)
2026-08-28 16:52:03  [100] 01171 兖矿能源  完成  日J=105.49 周J=111.96 月J=33.73 MA20=12.567 MA60=12.304 多头=1 价=13.69 涨=0.66%  PE=12.6(None%) PB=1.59(None%)
2026-08-28 16:52:03  全部完成，结果已写入 /home/runner/work/daily-stock-metrics/daily-stock-metrics/output_hk/2026-08-28/metrics_2026-08-28.csv
2026-08-28 16:52:03  步骤2完成 -> /home/runner/work/daily-stock-metrics/daily-stock-metrics/output_hk/2026-08-28/metrics_2026-08-28.csv
2026-08-28 16:52:03  步骤3: 生成 HTML 总结报告...
2026-08-28 16:52:04  步骤3完成 -> /home/runner/work/daily-stock-metrics/daily-stock-metrics/output_hk/2026-08-28/report_2026-08-28.html
2026-08-28 16:52:04  步骤4: 发送邮件报告...
2026-08-28 16:52:08  步骤4完成: 邮件已发送
2026-08-28 16:52:08  ===== 全部完成 2026-08-28 =====
