2026-08-27 17:32:14  ===== 开始每日指标任务 2026-08-27 =====
2026-08-27 17:32:14  步骤1: 获取 A股市值前100…
2026-08-27 17:32:15  步骤1完成 -> C:\Users\hailo\Desktop\每周自动指标\output\2026-08-27\top100_2026-08-27.csv
2026-08-27 17:32:15  步骤2: 计算 KDJ-J(日/周/月) 及 PE/PB 历史分位…
2026-08-27 17:32:15  观察池: 共102只(含历史追踪2只) -> C:\Users\hailo\Desktop\每周自动指标\output\2026-08-27\tracked_2026-08-27.csv
2026-08-27 17:32:15  待处理 102 条，并发数 5
2026-08-27 17:32:18  [  1] 688825 长鑫科技  完成  日J=42.8 周J=90.21 月J=None MA20=55.421 MA60=None 多头=None 价=59.12 涨=5.38%  PE=142.34(95.83%) PB=49.11(95.83%)
2026-08-27 17:32:18  [  5] 600941 中国移动  完成  日J=90.51 周J=100.81 月J=61.93 MA20=96.933 MA60=93.941 多头=1 价=98.04 涨=-0.42%  PE=16.13(59.68%) PB=1.5(36.68%)
2026-08-27 17:32:18  [  3] 601939 建设银行  完成  日J=74.39 周J=79.16 月J=92.29 MA20=10.382 MA60=10.117 多头=1 价=10.57 涨=-0.94%  PE=8.09(97.1%) PB=0.78(72.48%)
2026-08-27 17:32:18  [  2] 601398 工商银行  完成  日J=80.96 周J=72.12 月J=79.02 MA20=7.708 MA60=7.533 多头=1 价=7.82 涨=-1.26%  PE=7.51(92.62%) PB=0.71(62.33%)
2026-08-27 17:32:18  [  4] 601288 农业银行  完成  日J=81.84 周J=81.96 月J=34.04 MA20=6.652 MA60=6.501 多头=1 价=6.79 涨=-1.02%  PE=8.07(92.14%) PB=0.84(83.48%)
2026-08-27 17:32:22  [  6] 601857 中国石油  完成  日J=64.12 周J=105.92 月J=36.23 MA20=10.915 MA60=10.215 多头=1 价=11.08 涨=0.64%  PE=12.82(56.52%) PB=1.25(91.86%)
2026-08-27 17:32:22  [ 10] 600938 中国海油  完成  日J=62.1 周J=112.71 月J=24.84 MA20=32.693 MA60=31.094 多头=1 价=33.82 涨=1.47%  PE=11.62(86.28%) PB=1.88(78.81%)
2026-08-27 17:32:22  [  7] 601988 中国银行  完成  日J=84.75 周J=94.08 月J=97.63 MA20=5.964 MA60=5.894 多头=1 价=6.14 涨=-0.97%  PE=8.07(99.38%) PB=0.72(88.19%)
2026-08-27 17:32:22  [  8] 300750 宁德时代  完成  日J=1.96 周J=64.81 月J=29.24 MA20=390.205 MA60=386.08 多头=1 价=373.0 涨=-1.58%  PE=20.3(13.13%) PB=4.55(21.7%)
2026-08-27 17:32:22  [  9] 600519 贵州茅台  完成  日J=44.08 周J=76.98 月J=38.25 MA20=1318.242 MA60=1264.156 多头=1 价=1292.3 涨=-0.81%  PE=19.84(5.14%) PB=6.43(2.76%)
2026-08-27 17:32:25  [ 11] 601138 工业富联  完成  日J=35.73 周J=56.13 月J=35.72 MA20=63.634 MA60=65.739 多头=0 价=63.86 涨=5.43%  PE=27.01(87.12%) PB=7.21(91.98%)
2026-08-27 17:32:25  [ 13] 688981 中芯国际  完成  日J=29.71 周J=6.68 月J=45.76 MA20=126.136 MA60=137.854 多头=0 价=126.33 涨=1.76%  PE=214.35(91.18%) PB=7.22(93.4%)
2026-08-27 17:32:25  [ 14] 601088 中国神华  完成  日J=96.97 周J=111.82 月J=66.98 MA20=45.254 MA60=43.709 多头=1 价=47.8 涨=1.14%  PE=20.11(99.52%) PB=2.16(98.14%)
2026-08-27 17:32:25  [ 12] 601628 中国人寿  完成  日J=118.24 周J=51.99 月J=26.05 MA20=37.734 MA60=37.196 多头=1 价=38.61 涨=0.08%  PE=7.54(6.62%) PB=1.64(6.9%)
2026-08-27 17:32:25  [ 15] 300308 中际旭创  完成  日J=2.54 周J=7.81 月J=36.73 MA20=917.543 MA60=1076.151 多头=0 价=866.12 涨=1.79%  PE=49.53(54.29%) PB=25.42(95.52%)
2026-08-27 17:32:28  [ 16] 601318 中国平安  完成  日J=113.92 周J=99.9 月J=18.31 MA20=53.546 MA60=52.075 多头=1 价=55.87 涨=-0.46%  PE=6.35(0.19%) PB=0.98(26.95%)
2026-08-27 17:32:28  [ 17] 600036 招商银行  完成  日J=97.44 周J=86.77 月J=70.53 MA20=39.081 MA60=37.892 多头=1 价=39.58 涨=-0.55%  PE=6.62(27.52%) PB=0.88(12.38%)
2026-08-27 17:32:28  [ 19] 002594 比亚迪  完成  日J=84.43 周J=79.28 月J=44.96 MA20=90.829 MA60=89.4 多头=1 价=91.49 涨=-0.65%  PE=30.28(29.76%) PB=3.6(30.9%)
2026-08-27 17:32:28  [ 20] 600900 长江电力  完成  日J=45.47 周J=61.95 月J=86.61 MA20=28.187 MA60=27.51 多头=1 价=28.1 涨=-0.5%  PE=19.05(50.33%) PB=3.02(71.43%)
2026-08-27 17:32:28  [ 18] 601899 紫金矿业  完成  日J=82.11 周J=107.43 月J=32.31 MA20=33.397 MA60=30.015 多头=1 价=34.57 涨=0.29%  PE=13.59(11.33%) PB=4.55(85.0%)
2026-08-27 17:32:31  [ 21] 688256 寒武纪  完成  日J=38.43 周J=0.59 月J=43.4 MA20=1084.906 MA60=1253.939 多头=0 价=1048.0 涨=2.75%  PE=197.79(78.08%) PB=48.62(84.69%)
2026-08-27 17:32:31  [ 22] 000333 美的集团  完成  日J=91.53 周J=76.46 月J=87.39 MA20=85.062 MA60=81.459 多头=1 价=86.18 涨=-0.24%  PE=14.88(54.43%) PB=2.83(44.86%)
2026-08-27 17:32:31  [ 23] 600028 中国石化  完成  日J=90.61 周J=93.06 月J=9.29 MA20=5.143 MA60=4.951 多头=1 价=5.29 涨=-0.75%  PE=17.79(86.1%) PB=0.76(37.1%)
2026-08-27 17:32:31  [ 24] 601328 交通银行  完成  日J=67.57 周J=84.4 月J=75.49 MA20=7.034 MA60=6.813 多头=1 价=7.07 涨=-1.39%  PE=6.48(88.71%) PB=0.54(51.71%)
2026-08-27 17:32:31  [ 25] 601658 邮储银行  完成  日J=82.1 周J=54.37 月J=39.5 MA20=4.994 MA60=4.978 多头=1 价=5.0 涨=-1.57%  PE=6.83(59.79%) PB=0.58(8.72%)
2026-08-27 17:32:33  [ 26] 601728 中国电信  完成  日J=-6.19 周J=97.64 月J=57.81 MA20=6.408 MA60=6.018 多头=1 价=6.35 涨=-1.09%  PE=19.53(80.1%) PB=1.23(61.35%)
2026-08-27 17:32:35  [ 29] 002371 北方华创  完成  日J=28.18 周J=15.13 月J=53.41 MA20=724.862 MA60=735.421 多头=0 价=718.0 涨=2.47%  PE=91.67(45.1%) PB=12.85(82.24%)
2026-08-27 17:32:35  [ 28] 300502 新易盛  完成  日J=9.23 周J=17.79 月J=42.23 MA20=421.672 MA60=492.369 多头=0 价=409.1 涨=2.59%  PE=43.48(37.14%) PB=23.48(91.95%)
2026-08-27 17:32:35  [ 27] 688041 海光信息  完成  日J=17.49 周J=-3.91 月J=28.88 MA20=269.103 MA60=302.165 多头=0 价=245.97 涨=6.5%  PE=181.97(64.59%) PB=22.53(77.24%)
2026-08-27 17:32:35  [ 30] 601998 中信银行  完成  日J=102.03 周J=113.02 月J=84.27 MA20=7.94 MA60=7.561 多头=1 价=8.66 涨=0.12%  PE=6.72(89.62%) PB=0.65(73.71%)
2026-08-27 17:32:36  [ 31] 603259 药明康德  完成  日J=13.74 周J=84.5 月J=89.84 MA20=155.516 MA60=128.741 多头=1 价=159.94 涨=0.43%  PE=22.02(31.6%) PB=5.73(50.02%)
2026-08-27 17:32:38  [ 33] 688347 华虹宏力  完成  日J=48.98 周J=-0.57 月J=47.82 MA20=249.442 MA60=283.216 多头=0 价=252.72 涨=3.57%  PE=626.35(69.41%) PB=9.29(94.47%)
2026-08-27 17:32:38  [ 34] 600030 中信证券  完成  日J=105.53 周J=19.76 月J=82.22 MA20=27.682 MA60=27.726 多头=0 价=27.93 涨=0.58%  PE=11.0(0.24%) PB=1.48(46.76%)
2026-08-27 17:32:38  [ 35] 688235 百济神州  完成  日J=9.63 周J=70.26 月J=58.55 MA20=283.056 MA60=259.421 多头=1 价=279.75 涨=0.27%  PE=100.77(89.47%) PB=12.18(77.11%)
2026-08-27 17:32:38  [ 32] 002475 立讯精密  完成  日J=71.11 周J=19.05 月J=32.78 MA20=55.889 MA60=61.653 多头=0 价=57.18 涨=0.12%  PE=24.86(30.43%) PB=4.75(33.95%)
2026-08-27 17:32:39  [ 36] 603993 洛阳钼业  完成  日J=89.96 周J=61.27 月J=14.38 MA20=19.232 MA60=18.734 多头=1 价=19.51 涨=-0.41%  PE=15.0(14.43%) PB=4.65(93.33%)
2026-08-27 17:32:41  [ 39] 688012 中微公司  完成  日J=46.36 周J=25.43 月J=62.38 MA20=364.0 MA60=371.237 多头=0 价=376.01 涨=2.16%  PE=85.13(47.56%) PB=11.99(73.61%)
2026-08-27 17:32:41  [ 38] 002384 东山精密  完成  日J=27.18 周J=25.04 月J=56.68 MA20=193.959 MA60=220.924 多头=0 价=200.6 涨=3.21%  PE=102.49(90.19%) PB=15.08(96.86%)
2026-08-27 17:32:41  [ 37] 601166 兴业银行  完成  日J=55.78 周J=63.83 月J=42.88 MA20=18.265 MA60=17.9 多头=1 价=18.01 涨=-1.1%  PE=4.92(32.57%) PB=0.46(5.48%)
2026-08-27 17:32:41  [ 40] 601869 长飞光纤  完成  日J=93.57 周J=48.56 月J=54.67 MA20=346.286 MA60=405.924 多头=0 价=426.82 涨=10.0%  PE=102.65(88.0%) PB=21.59(97.51%)
2026-08-27 17:32:42  [ 41] 600183 生益科技  完成  日J=55.83 周J=42.29 月J=53.81 MA20=130.335 MA60=143.196 多头=0 价=140.97 涨=8.43%  PE=65.92(97.1%) PB=18.51(98.33%)
2026-08-27 17:32:44  [ 42] 002415 海康威视  完成  日J=102.42 周J=47.5 月J=84.09 MA20=35.632 MA60=33.786 多头=1 价=35.29 涨=1.47%  PE=19.68(10.67%) PB=3.83(24.38%)
2026-08-27 17:32:44  [ 43] 601319 中国人保  完成  日J=107.54 周J=59.27 月J=11.32 MA20=7.066 MA60=7.001 多头=1 价=7.18 涨=-0.83%  PE=7.45(9.38%) PB=0.99(24.15%)
2026-08-27 17:32:44  [ 44] 600276 恒瑞医药  完成  日J=8.19 周J=4.3 月J=13.92 MA20=51.67 MA60=51.849 多头=0 价=47.61 涨=1.86%  PE=40.9(3.05%) PB=4.9(0.43%)
2026-08-27 17:32:44  [ 45] 601211 国泰海通  完成  日J=74.26 周J=6.18 月J=45.52 MA20=17.902 MA60=18.02 多头=0 价=17.91 涨=0.34%  PE=9.74(5.19%) PB=0.95(28.71%)
2026-08-27 17:32:45  [ 46] 300059 东方财富  完成  日J=96.67 周J=18.95 月J=27.94 MA20=19.581 MA60=19.681 多头=0 价=19.62 涨=1.34%  PE=21.29(3.0%) PB=3.15(10.33%)
2026-08-27 17:32:47  [ 47] 601601 中国太保  完成  日J=117.76 周J=83.99 月J=10.43 MA20=31.099 MA60=30.396 多头=1 价=32.0 涨=0.06%  PE=5.71(2.38%) PB=0.96(12.19%)
2026-08-27 17:32:47  [ 48] 600000 浦发银行  完成  日J=57.54 周J=65.79 月J=22.0 MA20=9.204 MA60=8.938 多头=1 价=9.07 涨=-1.52%  PE=5.9(64.24%) PB=0.4(26.33%)
2026-08-27 17:32:47  [ 50] 603986 兆易创新  完成  日J=34.55 周J=1.52 月J=28.05 MA20=399.06 MA60=512.485 多头=0 价=411.2 涨=4.76%  PE=36.39(12.24%) PB=7.74(47.48%)
2026-08-27 17:32:47  [ 49] 300394 天孚通信  完成  日J=24.06 周J=76.41 月J=44.57 MA20=243.941 MA60=261.08 多头=0 价=267.16 涨=5.36%  PE=125.49(95.67%) PB=46.64(97.24%)
2026-08-27 17:32:48  [ 51] 688802 沐曦股份-U  完成  日J=11.61 周J=1.35 月J=54.31 MA20=711.002 MA60=761.893 多头=0 价=690.8 涨=5.14%  PE=-421.47(43.2%) PB=21.1(46.15%)
2026-08-27 17:32:50  [ 53] 688008 澜起科技  完成  日J=69.07 周J=14.22 月J=47.73 MA20=206.783 MA60=233.465 多头=0 价=221.22 涨=10.06%  PE=105.57(80.63%) PB=12.95(84.63%)
2026-08-27 17:32:50  [ 52] 000858 五 粮 液  完成  日J=16.21 周J=37.6 月J=8.95 MA20=73.984 MA60=73.756 多头=1 价=71.12 涨=-1.08%  PE=21.91(27.1%) PB=2.16(0.1%)
2026-08-27 17:32:50  [ 55] 601919 中远海控  完成  日J=79.66 周J=104.81 月J=80.0 MA20=16.058 MA60=14.82 多头=1 价=17.11 涨=0.71%  PE=10.43(62.71%) PB=1.11(43.9%)
2026-08-27 17:32:51  [ 54] 601225 陕西煤业  完成  日J=90.75 周J=108.78 月J=83.59 MA20=25.415 MA60=24.251 多头=1 价=27.0 涨=2.47%  PE=16.19(99.81%) PB=2.59(93.62%)
2026-08-27 17:32:51  [ 56] 600150 中国船舶  完成  日J=110.92 周J=41.95 月J=33.63 MA20=34.141 MA60=34.476 多头=0 价=34.52 涨=1.2%  PE=22.98(26.9%) PB=1.74(23.86%)
2026-08-27 17:32:53  [ 58] 688795 摩尔线程-U  完成  日J=25.73 周J=2.87 月J=16.83 MA20=565.242 MA60=619.566 多头=0 价=544.02 涨=3.3%  PE=-344.89(32.77%) PB=21.0(3.95%)
2026-08-27 17:32:53  [ 57] 300476 胜宏科技  完成  日J=43.95 周J=52.37 月J=18.83 MA20=251.46 MA60=281.807 多头=0 价=263.05 涨=5.46%  PE=55.24(86.48%) PB=14.85(91.0%)
2026-08-27 17:32:53  [ 59] 688836 宇树科技-W  完成  日J=4.21 周J=None 月J=None MA20=None MA60=None 多头=None 价=615.03 涨=3.97%  PE=425.78(57.14%) PB=86.37(57.14%)
2026-08-27 17:32:54  [ 60] 002916 深南电路  完成  日J=35.83 周J=34.87 月J=53.37 MA20=357.161 MA60=381.546 多头=0 价=365.1 涨=4.9%  PE=59.68(90.86%) PB=13.79(92.52%)
2026-08-27 17:32:54  [ 61] 002379 宏桥控股  完成  日J=49.83 周J=70.57 月J=7.68 MA20=19.144 MA60=17.773 多头=1 价=18.7 涨=1.58%  PE=9.88(63.19%) PB=4.21(80.81%)
2026-08-27 17:32:56  [ 62] 688808 联讯仪器  完成  日J=34.86 周J=79.71 月J=61.34 MA20=2151.303 MA60=2141.72 多头=1 价=2319.0 涨=2.66%  PE=347.95(1.16%) PB=70.28(46.51%)
2026-08-27 17:32:56  [ 63] 688820 盛合晶微  完成  日J=4.76 周J=2.59 月J=21.28 MA20=132.992 MA60=159.466 多头=0 价=127.7 涨=5.01%  PE=254.42(26.97%) PB=12.33(16.85%)
2026-08-27 17:32:56  [ 64] 600309 万华化学  完成  日J=81.05 周J=82.25 月J=23.67 MA20=74.468 MA60=72.297 多头=1 价=75.92 涨=1.92%  PE=14.43(35.0%) PB=2.09(10.29%)
2026-08-27 17:32:56  [ 65] 601816 京沪高铁  完成  日J=25.48 周J=74.71 月J=73.36 MA20=4.958 MA60=4.788 多头=1 价=4.85 涨=-1.62%  PE=17.77(1.75%) PB=1.13(1.75%)
2026-08-27 17:32:57  [ 66] 002714 牧原股份  完成  日J=99.08 周J=98.36 月J=36.54 MA20=39.381 MA60=37.623 多头=1 价=40.8 涨=2.03%  PE=-210.15(13.05%) PB=2.98(9.14%)
2026-08-27 17:32:59  [ 67] 002463 沪电股份  完成  日J=57.82 周J=37.5 月J=55.89 MA20=117.658 MA60=126.881 多头=0 价=122.02 涨=2.35%  PE=46.38(93.24%) PB=13.05(97.81%)
2026-08-27 17:32:59  [ 68] 000338 潍柴动力  完成  日J=4.16 周J=60.59 月J=53.76 MA20=29.046 MA60=28.171 多头=1 价=26.99 涨=-0.15%  PE=20.63(91.43%) PB=2.45(80.81%)
2026-08-27 17:32:59  [ 69] 600188 兖矿能源  完成  日J=66.83 周J=104.4 月J=57.39 MA20=21.33 MA60=20.421 多头=1 价=22.68 涨=5.0%  PE=23.83(99.14%) PB=2.98(92.1%)
2026-08-27 17:32:59  [ 70] 000001 平安银行  完成  日J=99.81 周J=97.74 月J=96.7 MA20=11.363 MA60=10.935 多头=1 价=11.59 涨=-1.19%  PE=5.18(33.24%) PB=0.48(11.86%)
2026-08-27 17:33:02  [ 71] 300408 三环集团  完成  日J=19.26 周J=22.88 月J=52.62 MA20=120.001 MA60=127.852 多头=0 价=112.48 涨=3.49%  PE=78.07(97.76%) PB=9.92(97.71%)
2026-08-27 17:33:05  [ 75] 000651 格力电器  完成  日J=85.22 周J=83.25 月J=96.38 MA20=38.791 MA60=37.441 多头=1 价=39.27 涨=-0.78%  PE=7.89(33.95%) PB=1.48(4.43%)
2026-08-27 17:33:05  [ 72] 002142 宁波银行  完成  日J=80.44 周J=104.08 月J=86.76 MA20=32.616 MA60=31.367 多头=1 价=33.75 涨=-0.85%  PE=7.16(33.81%) PB=0.92(29.57%)
2026-08-27 17:33:05  [ 73] 600919 江苏银行  完成  日J=88.42 周J=98.83 月J=104.58 MA20=11.812 MA60=11.434 多头=1 价=12.07 涨=-0.74%  PE=6.13(82.33%) PB=0.82(89.9%)
2026-08-27 17:33:05  [ 74] 000725 京东方Ａ  完成  日J=24.83 周J=2.15 月J=40.63 MA20=5.879 MA60=6.462 多头=0 价=5.94 涨=3.85%  PE=36.98(57.57%) PB=1.62(72.81%)
2026-08-27 17:33:05  [ 76] 003816 中国广核  完成  日J=118.05 周J=74.68 月J=33.89 MA20=3.967 MA60=3.993 多头=0 价=4.18 涨=0.97%  PE=21.27(88.76%) PB=1.71(75.93%)
2026-08-27 17:33:08  [ 77] 002938 鹏鼎控股  完成  日J=20.5 周J=29.27 月J=54.49 MA20=91.718 MA60=97.659 多头=0 价=89.2 涨=2.18%  PE=54.57(96.83%) PB=6.01(92.88%)
2026-08-27 17:33:08  [ 80] 301666 大普微-UW  完成  日J=57.99 周J=17.35 月J=23.54 MA20=426.66 MA60=545.567 多头=0 价=469.2 涨=20.0%  PE=169.56(13.04%) PB=56.13(26.09%)
2026-08-27 17:33:08  [ 79] 300274 阳光电源  完成  日J=1.81 周J=7.88 月J=-9.57 MA20=111.678 MA60=125.076 多头=0 价=98.84 涨=-12.24%  PE=17.18(28.43%) PB=4.21(38.95%)
2026-08-27 17:33:08  [ 81] 688498 源杰科技  完成  日J=65.57 周J=62.49 月J=67.64 MA20=1443.95 MA60=1534.429 多头=0 价=1630.99 涨=5.91%  PE=570.32(75.81%) PB=80.43(97.98%)
2026-08-27 17:33:08  [ 78] 300433 蓝思科技  完成  日J=89.87 周J=19.84 月J=37.27 MA20=35.92 MA60=41.583 多头=0 价=39.05 涨=0.08%  PE=59.72(84.38%) PB=3.91(87.43%)
2026-08-27 17:33:11  [ 82] 688072 拓荆科技  完成  日J=34.78 周J=20.75 月J=59.8 MA20=681.632 MA60=693.819 多头=0 价=693.0 涨=2.66%  PE=92.61(43.38%) PB=15.84(89.89%)
2026-08-27 17:33:12  [ 83] 601066 中信建投  完成  日J=90.39 周J=1.34 月J=56.08 MA20=25.401 MA60=26.316 多头=0 价=25.78 涨=2.02%  PE=15.91(2.26%) PB=2.28(18.55%)
2026-08-27 17:33:12  [ 84] 603288 海天味业  完成  日J=45.18 周J=32.16 月J=38.17 MA20=36.184 MA60=35.167 多头=1 价=34.1 涨=-5.09%  PE=27.27(0.62%) PB=5.1(2.48%)
2026-08-27 17:33:12  [ 85] 601898 中煤能源  完成  日J=97.28 周J=110.51 月J=21.29 MA20=14.001 MA60=13.787 多头=1 价=14.95 涨=2.47%  PE=10.81(56.52%) PB=1.19(93.71%)
2026-08-27 17:33:12  [ 86] 600690 海尔智家  完成  日J=79.65 周J=63.53 月J=27.26 MA20=21.181 MA60=20.32 多头=1 价=21.12 涨=-0.14%  PE=10.58(3.62%) PB=1.58(2.86%)
2026-08-27 17:33:14  [ 87] 300760 迈瑞医疗  完成  日J=103.74 周J=102.44 月J=38.44 MA20=154.966 MA60=147.749 多头=1 价=162.03 涨=0.61%  PE=25.05(13.71%) PB=4.9(4.71%)
2026-08-27 17:33:15  [ 88] 603268 松发股份  完成  日J=73.9 周J=101.03 月J=90.75 MA20=176.422 MA60=159.18 多头=1 价=187.0 涨=-0.16%  PE=33.92(47.48%) PB=14.59(81.81%)
2026-08-27 17:33:15  [ 89] 601336 新华保险  完成  日J=113.6 周J=44.05 月J=8.8 MA20=59.465 MA60=59.797 多头=0 价=60.59 涨=-0.64%  PE=4.27(0.05%) PB=1.53(44.62%)
2026-08-27 17:33:15  [ 91] 300604 长川科技  完成  日J=48.13 周J=24.25 月J=64.49 MA20=275.753 MA60=281.861 多头=0 价=284.8 涨=3.11%  PE=116.89(53.0%) PB=36.1(98.76%)
2026-08-27 17:33:15  [ 90] 600406 国电南瑞  完成  日J=50.67 周J=54.22 月J=10.6 MA20=23.803 MA60=23.176 多头=1 价=23.06 涨=-1.54%  PE=22.05(15.19%) PB=3.56(29.38%)
2026-08-27 17:33:17  [ 92] 601985 中国核电  完成  日J=107.97 周J=42.27 月J=77.28 MA20=8.841 MA60=8.86 多头=0 价=8.9 涨=-0.22%  PE=22.24(85.1%) PB=1.53(30.48%)
2026-08-27 17:33:17  [ 93] 601668 中国建筑  完成  日J=79.55 周J=57.81 月J=43.39 MA20=4.496 MA60=4.439 多头=1 价=4.43 涨=-1.12%  PE=4.82(47.33%) PB=0.37(0.57%)
2026-08-27 17:33:18  [ 94] 601818 光大银行  完成  日J=82.45 周J=58.77 月J=41.37 MA20=3.054 MA60=3.038 多头=1 价=3.04 涨=-1.62%  PE=4.75(37.24%) PB=0.36(0.95%)
2026-08-27 17:33:18  [ 95] 600025 华能水电  完成  日J=60.63 周J=56.32 月J=62.26 MA20=9.747 MA60=9.594 多头=1 价=9.64 涨=-1.23%  PE=21.71(77.48%) PB=2.57(72.29%)
2026-08-27 17:33:19  [ 96] 601766 中国中车  完成  日J=86.49 周J=104.42 月J=48.79 MA20=5.989 MA60=5.668 多头=1 价=6.21 涨=0.49%  PE=12.8(7.05%) PB=1.01(15.38%)
2026-08-27 17:33:20  [ 97] 301377 鼎泰高科  完成  日J=13.61 周J=23.91 月J=47.08 MA20=417.753 MA60=460.546 多头=0 价=416.97 涨=5.67%  PE=185.53(87.31%) PB=56.61(95.62%)
2026-08-27 17:33:20  [ 98] 600989 宝丰能源  完成  日J=73.03 周J=99.07 月J=18.98 MA20=23.378 MA60=22.473 多头=1 价=24.0 涨=3.85%  PE=11.46(0.56%) PB=3.19(60.28%)
2026-08-27 17:33:21  [ 99] 002352 顺丰控股  完成  日J=104.47 周J=62.08 月J=39.21 MA20=33.401 MA60=33.159 多头=1 价=33.41 涨=-0.51%  PE=15.42(1.86%) PB=1.75(1.86%)
2026-08-27 17:33:22  [100] 600487 亨通光电  完成  日J=94.13 周J=27.54 月J=36.97 MA20=59.342 MA60=77.102 多头=0 价=71.3 涨=9.98%  PE=42.0(95.05%) PB=5.22(96.48%)
2026-08-27 17:33:23  任务失败: ValueError: cannot convert float NaN to integer
2026-08-27 18:05:56  ===== 开始每日指标任务 2026-08-27 =====
2026-08-27 18:05:56  步骤1已存在，跳过 -> /home/runner/work/daily-stock-metrics/daily-stock-metrics/output/2026-08-27/top100_2026-08-27.csv
2026-08-27 18:05:56  步骤2: 计算 KDJ-J(日/周/月) 及 PE/PB 历史分位…
2026-08-27 18:05:56  观察池: 共102只(含历史追踪2只) -> /home/runner/work/daily-stock-metrics/daily-stock-metrics/output/2026-08-27/tracked_2026-08-27.csv
2026-08-27 18:05:56  检测到已完成 102 条，跳过续跑
2026-08-27 18:05:56  全部完成，结果已写入 /home/runner/work/daily-stock-metrics/daily-stock-metrics/output/2026-08-27/metrics_2026-08-27.csv
2026-08-27 18:05:56  步骤2完成 -> /home/runner/work/daily-stock-metrics/daily-stock-metrics/output/2026-08-27/metrics_2026-08-27.csv
2026-08-27 18:05:56  步骤3: 生成 HTML 总结报告…
2026-08-27 18:05:57  任务失败: ValueError: cannot convert float NaN to integer
2026-08-27 18:24:50  ===== 开始每日指标任务 2026-08-27 =====
2026-08-27 18:24:50  步骤1已存在，跳过 -> /home/runner/work/daily-stock-metrics/daily-stock-metrics/output/2026-08-27/top100_2026-08-27.csv
2026-08-27 18:24:50  步骤2: 计算 KDJ-J(日/周/月) 及 PE/PB 历史分位…
2026-08-27 18:24:50  观察池: 共102只(含历史追踪2只) -> /home/runner/work/daily-stock-metrics/daily-stock-metrics/output/2026-08-27/tracked_2026-08-27.csv
2026-08-27 18:24:50  检测到已完成 102 条，跳过续跑
2026-08-27 18:24:50  全部完成，结果已写入 /home/runner/work/daily-stock-metrics/daily-stock-metrics/output/2026-08-27/metrics_2026-08-27.csv
2026-08-27 18:24:50  步骤2完成 -> /home/runner/work/daily-stock-metrics/daily-stock-metrics/output/2026-08-27/metrics_2026-08-27.csv
2026-08-27 18:24:50  步骤3: 生成 HTML 总结报告…
2026-08-27 18:24:51  任务失败: ValueError: cannot convert float NaN to integer
2026-08-27 18:31:58  ===== 开始每日指标任务 2026-08-27 =====
2026-08-27 18:31:58  步骤1已存在，跳过 -> /home/runner/work/daily-stock-metrics/daily-stock-metrics/output/2026-08-27/top100_2026-08-27.csv
2026-08-27 18:31:58  步骤2: 计算 KDJ-J(日/周/月) 及 PE/PB 历史分位…
2026-08-27 18:31:58  观察池: 共102只(含历史追踪2只) -> /home/runner/work/daily-stock-metrics/daily-stock-metrics/output/2026-08-27/tracked_2026-08-27.csv
2026-08-27 18:31:58  检测到已完成 102 条，跳过续跑
2026-08-27 18:31:58  全部完成，结果已写入 /home/runner/work/daily-stock-metrics/daily-stock-metrics/output/2026-08-27/metrics_2026-08-27.csv
2026-08-27 18:31:58  步骤2完成 -> /home/runner/work/daily-stock-metrics/daily-stock-metrics/output/2026-08-27/metrics_2026-08-27.csv
2026-08-27 18:31:58  步骤3: 生成 HTML 总结报告…
2026-08-27 18:31:59  步骤3完成 -> /home/runner/work/daily-stock-metrics/daily-stock-metrics/output/2026-08-27/report_2026-08-27.html
2026-08-27 18:31:59  步骤4: 生成个股股价走势图（含每日信号）…
2026-08-27 18:31:59  任务失败: ValueError: cannot convert float NaN to integer
2026-08-27 18:47:32  ===== 开始每日指标任务 2026-08-27 =====
2026-08-27 18:47:32  步骤1已存在，跳过 -> /home/runner/work/daily-stock-metrics/daily-stock-metrics/output/2026-08-27/top100_2026-08-27.csv
2026-08-27 18:47:32  步骤2: 计算 KDJ-J(日/周/月) 及 PE/PB 历史分位…
2026-08-27 18:47:32  观察池: 共102只(含历史追踪2只) -> /home/runner/work/daily-stock-metrics/daily-stock-metrics/output/2026-08-27/tracked_2026-08-27.csv
2026-08-27 18:47:32  检测到已完成 102 条，跳过续跑
2026-08-27 18:47:32  全部完成，结果已写入 /home/runner/work/daily-stock-metrics/daily-stock-metrics/output/2026-08-27/metrics_2026-08-27.csv
2026-08-27 18:47:32  步骤2完成 -> /home/runner/work/daily-stock-metrics/daily-stock-metrics/output/2026-08-27/metrics_2026-08-27.csv
2026-08-27 18:47:32  步骤3: 生成 HTML 总结报告…
2026-08-27 18:47:33  步骤3完成 -> /home/runner/work/daily-stock-metrics/daily-stock-metrics/output/2026-08-27/report_2026-08-27.html
2026-08-27 18:47:33  步骤4: 生成个股股价走势图（含每日信号）…
2026-08-27 18:47:33  任务失败: ValueError: cannot convert float NaN to integer
2026-08-27 20:52:05  ===== 开始每日指标任务 2026-08-27 =====
2026-08-27 20:52:05  步骤1已存在，跳过 -> /home/runner/work/daily-stock-metrics/daily-stock-metrics/output/2026-08-27/top100_2026-08-27.csv
2026-08-27 20:52:05  步骤2: 计算 KDJ-J(日/周/月) 及 PE/PB 历史分位…
2026-08-27 20:52:05  观察池: 共102只(含历史追踪2只) -> /home/runner/work/daily-stock-metrics/daily-stock-metrics/output/2026-08-27/tracked_2026-08-27.csv
2026-08-27 20:52:05  检测到已完成 102 条，跳过续跑
2026-08-27 20:52:05  全部完成，结果已写入 /home/runner/work/daily-stock-metrics/daily-stock-metrics/output/2026-08-27/metrics_2026-08-27.csv
2026-08-27 20:52:05  步骤2完成 -> /home/runner/work/daily-stock-metrics/daily-stock-metrics/output/2026-08-27/metrics_2026-08-27.csv
2026-08-27 20:52:05  步骤2.5: 获取全市场大盘温度（活跃市值指标）…
2026-08-27 20:53:20  步骤2.5完成
2026-08-27 20:53:20  步骤3: 生成 HTML 总结报告…
2026-08-27 20:53:21  步骤3完成 -> /home/runner/work/daily-stock-metrics/daily-stock-metrics/output/2026-08-27/report_2026-08-27.html
2026-08-27 20:53:21  步骤4: 生成个股股价走势图（含每日信号）…
2026-08-27 20:53:21  步骤4完成 -> /home/runner/work/daily-stock-metrics/daily-stock-metrics/output/stock_charts.html
2026-08-27 20:53:21  步骤4.5: 生成昨日推荐回顾…
2026-08-27 20:53:21  步骤4.5完成 -> 已追加昨日推荐回顾
2026-08-27 20:53:21  步骤5: 发送邮件报告…
2026-08-27 20:53:26  步骤5完成: 邮件已发送
2026-08-27 20:53:26  ===== 全部完成 2026-08-27 =====
