2026-10-09 23:29:22  ===== 开始每日指标任务 2026-10-09 =====
2026-10-09 23:29:22  步骤1: 获取 A股市值前100…
2026-10-09 23:35:10  任务失败: ConnectionError: ('Connection aborted.', RemoteDisconnected('Remote end closed connection without response'))
2026-10-09 23:42:07  ===== 开始每日指标任务 2026-10-09 =====
2026-10-09 23:42:07  步骤1: 获取 A股市值前100…
2026-10-09 23:47:55  任务失败: ConnectionError: ('Connection aborted.', RemoteDisconnected('Remote end closed connection without response'))
2026-10-09 23:57:28  ===== 开始每日指标任务 2026-10-09 =====
2026-10-09 23:57:28  步骤1: 获取 A股市值前100…
2026-10-10 00:01:47  步骤1完成 -> /home/runner/work/daily-stock-metrics/daily-stock-metrics/output/2026-10-09/top100_2026-10-09.csv
2026-10-10 00:01:47  步骤2: 计算 KDJ-J(日/周/月) 及 PE/PB 历史分位…
2026-10-10 00:01:47  观察池: 共113只(含历史追踪13只) -> /home/runner/work/daily-stock-metrics/daily-stock-metrics/output/2026-10-09/tracked_2026-10-09.csv
2026-10-10 00:01:47  待处理 113 条，并发数 8
2026-10-10 00:01:54  [  1] 688825 长鑫科技  完成  日J=10.24 周J=21.32 月J=None MA20=55.525 MA60=None 多头=None 价=51.0 涨=0.95%  PE=42.32(4.08%) PB=25.7(12.24%)
2026-10-10 00:01:55  [  4] 601288 农业银行  完成  日J=87.1 周J=85.74 月J=87.05 MA20=6.9 MA60=6.738 多头=1 价=6.98 涨=-0.57%  PE=8.2(93.65%) PB=0.85(87.25%)
2026-10-10 00:01:55  [  8] 600938 中国海油  完成  日J=95.81 周J=54.7 月J=34.72 MA20=33.437 MA60=32.573 多头=1 价=33.82 涨=-1.02%  PE=11.62(85.77%) PB=1.88(78.47%)
2026-10-10 00:01:55  [  7] 601857 中国石油  完成  日J=101.84 周J=83.81 月J=61.0 MA20=10.96 MA60=10.693 多头=1 价=11.6 涨=0.09%  PE=12.06(53.18%) PB=1.3(95.15%)
2026-10-10 00:01:55  [  2] 601398 工商银行  完成  日J=73.75 周J=92.47 月J=107.51 MA20=8.124 MA60=7.867 多头=1 价=8.22 涨=-1.08%  PE=7.83(96.61%) PB=0.74(72.14%)
2026-10-10 00:01:55  [  3] 601939 建设银行  完成  日J=75.35 周J=85.27 月J=102.52 MA20=10.933 MA60=10.585 多头=1 价=10.98 涨=-1.52%  PE=8.29(97.51%) PB=0.8(74.64%)
2026-10-10 00:01:55  [  6] 600941 中国移动  完成  日J=109.97 周J=72.48 月J=107.05 MA20=95.279 MA60=94.252 多头=1 价=97.98 涨=0.02%  PE=16.13(59.86%) PB=1.5(37.36%)
2026-10-10 00:01:55  [  5] 601988 中国银行  完成  日J=82.59 周J=96.88 月J=108.71 MA20=6.594 MA60=6.219 多头=1 价=6.77 涨=-0.59%  PE=8.76(99.95%) PB=0.79(95.53%)
2026-10-10 00:01:58  [  9] 600519 贵州茅台  完成  日J=80.93 周J=7.76 月J=29.66 MA20=1269.539 MA60=1291.076 多头=0 价=1263.0 涨=0.57%  PE=19.39(2.68%) PB=6.28(2.78%)
2026-10-10 00:01:58  [ 10] 300750 宁德时代  完成  日J=43.9 周J=-2.97 月J=-12.41 MA20=312.797 MA60=358.124 多头=0 价=297.75 涨=3.84%  PE=16.21(3.07%) PB=3.63(2.52%)
2026-10-10 00:01:58  [ 11] 601138 工业富联  完成  日J=8.79 周J=13.94 月J=17.66 MA20=61.754 MA60=62.108 多头=0 价=56.07 涨=0.68%  PE=23.72(83.18%) PB=6.33(87.23%)
2026-10-10 00:01:58  [ 12] 601088 中国神华  完成  日J=77.15 周J=82.14 月J=88.59 MA20=47.253 MA60=45.956 多头=1 价=48.4 涨=1.92%  PE=19.45(98.82%) PB=2.33(99.29%)
2026-10-10 00:01:58  [ 13] 600036 招商银行  完成  日J=87.6 周J=83.73 月J=109.86 MA20=41.066 MA60=39.708 多头=1 价=41.42 涨=-0.7%  PE=6.89(34.12%) PB=0.91(18.45%)
2026-10-10 00:01:58  [ 15] 601318 中国平安  完成  日J=28.04 周J=25.35 月J=28.31 MA20=54.055 MA60=53.056 多头=1 价=52.83 涨=0.3%  PE=6.0(0.19%) PB=0.93(16.94%)
2026-10-10 00:01:58  [ 16] 688981 中芯国际  完成  日J=5.23 周J=8.91 月J=14.37 MA20=118.084 MA60=128.787 多头=0 价=108.42 涨=1.25%  PE=128.8(62.05%) PB=5.41(78.21%)
2026-10-10 00:01:59  [ 14] 601628 中国人寿  完成  日J=-0.8 周J=-2.61 月J=22.65 MA20=37.656 MA60=38.27 多头=0 价=36.15 涨=0.58%  PE=4.13(0.09%) PB=1.54(2.12%)
2026-10-10 00:02:01  [ 17] 300308 中际旭创  完成  日J=-2.3 周J=11.98 月J=14.08 MA20=874.444 MA60=930.214 多头=0 价=775.29 涨=-0.98%  PE=44.65(45.18%) PB=22.91(93.04%)
2026-10-10 00:02:01  [ 20] 600900 长江电力  完成  日J=90.26 周J=68.34 月J=97.91 MA20=28.348 MA60=28.314 多头=1 价=28.99 涨=0.31%  PE=19.59(56.61%) PB=3.28(88.8%)
2026-10-10 00:02:01  [ 22] 600028 中国石化  完成  日J=96.96 周J=67.86 月J=25.24 MA20=5.279 MA60=5.133 多头=1 价=5.39 涨=-1.64%  PE=18.1(86.59%) PB=0.77(38.64%)
2026-10-10 00:02:01  [ 18] 601899 紫金矿业  完成  日J=52.01 周J=2.74 月J=31.17 MA20=31.611 MA60=31.957 多头=0 价=30.8 涨=4.87%  PE=12.11(4.85%) PB=4.06(74.02%)
2026-10-10 00:02:02  [ 19] 002594 比亚迪  完成  日J=37.39 周J=10.48 月J=19.96 MA20=84.709 MA60=88.94 多头=0 价=84.95 涨=3.95%  PE=26.31(22.87%) PB=3.23(25.6%)
2026-10-10 00:02:02  [ 21] 601328 交通银行  完成  日J=85.85 周J=95.12 月J=115.19 MA20=7.539 MA60=7.197 多头=1 价=7.78 涨=-0.64%  PE=7.05(96.24%) PB=0.59(71.34%)
2026-10-10 00:02:02  [ 23] 601658 邮储银行  完成  日J=80.06 周J=75.24 月J=96.47 MA20=5.396 MA60=5.183 多头=1 价=5.41 涨=-1.46%  PE=7.24(78.05%) PB=0.62(28.11%)
2026-10-10 00:02:02  [ 24] 000333 美的集团  完成  日J=67.75 周J=15.78 月J=66.3 MA20=84.123 MA60=84.587 多头=0 价=82.46 涨=0.88%  PE=14.18(46.31%) PB=2.97(46.73%)
2026-10-10 00:02:04  [ 25] 688256 寒武纪  完成  日J=6.65 周J=27.74 月J=24.64 MA20=1065.171 MA60=1123.283 多头=0 价=985.99 涨=0.51%  PE=186.08(76.59%) PB=45.74(79.44%)
2026-10-10 00:02:04  [ 28] 688041 海光信息  完成  日J=-3.64 周J=9.53 月J=-6.17 MA20=236.24 MA60=268.836 多头=0 价=219.59 涨=-0.43%  PE=162.45(52.44%) PB=20.12(70.55%)
2026-10-10 00:02:04  [ 29] 601998 中信银行  完成  日J=63.38 周J=97.78 月J=107.86 MA20=8.964 MA60=8.248 多头=1 价=9.0 涨=-0.88%  PE=6.98(92.33%) PB=0.67(77.88%)
2026-10-10 00:02:05  [ 30] 603259 药明康德  完成  日J=22.15 周J=48.01 月J=89.91 MA20=159.677 MA60=148.98 多头=1 价=157.8 涨=-2.59%  PE=22.1(32.19%) PB=5.75(50.24%)
2026-10-10 00:02:05  [ 31] 002371 北方华创  完成  日J=0.97 周J=5.37 月J=21.29 MA20=644.438 MA60=696.295 多头=0 价=594.04 涨=-1.05%  PE=75.84(40.14%) PB=10.63(73.74%)
2026-10-10 00:02:05  [ 32] 600030 中信证券  完成  日J=20.86 周J=4.7 月J=43.78 MA20=26.63 MA60=27.483 多头=0 价=25.91 涨=2.01%  PE=10.21(0.19%) PB=1.37(35.48%)
2026-10-10 00:02:05  [ 27] 300502 新易盛  完成  日J=-6.06 周J=16.38 月J=20.03 MA20=414.424 MA60=435.283 多头=0 价=370.2 涨=-2.19%  PE=39.36(30.16%) PB=21.25(88.09%)
2026-10-10 00:02:07  [ 33] 688235 百济神州  完成  日J=12.96 周J=3.07 月J=47.58 MA20=258.519 MA60=269.867 多头=0 价=249.42 涨=-0.45%  PE=89.85(87.3%) PB=10.86(66.35%)
2026-10-10 00:02:07  [ 35] 688347 华虹宏力  完成  日J=0.97 周J=1.48 月J=18.62 MA20=219.827 MA60=259.146 多头=0 价=193.42 涨=-1.92%  PE=532.0(63.36%) PB=7.89(88.01%)
2026-10-10 00:02:07  [ 34] 601166 兴业银行  完成  日J=85.03 周J=44.8 月J=60.67 MA20=17.979 MA60=18.079 多头=0 价=18.05 涨=-1.04%  PE=5.06(40.61%) PB=0.46(6.45%)
2026-10-10 00:02:08  [ 26] 601728 中国电信  完成  日J=107.81 周J=75.29 月J=81.03 MA20=6.232 MA60=6.149 多头=1 价=6.49 涨=1.09%  PE=19.96(83.56%) PB=1.26(67.77%)
2026-10-10 00:02:08  [ 36] 002475 立讯精密  完成  日J=1.8 周J=6.25 月J=-3.13 MA20=52.797 MA60=56.034 多头=0 价=47.59 涨=-1.73%  PE=20.7(8.94%) PB=3.96(9.6%)
2026-10-10 00:02:08  [ 38] 601319 中国人保  完成  日J=19.78 周J=80.97 月J=50.03 MA20=7.911 MA60=7.442 多头=1 价=7.82 涨=-1.14%  PE=6.08(0.42%) PB=1.02(29.17%)
2026-10-10 00:02:08  [ 37] 603993 洛阳钼业  完成  日J=33.91 周J=-1.09 月J=-1.41 MA20=17.721 MA60=18.463 多头=0 价=17.22 涨=3.67%  PE=13.24(10.59%) PB=4.11(84.33%)
2026-10-10 00:02:09  [ 39] 601869 长飞光纤  完成  日J=2.63 周J=57.54 月J=46.45 MA20=432.964 MA60=383.89 多头=1 价=387.87 涨=-1.55%  PE=93.28(86.75%) PB=19.62(95.18%)
2026-10-10 00:02:10  [ 40] 600000 浦发银行  完成  日J=104.54 周J=69.45 月J=68.81 MA20=9.234 MA60=9.167 多头=1 价=9.54 涨=-1.65%  PE=6.2(73.08%) PB=0.42(34.02%)
2026-10-10 00:02:11  [ 41] 600276 恒瑞医药  完成  日J=89.0 周J=34.11 月J=20.88 MA20=44.93 MA60=49.764 多头=0 价=46.85 涨=-0.34%  PE=40.25(3.58%) PB=4.82(1.22%)
2026-10-10 00:02:11  [ 42] 002415 海康威视  完成  日J=79.29 周J=0.09 月J=45.65 MA20=33.102 MA60=34.446 多头=0 价=32.97 涨=-0.09%  PE=18.39(5.79%) PB=3.58(15.67%)
2026-10-10 00:02:11  [ 44] 601601 中国太保  完成  日J=43.23 周J=15.77 月J=16.24 MA20=32.159 MA60=31.555 多头=1 价=31.15 涨=1.04%  PE=5.31(0.8%) PB=0.94(10.12%)
2026-10-10 00:02:11  [ 45] 688012 中微公司  完成  日J=2.25 周J=12.1 月J=31.2 MA20=335.726 MA60=358.452 多头=0 价=311.0 涨=-0.72%  PE=70.41(30.65%) PB=9.92(68.1%)
2026-10-10 00:02:11  [ 46] 601211 国泰海通  完成  日J=7.84 周J=6.69 月J=37.98 MA20=17.329 MA60=17.915 多头=0 价=16.81 涨=1.27%  PE=9.14(1.22%) PB=0.89(12.94%)
2026-10-10 00:02:12  [ 47] 600150 中国船舶  完成  日J=31.53 周J=76.88 月J=67.39 MA20=39.034 MA60=35.662 多头=1 价=38.54 涨=-3.19%  PE=20.68(25.65%) PB=1.9(41.55%)
2026-10-10 00:02:13  [ 48] 300059 东方财富  完成  日J=23.91 周J=11.56 月J=8.41 MA20=18.373 MA60=19.228 多头=0 价=17.95 涨=3.88%  PE=19.48(0.28%) PB=2.89(6.82%)
2026-10-10 00:02:14  [ 49] 000858 五 粮 液  完成  日J=79.81 周J=12.87 月J=5.04 MA20=70.184 MA60=72.472 多头=0 价=70.56 涨=0.6%  PE=20.93(23.72%) PB=2.31(1.04%)
2026-10-10 00:02:14  [ 51] 601225 陕西煤业  完成  日J=97.83 周J=64.77 月J=94.21 MA20=25.938 MA60=25.453 多头=1 价=26.97 涨=1.39%  PE=12.82(91.39%) PB=2.59(93.46%)
2026-10-10 00:02:14  [ 50] 002384 东山精密  完成  日J=-7.75 周J=6.76 月J=28.54 MA20=183.232 MA60=196.959 多头=0 价=145.49 涨=-3.43%  PE=74.33(84.19%) PB=10.94(94.35%)
2026-10-10 00:02:14  [ 52] 300394 天孚通信  完成  日J=2.3 周J=44.45 月J=31.86 MA20=261.721 MA60=244.998 多头=1 价=235.04 涨=-0.01%  PE=110.4(93.08%) PB=41.03(93.79%)
2026-10-10 00:02:14  [ 53] 601919 中远海控  完成  日J=79.0 周J=52.25 月J=91.09 MA20=16.325 MA60=15.922 多头=1 价=16.67 涨=0.42%  PE=9.48(58.87%) PB=1.09(43.34%)
2026-10-10 00:02:15  [ 43] 600183 生益科技  完成  日J=7.88 周J=26.33 月J=46.23 MA20=141.883 MA60=135.265 多头=1 价=124.14 涨=-5.85%  PE=58.05(92.47%) PB=16.3(96.14%)
2026-10-10 00:02:15  [ 54] 688008 澜起科技  完成  日J=0.51 周J=39.66 月J=24.75 MA20=201.046 MA60=208.645 多头=0 价=197.6 涨=0.3%  PE=78.46(46.6%) PB=11.21(71.13%)
2026-10-10 00:02:16  [ 55] 002714 牧原股份  完成  日J=45.57 周J=46.66 月J=55.75 MA20=42.112 MA60=40.514 多头=1 价=41.12 涨=-0.02%  PE=-211.8(13.93%) PB=3.0(9.79%)
2026-10-10 00:02:17  [ 56] 002916 深南电路  完成  日J=-2.27 周J=38.78 月J=44.01 MA20=381.512 MA60=363.462 多头=1 价=347.25 涨=-5.64%  PE=56.76(85.22%) PB=13.12(90.16%)
2026-10-10 00:02:17  [ 57] 601816 京沪高铁  完成  日J=90.49 周J=9.28 月J=70.62 MA20=4.783 MA60=4.86 多头=0 价=4.81 涨=0.0%  PE=17.27(1.97%) PB=1.12(2.27%)
2026-10-10 00:02:17  [ 58] 002142 宁波银行  完成  日J=74.25 周J=84.55 月J=96.51 MA20=34.937 MA60=33.276 多头=1 价=35.24 涨=-1.23%  PE=7.48(37.88%) PB=0.96(32.75%)
2026-10-10 00:02:17  [ 59] 603986 兆易创新  完成  日J=-3.51 周J=13.57 月J=-1.12 MA20=372.272 MA60=408.957 多头=0 价=326.46 涨=-2.37%  PE=28.98(7.01%) PB=6.16(37.41%)
2026-10-10 00:02:17  [ 61] 000001 平安银行  完成  日J=74.64 周J=68.72 月J=105.67 MA20=11.489 MA60=11.174 多头=1 价=11.59 涨=-1.61%  PE=5.18(33.08%) PB=0.48(11.95%)
2026-10-10 00:02:17  [ 60] 600919 江苏银行  完成  日J=86.69 周J=61.22 月J=97.34 MA20=12.287 MA60=11.904 多头=1 价=12.37 涨=-1.59%  PE=6.28(86.4%) PB=0.84(92.24%)
2026-10-10 00:02:18  [ 62] 003816 中国广核  完成  日J=100.9 周J=89.62 月J=53.98 MA20=4.284 MA60=4.112 多头=1 价=4.43 涨=0.45%  PE=22.54(93.16%) PB=1.81(85.32%)
2026-10-10 00:02:20  [ 69] 688808 联讯仪器  完成  日J=20.72 周J=21.97 月J=63.41 MA20=1588.731 MA60=1471.47 多头=1 价=1390.0 涨=-2.11%  PE=308.67(0.9%) PB=62.35(13.51%)
2026-10-10 00:02:20  [ 63] 300408 三环集团  完成  日J=0.87 周J=31.08 月J=41.77 MA20=121.593 MA60=116.714 多头=1 价=111.81 涨=-3.86%  PE=67.38(95.86%) PB=9.86(96.71%)
2026-10-10 00:02:20  [ 70] 688820 盛合晶微  完成  日J=5.02 周J=16.79 月J=5.74 MA20=127.065 MA60=135.392 多头=0 价=111.55 涨=5.29%  PE=222.25(10.53%) PB=10.77(2.63%)
2026-10-10 00:02:20  [ 65] 000651 格力电器  完成  日J=81.77 周J=32.39 月J=86.32 MA20=38.467 MA60=38.55 多头=0 价=38.83 涨=1.33%  PE=7.8(30.82%) PB=1.46(4.47%)
2026-10-10 00:02:20  [ 64] 600309 万华化学  完成  日J=62.69 周J=7.38 月J=2.93 MA20=72.294 MA60=72.782 多头=0 价=70.2 涨=0.59%  PE=13.35(25.46%) PB=1.93(5.69%)
2026-10-10 00:02:21  [ 66] 002463 沪电股份  完成  日J=6.85 周J=37.73 月J=43.92 MA20=122.636 MA60=120.098 多头=1 价=112.29 涨=-3.1%  PE=42.68(89.98%) PB=12.01(95.58%)
2026-10-10 00:02:21  [ 68] 000338 潍柴动力  完成  日J=14.68 周J=1.15 月J=19.24 MA20=26.146 MA60=27.203 多头=0 价=24.45 涨=-1.65%  PE=16.26(73.18%) PB=2.2(66.64%)
2026-10-10 00:02:23  [ 77] 688801 燧原科技-U  完成  日J=5.72 周J=49.67 月J=None MA20=None MA60=None 多头=None 价=450.36 涨=5.57%  PE=-163.46(53.33%) PB=73.31(53.33%)
2026-10-10 00:02:23  [ 71] 603268 松发股份  完成  日J=29.54 周J=65.18 月J=87.69 MA20=204.277 MA60=180.924 多头=1 价=203.5 涨=-6.97%  PE=36.91(49.13%) PB=15.87(83.2%)
2026-10-10 00:02:23  [ 72] 600188 兖矿能源  完成  日J=94.28 周J=19.24 月J=47.05 MA20=20.271 MA60=20.56 多头=0 价=20.48 涨=2.66%  PE=19.23(93.69%) PB=2.67(78.49%)
2026-10-10 00:02:23  [ 73] 000725 京东方Ａ  完成  日J=0.65 周J=34.77 月J=25.65 MA20=5.652 MA60=5.875 多头=0 价=5.5 涨=0.0%  PE=25.93(46.21%) PB=1.53(65.08%)
2026-10-10 00:02:23  [ 75] 603288 海天味业  完成  日J=56.01 周J=12.04 月J=16.76 MA20=33.892 MA60=35.227 多头=0 价=33.67 涨=-0.56%  PE=26.89(0.47%) PB=5.03(1.88%)
2026-10-10 00:02:24  [ 74] 300476 胜宏科技  完成  日J=2.13 周J=16.58 月J=-6.32 MA20=226.118 MA60=239.1 多头=0 价=202.69 涨=-1.72%  PE=39.64(73.36%) PB=5.25(77.46%)
2026-10-10 00:02:25  [ 76] 300760 迈瑞医疗  完成  日J=96.03 周J=54.84 月J=59.07 MA20=160.69 MA60=155.55 多头=1 价=161.4 涨=2.41%  PE=24.87(13.17%) PB=4.82(4.8%)
2026-10-10 00:02:26  [ 78] 600690 海尔智家  完成  日J=90.4 周J=26.06 月J=31.41 MA20=20.77 MA60=20.936 多头=0 价=20.81 涨=1.86%  PE=10.85(5.84%) PB=1.62(3.81%)
2026-10-10 00:02:26  [ 82] 688802 沐曦股份-U  完成  日J=4.3 周J=10.98 月J=5.56 MA20=526.122 MA60=677.575 多头=0 价=464.08 涨=-0.75%  PE=20870.88(88.66%) PB=13.39(1.03%)
2026-10-10 00:02:26  [ 67] 002379 宏桥控股  完成  日J=41.6 周J=-4.41 月J=-1.69 MA20=17.411 MA60=18.373 多头=0 价=16.29 涨=-0.55%  PE=8.6(60.56%) PB=3.67(74.59%)
2026-10-10 00:02:26  [ 79] 601898 中煤能源  完成  日J=86.89 周J=22.57 月J=23.15 MA20=14.351 MA60=14.05 多头=1 价=14.39 涨=2.13%  PE=10.41(50.4%) PB=1.15(89.08%)
2026-10-10 00:02:26  [ 81] 601985 中国核电  完成  日J=97.98 周J=80.06 月J=93.35 MA20=9.005 MA60=8.916 多头=1 价=9.11 涨=-0.65%  PE=25.74(99.72%) PB=1.58(42.16%)
2026-10-10 00:02:27  [ 80] 600025 华能水电  完成  日J=103.35 周J=73.81 月J=84.26 MA20=9.776 MA60=9.806 多头=0 价=10.11 涨=0.1%  PE=22.77(83.01%) PB=2.69(77.6%)
2026-10-10 00:02:27  [ 83] 601766 中国中车  完成  日J=115.99 周J=86.15 月J=94.9 MA20=6.101 MA60=5.98 多头=1 价=6.3 涨=1.29%  PE=12.98(9.84%) PB=1.02(18.82%)
2026-10-10 00:02:28  [ 84] 601818 光大银行  完成  日J=82.52 周J=62.95 月J=59.08 MA20=3.03 MA60=3.05 多头=0 价=3.06 涨=-0.65%  PE=5.49(64.47%) PB=0.36(2.35%)
2026-10-10 00:02:28  [ 85] 688072 拓荆科技  完成  日J=-4.78 周J=27.56 月J=39.75 MA20=659.736 MA60=690.064 多头=0 价=616.25 涨=0.03%  PE=82.78(32.69%) PB=14.16(77.65%)
2026-10-10 00:02:29  [ 86] 601066 中信建投  完成  日J=29.52 周J=7.25 月J=23.21 MA20=23.697 MA60=25.078 多头=0 价=23.21 涨=2.02%  PE=14.32(0.65%) PB=2.06(11.37%)
2026-10-10 00:02:29  [ 88] 601668 中国建筑  完成  日J=91.09 周J=23.7 月J=41.19 MA20=4.319 MA60=4.445 多头=0 价=4.35 涨=-0.91%  PE=5.68(77.84%) PB=0.36(0.85%)
2026-10-10 00:02:29  [ 87] 600406 国电南瑞  完成  日J=73.93 周J=20.99 月J=2.43 MA20=22.222 MA60=22.924 多头=0 价=22.4 涨=-2.01%  PE=21.42(11.29%) PB=3.45(25.13%)
2026-10-10 00:02:29  [ 91] 688795 摩尔线程-U  完成  日J=3.17 周J=18.13 月J=4.73 MA20=399.726 MA60=522.281 多头=0 价=376.9 涨=1.32%  PE=-238.94(71.78%) PB=14.55(3.47%)
2026-10-10 00:02:30  [ 90] 601336 新华保险  完成  日J=23.22 周J=-0.48 月J=2.4 MA20=58.197 MA60=59.73 多头=0 价=56.9 涨=1.39%  PE=4.01(0.24%) PB=1.44(39.01%)
2026-10-10 00:02:30  [ 89] 601872 招商轮船  完成  日J=63.42 周J=83.75 月J=90.3 MA20=20.7 MA60=18.251 多头=1 价=22.07 涨=0.18%  PE=16.43(54.82%) PB=3.8(99.81%)
2026-10-10 00:02:30  [ 93] 688836 宇树科技-W  完成  日J=-0.16 周J=0.83 月J=None MA20=484.807 MA60=None 多头=None 价=432.0 涨=0.98%  PE=299.07(6.25%) PB=60.67(6.25%)
2026-10-10 00:02:31  [ 97] 600930 华电新能  完成  日J=85.51 周J=33.68 月J=-1.02 MA20=3.926 MA60=4.099 多头=0 价=3.97 涨=-0.25%  PE=34.06(78.19%) PB=1.49(9.4%)
2026-10-10 00:02:31  [ 92] 600887 伊利股份  完成  日J=96.66 周J=97.68 月J=103.07 MA20=26.791 MA60=26.423 多头=1 价=27.66 涨=1.24%  PE=17.28(22.64%) PB=3.26(22.54%)
2026-10-10 00:02:31  [ 94] 002938 鹏鼎控股  完成  日J=7.76 周J=4.15 月J=31.38 MA20=86.492 MA60=89.949 多头=0 价=74.65 涨=-4.29%  PE=45.67(93.38%) PB=5.03(80.36%)
2026-10-10 00:02:32  [ 95] 600989 宝丰能源  完成  日J=81.56 周J=20.93 月J=11.92 MA20=23.54 MA60=23.052 多头=1 价=23.25 涨=-0.3%  PE=11.1(0.78%) PB=3.09(52.87%)
2026-10-10 00:02:33  [ 96] 300274 阳光电源  完成  日J=6.48 周J=3.11 月J=-17.64 MA20=84.886 MA60=99.849 多头=0 价=80.68 涨=0.24%  PE=15.23(20.19%) PB=3.34(28.85%)
2026-10-10 00:02:34  [ 98] 601688 华泰证券  完成  日J=26.47 周J=6.25 月J=3.83 MA20=18.534 MA60=19.077 多头=0 价=17.97 涨=2.1%  PE=7.9(0.24%) PB=0.91(25.27%)
2026-10-10 00:02:34  [100] 600031 三一重工  完成  日J=12.83 周J=-11.27 月J=2.72 MA20=18.466 MA60=19.06 多头=0 价=16.95 涨=-0.47%  PE=17.54(36.14%) PB=1.69(1.93%)
2026-10-10 00:02:34  [ 99] 002352 顺丰控股  完成  日J=74.0 周J=11.1 月J=13.39 MA20=30.829 MA60=32.192 多头=0 价=30.85 涨=0.26%  PE=14.47(0.61%) PB=1.53(0.33%)
2026-10-10 00:02:34  [102] 688498 源杰科技  完成  日J=-8.81 周J=26.86 月J=49.79 MA20=1656.071 MA60=1531.651 多头=1 价=1206.01 涨=-6.54%  PE=199.74(40.31%) PB=47.79(88.24%)
2026-10-10 00:02:34  [104] 301666 大普微-UW  完成  日J=-5.3 周J=1.8 月J=-0.75 MA20=379.623 MA60=429.142 多头=0 价=318.98 涨=-0.32%  PE=115.27(8.55%) PB=38.16(0.85%)
2026-10-10 00:02:35  [103] 300604 长川科技  完成  日J=0.35 周J=15.55 月J=33.91 MA20=259.969 MA60=276.183 多头=0 价=228.0 涨=-0.22%  PE=79.2(24.52%) PB=26.28(95.34%)
2026-10-10 00:02:35  [101] 300433 蓝思科技  完成  日J=-3.72 周J=2.83 月J=5.41 MA20=33.204 MA60=35.374 多头=0 价=28.41 涨=-5.43%  PE=43.44(75.91%) PB=2.84(59.76%)
2026-10-10 00:02:37  [107] 600176 中国巨石  完成  日J=7.86 周J=24.98 月J=18.87 MA20=43.126 MA60=42.666 多头=1 价=38.57 涨=-2.48%  PE=34.07(91.72%) PB=4.66(94.82%)
2026-10-10 00:02:37  [106] 600487 亨通光电  完成  日J=-8.18 周J=24.33 月J=7.12 MA20=63.722 MA60=61.593 多头=1 价=52.95 涨=0.47%  PE=31.19(91.72%) PB=3.87(86.92%)
2026-10-10 00:02:37  [105] 301377 鼎泰高科  完成  日J=-3.78 周J=5.23 月J=18.65 MA20=379.415 MA60=402.038 多头=0 价=309.5 涨=-7.24%  PE=137.71(77.96%) PB=42.02(90.1%)
2026-10-10 00:02:37  [108] 600547 山东黄金  完成  日J=22.94 周J=-1.8 月J=9.58 MA20=32.177 MA60=30.717 多头=1 价=27.17 涨=2.8%  PE=22.88(8.24%) PB=3.78(35.62%)
2026-10-10 00:02:37  [109] 000776 广发证券  完成  日J=19.37 周J=9.85 月J=31.8 MA20=20.677 MA60=21.026 多头=0 价=19.82 涨=2.59%  PE=8.21(0.19%) PB=1.12(37.65%)
2026-10-10 00:02:38  [110] 302132 中航成飞  完成  日J=42.11 周J=15.19 月J=16.34 MA20=60.322 MA60=58.458 多头=1 价=57.82 涨=-1.85%  PE=47.85(70.73%) PB=7.4(60.14%)
2026-10-10 00:02:38  [112] 600362 江西铜业  完成  日J=32.39 周J=2.66 月J=7.82 MA20=44.467 MA60=44.599 多头=0 价=42.51 涨=1.48%  PE=12.7(36.19%) PB=1.68(90.59%)
2026-10-10 00:02:38  [111] 601600 中国铝业  完成  日J=60.95 周J=12.01 月J=4.93 MA20=9.287 MA60=9.307 多头=0 价=9.07 涨=0.55%  PE=8.9(2.73%) PB=1.84(65.69%)
2026-10-10 00:02:39  [113] 601091 C沈鼓  完成  日J=-8.27 周J=None 月J=None MA20=None MA60=None 多头=None 价=23.03 涨=-4.83%  PE=97.72(18.18%) PB=12.71(18.18%)
2026-10-10 00:02:39  全部完成：成功 113/113，失败 0，结果已写入 /home/runner/work/daily-stock-metrics/daily-stock-metrics/output/2026-10-09/metrics_2026-10-09.csv
2026-10-10 00:02:39  步骤2完成 -> /home/runner/work/daily-stock-metrics/daily-stock-metrics/output/2026-10-09/metrics_2026-10-09.csv（成功 113/113，失败 0）
2026-10-10 00:02:39  步骤2.5: 获取全市场大盘温度（活跃市值指标）…
2026-10-10 00:03:17  步骤2.5失败(不影响主流程): ConnectionError: ('Connection aborted.', RemoteDisconnected('Remote end closed connection without response'))
2026-10-10 00:03:17  步骤2.6: 本地聚合 → 行业板块温度 / 大盘宽度仪表盘 / 机会榜
2026-10-10 00:03:17    - 板块温度: 11 个行业
2026-10-10 00:03:17    - 机会榜: 超跌 25 / 超买 21
2026-10-10 00:03:17  步骤2.6完成
2026-10-10 00:03:17  步骤3: 生成 HTML 总结报告…
2026-10-10 00:03:18  步骤3完成 -> /home/runner/work/daily-stock-metrics/daily-stock-metrics/output/2026-10-09/report_2026-10-09.html
2026-10-10 00:03:18  步骤4: 生成个股股价走势图（含每日信号）…
2026-10-10 00:03:19  步骤4完成 -> /home/runner/work/daily-stock-metrics/daily-stock-metrics/output/stock_charts.html
2026-10-10 00:03:19  步骤4.5: 生成昨日推荐回顾…
2026-10-10 00:03:19  步骤4.5完成 -> 已追加昨日推荐回顾
2026-10-10 00:03:19  步骤5: 发送邮件报告…
2026-10-10 00:03:23  步骤5完成: 邮件已发送
2026-10-10 00:03:23  ===== 全部完成 2026-10-09 =====
2026-10-10 10:02:52  今日(2026-10-09)已完成，跳过。结果目录: /home/runner/work/daily-stock-metrics/daily-stock-metrics/output/2026-10-09
