2026-09-09 21:07:18  ===== 开始每日ETF指标任务 2026-09-09 =====
2026-09-09 21:07:18  步骤1: 获取场内规模前100的ETF...
[  1] 510300 沪深300ETF华泰柏瑞  规模=1096.6亿  跟踪=沪深300指数  主题=沪深300
[  2] 588000 科创50ETF华夏  规模=894.56亿  跟踪=上证科创板50成份指数  主题=科创板
[  3] 159915 创业板ETF易方达  规模=650.7亿  跟踪=创业板指数(价格)  主题=创业板
[  4] 512880 证券ETF国泰  规模=607.17亿  跟踪=中证全指证券公司指数  主题=证券
[  5] 510310 沪深300ETF易方达  规模=516.38亿  跟踪=沪深300指数  主题=沪深300
[  6] 588200 科创芯片ETF嘉实  规模=480.12亿  跟踪=上证科创板芯片指数  主题=半导体
[  7] 510500 中证500ETF南方  规模=430.62亿  跟踪=中证500指数  主题=中证500
[  8] 515880 通信ETF国泰  规模=414.44亿  跟踪=中证全指通信设备指数  主题=通信
[  9] 588080 科创50ETF易方达  规模=411.17亿  跟踪=上证科创板50成份指数  主题=科创板
[ 10] 159516 半导体设备ETF国泰  规模=410.58亿  跟踪=中证半导体材料设备主题指数  主题=半导体
[ 11] 510330 沪深300ETF华夏  规模=408.05亿  跟踪=沪深300指数  主题=沪深300
[ 12] 588170 科创半导体ETF华夏  规模=402.88亿  跟踪=上证科创板半导体材料设备主题指数  主题=半导体
[ 13] 563360 A500ETF华泰柏瑞  规模=394.23亿  跟踪=中证A500指数  主题=中证A500
[ 14] 512000 券商ETF华宝  规模=373.66亿  跟踪=中证全指证券公司指数  主题=证券
[ 15] 159352 A500ETF南方  规模=335.77亿  跟踪=中证A500指数  主题=中证A500
[ 16] 512890 红利低波ETF华泰柏瑞  规模=319.11亿  跟踪=中证红利低波动指数  主题=红利
[ 17] 159919 沪深300ETF嘉实  规模=304.51亿  跟踪=沪深300指数  主题=沪深300
[ 18] 159361 A500ETF易方达  规模=288.71亿  跟踪=中证A500指数  主题=中证A500
[ 19] 159995 芯片ETF华夏  规模=271.27亿  跟踪=国证半导体芯片指数  主题=半导体
[ 20] 512400 XD有色金属ETF南方  规模=265.92亿  跟踪=有色金属  主题=有色金属
[ 21] 159338 中证A500ETF国泰  规模=256.5亿  跟踪=中证A500指数  主题=中证A500
[ 22] 159949 创业板50ETF华安  规模=242.99亿  跟踪=创业板50指数  主题=创业板
[ 23] 512170 医疗ETF华宝  规模=241.83亿  跟踪=中证医疗指数  主题=医药
[ 24] 510050 上证50ETF华夏  规模=212.04亿  跟踪=上证50指数  主题=上证50
[ 25] 159819 人工智能ETF易方达  规模=208.76亿  跟踪=中证人工智能主题指数  主题=人工智能
[ 26] 512100 中证1000ETF南方  规模=203.9亿  跟踪=中证1000指数  主题=中证1000
[ 27] 159558 半导体设备ETF易方达  规模=199.72亿  跟踪=中证半导体材料设备主题指数  主题=半导体
[ 28] 512480 半导体ETF国联安  规模=198.63亿  跟踪=中证全指半导体产品与设备指数  主题=半导体
[ 29] 515450 XD红利低波50ETF南方  规模=198.15亿  跟踪=标普中国A股大盘红利低波50指数  主题=红利
[ 30] 510880 红利ETF华泰柏瑞  规模=194.91亿  跟踪=上证红利指数  主题=红利
[ 31] 512050 A500ETF华夏  规模=194.57亿  跟踪=中证A500指数  主题=中证A500
[ 32] 159326 电网设备ETF华夏  规模=193.8亿  跟踪=中证电网设备主题指数  主题=其他
[ 33] 515180 红利ETF易方达  规模=186.36亿  跟踪=中证红利指数  主题=红利
[ 34] 515050 通信ETF华夏  规模=181.65亿  跟踪=中证5G通信主题指数  主题=通信
[ 35] 510180 上证180ETF华安  规模=175.25亿  跟踪=上证180指数  主题=上证180
[ 36] 562500 机器人ETF华夏  规模=173.4亿  跟踪=中证机器人指数  主题=机器人
[ 37] 159992 创新药ETF银华  规模=169.11亿  跟踪=中证创新药产业指数  主题=医药
[ 38] 159781 科创创业ETF易方达  规模=166.46亿  跟踪=中证科创创业50指数  主题=科创板
[ 39] 159530 机器人ETF易方达  规模=164.52亿  跟踪=国证机器人产业指数  主题=机器人
[ 40] 159201 自由现金流ETF华夏  规模=162.78亿  跟踪=国证自由现金流指数  主题=货币市场
[ 41] 159928 消费ETF汇添富  规模=156.88亿  跟踪=中证主要消费指数  主题=消费
[ 42] 512010 医药ETF易方达  规模=149.91亿  跟踪=沪深300医药卫生指数  主题=医药
[ 43] 510210 上证指数ETF富国  规模=145.2亿  跟踪=上证综合指数  主题=其他
[ 44] 517520 黄金股ETF永赢  规模=141.27亿  跟踪=中证沪深港黄金产业股票指数  主题=黄金
[ 45] 159870 化工ETF鹏华  规模=138.48亿  跟踪=细分化工  主题=化工
[ 46] 512690 酒ETF鹏华  规模=135.18亿  跟踪=中证酒指数  主题=白酒
[ 47] 512070 证券保险ETF易方达  规模=133.38亿  跟踪=沪深300非银行金融指数  主题=证券
[ 48] 159206 卫星ETF永赢  规模=127.22亿  跟踪=国证商用卫星通信产业指数  主题=通信
[ 49] 560780 半导体设备ETF广发  规模=125.87亿  跟踪=中证半导体材料设备主题指数  主题=半导体
[ 50] 563020 红利低波ETF易方达  规模=124.71亿  跟踪=中证红利低波动指数  主题=红利
[ 51] 513630 港股低波红利ETF摩根  规模=120.42亿  跟踪=标普港股通低波红利指数  主题=红利
[ 52] 159841 证券ETF天弘  规模=117.32亿  跟踪=中证全指证券公司指数  主题=证券
[ 53] 159952 创业板ETF广发  规模=113.89亿  跟踪=创业板指数(价格)  主题=创业板
[ 54] 515220 煤炭ETF国泰  规模=112.85亿  跟踪=中证煤炭指数  主题=煤炭
[ 55] 515120 创新药ETF广发  规模=111.83亿  跟踪=中证创新药产业指数  主题=医药
[ 56] 515080 中证红利ETF招商  规模=110.38亿  跟踪=中证红利指数  主题=红利
[ 57] 563800 A500ETF广发  规模=109.32亿  跟踪=中证A500指数  主题=中证A500
[ 58] 588710 科创半导体设备ETF华泰柏瑞  规模=108.36亿  跟踪=上证科创板半导体材料设备主题指数  主题=半导体
[ 59] 588050 科创50ETF工银  规模=106.36亿  跟踪=上证科创板50成份指数  主题=科创板
[ 60] 512760 芯片ETF国泰  规模=101.64亿  跟踪=中华交易服务半导体芯片行业人民币指数  主题=半导体
[ 61] 516650 有色金属ETF华夏  规模=98.87亿  跟踪=细分有色  主题=有色金属
[ 62] 512800 银行ETF华宝  规模=97.87亿  跟踪=中证银行指数  主题=银行
[ 63] 159611 电力ETF广发  规模=97.13亿  跟踪=中证全指电力公用事业指数  主题=电力
[ 64] 159852 软件ETF嘉实  规模=93.22亿  跟踪=中证软件服务指数  主题=计算机
[ 65] 159842 券商ETF银华  规模=92.84亿  跟踪=中证全指证券公司指数  主题=证券
[ 66] 560860 工业有色ETF万家  规模=88.63亿  跟踪=中证工业有色金属主题指数  主题=有色金属
[ 67] 159922 中证500ETF嘉实  规模=88.21亿  跟踪=中证500指数  主题=中证500
[ 68] 159351 A500ETF嘉实  规模=87.36亿  跟踪=中证A500指数  主题=中证A500
[ 69] 159869 游戏ETF华夏  规模=85.63亿  跟踪=中证动漫游戏指数  主题=传媒
[ 70] 562590 半导体设备ETF华夏  规模=85.5亿  跟踪=中证半导体材料设备主题指数  主题=半导体
[ 71] 515330 沪深300ETF天弘  规模=82.34亿  跟踪=沪深300指数  主题=沪深300
[ 72] 515070 人工智能ETF华夏  规模=82.1亿  跟踪=中证人工智能主题指数  主题=人工智能
[ 73] 512900 证券ETF南方  规模=81.47亿  跟踪=中证全指证券公司指数  主题=证券
[ 74] 563220 A500ETF富国  规模=80.36亿  跟踪=中证A500指数  主题=中证A500
[ 75] 159845 中证1000ETF华夏  规模=79.61亿  跟踪=中证1000指数  主题=中证1000
[ 76] 512500 中证500ETF华夏  规模=78.99亿  跟踪=中证500指数  主题=中证500
[ 77] 512660 军工ETF国泰  规模=76.65亿  跟踪=中证军工指数  主题=军工
[ 78] 588060 科创50ETF广发  规模=75.87亿  跟踪=上证科创板50成份指数  主题=科创板
[ 79] 159263 价值ETF易方达  规模=74.76亿  跟踪=国证价值100指数  主题=价值
[ 80] 512710 军工龙头ETF富国  规模=74.11亿  跟踪=中证军工龙头指数  主题=军工
[ 81] 588750 科创芯片ETF汇添富  规模=73.22亿  跟踪=上证科创板芯片指数  主题=半导体
[ 82] 159307 红利低波100ETF博时  规模=72.97亿  跟踪=中证红利低波动100指数  主题=红利
[ 83] 159363 创业板人工智能ETF华宝  规模=72.79亿  跟踪=创业板人工智能指数  主题=人工智能
[ 84] 159157 有色金属ETF天弘  规模=69.21亿  跟踪=中证工业有色金属主题指数  主题=有色金属
[ 85] 159755 电池ETF广发  规模=69.2亿  跟踪=国证新能源车电池指数  主题=新能源
[ 86] 159259 成长ETF易方达  规模=68.89亿  跟踪=国证成长100指数  主题=成长
[ 87] 563300 中证2000ETF华泰柏瑞  规模=68.28亿  跟踪=中证2000指数  主题=中证2000
[ 88] 159865 养殖ETF国泰  规模=67.03亿  跟踪=中证畜牧养殖指数  主题=农业
[ 89] 159977 创业板ETF天弘  规模=64.75亿  跟踪=创业板指数(价格)  主题=创业板
[ 90] 159813 半导体ETF鹏华  规模=64.67亿  跟踪=国证半导体芯片指数  主题=半导体
[ 91] 159851 金融科技ETF华宝  规模=64.38亿  跟踪=中证金融科技主题指数  主题=其他
[ 92] 588220 科创100ETF鹏华  规模=64.35亿  跟踪=上证科创板100指数  主题=科创板
[ 93] 516150 稀土ETF嘉实  规模=64.04亿  跟踪=中证稀土产业指数  主题=有色金属
[ 94] 515980 人工智能ETF华富  规模=63.5亿  跟踪=中证人工智能产业指数  主题=人工智能
[ 95] 159562 黄金股ETF华夏  规模=62.41亿  跟踪=中证沪深港黄金产业股票指数  主题=黄金
[ 96] 560610 A500ETF招商  规模=61.76亿  跟踪=中证A500指数  主题=中证A500
[ 97] 512950 央企改革ETF华夏  规模=61.14亿  跟踪=中证央企结构调整指数  主题=央企国企
[ 98] 560010 中证1000ETF广发  规模=60.29亿  跟踪=中证1000指数  主题=中证1000
[ 99] 159770 机器人ETF天弘  规模=58.97亿  跟踪=中证机器人指数  主题=机器人
[100] 159549 红利低波ETF天弘  规模=57.03亿  跟踪=中证红利低波动100指数  主题=红利
2026-09-09 21:08:15  步骤1完成 -> /home/runner/work/daily-stock-metrics/daily-stock-metrics/output_etf/2026-09-09/etf_list_2026-09-09.csv
2026-09-09 21:08:15  步骤2: 计算 KDJ-J(日/周/月)...
2026-09-09 21:08:15  步骤2: 计算指标...
2026-09-09 21:08:15  观察池: 共63只(含历史追踪2只)
2026-09-09 21:08:15  待处理 63 条，并发数 8
2026-09-09 21:08:20  [  3] 159915 创业板ETF易方达  完成  日J=40.17 周J=17.88 月J=7.52 MA20=3.477 MA60=3.698 多头=0 价=3.37 涨=-0.18%  PE=38.39(32.4%) PB=5.36(60.72%)
2026-09-09 21:08:21  [  4] 512880 证券ETF国泰  完成  日J=3.57 周J=30.57 月J=32.79 MA20=1.088 MA60=1.105 多头=0 价=1.08 涨=0.0%  PE=12.77(4.54%) PB=1.26(13.96%)
2026-09-09 21:08:21  [  6] 510500 中证500ETF南方  完成  日J=38.44 周J=39.62 月J=21.27 MA20=7.872 MA60=8.074 多头=0 价=7.79 涨=0.03%  PE=26.16(64.62%) PB=2.41(77.64%)
2026-09-09 21:08:21  [  8] 159516 半导体设备ETF国泰  完成  日J=19.26 周J=8.52 月J=36.87 MA20=0.716 MA60=0.765 多头=0 价=0.67 涨=0.0%  PE=96.58(91.16%) PB=None(None%)
2026-09-09 21:08:22  [  7] 515880 通信ETF国泰  完成  日J=78.0 周J=49.67 月J=26.64 MA20=0.668 MA60=0.715 多头=0 价=0.68 涨=1.34%  PE=44.57(87.25%) PB=None(None%)
2026-09-09 21:08:22  [  5] 588200 科创芯片ETF嘉实  完成  日J=10.98 周J=4.59 月J=30.3 MA20=1.169 MA60=1.283 多头=0 价=1.11 涨=-0.98%  PE=95.72(72.41%) PB=None(None%)
2026-09-09 21:08:22  [  2] 588000 科创50ETF华夏  完成  日J=5.1 周J=-5.06 月J=25.42 MA20=1.748 MA60=1.902 多头=0 价=1.67 涨=-0.65%  PE=70.53(67.8%) PB=7.25(83.0%)
2026-09-09 21:08:24  [ 12] 159995 芯片ETF华夏  完成  日J=17.92 周J=2.23 月J=21.96 MA20=1.153 MA60=1.289 多头=0 价=1.1 涨=-0.54%  PE=None(None%) PB=None(None%)
2026-09-09 21:08:24  [  9] 588170 科创半导体ETF华夏  完成  日J=10.32 周J=7.43 月J=36.72 MA20=0.989 MA60=1.059 多头=0 价=0.91 涨=-0.98%  PE=43.15(81.61%) PB=None(None%)
2026-09-09 21:08:24  [ 14] 159949 创业板50ETF华安  完成  日J=44.36 周J=15.87 月J=2.76 MA20=1.628 MA60=1.748 多头=0 价=1.58 涨=-0.13%  PE=None(None%) PB=None(None%)
2026-09-09 21:08:24  [  1] 510300 沪深300ETF华泰柏瑞  完成  日J=29.33 周J=24.33 月J=22.13 MA20=4.671 MA60=4.761 多头=0 价=4.64 涨=0.35%  PE=13.66(64.45%) PB=1.43(42.8%)
2026-09-09 21:08:24  [ 11] 512890 红利低波ETF华泰柏瑞  完成  日J=78.85 周J=105.03 月J=100.06 MA20=1.186 MA60=1.154 多头=1 价=1.21 涨=0.25%  PE=7.96(72.84%) PB=0.87(61.56%)
2026-09-09 21:08:25  [ 13] 512400 XD有色金属ETF南方  完成  日J=43.27 周J=89.5 月J=14.47 MA20=1.837 MA60=1.785 多头=1 价=1.85 涨=1.59%  PE=15.42(81.01%) PB=None(None%)
2026-09-09 21:08:25  [ 10] 563360 A500ETF华泰柏瑞  完成  日J=33.92 周J=26.15 月J=15.92 MA20=1.287 MA60=1.319 多头=0 价=1.27 涨=0.24%  PE=15.29(50.38%) PB=None(None%)
2026-09-09 21:08:25  [ 15] 512170 医疗ETF华宝  完成  日J=45.37 周J=54.84 月J=46.44 MA20=0.345 MA60=0.328 多头=1 价=0.34 涨=-0.29%  PE=27.55(21.57%) PB=3.47(12.28%)
2026-09-09 21:08:27  [ 16] 510050 上证50ETF华夏  完成  日J=13.96 周J=53.2 月J=35.6 MA20=3.022 MA60=3.032 多头=0 价=3.02 涨=0.1%  PE=11.09(70.37%) PB=1.24(53.36%)
2026-09-09 21:08:27  [ 17] 159819 人工智能ETF易方达  完成  日J=28.71 周J=4.5 月J=25.02 MA20=1.757 MA60=1.898 多头=0 价=1.72 涨=-0.41%  PE=44.75(48.45%) PB=None(None%)
2026-09-09 21:08:27  [ 22] 159326 电网设备ETF华夏  完成  日J=58.23 周J=54.73 月J=10.72 MA20=1.678 MA60=1.762 多头=0 价=1.68 涨=1.88%  PE=11.69(68.25%) PB=None(None%)
2026-09-09 21:08:27  [ 20] 515450 XD红利低波50ETF南方  完成  日J=76.05 周J=66.36 月J=74.94 MA20=1.394 MA60=1.377 多头=1 价=1.41 涨=0.64%  PE=8.49(78.52%) PB=0.87(61.56%)
2026-09-09 21:08:27  [ 18] 512100 中证1000ETF南方  完成  日J=51.83 周J=61.35 月J=27.95 MA20=3.105 MA60=3.165 多头=0 价=3.1 涨=-0.19%  PE=30.93(66.55%) PB=2.41(46.84%)
2026-09-09 21:08:28  [ 19] 512480 半导体ETF国联安  完成  日J=9.25 周J=3.63 月J=24.34 MA20=1.036 MA60=1.146 多头=0 价=0.98 涨=-0.81%  PE=65.03(47.09%) PB=None(None%)
2026-09-09 21:08:28  [ 23] 515180 红利ETF易方达  完成  日J=50.17 周J=100.48 月J=84.59 MA20=1.443 MA60=1.392 多头=1 价=1.47 涨=1.17%  PE=8.59(61.62%) PB=0.85(50.8%)
2026-09-09 21:08:28  [ 21] 510880 红利ETF华泰柏瑞  完成  日J=55.97 周J=101.32 月J=98.34 MA20=3.408 MA60=3.238 多头=1 价=3.5 涨=1.57%  PE=8.83(80.95%) PB=0.86(62.72%)
2026-09-09 21:08:29  [ 27] 159992 创新药ETF银华  完成  日J=16.64 周J=9.21 月J=61.31 MA20=0.875 MA60=0.852 多头=1 价=0.84 涨=-1.41%  PE=26.82(25.1%) PB=None(None%)
2026-09-09 21:08:30  [ 28] 159781 科创创业ETF易方达  完成  日J=24.42 周J=-1.05 月J=14.69 MA20=1.088 MA60=1.193 多头=0 价=1.04 涨=-0.1%  PE=38.62(54.18%) PB=None(None%)
2026-09-09 21:08:30  [ 25] 510180 上证180ETF华安  完成  日J=27.7 周J=54.95 月J=27.16 MA20=3.971 MA60=4.002 多头=0 价=3.96 涨=0.03%  PE=11.72(59.58%) PB=1.23(41.36%)
2026-09-09 21:08:30  [ 29] 159530 机器人ETF易方达  完成  日J=33.57 周J=15.39 月J=2.84 MA20=1.341 MA60=1.421 多头=0 价=1.31 涨=-0.68%  PE=None(None%) PB=None(None%)
2026-09-09 21:08:31  [ 30] 159201 自由现金流ETF华夏  完成  日J=66.46 周J=108.47 月J=26.6 MA20=1.184 MA60=1.148 多头=1 价=1.2 涨=0.84%  PE=None(None%) PB=None(None%)
2026-09-09 21:08:31  [ 31] 159928 消费ETF汇添富  完成  日J=88.2 周J=83.45 月J=40.34 MA20=0.671 MA60=0.657 多头=1 价=0.68 涨=-0.44%  PE=20.24(22.2%) PB=3.48(2.48%)
2026-09-09 21:08:31  [ 26] 562500 机器人ETF华夏  完成  日J=23.89 周J=15.62 月J=3.32 MA20=0.965 MA60=1.02 多头=0 价=0.94 涨=-0.95%  PE=44.75(21.71%) PB=None(None%)
2026-09-09 21:08:31  [ 24] 515050 通信ETF华夏  完成  日J=75.97 周J=42.24 月J=32.52 MA20=1.037 MA60=1.115 多头=0 价=1.05 涨=0.77%  PE=44.54(86.31%) PB=None(None%)
2026-09-09 21:08:33  [ 32] 512010 医药ETF易方达  完成  日J=15.64 周J=28.51 月J=62.09 MA20=0.386 MA60=0.372 多头=1 价=0.37 涨=-2.37%  PE=23.14(3.53%) PB=None(None%)
2026-09-09 21:08:33  [ 33] 510210 上证指数ETF富国  完成  日J=33.19 周J=95.73 月J=38.66 MA20=1.006 MA60=1.001 多头=1 价=1.01 涨=0.3%  PE=14.82(68.6%) PB=None(None%)
2026-09-09 21:08:33  [ 39] 513630 港股低波红利ETF摩根  完成  日J=93.03 周J=75.47 月J=43.59 MA20=1.592 MA60=1.556 多头=1 价=1.6 涨=0.0%  PE=None(None%) PB=None(None%)
2026-09-09 21:08:33  [ 34] 517520 黄金股ETF永赢  完成  日J=56.79 周J=94.56 月J=24.33 MA20=2.174 MA60=1.92 多头=1 价=2.21 涨=1.61%  PE=21.01(45.41%) PB=None(None%)
2026-09-09 21:08:33  [ 35] 159870 化工ETF鹏华  完成  日J=36.86 周J=74.62 月J=19.9 MA20=0.809 MA60=0.813 多头=0 价=0.82 涨=0.74%  PE=18.16(36.02%) PB=None(None%)
2026-09-09 21:08:34  [ 38] 159206 卫星ETF永赢  完成  日J=40.32 周J=26.93 月J=-0.63 MA20=1.371 MA60=1.455 多头=0 价=1.35 涨=-0.07%  PE=None(None%) PB=None(None%)
2026-09-09 21:08:34  [ 36] 512690 酒ETF鹏华  完成  日J=77.21 周J=65.43 月J=27.09 MA20=0.428 MA60=0.42 多头=1 价=0.43 涨=-0.46%  PE=19.69(19.57%) PB=None(None%)
2026-09-09 21:08:34  [ 37] 512070 证券保险ETF易方达  完成  日J=-10.92 周J=65.83 月J=18.34 MA20=0.797 MA60=0.799 多头=0 价=0.8 涨=-0.12%  PE=7.45(0.06%) PB=None(None%)
2026-09-09 21:08:35  [ 40] 515220 煤炭ETF国泰  完成  日J=36.27 周J=94.03 月J=70.22 MA20=1.299 MA60=1.212 多头=1 价=1.34 涨=2.92%  PE=18.55(86.36%) PB=1.86(98.84%)
2026-09-09 21:08:35  [ 41] 512760 芯片ETF国泰  完成  日J=6.57 周J=-0.65 月J=23.62 MA20=1.099 MA60=1.222 多头=0 价=1.04 涨=-0.76%  PE=65.22(41.99%) PB=None(None%)
2026-09-09 21:08:36  [ 42] 516650 有色金属ETF华夏  完成  日J=47.32 周J=90.79 月J=11.06 MA20=1.873 MA60=1.809 多头=1 价=1.89 涨=1.4%  PE=17.53(21.41%) PB=None(None%)
2026-09-09 21:08:36  [ 46] 560860 工业有色ETF万家  完成  日J=55.73 周J=81.43 月J=14.86 MA20=1.63 MA60=1.604 多头=1 价=1.65 涨=1.91%  PE=70.06(69.41%) PB=None(None%)
2026-09-09 21:08:36  [ 44] 159611 电力ETF广发  完成  日J=82.98 周J=51.24 月J=5.11 MA20=1.042 MA60=1.05 多头=0 价=1.05 涨=1.05%  PE=15.16(66.42%) PB=None(None%)
2026-09-09 21:08:36  [ 45] 159852 软件ETF嘉实  完成  日J=11.93 周J=31.32 月J=-1.7 MA20=0.683 MA60=0.691 多头=0 价=0.67 涨=-1.04%  PE=59.71(56.43%) PB=None(None%)
2026-09-09 21:08:36  [ 47] 159869 游戏ETF华夏  完成  日J=69.21 周J=80.34 月J=5.4 MA20=1.101 MA60=1.094 多头=1 价=1.12 涨=-2.7%  PE=18.34(5.76%) PB=None(None%)
2026-09-09 21:08:37  [ 49] 159263 价值ETF易方达  完成  日J=76.29 周J=102.03 月J=61.35 MA20=1.154 MA60=1.122 多头=1 价=1.17 涨=0.6%  PE=None(None%) PB=None(None%)
2026-09-09 21:08:38  [ 43] 512800 银行ETF华宝  完成  日J=61.45 周J=97.22 月J=101.19 MA20=0.824 MA60=0.798 多头=1 价=0.84 涨=0.12%  PE=7.04(84.9%) PB=0.69(44.48%)
2026-09-09 21:08:38  [ 50] 512710 军工龙头ETF富国  完成  日J=103.29 周J=79.62 月J=2.98 MA20=0.625 MA60=0.633 多头=0 价=0.66 涨=2.33%  PE=None(None%) PB=None(None%)
2026-09-09 21:08:38  [ 52] 159363 创业板人工智能ETF华宝  完成  日J=61.95 周J=48.08 月J=30.16 MA20=1.237 MA60=1.301 多头=0 价=1.23 涨=-0.65%  PE=None(None%) PB=None(None%)
2026-09-09 21:08:38  [ 54] 159259 成长ETF易方达  完成  日J=77.99 周J=39.51 月J=31.36 MA20=1.34 MA60=1.439 多头=0 价=1.35 涨=0.74%  PE=None(None%) PB=None(None%)
2026-09-09 21:08:39  [ 53] 159755 电池ETF广发  完成  日J=9.38 周J=7.82 月J=-16.26 MA20=0.939 MA60=0.983 多头=0 价=0.89 涨=0.0%  PE=22.0(25.92%) PB=3.11(40.24%)
2026-09-09 21:08:39  [ 51] 159307 红利低波100ETF博时  完成  日J=57.27 周J=60.65 月J=59.94 MA20=1.029 MA60=1.016 多头=1 价=1.03 涨=-0.39%  PE=8.93(85.63%) PB=None(None%)
2026-09-09 21:08:39  [ 48] 512660 军工ETF国泰  完成  日J=97.83 周J=58.69 月J=4.72 MA20=1.134 MA60=1.164 多头=0 价=1.18 涨=1.55%  PE=54.14(37.57%) PB=3.39(63.8%)
2026-09-09 21:08:40  [ 55] 563300 中证2000ETF华泰柏瑞  完成  日J=91.22 周J=83.77 月J=40.55 MA20=1.433 MA60=1.442 多头=0 价=1.45 涨=-0.41%  PE=41.61(71.28%) PB=None(None%)
2026-09-09 21:08:40  [ 56] 159865 养殖ETF国泰  完成  日J=97.82 周J=106.6 月J=41.77 MA20=0.547 MA60=0.529 多头=1 价=0.57 涨=-0.17%  PE=23.4(55.68%) PB=None(None%)
2026-09-09 21:08:41  [ 59] 516150 稀土ETF嘉实  完成  日J=11.72 周J=43.45 月J=5.99 MA20=1.741 MA60=1.798 多头=0 价=1.69 涨=0.3%  PE=28.27(25.46%) PB=None(None%)
2026-09-09 21:08:42  [ 58] 588220 科创100ETF鹏华  完成  日J=25.02 周J=34.34 月J=32.03 MA20=1.785 MA60=1.846 多头=0 价=1.72 涨=-0.4%  PE=None(None%) PB=None(None%)
2026-09-09 21:08:42  [ 62] 561980 半导体设备ETF招商  完成  日J=9.15 周J=1.28 月J=38.39 MA20=0.691 MA60=0.745 多头=0 价=0.65 涨=-0.61%  PE=None(None%) PB=None(None%)
2026-09-09 21:08:42  [ 57] 159851 金融科技ETF华宝  完成  日J=13.51 周J=81.11 月J=7.72 MA20=0.628 MA60=0.623 多头=1 价=0.63 涨=-0.63%  PE=32.02(7.5%) PB=None(None%)
2026-09-09 21:08:42  [ 63] 159967 创业板成长ETF华夏  完成  日J=64.09 周J=28.3 月J=24.62 MA20=0.79 MA60=0.855 多头=0 价=0.77 涨=0.0%  PE=None(None%) PB=None(None%)
2026-09-09 21:08:43  [ 61] 512950 央企改革ETF华夏  完成  日J=55.1 周J=56.96 月J=27.06 MA20=1.507 MA60=1.522 多头=0 价=1.51 涨=0.73%  PE=16.01(86.56%) PB=None(None%)
2026-09-09 21:08:43  [ 60] 515980 人工智能ETF华富  完成  日J=34.4 周J=15.49 月J=27.74 MA20=1.029 MA60=1.103 多头=0 价=1.01 涨=-0.69%  PE=46.73(75.95%) PB=None(None%)
2026-09-09 21:08:43  全部完成，结果已写入 /home/runner/work/daily-stock-metrics/daily-stock-metrics/output_etf/2026-09-09/metrics_2026-09-09.csv
2026-09-09 21:08:43  步骤2完成 -> /home/runner/work/daily-stock-metrics/daily-stock-metrics/output_etf/2026-09-09/metrics_2026-09-09.csv
2026-09-09 21:08:43  步骤3: 生成 HTML 总结报告...
2026-09-09 21:08:44  步骤3完成 -> /home/runner/work/daily-stock-metrics/daily-stock-metrics/output_etf/2026-09-09/report_2026-09-09.html
2026-09-09 21:08:44  步骤4: 发送邮件报告...
2026-09-09 21:08:47  步骤4完成: 邮件已发送
2026-09-09 21:08:47  ===== 全部完成 2026-09-09 =====
2026-09-09 21:34:59  今日(2026-09-09)已完成，跳过。结果目录: /home/runner/work/daily-stock-metrics/daily-stock-metrics/output_etf/2026-09-09
2026-09-09 21:51:40  今日(2026-09-09)已完成，跳过。结果目录: /home/runner/work/daily-stock-metrics/daily-stock-metrics/output_etf/2026-09-09
