2026-07-31 19:23:51  ===== 开始每日港股通指标任务 2026-07-31 =====
2026-07-31 19:23:51  步骤1: 获取港股通总市值前100标的...
获取港股通标的列表(共取市值前 100 只)...
接口返回 100 只港股通标的
2026-07-31 19:23:52  步骤1完成 -> C:\Users\hailo\Desktop\每周自动指标\output_hk\2026-07-31\hk_list_2026-07-31.csv
2026-07-31 19:23:52  步骤2: 计算 KDJ-J(日/周/月)...
2026-07-31 19:23:54  [  1] 00700 腾讯控股  完成  日J=93.92 周J=75.45 月J=2.21 价=475.2 涨=0.72%  PE=16.43(None%) PB=3.39(None%)
2026-07-31 19:23:56  [  2] 00005 汇丰控股  完成  日J=97.84 周J=103.66 月J=98.71 价=168.2 涨=2.25%  PE=17.55(None%) PB=1.87(None%)
2026-07-31 19:23:57  [  3] 03750 宁德时代  完成  日J=47.17 周J=8.15 月J=59.83 价=622.5 涨=0.24%  PE=29.89(None%) PB=6.59(None%)
2026-07-31 19:23:58  [  4] 01398 工商银行  完成  日J=86.53 周J=96.98 月J=74.53 价=7.51 涨=-1.7%  PE=6.44(None%) PB=0.6(None%)
2026-07-31 19:23:59  [  5] 00939 建设银行  完成  日J=92.51 周J=89.2 月J=78.46 价=9.21 涨=-1.6%  PE=6.3(None%) PB=0.6(None%)
2026-07-31 19:24:01  [  6] 09988 阿里巴巴-W  完成  日J=51.46 周J=72.88 月J=8.33 价=117.0 涨=4.65%  PE=19.12(None%) PB=1.85(None%)
2026-07-31 19:24:02  [  7] 01288 农业银行  完成  日J=86.59 周J=86.54 月J=64.03 价=6.31 涨=-3.07%  PE=6.7(None%) PB=0.69(None%)
2026-07-31 19:24:04  [  8] 00857 中国石油股份  完成  日J=57.01 周J=64.6 月J=34.14 价=9.94 涨=-2.07%  PE=10.25(None%) PB=0.99(None%)
2026-07-31 19:24:05  [  9] 00941 中国移动  完成  日J=83.17 周J=74.55 月J=44.58 价=83.65 涨=-1.36%  PE=11.95(None%) PB=1.1(None%)
2026-07-31 19:24:07  [ 10] 03988 中国银行  完成  日J=96.56 周J=78.41 月J=85.64 价=5.51 涨=-0.54%  PE=6.47(None%) PB=0.57(None%)
2026-07-31 19:24:08  [ 11] 03968 招商银行  完成  日J=93.94 周J=100.29 月J=47.73 价=50.9 涨=-0.59%  PE=7.61(None%) PB=1.0(None%)
2026-07-31 19:24:09  [ 12] 00883 中国海洋石油  完成  日J=57.94 周J=56.22 月J=20.49 价=23.82 涨=-1.49%  PE=8.09(None%) PB=1.19(None%)
2026-07-31 19:24:11  [ 13] 02318 中国平安  完成  日J=97.26 周J=84.5 月J=10.69 价=58.65 涨=-0.09%  PE=7.16(None%) PB=0.92(None%)
2026-07-31 19:24:12  [ 14] 01088 中国神华  完成  日J=42.5 周J=53.7 月J=33.61 价=43.46 涨=-0.59%  PE=15.98(None%) PB=1.68(None%)
2026-07-31 19:24:14  [ 15] 02899 紫金矿业  完成  日J=70.55 周J=84.93 月J=6.76 价=33.24 涨=2.21%  PE=12.8(None%) PB=3.96(None%)
2026-07-31 19:24:15  [ 16] 01211 比亚迪股份  完成  日J=83.87 周J=99.65 月J=42.81 价=94.15 涨=-0.69%  PE=27.85(None%) PB=3.27(None%)
2026-07-31 19:24:16  [ 17] 02628 中国人寿  完成  日J=108.32 周J=43.1 月J=30.51 价=29.2 涨=1.04%  PE=5.11(None%) PB=1.22(None%)
2026-07-31 19:24:18  [ 18] 01299 友邦保险  完成  日J=82.78 周J=74.25 月J=21.62 价=79.25 涨=-0.5%  PE=16.9(None%) PB=2.47(None%)
2026-07-31 19:24:19  [ 19] 00300 美的集团  完成  日J=93.56 周J=109.95 月J=72.59 价=99.35 涨=0.46%  PE=15.29(None%) PB=2.87(None%)
2026-07-31 19:24:20  [ 20] 01810 小米集团-W  完成  日J=56.37 周J=80.06 月J=14.57 价=28.78 涨=-7.28%  PE=18.77(None%) PB=2.48(None%)
2026-07-31 19:24:21  [ 21] 03328 交通银行  完成  日J=87.34 周J=71.8 月J=73.22 价=7.56 涨=-1.43%  PE=6.19(None%) PB=0.51(None%)
2026-07-31 19:24:22  [ 22] 09999 网易  完成  日J=94.74 周J=58.02 月J=49.67 价=207.8 涨=0.58%  PE=17.41(None%) PB=3.55(None%)
2026-07-31 19:24:24  [ 23] 01658 邮储银行  完成  日J=98.46 周J=76.05 月J=25.35 价=5.08 涨=-0.59%  PE=6.19(None%) PB=0.52(None%)
2026-07-31 19:24:25  [ 24] 03690 美团-W  完成  日J=87.41 周J=111.45 月J=52.21 价=92.5 涨=-0.16%  PE=-12.84(None%) PB=3.36(None%)
2026-07-31 19:24:26  [ 25] 02388 中银香港  完成  日J=97.6 周J=99.65 月J=81.56 价=52.2 涨=-0.29%  PE=13.76(None%) PB=1.54(None%)
2026-07-31 19:24:28  [ 26] 00981 中芯国际  完成  日J=2.64 周J=-5.67 月J=49.79 价=63.25 涨=2.02%  PE=99.97(None%) PB=2.98(None%)
2026-07-31 19:24:29  [ 27] 00386 中国石油化工股份  完成  日J=88.67 周J=96.06 月J=3.72 价=4.43 涨=-0.67%  PE=13.12(None%) PB=0.57(None%)
2026-07-31 19:24:30  [ 28] 02888 渣打集团  完成  日J=88.17 周J=95.84 月J=96.49 价=237.6 涨=2.86%  PE=12.32(None%) PB=1.43(None%)
2026-07-31 19:24:32  [ 29] 00388 香港交易所  完成  日J=97.23 周J=100.55 月J=28.5 价=408.6 涨=0.34%  PE=27.46(None%) PB=9.39(None%)
2026-07-31 19:24:33  [ 30] 09633 农夫山泉  完成  日J=84.44 周J=56.48 月J=1.66 价=43.78 涨=-3.91%  PE=28.03(None%) PB=11.27(None%)
2026-07-31 19:24:34  [ 31] 02359 药明康德  完成  日J=66.01 周J=93.59 月J=90.73 价=160.7 涨=1.9%  PE=20.99(None%) PB=5.03(None%)
2026-07-31 19:24:35  [ 32] 02513 智谱  完成  日J=21.06 周J=-7.29 月J=38.69 价=987.5 涨=14.56%  PE=-88.4(None%) PB=-4.44(None%)
2026-07-31 19:24:37  [ 33] 00728 中国电信  完成  日J=69.0 周J=44.34 月J=17.04 价=4.74 涨=-0.42%  PE=12.23(None%) PB=0.82(None%)
2026-07-31 19:24:39  [ 34] 00998 中信银行  完成  日J=85.83 周J=90.4 月J=35.36 价=7.73 涨=-1.53%  PE=5.39(None%) PB=0.51(None%)
2026-07-31 19:24:40  [ 35] 06030 中信证券  完成  日J=11.79 周J=63.32 月J=42.72 价=27.32 涨=0.0%  PE=10.74(None%) PB=1.23(None%)
2026-07-31 19:24:41  [ 36] 01276 恒瑞医药  完成  日J=62.99 周J=54.71 月J=6.2 价=57.1 涨=-0.52%  PE=41.69(None%) PB=5.26(None%)
2026-07-31 19:24:42  [ 37] 02328 中国财险  完成  日J=92.59 周J=78.62 月J=24.95 价=16.4 涨=-2.38%  PE=8.64(None%) PB=1.1(None%)
2026-07-31 19:24:44  [ 38] 03993 洛阳钼业  完成  日J=32.51 周J=38.7 月J=4.68 价=16.89 涨=3.81%  PE=13.37(None%) PB=3.59(None%)
2026-07-31 19:24:45  [ 39] 00267 中信股份  完成  日J=96.87 周J=48.58 月J=33.54 价=12.37 涨=-0.48%  PE=5.53(None%) PB=0.42(None%)
2026-07-31 19:24:46  [ 40] 00016 新鸿基地产  完成  日J=67.04 周J=60.8 月J=41.26 价=123.2 涨=1.07%  PE=16.23(None%) PB=0.57(None%)
2026-07-31 19:24:47  [ 41] 06809 澜起科技  完成  日J=12.93 周J=1.03 月J=55.4 价=269.0 涨=7.0%  PE=114.58(None%) PB=13.93(None%)
2026-07-31 19:24:48  [ 42] 03986 兆易创新  完成  日J=20.06 周J=-15.25 月J=40.94 价=459.0 涨=7.19%  PE=99.87(None%) PB=11.24(None%)
2026-07-31 19:24:50  [ 43] 02259 紫金黄金国际  完成  日J=77.38 周J=72.74 月J=-4.64 价=118.2 涨=0.0%  PE=25.38(None%) PB=4.85(None%)
2026-07-31 19:24:51  [ 44] 06160 百济神州  完成  日J=43.64 周J=101.35 月J=31.63 价=194.0 涨=-1.07%  PE=74.67(None%) PB=8.81(None%)
2026-07-31 19:24:52  [ 45] 02378 保诚  完成  日J=98.18 周J=102.76 月J=37.63 价=118.6 涨=2.15%  PE=9.59(None%) PB=1.93(None%)
2026-07-31 19:24:54  [ 46] 00992 联想集团  完成  日J=34.81 周J=52.33 月J=94.09 价=23.86 涨=9.75%  PE=19.75(None%) PB=4.95(None%)
2026-07-31 19:24:55  [ 47] 02601 中国太保  完成  日J=75.37 周J=65.02 月J=4.43 价=30.56 涨=-2.49%  PE=4.89(None%) PB=0.81(None%)
2026-07-31 19:24:56  [ 48] 02338 潍柴动力  完成  日J=61.83 周J=15.01 月J=61.07 价=32.94 涨=7.58%  PE=22.48(None%) PB=2.66(None%)
2026-07-31 19:24:58  [ 49] 00001 长和  完成  日J=91.12 周J=99.94 月J=89.31 价=73.6 涨=0.89%  PE=23.81(None%) PB=0.5(None%)
2026-07-31 19:24:59  [ 50] 02611 国泰海通  完成  日J=24.04 周J=69.3 月J=23.02 价=14.93 涨=-0.99%  PE=10.63(None%) PB=0.71(None%)
2026-07-31 19:25:00  [ 51] 01339 中国人民保险集团  完成  日J=91.48 周J=88.18 月J=-1.33 价=5.46 涨=-1.27%  PE=5.11(None%) PB=0.67(None%)
2026-07-31 19:25:02  [ 52] 00669 创科实业  完成  日J=68.55 周J=80.1 月J=98.06 价=132.0 涨=1.38%  PE=25.87(None%) PB=4.46(None%)
2026-07-31 19:25:03  [ 53] 01378 中国宏桥  完成  日J=87.46 周J=48.3 月J=-3.73 价=24.54 涨=2.08%  PE=9.62(None%) PB=1.66(None%)
2026-07-31 19:25:04  [ 54] 01919 中远海控  完成  日J=81.31 周J=111.77 月J=59.13 价=15.77 涨=-0.32%  PE=8.55(None%) PB=0.9(None%)
2026-07-31 19:25:06  [ 55] 01109 华润置地  完成  日J=29.86 周J=42.27 月J=40.61 价=33.2 涨=-2.35%  PE=8.41(None%) PB=0.74(None%)
2026-07-31 19:25:07  [ 56] 01347 华虹宏力  完成  日J=5.11 周J=-5.68 月J=59.63 价=128.3 涨=2.23%  PE=396.76(None%) PB=4.23(None%)
2026-07-31 19:25:08  [ 57] 02020 安踏体育  完成  日J=74.11 周J=101.95 月J=39.92 价=78.95 涨=-0.82%  PE=14.68(None%) PB=3.03(None%)
2026-07-31 19:25:09  [ 58] 09992 泡泡玛特  完成  日J=28.06 周J=36.22 月J=3.13 价=162.6 涨=-0.37%  PE=15.31(None%) PB=8.85(None%)
2026-07-31 19:25:11  [ 59] 00175 吉利汽车  完成  日J=82.83 周J=82.88 月J=32.45 价=19.8 涨=-3.23%  PE=12.39(None%) PB=1.98(None%)
2026-07-31 19:25:12  [ 60] 06690 海尔智家  完成  日J=91.92 周J=97.97 月J=16.33 价=22.6 涨=-0.53%  PE=10.11(None%) PB=1.49(None%)
2026-07-31 19:25:13  [ 61] 00066 港铁公司  完成  日J=84.71 周J=92.99 月J=38.27 价=33.12 涨=-0.78%  PE=14.05(None%) PB=1.07(None%)
2026-07-31 19:25:15  [ 62] 00762 中国联通  完成  日J=56.04 周J=34.16 月J=7.31 价=6.72 涨=-0.88%  PE=9.28(None%) PB=0.5(None%)
2026-07-31 19:25:16  [ 63] 00002 中电控股  完成  日J=92.15 周J=110.2 月J=91.25 价=78.1 涨=-0.13%  PE=18.85(None%) PB=1.83(None%)
2026-07-31 19:25:17  [ 64] 03692 翰森制药  完成  日J=22.8 周J=68.67 月J=1.77 价=32.18 涨=-0.49%  PE=31.73(None%) PB=4.98(None%)
2026-07-31 19:25:18  [ 65] 06031 三一重工  完成  日J=82.84 周J=70.18 月J=13.63 价=21.1 涨=0.57%  PE=20.55(None%) PB=1.89(None%)
2026-07-31 19:25:19  [ 66] 03288 海天味业  完成  日J=76.37 周J=92.51 月J=37.23 价=32.88 涨=-2.66%  PE=23.54(None%) PB=4.04(None%)
2026-07-31 19:25:21  [ 67] 02714 牧原股份  完成  日J=42.41 周J=78.2 月J=4.24 价=33.12 涨=-1.37%  PE=17.54(None%) PB=1.96(None%)
2026-07-31 19:25:22  [ 68] 01024 快手-W  完成  日J=45.24 周J=40.81 月J=-9.12 价=43.7 涨=1.77%  PE=9.65(None%) PB=2.04(None%)
2026-07-31 19:25:24  [ 69] 06818 中国光大银行  完成  日J=73.01 周J=48.34 月J=12.77 价=3.19 涨=-2.45%  PE=4.44(None%) PB=0.33(None%)
2026-07-31 19:25:25  [ 70] 02476 胜宏科技  完成  日J=10.75 周J=-9.45 月J=None 价=184.4 涨=9.57%  PE=34.61(None%) PB=8.16(None%)
2026-07-31 19:25:26  [ 71] 06936 顺丰控股  完成  日J=93.14 周J=112.65 月J=45.18 价=33.82 涨=-0.65%  PE=13.95(None%) PB=1.5(None%)
2026-07-31 19:25:27  [ 72] 00788 中国铁塔  完成  日J=99.66 周J=93.04 月J=8.6 价=10.03 涨=-0.2%  PE=13.71(None%) PB=0.78(None%)
2026-07-31 19:25:29  [ 73] 01113 长实集团  完成  日J=52.54 周J=81.95 月J=56.39 价=47.84 涨=-1.44%  PE=15.44(None%) PB=0.42(None%)
2026-07-31 19:25:30  [ 74] 02269 药明生物  完成  日J=47.98 周J=95.98 月J=46.64 价=38.74 涨=2.49%  PE=29.54(None%) PB=3.06(None%)
2026-07-31 19:25:31  [ 75] 01988 民生银行  完成  日J=89.2 周J=108.28 月J=20.17 价=3.63 涨=-1.09%  PE=4.81(None%) PB=0.24(None%)
2026-07-31 19:25:32  [ 76] 01038 长江基建集团  完成  日J=69.09 周J=104.29 月J=60.57 价=62.6 涨=0.08%  PE=19.08(None%) PB=1.23(None%)
2026-07-31 19:25:34  [ 77] 03606 福耀玻璃  完成  日J=91.89 周J=96.18 月J=22.69 价=59.4 涨=0.76%  PE=15.43(None%) PB=3.5(None%)
2026-07-31 19:25:35  [ 78] 09973 奇瑞汽车  完成  日J=95.28 周J=49.22 月J=26.18 价=26.68 涨=0.6%  PE=7.47(None%) PB=2.48(None%)
2026-07-31 19:25:36  [ 79] 06886 华泰证券  完成  日J=18.88 周J=51.8 月J=16.93 价=16.89 涨=0.24%  PE=7.77(None%) PB=0.76(None%)
2026-07-31 19:25:38  [ 80] 01766 中国中车  完成  日J=92.78 周J=63.64 月J=15.83 价=5.26 涨=-1.31%  PE=9.99(None%) PB=0.76(None%)
2026-07-31 19:25:39  [ 81] 01801 信达生物  完成  日J=6.28 周J=67.29 月J=37.52 价=86.7 涨=-1.59%  PE=167.57(None%) PB=7.02(None%)
2026-07-31 19:25:40  [ 82] 01336 新华保险  完成  日J=56.67 周J=45.62 月J=1.25 价=48.36 涨=-0.37%  PE=3.67(None%) PB=1.08(None%)
2026-07-31 19:25:41  [ 83] 02423 贝壳-W  完成  日J=53.64 周J=73.92 月J=39.97 价=43.42 涨=0.05%  PE=39.47(None%) PB=2.1(None%)
2026-07-31 19:25:43  [ 84] 00027 银河娱乐  完成  日J=103.95 周J=105.17 月J=7.36 价=34.2 涨=-0.52%  PE=14.03(None%) PB=1.8(None%)
2026-07-31 19:25:44  [ 85] 00688 中国海外发展  完成  日J=45.46 周J=24.42 月J=35.14 价=13.51 涨=-2.1%  PE=10.52(None%) PB=0.34(None%)
2026-07-31 19:25:45  [ 86] 01816 中广核电力  完成  日J=48.81 周J=49.22 月J=6.23 价=2.89 涨=-0.69%  PE=13.72(None%) PB=1.02(None%)
2026-07-31 19:25:47  [ 87] 02600 中国铝业  完成  日J=68.83 周J=23.52 月J=-6.11 价=8.46 涨=1.44%  PE=8.82(None%) PB=1.59(None%)
2026-07-31 19:25:48  [ 88] 02057 中通快递-W  完成  日J=35.43 周J=82.01 月J=62.44 价=186.8 涨=-1.48%  PE=13.86(None%) PB=2.04(None%)
2026-07-31 19:25:49  [ 89] 01898 中煤能源  完成  日J=35.99 周J=26.91 月J=6.79 价=10.71 涨=-2.01%  PE=8.82(None%) PB=0.76(None%)
2026-07-31 19:25:51  [ 90] 01972 太古地产  完成  日J=91.34 周J=96.31 月J=24.52 价=23.9 涨=-1.32%  PE=-89.76(None%) PB=0.51(None%)
2026-07-31 19:25:52  [ 91] 00012 恒基地产  完成  日J=78.97 周J=52.62 月J=11.26 价=28.4 涨=-1.32%  PE=24.32(None%) PB=0.43(None%)
2026-07-31 19:25:53  [ 92] 01776 广发证券  完成  日J=26.98 周J=45.87 月J=36.21 价=17.08 涨=0.47%  PE=7.63(None%) PB=0.86(None%)
2026-07-31 19:25:55  [ 93] 00003 香港中华煤气  完成  日J=68.99 周J=82.84 月J=20.86 价=7.03 涨=-1.95%  PE=23.06(None%) PB=2.21(None%)
2026-07-31 19:25:56  [ 94] 01377 鼎泰高科  完成  日J=19.42 周J=None 月J=None 价=302.2 涨=12.18%  PE=183.97(None%) PB=37.7(None%)
2026-07-31 19:25:57  [ 95] 09987 百胜中国  完成  日J=83.28 周J=88.94 月J=23.05 价=372.8 涨=1.91%  PE=16.87(None%) PB=3.06(None%)
2026-07-31 19:25:59  [ 96] 06099 招商证券  完成  日J=26.41 周J=2.33 月J=47.35 价=14.57 涨=0.83%  PE=8.52(None%) PB=0.9(None%)
2026-07-31 19:26:00  [ 97] 00006 电能实业  完成  日J=66.72 周J=80.96 月J=47.97 价=59.05 涨=-0.08%  PE=20.18(None%) PB=1.39(None%)
2026-07-31 19:26:01  [ 98] 06618 京东健康  完成  日J=70.89 周J=92.47 月J=-7.28 价=39.4 涨=0.31%  PE=21.12(None%) PB=1.9(None%)
2026-07-31 19:26:02  [ 99] 01929 周大福  完成  日J=37.02 周J=64.94 月J=14.53 价=12.37 涨=2.23%  PE=13.55(None%) PB=3.94(None%)
2026-07-31 19:26:04  [100] 00358 江西铜业股份  完成  日J=56.14 周J=44.84 月J=6.01 价=35.18 涨=4.02%  PE=13.19(None%) PB=1.28(None%)
2026-07-31 19:26:04  全部完成，结果已写入 C:\Users\hailo\Desktop\每周自动指标\output_hk\2026-07-31\metrics_2026-07-31.csv
2026-07-31 19:26:04  步骤2完成 -> C:\Users\hailo\Desktop\每周自动指标\output_hk\2026-07-31\metrics_2026-07-31.csv
2026-07-31 19:26:04  步骤3: 生成 HTML 总结报告...
2026-07-31 19:26:04  步骤3完成 -> C:\Users\hailo\Desktop\每周自动指标\output_hk\2026-07-31\report_2026-07-31.html
2026-07-31 19:26:04  步骤4: 发送邮件报告...
2026-07-31 19:26:06  步骤4完成: 邮件已发送
2026-07-31 19:26:06  ===== 全部完成 2026-07-31 =====
