2026-08-17 19:00:10  ===== 开始每日指标任务 2026-08-17 =====
2026-08-17 19:00:10  步骤1: 获取 A股市值前100…
2026-08-17 19:00:10  步骤1完成 -> C:\Users\hailo\Desktop\每周自动指标\output\2026-08-17\top100_2026-08-17.csv
2026-08-17 19:00:10  步骤2: 计算 KDJ-J(日/周/月) 及 PE/PB 历史分位…
2026-08-17 19:00:13  [  1] 688825 长鑫科技  完成  日J=98.21 周J=None 月J=None 价=61.8 涨=12.0%  PE=146.59(100.0%) PB=50.58(100.0%)
2026-08-17 19:00:15  [  2] 601939 建设银行  完成  日J=95.76 周J=63.31 月J=84.4 价=10.3 涨=0.59%  PE=7.88(96.37%) PB=0.76(70.03%)
2026-08-17 19:00:16  [  3] 601398 工商银行  完成  日J=45.47 周J=52.06 月J=65.35 价=7.56 涨=0.0%  PE=7.26(87.86%) PB=0.68(53.25%)
2026-08-17 19:00:17  [  4] 601288 农业银行  完成  日J=33.77 周J=57.42 月J=21.52 价=6.46 涨=-0.15%  PE=7.68(88.86%) PB=0.8(75.0%)
2026-08-17 19:00:19  [  5] 600941 中国移动  完成  日J=41.89 周J=93.75 月J=54.1 价=96.02 涨=-1.73%  PE=15.8(49.28%) PB=1.46(31.66%)
2026-08-17 19:00:20  [  6] 601857 中国石油  完成  日J=21.47 周J=95.97 月J=29.65 价=10.67 涨=0.09%  PE=12.35(54.16%) PB=1.2(85.23%)
2026-08-17 19:00:21  [  7] 601988 中国银行  完成  日J=84.7 周J=68.85 月J=83.87 价=5.9 涨=0.34%  PE=7.75(96.37%) PB=0.7(79.97%)
2026-08-17 19:00:23  [  8] 300750 宁德时代  完成  日J=58.5 周J=94.15 月J=43.95 价=399.98 涨=1.54%  PE=21.77(17.26%) PB=4.88(33.67%)
2026-08-17 19:00:24  [  9] 600519 贵州茅台  完成  日J=34.17 周J=91.08 月J=38.41 价=1293.09 涨=-3.64%  PE=19.85(5.26%) PB=6.43(2.72%)
2026-08-17 19:00:26  [ 10] 600938 中国海油  完成  日J=78.39 周J=103.95 月J=20.85 价=32.89 涨=0.67%  PE=12.54(90.85%) PB=1.87(77.69%)
2026-08-17 19:00:28  [ 11] 601138 工业富联  完成  日J=73.32 周J=62.12 月J=44.76 价=68.23 涨=3.08%  PE=28.86(88.43%) PB=7.7(94.97%)
2026-08-17 19:00:29  [ 12] 300308 中际旭创  完成  日J=85.21 周J=19.36 月J=48.24 价=1001.03 涨=6.15%  PE=78.33(84.23%) PB=32.9(97.9%)
2026-08-17 19:00:31  [ 13] 688981 中芯国际  完成  日J=111.15 周J=21.44 月J=55.28 价=136.76 涨=2.93%  PE=232.05(94.45%) PB=7.82(94.38%)
2026-08-17 19:00:32  [ 14] 601628 中国人寿  完成  日J=28.93 周J=53.91 月J=22.04 价=37.6 涨=2.06%  PE=7.34(5.26%) PB=1.78(16.35%)
2026-08-17 19:00:33  [ 15] 601088 中国神华  完成  日J=96.65 周J=88.65 月J=48.17 价=44.79 涨=0.16%  PE=18.84(97.32%) PB=2.02(91.3%)
2026-08-17 19:00:35  [ 16] 600036 招商银行  完成  日J=-3.29 周J=71.12 月J=55.94 价=38.2 涨=-0.68%  PE=6.39(22.13%) PB=0.85(6.36%)
2026-08-17 19:00:36  [ 17] 601318 中国平安  完成  日J=-1.47 周J=68.45 月J=6.25 价=51.8 涨=0.1%  PE=7.06(3.63%) PB=0.92(15.2%)
2026-08-17 19:00:37  [ 18] 601899 紫金矿业  完成  日J=16.71 周J=94.47 月J=26.02 价=33.36 涨=2.55%  PE=14.38(16.73%) PB=4.5(83.94%)
2026-08-17 19:00:39  [ 19] 002594 比亚迪  完成  日J=25.26 周J=74.49 月J=41.3 价=89.88 涨=1.1%  PE=29.75(28.35%) PB=3.53(29.4%)
2026-08-17 19:00:40  [ 20] 688256 寒武纪  完成  日J=54.26 周J=9.53 月J=52.04 价=1156.0 涨=5.76%  PE=217.98(79.32%) PB=53.58(91.46%)
2026-08-17 19:00:41  [ 21] 600900 长江电力  完成  日J=50.79 周J=62.77 月J=84.51 价=27.96 涨=-0.5%  PE=18.96(49.28%) PB=3.0(69.74%)
2026-08-17 19:00:43  [ 22] 688041 海光信息  完成  日J=61.32 周J=8.46 月J=45.6 价=288.8 涨=2.78%  PE=213.65(78.09%) PB=26.46(90.53%)
2026-08-17 19:00:44  [ 23] 300502 新易盛  完成  日J=104.45 周J=30.69 月J=54.2 价=466.68 涨=4.15%  PE=60.59(64.1%) PB=31.93(97.85%)
2026-08-17 19:00:45  [ 24] 000333 美的集团  完成  日J=-4.11 周J=61.74 月J=74.44 价=82.61 涨=-0.51%  PE=14.26(47.94%) PB=2.71(34.7%)
2026-08-17 19:00:47  [ 25] 601328 交通银行  完成  日J=16.28 周J=68.49 月J=64.59 价=6.9 涨=0.29%  PE=6.32(83.65%) PB=0.52(47.61%)
2026-08-17 19:00:48  [ 26] 600028 中国石化  完成  日J=14.07 周J=76.29 月J=3.19 价=5.01 涨=0.2%  PE=17.04(84.89%) PB=0.73(32.55%)
2026-08-17 19:00:49  [ 27] 601728 中国电信  完成  日J=98.13 周J=115.26 月J=67.22 价=6.61 涨=0.61%  PE=19.1(78.39%) PB=1.29(70.53%)
2026-08-17 19:00:51  [ 28] 601658 邮储银行  完成  日J=0.35 周J=45.69 月J=31.13 价=4.91 涨=-0.2%  PE=6.71(55.4%) PB=0.57(4.81%)
2026-08-17 19:00:52  [ 29] 002371 北方华创  完成  日J=89.5 周J=28.58 月J=60.25 价=765.97 涨=3.7%  PE=99.69(48.23%) PB=14.15(88.19%)
2026-08-17 19:00:53  [ 30] 603259 药明康德  完成  日J=90.75 周J=104.21 月J=100.5 价=166.89 涨=4.8%  PE=22.98(34.36%) PB=5.98(52.36%)
2026-08-17 19:00:55  [ 31] 688347 华虹宏力  完成  日J=62.75 周J=8.85 月J=52.06 价=269.92 涨=6.59%  PE=950.62(80.25%) PB=10.37(95.78%)
2026-08-17 19:00:56  [ 32] 002475 立讯精密  完成  日J=100.02 周J=19.33 月J=36.25 价=58.84 涨=3.99%  PE=26.45(38.29%) PB=5.15(42.26%)
2026-08-17 19:00:57  [ 33] 688235 百济神州  完成  日J=55.01 周J=85.61 月J=65.49 价=289.9 涨=0.76%  PE=104.43(90.37%) PB=13.54(83.48%)
2026-08-17 19:01:00  [ 34] 600030 中信证券  完成  日J=22.95 周J=26.21 月J=77.57 价=27.54 涨=0.84%  PE=12.77(9.13%) PB=1.48(46.22%)
2026-08-17 19:01:02  [ 35] 601998 中信银行  完成  日J=75.93 周J=89.77 月J=50.14 价=7.69 涨=-0.13%  PE=6.01(68.93%) PB=0.58(60.23%)
2026-08-17 19:01:03  [ 36] 603993 洛阳钼业  完成  日J=7.8 周J=55.49 月J=12.01 价=19.13 涨=3.74%  PE=16.95(24.67%) PB=4.61(92.64%)
2026-08-17 19:01:05  [ 37] 002384 东山精密  完成  日J=105.9 周J=32.41 月J=62.88 价=217.66 涨=6.08%  PE=195.42(97.51%) PB=17.61(98.09%)
2026-08-17 19:01:06  [ 38] 601166 兴业银行  完成  日J=-4.25 周J=62.33 月J=39.44 价=17.83 涨=-1.11%  PE=4.87(30.78%) PB=0.45(5.16%)
2026-08-17 19:01:07  [ 39] 688012 中微公司  完成  日J=103.69 周J=32.47 月J=65.18 价=387.82 涨=3.46%  PE=136.13(72.73%) PB=15.28(78.67%)
2026-08-17 19:01:09  [ 40] 600183 生益科技  完成  日J=88.82 周J=40.24 月J=55.75 价=144.49 涨=0.89%  PE=67.57(97.28%) PB=18.97(98.57%)
2026-08-17 19:01:10  [ 41] 600276 恒瑞医药  完成  日J=21.99 周J=58.18 月J=34.0 价=52.87 涨=0.48%  PE=43.22(4.54%) PB=5.52(3.06%)
2026-08-17 19:01:12  [ 42] 002415 海康威视  完成  日J=-8.57 周J=55.16 月J=78.94 价=35.09 涨=0.6%  PE=19.57(9.7%) PB=3.81(23.37%)
2026-08-17 19:01:13  [ 43] 601211 国泰海通  完成  日J=49.88 周J=25.24 月J=46.88 价=18.04 涨=0.5%  PE=14.45(58.6%) PB=0.97(31.02%)
2026-08-17 19:01:14  [ 44] 688802 沐曦股份-U  完成  日J=93.34 周J=21.09 月J=67.68 价=786.0 涨=5.08%  PE=-479.55(12.42%) PB=24.01(81.99%)
2026-08-17 19:01:15  [ 45] 300394 天孚通信  完成  日J=102.0 周J=67.73 月J=50.22 价=286.56 涨=7.04%  PE=143.93(98.47%) PB=52.27(98.85%)
2026-08-17 19:01:17  [ 46] 601869 长飞光纤  完成  日J=104.38 周J=24.98 月J=47.1 价=376.54 涨=6.01%  PE=269.4(95.05%) PB=21.9(97.29%)
2026-08-17 19:01:18  [ 47] 603986 兆易创新  完成  日J=107.9 周J=3.46 月J=31.97 价=444.0 涨=6.35%  PE=108.39(58.6%) PB=12.33(79.16%)
2026-08-17 19:01:19  [ 48] 300059 东方财富  完成  日J=2.94 周J=33.78 月J=27.57 价=19.58 涨=0.56%  PE=23.64(4.54%) PB=3.24(10.71%)
2026-08-17 19:01:21  [ 49] 601319 中国人保  完成  日J=12.97 周J=49.21 月J=5.64 价=6.91 涨=0.73%  PE=7.17(5.32%) PB=0.96(13.46%)
2026-08-17 19:01:22  [ 50] 600000 浦发银行  完成  日J=-2.01 周J=69.69 月J=21.42 价=9.04 涨=-0.66%  PE=5.88(63.29%) PB=0.4(25.81%)
2026-08-17 19:01:24  [ 51] 601601 中国太保  完成  日J=3.69 周J=64.8 月J=3.3 价=30.15 涨=0.77%  PE=5.38(0.91%) PB=0.91(6.98%)
2026-08-17 19:01:25  [ 52] 688820 盛合晶微  完成  日J=95.72 周J=21.54 月J=33.6 价=153.1 涨=10.97%  PE=289.36(43.21%) PB=19.72(43.21%)
2026-08-17 19:01:26  [ 53] 000858 五 粮 液  完成  日J=-0.87 周J=60.73 月J=11.4 价=72.55 涨=-1.63%  PE=22.35(29.45%) PB=2.2(0.19%)
2026-08-17 19:01:27  [ 54] 688795 摩尔线程-U  完成  日J=56.13 周J=18.37 月J=25.0 价=590.0 涨=2.26%  PE=-374.04(15.98%) PB=22.77(15.98%)
2026-08-17 19:01:29  [ 55] 688008 澜起科技  完成  日J=93.74 周J=16.44 月J=48.84 价=224.37 涨=5.88%  PE=107.07(81.88%) PB=13.14(85.66%)
2026-08-17 19:01:30  [ 56] 300476 胜宏科技  完成  日J=92.76 周J=53.73 月J=23.31 价=276.0 涨=2.48%  PE=57.96(87.48%) PB=15.59(92.83%)
2026-08-17 19:01:31  [ 57] 002916 深南电路  完成  日J=87.07 周J=45.23 月J=60.47 价=392.9 涨=3.94%  PE=73.64(98.52%) PB=14.79(95.17%)
2026-08-17 19:01:33  [ 58] 000338 潍柴动力  完成  日J=60.44 周J=95.8 月J=69.12 价=30.81 涨=3.91%  PE=23.55(97.61%) PB=2.79(95.32%)
2026-08-17 19:01:34  [ 59] 300408 三环集团  完成  日J=60.97 周J=39.62 月J=62.48 价=130.15 涨=0.82%  PE=90.34(99.09%) PB=11.6(99.09%)
2026-08-17 19:01:36  [ 60] 002379 宏桥控股  完成  日J=50.51 周J=87.99 月J=11.41 价=19.64 涨=1.81%  PE=12.99(72.85%) PB=4.9(83.27%)
2026-08-17 19:01:37  [ 61] 600150 中国船舶  完成  日J=-1.15 周J=32.66 月J=28.59 价=33.65 涨=0.69%  PE=22.4(26.1%) PB=1.69(20.65%)
2026-08-17 19:01:38  [ 62] 300274 阳光电源  完成  日J=86.38 周J=26.73 月J=4.74 价=118.8 涨=1.78%  PE=20.65(44.17%) PB=5.06(51.58%)
2026-08-17 19:01:40  [ 63] 601225 陕西煤业  完成  日J=63.2 周J=94.89 月J=65.38 价=25.23 涨=-0.55%  PE=15.13(98.37%) PB=2.4(85.18%)
2026-08-17 19:01:41  [ 64] 601919 中远海控  完成  日J=74.62 周J=110.86 月J=74.36 价=15.97 涨=3.77%  PE=9.73(59.99%) PB=1.03(38.29%)
2026-08-17 19:01:42  [ 65] 002463 沪电股份  完成  日J=80.03 周J=38.22 月J=58.44 价=125.09 涨=3.15%  PE=55.96(98.09%) PB=14.34(98.23%)
2026-08-17 19:01:44  [ 66] 601816 京沪高铁  完成  日J=-1.63 周J=83.43 月J=76.14 价=4.88 涨=-0.41%  PE=17.88(2.13%) PB=1.13(2.19%)
2026-08-17 19:01:45  [ 67] 688808 联讯仪器  完成  日J=92.74 周J=54.89 月J=58.96 价=2255.0 涨=1.53%  PE=847.33(84.62%) PB=225.63(84.62%)
2026-08-17 19:01:47  [ 68] 600309 万华化学  完成  日J=-9.43 周J=70.22 月J=16.53 价=73.13 涨=0.12%  PE=17.39(60.95%) PB=2.06(8.46%)
2026-08-17 19:01:48  [ 69] 002938 鹏鼎控股  完成  日J=67.63 周J=41.56 月J=63.58 价=98.5 涨=3.29%  PE=60.26(98.07%) PB=6.64(97.65%)
2026-08-17 19:01:49  [ 70] 002714 牧原股份  完成  日J=60.86 周J=89.87 月J=30.55 价=39.29 涨=0.0%  PE=23.19(68.45%) PB=2.63(2.25%)
2026-08-17 19:01:51  [ 71] 000725 京东方Ａ  完成  日J=77.31 周J=0.97 月J=42.54 价=6.08 涨=4.65%  PE=37.85(58.08%) PB=1.65(74.76%)
2026-08-17 19:01:52  [ 72] 000651 格力电器  完成  日J=12.93 周J=63.7 月J=79.09 价=39.89 涨=-0.03%  PE=7.66(24.14%) PB=1.47(3.97%)
2026-08-17 19:01:54  [ 73] 600188 兖矿能源  完成  日J=93.29 周J=95.63 月J=54.29 价=22.09 涨=-0.45%  PE=23.21(98.71%) PB=2.9(89.24%)
2026-08-17 19:01:55  [ 74] 000001 平安银行  完成  日J=-6.5 周J=76.23 月J=77.69 价=11.1 涨=-0.09%  PE=4.96(25.33%) PB=0.46(4.16%)
2026-08-17 19:01:56  [ 75] 600919 江苏银行  完成  日J=35.39 周J=90.12 月J=99.71 价=11.62 涨=-0.34%  PE=5.9(76.29%) PB=0.81(88.0%)
2026-08-17 19:01:58  [ 76] 002142 宁波银行  完成  日J=86.9 周J=92.87 月J=82.68 价=32.19 涨=-0.03%  PE=7.06(32.65%) PB=0.91(29.02%)
2026-08-17 19:01:59  [ 77] 688072 拓荆科技  完成  日J=97.04 周J=29.12 月J=62.86 价=719.01 涨=4.48%  PE=127.11(81.71%) PB=28.84(97.43%)
2026-08-17 19:02:01  [ 78] 603288 海天味业  完成  日J=-1.97 周J=62.36 月J=48.38 价=35.42 涨=-1.12%  PE=28.47(1.58%) PB=4.93(1.58%)
2026-08-17 19:02:02  [ 79] 600690 海尔智家  完成  日J=7.84 周J=61.86 月J=22.93 价=21.49 涨=-1.24%  PE=10.77(4.45%) PB=1.61(3.44%)
2026-08-17 19:02:04  [ 80] 301666 大普微-UW  完成  日J=88.01 周J=7.99 月J=22.39 价=458.5 涨=4.93%  PE=15407.01(33.33%) PB=249.36(33.33%)
2026-08-17 19:02:05  [ 81] 601066 中信建投  完成  日J=25.51 周J=-0.29 月J=54.71 价=25.77 涨=0.9%  PE=17.75(7.42%) PB=2.32(19.69%)
2026-08-17 19:02:06  [ 82] 688498 源杰科技  完成  日J=102.38 周J=49.42 月J=65.9 价=1595.01 涨=5.0%  PE=557.74(74.24%) PB=78.65(97.51%)
2026-08-17 19:02:08  [ 83] 301377 鼎泰高科  完成  日J=89.89 周J=27.54 月J=53.37 价=462.9 涨=3.37%  PE=315.77(97.68%) PB=67.65(97.68%)
2026-08-17 19:02:09  [ 84] 300604 长川科技  完成  日J=101.63 周J=33.09 月J=68.81 价=302.57 涨=6.9%  PE=124.19(54.73%) PB=38.35(99.43%)
2026-08-17 19:02:10  [ 85] 300433 蓝思科技  完成  日J=103.19 周J=6.98 月J=32.49 价=36.99 涨=3.5%  PE=56.77(83.7%) PB=3.58(82.27%)
2026-08-17 19:02:12  [ 86] 003816 中国广核  完成  日J=0.92 周J=28.46 月J=13.15 价=3.86 涨=0.26%  PE=20.55(83.56%) PB=1.55(53.81%)
2026-08-17 19:02:13  [ 87] 600406 国电南瑞  完成  日J=0.6 周J=70.18 月J=14.29 价=23.55 涨=1.38%  PE=22.73(20.08%) PB=3.54(28.92%)
2026-08-17 19:02:14  [ 88] 603268 松发股份  完成  日J=77.73 周J=98.46 月J=90.76 价=183.3 涨=2.25%  PE=53.44(68.74%) PB=17.71(87.33%)
2026-08-17 19:02:16  [ 89] 001399 惠科股份  完成  日J=68.65 周J=0.84 月J=None 价=25.13 涨=6.08%  PE=49.18(48.65%) PB=7.05(48.65%)
2026-08-17 19:02:17  [ 90] 600176 中国巨石  完成  日J=101.99 周J=13.3 月J=42.33 价=46.32 涨=4.35%  PE=48.51(98.76%) PB=5.74(98.95%)
2026-08-17 19:02:18  [ 91] 601898 中煤能源  完成  日J=56.7 周J=77.08 月J=9.37 价=13.97 涨=-0.57%  PE=10.43(50.81%) PB=1.13(87.14%)
2026-08-17 19:02:20  [ 92] 601336 新华保险  完成  日J=17.66 周J=41.03 月J=3.65 价=58.55 涨=1.33%  PE=4.95(0.67%) PB=1.48(41.35%)
2026-08-17 19:02:21  [ 93] 300760 迈瑞医疗  完成  日J=17.72 周J=75.41 月J=26.74 价=149.71 涨=-0.51%  PE=23.15(4.31%) PB=4.52(1.84%)
2026-08-17 19:02:23  [ 94] 601985 中国核电  完成  日J=3.61 周J=32.78 月J=66.96 价=8.77 涨=-0.11%  PE=21.91(82.89%) PB=1.5(25.67%)
2026-08-17 19:02:24  [ 95] 601668 中国建筑  完成  日J=-8.32 周J=57.97 月J=38.25 价=4.36 涨=-0.91%  PE=4.75(43.45%) PB=0.36(0.1%)
2026-08-17 19:02:25  [ 96] 301308 江波龙  完成  日J=79.82 周J=12.6 月J=30.06 价=419.26 涨=3.15%  PE=15.03(46.47%) PB=9.69(80.86%)
2026-08-17 19:02:27  [ 97] 600025 华能水电  完成  日J=0.92 周J=57.36 月J=58.82 价=9.56 涨=-0.52%  PE=20.86(68.88%) PB=2.51(68.64%)
2026-08-17 19:02:28  [ 98] 300033 同花顺  完成  日J=20.21 周J=48.34 月J=35.19 价=236.0 涨=2.49%  PE=53.17(52.72%) PB=25.41(95.6%)
2026-08-17 19:02:29  [ 99] 601818 光大银行  完成  日J=-5.7 周J=53.02 月J=35.34 价=2.99 涨=-0.33%  PE=4.67(34.75%) PB=0.35(0.33%)
2026-08-17 19:02:31  [100] 601688 华泰证券  完成  日J=45.19 周J=-3.7 月J=12.39 价=19.37 涨=-0.1%  PE=9.97(14.82%) PB=0.98(35.99%)
2026-08-17 19:02:31  全部完成，结果已写入 C:\Users\hailo\Desktop\每周自动指标\output\2026-08-17\metrics_2026-08-17.csv
2026-08-17 19:02:31  步骤2完成 -> C:\Users\hailo\Desktop\每周自动指标\output\2026-08-17\metrics_2026-08-17.csv
2026-08-17 19:02:31  步骤3: 生成 HTML 总结报告…
2026-08-17 19:02:31  步骤3完成 -> C:\Users\hailo\Desktop\每周自动指标\output\2026-08-17\report_2026-08-17.html
2026-08-17 19:02:31  步骤4: 生成个股股价走势图（含每日信号）…
2026-08-17 19:02:32  步骤4完成 -> C:\Users\hailo\Desktop\每周自动指标\output\stock_charts.html
2026-08-17 19:02:32  步骤5: 发送邮件报告…
2026-08-17 19:02:33  步骤5完成: 邮件已发送
2026-08-17 19:02:33  ===== 全部完成 2026-08-17 =====
