2026-08-24 18:31:41  ===== 开始每日ETF指标任务 2026-08-24 =====
2026-08-24 18:31:41  步骤1: 获取场内规模前100的ETF...
[  1] 510300 沪深300ETF华泰柏瑞  规模=1086.49亿  跟踪=沪深300指数  主题=沪深300
[  2] 588000 科创50ETF华夏  规模=841.55亿  跟踪=上证科创板50成份指数  主题=科创板
[  3] 512880 证券ETF国泰  规模=628.6亿  跟踪=中证全指证券公司指数  主题=证券
[  4] 159915 创业板ETF易方达  规模=613.46亿  跟踪=创业板指数(价格)  主题=创业板
[  5] 510310 沪深300ETF易方达  规模=514.83亿  跟踪=沪深300指数  主题=沪深300
[  6] 588200 科创芯片ETF嘉实  规模=484.05亿  跟踪=上证科创板芯片指数  主题=半导体
[  7] 588170 科创半导体ETF华夏  规模=441.37亿  跟踪=上证科创板半导体材料设备主题指数  主题=半导体
[  8] 159516 半导体设备ETF国泰  规模=433.51亿  跟踪=中证半导体材料设备主题指数  主题=半导体
[  9] 588080 科创50ETF易方达  规模=404.21亿  跟踪=上证科创板50成份指数  主题=科创板
[ 10] 510330 沪深300ETF华夏  规模=404.17亿  跟踪=沪深300指数  主题=沪深300
[ 11] 515880 通信ETF国泰  规模=402.89亿  跟踪=中证全指通信设备指数  主题=通信
[ 12] 563360 A500ETF华泰柏瑞  规模=401.79亿  跟踪=中证A500指数  主题=中证A500
[ 13] 510500 中证500ETF南方  规模=390.94亿  跟踪=中证500指数  主题=中证500
[ 14] 512000 券商ETF华宝  规模=383.07亿  跟踪=中证全指证券公司指数  主题=证券
[ 15] 159352 A500ETF南方  规模=336.89亿  跟踪=中证A500指数  主题=中证A500
[ 16] 512890 红利低波ETF华泰柏瑞  规模=333.71亿  跟踪=中证红利低波动指数  主题=红利
[ 17] 159919 沪深300ETF嘉实  规模=300.48亿  跟踪=沪深300指数  主题=沪深300
[ 18] 159361 A500ETF易方达  规模=279.66亿  跟踪=中证A500指数  主题=中证A500
[ 19] 159995 芯片ETF华夏  规模=268.09亿  跟踪=国证半导体芯片指数  主题=半导体
[ 20] 512400 有色金属ETF南方  规模=258.87亿  跟踪=有色金属  主题=有色金属
[ 21] 159338 中证A500ETF国泰  规模=253.49亿  跟踪=中证A500指数  主题=中证A500
[ 22] 512170 医疗ETF华宝  规模=241.55亿  跟踪=中证医疗指数  主题=医药
[ 23] 159949 创业板50ETF华安  规模=240.08亿  跟踪=创业板50指数  主题=创业板
[ 24] 510050 上证50ETF华夏  规模=218.23亿  跟踪=上证50指数  主题=上证50
[ 25] 159558 半导体设备ETF易方达  规模=215.8亿  跟踪=中证半导体材料设备主题指数  主题=半导体
[ 26] 510880 红利ETF华泰柏瑞  规模=205.43亿  跟踪=上证红利指数  主题=红利
[ 27] 159326 电网设备ETF华夏  规模=204.4亿  跟踪=中证电网设备主题指数  主题=其他
[ 28] 159819 人工智能ETF易方达  规模=202.35亿  跟踪=中证人工智能主题指数  主题=人工智能
[ 29] 512100 中证1000ETF南方  规模=199.77亿  跟踪=中证1000指数  主题=中证1000
[ 30] 515450 红利低波50ETF南方  规模=199.45亿  跟踪=标普中国A股大盘红利低波50指数  主题=红利
[ 31] 512050 A500ETF华夏  规模=196.68亿  跟踪=中证A500指数  主题=中证A500
[ 32] 512480 半导体ETF国联安  规模=193.94亿  跟踪=中证全指半导体产品与设备指数  主题=半导体
[ 33] 515180 红利ETF易方达  规模=185.24亿  跟踪=中证红利指数  主题=红利
[ 34] 562500 机器人ETF华夏  规模=174.89亿  跟踪=中证机器人指数  主题=机器人
[ 35] 515050 通信ETF华夏  规模=173.35亿  跟踪=中证5G通信主题指数  主题=通信
[ 36] 510180 上证180ETF华安  规模=172.92亿  跟踪=上证180指数  主题=上证180
[ 37] 517520 黄金股ETF永赢  规模=168.88亿  跟踪=中证沪深港黄金产业股票指数  主题=黄金
[ 38] 159530 机器人ETF易方达  规模=167.72亿  跟踪=国证机器人产业指数  主题=机器人
[ 39] 159781 科创创业ETF易方达  规模=167.27亿  跟踪=中证科创创业50指数  主题=科创板
[ 40] 159201 自由现金流ETF华夏  规模=162.94亿  跟踪=国证自由现金流指数  主题=货币市场
[ 41] 159992 创新药ETF银华  规模=162.86亿  跟踪=中证创新药产业指数  主题=医药
[ 42] 510210 上证指数ETF富国  规模=155.08亿  跟踪=上证综合指数  主题=其他
[ 43] 512010 医药ETF易方达  规模=152.43亿  跟踪=沪深300医药卫生指数  主题=医药
[ 44] 159928 消费ETF汇添富  规模=152.2亿  跟踪=中证主要消费指数  主题=消费
[ 45] 515220 煤炭ETF国泰  规模=144.36亿  跟踪=中证煤炭指数  主题=煤炭
[ 46] 560780 半导体设备ETF广发  规模=137.47亿  跟踪=中证半导体材料设备主题指数  主题=半导体
[ 47] 512690 酒ETF鹏华  规模=136.01亿  跟踪=中证酒指数  主题=白酒
[ 48] 512070 证券保险ETF易方达  规模=135.02亿  跟踪=沪深300非银行金融指数  主题=证券
[ 49] 159870 化工ETF鹏华  规模=132.86亿  跟踪=细分化工  主题=化工
[ 50] 159206 卫星ETF永赢  规模=131.02亿  跟踪=国证商用卫星通信产业指数  主题=通信
[ 51] 563020 红利低波ETF易方达  规模=128.83亿  跟踪=中证红利低波动指数  主题=红利
[ 52] 159841 证券ETF天弘  规模=119.9亿  跟踪=中证全指证券公司指数  主题=证券
[ 53] 513630 港股低波红利ETF摩根  规模=119.45亿  跟踪=标普港股通低波红利指数  主题=红利
[ 54] 588710 科创半导体设备ETF华泰柏瑞  规模=117.91亿  跟踪=上证科创板半导体材料设备主题指数  主题=半导体
[ 55] 515080 中证红利ETF招商  规模=115.6亿  跟踪=中证红利指数  主题=红利
[ 56] 159952 创业板ETF广发  规模=110.22亿  跟踪=创业板指数(价格)  主题=创业板
[ 57] 515120 创新药ETF广发  规模=109.28亿  跟踪=中证创新药产业指数  主题=医药
[ 58] 563800 A500ETF广发  规模=107.77亿  跟踪=中证A500指数  主题=中证A500
[ 59] 588050 科创50ETF工银  规模=105.57亿  跟踪=上证科创板50成份指数  主题=科创板
[ 60] 512800 银行ETF华宝  规模=104.07亿  跟踪=中证银行指数  主题=银行
[ 61] 512760 芯片ETF国泰  规模=101.63亿  跟踪=中华交易服务半导体芯片行业人民币指数  主题=半导体
[ 62] 516650 有色金属ETF华夏  规模=100.17亿  跟踪=细分有色  主题=有色金属
[ 63] 159611 电力ETF广发  规模=98.4亿  跟踪=中证全指电力公用事业指数  主题=电力
[ 64] 159842 券商ETF银华  规模=94.07亿  跟踪=中证全指证券公司指数  主题=证券
[ 65] 560860 工业有色ETF万家  规模=92.7亿  跟踪=中证工业有色金属主题指数  主题=有色金属
[ 66] 562590 半导体设备ETF华夏  规模=91.91亿  跟踪=中证半导体材料设备主题指数  主题=半导体
[ 67] 159852 软件ETF嘉实  规模=91.88亿  跟踪=中证软件服务指数  主题=计算机
[ 68] 159351 A500ETF嘉实  规模=86.6亿  跟踪=中证A500指数  主题=中证A500
[ 69] 159922 中证500ETF嘉实  规模=85.86亿  跟踪=中证500指数  主题=中证500
[ 70] 159869 游戏ETF华夏  规模=85.49亿  跟踪=中证动漫游戏指数  主题=传媒
[ 71] 563220 A500ETF富国  规模=83.03亿  跟踪=中证A500指数  主题=中证A500
[ 72] 515330 沪深300ETF天弘  规模=82.05亿  跟踪=沪深300指数  主题=沪深300
[ 73] 512500 中证500ETF华夏  规模=79.86亿  跟踪=中证500指数  主题=中证500
[ 74] 515070 人工智能ETF华夏  规模=79.44亿  跟踪=中证人工智能主题指数  主题=人工智能
[ 75] 512900 证券ETF南方  规模=79.13亿  跟踪=中证全指证券公司指数  主题=证券
[ 76] 159755 电池ETF广发  规模=78.88亿  跟踪=国证新能源车电池指数  主题=新能源
[ 77] 588750 科创芯片ETF汇添富  规模=73.81亿  跟踪=上证科创板芯片指数  主题=半导体
[ 78] 159307 红利低波100ETF博时  规模=73.28亿  跟踪=中证红利低波动100指数  主题=红利
[ 79] 588060 科创50ETF广发  规模=72.76亿  跟踪=上证科创板50成份指数  主题=科创板
[ 80] 512710 军工龙头ETF富国  规模=70.27亿  跟踪=中证军工龙头指数  主题=军工
[ 81] 588220 科创100ETF鹏华  规模=69.85亿  跟踪=上证科创板100指数  主题=科创板
[ 82] 159263 价值ETF易方达  规模=69.15亿  跟踪=国证价值100指数  主题=价值
[ 83] 159363 创业板人工智能ETF华宝  规模=68.79亿  跟踪=创业板人工智能指数  主题=人工智能
[ 84] 159157 有色金属ETF天弘  规模=68.1亿  跟踪=中证工业有色金属主题指数  主题=有色金属
[ 85] 159845 中证1000ETF华夏  规模=67.36亿  跟踪=中证1000指数  主题=中证1000
[ 86] 516150 稀土ETF嘉实  规模=66.51亿  跟踪=中证稀土产业指数  主题=有色金属
[ 87] 159813 半导体ETF鹏华  规模=64.45亿  跟踪=国证半导体芯片指数  主题=半导体
[ 88] 159865 养殖ETF国泰  规模=64.32亿  跟踪=中证畜牧养殖指数  主题=农业
[ 89] 512660 军工ETF国泰  规模=64.22亿  跟踪=中证军工指数  主题=军工
[ 90] 159977 创业板ETF天弘  规模=63.18亿  跟踪=创业板指数(价格)  主题=创业板
[ 91] 159562 黄金股ETF华夏  规模=62.53亿  跟踪=中证沪深港黄金产业股票指数  主题=黄金
[ 92] 560610 A500ETF招商  规模=62.22亿  跟踪=中证A500指数  主题=中证A500
[ 93] 515980 人工智能ETF华富  规模=60.38亿  跟踪=中证人工智能产业指数  主题=人工智能
[ 94] 512950 央企改革ETF华夏  规模=60.15亿  跟踪=中证央企结构调整指数  主题=央企国企
[ 95] 159851 金融科技ETF华宝  规模=59.47亿  跟踪=中证金融科技主题指数  主题=其他
[ 96] 159770 机器人ETF天弘  规模=59.45亿  跟踪=中证机器人指数  主题=机器人
[ 97] 563300 中证2000ETF华泰柏瑞  规模=59.19亿  跟踪=中证2000指数  主题=中证2000
[ 98] 560010 中证1000ETF广发  规模=58.31亿  跟踪=中证1000指数  主题=中证1000
[ 99] 159549 红利低波ETF天弘  规模=57.36亿  跟踪=中证红利低波动100指数  主题=红利
[100] 561980 半导体设备ETF招商  规模=57.22亿  跟踪=中证半导体产业指数  主题=半导体
2026-08-24 18:32:29  步骤1完成 -> C:\Users\hailo\Desktop\每周自动指标\output_etf\2026-08-24\etf_list_2026-08-24.csv
2026-08-24 18:32:29  步骤2: 计算 KDJ-J(日/周/月)...
2026-08-24 18:32:34  [  1] 510300 沪深300ETF华泰柏瑞  完成  日J=2.61 周J=15.61 月J=27.2 价=4.63 涨=-1.07%  PE=14.27(74.34%) PB=1.45(45.84%)
2026-08-24 18:32:35  [  2] 588000 科创50ETF华夏  完成  日J=-10.39 周J=-3.08 月J=33.93 价=1.69 涨=-3.15%  PE=75.13(77.44%) PB=7.61(89.7%)
2026-08-24 18:32:36  [  3] 512880 证券ETF国泰  完成  日J=10.63 周J=-0.65 月J=25.59 价=1.07 涨=0.38%  PE=14.79(8.34%) PB=1.26(13.72%)
2026-08-24 18:32:38  [  4] 159915 创业板ETF易方达  完成  日J=-1.25 周J=22.06 月J=26.8 价=3.46 涨=-2.81%  PE=41.77(45.72%) PB=5.81(68.76%)
2026-08-24 18:32:39  [  5] 588200 科创芯片ETF嘉实  完成  日J=-10.35 周J=4.41 月J=39.24 价=1.13 涨=-3.67%  PE=115.97(78.25%) PB=None(None%)
2026-08-24 18:32:41  [  6] 588170 科创半导体ETF华夏  完成  日J=0.68 周J=17.69 月J=51.44 价=1.01 涨=-0.2%  PE=43.47(82.7%) PB=None(None%)
2026-08-24 18:32:42  [  7] 159516 半导体设备ETF国泰  完成  日J=-11.08 周J=16.41 月J=50.16 价=0.72 涨=-1.23%  PE=112.9(95.52%) PB=None(None%)
2026-08-24 18:32:44  [  8] 515880 通信ETF国泰  完成  日J=15.63 周J=26.69 月J=31.94 价=0.65 涨=-3.99%  PE=47.67(89.78%) PB=None(None%)
2026-08-24 18:32:45  [  9] 563360 A500ETF华泰柏瑞  完成  日J=-2.18 周J=18.81 月J=25.3 价=1.27 涨=-1.32%  PE=16.19(69.65%) PB=None(None%)
2026-08-24 18:32:46  [ 10] 510500 中证500ETF南方  完成  日J=-2.75 周J=25.81 月J=31.3 价=7.74 涨=-1.6%  PE=27.4(70.81%) PB=2.43(0.0%)
2026-08-24 18:32:48  [ 11] 512890 红利低波ETF华泰柏瑞  完成  日J=116.15 周J=92.4 月J=76.27 价=1.19 涨=1.19%  PE=7.96(72.92%) PB=0.86(60.4%)
2026-08-24 18:32:49  [ 12] 159995 芯片ETF华夏  完成  日J=-9.72 周J=1.46 月J=31.52 价=1.12 涨=-3.36%  PE=None(None%) PB=None(None%)
2026-08-24 18:32:51  [ 13] 512400 有色金属ETF南方  完成  日J=62.09 周J=88.06 月J=10.39 价=1.95 涨=0.21%  PE=16.15(87.89%) PB=None(None%)
2026-08-24 18:32:52  [ 14] 512170 医疗ETF华宝  完成  日J=-1.57 周J=82.44 月J=37.94 价=0.34 涨=-2.58%  PE=28.74(26.15%) PB=3.6(16.32%)
2026-08-24 18:32:54  [ 15] 159949 创业板50ETF华安  完成  日J=-0.18 周J=20.72 月J=20.99 价=1.62 涨=-3.28%  PE=None(None%) PB=None(None%)
2026-08-24 18:32:55  [ 16] 510050 上证50ETF华夏  完成  日J=-3.66 周J=30.19 月J=26.54 价=2.98 涨=-0.43%  PE=11.58(78.85%) PB=1.24(54.72%)
2026-08-24 18:32:56  [ 17] 510880 红利ETF华泰柏瑞  完成  日J=102.1 周J=114.77 月J=84.83 价=3.44 涨=1.56%  PE=8.82(80.65%) PB=0.86(62.24%)
2026-08-24 18:32:58  [ 18] 159326 电网设备ETF华夏  完成  日J=-1.33 周J=24.54 月J=22.31 价=1.66 涨=-1.84%  PE=12.64(85.47%) PB=None(None%)
2026-08-24 18:32:59  [ 19] 159819 人工智能ETF易方达  完成  日J=-6.8 周J=-0.56 月J=30.32 价=1.68 涨=-4.17%  PE=46.05(53.71%) PB=None(None%)
2026-08-24 18:33:01  [ 20] 512100 中证1000ETF南方  完成  日J=-1.15 周J=37.83 月J=21.43 价=3.04 涨=-1.3%  PE=31.71(68.09%) PB=2.42(48.0%)
2026-08-24 18:33:02  [ 21] 515450 红利低波50ETF南方  完成  日J=101.47 周J=69.92 月J=68.14 价=1.41 涨=0.86%  PE=8.39(76.8%) PB=0.86(60.4%)
2026-08-24 18:33:04  [ 22] 512480 半导体ETF国联安  完成  日J=-10.3 周J=4.46 月J=35.11 价=1.01 涨=-3.07%  PE=87.48(82.46%) PB=None(None%)
2026-08-24 18:33:05  [ 23] 515180 红利ETF易方达  完成  日J=101.8 周J=115.14 月J=62.83 价=1.45 涨=1.4%  PE=8.59(61.66%) PB=0.84(48.72%)
2026-08-24 18:33:07  [ 24] 562500 机器人ETF华夏  完成  日J=-12.24 周J=8.1 月J=6.66 价=0.93 涨=-2.71%  PE=51.4(45.71%) PB=None(None%)
2026-08-24 18:33:09  [ 25] 515050 通信ETF华夏  完成  日J=5.24 周J=22.52 月J=35.35 价=1.0 涨=-4.76%  PE=47.51(90.4%) PB=None(None%)
2026-08-24 18:33:10  [ 26] 510180 上证180ETF华安  完成  日J=-5.81 周J=31.53 月J=20.75 价=3.91 涨=-1.09%  PE=12.09(67.83%) PB=1.23(42.48%)
2026-08-24 18:33:12  [ 27] 517520 黄金股ETF永赢  完成  日J=96.18 周J=113.0 月J=16.6 价=2.29 涨=0.88%  PE=21.07(46.57%) PB=None(None%)
2026-08-24 18:33:13  [ 28] 159530 机器人ETF易方达  完成  日J=-14.06 周J=7.38 月J=4.04 价=1.29 涨=-2.93%  PE=None(None%) PB=None(None%)
2026-08-24 18:33:15  [ 29] 159781 科创创业ETF易方达  完成  日J=-3.88 周J=3.98 月J=29.39 价=1.07 涨=-3.79%  PE=42.04(59.16%) PB=None(None%)
2026-08-24 18:33:16  [ 30] 159201 自由现金流ETF华夏  完成  日J=45.88 周J=106.7 月J=16.38 价=1.18 涨=0.0%  PE=None(None%) PB=None(None%)
2026-08-24 18:33:18  [ 31] 159992 创新药ETF银华  完成  日J=-5.64 周J=65.16 月J=59.74 价=0.85 涨=-4.82%  PE=28.56(32.71%) PB=None(None%)
2026-08-24 18:33:19  [ 32] 510210 上证指数ETF富国  完成  日J=-3.75 周J=56.32 月J=18.39 价=0.99 涨=-0.5%  PE=15.22(71.54%) PB=None(None%)
2026-08-24 18:33:21  [ 33] 512010 医药ETF易方达  完成  日J=-11.58 周J=68.61 月J=62.58 价=0.38 涨=-2.06%  PE=23.2(3.67%) PB=None(None%)
2026-08-24 18:33:23  [ 34] 159928 消费ETF汇添富  完成  日J=-0.18 周J=73.79 月J=28.49 价=0.66 涨=0.15%  PE=19.7(18.71%) PB=3.41(1.64%)
2026-08-24 18:33:25  [ 35] 515220 煤炭ETF国泰  完成  日J=92.9 周J=116.19 月J=48.89 价=1.31 涨=2.58%  PE=19.26(88.27%) PB=1.79(97.16%)
2026-08-24 18:33:26  [ 36] 512690 酒ETF鹏华  完成  日J=-11.25 周J=68.28 月J=21.66 价=0.42 涨=0.24%  PE=19.16(15.97%) PB=None(None%)
2026-08-24 18:33:28  [ 37] 512070 证券保险ETF易方达  完成  日J=60.24 周J=30.67 月J=11.58 价=0.79 涨=1.54%  PE=9.55(1.76%) PB=None(None%)
2026-08-24 18:33:29  [ 38] 159870 化工ETF鹏华  完成  日J=3.96 周J=46.9 月J=14.32 价=0.8 涨=-1.85%  PE=22.0(55.43%) PB=None(None%)
2026-08-24 18:33:31  [ 39] 159206 卫星ETF永赢  完成  日J=-15.3 周J=21.49 月J=-0.92 价=1.31 涨=-3.1%  PE=None(None%) PB=None(None%)
2026-08-24 18:33:32  [ 40] 513630 港股低波红利ETF摩根  完成  日J=106.59 周J=89.12 月J=41.8 价=1.6 涨=0.12%  PE=None(None%) PB=None(None%)
2026-08-24 18:33:34  [ 41] 512800 银行ETF华宝  完成  日J=114.86 周J=91.24 月J=85.56 价=0.83 涨=1.84%  PE=6.89(80.15%) PB=0.68(42.72%)
2026-08-24 18:33:35  [ 42] 512760 芯片ETF国泰  完成  日J=-9.93 周J=0.95 月J=34.46 价=1.07 涨=-3.08%  PE=85.59(67.93%) PB=None(None%)
2026-08-24 18:33:37  [ 43] 516650 有色金属ETF华夏  完成  日J=64.32 周J=93.94 月J=7.07 价=1.91 涨=0.42%  PE=19.92(26.77%) PB=None(None%)
2026-08-24 18:33:38  [ 44] 159611 电力ETF广发  完成  日J=13.64 周J=32.74 月J=5.16 价=1.03 涨=0.88%  PE=16.1(71.53%) PB=None(None%)
2026-08-24 18:33:40  [ 45] 560860 工业有色ETF万家  完成  日J=28.39 周J=70.79 月J=11.92 价=1.64 涨=0.31%  PE=59.71(23.61%) PB=None(None%)
2026-08-24 18:33:41  [ 46] 159852 软件ETF嘉实  完成  日J=-4.83 周J=34.25 月J=-5.68 价=0.66 涨=-2.37%  PE=53.0(43.85%) PB=None(None%)
2026-08-24 18:33:43  [ 47] 159869 游戏ETF华夏  完成  日J=-5.87 周J=58.1 月J=-3.84 价=1.06 涨=-1.03%  PE=19.13(12.09%) PB=None(None%)
2026-08-24 18:33:44  [ 48] 159755 电池ETF广发  完成  日J=1.67 周J=34.0 月J=1.59 价=0.96 涨=-0.62%  PE=25.23(37.04%) PB=3.45(48.76%)
2026-08-24 18:33:46  [ 49] 159307 红利低波100ETF博时  完成  日J=39.15 周J=70.19 月J=51.75 价=1.02 涨=0.1%  PE=8.76(81.64%) PB=None(None%)
2026-08-24 18:33:47  [ 50] 512710 军工龙头ETF富国  完成  日J=-4.15 周J=26.56 月J=-12.09 价=0.6 涨=-1.15%  PE=None(None%) PB=None(None%)
2026-08-24 18:33:48  [ 51] 588220 科创100ETF鹏华  完成  日J=3.37 周J=31.34 月J=40.09 价=1.76 涨=-3.3%  PE=None(None%) PB=None(None%)
2026-08-24 18:33:50  [ 52] 159263 价值ETF易方达  完成  日J=91.79 周J=93.4 月J=51.96 价=1.15 涨=0.96%  PE=None(None%) PB=None(None%)
2026-08-24 18:33:51  [ 53] 159363 创业板人工智能ETF华宝  完成  日J=4.12 周J=34.09 月J=39.08 价=1.2 涨=-4.62%  PE=None(None%) PB=None(None%)
2026-08-24 18:33:53  [ 54] 516150 稀土ETF嘉实  完成  日J=0.63 周J=37.02 月J=9.78 价=1.74 涨=-0.91%  PE=29.5(31.75%) PB=None(None%)
2026-08-24 18:33:54  [ 55] 159865 养殖ETF国泰  完成  日J=6.4 周J=86.47 月J=16.13 价=0.53 涨=-0.57%  PE=22.71(52.37%) PB=None(None%)
2026-08-24 18:33:56  [ 56] 512660 军工ETF国泰  完成  日J=-10.12 周J=24.33 月J=-8.2 价=1.09 涨=-1.54%  PE=45.22(12.06%) PB=3.23(52.16%)
2026-08-24 18:33:57  [ 57] 515980 人工智能ETF华富  完成  日J=-5.84 周J=7.29 月J=31.87 价=0.98 涨=-4.3%  PE=49.34(79.31%) PB=None(None%)
2026-08-24 18:33:59  [ 58] 512950 央企改革ETF华夏  完成  日J=-2.25 周J=31.2 月J=28.25 价=1.49 涨=-1.06%  PE=15.68(81.99%) PB=None(None%)
2026-08-24 18:34:00  [ 59] 159851 金融科技ETF华宝  完成  日J=0.9 周J=47.35 月J=-2.56 价=0.6 涨=-1.64%  PE=31.58(6.28%) PB=None(None%)
2026-08-24 18:34:02  [ 60] 563300 中证2000ETF华泰柏瑞  完成  日J=6.1 周J=50.2 月J=26.71 价=1.39 涨=-0.85%  PE=38.99(66.67%) PB=None(None%)
2026-08-24 18:34:03  [ 61] 561980 半导体设备ETF招商  完成  日J=-6.73 周J=9.9 月J=51.29 价=0.69 涨=-1.72%  PE=128.85(93.46%) PB=None(None%)
2026-08-24 18:34:03  全部完成，结果已写入 C:\Users\hailo\Desktop\每周自动指标\output_etf\2026-08-24\metrics_2026-08-24.csv
2026-08-24 18:34:03  步骤2完成 -> C:\Users\hailo\Desktop\每周自动指标\output_etf\2026-08-24\metrics_2026-08-24.csv
2026-08-24 18:34:03  步骤3: 生成 HTML 总结报告...
2026-08-24 18:34:03  步骤3完成 -> C:\Users\hailo\Desktop\每周自动指标\output_etf\2026-08-24\report_2026-08-24.html
2026-08-24 18:34:03  步骤4: 发送邮件报告...
2026-08-24 18:34:05  步骤4完成: 邮件已发送
2026-08-24 18:34:05  ===== 全部完成 2026-08-24 =====
2026-08-24 19:00:11  今日(2026-08-24)已完成，跳过。结果目录: C:\Users\hailo\Desktop\每周自动指标\output_etf\2026-08-24
