2026-07-23 19:39:42  ===== 开始每日指标任务 2026-07-23 =====
2026-07-23 19:39:42  步骤1: 获取 A股市值前100…
2026-07-23 19:39:43  步骤1完成 -> C:\Users\hailo\Desktop\每周自动指标\output\2026-07-23\top100_2026-07-23.csv
2026-07-23 19:39:43  步骤2: 计算 KDJ-J(日/周/月) 及 PE/PB 历史分位…
2026-07-23 19:39:45  [  1] 601398 工商银行  完成  日J=67.02 周J=82.87 月J=52.0 PE=7.37(90.55%) PB=0.69(57.49%)
2026-07-23 19:39:47  [  2] 601939 建设银行  完成  日J=64.56 周J=72.84 月J=84.43 PE=7.84(96.53%) PB=0.76(69.64%)
2026-07-23 19:39:48  [  3] 601288 农业银行  完成  日J=81.03 周J=73.94 月J=4.44 PE=7.84(90.51%) PB=0.82(79.47%)
2026-07-23 19:39:49  [  4] 600941 中国移动  完成  日J=69.24 周J=62.19 月J=29.9 PE=15.08(37.33%) PB=1.44(29.06%)
2026-07-23 19:39:51  [  5] 601857 中国石油  完成  日J=88.42 周J=91.24 月J=25.73 PE=12.59(55.47%) PB=1.23(88.82%)
2026-07-23 19:39:52  [  6] 601988 中国银行  完成  日J=54.57 周J=69.19 月J=77.5 PE=7.84(98.31%) PB=0.7(82.51%)
2026-07-23 19:39:54  [  7] 300750 宁德时代  完成  日J=93.54 周J=26.57 月J=40.12 PE=22.61(19.75%) PB=5.0(36.35%)
2026-07-23 19:39:55  [  8] 600519 贵州茅台  完成  日J=69.1 周J=79.85 月J=25.37 PE=19.53(2.99%) PB=5.96(1.73%)
2026-07-23 19:39:56  [  9] 600938 中国海油  完成  日J=97.91 周J=58.9 月J=19.33 PE=12.58(90.89%) PB=1.87(78.2%)
2026-07-23 19:39:57  [ 10] 601138 工业富联  完成  日J=64.95 周J=3.11 月J=47.36 PE=30.7(89.65%) PB=7.08(91.73%)
2026-07-23 19:39:59  [ 11] 688981 中芯国际  完成  日J=24.59 周J=42.83 月J=78.59 PE=246.17(96.16%) PB=8.29(95.27%)
2026-07-23 19:40:00  [ 12] 300308 中际旭创  完成  日J=50.36 周J=2.32 月J=72.3 PE=80.01(85.49%) PB=33.61(98.07%)
2026-07-23 19:40:02  [ 13] 601628 中国人寿  完成  日J=98.09 周J=111.77 月J=24.97 PE=8.15(8.14%) PB=1.97(39.61%)
2026-07-23 19:40:03  [ 14] 601318 中国平安  完成  日J=95.79 周J=77.03 月J=2.21 PE=7.4(8.14%) PB=0.97(22.12%)
2026-07-23 19:40:05  [ 15] 601088 中国神华  完成  日J=75.01 周J=59.14 月J=42.68 PE=19.06(98.31%) PB=2.04(93.98%)
2026-07-23 19:40:06  [ 16] 600036 招商银行  完成  日J=75.3 周J=104.0 月J=37.44 PE=6.51(24.29%) PB=0.87(8.87%)
2026-07-23 19:40:08  [ 17] 601899 紫金矿业  完成  日J=97.9 周J=88.54 月J=14.09 PE=14.25(15.37%) PB=4.46(83.61%)
2026-07-23 19:40:09  [ 18] 002594 比亚迪  完成  日J=54.73 周J=83.21 月J=35.35 PE=30.66(29.98%) PB=3.64(31.13%)
2026-07-23 19:40:10  [ 19] 688256 寒武纪  完成  日J=31.71 周J=1.11 月J=76.26 PE=288.83(84.36%) PB=60.97(94.79%)
2026-07-23 19:40:12  [ 20] 688041 海光信息  完成  日J=25.34 周J=37.1 月J=71.63 PE=266.02(95.18%) PB=30.86(96.13%)
2026-07-23 19:40:13  [ 21] 600900 长江电力  完成  日J=75.69 周J=95.94 月J=85.25 PE=19.62(56.1%) PB=3.11(80.1%)
2026-07-23 19:40:15  [ 22] 300502 新易盛  完成  日J=41.25 周J=27.91 月J=81.2 PE=64.56(68.29%) PB=34.02(98.17%)
2026-07-23 19:40:18  [ 23] 000333 美的集团  完成  日J=87.41 周J=97.84 月J=85.64 PE=14.62(52.58%) PB=2.78(41.54%)
2026-07-23 19:40:19  [ 24] 600028 中国石化  完成  日J=89.15 周J=112.82 月J=-2.26 PE=17.65(86.02%) PB=0.75(36.05%)
2026-07-23 19:40:20  [ 25] 601328 交通银行  完成  日J=70.39 周J=89.82 月J=39.9 PE=6.37(85.54%) PB=0.53(48.82%)
2026-07-23 19:40:22  [ 26] 601658 邮储银行  完成  日J=56.75 周J=96.84 月J=24.84 PE=6.98(68.45%) PB=0.59(13.59%)
2026-07-23 19:40:25  [ 27] 688347 华虹宏力  完成  日J=52.25 周J=66.2 月J=86.22 PE=1200.96(85.5%) PB=13.1(99.02%)
2026-07-23 19:40:27  [ 28] 688825 长鑫科技  完成  日J=None 周J=None 月J=None PE=None(None%) PB=None(None%)
2026-07-23 19:40:28  [ 29] 601728 中国电信  完成  日J=57.99 周J=64.99 月J=29.57 PE=17.45(48.87%) PB=1.18(46.43%)
2026-07-23 19:40:29  [ 30] 002371 北方华创  完成  日J=54.98 周J=29.45 月J=72.79 PE=96.31(46.6%) PB=13.67(86.22%)
2026-07-23 19:40:31  [ 31] 002475 立讯精密  完成  日J=64.93 周J=5.52 月J=55.24 PE=27.46(42.31%) PB=5.35(46.27%)
2026-07-23 19:40:32  [ 32] 603993 洛阳钼业  完成  日J=99.23 周J=51.89 月J=19.24 PE=17.74(27.95%) PB=4.82(95.28%)
2026-07-23 19:40:33  [ 33] 600030 中信证券  完成  日J=89.93 周J=73.33 月J=83.04 PE=12.59(7.23%) PB=1.46(43.66%)
2026-07-23 19:40:35  [ 34] 601998 中信银行  完成  日J=85.42 周J=70.29 月J=29.49 PE=5.9(64.77%) PB=0.57(55.71%)
2026-07-23 19:40:37  [ 35] 688235 百济神州  完成  日J=75.13 周J=86.0 月J=46.97 PE=132.77(95.61%) PB=12.71(78.92%)
2026-07-23 19:40:38  [ 36] 601166 兴业银行  完成  日J=75.12 周J=77.54 月J=26.22 PE=4.99(35.47%) PB=0.47(7.33%)
2026-07-23 19:40:39  [ 37] 603259 药明康德  完成  日J=53.67 周J=86.98 月J=87.56 PE=18.89(20.01%) PB=4.52(33.55%)
2026-07-23 19:40:41  [ 38] 002384 东山精密  完成  日J=4.9 周J=16.22 月J=75.04 PE=185.53(96.92%) PB=16.72(97.49%)
2026-07-23 19:40:42  [ 39] 600276 恒瑞医药  完成  日J=34.79 周J=87.87 月J=30.49 PE=44.89(6.17%) PB=5.73(4.1%)
2026-07-23 19:40:43  [ 40] 688012 中微公司  完成  日J=42.08 周J=41.69 月J=76.7 PE=131.7(71.69%) PB=14.78(78.1%)
2026-07-23 19:40:45  [ 41] 601211 国泰海通  完成  日J=103.13 周J=81.2 月J=47.24 PE=15.3(65.83%) PB=1.03(38.41%)
2026-07-23 19:40:46  [ 42] 601319 中国人保  完成  日J=92.25 周J=106.27 月J=5.41 PE=7.88(14.55%) PB=1.05(33.49%)
2026-07-23 19:40:47  [ 43] 002415 海康威视  完成  日J=105.94 周J=92.47 月J=90.57 PE=21.95(32.58%) PB=3.81(23.47%)
2026-07-23 19:40:48  [ 44] 688802 沐曦股份-U  完成  日J=10.13 周J=42.53 月J=86.06 PE=-496.5(9.72%) PB=24.86(84.03%)
2026-07-23 19:40:50  [ 45] 300059 东方财富  完成  日J=95.32 周J=71.53 月J=27.62 PE=24.48(7.57%) PB=3.36(14.51%)
2026-07-23 19:40:51  [ 46] 603986 兆易创新  完成  日J=26.16 周J=-0.92 月J=56.33 PE=110.33(60.43%) PB=12.55(79.37%)
2026-07-23 19:40:53  [ 47] 601601 中国太保  完成  日J=107.87 周J=91.29 月J=3.33 PE=5.85(1.88%) PB=0.99(13.49%)
2026-07-23 19:40:54  [ 48] 600183 生益科技  完成  日J=17.72 周J=13.37 月J=63.5 PE=77.35(98.07%) PB=16.95(98.07%)
2026-07-23 19:40:55  [ 49] 600000 浦发银行  完成  日J=67.93 周J=83.65 月J=7.41 PE=5.99(68.24%) PB=0.4(26.07%)
2026-07-23 19:40:57  [ 50] 601869 长飞光纤  完成  日J=18.44 周J=-14.78 月J=64.62 PE=254.79(94.54%) PB=20.72(96.29%)
2026-07-23 19:40:58  [ 51] 000858 五 粮 液  完成  日J=81.53 周J=44.93 月J=8.1 PE=23.05(33.69%) PB=2.27(0.96%)
2026-07-23 19:41:00  [ 52] 688795 摩尔线程-U  完成  日J=10.81 周J=10.04 月J=40.05 PE=-334.0(37.5%) PB=24.9(35.53%)
2026-07-23 19:41:01  [ 53] 688008 澜起科技  完成  日J=47.43 周J=7.23 月J=67.12 PE=107.61(82.34%) PB=13.2(86.11%)
2026-07-23 19:41:02  [ 54] 002379 宏桥控股  完成  日J=103.0 周J=73.95 月J=5.62 PE=13.52(73.11%) PB=5.1(83.52%)
2026-07-23 19:41:04  [ 55] 688820 盛合晶微  完成  日J=24.61 周J=1.91 月J=None PE=266.44(21.88%) PB=18.16(21.88%)
2026-07-23 19:41:05  [ 56] 600150 中国船舶  完成  日J=32.59 周J=13.89 月J=29.47 PE=22.47(26.12%) PB=1.7(21.01%)
2026-07-23 19:41:06  [ 57] 601816 京沪高铁  完成  日J=98.44 周J=88.26 月J=56.01 PE=18.47(4.75%) PB=1.17(6.27%)
2026-07-23 19:41:08  [ 58] 601225 陕西煤业  完成  日J=91.35 周J=69.76 月J=57.0 PE=15.14(98.55%) PB=2.4(85.35%)
2026-07-23 19:41:09  [ 59] 300274 阳光电源  完成  日J=89.85 周J=0.87 月J=19.04 PE=20.48(42.84%) PB=5.02(50.55%)
2026-07-23 19:41:11  [ 60] 000338 潍柴动力  完成  日J=100.04 周J=11.28 月J=65.5 PE=21.39(94.75%) PB=2.54(86.17%)
2026-07-23 19:41:12  [ 61] 600309 万华化学  完成  日J=111.65 周J=65.99 月J=29.03 PE=17.95(64.39%) PB=2.12(9.73%)
2026-07-23 19:41:13  [ 62] 300476 胜宏科技  完成  日J=41.5 周J=-5.75 月J=26.17 PE=50.18(84.0%) PB=13.49(88.87%)
2026-07-23 19:41:15  [ 63] 601919 中远海控  完成  日J=101.14 周J=109.45 月J=33.84 PE=9.31(58.51%) PB=0.99(29.93%)
2026-07-23 19:41:16  [ 64] 300394 天孚通信  完成  日J=26.19 周J=-5.19 月J=49.64 PE=106.52(94.55%) PB=38.69(94.89%)
2026-07-23 19:41:17  [ 65] 002916 深南电路  完成  日J=29.56 周J=7.51 月J=65.68 PE=63.25(95.04%) PB=12.71(90.8%)
2026-07-23 19:41:19  [ 66] 002714 牧原股份  完成  日J=52.01 周J=97.11 月J=20.44 PE=23.43(69.35%) PB=2.66(2.07%)
2026-07-23 19:41:20  [ 67] 000651 格力电器  完成  日J=87.06 周J=94.4 月J=79.73 PE=7.79(29.2%) PB=1.49(5.45%)
2026-07-23 19:41:22  [ 68] 000725 京东方Ａ  完成  日J=23.07 周J=22.44 月J=59.78 PE=37.73(57.69%) PB=1.65(74.27%)
2026-07-23 19:41:23  [ 69] 002463 沪电股份  完成  日J=25.65 周J=16.89 月J=70.98 PE=51.77(96.96%) PB=13.27(98.07%)
2026-07-23 19:41:24  [ 70] 301666 大普微-UW  完成  日J=61.67 周J=-5.42 月J=None PE=17137.56(28.36%) PB=277.37(28.36%)
2026-07-23 19:41:26  [ 71] 600188 兖矿能源  完成  日J=93.59 周J=26.99 月J=55.61 PE=23.27(98.84%) PB=2.91(89.73%)
2026-07-23 19:41:27  [ 72] 688072 拓荆科技  完成  日J=37.15 周J=56.37 月J=78.34 PE=131.35(83.06%) PB=29.8(98.16%)
2026-07-23 19:41:29  [ 73] 000001 平安银行  完成  日J=88.37 周J=80.76 月J=46.02 PE=4.99(27.23%) PB=0.46(5.01%)
2026-07-23 19:41:30  [ 74] 603288 海天味业  完成  日J=78.35 周J=96.89 月J=42.05 PE=29.46(2.27%) PB=5.1(2.99%)
2026-07-23 19:41:31  [ 75] 600919 江苏银行  完成  日J=74.42 周J=69.8 月J=88.43 PE=6.0(79.86%) PB=0.8(87.28%)
2026-07-23 19:41:33  [ 76] 002142 宁波银行  完成  日J=64.07 周J=85.36 月J=69.46 PE=6.99(31.23%) PB=0.9(27.86%)
2026-07-23 19:41:34  [ 77] 003816 中国广核  完成  日J=96.84 周J=34.15 月J=35.81 PE=22.15(91.64%) PB=1.67(71.27%)
2026-07-23 19:41:35  [ 78] 300408 三环集团  完成  日J=50.23 周J=1.73 月J=64.88 PE=72.94(98.07%) PB=9.37(98.07%)
2026-07-23 19:41:37  [ 79] 601066 中信建投  完成  日J=50.02 周J=48.13 月J=67.61 PE=18.53(11.15%) PB=2.42(25.66%)
2026-07-23 19:41:38  [ 80] 601336 新华保险  完成  日J=85.41 周J=101.16 月J=9.2 PE=5.56(5.45%) PB=1.66(53.49%)
2026-07-23 19:41:39  [ 81] 600690 海尔智家  完成  日J=86.29 周J=95.44 月J=12.69 PE=10.95(5.4%) PB=1.64(3.71%)
2026-07-23 19:41:41  [ 82] 002938 鹏鼎控股  完成  日J=22.82 周J=5.34 月J=65.08 PE=54.69(97.53%) PB=5.86(91.74%)
2026-07-23 19:41:42  [ 83] 688808 联讯仪器  完成  日J=58.5 周J=16.1 月J=None PE=728.22(49.18%) PB=193.91(49.18%)
2026-07-23 19:41:43  [ 84] 600406 国电南瑞  完成  日J=113.38 周J=53.44 月J=18.51 PE=23.53(29.2%) PB=3.66(37.54%)
2026-07-23 19:41:45  [ 85] 601668 中国建筑  完成  日J=91.43 周J=103.95 月J=36.68 PE=5.12(62.12%) PB=0.39(1.25%)
2026-07-23 19:41:46  [ 86] 300433 蓝思科技  完成  日J=47.35 周J=1.33 月J=51.04 PE=56.14(83.57%) PB=3.54(81.45%)
2026-07-23 19:41:47  [ 87] 600025 华能水电  完成  日J=75.65 周J=99.9 月J=65.56 PE=22.19(79.86%) PB=2.67(76.63%)
2026-07-23 19:41:49  [ 88] 601898 中煤能源  完成  日J=103.67 周J=29.43 月J=16.85 PE=10.65(53.98%) PB=1.15(90.31%)
2026-07-23 19:41:50  [ 89] 001399 惠科股份  完成  日J=25.29 周J=-0.6 月J=None PE=49.73(15.0%) PB=7.13(15.0%)
2026-07-23 19:41:51  [ 90] 601688 华泰证券  完成  日J=110.59 周J=68.15 月J=24.06 PE=10.73(32.1%) PB=1.06(45.35%)
2026-07-23 19:41:53  [ 91] 601985 中国核电  完成  日J=94.73 周J=64.64 月J=84.22 PE=22.71(89.3%) PB=1.56(36.96%)
2026-07-23 19:41:54  [ 92] 601818 光大银行  完成  日J=68.7 周J=88.92 月J=23.67 PE=4.94(44.39%) PB=0.37(2.6%)
2026-07-23 19:41:55  [ 93] 300604 长川科技  完成  日J=37.43 周J=43.1 月J=79.21 PE=117.47(52.96%) PB=36.28(99.08%)
2026-07-23 19:41:57  [ 94] 600031 三一重工  完成  日J=97.15 周J=92.89 月J=15.41 PE=21.81(48.24%) PB=2.03(19.9%)
2026-07-23 19:41:58  [ 95] 300760 迈瑞医疗  完成  日J=77.7 周J=82.32 月J=15.87 PE=23.33(4.67%) PB=4.56(1.86%)
2026-07-23 19:41:59  [ 96] 600930 华电新能  完成  日J=35.78 周J=3.31 月J=4.75 PE=28.47(10.89%) PB=1.65(2.02%)
2026-07-23 19:42:00  [ 97] 688498 源杰科技  完成  日J=29.12 周J=43.53 月J=77.04 PE=505.28(68.09%) PB=71.26(96.77%)
2026-07-23 19:42:02  [ 98] 000776 广发证券  完成  日J=94.88 周J=59.36 月J=63.68 PE=11.41(8.0%) PB=1.3(77.88%)
2026-07-23 19:42:03  [ 99] 002352 顺丰控股  完成  日J=80.31 周J=66.5 月J=25.65 PE=15.65(1.73%) PB=1.78(1.73%)
2026-07-23 19:42:05  [100] 600989 宝丰能源  完成  日J=101.06 周J=60.18 月J=19.52 PE=14.17(12.72%) PB=3.42(69.91%)
2026-07-23 19:42:05  全部完成，结果已写入 C:\Users\hailo\Desktop\每周自动指标\output\2026-07-23\metrics_2026-07-23.csv
2026-07-23 19:42:05  步骤2完成 -> C:\Users\hailo\Desktop\每周自动指标\output\2026-07-23\metrics_2026-07-23.csv
2026-07-23 19:42:05  步骤3: 生成 HTML 总结报告…
2026-07-23 19:42:05  步骤3完成
2026-07-23 19:42:05  ===== 全部完成 2026-07-23 =====
2026-07-23 19:49:10  ===== 开始每日指标任务 2026-07-23 =====
2026-07-23 19:49:10  步骤1已存在，跳过 -> C:\Users\hailo\Desktop\每周自动指标\output\2026-07-23\top100_2026-07-23.csv
2026-07-23 19:49:10  步骤2: 计算 KDJ-J(日/周/月) 及 PE/PB 历史分位…
2026-07-23 19:49:12  [  1] 601398 工商银行  完成  日J=67.02 周J=82.87 月J=52.0 价=7.68 涨=1.05%  PE=7.37(90.55%) PB=0.69(57.49%)
2026-07-23 19:49:14  [  2] 601939 建设银行  完成  日J=64.56 周J=72.84 月J=84.43 价=10.24 涨=0.2%  PE=7.84(96.53%) PB=0.76(69.64%)
2026-07-23 19:49:15  [  3] 601288 农业银行  完成  日J=81.03 周J=73.94 月J=4.44 价=6.59 涨=1.07%  PE=7.84(90.51%) PB=0.82(79.47%)
2026-07-23 19:49:16  [  4] 600941 中国移动  完成  日J=69.24 周J=62.19 月J=29.9 价=94.43 涨=0.36%  PE=15.08(37.33%) PB=1.44(29.06%)
2026-07-23 19:49:18  [  5] 601857 中国石油  完成  日J=88.42 周J=91.24 月J=25.73 价=10.88 涨=-0.37%  PE=12.59(55.47%) PB=1.23(88.82%)
2026-07-23 19:49:19  [  6] 601988 中国银行  完成  日J=54.57 周J=69.19 月J=77.5 价=5.97 涨=0.51%  PE=7.84(98.31%) PB=0.7(82.51%)
2026-07-23 19:49:21  [  7] 300750 宁德时代  完成  日J=93.54 周J=26.57 月J=40.12 价=385.99 涨=3.69%  PE=22.61(19.75%) PB=5.0(36.35%)
2026-07-23 19:49:22  [  8] 600519 贵州茅台  完成  日J=69.1 周J=79.85 月J=25.37 价=1292.01 涨=-1.0%  PE=19.53(2.99%) PB=5.96(1.73%)
2026-07-23 19:49:23  [  9] 600938 中国海油  完成  日J=97.91 周J=58.9 月J=19.33 价=32.99 涨=1.85%  PE=12.58(90.89%) PB=1.87(78.2%)
2026-07-23 19:49:24  [ 10] 601138 工业富联  完成  日J=64.95 周J=3.11 月J=47.36 价=62.88 涨=3.57%  PE=30.7(89.65%) PB=7.08(91.73%)
2026-07-23 19:49:26  [ 11] 688981 中芯国际  完成  日J=24.59 周J=42.83 月J=78.59 价=145.09 涨=-6.75%  PE=246.17(96.16%) PB=8.29(95.27%)
2026-07-23 19:49:27  [ 12] 300308 中际旭创  完成  日J=50.36 周J=2.32 月J=72.3 价=1072.52 涨=1.1%  PE=80.01(85.49%) PB=33.61(98.07%)
2026-07-23 19:49:28  [ 13] 601628 中国人寿  完成  日J=98.09 周J=111.77 月J=24.97 价=41.73 涨=1.78%  PE=8.15(8.14%) PB=1.97(39.61%)
2026-07-23 19:49:30  [ 14] 601318 中国平安  完成  日J=95.79 周J=77.03 月J=2.21 价=54.3 涨=0.65%  PE=7.4(8.14%) PB=0.97(22.12%)
2026-07-23 19:49:31  [ 15] 601088 中国神华  完成  日J=75.01 周J=59.14 月J=42.68 价=45.32 涨=-0.26%  PE=19.06(98.31%) PB=2.04(93.98%)
2026-07-23 19:49:33  [ 16] 600036 招商银行  完成  日J=75.3 周J=104.0 月J=37.44 价=38.91 涨=0.52%  PE=6.51(24.29%) PB=0.87(8.87%)
2026-07-23 19:49:34  [ 17] 601899 紫金矿业  完成  日J=97.9 周J=88.54 月J=14.09 价=33.06 涨=2.67%  PE=14.25(15.37%) PB=4.46(83.61%)
2026-07-23 19:49:35  [ 18] 002594 比亚迪  完成  日J=54.73 周J=83.21 月J=35.35 价=92.65 涨=1.18%  PE=30.66(29.98%) PB=3.64(31.13%)
2026-07-23 19:49:37  [ 19] 688256 寒武纪  完成  日J=31.71 周J=1.11 月J=76.26 价=1249.0 涨=-4.66%  PE=288.83(84.36%) PB=60.97(94.79%)
2026-07-23 19:49:38  [ 20] 688041 海光信息  完成  日J=25.34 周J=37.1 月J=71.63 价=312.0 涨=-5.91%  PE=266.02(95.18%) PB=30.86(96.13%)
2026-07-23 19:49:39  [ 21] 600900 长江电力  完成  日J=75.69 周J=95.94 月J=85.25 价=28.94 涨=-0.52%  PE=19.62(56.1%) PB=3.11(80.1%)
2026-07-23 19:49:41  [ 22] 300502 新易盛  完成  日J=41.25 周J=27.91 月J=81.2 价=497.3 涨=-2.26%  PE=64.56(68.29%) PB=34.02(98.17%)
2026-07-23 19:49:42  [ 23] 000333 美的集团  完成  日J=87.41 周J=97.84 月J=85.64 价=84.77 涨=-0.04%  PE=14.62(52.58%) PB=2.78(41.54%)
2026-07-23 19:49:43  [ 24] 600028 中国石化  完成  日J=89.15 周J=112.82 月J=-2.26 价=5.19 涨=0.19%  PE=17.65(86.02%) PB=0.75(36.05%)
2026-07-23 19:49:45  [ 25] 601328 交通银行  完成  日J=70.39 周J=89.82 月J=39.9 价=6.95 涨=0.0%  PE=6.37(85.54%) PB=0.53(48.82%)
2026-07-23 19:49:46  [ 26] 601658 邮储银行  完成  日J=56.75 周J=96.84 月J=24.84 价=5.11 涨=0.0%  PE=6.98(68.45%) PB=0.59(13.59%)
2026-07-23 19:49:47  [ 27] 688347 华虹宏力  完成  日J=52.25 周J=66.2 月J=86.22 价=341.0 涨=-12.58%  PE=1200.96(85.5%) PB=13.1(99.02%)
2026-07-23 19:49:49  [ 28] 688825 长鑫科技  完成  日J=None 周J=None 月J=None  PE=None(None%) PB=None(None%)
2026-07-23 19:49:50  [ 29] 601728 中国电信  完成  日J=57.99 周J=64.99 月J=29.57 价=6.04 涨=0.33%  PE=17.45(48.87%) PB=1.18(46.43%)
2026-07-23 19:49:51  [ 30] 002371 北方华创  完成  日J=54.98 周J=29.45 月J=72.79 价=740.0 涨=-3.14%  PE=96.31(46.6%) PB=13.67(86.22%)
2026-07-23 19:49:53  [ 31] 002475 立讯精密  完成  日J=64.93 周J=5.52 月J=55.24 价=61.19 涨=3.43%  PE=27.46(42.31%) PB=5.35(46.27%)
2026-07-23 19:49:54  [ 32] 603993 洛阳钼业  完成  日J=99.23 周J=51.89 月J=19.24 价=20.03 涨=2.14%  PE=17.74(27.95%) PB=4.82(95.28%)
2026-07-23 19:49:55  [ 33] 600030 中信证券  完成  日J=89.93 周J=73.33 月J=83.04 价=28.62 涨=1.13%  PE=12.59(7.23%) PB=1.46(43.66%)
2026-07-23 19:49:57  [ 34] 601998 中信银行  完成  日J=85.42 周J=70.29 月J=29.49 价=7.55 涨=0.8%  PE=5.9(64.77%) PB=0.57(55.71%)
2026-07-23 19:49:59  [ 35] 688235 百济神州  完成  日J=75.13 周J=86.0 月J=46.97 价=272.45 涨=-1.75%  PE=132.77(95.61%) PB=12.71(78.92%)
2026-07-23 19:50:00  [ 36] 601166 兴业银行  完成  日J=75.12 周J=77.54 月J=26.22 价=18.26 涨=0.44%  PE=4.99(35.47%) PB=0.47(7.33%)
2026-07-23 19:50:01  [ 37] 603259 药明康德  完成  日J=53.67 周J=86.98 月J=87.56 价=127.45 涨=1.23%  PE=18.89(20.01%) PB=4.52(33.55%)
2026-07-23 19:50:03  [ 38] 002384 东山精密  完成  日J=4.9 周J=16.22 月J=75.04 价=206.65 涨=-4.99%  PE=185.53(96.92%) PB=16.72(97.49%)
2026-07-23 19:50:04  [ 39] 600276 恒瑞医药  完成  日J=34.79 周J=87.87 月J=30.49 价=54.91 涨=-0.87%  PE=44.89(6.17%) PB=5.73(4.1%)
2026-07-23 19:50:05  [ 40] 688012 中微公司  完成  日J=42.08 周J=41.69 月J=76.7 价=375.2 涨=-4.53%  PE=131.7(71.69%) PB=14.78(78.1%)
2026-07-23 19:50:07  [ 41] 601211 国泰海通  完成  日J=103.13 周J=81.2 月J=47.24 价=19.05 涨=0.58%  PE=15.3(65.83%) PB=1.03(38.41%)
2026-07-23 19:50:08  [ 42] 601319 中国人保  完成  日J=92.25 周J=106.27 月J=5.41 价=7.59 涨=0.53%  PE=7.88(14.55%) PB=1.05(33.49%)
2026-07-23 19:50:09  [ 43] 002415 海康威视  完成  日J=105.94 周J=92.47 月J=90.57 价=35.77 涨=0.39%  PE=21.95(32.58%) PB=3.81(23.47%)
2026-07-23 19:50:11  [ 44] 688802 沐曦股份-U  完成  日J=10.13 周J=42.53 月J=86.06 价=813.78 涨=-3.69%  PE=-496.5(9.72%) PB=24.86(84.03%)
2026-07-23 19:50:12  [ 45] 300059 东方财富  完成  日J=95.32 周J=71.53 月J=27.62 价=20.28 涨=1.0%  PE=24.48(7.57%) PB=3.36(14.51%)
2026-07-23 19:50:14  [ 46] 603986 兆易创新  完成  日J=26.16 周J=-0.92 月J=56.33 价=451.96 涨=-3.84%  PE=110.33(60.43%) PB=12.55(79.37%)
2026-07-23 19:50:15  [ 47] 601601 中国太保  完成  日J=107.87 周J=91.29 月J=3.33 价=32.81 涨=0.18%  PE=5.85(1.88%) PB=0.99(13.49%)
2026-07-23 19:50:16  [ 48] 600183 生益科技  完成  日J=17.72 周J=13.37 月J=63.5 价=125.1 涨=-0.71%  PE=77.35(98.07%) PB=16.95(98.07%)
2026-07-23 19:50:18  [ 49] 600000 浦发银行  完成  日J=67.93 周J=83.65 月J=7.41 价=9.05 涨=0.44%  PE=5.99(68.24%) PB=0.4(26.07%)
2026-07-23 19:50:19  [ 50] 601869 长飞光纤  完成  日J=18.44 周J=-14.78 月J=64.62 价=356.12 涨=-2.71%  PE=254.79(94.54%) PB=20.72(96.29%)
2026-07-23 19:50:20  [ 51] 000858 五 粮 液  完成  日J=81.53 周J=44.93 月J=8.1 价=74.84 涨=0.12%  PE=23.05(33.69%) PB=2.27(0.96%)
2026-07-23 19:50:21  [ 52] 688795 摩尔线程-U  完成  日J=10.81 周J=10.04 月J=40.05 价=610.36 涨=-2.17%  PE=-334.0(37.5%) PB=24.9(35.53%)
2026-07-23 19:50:23  [ 53] 688008 澜起科技  完成  日J=47.43 周J=7.23 月J=67.12 价=225.5 涨=1.12%  PE=107.61(82.34%) PB=13.2(86.11%)
2026-07-23 19:50:24  [ 54] 002379 宏桥控股  完成  日J=103.0 周J=73.95 月J=5.62 价=20.45 涨=10.01%  PE=13.52(73.11%) PB=5.1(83.52%)
2026-07-23 19:50:25  [ 55] 688820 盛合晶微  完成  日J=24.61 周J=1.91 月J=None 价=140.97 涨=-3.75%  PE=266.44(21.88%) PB=18.16(21.88%)
2026-07-23 19:50:27  [ 56] 600150 中国船舶  完成  日J=32.59 周J=13.89 月J=29.47 价=33.76 涨=2.24%  PE=22.47(26.12%) PB=1.7(21.01%)
2026-07-23 19:50:28  [ 57] 601816 京沪高铁  完成  日J=98.44 周J=88.26 月J=56.01 价=5.04 涨=0.6%  PE=18.47(4.75%) PB=1.17(6.27%)
2026-07-23 19:50:29  [ 58] 601225 陕西煤业  完成  日J=91.35 周J=69.76 月J=57.0 价=25.25 涨=1.45%  PE=15.14(98.55%) PB=2.4(85.35%)
2026-07-23 19:50:31  [ 59] 300274 阳光电源  完成  日J=89.85 周J=0.87 月J=19.04 价=117.79 涨=7.13%  PE=20.48(42.84%) PB=5.02(50.55%)
2026-07-23 19:50:32  [ 60] 000338 潍柴动力  完成  日J=100.04 周J=11.28 月J=65.5 价=27.99 涨=4.25%  PE=21.39(94.75%) PB=2.54(86.17%)
2026-07-23 19:50:33  [ 61] 600309 万华化学  完成  日J=111.65 周J=65.99 月J=29.03 价=75.49 涨=2.01%  PE=17.95(64.39%) PB=2.12(9.73%)
2026-07-23 19:50:35  [ 62] 300476 胜宏科技  完成  日J=41.5 周J=-5.75 月J=26.17 价=238.93 涨=-0.61%  PE=50.18(84.0%) PB=13.49(88.87%)
2026-07-23 19:50:36  [ 63] 601919 中远海控  完成  日J=101.14 周J=109.45 月J=33.84 价=15.27 涨=0.86%  PE=9.31(58.51%) PB=0.99(29.93%)
2026-07-23 19:50:37  [ 64] 300394 天孚通信  完成  日J=26.19 周J=-5.19 月J=49.64 价=212.09 涨=-2.55%  PE=106.52(94.55%) PB=38.69(94.89%)
2026-07-23 19:50:39  [ 65] 002916 深南电路  完成  日J=29.56 周J=7.51 月J=65.68 价=337.47 涨=-0.15%  PE=63.25(95.04%) PB=12.71(90.8%)
2026-07-23 19:50:40  [ 66] 002714 牧原股份  完成  日J=52.01 周J=97.11 月J=20.44 价=39.7 涨=0.66%  PE=23.43(69.35%) PB=2.66(2.07%)
2026-07-23 19:50:42  [ 67] 000651 格力电器  完成  日J=87.06 周J=94.4 月J=79.73 价=40.57 涨=-0.71%  PE=7.79(29.2%) PB=1.49(5.45%)
2026-07-23 19:50:43  [ 68] 000725 京东方Ａ  完成  日J=23.07 周J=22.44 月J=59.78 价=6.06 涨=0.33%  PE=37.73(57.69%) PB=1.65(74.27%)
2026-07-23 19:50:44  [ 69] 002463 沪电股份  完成  日J=25.65 周J=16.89 月J=70.98 价=115.74 涨=1.32%  PE=51.77(96.96%) PB=13.27(98.07%)
2026-07-23 19:50:46  [ 70] 301666 大普微-UW  完成  日J=61.67 周J=-5.42 月J=None 价=510.0 涨=1.67%  PE=17137.56(28.36%) PB=277.37(28.36%)
2026-07-23 19:50:47  [ 71] 600188 兖矿能源  完成  日J=93.59 周J=26.99 月J=55.61 价=22.15 涨=-0.94%  PE=23.27(98.84%) PB=2.91(89.73%)
2026-07-23 19:50:48  [ 72] 688072 拓荆科技  完成  日J=37.15 周J=56.37 月J=78.34 价=743.0 涨=-6.08%  PE=131.35(83.06%) PB=29.8(98.16%)
2026-07-23 19:50:50  [ 73] 000001 平安银行  完成  日J=88.37 周J=80.76 月J=46.02 价=11.08 涨=0.91%  PE=4.99(27.23%) PB=0.46(5.01%)
2026-07-23 19:50:51  [ 74] 603288 海天味业  完成  日J=78.35 周J=96.89 月J=42.05 价=36.65 涨=0.55%  PE=29.46(2.27%) PB=5.1(2.99%)
2026-07-23 19:50:52  [ 75] 600919 江苏银行  完成  日J=74.42 周J=69.8 月J=88.43 价=11.54 涨=1.23%  PE=6.0(79.86%) PB=0.8(87.28%)
2026-07-23 19:50:54  [ 76] 002142 宁波银行  完成  日J=64.07 周J=85.36 月J=69.46 价=31.85 涨=0.95%  PE=6.99(31.23%) PB=0.9(27.86%)
2026-07-23 19:50:55  [ 77] 003816 中国广核  完成  日J=96.84 周J=34.15 月J=35.81 价=4.16 涨=1.22%  PE=22.15(91.64%) PB=1.67(71.27%)
2026-07-23 19:50:56  [ 78] 300408 三环集团  完成  日J=50.23 周J=1.73 月J=64.88 价=105.55 涨=2.5%  PE=72.94(98.07%) PB=9.37(98.07%)
2026-07-23 19:50:58  [ 79] 601066 中信建投  完成  日J=50.02 周J=48.13 月J=67.61 价=26.91 涨=0.26%  PE=18.53(11.15%) PB=2.42(25.66%)
2026-07-23 19:50:59  [ 80] 601336 新华保险  完成  日J=85.41 周J=101.16 月J=9.2 价=65.72 涨=0.6%  PE=5.56(5.45%) PB=1.66(53.49%)
2026-07-23 19:51:00  [ 81] 600690 海尔智家  完成  日J=86.29 周J=95.44 月J=12.69 价=21.86 涨=-0.27%  PE=10.95(5.4%) PB=1.64(3.71%)
2026-07-23 19:51:02  [ 82] 002938 鹏鼎控股  完成  日J=22.82 周J=5.34 月J=65.08 价=87.61 涨=-4.16%  PE=54.69(97.53%) PB=5.86(91.74%)
2026-07-23 19:51:03  [ 83] 688808 联讯仪器  完成  日J=58.5 周J=16.1 月J=None 价=1938.0 涨=2.64%  PE=728.22(49.18%) PB=193.91(49.18%)
2026-07-23 19:51:04  [ 84] 600406 国电南瑞  完成  日J=113.38 周J=53.44 月J=18.51 价=24.37 涨=2.61%  PE=23.53(29.2%) PB=3.66(37.54%)
2026-07-23 19:51:06  [ 85] 601668 中国建筑  完成  日J=91.43 周J=103.95 月J=36.68 价=4.7 涨=0.0%  PE=5.12(62.12%) PB=0.39(1.25%)
2026-07-23 19:51:07  [ 86] 300433 蓝思科技  完成  日J=47.35 周J=1.33 月J=51.04 价=36.58 涨=-0.6%  PE=56.14(83.57%) PB=3.54(81.45%)
2026-07-23 19:51:08  [ 87] 600025 华能水电  完成  日J=75.65 周J=99.9 月J=65.56 价=10.17 涨=-0.49%  PE=22.19(79.86%) PB=2.67(76.63%)
2026-07-23 19:51:10  [ 88] 601898 中煤能源  完成  日J=103.67 周J=29.43 月J=16.85 价=14.27 涨=-0.49%  PE=10.65(53.98%) PB=1.15(90.31%)
2026-07-23 19:51:11  [ 89] 001399 惠科股份  完成  日J=25.29 周J=-0.6 月J=None 价=25.79 涨=-1.26%  PE=49.73(15.0%) PB=7.13(15.0%)
2026-07-23 19:51:12  [ 90] 601688 华泰证券  完成  日J=110.59 周J=68.15 月J=24.06 价=20.85 涨=1.07%  PE=10.73(32.1%) PB=1.06(45.35%)
2026-07-23 19:51:14  [ 91] 601985 中国核电  完成  日J=94.73 周J=64.64 月J=84.22 价=9.09 涨=0.22%  PE=22.71(89.3%) PB=1.56(36.96%)
2026-07-23 19:51:15  [ 92] 601818 光大银行  完成  日J=68.7 周J=88.92 月J=23.67 价=3.16 涨=0.32%  PE=4.94(44.39%) PB=0.37(2.6%)
2026-07-23 19:51:16  [ 93] 300604 长川科技  完成  日J=37.43 周J=43.1 月J=79.21 价=291.24 涨=-5.76%  PE=117.47(52.96%) PB=36.28(99.08%)
2026-07-23 19:51:18  [ 94] 600031 三一重工  完成  日J=97.15 周J=92.89 月J=15.41 价=19.97 涨=0.6%  PE=21.81(48.24%) PB=2.03(19.9%)
2026-07-23 19:51:19  [ 95] 300760 迈瑞医疗  完成  日J=77.7 周J=82.32 月J=15.87 价=150.8 涨=-0.97%  PE=23.33(4.67%) PB=4.56(1.86%)
2026-07-23 19:51:20  [ 96] 600930 华电新能  完成  日J=35.78 周J=3.31 月J=4.75 价=4.37 涨=1.86%  PE=28.47(10.89%) PB=1.65(2.02%)
2026-07-23 19:51:22  [ 97] 688498 源杰科技  完成  日J=29.12 周J=43.53 月J=77.04 价=1445.0 涨=2.12%  PE=505.28(68.09%) PB=71.26(96.77%)
2026-07-23 19:51:23  [ 98] 000776 广发证券  完成  日J=94.88 周J=59.36 月J=63.68 价=22.82 涨=1.2%  PE=11.41(8.0%) PB=1.3(77.88%)
2026-07-23 19:51:24  [ 99] 002352 顺丰控股  完成  日J=80.31 周J=66.5 月J=25.65 价=33.9 涨=-0.79%  PE=15.65(1.73%) PB=1.78(1.73%)
2026-07-23 19:51:26  [100] 600989 宝丰能源  完成  日J=101.06 周J=60.18 月J=19.52 价=24.29 涨=2.4%  PE=14.17(12.72%) PB=3.42(69.91%)
2026-07-23 19:51:26  全部完成，结果已写入 C:\Users\hailo\Desktop\每周自动指标\output\2026-07-23\metrics_2026-07-23.csv
2026-07-23 19:51:26  步骤2完成 -> C:\Users\hailo\Desktop\每周自动指标\output\2026-07-23\metrics_2026-07-23.csv
2026-07-23 19:51:26  步骤3: 生成 HTML 总结报告…
2026-07-23 19:51:26  步骤3完成 -> C:\Users\hailo\Desktop\每周自动指标\output\2026-07-23\report_2026-07-23.html
2026-07-23 19:51:26  步骤4: 发送邮件报告…
2026-07-23 19:51:27  步骤4完成
2026-07-23 19:51:27  ===== 全部完成 2026-07-23 =====
