2026-08-31 17:27:21  ===== 开始每日ETF指标任务 2026-08-31 =====
2026-08-31 17:27:21  步骤1: 获取场内规模前100的ETF...
[  1] 510300 沪深300ETF华泰柏瑞  规模=1091.38亿  跟踪=沪深300指数  主题=沪深300
[  2] 588000 科创50ETF华夏  规模=894.48亿  跟踪=上证科创板50成份指数  主题=科创板
[  3] 159915 创业板ETF易方达  规模=648.43亿  跟踪=创业板指数(价格)  主题=创业板
[  4] 512880 证券ETF国泰  规模=629.46亿  跟踪=中证全指证券公司指数  主题=证券
[  5] 510310 沪深300ETF易方达  规模=519.64亿  跟踪=沪深300指数  主题=沪深300
[  6] 588200 科创芯片ETF嘉实  规模=505.2亿  跟踪=上证科创板芯片指数  主题=半导体
[  7] 159516 半导体设备ETF国泰  规模=447.55亿  跟踪=中证半导体材料设备主题指数  主题=半导体
[  8] 588170 科创半导体ETF华夏  规模=447.32亿  跟踪=上证科创板半导体材料设备主题指数  主题=半导体
[  9] 510500 中证500ETF南方  规模=424.97亿  跟踪=中证500指数  主题=中证500
[ 10] 588080 科创50ETF易方达  规模=423.66亿  跟踪=上证科创板50成份指数  主题=科创板
[ 11] 515880 通信ETF国泰  规模=422.0亿  跟踪=中证全指通信设备指数  主题=通信
[ 12] 510330 沪深300ETF华夏  规模=409.9亿  跟踪=沪深300指数  主题=沪深300
[ 13] 563360 A500ETF华泰柏瑞  规模=409.13亿  跟踪=中证A500指数  主题=中证A500
[ 14] 512000 券商ETF华宝  规模=384.15亿  跟踪=中证全指证券公司指数  主题=证券
[ 15] 159352 A500ETF南方  规模=342.18亿  跟踪=中证A500指数  主题=中证A500
[ 16] 512890 红利低波ETF华泰柏瑞  规模=333.17亿  跟踪=中证红利低波动指数  主题=红利
[ 17] 159919 沪深300ETF嘉实  规模=306.17亿  跟踪=沪深300指数  主题=沪深300
[ 18] 159361 A500ETF易方达  规模=291.45亿  跟踪=中证A500指数  主题=中证A500
[ 19] 159995 芯片ETF华夏  规模=282.32亿  跟踪=国证半导体芯片指数  主题=半导体
[ 20] 512400 有色金属ETF南方  规模=268.72亿  跟踪=有色金属  主题=有色金属
[ 21] 159338 中证A500ETF国泰  规模=261.22亿  跟踪=中证A500指数  主题=中证A500
[ 22] 159949 创业板50ETF华安  规模=249.45亿  跟踪=创业板50指数  主题=创业板
[ 23] 512170 医疗ETF华宝  规模=242.67亿  跟踪=中证医疗指数  主题=医药
[ 24] 159558 半导体设备ETF易方达  规模=217.87亿  跟踪=中证半导体材料设备主题指数  主题=半导体
[ 25] 159819 人工智能ETF易方达  规模=215.26亿  跟踪=中证人工智能主题指数  主题=人工智能
[ 26] 512100 中证1000ETF南方  规模=210.27亿  跟踪=中证1000指数  主题=中证1000
[ 27] 510050 上证50ETF华夏  规模=207.59亿  跟踪=上证50指数  主题=上证50
[ 28] 512480 半导体ETF国联安  规模=203.11亿  跟踪=中证全指半导体产品与设备指数  主题=半导体
[ 29] 510880 红利ETF华泰柏瑞  规模=201.81亿  跟踪=上证红利指数  主题=红利
[ 30] 515450 红利低波50ETF南方  规模=200.78亿  跟踪=标普中国A股大盘红利低波50指数  主题=红利
[ 31] 512050 A500ETF华夏  规模=200.06亿  跟踪=中证A500指数  主题=中证A500
[ 32] 159326 电网设备ETF华夏  规模=199.29亿  跟踪=中证电网设备主题指数  主题=其他
[ 33] 515180 红利ETF易方达  规模=189.4亿  跟踪=中证红利指数  主题=红利
[ 34] 515050 通信ETF华夏  规模=181.98亿  跟踪=中证5G通信主题指数  主题=通信
[ 35] 562500 机器人ETF华夏  规模=180.92亿  跟踪=中证机器人指数  主题=机器人
[ 36] 510180 上证180ETF华安  规模=176.28亿  跟踪=上证180指数  主题=上证180
[ 37] 159781 科创创业ETF易方达  规模=171.82亿  跟踪=中证科创创业50指数  主题=科创板
[ 38] 159530 机器人ETF易方达  规模=171.05亿  跟踪=国证机器人产业指数  主题=机器人
[ 39] 159201 自由现金流ETF华夏  规模=164.39亿  跟踪=国证自由现金流指数  主题=货币市场
[ 40] 159992 创新药ETF银华  规模=163.03亿  跟踪=中证创新药产业指数  主题=医药
[ 41] 159928 消费ETF汇添富  规模=153.53亿  跟踪=中证主要消费指数  主题=消费
[ 42] 510210 上证指数ETF富国  规模=151.66亿  跟踪=上证综合指数  主题=其他
[ 43] 512010 医药ETF易方达  规模=151.16亿  跟踪=沪深300医药卫生指数  主题=医药
[ 44] 517520 黄金股ETF永赢  规模=147.06亿  跟踪=中证沪深港黄金产业股票指数  主题=黄金
[ 45] 515220 煤炭ETF国泰  规模=144.22亿  跟踪=中证煤炭指数  主题=煤炭
[ 46] 159870 化工ETF鹏华  规模=139.41亿  跟踪=细分化工  主题=化工
[ 47] 560780 半导体设备ETF广发  规模=138.36亿  跟踪=中证半导体材料设备主题指数  主题=半导体
[ 48] 512690 酒ETF鹏华  规模=134.11亿  跟踪=中证酒指数  主题=白酒
[ 49] 512070 证券保险ETF易方达  规模=133.76亿  跟踪=沪深300非银行金融指数  主题=证券
[ 50] 159206 卫星ETF永赢  规模=132.58亿  跟踪=国证商用卫星通信产业指数  主题=通信
[ 51] 563020 红利低波ETF易方达  规模=129.87亿  跟踪=中证红利低波动指数  主题=红利
[ 52] 159841 证券ETF天弘  规模=120.44亿  跟踪=中证全指证券公司指数  主题=证券
[ 53] 513630 港股低波红利ETF摩根  规模=119.45亿  跟踪=标普港股通低波红利指数  主题=红利
[ 54] 588710 科创半导体设备ETF华泰柏瑞  规模=119.06亿  跟踪=上证科创板半导体材料设备主题指数  主题=半导体
[ 55] 515080 中证红利ETF招商  规模=114.78亿  跟踪=中证红利指数  主题=红利
[ 56] 159952 创业板ETF广发  规模=114.07亿  跟踪=创业板指数(价格)  主题=创业板
[ 57] 588050 科创50ETF工银  规模=110.46亿  跟踪=上证科创板50成份指数  主题=科创板
[ 58] 563800 A500ETF广发  规模=110.44亿  跟踪=中证A500指数  主题=中证A500
[ 59] 515120 创新药ETF广发  规模=108.73亿  跟踪=中证创新药产业指数  主题=医药
[ 60] 512760 芯片ETF国泰  规模=106.68亿  跟踪=中华交易服务半导体芯片行业人民币指数  主题=半导体
[ 61] 516650 有色金属ETF华夏  规模=99.85亿  跟踪=细分有色  主题=有色金属
[ 62] 512800 银行ETF华宝  规模=99.37亿  跟踪=中证银行指数  主题=银行
[ 63] 159611 电力ETF广发  规模=98.1亿  跟踪=中证全指电力公用事业指数  主题=电力
[ 64] 159852 软件ETF嘉实  规模=97.34亿  跟踪=中证软件服务指数  主题=计算机
[ 65] 159842 券商ETF银华  规模=95.65亿  跟踪=中证全指证券公司指数  主题=证券
[ 66] 562590 半导体设备ETF华夏  规模=92.8亿  跟踪=中证半导体材料设备主题指数  主题=半导体
[ 67] 159922 中证500ETF嘉实  规模=90.25亿  跟踪=中证500指数  主题=中证500
[ 68] 159869 游戏ETF华夏  规模=88.88亿  跟踪=中证动漫游戏指数  主题=传媒
[ 69] 560860 工业有色ETF万家  规模=88.48亿  跟踪=中证工业有色金属主题指数  主题=有色金属
[ 70] 159351 A500ETF嘉实  规模=88.27亿  跟踪=中证A500指数  主题=中证A500
[ 71] 515070 人工智能ETF华夏  规模=84.82亿  跟踪=中证人工智能主题指数  主题=人工智能
[ 72] 512500 中证500ETF华夏  规模=83.4亿  跟踪=中证500指数  主题=中证500
[ 73] 563220 A500ETF富国  规模=83.38亿  跟踪=中证A500指数  主题=中证A500
[ 74] 515330 沪深300ETF天弘  规模=83.24亿  跟踪=沪深300指数  主题=沪深300
[ 75] 512900 证券ETF南方  规模=81.67亿  跟踪=中证全指证券公司指数  主题=证券
[ 76] 588750 科创芯片ETF汇添富  规模=77.0亿  跟踪=上证科创板芯片指数  主题=半导体
[ 77] 588060 科创50ETF广发  规模=76.91亿  跟踪=上证科创板50成份指数  主题=科创板
[ 78] 159755 电池ETF广发  规模=74.6亿  跟踪=国证新能源车电池指数  主题=新能源
[ 79] 512710 军工龙头ETF富国  规模=73.34亿  跟踪=中证军工龙头指数  主题=军工
[ 80] 159307 红利低波100ETF博时  规模=72.97亿  跟踪=中证红利低波动100指数  主题=红利
[ 81] 159263 价值ETF易方达  规模=71.0亿  跟踪=国证价值100指数  主题=价值
[ 82] 563300 中证2000ETF华泰柏瑞  规模=70.85亿  跟踪=中证2000指数  主题=中证2000
[ 83] 159363 创业板人工智能ETF华宝  规模=70.03亿  跟踪=创业板人工智能指数  主题=人工智能
[ 84] 159157 有色金属ETF天弘  规模=69.83亿  跟踪=中证工业有色金属主题指数  主题=有色金属
[ 85] 512660 军工ETF国泰  规模=69.35亿  跟踪=中证军工指数  主题=军工
[ 86] 159845 中证1000ETF华夏  规模=68.78亿  跟踪=中证1000指数  主题=中证1000
[ 87] 516150 稀土ETF嘉实  规模=67.76亿  跟踪=中证稀土产业指数  主题=有色金属
[ 88] 159865 养殖ETF国泰  规模=67.47亿  跟踪=中证畜牧养殖指数  主题=农业
[ 89] 159813 半导体ETF鹏华  规模=67.12亿  跟踪=国证半导体芯片指数  主题=半导体
[ 90] 588220 科创100ETF鹏华  规模=65.51亿  跟踪=上证科创板100指数  主题=科创板
[ 91] 159977 创业板ETF天弘  规模=65.33亿  跟踪=创业板指数(价格)  主题=创业板
[ 92] 159259 成长ETF易方达  规模=65.31亿  跟踪=国证成长100指数  主题=成长
[ 93] 515980 人工智能ETF华富  规模=64.82亿  跟踪=中证人工智能产业指数  主题=人工智能
[ 94] 159851 金融科技ETF华宝  规模=64.44亿  跟踪=中证金融科技主题指数  主题=其他
[ 95] 560610 A500ETF招商  规模=62.78亿  跟踪=中证A500指数  主题=中证A500
[ 96] 159562 黄金股ETF华夏  规模=62.42亿  跟踪=中证沪深港黄金产业股票指数  主题=黄金
[ 97] 512950 央企改革ETF华夏  规模=61.57亿  跟踪=中证央企结构调整指数  主题=央企国企
[ 98] 159770 机器人ETF天弘  规模=61.41亿  跟踪=中证机器人指数  主题=机器人
[ 99] 560010 中证1000ETF广发  规模=59.97亿  跟踪=中证1000指数  主题=中证1000
[100] 561980 半导体设备ETF招商  规模=58.61亿  跟踪=中证半导体产业指数  主题=半导体
2026-08-31 17:28:25  步骤1完成 -> /home/runner/work/daily-stock-metrics/daily-stock-metrics/output_etf/2026-08-31/etf_list_2026-08-31.csv
2026-08-31 17:28:25  步骤2: 计算 KDJ-J(日/周/月)...
2026-08-31 17:28:25  步骤2: 计算指标...
2026-08-31 17:28:25  观察池: 共63只(含历史追踪1只)
2026-08-31 17:28:25  待处理 63 条，并发数 8
2026-08-31 17:28:30  [  3] 159915 创业板ETF易方达  完成  日J=20.23 周J=25.56 月J=26.8 MA20=3.547 MA60=3.764 多头=0 价=3.46 涨=0.49%  PE=39.32(35.76%) PB=5.54(63.6%)
2026-08-31 17:28:31  [  2] 588000 科创50ETF华夏  完成  日J=63.38 周J=7.75 月J=40.45 MA20=1.784 MA60=1.91 多头=0 价=1.78 涨=1.37%  PE=78.19(84.48%) PB=7.75(91.77%)
2026-08-31 17:28:31  [  5] 588200 科创芯片ETF嘉实  完成  日J=60.86 周J=13.6 月J=44.07 MA20=1.188 MA60=1.289 多头=0 价=1.19 涨=1.36%  PE=119.83(79.77%) PB=None(None%)
2026-08-31 17:28:31  [  7] 588170 科创半导体ETF华夏  完成  日J=42.48 周J=20.14 月J=51.44 MA20=1.01 MA60=1.053 多头=0 价=1.01 涨=1.0%  PE=42.83(80.56%) PB=None(None%)
2026-08-31 17:28:31  [  1] 510300 沪深300ETF华泰柏瑞  完成  日J=58.9 周J=31.51 月J=33.96 MA20=4.702 MA60=4.783 多头=0 价=4.69 涨=0.24%  PE=14.42(78.53%) PB=1.45(47.72%)
2026-08-31 17:28:31  [  4] 512880 证券ETF国泰  完成  日J=116.41 周J=29.68 月J=35.61 MA20=1.089 MA60=1.098 多头=0 价=1.1 涨=0.09%  PE=15.33(10.52%) PB=1.29(19.88%)
2026-08-31 17:28:32  [  6] 159516 半导体设备ETF国泰  完成  日J=36.62 周J=20.01 月J=50.16 MA20=0.732 MA60=0.763 多头=0 价=0.72 涨=-0.14%  PE=112.35(95.07%) PB=None(None%)
2026-08-31 17:28:32  [  8] 510500 中证500ETF南方  完成  日J=73.9 周J=43.17 月J=39.05 MA20=7.916 MA60=8.117 多头=0 价=7.97 涨=0.59%  PE=28.01(72.7%) PB=2.46(78.76%)
2026-08-31 17:28:33  [ 12] 159995 芯片ETF华夏  完成  日J=55.96 周J=9.83 月J=35.64 MA20=1.176 MA60=1.301 多头=0 价=1.17 涨=1.39%  PE=None(None%) PB=None(None%)
2026-08-31 17:28:33  [ 10] 563360 A500ETF华泰柏瑞  完成  日J=55.56 周J=31.43 月J=31.08 MA20=1.298 MA60=1.327 多头=0 价=1.29 涨=0.0%  PE=16.37(77.99%) PB=None(None%)
2026-08-31 17:28:34  [ 11] 512890 红利低波ETF华泰柏瑞  完成  日J=77.72 周J=92.67 月J=76.27 MA20=1.172 MA60=1.15 多头=1 价=1.19 涨=0.51%  PE=7.94(72.49%) PB=0.87(61.56%)
2026-08-31 17:28:34  [ 14] 159949 创业板50ETF华安  完成  日J=15.65 周J=22.55 月J=19.97 MA20=1.664 MA60=1.786 多头=0 价=1.61 涨=0.06%  PE=None(None%) PB=None(None%)
2026-08-31 17:28:34  [  9] 515880 通信ETF国泰  完成  日J=54.77 周J=41.32 月J=35.04 MA20=0.664 MA60=0.734 多头=0 价=0.67 涨=0.3%  PE=49.1(92.71%) PB=None(None%)
2026-08-31 17:28:34  [ 16] 159819 人工智能ETF易方达  完成  日J=62.75 周J=11.78 月J=39.9 MA20=1.792 MA60=1.918 多头=0 价=1.78 涨=2.53%  PE=47.37(58.67%) PB=None(None%)
2026-08-31 17:28:34  [ 15] 512170 医疗ETF华宝  完成  日J=6.8 周J=69.63 月J=37.94 MA20=0.346 MA60=0.323 多头=1 价=0.34 涨=-0.58%  PE=29.13(27.88%) PB=3.5(12.92%)
2026-08-31 17:28:34  [ 13] 512400 有色金属ETF南方  完成  日J=88.98 周J=98.38 月J=10.39 MA20=1.926 MA60=1.868 多头=1 价=1.95 涨=-1.61%  PE=16.33(89.69%) PB=None(None%)
2026-08-31 17:28:36  [ 17] 512100 中证1000ETF南方  完成  日J=78.01 周J=54.04 月J=30.99 MA20=3.101 MA60=3.195 多头=0 价=3.15 涨=0.74%  PE=32.53(70.47%) PB=2.43(48.8%)
2026-08-31 17:28:36  [ 18] 510050 上证50ETF华夏  完成  日J=103.76 周J=56.9 月J=38.06 MA20=3.025 MA60=3.023 多头=1 价=3.04 涨=0.1%  PE=11.72(82.54%) PB=1.25(58.12%)
2026-08-31 17:28:36  [ 21] 515450 红利低波50ETF南方  完成  日J=59.0 周J=61.62 月J=68.14 MA20=1.404 MA60=1.39 多头=1 价=1.41 涨=0.43%  PE=8.45(78.04%) PB=0.87(61.56%)
2026-08-31 17:28:37  [ 20] 510880 红利ETF华泰柏瑞  完成  日J=101.64 周J=114.88 月J=86.23 MA20=3.35 MA60=3.217 多头=1 价=3.49 涨=0.84%  PE=8.82(80.68%) PB=0.86(62.72%)
2026-08-31 17:28:37  [ 19] 512480 半导体ETF国联安  完成  日J=61.0 周J=13.57 月J=39.56 MA20=1.055 MA60=1.154 多头=0 价=1.06 涨=2.02%  PE=89.71(85.77%) PB=None(None%)
2026-08-31 17:28:37  [ 24] 515050 通信ETF华夏  完成  日J=64.84 周J=36.63 月J=40.4 MA20=1.035 MA60=1.139 多头=0 价=1.05 涨=1.35%  PE=49.08(93.91%) PB=None(None%)
2026-08-31 17:28:37  [ 23] 515180 红利ETF易方达  完成  日J=106.18 周J=114.6 月J=69.51 MA20=1.429 MA60=1.387 多头=1 价=1.47 涨=0.55%  PE=8.59(61.67%) PB=0.85(50.52%)
2026-08-31 17:28:38  [ 22] 159326 电网设备ETF华夏  完成  日J=44.16 周J=33.79 月J=23.54 MA20=1.69 MA60=1.807 多头=0 价=1.67 涨=-0.48%  PE=12.64(85.44%) PB=None(None%)
2026-08-31 17:28:38  [ 25] 562500 机器人ETF华夏  完成  日J=44.07 周J=18.33 月J=16.1 MA20=0.987 MA60=1.041 多头=0 价=0.97 涨=1.99%  PE=53.01(53.97%) PB=None(None%)
2026-08-31 17:28:38  [ 29] 159201 自由现金流ETF华夏  完成  日J=96.78 周J=116.38 月J=19.72 MA20=1.18 MA60=1.146 多头=1 价=1.2 涨=-0.17%  PE=None(None%) PB=None(None%)
2026-08-31 17:28:39  [ 27] 159781 科创创业ETF易方达  完成  日J=31.11 周J=8.35 月J=31.63 MA20=1.117 MA60=1.216 多头=0 价=1.08 涨=0.18%  PE=42.36(59.28%) PB=None(None%)
2026-08-31 17:28:39  [ 28] 159530 机器人ETF易方达  完成  日J=31.53 周J=14.44 月J=11.23 MA20=1.374 MA60=1.454 多头=0 价=1.34 涨=1.67%  PE=None(None%) PB=None(None%)
2026-08-31 17:28:39  [ 26] 510180 上证180ETF华安  完成  日J=88.69 周J=53.86 月J=32.08 MA20=3.988 MA60=4.002 多头=0 价=3.99 涨=0.05%  PE=12.25(71.5%) PB=1.23(44.48%)
2026-08-31 17:28:39  [ 30] 159992 创新药ETF银华  完成  日J=3.57 周J=40.14 月J=59.14 MA20=0.892 MA60=0.838 多头=1 价=0.85 涨=-1.62%  PE=28.95(34.2%) PB=None(None%)
2026-08-31 17:28:40  [ 31] 159928 消费ETF汇添富  完成  日J=88.11 周J=75.48 月J=31.73 MA20=0.672 MA60=0.654 多头=1 价=0.67 涨=-0.15%  PE=19.78(19.27%) PB=3.47(2.32%)
2026-08-31 17:28:40  [ 32] 510210 上证指数ETF富国  完成  日J=95.63 周J=97.35 月J=38.0 MA20=1.002 MA60=1.002 多头=0 价=1.02 涨=0.79%  PE=15.47(75.21%) PB=None(None%)
2026-08-31 17:28:41  [ 34] 517520 黄金股ETF永赢  完成  日J=62.97 周J=101.72 月J=13.22 MA20=2.122 MA60=1.872 多头=1 价=2.21 涨=-3.19%  PE=21.28(50.19%) PB=None(None%)
2026-08-31 17:28:42  [ 33] 512010 医药ETF易方达  完成  日J=22.36 周J=58.0 月J=62.58 MA20=0.391 MA60=0.366 多头=1 价=0.38 涨=-0.78%  PE=23.55(4.57%) PB=None(None%)
2026-08-31 17:28:42  [ 36] 159870 化工ETF鹏华  完成  日J=103.92 周J=70.02 月J=24.67 MA20=0.812 MA60=0.815 多头=0 价=0.83 涨=-0.48%  PE=23.08(61.99%) PB=None(None%)
2026-08-31 17:28:42  [ 37] 512690 酒ETF鹏华  完成  日J=22.44 周J=62.02 月J=21.66 MA20=0.432 MA60=0.419 多头=1 价=0.42 涨=-0.71%  PE=19.06(14.97%) PB=None(None%)
2026-08-31 17:28:42  [ 35] 515220 煤炭ETF国泰  完成  日J=105.56 周J=122.09 月J=61.41 MA20=1.271 MA60=1.212 多头=1 价=1.38 涨=2.22%  PE=19.72(89.05%) PB=1.85(98.68%)
2026-08-31 17:28:42  [ 38] 512070 证券保险ETF易方达  完成  日J=118.37 周J=66.88 月J=17.58 MA20=0.793 MA60=0.794 多头=0 价=0.81 涨=0.37%  PE=9.78(2.48%) PB=None(None%)
2026-08-31 17:28:42  [ 39] 159206 卫星ETF永赢  完成  日J=38.9 周J=28.87 月J=5.14 MA20=1.388 MA60=1.485 多头=0 价=1.4 涨=4.26%  PE=None(None%) PB=None(None%)
2026-08-31 17:28:42  [ 40] 513630 港股低波红利ETF摩根  完成  日J=49.53 周J=77.83 月J=36.49 MA20=1.585 MA60=1.555 多头=1 价=1.59 涨=-0.19%  PE=None(None%) PB=None(None%)
2026-08-31 17:28:44  [ 41] 512760 芯片ETF国泰  完成  日J=58.15 周J=10.14 月J=38.87 MA20=1.123 MA60=1.23 多头=0 价=1.12 涨=1.73%  PE=88.18(73.72%) PB=None(None%)
2026-08-31 17:28:44  [ 46] 159869 游戏ETF华夏  完成  日J=85.09 周J=66.7 月J=-0.11 MA20=1.11 MA60=1.089 多头=1 价=1.1 涨=1.85%  PE=19.39(14.54%) PB=None(None%)
2026-08-31 17:28:44  [ 48] 159755 电池ETF广发  完成  日J=18.1 周J=28.18 月J=-2.56 MA20=0.965 MA60=1.004 多头=0 价=0.94 涨=-1.58%  PE=24.08(34.04%) PB=3.36(45.24%)
2026-08-31 17:28:44  [ 43] 512800 银行ETF华宝  完成  日J=86.22 周J=93.3 月J=85.56 MA20=0.81 MA60=0.793 多头=1 价=0.83 涨=1.59%  PE=6.83(78.12%) PB=0.68(43.52%)
2026-08-31 17:28:45  [ 47] 560860 工业有色ETF万家  完成  日J=93.26 周J=86.97 月J=13.7 MA20=1.643 MA60=1.609 多头=1 价=1.66 涨=-1.14%  PE=61.9(32.28%) PB=None(None%)
2026-08-31 17:28:45  [ 42] 516650 有色金属ETF华夏  完成  日J=87.8 周J=100.63 月J=6.68 MA20=1.88 MA60=1.808 多头=1 价=1.9 涨=-1.55%  PE=20.17(27.49%) PB=None(None%)
2026-08-31 17:28:45  [ 44] 159611 电力ETF广发  完成  日J=75.48 周J=38.1 月J=5.74 MA20=1.049 MA60=1.061 多头=0 价=1.03 涨=-0.58%  PE=16.32(72.97%) PB=None(None%)
2026-08-31 17:28:45  [ 45] 159852 软件ETF嘉实  完成  日J=84.62 周J=52.91 月J=0.14 MA20=0.702 MA60=0.693 多头=1 价=0.69 涨=1.31%  PE=55.48(49.64%) PB=None(None%)
2026-08-31 17:28:46  [ 51] 159263 价值ETF易方达  完成  日J=97.07 周J=95.83 月J=54.05 MA20=1.148 MA60=1.119 多头=1 价=1.16 涨=0.17%  PE=None(None%) PB=None(None%)
2026-08-31 17:28:47  [ 49] 512710 军工龙头ETF富国  完成  日J=87.62 周J=44.31 月J=-6.4 MA20=0.619 MA60=0.636 多头=0 价=0.63 涨=1.29%  PE=None(None%) PB=None(None%)
2026-08-31 17:28:47  [ 53] 159363 创业板人工智能ETF华宝  完成  日J=55.08 周J=46.06 月J=44.44 MA20=1.242 MA60=1.321 多头=0 价=1.25 涨=2.3%  PE=None(None%) PB=None(None%)
2026-08-31 17:28:47  [ 52] 563300 中证2000ETF华泰柏瑞  完成  日J=93.56 周J=66.18 月J=36.07 MA20=1.414 MA60=1.453 多头=0 价=1.45 涨=0.9%  PE=40.15(69.09%) PB=None(None%)
2026-08-31 17:28:47  [ 50] 159307 红利低波100ETF博时  完成  日J=81.74 周J=63.33 月J=56.8 MA20=1.028 MA60=1.015 多头=1 价=1.03 涨=0.19%  PE=8.71(79.71%) PB=None(None%)
2026-08-31 17:28:47  [ 54] 512660 军工ETF国泰  完成  日J=67.65 周J=37.85 月J=-1.96 MA20=1.132 MA60=1.174 多头=0 价=1.14 涨=1.69%  PE=46.44(15.09%) PB=3.25(53.28%)
2026-08-31 17:28:48  [ 56] 159865 养殖ETF国泰  完成  日J=96.84 周J=106.27 月J=24.1 MA20=0.538 MA60=0.523 多头=1 价=0.55 涨=0.18%  PE=23.77(57.07%) PB=None(None%)
2026-08-31 17:28:48  [ 57] 588220 科创100ETF鹏华  完成  日J=53.25 周J=41.45 月J=44.99 MA20=1.789 MA60=1.856 多头=0 价=1.82 涨=2.48%  PE=None(None%) PB=None(None%)
2026-08-31 17:28:48  [ 55] 516150 稀土ETF嘉实  完成  日J=61.46 周J=44.24 月J=12.13 MA20=1.77 MA60=1.83 多头=0 价=1.76 涨=0.4%  PE=29.92(33.54%) PB=None(None%)
2026-08-31 17:28:49  [ 58] 159259 成长ETF易方达  完成  日J=76.57 周J=36.84 月J=41.03 MA20=1.338 MA60=1.465 多头=0 价=1.37 涨=2.39%  PE=None(None%) PB=None(None%)
2026-08-31 17:28:49  [ 59] 515980 人工智能ETF华富  完成  日J=66.89 周J=20.61 月J=41.06 MA20=1.044 MA60=1.113 多头=0 价=1.04 涨=2.26%  PE=50.87(81.67%) PB=None(None%)
2026-08-31 17:28:49  [ 60] 159851 金融科技ETF华宝  完成  日J=100.61 周J=84.2 月J=4.52 MA20=0.63 MA60=0.622 多头=1 价=0.64 涨=0.47%  PE=33.12(12.36%) PB=None(None%)
2026-08-31 17:28:49  [ 61] 512950 央企改革ETF华夏  完成  日J=88.73 周J=54.53 月J=39.14 MA20=1.511 MA60=1.525 多头=0 价=1.52 涨=0.53%  PE=15.9(84.63%) PB=None(None%)
2026-08-31 17:28:50  [ 62] 561980 半导体设备ETF招商  完成  日J=45.76 周J=13.96 月J=52.56 MA20=0.708 MA60=0.743 多头=0 价=0.7 涨=1.01%  PE=131.53(94.92%) PB=None(None%)
2026-08-31 17:28:50  [ 63] 159967 创业板成长ETF华夏  完成  日J=31.3 周J=29.42 月J=35.8 MA20=0.802 MA60=0.874 多头=0 价=0.79 涨=0.9%  PE=None(None%) PB=None(None%)
2026-08-31 17:28:50  全部完成，结果已写入 /home/runner/work/daily-stock-metrics/daily-stock-metrics/output_etf/2026-08-31/metrics_2026-08-31.csv
2026-08-31 17:28:50  步骤2完成 -> /home/runner/work/daily-stock-metrics/daily-stock-metrics/output_etf/2026-08-31/metrics_2026-08-31.csv
2026-08-31 17:28:50  步骤3: 生成 HTML 总结报告...
2026-08-31 17:28:51  步骤3完成 -> /home/runner/work/daily-stock-metrics/daily-stock-metrics/output_etf/2026-08-31/report_2026-08-31.html
2026-08-31 17:28:51  步骤4: 发送邮件报告...
2026-08-31 17:28:54  步骤4完成: 邮件已发送
2026-08-31 17:28:54  ===== 全部完成 2026-08-31 =====
2026-08-31 17:38:50  今日(2026-08-31)已完成，跳过。结果目录: /home/runner/work/daily-stock-metrics/daily-stock-metrics/output_etf/2026-08-31
