2026-08-27 17:35:00  ===== 开始每日港股通指标任务 2026-08-27 =====
2026-08-27 17:35:00  步骤1: 获取港股通总市值前100标的...
获取港股通标的列表(共取市值前 100 只)...
接口返回 100 只港股通标的
2026-08-27 17:35:00  步骤1完成 -> C:\Users\hailo\Desktop\每周自动指标\output_hk\2026-08-27\hk_list_2026-08-27.csv
2026-08-27 17:35:00  步骤2: 计算 KDJ-J(日/周/月)...
2026-08-27 17:35:00  步骤2: 计算指标...
2026-08-27 17:35:00  观察池: 共100只(含历史追踪0只)
2026-08-27 17:35:00  待处理 100 条，并发数 5
2026-08-27 17:35:04  [  2] 03750 宁德时代  完成  日J=-1.24 周J=31.83 月J=46.36 MA20=638.225 MA60=655.158 多头=0 价=613.5 涨=-0.73%  PE=29.46(None%) PB=6.5(None%)
2026-08-27 17:35:04  [  5] 00939 建设银行  完成  日J=70.8 周J=97.29 月J=87.89 MA20=8.99 MA60=8.667 多头=1 价=9.13 涨=-0.87%  PE=6.25(None%) PB=0.59(None%)
2026-08-27 17:35:04  [  4] 01398 工商银行  完成  日J=72.16 周J=92.49 月J=84.32 MA20=7.326 MA60=7.04 多头=1 价=7.46 涨=-1.19%  PE=6.4(None%) PB=0.6(None%)
2026-08-27 17:35:04  [  1] 00700 腾讯控股  完成  日J=52.5 周J=45.96 月J=6.08 MA20=460.89 MA60=454.2 多头=1 价=447.8 涨=0.54%  PE=15.27(None%) PB=3.11(None%)
2026-08-27 17:35:04  [  3] 00005 汇丰控股  完成  日J=53.02 周J=62.01 月J=92.28 MA20=162.695 MA60=155.087 多头=1 价=161.8 涨=0.06%  PE=14.73(None%) PB=2.05(None%)
2026-08-27 17:35:07  [  6] 09988 阿里巴巴-W  完成  日J=20.47 周J=82.56 月J=19.37 MA20=122.145 MA60=112.888 多头=1 价=115.5 涨=-0.94%  PE=27.03(None%) PB=1.82(None%)
2026-08-27 17:35:07  [  7] 01288 农业银行  完成  日J=84.55 周J=87.89 月J=79.56 MA20=6.063 MA60=5.835 多头=1 价=6.24 涨=-0.64%  PE=6.63(None%) PB=0.68(None%)
2026-08-27 17:35:08  [  8] 00857 中国石油股份  完成  日J=62.76 周J=97.64 月J=33.72 MA20=9.753 MA60=9.649 多头=1 价=9.97 涨=0.5%  PE=10.28(None%) PB=0.99(None%)
2026-08-27 17:35:08  [  9] 03988 中国银行  完成  日J=78.59 周J=94.09 月J=91.59 MA20=5.373 MA60=5.265 多头=1 价=5.5 涨=-0.9%  PE=6.47(None%) PB=0.57(None%)
2026-08-27 17:35:08  [ 10] 00941 中国移动  完成  日J=0.61 周J=61.41 月J=34.06 MA20=81.963 MA60=80.85 多头=1 价=79.45 涨=-0.81%  PE=11.46(None%) PB=1.03(None%)
2026-08-27 17:35:10  [ 11] 03968 招商银行  完成  日J=81.7 周J=83.53 月J=59.1 MA20=49.005 MA60=47.802 多头=1 价=49.52 涨=0.2%  PE=7.4(None%) PB=0.97(None%)
2026-08-27 17:35:11  [ 12] 03308 中际旭创  完成  日J=2.24 周J=48.85 月J=None MA20=1098.85 MA60=None 多头=None 价=1046.0 涨=3.05%  PE=52.53(None%) PB=25.42(None%)
2026-08-27 17:35:11  [ 15] 02899 紫金矿业  完成  日J=65.32 周J=104.24 月J=30.29 MA20=35.856 MA60=32.576 多头=1 价=37.66 涨=-1.1%  PE=13.03(None%) PB=4.31(None%)
2026-08-27 17:35:11  [ 14] 02318 中国平安  完成  日J=109.29 周J=87.47 月J=13.56 MA20=56.342 MA60=55.46 多头=1 价=57.2 涨=-0.78%  PE=5.72(None%) PB=0.88(None%)
2026-08-27 17:35:11  [ 13] 00883 中国海洋石油  完成  日J=74.51 周J=113.83 月J=28.43 MA20=24.127 MA60=23.509 多头=1 价=25.12 涨=0.8%  PE=7.57(None%) PB=1.21(None%)
2026-08-27 17:35:13  [ 16] 01088 中国神华  完成  日J=88.01 周J=112.03 月J=48.38 MA20=43.765 MA60=43.188 多头=1 价=45.72 涨=1.55%  PE=16.81(None%) PB=1.77(None%)
2026-08-27 17:35:14  [ 17] 01211 比亚迪股份  完成  日J=64.25 周J=92.43 月J=53.2 MA20=91.46 MA60=87.112 多头=1 价=91.25 涨=-1.46%  PE=26.99(None%) PB=3.17(None%)
2026-08-27 17:35:14  [ 20] 00300 美的集团  完成  日J=96.82 周J=100.59 月J=94.45 MA20=97.273 MA60=92.043 多头=1 价=99.15 涨=0.51%  PE=15.27(None%) PB=2.87(None%)
2026-08-27 17:35:14  [ 18] 02628 中国人寿  完成  日J=108.87 周J=65.44 月J=32.77 MA20=28.119 MA60=28.288 多头=0 价=29.32 涨=0.41%  PE=2.95(None%) PB=1.08(None%)
2026-08-27 17:35:14  [ 19] 01299 友邦保险  完成  日J=87.5 周J=47.7 月J=11.73 MA20=74.425 MA60=74.62 多头=0 价=74.65 涨=0.61%  PE=12.4(None%) PB=2.42(None%)
2026-08-27 17:35:16  [ 21] 01810 小米集团-W  完成  日J=74.44 周J=66.19 月J=25.18 MA20=27.31 MA60=26.318 多头=1 价=27.48 涨=-3.44%  PE=18.92(None%) PB=2.28(None%)
2026-08-27 17:35:17  [ 22] 03328 交通银行  完成  日J=79.37 周J=96.96 月J=83.74 MA20=7.406 MA60=7.249 多头=1 价=7.54 涨=-0.4%  PE=6.17(None%) PB=0.51(None%)
2026-08-27 17:35:17  [ 23] 09999 网易  完成  日J=37.54 周J=26.59 月J=43.97 MA20=198.94 MA60=198.32 多头=1 价=193.2 涨=-1.18%  PE=16.77(None%) PB=3.22(None%)
2026-08-27 17:35:18  [ 25] 01658 邮储银行  完成  日J=81.92 周J=76.79 月J=40.73 MA20=4.902 MA60=4.896 多头=1 价=4.97 涨=-0.7%  PE=6.06(None%) PB=0.51(None%)
2026-08-27 17:35:18  [ 24] 00981 中芯国际  完成  日J=29.99 周J=31.57 月J=47.39 MA20=68.623 MA60=73.556 多头=0 价=71.3 涨=2.3%  PE=75.16(None%) PB=3.1(None%)
2026-08-27 17:35:19  [ 26] 02359 药明康德  完成  日J=12.8 周J=88.65 月J=91.99 MA20=194.025 MA60=160.652 多头=1 价=199.0 涨=-0.4%  PE=23.66(None%) PB=6.15(None%)
2026-08-27 17:35:20  [ 27] 00386 中国石油化工股份  完成  日J=98.98 周J=101.89 月J=22.04 MA20=4.397 MA60=4.261 多头=1 价=4.68 涨=-0.64%  PE=13.97(None%) PB=0.58(None%)
2026-08-27 17:35:20  [ 28] 02513 智谱  完成  日J=39.17 周J=13.47 月J=27.26 MA20=1110.825 MA60=1394.317 多头=0 价=1160.0 涨=12.62%  PE=-103.84(None%) PB=-5.22(None%)
2026-08-27 17:35:21  [ 29] 00388 香港交易所  完成  日J=103.04 周J=114.15 月J=59.83 MA20=412.42 MA60=394.89 多头=1 价=422.2 涨=0.33%  PE=27.03(None%) PB=8.82(None%)
2026-08-27 17:35:21  [ 30] 02388 中银香港  完成  日J=19.05 周J=83.16 月J=82.08 MA20=50.499 MA60=48.201 多头=1 价=49.82 涨=-0.36%  PE=13.13(None%) PB=1.47(None%)
2026-08-27 17:35:22  [ 31] 02888 渣打集团  完成  日J=28.72 周J=78.72 月J=96.02 MA20=234.49 MA60=221.975 多头=1 价=233.2 涨=1.57%  PE=12.06(None%) PB=1.41(None%)
2026-08-27 17:35:22  [ 32] 02475 立讯精密  完成  日J=96.77 周J=80.49 月J=None MA20=60.465 MA60=None 多头=None 价=64.05 涨=1.1%  PE=24.63(None%) PB=4.37(None%)
2026-08-27 17:35:23  [ 33] 09633 农夫山泉  完成  日J=56.85 周J=60.89 月J=12.05 MA20=42.848 MA60=42.322 多头=1 价=42.94 涨=-2.59%  PE=24.84(None%) PB=11.29(None%)
2026-08-27 17:35:24  [ 34] 03690 美团-W  完成  日J=-2.14 周J=50.72 月J=46.51 MA20=87.985 MA60=81.694 多头=1 价=77.5 涨=-0.7%  PE=-10.76(None%) PB=2.82(None%)
2026-08-27 17:35:24  [ 35] 00998 中信银行  完成  日J=106.77 周J=113.81 月J=64.23 MA20=7.655 MA60=7.37 多头=1 价=8.18 涨=1.55%  PE=5.59(None%) PB=0.53(None%)
2026-08-27 17:35:24  [ 36] 00728 中国电信  完成  日J=90.68 周J=109.75 月J=29.85 MA20=4.693 MA60=4.659 多头=1 价=4.89 涨=0.72%  PE=13.14(None%) PB=0.82(None%)
2026-08-27 17:35:25  [ 37] 06030 中信证券  完成  日J=88.96 周J=32.12 月J=51.56 MA20=26.814 MA60=27.014 多头=0 价=27.48 涨=-0.58%  PE=9.52(None%) PB=1.2(None%)
2026-08-27 17:35:26  [ 38] 02259 紫金黄金国际  完成  日J=80.21 周J=109.1 月J=17.03 MA20=138.355 MA60=117.39 多头=1 价=155.9 涨=-1.7%  PE=21.12(None%) PB=5.7(None%)
2026-08-27 17:35:27  [ 39] 00992 联想集团  完成  日J=17.32 周J=65.73 月J=94.11 MA20=29.243 MA60=25.291 多头=1 价=30.72 涨=0.52%  PE=61.03(None%) PB=6.74(None%)
2026-08-27 17:35:27  [ 40] 03993 洛阳钼业  完成  日J=85.65 周J=65.11 月J=9.85 MA20=17.549 MA60=17.018 多头=1 价=17.53 涨=-3.1%  PE=11.87(None%) PB=3.63(None%)
2026-08-27 17:35:27  [ 41] 00267 中信股份  完成  日J=75.6 周J=101.91 月J=51.87 MA20=12.305 MA60=12.116 多头=1 价=12.82 涨=-0.85%  PE=5.74(None%) PB=0.43(None%)
2026-08-27 17:35:28  [ 42] 06809 澜起科技  完成  日J=60.79 周J=14.29 月J=44.24 MA20=272.49 MA60=331.703 多头=0 价=301.2 涨=12.3%  PE=128.29(None%) PB=15.59(None%)
2026-08-27 17:35:29  [ 43] 03986 兆易创新  完成  日J=39.81 周J=2.8 月J=22.17 MA20=494.725 MA60=669.7 多头=0 价=516.0 涨=7.05%  PE=39.97(None%) PB=8.44(None%)
2026-08-27 17:35:30  [ 44] 02328 中国财险  完成  日J=88.79 周J=82.88 月J=49.87 MA20=15.868 MA60=15.173 多头=1 价=16.12 涨=-0.92%  PE=8.49(None%) PB=1.08(None%)
2026-08-27 17:35:30  [ 45] 00016 新鸿基地产  完成  日J=66.4 周J=87.96 月J=43.22 MA20=120.645 MA60=118.808 多头=1 价=123.5 涨=-0.88%  PE=16.27(None%) PB=0.58(None%)
2026-08-27 17:35:30  [ 46] 06160 百济神州  完成  日J=58.82 周J=96.13 月J=72.14 MA20=213.945 MA60=189.377 多头=1 价=226.0 涨=-0.96%  PE=68.03(None%) PB=8.59(None%)
2026-08-27 17:35:31  [ 47] 01276 恒瑞医药  完成  日J=22.15 周J=10.11 月J=2.44 MA20=53.66 MA60=55.557 多头=0 价=48.86 涨=4.58%  PE=36.86(None%) PB=4.37(None%)
2026-08-27 17:35:32  [ 48] 02601 中国太保  完成  日J=97.75 周J=72.66 月J=8.46 MA20=29.359 MA60=29.387 多头=0 价=29.86 涨=-0.6%  PE=4.77(None%) PB=0.79(None%)
2026-08-27 17:35:33  [ 49] 02611 国泰海通  完成  日J=99.65 周J=56.62 月J=41.14 MA20=14.707 MA60=14.764 多头=0 价=15.72 涨=-0.25%  PE=7.5(None%) PB=0.73(None%)
2026-08-27 17:35:33  [ 50] 02338 潍柴动力  完成  日J=4.6 周J=30.39 月J=47.43 MA20=33.946 MA60=34.804 多头=0 价=31.6 涨=-1.62%  PE=21.57(None%) PB=2.55(None%)
2026-08-27 17:35:33  [ 51] 02378 保诚  完成  日J=63.42 周J=36.46 月J=31.48 MA20=110.405 MA60=108.183 多头=1 价=109.0 涨=-1.45%  PE=9.6(None%) PB=1.76(None%)
2026-08-27 17:35:34  [ 52] 00001 长和  完成  日J=59.87 周J=64.31 月J=85.21 MA20=71.498 MA60=69.758 多头=1 价=70.25 涨=-0.07%  PE=7.12(None%) PB=0.47(None%)
2026-08-27 17:35:34  [ 53] 01919 中远海控  完成  日J=84.28 周J=108.04 月J=84.32 MA20=16.241 MA60=14.952 多头=1 价=17.59 涨=0.23%  PE=9.54(None%) PB=1.01(None%)
2026-08-27 17:35:35  [ 54] 00669 创科实业  完成  日J=16.41 周J=69.03 月J=92.66 MA20=141.205 MA60=130.493 多头=1 价=138.7 涨=0.95%  PE=24.89(None%) PB=4.34(None%)
2026-08-27 17:35:36  [ 55] 02476 胜宏科技  完成  日J=72.89 周J=43.07 月J=13.8 MA20=231.07 MA60=279.387 多头=0 价=253.0 涨=6.93%  PE=47.49(None%) PB=11.2(None%)
2026-08-27 17:35:37  [ 56] 01109 华润置地  完成  日J=9.4 周J=79.27 月J=47.15 MA20=33.876 MA60=33.504 多头=1 价=33.84 涨=-2.7%  PE=8.58(None%) PB=0.75(None%)
2026-08-27 17:35:37  [ 57] 01339 中国人民保险集团  完成  日J=104.07 周J=80.51 月J=9.02 MA20=5.248 MA60=5.168 多头=1 价=5.37 涨=-1.01%  PE=5.02(None%) PB=0.66(None%)
2026-08-27 17:35:37  [ 58] 01378 中国宏桥  完成  日J=64.54 周J=75.68 月J=-4.59 MA20=23.486 MA60=23.311 多头=1 价=23.14 涨=-2.28%  PE=7.25(None%) PB=1.48(None%)
2026-08-27 17:35:38  [ 59] 03692 翰森制药  完成  日J=75.66 周J=96.78 月J=30.74 MA20=32.894 MA60=31.694 多头=1 价=36.82 涨=16.01%  PE=29.32(None%) PB=5.13(None%)
2026-08-27 17:35:39  [ 60] 06951 三环集团  完成  日J=7.1 周J=67.1 月J=None MA20=112.52 MA60=None 多头=None 价=111.4 涨=4.5%  PE=59.05(None%) PB=8.19(None%)
2026-08-27 17:35:40  [ 61] 02020 安踏体育  完成  日J=80.47 周J=69.52 月J=52.29 MA20=74.55 MA60=74.017 多头=1 价=77.8 涨=-1.21%  PE=11.92(None%) PB=2.64(None%)
2026-08-27 17:35:40  [ 62] 01347 华虹宏力  完成  日J=36.22 周J=-2.12 月J=37.64 MA20=128.465 MA60=151.56 多头=0 价=122.8 涨=4.51%  PE=265.96(None%) PB=3.81(None%)
2026-08-27 17:35:40  [ 63] 02269 药明生物  完成  日J=60.5 周J=93.59 月J=75.08 MA20=45.992 MA60=38.657 多头=1 价=50.5 涨=-0.49%  PE=36.86(None%) PB=3.78(None%)
2026-08-27 17:35:41  [ 64] 09992 泡泡玛特  完成  日J=87.4 周J=34.37 月J=2.6 MA20=155.045 MA60=160.483 多头=0 价=154.0 涨=-0.19%  PE=13.74(None%) PB=7.72(None%)
2026-08-27 17:35:42  [ 65] 00066 港铁公司  完成  日J=17.96 周J=88.24 月J=29.79 MA20=32.809 MA60=32.06 多头=1 价=32.56 涨=0.0%  PE=8.87(None%) PB=0.99(None%)
2026-08-27 17:35:43  [ 66] 06690 海尔智家  完成  日J=92.95 周J=54.32 月J=18.83 MA20=21.266 MA60=20.972 多头=1 价=21.42 涨=-0.46%  PE=9.58(None%) PB=1.42(None%)
2026-08-27 17:35:43  [ 67] 00002 中电控股  完成  日J=42.46 周J=101.55 月J=95.9 MA20=78.192 MA60=76.107 多头=1 价=78.85 涨=0.13%  PE=18.38(None%) PB=1.8(None%)
2026-08-27 17:35:43  [ 68] 00175 吉利汽车  完成  日J=53.6 周J=47.19 月J=27.18 MA20=18.607 MA60=18.571 多头=1 价=18.3 涨=-0.33%  PE=10.4(None%) PB=1.81(None%)
2026-08-27 17:35:44  [ 69] 02714 牧原股份  完成  日J=32.94 周J=90.88 月J=15.7 MA20=33.457 MA60=32.38 多头=1 价=34.1 涨=1.43%  PE=-140.82(None%) PB=2.16(None%)
2026-08-27 17:35:45  [ 70] 01801 信达生物  完成  日J=75.95 周J=97.38 月J=74.7 MA20=96.185 MA60=87.61 多头=1 价=107.6 涨=-2.0%  PE=131.33(None%) PB=7.83(None%)
2026-08-27 17:35:46  [ 71] 06818 中国光大银行  完成  日J=49.74 周J=38.35 月J=14.29 MA20=3.051 MA60=3.105 多头=0 价=3.02 涨=-0.66%  PE=4.21(None%) PB=0.31(None%)
2026-08-27 17:35:46  [ 72] 06031 三一重工  完成  日J=62.28 周J=30.45 月J=7.56 MA20=19.491 MA60=19.749 多头=0 价=18.88 涨=0.11%  PE=18.38(None%) PB=1.69(None%)
2026-08-27 17:35:46  [ 73] 00762 中国联通  完成  日J=30.52 周J=19.6 月J=3.92 MA20=6.19 MA60=6.544 多头=0 价=5.67 涨=-1.99%  PE=9.6(None%) PB=0.4(None%)
2026-08-27 17:35:47  [ 74] 06936 顺丰控股  完成  日J=62.05 周J=83.41 月J=53.44 MA20=32.783 MA60=31.818 多头=1 价=32.7 涨=-0.3%  PE=13.49(None%) PB=1.45(None%)
2026-08-27 17:35:47  [ 75] 03288 海天味业  完成  日J=30.88 周J=23.75 月J=12.15 MA20=32.116 MA60=31.375 多头=1 价=29.0 涨=-11.21%  PE=20.38(None%) PB=3.77(None%)
2026-08-27 17:35:48  [ 76] 01038 长江基建集团  完成  日J=61.13 周J=103.21 月J=77.2 MA20=63.54 MA60=61.055 多头=1 价=65.55 涨=0.0%  PE=6.56(None%) PB=1.12(None%)
2026-08-27 17:35:49  [ 77] 02423 贝壳-W  完成  日J=86.43 周J=99.17 月J=65.51 MA20=44.96 MA60=42.526 多头=1 价=47.06 涨=-2.0%  PE=29.86(None%) PB=2.16(None%)
2026-08-27 17:35:49  [ 78] 00788 中国铁塔  完成  日J=14.85 周J=44.22 月J=5.91 MA20=9.519 MA60=9.465 多头=1 价=9.19 涨=-0.7%  PE=10.65(None%) PB=0.68(None%)
2026-08-27 17:35:50  [ 79] 01113 长实集团  完成  日J=57.67 周J=62.74 月J=50.21 MA20=46.858 MA60=46.284 多头=1 价=46.12 涨=-1.41%  PE=12.2(None%) PB=0.4(None%)
2026-08-27 17:35:50  [ 80] 01898 中煤能源  完成  日J=94.6 周J=111.29 月J=16.68 MA20=11.07 MA60=10.987 多头=1 价=11.86 涨=2.33%  PE=9.01(None%) PB=0.82(None%)
2026-08-27 17:35:51  [ 81] 06886 华泰证券  完成  日J=89.86 周J=82.03 月J=27.62 MA20=16.852 MA60=16.824 多头=1 价=17.32 涨=-0.23%  PE=7.97(None%) PB=0.78(None%)
2026-08-27 17:35:52  [ 82] 00688 中国海外发展  完成  日J=60.64 周J=84.71 月J=46.24 MA20=13.622 MA60=13.691 多头=0 价=14.17 涨=-1.25%  PE=12.2(None%) PB=0.34(None%)
2026-08-27 17:35:53  [ 83] 01766 中国中车  完成  日J=88.25 周J=99.75 月J=34.97 MA20=5.14 MA60=4.995 多头=1 价=5.3 涨=0.57%  PE=9.6(None%) PB=0.75(None%)
2026-08-27 17:35:53  [ 84] 09973 奇瑞汽车  完成  日J=57.66 周J=80.85 月J=25.03 MA20=26.056 MA60=25.834 多头=1 价=26.08 涨=-0.61%  PE=7.47(None%) PB=2.43(None%)
2026-08-27 17:35:53  [ 85] 01816 中广核电力  完成  日J=96.16 周J=91.0 月J=13.5 MA20=2.859 MA60=2.857 多头=1 价=2.99 涨=-0.5%  PE=13.34(None%) PB=1.06(None%)
2026-08-27 17:35:54  [ 86] 01377 鼎泰高科  完成  日J=46.7 周J=51.66 月J=None MA20=351.18 MA60=None 多头=None 价=355.6 涨=0.4%  PE=138.74(None%) PB=40.69(None%)
2026-08-27 17:35:55  [ 87] 00027 银河娱乐  完成  日J=0.03 周J=98.77 月J=22.23 MA20=34.335 MA60=32.23 多头=1 价=34.36 涨=-1.09%  PE=14.04(None%) PB=1.78(None%)
2026-08-27 17:35:56  [ 88] 06869 长飞光纤光缆  完成  日J=95.32 周J=45.62 月J=40.11 MA20=132.248 MA60=172.552 多头=0 价=179.8 涨=10.31%  PE=37.74(None%) PB=7.9(None%)
2026-08-27 17:35:56  [ 89] 01988 民生银行  完成  日J=48.56 周J=62.68 月J=22.88 MA20=3.459 MA60=3.425 多头=1 价=3.4 涨=-1.31%  PE=4.49(None%) PB=0.23(None%)
2026-08-27 17:35:56  [ 90] 01336 新华保险  完成  日J=81.95 周J=61.58 月J=2.69 MA20=47.1 MA60=47.928 多头=0 价=47.12 涨=-4.31%  PE=2.93(None%) PB=1.03(None%)
2026-08-27 17:35:57  [ 91] 01024 快手-W  完成  日J=6.45 周J=0.68 月J=-10.36 MA20=39.82 MA60=42.633 多头=0 价=33.66 涨=0.12%  PE=8.17(None%) PB=1.54(None%)
2026-08-27 17:35:58  [ 92] 02600 中国铝业  完成  日J=63.51 周J=72.22 月J=-7.63 MA20=8.446 MA60=8.504 多头=0 价=8.46 涨=-1.4%  PE=8.82(None%) PB=1.59(None%)
2026-08-27 17:35:59  [ 93] 03606 福耀玻璃  完成  日J=9.07 周J=70.96 月J=30.47 MA20=56.842 MA60=54.326 多头=1 价=55.2 涨=-1.69%  PE=14.99(None%) PB=3.28(None%)
2026-08-27 17:35:59  [ 94] 01776 广发证券  完成  日J=100.58 周J=85.53 月J=61.9 MA20=17.312 MA60=17.081 多头=1 价=18.34 涨=0.22%  PE=8.19(None%) PB=0.92(None%)
2026-08-27 17:35:59  [ 95] 01972 太古地产  完成  日J=47.73 周J=101.46 月J=46.74 MA20=24.256 MA60=22.51 多头=1 价=24.68 涨=-0.64%  PE=43.06(None%) PB=0.52(None%)
2026-08-27 17:36:00  [ 96] 00012 恒基地产  完成  日J=72.3 周J=95.7 月J=22.9 MA20=28.102 MA60=27.158 多头=1 价=29.2 涨=-1.42%  PE=20.68(None%) PB=0.43(None%)
2026-08-27 17:36:01  [ 97] 06099 招商证券  完成  日J=105.98 周J=27.74 月J=57.7 MA20=14.971 MA60=15.74 多头=0 价=16.12 涨=2.68%  PE=6.93(None%) PB=0.97(None%)
2026-08-27 17:36:02  [ 99] 01171 兖矿能源  完成  日J=103.53 周J=113.07 月J=32.85 MA20=12.476 MA60=12.338 多头=1 价=13.6 涨=4.7%  PE=12.52(None%) PB=1.58(None%)
2026-08-27 17:36:02  [ 98] 01888 建滔积层板  完成  日J=92.26 周J=9.53 月J=24.36 MA20=36.685 MA60=55.53 多头=0 价=43.94 涨=10.51%  PE=31.5(None%) PB=7.55(None%)
2026-08-27 17:36:02  [100] 00003 香港中华煤气  完成  日J=79.06 周J=93.63 月J=47.96 MA20=7.03 MA60=6.849 多头=1 价=7.3 涨=-0.68%  PE=21.42(None%) PB=2.27(None%)
2026-08-27 17:36:02  全部完成，结果已写入 C:\Users\hailo\Desktop\每周自动指标\output_hk\2026-08-27\metrics_2026-08-27.csv
2026-08-27 17:36:02  步骤2完成 -> C:\Users\hailo\Desktop\每周自动指标\output_hk\2026-08-27\metrics_2026-08-27.csv
2026-08-27 17:36:02  步骤3: 生成 HTML 总结报告...
2026-08-27 17:36:03  步骤3完成 -> C:\Users\hailo\Desktop\每周自动指标\output_hk\2026-08-27\report_2026-08-27.html
2026-08-27 17:36:03  步骤4: 发送邮件报告...
2026-08-27 17:36:05  步骤4完成: 邮件已发送
2026-08-27 17:36:05  ===== 全部完成 2026-08-27 =====
