2026-08-06 20:52:44  ===== 开始每日港股通指标任务 2026-08-06 =====
2026-08-06 20:52:44  步骤1: 获取港股通总市值前100标的...
获取港股通标的列表(共取市值前 100 只)...
接口返回 100 只港股通标的
2026-08-06 20:52:45  步骤1完成 -> C:\Users\hailo\Desktop\每周自动指标\output_hk\2026-08-06\hk_list_2026-08-06.csv
2026-08-06 20:52:45  步骤2: 计算 KDJ-J(日/周/月)...
2026-08-06 20:52:47  [  1] 00700 腾讯控股  完成  日J=91.13 周J=88.71 月J=16.79 价=479.2 涨=-2.64%  PE=16.55(None%) PB=3.42(None%)
2026-08-06 20:52:49  [  2] 03750 宁德时代  完成  日J=59.39 周J=16.43 月J=49.7 价=628.0 涨=-5.28%  PE=30.16(None%) PB=6.65(None%)
2026-08-06 20:52:50  [  3] 00005 汇丰控股  完成  日J=9.34 周J=84.11 月J=90.11 价=160.1 涨=-1.23%  PE=14.59(None%) PB=2.03(None%)
2026-08-06 20:52:51  [  4] 01398 工商银行  完成  日J=-3.53 周J=85.65 月J=72.65 价=7.2 涨=-0.07%  PE=6.18(None%) PB=0.57(None%)
2026-08-06 20:52:52  [  5] 09988 阿里巴巴-W  完成  日J=95.87 周J=96.29 月J=27.46 价=124.4 涨=-2.89%  PE=20.33(None%) PB=1.97(None%)
2026-08-06 20:52:54  [  6] 00939 建设银行  完成  日J=1.55 周J=85.61 月J=77.14 价=8.86 涨=0.68%  PE=6.06(None%) PB=0.58(None%)
2026-08-06 20:52:55  [  7] 01288 农业银行  完成  日J=-3.19 周J=76.51 月J=63.09 价=5.93 涨=-0.08%  PE=6.31(None%) PB=0.65(None%)
2026-08-06 20:52:56  [  8] 00941 中国移动  完成  日J=11.76 周J=83.93 月J=52.19 价=82.4 涨=-0.36%  PE=11.77(None%) PB=1.08(None%)
2026-08-06 20:52:57  [  9] 00857 中国石油股份  完成  日J=-6.27 周J=59.46 月J=23.82 价=9.41 涨=-0.79%  PE=9.71(None%) PB=0.94(None%)
2026-08-06 20:52:58  [ 10] 03988 中国银行  完成  日J=-4.07 周J=72.65 月J=79.04 价=5.28 涨=0.19%  PE=6.2(None%) PB=0.55(None%)
2026-08-06 20:53:00  [ 11] 03968 招商银行  完成  日J=5.92 周J=91.49 月J=54.45 价=48.9 涨=0.29%  PE=7.31(None%) PB=0.96(None%)
2026-08-06 20:53:01  [ 12] 00883 中国海洋石油  完成  日J=3.16 周J=50.43 月J=11.41 价=22.7 涨=-1.13%  PE=7.71(None%) PB=1.14(None%)
2026-08-06 20:53:02  [ 13] 02318 中国平安  完成  日J=32.18 周J=97.05 月J=13.87 价=57.3 涨=-1.21%  PE=7.0(None%) PB=0.9(None%)
2026-08-06 20:53:03  [ 14] 02899 紫金矿业  完成  日J=75.32 周J=98.24 月J=21.29 价=35.3 涨=0.28%  PE=13.59(None%) PB=4.2(None%)
2026-08-06 20:53:05  [ 15] 01088 中国神华  完成  日J=31.52 周J=55.43 月J=28.76 价=42.84 涨=1.66%  PE=15.75(None%) PB=1.66(None%)
2026-08-06 20:53:06  [ 16] 02628 中国人寿  完成  日J=87.7 周J=51.48 月J=30.99 价=29.04 涨=-0.75%  PE=5.08(None%) PB=1.21(None%)
2026-08-06 20:53:07  [ 17] 01211 比亚迪股份  完成  日J=29.85 周J=95.73 月J=50.6 价=89.85 涨=-4.21%  PE=26.58(None%) PB=3.12(None%)
2026-08-06 20:53:09  [ 18] 01299 友邦保险  完成  日J=15.43 周J=57.12 月J=6.68 价=73.15 涨=-5.92%  PE=15.6(None%) PB=2.28(None%)
2026-08-06 20:53:10  [ 19] 00300 美的集团  完成  日J=46.39 周J=106.65 月J=88.81 价=97.5 涨=-0.05%  PE=15.01(None%) PB=2.82(None%)
2026-08-06 20:53:11  [ 20] 01810 小米集团-W  完成  日J=-9.54 周J=70.37 月J=23.03 价=26.86 涨=-2.82%  PE=17.52(None%) PB=2.31(None%)
2026-08-06 20:53:12  [ 21] 09999 网易  完成  日J=78.63 周J=59.66 月J=55.91 价=203.0 涨=0.2%  PE=17.01(None%) PB=3.47(None%)
2026-08-06 20:53:13  [ 22] 03328 交通银行  完成  日J=1.46 周J=69.53 月J=70.6 价=7.29 涨=-0.61%  PE=5.96(None%) PB=0.49(None%)
2026-08-06 20:53:15  [ 23] 01658 邮储银行  完成  日J=-6.0 周J=65.55 月J=32.58 价=4.86 涨=-0.1%  PE=5.92(None%) PB=0.5(None%)
2026-08-06 20:53:16  [ 24] 03690 美团-W  完成  日J=72.78 周J=113.59 月J=72.29 价=92.2 涨=-0.91%  PE=-12.8(None%) PB=3.35(None%)
2026-08-06 20:53:17  [ 25] 00981 中芯国际  完成  日J=43.06 周J=-3.49 月J=36.8 价=65.35 涨=-3.9%  PE=103.29(None%) PB=3.08(None%)
2026-08-06 20:53:18  [ 26] 02388 中银香港  完成  日J=35.14 周J=94.35 月J=84.88 价=50.4 涨=-0.49%  PE=13.28(None%) PB=1.49(None%)
2026-08-06 20:53:19  [ 27] 02359 药明康德  完成  日J=91.79 周J=95.88 月J=94.32 价=179.7 涨=-2.07%  PE=21.37(None%) PB=5.55(None%)
2026-08-06 20:53:21  [ 28] 00388 香港交易所  完成  日J=83.85 周J=110.14 月J=48.64 价=410.0 涨=-1.11%  PE=27.55(None%) PB=9.43(None%)
2026-08-06 20:53:22  [ 29] 00386 中国石油化工股份  完成  日J=10.72 周J=84.39 月J=3.28 价=4.26 涨=-1.39%  PE=12.63(None%) PB=0.55(None%)
2026-08-06 20:53:23  [ 30] 02888 渣打集团  完成  日J=80.57 周J=94.53 月J=97.11 价=234.4 涨=0.17%  PE=12.15(None%) PB=1.41(None%)
2026-08-06 20:53:24  [ 31] 02513 智谱  完成  日J=50.5 周J=-5.76 月J=25.28 价=1087.0 涨=4.42%  PE=-97.3(None%) PB=-4.89(None%)
2026-08-06 20:53:25  [ 32] 09633 农夫山泉  完成  日J=36.53 周J=57.73 月J=9.1 价=42.46 涨=1.05%  PE=27.18(None%) PB=10.93(None%)
2026-08-06 20:53:27  [ 33] 02475 立讯精密  完成  日J=64.51 周J=56.83 月J=None 价=61.0 涨=4.18%  PE=24.51(None%) PB=4.44(None%)
2026-08-06 20:53:28  [ 34] 06030 中信证券  完成  日J=9.76 周J=53.93 月J=44.36 价=26.78 涨=-1.83%  PE=11.1(None%) PB=1.2(None%)
2026-08-06 20:53:29  [ 35] 00728 中国电信  完成  日J=-6.92 周J=40.45 月J=15.48 价=4.55 涨=-0.98%  PE=11.74(None%) PB=0.78(None%)
2026-08-06 20:53:31  [ 36] 00998 中信银行  完成  日J=2.61 周J=89.11 月J=37.56 价=7.46 涨=-0.53%  PE=5.2(None%) PB=0.49(None%)
2026-08-06 20:53:32  [ 37] 03993 洛阳钼业  完成  日J=84.08 周J=67.52 月J=18.84 价=18.81 涨=1.84%  PE=14.89(None%) PB=4.0(None%)
2026-08-06 20:53:33  [ 38] 01276 恒瑞医药  完成  日J=34.36 周J=54.01 月J=8.77 价=56.4 涨=-3.26%  PE=41.18(None%) PB=5.19(None%)
2026-08-06 20:53:34  [ 39] 02328 中国财险  完成  日J=64.77 周J=89.88 月J=52.1 价=16.24 涨=1.5%  PE=8.56(None%) PB=1.09(None%)
2026-08-06 20:53:35  [ 40] 02259 紫金黄金国际  完成  日J=71.77 周J=96.94 月J=6.66 价=131.4 涨=1.86%  PE=28.22(None%) PB=5.4(None%)
2026-08-06 20:53:37  [ 41] 00267 中信股份  完成  日J=9.35 周J=50.13 月J=32.2 价=11.94 涨=-0.67%  PE=5.34(None%) PB=0.4(None%)
2026-08-06 20:53:38  [ 42] 03986 兆易创新  完成  日J=58.34 周J=-11.46 月J=20.54 价=494.4 涨=1.73%  PE=107.57(None%) PB=12.11(None%)
2026-08-06 20:53:39  [ 43] 00016 新鸿基地产  完成  日J=22.47 周J=49.91 月J=32.83 价=116.0 涨=-4.68%  PE=15.28(None%) PB=0.54(None%)
2026-08-06 20:53:41  [ 44] 00992 联想集团  完成  日J=95.6 周J=72.9 月J=103.33 价=25.94 涨=-1.29%  PE=21.48(None%) PB=5.38(None%)
2026-08-06 20:53:42  [ 45] 06809 澜起科技  完成  日J=17.11 周J=-3.97 月J=36.23 价=261.0 涨=-3.48%  PE=111.17(None%) PB=13.51(None%)
2026-08-06 20:53:43  [ 46] 06160 百济神州  完成  日J=68.56 周J=106.36 月J=55.82 价=199.5 涨=0.4%  PE=60.05(None%) PB=9.06(None%)
2026-08-06 20:53:44  [ 47] 02338 潍柴动力  完成  日J=88.13 周J=30.89 月J=55.32 价=34.34 涨=-2.77%  PE=23.44(None%) PB=2.77(None%)
2026-08-06 20:53:45  [ 48] 02601 中国太保  完成  日J=6.63 周J=66.61 月J=8.68 价=29.9 涨=-1.77%  PE=4.78(None%) PB=0.79(None%)
2026-08-06 20:53:47  [ 49] 00001 长和  完成  日J=47.49 周J=95.34 月J=92.33 价=72.25 涨=-1.97%  PE=23.37(None%) PB=0.49(None%)
2026-08-06 20:53:48  [ 50] 02378 保诚  完成  日J=17.44 周J=79.37 月J=30.4 价=108.5 涨=-4.57%  PE=8.77(None%) PB=1.77(None%)
2026-08-06 20:53:49  [ 51] 00669 创科实业  完成  日J=102.07 周J=94.44 月J=104.25 价=145.3 涨=1.04%  PE=26.08(None%) PB=4.55(None%)
2026-08-06 20:53:50  [ 52] 02611 国泰海通  完成  日J=5.48 周J=38.95 月J=22.9 价=14.36 涨=-1.85%  PE=10.22(None%) PB=0.68(None%)
2026-08-06 20:53:52  [ 53] 01339 中国人民保险集团  完成  日J=50.62 周J=93.72 月J=9.79 价=5.39 涨=-0.64%  PE=5.05(None%) PB=0.66(None%)
2026-08-06 20:53:53  [ 54] 01347 华虹宏力  完成  日J=55.44 周J=-6.67 月J=44.62 价=136.7 涨=-3.39%  PE=422.74(None%) PB=4.5(None%)
2026-08-06 20:53:54  [ 55] 01109 华润置地  完成  日J=18.35 周J=42.57 月J=41.37 价=32.86 涨=-0.67%  PE=8.33(None%) PB=0.73(None%)
2026-08-06 20:53:55  [ 56] 01378 中国宏桥  完成  日J=50.39 周J=56.86 月J=-3.1 价=23.56 涨=-2.0%  PE=9.23(None%) PB=1.59(None%)
2026-08-06 20:53:56  [ 57] 01919 中远海控  完成  日J=-7.31 周J=100.02 月J=60.44 价=15.13 涨=-0.39%  PE=8.21(None%) PB=0.87(None%)
2026-08-06 20:53:58  [ 58] 02476 胜宏科技  完成  日J=89.19 周J=8.15 月J=8.27 价=231.0 涨=4.43%  PE=43.36(None%) PB=10.23(None%)
2026-08-06 20:53:59  [ 59] 09992 泡泡玛特  完成  日J=18.9 周J=27.12 月J=4.51 价=157.3 涨=-2.54%  PE=14.81(None%) PB=8.56(None%)
2026-08-06 20:54:00  [ 60] 02020 安踏体育  完成  日J=-13.03 周J=80.93 月J=40.59 价=74.5 涨=-1.39%  PE=13.85(None%) PB=2.86(None%)
2026-08-06 20:54:01  [ 61] 06951 三环集团  完成  日J=87.24 周J=52.4 月J=None 价=103.8 涨=-6.49%  PE=64.13(None%) PB=7.84(None%)
2026-08-06 20:54:02  [ 62] 00066 港铁公司  完成  日J=12.61 周J=86.05 月J=27.73 价=32.34 涨=0.43%  PE=13.72(None%) PB=1.05(None%)
2026-08-06 20:54:04  [ 63] 00175 吉利汽车  完成  日J=4.12 周J=69.27 月J=29.07 价=18.56 涨=-4.48%  PE=11.62(None%) PB=1.86(None%)
2026-08-06 20:54:05  [ 64] 00762 中国联通  完成  日J=-11.2 周J=31.92 月J=10.02 价=6.49 涨=-1.59%  PE=8.96(None%) PB=0.49(None%)
2026-08-06 20:54:06  [ 65] 06690 海尔智家  完成  日J=-8.95 周J=72.68 月J=16.45 价=21.14 涨=0.38%  PE=9.45(None%) PB=1.4(None%)
2026-08-06 20:54:07  [ 66] 00002 中电控股  完成  日J=2.92 周J=89.09 月J=87.39 价=76.3 涨=-0.2%  PE=17.78(None%) PB=1.75(None%)
2026-08-06 20:54:09  [ 67] 03692 翰森制药  完成  日J=19.28 周J=63.66 月J=6.0 价=31.68 涨=0.83%  PE=31.23(None%) PB=4.9(None%)
2026-08-06 20:54:10  [ 68] 01024 快手-W  完成  日J=82.79 周J=52.96 月J=-3.67 价=44.24 涨=-2.73%  PE=9.77(None%) PB=2.07(None%)
2026-08-06 20:54:11  [ 69] 06031 三一重工  完成  日J=46.19 周J=76.57 月J=22.48 价=20.68 涨=-2.27%  PE=20.14(None%) PB=1.85(None%)
2026-08-06 20:54:12  [ 70] 03288 海天味业  完成  日J=27.63 周J=88.2 月J=37.09 价=32.18 涨=-0.49%  PE=23.03(None%) PB=3.96(None%)
2026-08-06 20:54:14  [ 71] 06818 中国光大银行  完成  日J=3.09 周J=47.45 月J=22.24 价=3.12 涨=0.32%  PE=4.34(None%) PB=0.32(None%)
2026-08-06 20:54:15  [ 72] 02714 牧原股份  完成  日J=16.09 周J=75.09 月J=7.22 价=31.52 涨=0.38%  PE=16.69(None%) PB=1.86(None%)
2026-08-06 20:54:16  [ 73] 00788 中国铁塔  完成  日J=36.72 周J=98.84 月J=17.23 价=9.79 涨=-1.71%  PE=13.39(None%) PB=0.76(None%)
2026-08-06 20:54:17  [ 74] 06936 顺丰控股  完成  日J=6.22 周J=105.2 月J=54.11 价=32.78 涨=-0.79%  PE=13.52(None%) PB=1.45(None%)
2026-08-06 20:54:18  [ 75] 02269 药明生物  完成  日J=93.79 周J=103.75 月J=73.78 价=41.38 涨=1.87%  PE=31.55(None%) PB=3.27(None%)
2026-08-06 20:54:20  [ 76] 01113 长实集团  完成  日J=14.73 周J=80.33 月J=53.97 价=46.8 涨=-2.86%  PE=15.1(None%) PB=0.41(None%)
2026-08-06 20:54:21  [ 77] 01377 鼎泰高科  完成  日J=109.62 周J=39.24 月J=None 价=374.0 涨=2.19%  PE=227.68(None%) PB=46.66(None%)
2026-08-06 20:54:22  [ 78] 01801 信达生物  完成  日J=89.54 周J=72.54 月J=60.06 价=90.95 涨=0.72%  PE=176.06(None%) PB=7.36(None%)
2026-08-06 20:54:23  [ 79] 01038 长江基建集团  完成  日J=2.48 周J=95.16 月J=57.16 价=61.3 涨=-0.73%  PE=18.69(None%) PB=1.21(None%)
2026-08-06 20:54:24  [ 80] 06886 华泰证券  完成  日J=30.12 周J=45.98 月J=21.37 价=16.77 涨=-0.77%  PE=7.71(None%) PB=0.75(None%)
2026-08-06 20:54:26  [ 81] 01988 民生银行  完成  日J=-1.6 周J=91.23 月J=26.28 价=3.46 涨=-0.86%  PE=4.57(None%) PB=0.23(None%)
2026-08-06 20:54:27  [ 82] 02423 贝壳-W  完成  日J=85.21 周J=79.31 月J=49.61 价=43.54 涨=-2.38%  PE=39.57(None%) PB=2.11(None%)
2026-08-06 20:54:28  [ 83] 01336 新华保险  完成  日J=51.95 周J=49.63 月J=5.51 价=47.96 涨=-2.24%  PE=3.63(None%) PB=1.07(None%)
2026-08-06 20:54:29  [ 84] 03606 福耀玻璃  完成  日J=45.54 周J=95.71 月J=37.41 价=57.1 涨=-1.3%  PE=14.83(None%) PB=3.36(None%)
2026-08-06 20:54:31  [ 85] 09973 奇瑞汽车  完成  日J=62.56 周J=54.05 月J=20.42 价=25.46 涨=-4.07%  PE=7.13(None%) PB=2.37(None%)
2026-08-06 20:54:32  [ 86] 00027 银河娱乐  完成  日J=62.13 周J=105.91 月J=18.13 价=33.54 涨=-0.18%  PE=13.76(None%) PB=1.77(None%)
2026-08-06 20:54:33  [ 87] 01766 中国中车  完成  日J=47.17 周J=69.6 月J=26.4 价=5.09 涨=-1.92%  PE=9.68(None%) PB=0.74(None%)
2026-08-06 20:54:34  [ 88] 02057 中通快递-W  完成  日J=63.69 周J=86.64 月J=63.54 价=189.4 涨=-0.73%  PE=14.05(None%) PB=2.07(None%)
2026-08-06 20:54:35  [ 89] 00688 中国海外发展  完成  日J=7.35 周J=27.04 月J=32.26 价=13.21 涨=0.08%  PE=10.29(None%) PB=0.34(None%)
2026-08-06 20:54:37  [ 90] 02600 中国铝业  完成  日J=66.35 周J=32.37 月J=-8.15 价=8.4 涨=-2.78%  PE=8.76(None%) PB=1.58(None%)
2026-08-06 20:54:38  [ 91] 01816 中广核电力  完成  日J=9.53 周J=58.69 月J=3.53 价=2.84 涨=-1.39%  PE=13.48(None%) PB=1.01(None%)
2026-08-06 20:54:39  [ 92] 01898 中煤能源  完成  日J=38.04 周J=34.79 月J=1.09 价=10.75 涨=2.97%  PE=8.85(None%) PB=0.77(None%)
2026-08-06 20:54:41  [ 93] 01776 广发证券  完成  日J=67.44 周J=48.43 月J=45.75 价=17.16 涨=-0.64%  PE=7.67(None%) PB=0.86(None%)
2026-08-06 20:54:42  [ 94] 00012 恒基地产  完成  日J=17.12 周J=72.35 月J=10.83 价=27.48 涨=-2.76%  PE=23.53(None%) PB=0.41(None%)
2026-08-06 20:54:43  [ 95] 00358 江西铜业股份  完成  日J=85.83 周J=71.2 月J=17.44 价=38.3 涨=0.58%  PE=14.36(None%) PB=1.39(None%)
2026-08-06 20:54:45  [ 96] 01972 太古地产  完成  日J=36.35 周J=91.67 月J=28.79 价=23.0 涨=-4.17%  PE=40.13(None%) PB=0.49(None%)
2026-08-06 20:54:46  [ 97] 06099 招商证券  完成  日J=70.57 周J=3.21 月J=43.56 价=15.02 涨=0.47%  PE=8.78(None%) PB=0.93(None%)
2026-08-06 20:54:48  [ 98] 09987 百胜中国  完成  日J=73.64 周J=96.43 月J=37.03 价=377.4 涨=-0.42%  PE=17.06(None%) PB=3.1(None%)
2026-08-06 20:54:49  [ 99] 00003 香港中华煤气  完成  日J=-20.06 周J=70.88 月J=18.22 价=6.79 涨=-0.66%  PE=22.26(None%) PB=2.13(None%)
2026-08-06 20:54:50  [100] 06618 京东健康  完成  日J=63.81 周J=103.01 月J=1.48 价=39.2 涨=-0.41%  PE=21.01(None%) PB=1.89(None%)
2026-08-06 20:54:51  全部完成，结果已写入 C:\Users\hailo\Desktop\每周自动指标\output_hk\2026-08-06\metrics_2026-08-06.csv
2026-08-06 20:54:51  步骤2完成 -> C:\Users\hailo\Desktop\每周自动指标\output_hk\2026-08-06\metrics_2026-08-06.csv
2026-08-06 20:54:51  步骤3: 生成 HTML 总结报告...
2026-08-06 20:54:51  步骤3完成 -> C:\Users\hailo\Desktop\每周自动指标\output_hk\2026-08-06\report_2026-08-06.html
2026-08-06 20:54:51  步骤4: 发送邮件报告...
2026-08-06 20:54:52  步骤4完成: 邮件已发送
2026-08-06 20:54:52  ===== 全部完成 2026-08-06 =====
2026-08-06 22:04:07  今日(2026-08-06)已完成，跳过。结果目录: C:\Users\hailo\Desktop\每周自动指标\output_hk\2026-08-06
2026-08-06 22:04:33  今日(2026-08-06)已完成，跳过。结果目录: C:\Users\hailo\Desktop\每周自动指标\output_hk\2026-08-06
