2026-09-08 20:05:07  ===== 开始每日港股通指标任务 2026-09-08 =====
2026-09-08 20:05:07  步骤1: 获取港股通总市值前100标的...
获取港股通标的列表(共取市值前 100 只)...
接口返回 100 只港股通标的
2026-09-08 20:05:08  步骤1完成 -> /home/runner/work/daily-stock-metrics/daily-stock-metrics/output_hk/2026-09-08/hk_list_2026-09-08.csv
2026-09-08 20:05:08  步骤2: 计算 KDJ-J(日/周/月)...
2026-09-08 20:05:08  步骤2: 计算指标...
2026-09-08 20:05:08  观察池: 共103只(含历史追踪3只)
2026-09-08 20:05:08  待处理 103 条，并发数 8
2026-09-08 20:05:11  [  4] 03750 宁德时代  完成  日J=18.33 周J=7.86 月J=26.97 MA20=615.025 MA60=639.733 多头=0 价=562.0 涨=-1.83%  PE=26.99(None%) PB=5.95(None%)
2026-09-08 20:05:11  [  7] 09988 阿里巴巴-W  完成  日J=28.72 周J=22.83 月J=19.6 MA20=116.53 MA60=111.981 多头=1 价=109.5 涨=-0.09%  PE=25.63(None%) PB=1.73(None%)
2026-09-08 20:05:11  [  1] 00700 腾讯控股  完成  日J=5.13 周J=6.38 月J=5.53 MA20=444.98 MA60=452.08 多头=0 价=435.4 涨=-0.68%  PE=14.85(None%) PB=3.03(None%)
2026-09-08 20:05:11  [  6] 01288 农业银行  完成  日J=35.35 周J=86.9 月J=87.25 MA20=6.228 MA60=5.91 多头=1 价=6.3 涨=-1.25%  PE=6.53(None%) PB=0.67(None%)
2026-09-08 20:05:11  [  8] 00857 中国石油股份  完成  日J=62.82 周J=108.56 月J=43.64 MA20=9.955 MA60=9.612 多头=1 价=10.35 涨=3.92%  PE=9.45(None%) PB=1.0(None%)
2026-09-08 20:05:11  [  3] 01398 工商银行  完成  日J=33.47 周J=90.68 月J=89.46 MA20=7.447 MA60=7.128 多头=1 价=7.51 涨=0.07%  PE=6.32(None%) PB=0.59(None%)
2026-09-08 20:05:11  [  2] 00005 汇丰控股  完成  日J=88.27 周J=72.14 月J=91.12 MA20=162.585 MA60=157.957 多头=1 价=164.9 涨=-1.61%  PE=15.01(None%) PB=2.09(None%)
2026-09-08 20:05:11  [  5] 00939 建设银行  完成  日J=59.14 周J=96.95 月J=94.56 MA20=9.235 MA60=8.777 多头=1 价=9.56 涨=0.26%  PE=6.37(None%) PB=0.61(None%)
2026-09-08 20:05:12  [ 11] 03308 中际旭创  完成  日J=87.45 周J=50.2 月J=None MA20=1090.1 MA60=None 多头=None 价=1161.0 涨=-3.49%  PE=58.72(None%) PB=28.21(None%)
2026-09-08 20:05:12  [  9] 03988 中国银行  完成  日J=61.41 周J=92.68 月J=93.05 MA20=5.605 MA60=5.338 多头=1 价=5.88 涨=-1.18%  PE=6.7(None%) PB=0.6(None%)
2026-09-08 20:05:13  [ 10] 00941 中国移动  完成  日J=9.95 周J=14.83 月J=25.3 MA20=80.667 MA60=80.368 多头=1 价=78.9 涨=-0.25%  PE=11.39(None%) PB=1.02(None%)
2026-09-08 20:05:13  [ 12] 03968 招商银行  完成  日J=70.49 周J=94.18 月J=87.82 MA20=49.869 MA60=48.242 多头=1 价=51.9 涨=0.0%  PE=7.6(None%) PB=0.99(None%)
2026-09-08 20:05:13  [ 13] 00883 中国海洋石油  完成  日J=68.34 周J=113.66 月J=39.83 MA20=24.81 MA60=23.369 多头=1 价=25.86 涨=3.94%  PE=7.79(None%) PB=1.25(None%)
2026-09-08 20:05:13  [ 14] 02318 中国平安  完成  日J=21.56 周J=60.18 月J=9.45 MA20=55.902 MA60=55.369 多头=1 价=55.25 涨=-1.78%  PE=5.52(None%) PB=0.85(None%)
2026-09-08 20:05:13  [ 15] 01088 中国神华  完成  日J=27.5 周J=97.05 月J=57.03 MA20=44.786 MA60=43.134 多头=1 价=45.62 涨=2.15%  PE=15.87(None%) PB=1.87(None%)
2026-09-08 20:05:13  [ 16] 02899 紫金矿业  完成  日J=49.22 周J=83.14 月J=38.86 MA20=36.549 MA60=33.243 多头=1 价=36.96 涨=2.9%  PE=12.78(None%) PB=4.23(None%)
2026-09-08 20:05:14  [ 17] 02628 中国人寿  完成  日J=38.96 周J=81.59 月J=39.91 MA20=28.711 MA60=28.547 多头=1 价=29.62 涨=-3.08%  PE=2.98(None%) PB=1.09(None%)
2026-09-08 20:05:14  [ 18] 01299 友邦保险  完成  日J=62.13 周J=76.88 月J=18.87 MA20=74.638 MA60=74.909 多头=0 价=76.9 涨=-0.26%  PE=12.77(None%) PB=2.49(None%)
2026-09-08 20:05:14  [ 20] 00300 美的集团  完成  日J=26.29 周J=85.57 月J=96.53 MA20=98.29 MA60=93.373 多头=1 价=98.35 涨=-1.3%  PE=14.84(None%) PB=3.06(None%)
2026-09-08 20:05:14  [ 22] 01810 小米集团-W  完成  日J=13.9 周J=38.03 月J=31.54 MA20=27.351 MA60=26.379 多头=1 价=26.92 涨=-2.11%  PE=18.54(None%) PB=2.24(None%)
2026-09-08 20:05:14  [ 19] 01211 比亚迪股份  完成  日J=-4.02 周J=17.5 月J=39.88 MA20=89.188 MA60=86.838 多头=1 价=83.85 涨=-0.77%  PE=22.96(None%) PB=2.77(None%)
2026-09-08 20:05:14  [ 23] 01658 邮储银行  完成  日J=67.41 周J=91.07 月J=86.43 MA20=5.076 MA60=4.935 多头=1 价=5.37 涨=-0.19%  PE=6.31(None%) PB=0.53(None%)
2026-09-08 20:05:14  [ 24] 09999 网易  完成  日J=33.97 周J=7.45 月J=34.23 MA20=192.32 MA60=197.738 多头=0 价=188.2 涨=0.27%  PE=16.33(None%) PB=3.14(None%)
2026-09-08 20:05:14  [ 21] 03328 交通银行  完成  日J=65.39 周J=97.98 月J=99.78 MA20=7.591 MA60=7.297 多头=1 价=7.86 涨=-0.25%  PE=6.28(None%) PB=0.52(None%)
2026-09-08 20:05:16  [ 25] 00386 中国石油化工股份  完成  日J=78.93 周J=114.75 月J=45.15 MA20=4.571 MA60=4.337 多头=1 价=4.92 涨=4.02%  PE=14.68(None%) PB=0.61(None%)
2026-09-08 20:05:16  [ 26] 02359 药明康德  完成  日J=43.04 周J=69.55 月J=86.43 MA20=198.31 MA60=169.993 多头=1 价=195.4 涨=1.93%  PE=23.54(None%) PB=6.04(None%)
2026-09-08 20:05:16  [ 31] 03690 美团-W  完成  日J=97.7 周J=24.44 月J=48.89 MA20=82.425 MA60=81.768 多头=1 价=80.6 涨=0.69%  PE=-11.67(None%) PB=2.55(None%)
2026-09-08 20:05:16  [ 27] 00981 中芯国际  完成  日J=6.81 周J=17.27 月J=35.59 MA20=69.843 MA60=72.588 多头=0 价=65.35 涨=-4.32%  PE=68.89(None%) PB=2.84(None%)
2026-09-08 20:05:16  [ 28] 02388 中银香港  完成  日J=73.53 周J=90.9 月J=93.57 MA20=51.052 MA60=48.836 多头=1 价=51.65 涨=-2.18%  PE=13.1(None%) PB=1.52(None%)
2026-09-08 20:05:16  [ 29] 02888 渣打集团  完成  日J=105.02 周J=89.3 月J=99.07 MA20=233.99 MA60=226.253 多头=1 价=239.4 涨=-0.08%  PE=12.37(None%) PB=1.44(None%)
2026-09-08 20:05:16  [ 30] 00388 香港交易所  完成  日J=0.44 周J=59.48 月J=58.04 MA20=412.09 MA60=397.597 多头=1 价=402.0 涨=-0.5%  PE=25.74(None%) PB=8.4(None%)
2026-09-08 20:05:16  [ 32] 00998 中信银行  完成  日J=58.15 周J=106.22 月J=89.12 MA20=8.0 MA60=7.481 多头=1 价=8.38 涨=1.15%  PE=5.72(None%) PB=0.54(None%)
2026-09-08 20:05:17  [ 33] 02475 立讯精密  完成  日J=10.86 周J=56.37 月J=None MA20=61.435 MA60=None 多头=None 价=59.8 涨=-2.61%  PE=23.0(None%) PB=4.08(None%)
2026-09-08 20:05:17  [ 34] 09633 农夫山泉  完成  日J=10.36 周J=37.61 月J=7.51 MA20=42.473 MA60=42.235 多头=1 价=41.1 涨=-1.77%  PE=23.77(None%) PB=10.8(None%)
2026-09-08 20:05:17  [ 36] 02513 智谱  完成  日J=-2.95 周J=5.46 月J=17.03 MA20=1107.95 MA60=1375.267 多头=0 价=916.0 涨=-10.02%  PE=-85.16(None%) PB=80.3(None%)
2026-09-08 20:05:17  [ 35] 02259 紫金黄金国际  完成  日J=73.93 周J=107.54 月J=30.05 MA20=149.82 MA60=123.532 多头=1 价=160.0 涨=0.19%  PE=21.68(None%) PB=5.85(None%)
2026-09-08 20:05:18  [ 37] 00728 中国电信  完成  日J=-11.36 周J=41.3 月J=24.91 MA20=4.749 MA60=4.625 多头=1 价=4.58 涨=0.0%  PE=12.31(None%) PB=0.77(None%)
2026-09-08 20:05:18  [ 38] 06030 中信证券  完成  日J=10.23 周J=10.21 月J=37.09 MA20=26.694 MA60=27.222 多头=0 价=25.7 涨=-4.03%  PE=8.91(None%) PB=1.12(None%)
2026-09-08 20:05:18  [ 40] 00992 联想集团  完成  日J=61.75 周J=63.52 月J=90.66 MA20=31.004 MA60=26.169 多头=1 价=30.36 涨=-6.18%  PE=60.36(None%) PB=6.66(None%)
2026-09-08 20:05:18  [ 39] 00267 中信股份  完成  日J=67.34 周J=107.49 月J=80.31 MA20=12.844 MA60=12.117 多头=1 价=13.52 涨=-0.59%  PE=5.65(None%) PB=0.43(None%)
2026-09-08 20:05:19  [ 44] 03986 兆易创新  完成  日J=58.05 周J=14.94 月J=11.2 MA20=494.015 MA60=639.493 多头=0 价=485.6 涨=-1.22%  PE=37.62(None%) PB=7.94(None%)
2026-09-08 20:05:19  [ 41] 03993 洛阳钼业  完成  日J=64.53 周J=61.77 月J=12.71 MA20=17.072 MA60=16.893 多头=1 价=17.61 涨=7.57%  PE=11.92(None%) PB=3.65(None%)
2026-09-08 20:05:19  [ 42] 02328 中国财险  完成  日J=52.86 周J=89.63 月J=83.86 MA20=16.288 MA60=15.485 多头=1 价=16.9 涨=-1.92%  PE=6.83(None%) PB=1.08(None%)
2026-09-08 20:05:19  [ 43] 00016 新鸿基地产  完成  日J=63.6 周J=58.55 月J=33.85 MA20=119.95 MA60=118.593 多头=1 价=119.8 涨=0.5%  PE=15.78(None%) PB=0.56(None%)
2026-09-08 20:05:19  [ 45] 06809 澜起科技  完成  日J=47.76 周J=18.1 月J=30.52 MA20=275.13 MA60=318.427 多头=0 价=276.0 涨=-1.08%  PE=96.14(None%) PB=13.62(None%)
2026-09-08 20:05:19  [ 47] 01276 恒瑞医药  完成  日J=42.55 周J=-0.35 月J=-5.79 MA20=49.237 MA60=54.596 多头=0 价=46.32 涨=-1.32%  PE=34.94(None%) PB=4.14(None%)
2026-09-08 20:05:19  [ 46] 06160 百济神州  完成  日J=13.03 周J=64.85 月J=74.77 MA20=219.98 MA60=196.763 多头=1 价=212.8 涨=-1.12%  PE=64.05(None%) PB=8.08(None%)
2026-09-08 20:05:20  [ 48] 02601 中国太保  完成  日J=8.16 周J=76.87 月J=10.93 MA20=29.605 MA60=29.238 多头=1 价=29.5 涨=-2.58%  PE=4.43(None%) PB=0.77(None%)
2026-09-08 20:05:21  [ 49] 02338 潍柴动力  完成  日J=85.24 周J=34.53 月J=42.57 MA20=32.85 MA60=34.101 多头=0 价=31.96 涨=-3.03%  PE=18.68(None%) PB=2.5(None%)
2026-09-08 20:05:21  [ 50] 02378 保诚  完成  日J=51.9 周J=16.68 月J=23.49 MA20=108.395 MA60=108.873 多头=0 价=107.0 涨=-1.29%  PE=9.41(None%) PB=1.73(None%)
2026-09-08 20:05:21  [ 52] 02611 国泰海通  完成  日J=13.01 周J=50.47 月J=35.63 MA20=14.977 MA60=14.904 多头=1 价=14.87 涨=-1.52%  PE=7.09(None%) PB=0.69(None%)
2026-09-08 20:05:21  [ 51] 00001 长和  完成  日J=39.22 周J=31.68 月J=80.02 MA20=70.042 MA60=69.959 多头=1 价=69.35 涨=0.14%  PE=7.03(None%) PB=0.46(None%)
2026-09-08 20:05:21  [ 53] 01339 中国人民保险集团  完成  日J=54.7 周J=84.15 月J=33.58 MA20=5.482 MA60=5.27 多头=1 价=5.9 涨=-2.56%  PE=4.01(None%) PB=0.66(None%)
2026-09-08 20:05:21  [ 55] 09888 百度集团-W  完成  日J=9.78 周J=15.19 月J=-8.42 MA20=94.748 MA60=103.692 多头=0 价=89.55 涨=-2.02%  PE=-66.48(None%) PB=0.78(None%)
2026-09-08 20:05:21  [ 54] 01919 中远海控  完成  日J=11.27 周J=68.23 月J=78.0 MA20=16.813 MA60=15.282 多头=1 价=16.55 涨=1.72%  PE=8.32(None%) PB=0.94(None%)
2026-09-08 20:05:22  [ 56] 00669 创科实业  完成  日J=35.21 周J=32.6 月J=77.29 MA20=138.01 MA60=132.603 多头=1 价=131.5 涨=-1.5%  PE=23.6(None%) PB=4.12(None%)
2026-09-08 20:05:22  [ 57] 06951 三环集团  完成  日J=73.73 周J=64.09 月J=None MA20=115.11 MA60=None 多头=None 价=117.6 涨=-2.81%  PE=62.34(None%) PB=8.64(None%)
2026-09-08 20:05:22  [ 59] 02714 牧原股份  完成  日J=103.35 周J=110.84 月J=42.42 MA20=35.326 MA60=33.025 多头=1 价=39.52 涨=-0.9%  PE=-163.18(None%) PB=2.5(None%)
2026-09-08 20:05:22  [ 58] 01378 中国宏桥  完成  日J=72.01 周J=77.55 月J=-1.83 MA20=23.199 MA60=22.793 多头=1 价=23.52 涨=1.55%  PE=7.37(None%) PB=1.51(None%)
2026-09-08 20:05:23  [ 60] 03692 翰森制药  完成  日J=83.07 周J=96.63 月J=39.27 MA20=34.176 MA60=32.541 多头=1 价=36.08 涨=-0.55%  PE=28.73(None%) PB=5.03(None%)
2026-09-08 20:05:23  [ 63] 09992 泡泡玛特  完成  日J=40.71 周J=51.23 月J=4.79 MA20=153.905 MA60=157.765 多头=0 价=155.7 涨=-0.32%  PE=13.89(None%) PB=7.81(None%)
2026-09-08 20:05:23  [ 61] 01109 华润置地  完成  日J=32.09 周J=28.96 月J=17.59 MA20=32.818 MA60=32.738 多头=1 价=30.44 涨=1.87%  PE=8.21(None%) PB=0.65(None%)
2026-09-08 20:05:23  [ 62] 02020 安踏体育  完成  日J=34.06 周J=50.77 月J=50.79 MA20=74.938 MA60=74.263 多头=1 价=75.95 涨=0.13%  PE=11.63(None%) PB=2.57(None%)
2026-09-08 20:05:23  [ 64] 00066 港铁公司  完成  日J=98.36 周J=76.98 月J=29.46 MA20=32.816 MA60=32.195 多头=1 价=32.96 涨=-0.48%  PE=8.98(None%) PB=1.0(None%)
2026-09-08 20:05:24  [ 66] 02476 胜宏科技  完成  日J=19.11 周J=38.99 月J=0.81 MA20=226.785 MA60=256.758 多头=0 价=206.8 涨=-4.35%  PE=35.57(None%) PB=4.66(None%)
2026-09-08 20:05:24  [ 65] 02269 药明生物  完成  日J=18.78 周J=73.69 月J=82.83 MA20=48.888 MA60=41.107 多头=1 价=49.3 涨=1.69%  PE=36.07(None%) PB=3.69(None%)
2026-09-08 20:05:24  [ 67] 06690 海尔智家  完成  日J=48.68 周J=51.07 月J=19.59 MA20=21.233 MA60=21.009 多头=1 价=21.22 涨=0.47%  PE=9.71(None%) PB=1.44(None%)
2026-09-08 20:05:24  [ 70] 06031 三一重工  完成  日J=81.82 周J=58.36 月J=16.25 MA20=19.091 MA60=19.615 多头=0 价=19.85 涨=0.25%  PE=18.0(None%) PB=1.72(None%)
2026-09-08 20:05:24  [ 68] 00002 中电控股  完成  日J=39.93 周J=44.62 月J=83.55 MA20=78.235 MA60=76.678 多头=1 价=77.25 涨=0.13%  PE=18.0(None%) PB=1.77(None%)
2026-09-08 20:05:24  [ 69] 01347 华虹宏力  完成  日J=19.3 周J=-4.16 月J=18.88 MA20=121.325 MA60=148.078 多头=0 价=111.0 涨=-3.56%  PE=240.41(None%) PB=3.45(None%)
2026-09-08 20:05:25  [ 71] 00175 吉利汽车  完成  日J=17.89 周J=10.08 月J=12.8 MA20=17.928 MA60=18.373 多头=0 价=16.92 涨=0.77%  PE=9.62(None%) PB=1.68(None%)
2026-09-08 20:05:25  [ 72] 00762 中国联通  完成  日J=67.12 周J=16.87 月J=5.5 MA20=5.83 MA60=6.31 多头=0 价=5.74 涨=1.24%  PE=9.71(None%) PB=0.41(None%)
2026-09-08 20:05:25  [ 73] 01801 信达生物  完成  日J=3.06 周J=64.27 月J=76.12 MA20=100.828 MA60=91.297 多头=1 价=100.2 涨=-1.09%  PE=122.38(None%) PB=7.29(None%)
2026-09-08 20:05:26  [ 74] 06818 中国光大银行  完成  日J=18.71 周J=12.34 月J=4.47 MA20=2.954 MA60=3.052 多头=0 价=2.85 涨=1.43%  PE=4.48(None%) PB=0.29(None%)
2026-09-08 20:05:26  [ 76] 03288 海天味业  完成  日J=12.36 周J=0.13 月J=-0.09 MA20=30.447 MA60=30.968 多头=0 价=28.3 涨=-0.14%  PE=19.88(None%) PB=3.68(None%)
2026-09-08 20:05:26  [ 75] 01038 长江基建集团  完成  日J=91.99 周J=90.73 月J=83.65 MA20=64.91 MA60=62.125 多头=1 价=65.9 涨=0.08%  PE=6.6(None%) PB=1.12(None%)
2026-09-08 20:05:26  [ 78] 06936 顺丰控股  完成  日J=21.34 周J=19.81 月J=35.23 MA20=32.029 MA60=31.821 多头=1 价=30.98 涨=-0.39%  PE=13.18(None%) PB=1.38(None%)
2026-09-08 20:05:26  [ 77] 01113 长实集团  完成  日J=90.47 周J=67.55 月J=48.52 MA20=46.393 MA60=46.319 多头=1 价=47.02 涨=0.21%  PE=12.44(None%) PB=0.41(None%)
2026-09-08 20:05:26  [ 79] 00788 中国铁塔  完成  日J=53.27 周J=8.09 月J=7.3 MA20=9.231 MA60=9.377 多头=0 价=9.14 涨=-0.05%  PE=10.6(None%) PB=0.68(None%)
2026-09-08 20:05:27  [ 81] 02423 贝壳-W  完成  日J=13.69 周J=75.72 月J=70.18 MA20=45.843 MA60=43.081 多头=1 价=45.82 涨=0.09%  PE=29.07(None%) PB=2.1(None%)
2026-09-08 20:05:27  [ 80] 06886 华泰证券  完成  日J=44.92 周J=91.36 月J=37.21 MA20=17.218 MA60=16.983 多头=1 价=17.48 涨=-1.24%  PE=6.77(None%) PB=0.77(None%)
2026-09-08 20:05:27  [ 83] 01816 中广核电力  完成  日J=78.29 周J=113.53 月J=27.01 MA20=2.925 MA60=2.854 多头=1 价=3.09 涨=1.64%  PE=13.78(None%) PB=1.1(None%)
2026-09-08 20:05:27  [ 82] 01988 民生银行  完成  日J=80.27 周J=80.8 月J=40.3 MA20=3.469 MA60=3.434 多头=1 价=3.56 涨=0.71%  PE=4.75(None%) PB=0.23(None%)
2026-09-08 20:05:28  [ 84] 01766 中国中车  完成  日J=82.98 周J=111.66 月J=52.36 MA20=5.227 MA60=4.998 多头=1 价=5.41 涨=-0.28%  PE=9.8(None%) PB=0.76(None%)
2026-09-08 20:05:28  [ 85] 02600 中国铝业  完成  日J=88.15 周J=108.22 月J=-0.03 MA20=8.539 MA60=8.276 多头=1 价=9.03 涨=2.32%  PE=7.77(None%) PB=1.59(None%)
2026-09-08 20:05:28  [ 86] 01898 中煤能源  完成  日J=10.16 周J=81.72 月J=19.04 MA20=11.414 MA60=10.856 多头=1 价=11.41 涨=3.26%  PE=8.67(None%) PB=0.79(None%)
2026-09-08 20:05:28  [ 87] 01336 新华保险  完成  日J=49.7 周J=80.47 月J=6.2 MA20=47.225 MA60=47.924 多头=0 价=47.76 涨=-2.73%  PE=2.97(None%) PB=1.05(None%)
2026-09-08 20:05:28  [ 89] 09973 奇瑞汽车  完成  日J=0.99 周J=41.13 月J=14.29 MA20=25.713 MA60=25.644 多头=1 价=25.0 涨=-0.79%  PE=7.16(None%) PB=2.33(None%)
2026-09-08 20:05:29  [ 88] 00027 银河娱乐  完成  日J=53.7 周J=62.04 月J=26.75 MA20=34.441 MA60=32.543 多头=1 价=33.72 涨=0.06%  PE=13.78(None%) PB=1.75(None%)
2026-09-08 20:05:29  [ 90] 03606 福耀玻璃  完成  日J=73.1 周J=62.61 月J=35.36 MA20=56.135 MA60=54.471 多头=1 价=55.55 涨=-1.77%  PE=15.08(None%) PB=3.3(None%)
2026-09-08 20:05:29  [ 91] 01888 建滔积层板  完成  日J=64.7 周J=44.46 月J=20.62 MA20=41.494 MA60=53.754 多头=0 价=45.82 涨=-3.9%  PE=32.85(None%) PB=7.87(None%)
2026-09-08 20:05:29  [ 93] 01377 鼎泰高科  完成  日J=59.29 周J=35.55 月J=None MA20=344.64 MA60=None 多头=None 价=336.4 涨=-3.11%  PE=131.25(None%) PB=38.49(None%)
2026-09-08 20:05:29  [ 92] 01024 快手-W  完成  日J=26.3 周J=-3.45 月J=-9.63 MA20=35.503 MA60=41.003 多头=0 价=33.04 涨=-2.77%  PE=8.02(None%) PB=1.51(None%)
2026-09-08 20:05:30  [ 94] 01972 太古地产  完成  日J=81.5 周J=90.67 月J=56.02 MA20=24.48 MA60=22.852 多头=1 价=24.76 涨=1.39%  PE=43.2(None%) PB=0.53(None%)
2026-09-08 20:05:30  [ 95] 00688 中国海外发展  完成  日J=35.18 周J=43.98 月J=23.62 MA20=13.508 MA60=13.323 多头=1 价=13.01 涨=0.77%  PE=11.2(None%) PB=0.31(None%)
2026-09-08 20:05:30  [ 96] 06869 长飞光纤光缆  完成  日J=52.92 周J=87.96 月J=36.36 MA20=153.9 MA60=162.794 多头=0 价=171.2 涨=-2.28%  PE=35.94(None%) PB=7.52(None%)
2026-09-08 20:05:30  [ 97] 01776 广发证券  完成  日J=9.34 周J=76.17 月J=70.32 MA20=17.827 MA60=17.378 多头=1 价=17.91 涨=-2.5%  PE=6.52(None%) PB=0.88(None%)
2026-09-08 20:05:31  [ 98] 00003 香港中华煤气  完成  日J=51.58 周J=78.43 月J=59.2 MA20=7.155 MA60=6.897 多头=1 价=7.3 涨=1.67%  PE=21.4(None%) PB=2.26(None%)
2026-09-08 20:05:31  [ 99] 01171 兖矿能源  完成  日J=29.26 周J=101.59 月J=40.05 MA20=13.015 MA60=12.153 多头=1 价=13.42 涨=3.55%  PE=10.35(None%) PB=1.54(None%)
2026-09-08 20:05:31  [100] 00358 江西铜业股份  完成  日J=47.48 周J=82.33 月J=23.77 MA20=37.271 MA60=35.247 多头=1 价=38.4 涨=4.92%  PE=9.83(None%) PB=1.32(None%)
2026-09-08 20:05:31  [101] 00012 恒基地产  完成  日J=8.53 周J=34.98 月J=4.52 MA20=27.742 MA60=27.039 多头=1 价=26.66 涨=0.38%  PE=None(None%) PB=None(None%)
2026-09-08 20:05:31  [103] 06613 蓝思科技  完成  日J=1.11 周J=68.44 月J=47.37 MA20=23.578 MA60=23.59 多头=0 价=23.2 涨=-4.68%  PE=None(None%) PB=None(None%)
2026-09-08 20:05:31  [102] 06099 招商证券  完成  日J=3.91 周J=34.79 月J=46.21 MA20=15.245 MA60=15.803 多头=0 价=14.95 涨=-2.16%  PE=None(None%) PB=None(None%)
2026-09-08 20:05:31  全部完成，结果已写入 /home/runner/work/daily-stock-metrics/daily-stock-metrics/output_hk/2026-09-08/metrics_2026-09-08.csv
2026-09-08 20:05:31  步骤2完成 -> /home/runner/work/daily-stock-metrics/daily-stock-metrics/output_hk/2026-09-08/metrics_2026-09-08.csv
2026-09-08 20:05:31  步骤3: 生成 HTML 总结报告...
2026-09-08 20:05:32  步骤3完成 -> /home/runner/work/daily-stock-metrics/daily-stock-metrics/output_hk/2026-09-08/report_2026-09-08.html
2026-09-08 20:05:32  步骤4: 发送邮件报告...
2026-09-08 20:05:35  步骤4完成: 邮件已发送
2026-09-08 20:05:35  ===== 全部完成 2026-09-08 =====
2026-09-08 20:59:31  今日(2026-09-08)已完成，跳过。结果目录: /home/runner/work/daily-stock-metrics/daily-stock-metrics/output_hk/2026-09-08
2026-09-08 21:25:10  今日(2026-09-08)已完成，跳过。结果目录: /home/runner/work/daily-stock-metrics/daily-stock-metrics/output_hk/2026-09-08
2026-09-08 21:47:54  今日(2026-09-08)已完成，跳过。结果目录: /home/runner/work/daily-stock-metrics/daily-stock-metrics/output_hk/2026-09-08
