2026-08-19 20:40:22  ===== 开始每日ETF指标任务 2026-08-19 =====
2026-08-19 20:40:22  步骤1: 获取场内规模前100的ETF...
[  1] 510300 沪深300ETF华泰柏瑞  规模=1056.18亿  跟踪=沪深300指数  主题=沪深300
[  2] 588000 科创50ETF华夏  规模=830.11亿  跟踪=上证科创板50成份指数  主题=科创板
[  3] 512880 证券ETF国泰  规模=630.02亿  跟踪=中证全指证券公司指数  主题=证券
[  4] 159915 创业板ETF易方达  规模=601.36亿  跟踪=创业板指数(价格)  主题=创业板
[  5] 510310 沪深300ETF易方达  规模=506.95亿  跟踪=沪深300指数  主题=沪深300
[  6] 588200 科创芯片ETF嘉实  规模=494.3亿  跟踪=上证科创板芯片指数  主题=半导体
[  7] 159516 半导体设备ETF国泰  规模=428.33亿  跟踪=中证半导体材料设备主题指数  主题=半导体
[  8] 510330 沪深300ETF华夏  规模=406.27亿  跟踪=沪深300指数  主题=沪深300
[  9] 563360 A500ETF华泰柏瑞  规模=404.73亿  跟踪=中证A500指数  主题=中证A500
[ 10] 588170 科创半导体ETF华夏  规模=404.32亿  跟踪=上证科创板半导体材料设备主题指数  主题=半导体
[ 11] 515880 通信ETF国泰  规模=400.05亿  跟踪=中证全指通信设备指数  主题=通信
[ 12] 588080 科创50ETF易方达  规模=399.41亿  跟踪=上证科创板50成份指数  主题=科创板
[ 13] 510500 中证500ETF南方  规模=386.19亿  跟踪=中证500指数  主题=中证500
[ 14] 512000 券商ETF华宝  规模=385.22亿  跟踪=中证全指证券公司指数  主题=证券
[ 15] 159352 A500ETF南方  规模=340.01亿  跟踪=中证A500指数  主题=中证A500
[ 16] 512890 红利低波ETF华泰柏瑞  规模=327.06亿  跟踪=中证红利低波动指数  主题=红利
[ 17] 159919 沪深300ETF嘉实  规模=297.44亿  跟踪=沪深300指数  主题=沪深300
[ 18] 159361 A500ETF易方达  规模=278.91亿  跟踪=中证A500指数  主题=中证A500
[ 19] 159995 芯片ETF华夏  规模=270.99亿  跟踪=国证半导体芯片指数  主题=半导体
[ 20] 159338 中证A500ETF国泰  规模=253.78亿  跟踪=中证A500指数  主题=中证A500
[ 21] 512170 医疗ETF华宝  规模=250.17亿  跟踪=中证医疗指数  主题=医药
[ 22] 512400 有色金属ETF南方  规模=243.93亿  跟踪=有色金属  主题=有色金属
[ 23] 159949 创业板50ETF华安  规模=239.67亿  跟踪=创业板50指数  主题=创业板
[ 24] 159326 电网设备ETF华夏  规模=207.55亿  跟踪=中证电网设备主题指数  主题=其他
[ 25] 159558 半导体设备ETF易方达  规模=206.23亿  跟踪=中证半导体材料设备主题指数  主题=半导体
[ 26] 510880 红利ETF华泰柏瑞  规模=205.42亿  跟踪=上证红利指数  主题=红利
[ 27] 159819 人工智能ETF易方达  规模=202.82亿  跟踪=中证人工智能主题指数  主题=人工智能
[ 28] 510050 上证50ETF华夏  规模=201.05亿  跟踪=上证50指数  主题=上证50
[ 29] 512050 A500ETF华夏  规模=198.57亿  跟踪=中证A500指数  主题=中证A500
[ 30] 515450 红利低波50ETF南方  规模=198.31亿  跟踪=标普中国A股大盘红利低波50指数  主题=红利
[ 31] 512480 半导体ETF国联安  规模=194.52亿  跟踪=中证全指半导体产品与设备指数  主题=半导体
[ 32] 512100 中证1000ETF南方  规模=191.33亿  跟踪=中证1000指数  主题=中证1000
[ 33] 515180 红利ETF易方达  规模=183.18亿  跟踪=中证红利指数  主题=红利
[ 34] 159992 创新药ETF银华  规模=175.96亿  跟踪=中证创新药产业指数  主题=医药
[ 35] 510180 上证180ETF华安  规模=174.5亿  跟踪=上证180指数  主题=上证180
[ 36] 515050 通信ETF华夏  规模=174.4亿  跟踪=中证5G通信主题指数  主题=通信
[ 37] 562500 机器人ETF华夏  规模=173.27亿  跟踪=中证机器人指数  主题=机器人
[ 38] 159781 科创创业ETF易方达  规模=172.86亿  跟踪=中证科创创业50指数  主题=科创板
[ 39] 159530 机器人ETF易方达  规模=171.63亿  跟踪=国证机器人产业指数  主题=机器人
[ 40] 159201 自由现金流ETF华夏  规模=163.43亿  跟踪=国证自由现金流指数  主题=货币市场
[ 41] 512010 医药ETF易方达  规模=161.67亿  跟踪=沪深300医药卫生指数  主题=医药
[ 42] 517520 黄金股ETF永赢  规模=158.9亿  跟踪=中证沪深港黄金产业股票指数  主题=黄金
[ 43] 159928 消费ETF汇添富  规模=154.38亿  跟踪=中证主要消费指数  主题=消费
[ 44] 510210 上证指数ETF富国  规模=148.05亿  跟踪=上证综合指数  主题=其他
[ 45] 515220 煤炭ETF国泰  规模=143.91亿  跟踪=中证煤炭指数  主题=煤炭
[ 46] 159206 卫星ETF永赢  规模=142.31亿  跟踪=国证商用卫星通信产业指数  主题=通信
[ 47] 512690 酒ETF鹏华  规模=137.05亿  跟踪=中证酒指数  主题=白酒
[ 48] 512070 证券保险ETF易方达  规模=135.33亿  跟踪=沪深300非银行金融指数  主题=证券
[ 49] 159870 化工ETF鹏华  规模=135.19亿  跟踪=细分化工  主题=化工
[ 50] 560780 半导体设备ETF广发  规模=133.42亿  跟踪=中证半导体材料设备主题指数  主题=半导体
[ 51] 563020 红利低波ETF易方达  规模=127.09亿  跟踪=中证红利低波动指数  主题=红利
[ 52] 159841 证券ETF天弘  规模=119.55亿  跟踪=中证全指证券公司指数  主题=证券
[ 53] 513630 港股低波红利ETF摩根  规模=117.26亿  跟踪=标普港股通低波红利指数  主题=红利
[ 54] 515120 创新药ETF广发  规模=116.39亿  跟踪=中证创新药产业指数  主题=医药
[ 55] 515080 中证红利ETF招商  规模=114.61亿  跟踪=中证红利指数  主题=红利
[ 56] 588710 科创半导体设备ETF华泰柏瑞  规模=113.98亿  跟踪=上证科创板半导体材料设备主题指数  主题=半导体
[ 57] 159952 创业板ETF广发  规模=110.66亿  跟踪=创业板指数(价格)  主题=创业板
[ 58] 563800 A500ETF广发  规模=108.43亿  跟踪=中证A500指数  主题=中证A500
[ 59] 588050 科创50ETF工银  规模=107.41亿  跟踪=上证科创板50成份指数  主题=科创板
[ 60] 512760 芯片ETF国泰  规模=102.33亿  跟踪=中华交易服务半导体芯片行业人民币指数  主题=半导体
[ 61] 159611 电力ETF广发  规模=99.99亿  跟踪=中证全指电力公用事业指数  主题=电力
[ 62] 512800 银行ETF华宝  规模=97.55亿  跟踪=中证银行指数  主题=银行
[ 63] 516650 有色金属ETF华夏  规模=96.02亿  跟踪=细分有色  主题=有色金属
[ 64] 159842 券商ETF银华  规模=94.11亿  跟踪=中证全指证券公司指数  主题=证券
[ 65] 159852 软件ETF嘉实  规模=93.35亿  跟踪=中证软件服务指数  主题=计算机
[ 66] 560860 工业有色ETF万家  规模=90.78亿  跟踪=中证工业有色金属主题指数  主题=有色金属
[ 67] 562590 半导体设备ETF华夏  规模=88.81亿  跟踪=中证半导体材料设备主题指数  主题=半导体
[ 68] 159869 游戏ETF华夏  规模=88.49亿  跟踪=中证动漫游戏指数  主题=传媒
[ 69] 159351 A500ETF嘉实  规模=85.65亿  跟踪=中证A500指数  主题=中证A500
[ 70] 159922 中证500ETF嘉实  规模=84.6亿  跟踪=中证500指数  主题=中证500
[ 71] 515330 沪深300ETF天弘  规模=82.65亿  跟踪=沪深300指数  主题=沪深300
[ 72] 563220 A500ETF富国  规模=81.7亿  跟踪=中证A500指数  主题=中证A500
[ 73] 159755 电池ETF广发  规模=81.49亿  跟踪=国证新能源车电池指数  主题=新能源
[ 74] 515070 人工智能ETF华夏  规模=80.34亿  跟踪=中证人工智能主题指数  主题=人工智能
[ 75] 512500 中证500ETF华夏  规模=78.8亿  跟踪=中证500指数  主题=中证500
[ 76] 512900 证券ETF南方  规模=78.8亿  跟踪=中证全指证券公司指数  主题=证券
[ 77] 588750 科创芯片ETF汇添富  规模=73.85亿  跟踪=上证科创板芯片指数  主题=半导体
[ 78] 159307 红利低波100ETF博时  规模=73.06亿  跟踪=中证红利低波动100指数  主题=红利
[ 79] 588060 科创50ETF广发  规模=71.05亿  跟踪=上证科创板50成份指数  主题=科创板
[ 80] 512710 军工龙头ETF富国  规模=69.55亿  跟踪=中证军工龙头指数  主题=军工
[ 81] 516150 稀土ETF嘉实  规模=67.89亿  跟踪=中证稀土产业指数  主题=有色金属
[ 82] 159263 价值ETF易方达  规模=66.62亿  跟踪=国证价值100指数  主题=价值
[ 83] 159157 有色金属ETF天弘  规模=66.3亿  跟踪=中证工业有色金属主题指数  主题=有色金属
[ 84] 159363 创业板人工智能ETF华宝  规模=65.78亿  跟踪=创业板人工智能指数  主题=人工智能
[ 85] 159845 中证1000ETF华夏  规模=65.22亿  跟踪=中证1000指数  主题=中证1000
[ 86] 159865 养殖ETF国泰  规模=64.69亿  跟踪=中证畜牧养殖指数  主题=农业
[ 87] 512660 军工ETF国泰  规模=64.14亿  跟踪=中证军工指数  主题=军工
[ 88] 159977 创业板ETF天弘  规模=64.1亿  跟踪=创业板指数(价格)  主题=创业板
[ 89] 159813 半导体ETF鹏华  规模=63.68亿  跟踪=国证半导体芯片指数  主题=半导体
[ 90] 588220 科创100ETF鹏华  规模=62.94亿  跟踪=上证科创板100指数  主题=科创板
[ 91] 563300 中证2000ETF华泰柏瑞  规模=62.71亿  跟踪=中证2000指数  主题=中证2000
[ 92] 560610 A500ETF招商  规模=62.04亿  跟踪=中证A500指数  主题=中证A500
[ 93] 512950 央企改革ETF华夏  规模=60.72亿  跟踪=中证央企结构调整指数  主题=央企国企
[ 94] 515980 人工智能ETF华富  规模=60.44亿  跟踪=中证人工智能产业指数  主题=人工智能
[ 95] 159770 机器人ETF天弘  规模=60.23亿  跟踪=中证机器人指数  主题=机器人
[ 96] 159562 黄金股ETF华夏  规模=59.39亿  跟踪=中证沪深港黄金产业股票指数  主题=黄金
[ 97] 159851 金融科技ETF华宝  规模=58.84亿  跟踪=中证金融科技主题指数  主题=其他
[ 98] 159549 红利低波ETF天弘  规模=57.61亿  跟踪=中证红利低波动100指数  主题=红利
[ 99] 159796 电池ETF汇添富  规模=57.27亿  跟踪=中证电池主题指数  主题=新能源
[100] 159783 科创创业50ETF华夏  规模=56.96亿  跟踪=中证科创创业50指数  主题=科创板
2026-08-19 20:41:10  步骤1完成 -> C:\Users\hailo\Desktop\每周自动指标\output_etf\2026-08-19\etf_list_2026-08-19.csv
2026-08-19 20:41:10  步骤2: 计算 KDJ-J(日/周/月)...
2026-08-19 20:41:16  [  1] 510300 沪深300ETF华泰柏瑞  完成  日J=37.06 周J=19.58 月J=29.46 价=4.65 涨=-2.78%  PE=14.29(74.9%) PB=1.45(48.08%)
2026-08-19 20:41:17  [  2] 588000 科创50ETF华夏  完成  日J=35.83 周J=4.71 月J=39.0 价=1.76 涨=-6.78%  PE=78.51(85.03%) PB=7.79(92.29%)
2026-08-19 20:41:19  [  3] 512880 证券ETF国泰  完成  日J=-1.26 周J=12.23 月J=24.28 价=1.06 涨=-1.39%  PE=14.76(8.18%) PB=1.26(13.56%)
2026-08-19 20:41:20  [  4] 159915 创业板ETF易方达  完成  日J=32.23 周J=22.94 月J=29.03 价=3.5 涨=-5.99%  PE=42.05(47.12%) PB=5.75(67.8%)
2026-08-19 20:41:22  [  5] 588200 科创芯片ETF嘉实  完成  日J=37.67 周J=8.26 月J=43.26 价=1.18 涨=-7.45%  PE=121.04(80.45%) PB=None(None%)
2026-08-19 20:41:23  [  6] 159516 半导体设备ETF国泰  完成  日J=58.06 周J=18.07 月J=52.36 价=0.74 涨=-6.92%  PE=114.69(95.98%) PB=None(None%)
2026-08-19 20:41:25  [  7] 563360 A500ETF华泰柏瑞  完成  日J=29.08 周J=22.04 月J=27.68 价=1.28 涨=-3.61%  PE=16.26(73.58%) PB=None(None%)
2026-08-19 20:41:26  [  8] 588170 科创半导体ETF华夏  完成  日J=61.86 周J=17.81 月J=52.21 价=1.02 涨=-7.61%  PE=43.5(82.87%) PB=None(None%)
2026-08-19 20:41:28  [  9] 515880 通信ETF国泰  完成  日J=45.78 周J=21.4 月J=31.94 价=0.65 涨=-8.32%  PE=48.21(90.58%) PB=None(None%)
2026-08-19 20:41:30  [ 10] 510500 中证500ETF南方  完成  日J=30.34 周J=27.56 月J=33.32 价=7.8 涨=-4.7%  PE=27.67(71.69%) PB=2.46(78.76%)
2026-08-19 20:41:31  [ 11] 512890 红利低波ETF华泰柏瑞  完成  日J=90.25 周J=86.71 月J=71.16 价=1.18 涨=1.64%  PE=7.86(71.35%) PB=0.86(60.68%)
2026-08-19 20:41:33  [ 12] 159995 芯片ETF华夏  完成  日J=36.39 周J=5.43 月J=34.82 价=1.16 涨=-8.23%  PE=None(None%) PB=None(None%)
2026-08-19 20:41:34  [ 13] 512170 医疗ETF华宝  完成  日J=39.74 周J=96.65 月J=37.94 价=0.34 涨=-3.68%  PE=29.37(29.76%) PB=3.57(15.56%)
2026-08-19 20:41:36  [ 14] 512400 有色金属ETF南方  完成  日J=7.65 周J=58.0 月J=3.85 价=1.86 涨=-3.78%  PE=15.97(85.99%) PB=None(None%)
2026-08-19 20:41:37  [ 15] 159949 创业板50ETF华安  完成  日J=31.03 周J=20.55 月J=23.14 价=1.64 涨=-6.18%  PE=None(None%) PB=None(None%)
2026-08-19 20:41:38  [ 16] 159326 电网设备ETF华夏  完成  日J=22.85 周J=19.3 月J=22.66 价=1.66 涨=-5.09%  PE=12.63(85.19%) PB=None(None%)
2026-08-19 20:41:40  [ 17] 510880 红利ETF华泰柏瑞  完成  日J=89.83 周J=112.14 月J=78.94 价=3.36 涨=0.6%  PE=8.71(78.03%) PB=0.86(62.2%)
2026-08-19 20:41:42  [ 18] 159819 人工智能ETF易方达  完成  日J=29.47 周J=10.4 月J=36.12 价=1.74 涨=-7.35%  PE=47.85(60.69%) PB=None(None%)
2026-08-19 20:41:43  [ 19] 510050 上证50ETF华夏  完成  日J=23.31 周J=46.52 月J=30.38 价=3.0 涨=-1.54%  PE=11.61(79.39%) PB=1.25(57.84%)
2026-08-19 20:41:44  [ 20] 515450 红利低波50ETF南方  完成  日J=58.19 周J=71.75 月J=68.14 价=1.41 涨=0.93%  PE=8.47(78.68%) PB=0.86(60.68%)
2026-08-19 20:41:46  [ 21] 512480 半导体ETF国联安  完成  日J=36.33 周J=7.82 月J=38.67 价=1.05 涨=-7.24%  PE=90.7(87.12%) PB=None(None%)
2026-08-19 20:41:48  [ 22] 512100 中证1000ETF南方  完成  日J=34.87 周J=37.29 月J=22.3 价=3.05 涨=-5.07%  PE=31.8(68.31%) PB=2.41(46.04%)
2026-08-19 20:41:49  [ 23] 515180 红利ETF易方达  完成  日J=75.12 周J=109.53 月J=56.16 价=1.43 涨=0.7%  PE=8.48(59.44%) PB=0.84(48.84%)
2026-08-19 20:41:51  [ 24] 159992 创新药ETF银华  完成  日J=53.92 周J=91.24 月J=74.75 价=0.9 涨=-2.39%  PE=30.44(43.4%) PB=None(None%)
2026-08-19 20:41:52  [ 25] 510180 上证180ETF华安  完成  日J=18.51 周J=43.91 月J=26.42 价=3.95 涨=-2.2%  PE=12.11(68.34%) PB=1.23(43.28%)
2026-08-19 20:41:54  [ 26] 515050 通信ETF华夏  完成  日J=39.68 周J=19.75 月J=36.36 价=1.01 涨=-8.27%  PE=48.13(91.69%) PB=None(None%)
2026-08-19 20:41:55  [ 27] 562500 机器人ETF华夏  完成  日J=26.94 周J=16.05 月J=12.18 价=0.96 涨=-7.81%  PE=52.59(51.83%) PB=None(None%)
2026-08-19 20:41:57  [ 28] 159781 科创创业ETF易方达  完成  日J=36.71 周J=9.16 月J=33.75 价=1.1 涨=-6.61%  PE=43.23(61.11%) PB=None(None%)
2026-08-19 20:41:59  [ 29] 159530 机器人ETF易方达  完成  日J=27.29 周J=15.77 月J=10.4 价=1.34 涨=-9.11%  PE=None(None%) PB=None(None%)
2026-08-19 20:42:00  [ 30] 159201 自由现金流ETF华夏  完成  日J=44.57 周J=104.85 月J=15.55 价=1.18 涨=-0.84%  PE=None(None%) PB=None(None%)
2026-08-19 20:42:02  [ 31] 512010 医药ETF易方达  完成  日J=62.46 周J=96.4 月J=77.69 价=0.4 涨=-0.25%  PE=24.3(7.51%) PB=None(None%)
2026-08-19 20:42:04  [ 32] 517520 黄金股ETF永赢  完成  日J=41.44 周J=95.66 月J=7.09 价=2.07 涨=-0.62%  PE=21.4(51.62%) PB=None(None%)
2026-08-19 20:42:05  [ 33] 159928 消费ETF汇添富  完成  日J=0.21 周J=82.43 月J=28.49 价=0.66 涨=-1.64%  PE=19.83(19.41%) PB=3.46(1.96%)
2026-08-19 20:42:08  [ 34] 510210 上证指数ETF富国  完成  日J=40.2 周J=56.27 月J=24.93 价=1.0 涨=-2.16%  PE=15.26(71.97%) PB=None(None%)
2026-08-19 20:42:10  [ 35] 515220 煤炭ETF国泰  完成  日J=74.72 周J=102.48 月J=41.74 价=1.27 涨=0.08%  PE=18.88(87.55%) PB=1.79(97.24%)
2026-08-19 20:42:11  [ 36] 159206 卫星ETF永赢  完成  日J=25.73 周J=30.51 月J=3.31 价=1.37 涨=-7.93%  PE=None(None%) PB=None(None%)
2026-08-19 20:42:12  [ 37] 512690 酒ETF鹏华  完成  日J=14.22 周J=91.16 月J=25.37 价=0.43 涨=-0.69%  PE=19.23(16.41%) PB=None(None%)
2026-08-19 20:42:14  [ 38] 512070 证券保险ETF易方达  完成  日J=0.18 周J=34.07 月J=5.57 价=0.77 涨=-0.9%  PE=9.4(0.92%) PB=None(None%)
2026-08-19 20:42:16  [ 39] 159870 化工ETF鹏华  完成  日J=6.68 周J=46.96 月J=16.09 价=0.8 涨=-1.96%  PE=22.19(56.59%) PB=None(None%)
2026-08-19 20:42:17  [ 40] 513630 港股低波红利ETF摩根  完成  日J=84.39 周J=77.82 月J=35.96 价=1.58 涨=0.25%  PE=None(None%) PB=None(None%)
2026-08-19 20:42:18  [ 41] 512760 芯片ETF国泰  完成  日J=35.71 周J=5.47 月J=37.98 价=1.11 涨=-7.65%  PE=89.15(75.38%) PB=None(None%)
2026-08-19 20:42:20  [ 42] 159611 电力ETF广发  完成  日J=-6.89 周J=32.09 月J=3.7 价=1.03 涨=-0.96%  PE=15.97(70.87%) PB=None(None%)
2026-08-19 20:42:22  [ 43] 512800 银行ETF华宝  完成  日J=93.01 周J=84.38 月J=79.03 价=0.82 涨=2.24%  PE=6.79(76.96%) PB=0.68(43.16%)
2026-08-19 20:42:23  [ 44] 516650 有色金属ETF华夏  完成  日J=10.54 周J=66.51 月J=1.48 价=1.82 涨=-3.03%  PE=19.12(24.93%) PB=None(None%)
2026-08-19 20:42:25  [ 45] 159852 软件ETF嘉实  完成  日J=-7.38 周J=59.55 月J=-2.52 价=0.68 涨=-4.24%  PE=54.57(47.72%) PB=None(None%)
2026-08-19 20:42:26  [ 46] 560860 工业有色ETF万家  完成  日J=8.52 周J=47.67 月J=8.18 价=1.6 涨=-4.03%  PE=60.82(28.07%) PB=None(None%)
2026-08-19 20:42:27  [ 47] 159869 游戏ETF华夏  完成  日J=-11.23 周J=75.47 月J=-3.03 价=1.07 涨=-3.52%  PE=19.28(13.17%) PB=None(None%)
2026-08-19 20:42:29  [ 48] 159755 电池ETF广发  完成  日J=20.72 周J=28.94 月J=0.8 价=0.95 涨=-3.55%  PE=25.05(36.84%) PB=3.44(47.88%)
2026-08-19 20:42:31  [ 49] 159307 红利低波100ETF博时  完成  日J=35.53 周J=73.07 月J=51.75 价=1.02 涨=0.29%  PE=8.7(79.48%) PB=None(None%)
2026-08-19 20:42:32  [ 50] 512710 军工龙头ETF富国  完成  日J=17.77 周J=36.1 月J=-10.19 价=0.61 涨=-3.79%  PE=None(None%) PB=None(None%)
2026-08-19 20:42:34  [ 51] 516150 稀土ETF嘉实  完成  日J=19.93 周J=34.93 月J=12.42 价=1.76 涨=-4.13%  PE=30.19(34.23%) PB=None(None%)
2026-08-19 20:42:36  [ 52] 159263 价值ETF易方达  完成  日J=54.05 周J=93.29 月J=50.57 价=1.15 涨=0.79%  PE=None(None%) PB=None(None%)
2026-08-19 20:42:37  [ 53] 159363 创业板人工智能ETF华宝  完成  日J=42.14 周J=34.32 月J=41.22 价=1.22 涨=-7.56%  PE=None(None%) PB=None(None%)
2026-08-19 20:42:38  [ 54] 159865 养殖ETF国泰  完成  日J=37.49 周J=94.52 月J=17.65 价=0.53 涨=-3.1%  PE=22.74(52.6%) PB=None(None%)
2026-08-19 20:42:40  [ 55] 512660 军工ETF国泰  完成  日J=24.66 周J=33.7 月J=-6.04 价=1.11 涨=-5.22%  PE=45.72(13.09%) PB=3.24(52.4%)
2026-08-19 20:42:42  [ 56] 588220 科创100ETF鹏华  完成  日J=56.62 周J=30.09 月J=42.31 价=1.78 涨=-7.61%  PE=None(None%) PB=None(None%)
2026-08-19 20:42:43  [ 57] 563300 中证2000ETF华泰柏瑞  完成  日J=42.65 周J=47.01 月J=25.6 价=1.39 涨=-5.07%  PE=39.02(67.03%) PB=None(None%)
2026-08-19 20:42:45  [ 58] 512950 央企改革ETF华夏  完成  日J=31.08 周J=37.91 月J=32.61 价=1.5 涨=-2.28%  PE=15.75(82.91%) PB=None(None%)
2026-08-19 20:42:46  [ 59] 515980 人工智能ETF华富  完成  日J=29.27 周J=15.24 月J=36.47 价=1.01 涨=-7.65%  PE=51.28(82.1%) PB=None(None%)
2026-08-19 20:42:48  [ 60] 159851 金融科技ETF华宝  完成  日J=-10.15 周J=44.25 月J=-2.56 价=0.6 涨=-3.69%  PE=31.44(5.9%) PB=None(None%)
2026-08-19 20:42:50  [ 61] 159796 电池ETF汇添富  完成  日J=42.19 周J=30.58 月J=8.2 价=0.86 涨=-3.89%  PE=None(None%) PB=None(None%)
2026-08-19 20:42:50  全部完成，结果已写入 C:\Users\hailo\Desktop\每周自动指标\output_etf\2026-08-19\metrics_2026-08-19.csv
2026-08-19 20:42:50  步骤2完成 -> C:\Users\hailo\Desktop\每周自动指标\output_etf\2026-08-19\metrics_2026-08-19.csv
2026-08-19 20:42:50  步骤3: 生成 HTML 总结报告...
2026-08-19 20:42:50  步骤3完成 -> C:\Users\hailo\Desktop\每周自动指标\output_etf\2026-08-19\report_2026-08-19.html
2026-08-19 20:42:50  步骤4: 发送邮件报告...
2026-08-19 20:42:51  步骤4完成: 邮件已发送
2026-08-19 20:42:51  ===== 全部完成 2026-08-19 =====
