2026-07-29 14:42:31  ===== 开始每日指标任务 2026-07-29 =====
2026-07-29 14:42:31  步骤1: 获取 A股市值前100…
2026-07-29 14:42:31  步骤1完成 -> C:\Users\hailo\Desktop\每周自动指标\output\2026-07-29\top100_2026-07-29.csv
2026-07-29 14:42:31  步骤2: 计算 KDJ-J(日/周/月) 及 PE/PB 历史分位…
2026-07-29 14:42:34  [  1] 688825 C长鑫  完成  日J=None 周J=None 月J=None  PE=111.48(50.0%) PB=38.46(50.0%)
2026-07-29 14:42:36  [  2] 601398 工商银行  完成  日J=91.69 周J=101.95 月J=66.36 价=7.94 涨=-0.38%  PE=7.65(95.04%) PB=0.72(67.28%)
2026-07-29 14:42:37  [  3] 601939 建设银行  完成  日J=95.18 周J=95.46 月J=91.64 价=10.65 涨=0.09%  PE=8.14(97.59%) PB=0.78(72.86%)
2026-07-29 14:42:39  [  4] 601288 农业银行  完成  日J=95.59 周J=102.48 月J=14.46 价=6.93 涨=-0.43%  PE=8.28(94.32%) PB=0.86(88.88%)
2026-07-29 14:42:40  [  5] 600941 中国移动  完成  日J=86.97 周J=91.31 月J=39.68 价=97.2 涨=0.88%  PE=15.38(41.58%) PB=1.47(32.07%)
2026-07-29 14:42:41  [  6] 601857 中国石油  完成  日J=77.95 周J=108.24 月J=25.41 价=10.86 涨=-2.16%  PE=12.84(56.4%) PB=1.25(92.3%)
2026-07-29 14:42:43  [  7] 601988 中国银行  完成  日J=73.98 周J=83.22 月J=80.44 价=6.01 涨=-1.48%  PE=8.01(99.18%) PB=0.72(86.67%)
2026-07-29 14:42:44  [  8] 300750 宁德时代  完成  日J=91.36 周J=49.02 月J=46.02 价=396.81 涨=1.52%  PE=21.27(15.81%) PB=4.77(29.95%)
2026-07-29 14:42:46  [  9] 600519 贵州茅台  完成  日J=72.38 周J=101.76 月J=30.97 价=1320.0 涨=0.0%  PE=19.95(6.02%) PB=6.09(2.26%)
2026-07-29 14:42:47  [ 10] 600938 中国海油  完成  日J=42.78 周J=60.92 月J=12.85 价=31.48 涨=0.51%  PE=11.94(89.18%) PB=1.78(70.63%)
2026-07-29 14:42:48  [ 11] 601138 工业富联  完成  日J=34.22 周J=-5.71 月J=36.36 价=57.56 涨=-0.9%  PE=28.35(88.45%) PB=6.54(90.02%)
2026-07-29 14:42:50  [ 12] 688981 中芯国际  完成  日J=-0.82 周J=17.28 月J=64.79 价=129.99 涨=-4.91%  PE=231.94(94.4%) PB=7.81(94.33%)
2026-07-29 14:42:51  [ 13] 601628 中国人寿  完成  日J=25.6 周J=93.29 月J=15.21 价=39.27 涨=-2.31%  PE=7.85(7.12%) PB=1.9(31.67%)
2026-07-29 14:42:53  [ 14] 300308 中际旭创  完成  日J=14.84 周J=-8.41 月J=62.46 价=948.41 涨=4.45%  PE=67.74(74.59%) PB=28.46(97.35%)
2026-07-29 14:42:54  [ 15] 600036 招商银行  完成  日J=88.22 周J=112.42 月J=44.6 价=39.6 涨=0.03%  PE=6.62(27.09%) PB=0.88(11.74%)
2026-07-29 14:42:56  [ 16] 601318 中国平安  完成  日J=90.24 周J=94.0 月J=2.09 价=54.26 涨=0.11%  PE=7.39(8.04%) PB=0.96(21.7%)
2026-07-29 14:42:57  [ 17] 601088 中国神华  完成  日J=49.02 周J=68.07 月J=40.93 价=45.03 涨=-0.9%  PE=19.11(98.32%) PB=2.05(94.18%)
2026-07-29 14:42:59  [ 18] 002594 比亚迪  完成  日J=55.52 周J=99.91 月J=40.26 价=94.81 涨=1.56%  PE=30.89(30.27%) PB=3.67(31.42%)
2026-07-29 14:43:00  [ 19] 601899 紫金矿业  完成  日J=64.43 周J=93.05 月J=10.04 价=32.01 涨=1.01%  PE=13.66(11.6%) PB=4.27(81.09%)
2026-07-29 14:43:02  [ 20] 688256 寒武纪  完成  日J=16.97 周J=-8.6 月J=67.15 价=1135.21 涨=0.64%  PE=260.85(81.79%) PB=55.06(92.06%)
2026-07-29 14:43:03  [ 21] 600900 长江电力  完成  日J=65.95 周J=96.27 月J=84.85 价=28.94 涨=-0.45%  PE=19.71(57.12%) PB=3.12(81.23%)
2026-07-29 14:43:05  [ 22] 688041 海光信息  完成  日J=15.6 周J=21.64 月J=62.6 价=288.9 涨=-3.14%  PE=254.32(92.69%) PB=29.51(94.99%)
2026-07-29 14:43:06  [ 23] 000333 美的集团  完成  日J=85.18 周J=104.43 月J=86.75 价=86.7 涨=1.56%  PE=14.73(53.32%) PB=2.8(42.93%)
2026-07-29 14:43:07  [ 24] 601328 交通银行  完成  日J=87.81 周J=108.51 月J=48.04 价=7.08 涨=-0.42%  PE=6.52(89.89%) PB=0.54(53.22%)
2026-07-29 14:43:09  [ 25] 600028 中国石化  完成  日J=58.64 周J=112.71 月J=-2.7 价=5.17 涨=-0.19%  PE=17.62(85.95%) PB=0.75(35.9%)
2026-07-29 14:43:10  [ 26] 601658 邮储银行  完成  日J=61.65 周J=100.29 月J=25.56 价=5.13 涨=-1.35%  PE=7.11(74.61%) PB=0.6(18.92%)
2026-07-29 14:43:11  [ 27] 300502 新易盛  完成  日J=3.02 周J=0.95 月J=67.03 价=421.8 涨=3.66%  PE=52.83(52.79%) PB=27.84(95.48%)
2026-07-29 14:43:13  [ 28] 601728 中国电信  完成  日J=80.37 周J=98.25 月J=37.17 价=6.25 涨=-0.79%  PE=18.2(65.49%) PB=1.23(61.64%)
2026-07-29 14:43:14  [ 29] 002371 北方华创  完成  日J=40.33 周J=23.45 月J=67.41 价=699.65 涨=-2.15%  PE=93.05(45.77%) PB=13.2(83.97%)
2026-07-29 14:43:16  [ 30] 002475 立讯精密  完成  日J=92.13 周J=16.89 月J=57.06 价=62.06 涨=3.26%  PE=26.97(40.09%) PB=5.26(44.23%)
2026-07-29 14:43:17  [ 31] 688347 华虹宏力  完成  日J=-6.25 周J=32.18 月J=68.02 价=267.01 涨=-4.98%  PE=989.64(80.69%) PB=10.79(96.53%)
2026-07-29 14:43:18  [ 32] 601998 中信银行  完成  日J=84.22 周J=97.8 月J=39.48 价=7.75 涨=-0.26%  PE=6.07(71.37%) PB=0.58(62.22%)
2026-07-29 14:43:20  [ 33] 600030 中信证券  完成  日J=68.69 周J=69.74 月J=81.01 价=28.45 涨=1.28%  PE=12.36(5.63%) PB=1.43(41.19%)
2026-07-29 14:43:22  [ 34] 688235 百济神州  完成  日J=55.45 周J=86.33 月J=43.81 价=267.84 涨=1.77%  PE=128.26(94.9%) PB=12.28(77.01%)
2026-07-29 14:43:23  [ 35] 603993 洛阳钼业  完成  日J=51.97 周J=47.91 月J=13.46 价=19.02 涨=0.11%  PE=16.83(24.01%) PB=4.57(92.44%)
2026-07-29 14:43:25  [ 36] 601166 兴业银行  完成  日J=90.89 周J=99.57 月J=32.06 价=18.59 涨=-0.05%  PE=5.08(41.0%) PB=0.47(9.91%)
2026-07-29 14:43:26  [ 37] 603259 药明康德  完成  日J=56.02 周J=85.01 月J=85.23 价=125.96 涨=2.39%  PE=18.23(16.68%) PB=4.36(31.8%)
2026-07-29 14:43:28  [ 38] 600276 恒瑞医药  完成  日J=21.84 周J=80.59 月J=27.32 价=54.07 涨=1.46%  PE=43.56(4.62%) PB=5.56(3.13%)
2026-07-29 14:43:29  [ 39] 688012 中微公司  完成  日J=56.09 周J=35.93 月J=72.76 价=358.0 涨=-6.53%  PE=134.43(72.39%) PB=15.09(78.38%)
2026-07-29 14:43:31  [ 40] 601211 国泰海通  完成  日J=67.76 周J=80.18 月J=46.3 价=18.96 涨=-0.11%  PE=15.24(65.26%) PB=1.02(38.16%)
2026-07-29 14:43:32  [ 41] 002384 东山精密  完成  日J=-2.11 周J=-8.3 月J=65.43 价=179.66 涨=-5.79%  PE=171.22(96.54%) PB=15.43(97.21%)
2026-07-29 14:43:34  [ 42] 002415 海康威视  完成  日J=63.93 周J=85.96 月J=78.24 价=35.78 涨=-1.0%  PE=20.15(12.46%) PB=3.93(27.05%)
2026-07-29 14:43:35  [ 43] 601319 中国人保  完成  日J=46.13 周J=96.35 月J=1.62 价=7.41 涨=-0.94%  PE=7.76(12.59%) PB=1.04(30.81%)
2026-07-29 14:43:36  [ 44] 300059 东方财富  完成  日J=36.13 周J=59.21 月J=24.19 价=19.91 涨=2.52%  PE=23.44(4.28%) PB=3.21(10.44%)
2026-07-29 14:43:38  [ 45] 600000 浦发银行  完成  日J=88.56 周J=104.69 月J=11.89 价=9.28 涨=0.98%  PE=6.09(71.08%) PB=0.41(28.54%)
2026-07-29 14:43:39  [ 46] 601601 中国太保  完成  日J=62.49 周J=97.25 月J=0.13 价=31.98 涨=0.88%  PE=5.66(1.49%) PB=0.95(10.64%)
2026-07-29 14:43:41  [ 47] 000858 五 粮 液  完成  日J=56.51 周J=57.6 月J=8.55 价=75.13 涨=0.44%  PE=23.04(33.69%) PB=2.27(1.06%)
2026-07-29 14:43:42  [ 48] 688802 沐曦股份-U  完成  日J=8.96 周J=21.78 月J=71.2 价=708.0 涨=-5.86%  PE=-458.84(23.81%) PB=22.97(70.07%)
2026-07-29 14:43:44  [ 49] 002379 宏桥控股  完成  日J=76.56 周J=94.73 月J=5.54 价=20.43 涨=5.64%  PE=12.79(72.86%) PB=4.82(83.4%)
2026-07-29 14:43:45  [ 50] 688795 摩尔线程-U  完成  日J=8.75 周J=-0.75 月J=31.47 价=562.01 涨=-0.23%  PE=-308.25(40.65%) PB=22.98(12.9%)
2026-07-29 14:43:46  [ 51] 600183 生益科技  完成  日J=4.83 周J=-11.69 月J=53.88 价=107.6 涨=-5.11%  PE=70.11(97.79%) PB=15.36(97.83%)
2026-07-29 14:43:48  [ 52] 600150 中国船舶  完成  日J=106.89 周J=31.39 月J=34.69 价=34.67 涨=3.52%  PE=22.29(26.08%) PB=1.69(20.31%)
2026-07-29 14:43:49  [ 53] 603986 兆易创新  完成  日J=2.82 周J=-16.56 月J=45.72 价=360.41 涨=-7.74%  PE=95.36(49.47%) PB=10.85(72.43%)
2026-07-29 14:43:51  [ 54] 688008 XD澜起科  完成  日J=52.41 周J=4.14 月J=60.62 价=206.63 涨=0.47%  PE=98.33(72.74%) PB=12.06(78.79%)
2026-07-29 14:43:52  [ 55] 601816 京沪高铁  完成  日J=93.96 周J=109.11 月J=62.7 价=5.12 涨=0.79%  PE=18.62(5.88%) PB=1.18(7.78%)
2026-07-29 14:43:54  [ 56] 601225 陕西煤业  完成  日J=33.55 周J=70.76 月J=50.83 价=24.65 涨=1.02%  PE=14.63(97.31%) PB=2.32(81.18%)
2026-07-29 14:43:55  [ 57] 688820 盛合晶微  完成  日J=19.66 周J=-6.69 月J=None 价=128.1 涨=-0.31%  PE=242.87(17.91%) PB=16.55(17.91%)
2026-07-29 14:43:56  [ 58] 601919 中远海控  完成  日J=96.66 周J=116.9 月J=39.91 价=15.54 涨=0.71%  PE=9.4(58.71%) PB=1.0(32.19%)
2026-07-29 14:43:58  [ 59] 000338 潍柴动力  完成  日J=81.27 周J=17.57 月J=62.48 价=27.16 涨=3.7%  PE=20.02(90.09%) PB=2.37(78.06%)
2026-07-29 14:44:00  [ 60] 000651 格力电器  完成  日J=80.27 周J=106.62 月J=83.84 价=41.59 涨=1.94%  PE=7.83(30.94%) PB=1.5(5.77%)
2026-07-29 14:44:01  [ 61] 600309 万华化学  完成  日J=83.42 周J=80.23 月J=26.4 价=74.26 涨=0.08%  PE=17.65(62.85%) PB=2.09(9.24%)
2026-07-29 14:44:03  [ 62] 601869 长飞光纤  完成  日J=-0.79 周J=-20.96 月J=53.58 价=281.2 涨=-6.98%  PE=216.28(94.09%) PB=17.59(95.84%)
2026-07-29 14:44:04  [ 63] 002714 牧原股份  完成  日J=2.22 周J=90.74 月J=16.77 价=38.77 涨=-1.35%  PE=23.2(68.53%) PB=2.63(1.88%)
2026-07-29 14:44:06  [ 64] 300274 阳光电源  完成  日J=54.39 周J=-1.94 月J=11.09 价=106.6 涨=-4.89%  PE=19.48(38.21%) PB=4.78(46.68%)
2026-07-29 14:44:07  [ 65] 603288 海天味业  完成  日J=74.89 周J=106.8 月J=49.95 价=37.67 涨=1.78%  PE=29.75(2.5%) PB=5.15(3.46%)
2026-07-29 14:44:09  [ 66] 000001 平安银行  完成  日J=92.42 周J=101.65 月J=55.03 价=11.27 涨=0.63%  PE=5.05(28.68%) PB=0.47(6.98%)
2026-07-29 14:44:11  [ 67] 600690 海尔智家  完成  日J=93.77 周J=108.23 月J=22.13 价=22.96 涨=2.5%  PE=11.22(6.69%) PB=1.68(3.9%)
2026-07-29 14:44:12  [ 68] 300408 三环集团  完成  日J=87.11 周J=-0.52 月J=66.39 价=108.26 涨=7.37%  PE=69.68(97.88%) PB=8.95(97.88%)
2026-07-29 14:44:14  [ 69] 002916 深南电路  完成  日J=37.05 周J=-5.2 月J=59.81 价=314.5 涨=-1.13%  PE=59.62(91.48%) PB=11.98(88.45%)
2026-07-29 14:44:15  [ 70] 600919 江苏银行  完成  日J=81.53 周J=88.81 月J=91.06 价=11.62 涨=0.43%  PE=6.01(80.27%) PB=0.8(87.92%)
2026-07-29 14:44:17  [ 71] 000725 京东方Ａ  完成  日J=15.14 周J=2.05 月J=54.79 价=5.69 涨=1.97%  PE=34.74(54.96%) PB=1.52(65.06%)
2026-07-29 14:44:18  [ 72] 002142 宁波银行  完成  日J=49.48 周J=94.81 月J=70.17 价=31.91 涨=0.28%  PE=6.98(31.14%) PB=0.9(27.77%)
2026-07-29 14:44:20  [ 73] 003816 中国广核  完成  日J=52.85 周J=38.41 月J=31.27 价=4.09 涨=1.74%  PE=21.41(89.09%) PB=1.61(65.83%)
2026-07-29 14:44:21  [ 74] 688072 拓荆科技  完成  日J=47.91 周J=45.85 月J=73.15 价=698.7 涨=-1.59%  PE=125.52(81.08%) PB=28.48(97.39%)
2026-07-29 14:44:23  [ 75] 002463 沪电股份  完成  日J=11.59 周J=-2.62 月J=62.86 价=105.38 涨=-0.35%  PE=47.3(94.42%) PB=12.12(97.45%)
2026-07-29 14:44:24  [ 76] 601066 中信建投  完成  日J=16.49 周J=23.63 月J=59.98 价=25.88 涨=1.73%  PE=17.52(6.25%) PB=2.29(18.15%)
2026-07-29 14:44:25  [ 77] 600188 兖矿能源  完成  日J=14.09 周J=21.15 月J=45.77 价=19.96 涨=0.81%  PE=20.8(96.54%) PB=2.6(75.99%)
2026-07-29 14:44:27  [ 78] 300394 天孚通信  完成  日J=7.51 周J=-11.69 月J=41.03 价=181.76 涨=0.11%  PE=91.19(91.77%) PB=33.12(93.55%)
2026-07-29 14:44:28  [ 79] 300476 胜宏科技  完成  日J=11.63 周J=-8.8 月J=16.89 价=201.2 涨=-4.27%  PE=44.14(79.45%) PB=11.87(87.82%)
2026-07-29 14:44:30  [ 80] 601336 新华保险  完成  日J=7.84 周J=81.36 月J=2.11 价=62.91 涨=0.21%  PE=5.31(2.21%) PB=1.59(48.41%)
2026-07-29 14:44:31  [ 81] 002938 鹏鼎控股  完成  日J=14.16 周J=-4.45 月J=62.22 价=84.59 涨=0.75%  PE=52.41(97.21%) PB=5.62(88.02%)
2026-07-29 14:44:33  [ 82] 600406 国电南瑞  完成  日J=75.8 周J=72.88 月J=15.34 价=23.95 涨=1.66%  PE=22.74(20.36%) PB=3.54(29.11%)
2026-07-29 14:44:34  [ 83] 601668 中国建筑  完成  日J=63.81 周J=112.02 月J=34.08 价=4.66 涨=0.43%  PE=5.05(59.24%) PB=0.39(1.01%)
2026-07-29 14:44:36  [ 84] 601818 光大银行  完成  日J=81.73 周J=101.4 月J=26.81 价=3.19 涨=0.31%  PE=4.97(45.43%) PB=0.37(3.22%)
2026-07-29 14:44:37  [ 85] 600031 三一重工  完成  日J=88.52 周J=108.21 月J=19.5 价=20.37 涨=3.4%  PE=21.51(47.45%) PB=2.0(17.23%)
2026-07-29 14:44:39  [ 86] 300760 迈瑞医疗  完成  日J=69.33 周J=100.63 月J=19.31 价=154.46 涨=2.6%  PE=23.29(4.55%) PB=4.55(1.91%)
2026-07-29 14:44:40  [ 87] 600025 华能水电  完成  日J=31.04 周J=94.44 月J=58.26 价=10.0 涨=0.3%  PE=21.75(77.67%) PB=2.62(74.45%)
2026-07-29 14:44:41  [ 88] 601985 中国核电  完成  日J=40.24 周J=56.43 月J=73.9 价=8.96 涨=1.24%  PE=22.11(84.65%) PB=1.52(28.59%)
2026-07-29 14:44:43  [ 89] 601898 中煤能源  完成  日J=59.01 周J=31.98 月J=12.47 价=13.83 涨=0.8%  PE=10.24(48.94%) PB=1.11(84.6%)
2026-07-29 14:44:44  [ 90] 688808 联讯仪器  完成  日J=46.54 周J=3.31 月J=None 价=1782.0 涨=-3.68%  PE=695.15(40.62%) PB=185.1(40.62%)
2026-07-29 14:44:46  [ 91] 002352 顺丰控股  完成  日J=86.37 周J=93.86 月J=31.94 价=34.74 涨=0.46%  PE=15.96(2.45%) PB=1.81(2.69%)
2026-07-29 14:44:47  [ 92] 001248 华润新能  完成  日J=91.57 周J=7.77 月J=None 价=13.95 涨=-2.24%  PE=34.54(63.16%) PB=2.0(63.16%)
2026-07-29 14:44:48  [ 93] 301666 大普微-UW  完成  日J=17.8 周J=-12.96 月J=None 价=417.8 涨=-4.76%  PE=14740.32(20.0%) PB=238.57(20.0%)
2026-07-29 14:44:50  [ 94] 601688 华泰证券  完成  日J=22.77 周J=52.99 月J=17.34 价=20.14 涨=0.25%  PE=10.34(24.83%) PB=1.02(40.76%)
2026-07-29 14:44:51  [ 95] 001399 惠科股份  完成  日J=37.68 周J=-3.75 月J=None 价=24.14 涨=-2.43%  PE=48.42(13.04%) PB=6.94(13.04%)
2026-07-29 14:44:53  [ 96] 601766 中国中车  完成  日J=89.38 周J=112.75 月J=19.35 价=6.18 涨=3.0%  PE=12.75(5.97%) PB=0.98(10.11%)
2026-07-29 14:44:54  [ 97] 600930 华电新能  完成  日J=38.68 周J=0.84 月J=3.41 价=4.23 涨=0.95%  PE=27.3(0.8%) PB=1.58(0.8%)
2026-07-29 14:44:55  [ 98] 300433 蓝思科技  完成  日J=27.85 周J=-11.05 月J=43.25 价=33.22 涨=-1.89%  PE=51.97(82.15%) PB=3.27(74.88%)
2026-07-29 14:44:57  [ 99] 600887 伊利股份  完成  日J=52.32 周J=100.91 月J=48.83 价=27.23 涨=2.45%  PE=13.91(5.63%) PB=2.82(4.23%)
2026-07-29 14:44:58  [100] 300604 长川科技  完成  日J=33.43 周J=34.71 月J=74.38 价=271.39 涨=-1.81%  PE=111.48(50.58%) PB=34.43(98.85%)
2026-07-29 14:44:58  全部完成，结果已写入 C:\Users\hailo\Desktop\每周自动指标\output\2026-07-29\metrics_2026-07-29.csv
2026-07-29 14:44:58  步骤2完成 -> C:\Users\hailo\Desktop\每周自动指标\output\2026-07-29\metrics_2026-07-29.csv
2026-07-29 14:44:58  步骤3: 生成 HTML 总结报告…
2026-07-29 14:44:58  步骤3完成 -> C:\Users\hailo\Desktop\每周自动指标\output\2026-07-29\report_2026-07-29.html
2026-07-29 14:44:58  步骤4: 发送邮件报告…
2026-07-29 14:45:00  步骤4完成
2026-07-29 14:45:00  ===== 全部完成 2026-07-29 =====
2026-07-29 20:39:04  今日(2026-07-29)已完成，跳过。结果目录: C:\Users\hailo\Desktop\每周自动指标\output\2026-07-29
