2026-09-14 23:10:27  ===== 开始每日指标任务 2026-09-14 =====
2026-09-14 23:10:27  步骤1: 获取 A股市值前100…
2026-09-14 23:10:29  步骤1完成 -> /home/runner/work/daily-stock-metrics/daily-stock-metrics/output/2026-09-14/top100_2026-09-14.csv
2026-09-14 23:10:29  步骤2: 计算 KDJ-J(日/周/月) 及 PE/PB 历史分位…
2026-09-14 23:10:29  观察池: 共111只(含历史追踪11只) -> /home/runner/work/daily-stock-metrics/daily-stock-metrics/output/2026-09-14/tracked_2026-09-14.csv
2026-09-14 23:10:29  待处理 111 条，并发数 8
2026-09-14 23:10:33  [  6] 600941 中国移动  完成  日J=9.68 周J=76.77 月J=87.41 MA20=98.186 MA60=94.693 多头=1 价=98.16 涨=0.45%  PE=16.16(60.46%) PB=1.5(37.35%)
2026-09-14 23:10:33  [  4] 601288 农业银行  完成  日J=72.13 周J=96.02 月J=62.06 MA20=6.864 MA60=6.574 多头=1 价=7.0 涨=0.43%  PE=8.22(93.94%) PB=0.86(88.02%)
2026-09-14 23:10:33  [  7] 601857 中国石油  完成  日J=24.25 周J=67.45 月J=43.11 MA20=11.184 MA60=10.47 多头=1 价=11.04 涨=-1.78%  PE=11.48(48.63%) PB=1.23(89.3%)
2026-09-14 23:10:33  [  5] 601988 中国银行  完成  日J=69.58 周J=97.62 月J=107.67 MA20=6.349 MA60=6.008 多头=1 价=6.64 涨=1.07%  PE=8.59(99.91%) PB=0.78(94.46%)
2026-09-14 23:10:33  [  3] 601939 建设银行  完成  日J=76.43 周J=97.67 月J=106.74 MA20=10.789 MA60=10.289 多头=1 价=11.11 涨=0.82%  PE=8.39(97.87%) PB=0.81(75.33%)
2026-09-14 23:10:33  [  8] 600938 中国海油  完成  日J=46.84 周J=85.53 月J=32.96 MA20=33.821 MA60=31.336 多头=1 价=33.91 涨=0.0%  PE=11.65(86.16%) PB=1.88(79.14%)
2026-09-14 23:10:34  [  2] 601398 工商银行  完成  日J=73.81 周J=97.76 月J=105.47 MA20=7.971 MA60=7.656 多头=1 价=8.22 涨=1.36%  PE=7.83(96.69%) PB=0.74(72.06%)
2026-09-14 23:10:36  [ 12] 601628 中国人寿  完成  日J=21.51 周J=23.84 月J=29.93 MA20=38.089 MA60=38.101 多头=0 价=38.28 涨=0.76%  PE=4.37(0.33%) PB=1.63(6.44%)
2026-09-14 23:10:36  [ 11] 601138 工业富联  完成  日J=11.0 周J=60.8 月J=33.55 MA20=63.23 MA60=63.904 多头=0 价=61.57 涨=-3.9%  PE=26.04(86.11%) PB=6.95(90.19%)
2026-09-14 23:10:36  [ 10] 300750 宁德时代  完成  日J=34.8 周J=1.39 月J=0.64 MA20=362.159 MA60=376.272 多头=0 价=337.11 涨=2.0%  PE=18.35(7.77%) PB=4.11(8.62%)
2026-09-14 23:10:36  [ 14] 300308 中际旭创  完成  日J=79.02 周J=20.17 月J=27.25 MA20=879.096 MA60=1004.208 多头=0 价=873.0 涨=-5.72%  PE=50.28(55.82%) PB=25.8(95.41%)
2026-09-14 23:10:36  [ 13] 600036 招商银行  完成  日J=94.2 周J=106.56 月J=106.57 MA20=40.267 MA60=38.599 多头=1 价=41.83 涨=1.16%  PE=6.95(35.09%) PB=0.92(19.37%)
2026-09-14 23:10:37  [  9] 600519 贵州茅台  完成  日J=3.17 周J=24.61 月J=36.38 MA20=1297.563 MA60=1277.219 多头=1 价=1277.96 涨=0.22%  PE=19.62(3.5%) PB=6.36(2.6%)
2026-09-14 23:10:37  [ 15] 601088 中国神华  完成  日J=50.58 周J=79.6 月J=77.49 MA20=47.209 MA60=44.267 多头=1 价=47.2 涨=-0.65%  PE=18.96(96.92%) PB=2.27(98.63%)
2026-09-14 23:10:38  [ 16] 601318 中国平安  完成  日J=-5.08 周J=72.24 月J=25.9 MA20=54.466 MA60=51.927 多头=1 价=54.73 涨=-0.18%  PE=6.22(0.09%) PB=0.96(22.16%)
2026-09-14 23:10:38  [  1] 688825 长鑫科技  完成  日J=21.96 周J=72.75 月J=None MA20=57.028 MA60=None 多头=None 价=54.49 涨=-3.95%  PE=45.21(5.56%) PB=27.46(47.22%)
2026-09-14 23:10:39  [ 17] 688981 中芯国际  完成  日J=-7.62 周J=-8.93 月J=29.06 MA20=123.47 MA60=136.092 多头=0 价=114.07 涨=-2.84%  PE=135.52(63.19%) PB=5.7(81.7%)
2026-09-14 23:10:39  [ 19] 002594 比亚迪  完成  日J=33.88 周J=5.66 月J=28.01 MA20=88.37 MA60=88.768 多头=0 价=85.43 涨=1.7%  PE=26.46(22.96%) PB=3.25(25.66%)
2026-09-14 23:10:39  [ 20] 600900 长江电力  完成  日J=78.34 周J=52.34 月J=92.6 MA20=28.221 MA60=27.824 多头=1 价=28.63 涨=0.63%  PE=19.35(53.84%) PB=3.24(86.7%)
2026-09-14 23:10:39  [ 21] 601328 交通银行  完成  日J=98.76 周J=107.89 月J=111.24 MA20=7.265 MA60=6.942 多头=1 价=7.62 涨=1.87%  PE=6.91(94.6%) PB=0.58(68.42%)
2026-09-14 23:10:39  [ 18] 601899 紫金矿业  完成  日J=30.87 周J=62.48 月J=32.23 MA20=33.636 MA60=30.986 多头=1 价=32.25 涨=-0.03%  PE=12.68(6.63%) PB=4.25(79.73%)
2026-09-14 23:10:39  [ 22] 000333 美的集团  完成  日J=48.44 周J=70.52 月J=93.92 MA20=86.159 MA60=83.249 多头=1 价=86.8 涨=0.63%  PE=14.92(54.78%) PB=3.13(51.61%)
2026-09-14 23:10:40  [ 23] 601658 邮储银行  完成  日J=44.96 周J=82.15 月J=88.83 MA20=5.238 MA60=5.074 多头=1 价=5.45 涨=-0.18%  PE=7.3(78.73%) PB=0.63(30.16%)
2026-09-14 23:10:41  [ 24] 688256 寒武纪  完成  日J=17.3 周J=15.18 月J=35.43 MA20=1059.218 MA60=1205.315 多头=0 价=1040.0 涨=0.0%  PE=196.28(77.53%) PB=48.25(83.41%)
2026-09-14 23:10:42  [ 28] 688041 海光信息  完成  日J=-1.12 周J=-6.74 月J=5.92 MA20=243.071 MA60=292.024 多头=0 价=223.69 涨=-3.12%  PE=165.48(54.84%) PB=20.49(71.77%)
2026-09-14 23:10:42  [ 26] 601728 中国电信  完成  日J=65.91 周J=77.2 月J=68.85 MA20=6.261 MA60=5.935 多头=1 价=6.26 涨=-0.48%  PE=19.25(78.18%) PB=1.21(57.17%)
2026-09-14 23:10:42  [ 25] 600028 中国石化  完成  日J=19.19 周J=73.22 月J=18.9 MA20=5.379 MA60=5.095 多头=1 价=5.37 涨=-2.72%  PE=18.06(86.55%) PB=0.77(38.21%)
2026-09-14 23:10:42  [ 27] 300502 新易盛  完成  日J=61.07 周J=21.84 月J=31.06 MA20=409.291 MA60=463.839 多头=0 价=401.9 涨=-4.99%  PE=42.71(35.7%) PB=23.06(91.38%)
2026-09-14 23:10:42  [ 29] 601998 中信银行  完成  日J=72.76 周J=107.71 月J=101.99 MA20=8.665 MA60=7.839 多头=1 价=8.94 涨=0.22%  PE=6.93(92.0%) PB=0.67(77.13%)
2026-09-14 23:10:43  [ 30] 603259 药明康德  完成  日J=82.78 周J=66.71 月J=86.9 MA20=157.673 MA60=139.628 多头=1 价=158.86 涨=5.04%  PE=22.22(32.59%) PB=5.78(50.76%)
2026-09-14 23:10:43  [ 31] 002371 北方华创  完成  日J=20.16 周J=-6.0 月J=33.71 MA20=681.175 MA60=735.537 多头=0 价=626.0 涨=-1.26%  PE=79.92(41.0%) PB=11.2(75.57%)
2026-09-14 23:10:44  [ 32] 600030 中信证券  完成  日J=-7.16 周J=-5.54 月J=65.03 MA20=27.468 MA60=27.99 多头=0 价=26.61 涨=-1.15%  PE=10.48(0.05%) PB=1.41(39.3%)
2026-09-14 23:10:44  [ 33] 002475 立讯精密  完成  日J=2.76 周J=13.72 月J=17.65 MA20=55.513 MA60=59.254 多头=0 价=52.78 涨=-4.71%  PE=22.95(18.18%) PB=4.39(21.02%)
2026-09-14 23:10:44  [ 34] 688347 华虹宏力  完成  日J=-4.2 周J=-12.48 月J=30.86 MA20=235.675 MA60=282.029 多头=0 价=210.72 涨=-3.81%  PE=579.59(66.98%) PB=8.59(91.91%)
2026-09-14 23:10:45  [ 35] 688235 百济神州  完成  日J=33.74 周J=0.12 月J=50.07 MA20=271.803 MA60=268.703 多头=1 价=256.6 涨=3.76%  PE=92.43(88.37%) PB=11.17(69.79%)
2026-09-14 23:10:45  [ 36] 601166 兴业银行  完成  日J=75.6 周J=41.85 月J=43.17 MA20=18.035 MA60=17.891 多头=1 价=18.15 涨=0.11%  PE=5.09(42.14%) PB=0.46(6.68%)
2026-09-14 23:10:45  [ 38] 601869 长飞光纤  完成  日J=96.84 周J=109.39 月J=60.41 MA20=404.394 MA60=398.162 多头=1 价=459.66 涨=-3.02%  PE=110.54(89.34%) PB=23.26(98.48%)
2026-09-14 23:10:45  [ 37] 603993 洛阳钼业  完成  日J=31.43 周J=17.82 月J=4.15 MA20=18.666 MA60=18.606 多头=1 价=17.89 涨=-1.43%  PE=13.76(11.36%) PB=4.27(86.55%)
2026-09-14 23:10:46  [ 40] 601319 中国人保  完成  日J=20.03 周J=78.32 月J=32.08 MA20=7.491 MA60=7.229 多头=1 价=7.82 涨=-0.13%  PE=6.08(0.16%) PB=1.02(29.11%)
2026-09-14 23:10:46  [ 41] 002384 东山精密  完成  日J=62.37 周J=21.5 月J=48.53 MA20=192.947 MA60=211.651 多头=0 价=185.11 涨=-4.79%  PE=94.58(88.83%) PB=13.91(95.69%)
2026-09-14 23:10:47  [ 44] 688012 中微公司  完成  日J=12.79 周J=8.97 月J=43.6 MA20=352.964 MA60=377.411 多头=0 价=324.64 涨=-2.68%  PE=73.5(36.12%) PB=10.35(70.22%)
2026-09-14 23:10:48  [ 43] 600000 浦发银行  完成  日J=65.9 周J=67.63 月J=32.11 MA20=9.201 MA60=9.0 多头=1 价=9.4 涨=1.51%  PE=6.11(71.35%) PB=0.42(32.77%)
2026-09-14 23:10:48  [ 42] 601601 中国太保  完成  日J=11.61 周J=75.16 月J=19.62 MA20=32.247 MA60=30.891 多头=1 价=32.96 涨=-0.03%  PE=5.62(1.94%) PB=0.99(15.44%)
2026-09-14 23:10:48  [ 45] 601211 国泰海通  完成  日J=14.0 周J=-5.82 月J=42.42 MA20=17.654 MA60=18.191 多头=0 价=17.37 涨=0.29%  PE=9.45(3.12%) PB=0.92(23.53%)
2026-09-14 23:10:48  [ 46] 002415 海康威视  完成  日J=20.15 周J=4.87 月J=62.42 MA20=34.499 MA60=34.568 多头=0 价=33.16 涨=-0.27%  PE=18.49(5.73%) PB=3.6(15.96%)
2026-09-14 23:10:48  [ 47] 600150 中国船舶  完成  日J=77.75 周J=94.39 月J=56.76 MA20=35.756 MA60=34.821 多头=1 价=38.98 涨=-1.94%  PE=20.92(25.62%) PB=1.93(42.95%)
2026-09-14 23:10:49  [ 39] 600183 生益科技  完成  日J=68.15 周J=88.85 月J=61.42 MA20=140.168 MA60=140.677 多头=0 价=146.0 涨=-1.64%  PE=68.27(97.02%) PB=19.17(98.48%)
2026-09-14 23:10:49  [ 48] 300059 东方财富  完成  日J=-3.19 周J=-9.1 月J=14.61 MA20=19.001 MA60=19.763 多头=0 价=18.22 涨=-0.49%  PE=19.77(0.28%) PB=2.93(7.2%)
2026-09-14 23:10:50  [ 51] 000858 五 粮 液  完成  日J=-0.76 周J=-2.63 月J=5.28 MA20=71.309 MA60=72.68 多头=0 价=69.85 涨=0.14%  PE=20.72(22.21%) PB=2.29(0.33%)
2026-09-14 23:10:50  [ 50] 300394 天孚通信  完成  日J=61.1 周J=85.72 月J=42.53 MA20=262.141 MA60=249.731 多头=1 价=256.96 涨=-1.91%  PE=120.7(94.89%) PB=44.86(96.16%)
2026-09-14 23:10:51  [ 52] 002916 深南电路  完成  日J=103.59 周J=85.27 月J=56.16 MA20=362.162 MA60=374.657 多头=0 价=389.13 涨=-1.9%  PE=63.61(94.46%) PB=14.7(94.84%)
2026-09-14 23:10:51  [ 56] 688808 联讯仪器  完成  日J=13.71 周J=86.26 月J=74.2 MA20=2394.188 MA60=2187.779 多头=1 价=2411.98 涨=-1.95%  PE=361.9(6.12%) PB=73.1(47.96%)
2026-09-14 23:10:51  [ 49] 600276 恒瑞医药  完成  日J=22.74 周J=-8.57 月J=0.05 MA20=46.623 MA60=51.418 多头=0 价=43.15 涨=1.12%  PE=37.07(1.04%) PB=4.44(0.14%)
2026-09-14 23:10:51  [ 54] 300408 三环集团  完成  日J=92.14 周J=78.78 月J=52.64 MA20=113.88 MA60=122.544 多头=0 价=125.83 涨=1.18%  PE=75.83(97.35%) PB=11.1(98.34%)
2026-09-14 23:10:51  [ 53] 601225 陕西煤业  完成  日J=29.82 周J=64.37 月J=85.44 MA20=26.238 MA60=24.543 多头=1 价=25.95 涨=-0.38%  PE=12.33(88.64%) PB=2.49(88.68%)
2026-09-14 23:10:51  [ 55] 603986 兆易创新  完成  日J=2.35 周J=5.33 月J=10.71 MA20=391.788 MA60=482.63 多头=0 价=356.88 涨=-3.89%  PE=31.68(9.42%) PB=6.74(39.68%)
2026-09-14 23:10:52  [ 61] 688820 盛合晶微  完成  日J=41.42 周J=20.48 月J=17.43 MA20=129.289 MA60=150.006 多头=0 价=126.8 涨=-3.69%  PE=252.63(25.74%) PB=12.24(16.83%)
2026-09-14 23:10:53  [ 59] 002463 沪电股份  完成  日J=88.45 周J=82.79 月J=58.17 MA20=120.712 MA60=123.909 多头=0 价=125.7 涨=-1.99%  PE=47.78(93.89%) PB=13.45(98.01%)
2026-09-14 23:10:53  [ 58] 601919 中远海控  完成  日J=19.33 周J=52.07 月J=79.5 MA20=16.619 MA60=15.309 多头=1 价=16.1 涨=-0.56%  PE=9.19(57.2%) PB=1.05(40.34%)
2026-09-14 23:10:53  [ 57] 002714 牧原股份  完成  日J=9.23 周J=80.16 月J=55.44 MA20=41.453 MA60=39.245 多头=1 价=42.59 涨=0.97%  PE=-219.37(13.16%) PB=3.11(12.36%)
2026-09-14 23:10:53  [ 60] 601816 京沪高铁  完成  日J=33.29 周J=33.17 月J=78.37 MA20=4.877 MA60=4.805 多头=1 价=4.84 涨=0.62%  PE=17.38(1.61%) PB=1.13(2.17%)
2026-09-14 23:10:53  [ 62] 002142 宁波银行  完成  日J=89.84 周J=102.68 月J=99.7 MA20=34.249 MA60=32.16 多头=1 价=35.76 涨=0.73%  PE=7.59(38.54%) PB=0.97(33.62%)
2026-09-14 23:10:54  [ 63] 600919 江苏银行  完成  日J=77.51 周J=92.82 月J=105.5 MA20=12.182 MA60=11.633 多头=1 价=12.55 涨=-0.16%  PE=6.37(88.64%) PB=0.85(93.13%)
2026-09-14 23:10:54  [ 64] 600309 万华化学  完成  日J=9.79 周J=65.27 月J=18.84 MA20=74.933 MA60=72.721 多头=1 价=73.51 涨=-1.33%  PE=13.97(29.92%) PB=2.03(8.1%)
2026-09-14 23:10:55  [ 65] 000001 平安银行  完成  日J=28.38 周J=88.77 月J=107.83 MA20=11.659 MA60=11.134 多头=1 价=11.85 涨=0.94%  PE=5.29(37.22%) PB=0.49(14.73%)
2026-09-14 23:10:56  [ 66] 002379 宏桥控股  完成  日J=6.2 周J=16.93 月J=4.55 MA20=18.54 MA60=18.004 多头=1 价=17.58 涨=-3.19%  PE=9.29(61.03%) PB=3.96(77.98%)
2026-09-14 23:10:56  [ 70] 003816 中国广核  完成  日J=22.66 周J=98.47 月J=47.87 MA20=4.173 MA60=4.019 多头=1 价=4.34 涨=0.23%  PE=22.09(91.35%) PB=1.77(82.17%)
2026-09-14 23:10:56  [ 72] 688498 源杰科技  完成  日J=87.69 周J=90.21 月J=72.32 MA20=1589.231 MA60=1553.794 多头=1 价=1692.66 涨=-0.49%  PE=280.33(52.04%) PB=67.08(96.8%)
2026-09-14 23:10:56  [ 71] 000651 格力电器  完成  日J=53.09 周J=43.08 月J=90.37 MA20=38.956 MA60=38.018 多头=1 价=38.71 涨=-0.08%  PE=7.78(28.93%) PB=1.46(3.69%)
2026-09-14 23:10:56  [ 67] 000338 潍柴动力  完成  日J=28.71 周J=30.31 月J=45.03 MA20=27.337 MA60=27.667 多头=0 价=26.14 涨=-0.72%  PE=17.39(79.17%) PB=2.35(76.09%)
2026-09-14 23:10:57  [ 69] 300476 胜宏科技  完成  日J=46.34 周J=46.33 月J=5.1 MA20=239.464 MA60=258.854 多头=0 价=225.0 涨=-1.74%  PE=44.0(78.46%) PB=5.83(81.34%)
2026-09-14 23:10:57  [ 68] 688008 澜起科技  完成  日J=13.29 周J=2.1 月J=25.14 MA20=198.698 MA60=223.654 多头=0 价=184.65 涨=-3.81%  PE=73.32(40.61%) PB=10.47(64.98%)
2026-09-14 23:10:57  [ 73] 002938 鹏鼎控股  完成  日J=58.53 周J=43.89 月J=52.11 MA20=88.987 MA60=93.432 多头=0 价=88.24 涨=-4.76%  PE=53.98(96.33%) PB=5.95(91.69%)
2026-09-14 23:10:58  [ 74] 600188 兖矿能源  完成  日J=6.97 周J=51.19 月J=53.09 MA20=21.856 MA60=20.308 多头=1 价=20.37 涨=-4.72%  PE=19.12(93.61%) PB=2.66(77.7%)
2026-09-14 23:10:58  [ 75] 603288 海天味业  完成  日J=67.77 周J=2.04 月J=27.46 MA20=34.616 MA60=35.255 多头=0 价=34.15 涨=-0.09%  PE=27.31(0.99%) PB=5.11(2.98%)
2026-09-14 23:10:59  [ 76] 603268 松发股份  完成  日J=72.45 周J=96.65 月J=95.59 MA20=188.911 MA60=167.974 多头=1 价=195.51 涨=-1.01%  PE=35.46(47.87%) PB=15.25(82.39%)
2026-09-14 23:10:59  [ 77] 600690 海尔智家  完成  日J=1.32 周J=46.29 月J=33.95 MA20=21.228 MA60=20.683 多头=1 价=21.12 涨=0.52%  PE=11.02(6.58%) PB=1.64(3.6%)
2026-09-14 23:10:59  [ 78] 000725 京东方Ａ  完成  日J=5.55 周J=-1.89 月J=26.81 MA20=5.768 MA60=6.352 多头=0 价=5.3 涨=-0.56%  PE=24.99(42.9%) PB=1.47(59.99%)
2026-09-14 23:11:00  [ 79] 300760 迈瑞医疗  完成  日J=-11.79 周J=74.68 月J=46.01 MA20=161.737 MA60=151.013 多头=1 价=160.1 涨=-1.62%  PE=24.67(11.23%) PB=4.78(3.95%)
2026-09-14 23:11:00  [ 80] 601898 中煤能源  完成  日J=2.21 周J=65.93 月J=28.15 MA20=14.806 MA60=13.741 多头=1 价=14.42 涨=-2.1%  PE=10.43(50.33%) PB=1.15(89.39%)
2026-09-14 23:11:00  [ 81] 688836 宇树科技-W  完成  日J=3.15 周J=-1.68 月J=None MA20=None MA60=None 多头=None 价=470.0 涨=-1.49%  PE=325.38(5.26%) PB=66.01(5.26%)
2026-09-14 23:11:00  [ 83] 688802 沐曦股份-U  完成  日J=-0.98 周J=-8.82 月J=16.92 MA20=633.717 MA60=735.942 多头=0 价=461.1 涨=-5.71%  PE=20736.86(94.48%) PB=13.3(0.55%)
2026-09-14 23:11:01  [ 82] 601985 中国核电  完成  日J=70.53 周J=81.3 月J=85.79 MA20=8.918 MA60=8.862 多头=1 价=9.06 涨=0.11%  PE=25.6(99.67%) PB=1.57(40.01%)
2026-09-14 23:11:01  [ 84] 600025 华能水电  完成  日J=72.35 周J=37.85 月J=69.84 MA20=9.71 MA60=9.655 多头=1 价=9.89 涨=0.61%  PE=22.28(80.73%) PB=2.64(75.24%)
2026-09-14 23:11:02  [ 86] 601066 中信建投  完成  日J=-6.71 周J=-6.04 月J=37.05 MA20=24.866 MA60=26.237 多头=0 价=23.6 涨=-0.67%  PE=14.56(0.45%) PB=2.09(12.24%)
2026-09-14 23:11:02  [ 87] 688801 C燧原-U  完成  日J=None 周J=None 月J=None MA20=None MA60=None 多头=None  PE=-153.98(50.0%) PB=69.06(100.0%)
2026-09-14 23:11:02  [ 85] 600031 三一重工  完成  日J=27.29 周J=65.23 月J=41.67 MA20=19.496 MA60=19.127 多头=1 价=19.92 涨=0.71%  PE=20.62(45.03%) PB=1.99(17.28%)
2026-09-14 23:11:02  [ 88] 601336 新华保险  完成  日J=-10.4 周J=9.98 月J=7.23 MA20=59.803 MA60=60.426 多头=0 价=58.41 涨=0.19%  PE=4.12(0.09%) PB=1.47(40.96%)
2026-09-14 23:11:03  [ 89] 600176 中国巨石  完成  日J=89.67 周J=76.76 月J=34.4 MA20=42.349 MA60=47.615 多头=0 价=45.29 涨=1.41%  PE=40.01(95.31%) PB=5.47(98.77%)
2026-09-14 23:11:03  [ 90] 601818 光大银行  完成  日J=62.48 周J=37.56 月J=47.78 MA20=3.034 MA60=3.03 多头=1 价=3.05 涨=0.99%  PE=5.48(63.68%) PB=0.36(1.52%)
2026-09-14 23:11:03  [ 92] 600406 国电南瑞  完成  日J=9.32 周J=2.65 月J=1.19 MA20=22.876 MA60=23.138 多头=0 价=22.21 涨=-0.36%  PE=21.24(8.95%) PB=3.43(24.01%)
2026-09-14 23:11:04  [ 93] 300274 阳光电源  完成  日J=25.16 周J=0.02 月J=-17.0 MA20=97.27 MA60=112.438 多头=0 价=84.98 涨=0.69%  PE=16.04(24.91%) PB=3.51(30.68%)
2026-09-14 23:11:04  [ 91] 601668 中国建筑  完成  日J=39.65 周J=0.53 月J=37.88 MA20=4.39 MA60=4.424 多头=0 价=4.33 涨=-0.46%  PE=5.65(77.56%) PB=0.36(0.14%)
2026-09-14 23:11:04  [ 94] 601766 中国中车  完成  日J=26.21 周J=85.84 月J=62.81 MA20=6.162 MA60=5.796 多头=1 价=6.13 涨=0.0%  PE=12.63(5.35%) PB=1.0(13.35%)
2026-09-14 23:11:05  [ 96] 300433 蓝思科技  完成  日J=2.46 周J=21.3 月J=23.45 MA20=36.629 MA60=39.514 多头=0 价=33.27 涨=0.0%  PE=50.88(80.68%) PB=3.33(75.66%)
2026-09-14 23:11:05  [ 97] 688072 拓荆科技  完成  日J=7.75 周J=-0.01 月J=42.23 MA20=658.514 MA60=694.056 多头=0 价=601.0 涨=-3.2%  PE=80.73(31.03%) PB=13.81(76.07%)
2026-09-14 23:11:06  [ 98] 600887 伊利股份  完成  日J=56.92 周J=73.69 月J=73.75 MA20=26.254 MA60=25.932 多头=1 价=26.85 涨=0.71%  PE=16.78(20.6%) PB=3.16(16.9%)
2026-09-14 23:11:06  [ 99] 601688 华泰证券  完成  日J=-1.86 周J=24.15 月J=13.9 MA20=19.086 MA60=19.586 多头=0 价=18.8 涨=-0.69%  PE=8.27(0.05%) PB=0.95(29.97%)
2026-09-14 23:11:06  [100] 600930 华电新能  完成  日J=77.47 周J=13.68 月J=-2.5 MA20=3.939 MA60=4.296 多头=0 价=3.94 涨=0.25%  PE=33.8(76.49%) PB=1.48(4.21%)
2026-09-14 23:11:06  [101] 688795 摩尔线程-U  完成  日J=-4.89 周J=-6.78 月J=1.02 MA20=489.905 MA60=583.609 多头=0 价=346.02 涨=-3.31%  PE=-219.37(75.66%) PB=13.36(0.53%)
2026-09-14 23:11:07  [104] 301666 大普微-UW  完成  日J=2.26 周J=0.64 月J=10.02 MA20=419.154 MA60=486.756 多头=0 价=365.35 涨=-2.08%  PE=132.03(9.62%) PB=43.71(0.96%)
2026-09-14 23:11:07  [103] 002352 顺丰控股  完成  日J=-4.06 周J=-9.21 月J=14.99 MA20=32.311 MA60=32.819 多头=0 价=30.98 涨=-0.45%  PE=14.99(0.8%) PB=1.59(0.05%)
2026-09-14 23:11:08  [102] 300604 长川科技  完成  日J=10.11 周J=17.13 月J=50.04 MA20=272.131 MA60=288.917 多头=0 价=253.57 涨=-1.6%  PE=87.63(34.56%) PB=29.08(96.88%)
2026-09-14 23:11:08  [105] 301377 鼎泰高科  完成  日J=38.72 周J=33.4 月J=38.26 MA20=402.472 MA60=439.935 多头=0 价=384.99 涨=-1.36%  PE=171.3(83.91%) PB=52.27(92.98%)
2026-09-14 23:11:08  [106] 600487 亨通光电  完成  日J=28.84 周J=72.71 月J=26.16 MA20=64.679 MA60=69.393 多头=0 价=63.2 涨=-3.13%  PE=37.23(93.8%) PB=4.62(93.84%)
2026-09-14 23:11:09  [108] 000776 广发证券  完成  日J=-11.04 周J=14.35 月J=46.14 MA20=21.264 MA60=21.559 多头=0 价=20.49 涨=-1.96%  PE=8.49(0.05%) PB=1.16(47.3%)
2026-09-14 23:11:09  [107] 600547 山东黄金  完成  日J=8.69 周J=83.84 月J=21.91 MA20=35.663 MA60=29.393 多头=1 价=34.55 涨=-0.35%  PE=29.09(10.46%) PB=4.81(70.79%)
2026-09-14 23:11:09  [109] 302132 中航成飞  完成  日J=14.45 周J=76.45 月J=18.42 MA20=60.451 MA60=58.125 多头=1 价=60.49 涨=-4.62%  PE=50.06(72.35%) PB=7.74(61.74%)
2026-09-14 23:11:10  [111] 600362 江西铜业  完成  日J=3.38 周J=64.06 月J=11.17 MA20=46.884 MA60=44.537 多头=1 价=44.43 涨=-2.95%  PE=13.28(38.49%) PB=1.76(92.76%)
2026-09-14 23:11:10  [110] 601600 中国铝业  完成  日J=4.15 周J=64.46 月J=6.12 MA20=9.596 MA60=9.138 多头=1 价=9.29 涨=-1.59%  PE=9.12(3.36%) PB=1.89(70.27%)
2026-09-14 23:11:10  [ 95] 600989 宝丰能源  完成  日J=22.29 周J=77.43 月J=20.3 MA20=23.798 MA60=22.462 多头=1 价=23.97 涨=0.0%  PE=11.44(0.67%) PB=3.18(59.88%)
2026-09-14 23:11:10  全部完成，结果已写入 /home/runner/work/daily-stock-metrics/daily-stock-metrics/output/2026-09-14/metrics_2026-09-14.csv
2026-09-14 23:11:10  步骤2完成 -> /home/runner/work/daily-stock-metrics/daily-stock-metrics/output/2026-09-14/metrics_2026-09-14.csv
2026-09-14 23:11:10  步骤2.5: 获取全市场大盘温度（活跃市值指标）…
2026-09-14 23:12:51  步骤2.5完成
2026-09-14 23:12:51  步骤2.6: 本地聚合 → 行业板块温度 / 大盘宽度仪表盘 / 机会榜
2026-09-14 23:12:51    - 板块温度: 12 个行业
2026-09-14 23:12:51    - 机会榜: 超跌 30 / 超买 9
2026-09-14 23:12:51  步骤2.6完成
2026-09-14 23:12:51  步骤3: 生成 HTML 总结报告…
2026-09-14 23:12:52  步骤3完成 -> /home/runner/work/daily-stock-metrics/daily-stock-metrics/output/2026-09-14/report_2026-09-14.html
2026-09-14 23:12:52  步骤4: 生成个股股价走势图（含每日信号）…
2026-09-14 23:12:52  步骤4完成 -> /home/runner/work/daily-stock-metrics/daily-stock-metrics/output/stock_charts.html
2026-09-14 23:12:52  步骤4.5: 生成昨日推荐回顾…
2026-09-14 23:12:52  步骤4.5完成 -> 已追加昨日推荐回顾
2026-09-14 23:12:52  步骤5: 发送邮件报告…
2026-09-14 23:12:58  步骤5完成: 邮件已发送
2026-09-14 23:12:58  ===== 全部完成 2026-09-14 =====
2026-09-14 23:46:56  今日(2026-09-14)已完成，跳过。结果目录: /home/runner/work/daily-stock-metrics/daily-stock-metrics/output/2026-09-14
2026-09-14 23:58:58  今日(2026-09-14)已完成，跳过。结果目录: /home/runner/work/daily-stock-metrics/daily-stock-metrics/output/2026-09-14
