2026-07-31 18:22:33  ===== 开始每日ETF指标任务 2026-07-31 =====
2026-07-31 18:22:33  步骤1: 获取场内规模前50的ETF...
[  1] 510300 沪深300ETF华泰柏瑞  规模=1232.3亿  跟踪=沪深300指数  主题=沪深300
[  2] 588000 科创50ETF华夏  规模=931.4亿  跟踪=上证科创板50成份指数  主题=科创板
[  3] 159915 创业板ETF易方达  规模=740.84亿  跟踪=创业板指数(价格)  主题=创业板
[  4] 512880 证券ETF国泰  规模=630.0亿  跟踪=中证全指证券公司指数  主题=证券
[  5] 510310 沪深300ETF易方达  规模=526.26亿  跟踪=沪深300指数  主题=沪深300
[  6] 588200 科创芯片ETF嘉实  规模=495.91亿  跟踪=上证科创板芯片指数  主题=半导体
[  7] 510500 中证500ETF南方  规模=449.11亿  跟踪=中证500指数  主题=中证500
[  8] 510330 沪深300ETF华夏  规模=422.54亿  跟踪=沪深300指数  主题=沪深300
[  9] 588080 科创50ETF易方达  规模=415.09亿  跟踪=上证科创板50成份指数  主题=科创板
[ 10] 563360 A500ETF华泰柏瑞  规模=410.51亿  跟踪=中证A500指数  主题=中证A500
[ 11] 515880 通信ETF国泰  规模=404.9亿  跟踪=中证全指通信设备指数  主题=通信
[ 12] 512000 券商ETF华宝  规模=400.76亿  跟踪=中证全指证券公司指数  主题=证券
[ 13] 159516 半导体设备ETF国泰  规模=390.62亿  跟踪=中证半导体材料设备主题指数  主题=半导体
[ 14] 588170 科创半导体ETF华夏  规模=385.11亿  跟踪=上证科创板半导体材料设备主题指数  主题=半导体
[ 15] 512890 红利低波ETF华泰柏瑞  规模=348.78亿  跟踪=中证红利低波动指数  主题=红利
[ 16] 159352 A500ETF南方  规模=328.2亿  跟踪=中证A500指数  主题=中证A500
[ 17] 512100 中证1000ETF南方  规模=324.53亿  跟踪=中证1000指数  主题=中证1000
[ 18] 159919 沪深300ETF嘉实  规模=317.46亿  跟踪=沪深300指数  主题=沪深300
[ 19] 159338 中证A500ETF国泰  规模=276.83亿  跟踪=中证A500指数  主题=中证A500
[ 20] 159361 A500ETF易方达  规模=270.54亿  跟踪=中证A500指数  主题=中证A500
[ 21] 159949 创业板50ETF华安  规模=266.35亿  跟踪=创业板50指数  主题=创业板
[ 22] 159995 芯片ETF华夏  规模=265.31亿  跟踪=国证半导体芯片指数  主题=半导体
[ 23] 512170 医疗ETF华宝  规模=262.3亿  跟踪=中证医疗指数  主题=医药
[ 24] 510880 红利ETF华泰柏瑞  规模=231.02亿  跟踪=上证红利指数  主题=红利
[ 25] 512400 有色金属ETF南方  规模=230.17亿  跟踪=有色金属  主题=有色金属
[ 26] 510050 上证50ETF华夏  规模=216.7亿  跟踪=上证50指数  主题=上证50
[ 27] 159819 人工智能ETF易方达  规模=207.3亿  跟踪=中证人工智能主题指数  主题=人工智能
[ 28] 512050 A500ETF华夏  规模=201.53亿  跟踪=中证A500指数  主题=中证A500
[ 29] 515450 红利低波50ETF南方  规模=199.85亿  跟踪=标普中国A股大盘红利低波50指数  主题=红利
[ 30] 512480 半导体ETF国联安  规模=198.7亿  跟踪=中证全指半导体产品与设备指数  主题=半导体
[ 31] 159558 半导体设备ETF易方达  规模=195.42亿  跟踪=中证半导体材料设备主题指数  主题=半导体
[ 32] 515180 红利ETF易方达  规模=193.3亿  跟踪=中证红利指数  主题=红利
[ 33] 159326 电网设备ETF华夏  规模=192.68亿  跟踪=中证电网设备主题指数  主题=其他
[ 34] 510210 上证指数ETF富国  规模=192.63亿  跟踪=上证综合指数  主题=其他
[ 35] 562500 机器人ETF华夏  规模=179.45亿  跟踪=中证机器人指数  主题=机器人
[ 36] 159201 自由现金流ETF华夏  规模=176.37亿  跟踪=国证自由现金流指数  主题=货币市场
[ 37] 510180 上证180ETF华安  规模=174.94亿  跟踪=上证180指数  主题=上证180
[ 38] 159530 机器人ETF易方达  规模=174.12亿  跟踪=国证机器人产业指数  主题=机器人
[ 39] 515050 通信ETF华夏  规模=172.73亿  跟踪=中证5G通信主题指数  主题=通信
[ 40] 512010 医药ETF易方达  规模=172.68亿  跟踪=沪深300医药卫生指数  主题=医药
[ 41] 159992 创新药ETF银华  规模=170.48亿  跟踪=中证创新药产业指数  主题=医药
[ 42] 159781 科创创业ETF易方达  规模=164.7亿  跟踪=中证科创创业50指数  主题=科创板
[ 43] 159928 消费ETF汇添富  规模=162.02亿  跟踪=中证主要消费指数  主题=消费
[ 44] 512070 证券保险ETF易方达  规模=155.56亿  跟踪=沪深300非银行金融指数  主题=证券
[ 45] 512690 酒ETF鹏华  规模=147.15亿  跟踪=中证酒指数  主题=白酒
[ 46] 515220 煤炭ETF国泰  规模=143.17亿  跟踪=中证煤炭指数  主题=煤炭
[ 47] 159870 化工ETF鹏华  规模=142.47亿  跟踪=细分化工  主题=化工
[ 48] 159206 卫星ETF永赢  规模=138.45亿  跟踪=国证商用卫星通信产业指数  主题=通信
[ 49] 159845 中证1000ETF华夏  规模=137.34亿  跟踪=中证1000指数  主题=中证1000
[ 50] 563020 红利低波ETF易方达  规模=132.91亿  跟踪=中证红利低波动指数  主题=红利
2026-07-31 18:22:56  步骤1完成 -> C:\Users\hailo\Desktop\每周自动指标\output_etf\2026-07-31\etf_list_2026-07-31.csv
2026-07-31 18:22:56  步骤2: 计算 KDJ-J(日/周/月)...
2026-07-31 18:22:59  [  1] 510300 沪深300ETF华泰柏瑞  完成  日J=31.26 周J=6.9 月J=48.8 价=4.65 涨=0.98%  PE=None(None%) PB=None(None%)
2026-07-31 18:23:00  [  2] 588000 科创50ETF华夏  完成  日J=13.02 周J=0.14 月J=56.93 价=1.73 涨=3.65%  PE=None(None%) PB=None(None%)
2026-07-31 18:23:02  [  3] 159915 创业板ETF易方达  完成  日J=28.26 周J=-7.0 月J=50.17 价=3.37 涨=3.06%  PE=None(None%) PB=None(None%)
2026-07-31 18:23:03  [  4] 512880 证券ETF国泰  完成  日J=51.21 周J=61.14 月J=30.68 价=1.11 涨=0.09%  PE=None(None%) PB=None(None%)
2026-07-31 18:23:04  [  5] 510310 沪深300ETF易方达  完成  日J=29.58 周J=6.17 月J=50.53 价=4.51 涨=0.83%  PE=None(None%) PB=None(None%)
2026-07-31 18:23:06  [  6] 588200 科创芯片ETF嘉实  完成  日J=11.9 周J=-4.19 月J=59.3 价=1.12 涨=3.99%  PE=None(None%) PB=None(None%)
2026-07-31 18:23:07  [  7] 510500 中证500ETF南方  完成  日J=37.58 周J=-1.54 月J=47.83 价=7.5 涨=2.24%  PE=None(None%) PB=None(None%)
2026-07-31 18:23:08  [  8] 510330 沪深300ETF华夏  完成  日J=31.25 周J=7.76 月J=49.54 价=4.85 涨=1.1%  PE=None(None%) PB=None(None%)
2026-07-31 18:23:10  [  9] 588080 科创50ETF易方达  完成  日J=12.42 周J=-0.21 月J=56.94 价=1.68 涨=3.52%  PE=None(None%) PB=None(None%)
2026-07-31 18:23:11  [ 10] 563360 A500ETF华泰柏瑞  完成  日J=32.34 周J=2.17 月J=50.09 价=1.27 涨=1.44%  PE=None(None%) PB=None(None%)
2026-07-31 18:23:12  [ 11] 515880 通信ETF国泰  完成  日J=15.7 周J=-13.72 月J=47.57 价=0.58 涨=4.5%  PE=None(None%) PB=None(None%)
2026-07-31 18:23:14  [ 12] 512000 券商ETF华宝  完成  日J=49.94 周J=61.79 月J=31.2 价=0.53 涨=0.0%  PE=None(None%) PB=None(None%)
2026-07-31 18:23:15  [ 13] 159516 半导体设备ETF国泰  完成  日J=24.48 周J=9.98 月J=62.77 价=0.67 涨=3.08%  PE=None(None%) PB=None(None%)
2026-07-31 18:23:16  [ 14] 588170 科创半导体ETF华夏  完成  日J=32.85 周J=12.01 月J=62.23 价=0.92 涨=2.45%  PE=None(None%) PB=None(None%)
2026-07-31 18:23:18  [ 15] 512890 红利低波ETF华泰柏瑞  完成  日J=96.24 周J=106.88 月J=44.98 价=1.2 涨=-0.58%  PE=None(None%) PB=None(None%)
2026-07-31 18:23:19  [ 16] 159352 A500ETF南方  完成  日J=28.71 周J=2.48 月J=50.27 价=1.25 涨=1.54%  PE=None(None%) PB=None(None%)
2026-07-31 18:23:20  [ 17] 512100 中证1000ETF南方  完成  日J=57.84 周J=-3.45 月J=31.88 价=2.86 涨=2.22%  PE=None(None%) PB=None(None%)
2026-07-31 18:23:22  [ 18] 159919 沪深300ETF嘉实  完成  日J=29.3 周J=6.3 月J=48.85 价=4.85 涨=1.08%  PE=None(None%) PB=None(None%)
2026-07-31 18:23:23  [ 19] 159338 中证A500ETF国泰  完成  日J=32.11 周J=3.11 月J=50.53 价=1.21 涨=1.43%  PE=None(None%) PB=None(None%)
2026-07-31 18:23:24  [ 20] 159361 A500ETF易方达  完成  日J=31.87 周J=3.23 月J=51.07 价=1.23 涨=1.74%  PE=None(None%) PB=None(None%)
2026-07-31 18:23:25  [ 21] 159949 创业板50ETF华安  完成  日J=26.4 周J=-7.98 月J=46.66 价=1.58 涨=3.06%  PE=None(None%) PB=None(None%)
2026-07-31 18:23:27  [ 22] 159995 芯片ETF华夏  完成  日J=12.5 周J=-6.06 月J=54.13 价=1.12 涨=3.52%  PE=None(None%) PB=None(None%)
2026-07-31 18:23:28  [ 23] 512170 医疗ETF华宝  完成  日J=79.36 周J=87.99 月J=20.43 价=0.33 涨=1.54%  PE=None(None%) PB=None(None%)
2026-07-31 18:23:29  [ 24] 510880 红利ETF华泰柏瑞  完成  日J=95.01 周J=90.57 月J=51.54 价=3.3 涨=-0.36%  PE=None(None%) PB=None(None%)
2026-07-31 18:23:31  [ 25] 512400 有色金属ETF南方  完成  日J=73.87 周J=24.59 月J=3.51 价=1.79 涨=2.46%  PE=None(None%) PB=None(None%)
2026-07-31 18:23:32  [ 26] 510050 上证50ETF华夏  完成  日J=31.28 周J=63.86 月J=36.74 价=3.03 涨=0.13%  PE=None(None%) PB=None(None%)
2026-07-31 18:23:33  [ 27] 159819 人工智能ETF易方达  完成  日J=18.15 周J=0.62 月J=61.04 价=1.76 涨=5.69%  PE=None(None%) PB=None(None%)
2026-07-31 18:23:35  [ 28] 512050 A500ETF华夏  完成  日J=31.64 周J=2.54 月J=50.46 价=1.2 涨=1.52%  PE=None(None%) PB=None(None%)
2026-07-31 18:23:36  [ 29] 515450 红利低波50ETF南方  完成  日J=93.79 周J=103.2 月J=67.04 价=1.46 涨=-0.61%  PE=None(None%) PB=None(None%)
2026-07-31 18:23:38  [ 30] 512480 半导体ETF国联安  完成  日J=12.12 周J=-7.49 月J=55.89 价=0.99 涨=3.34%  PE=None(None%) PB=None(None%)
2026-07-31 18:23:39  [ 31] 159558 半导体设备ETF易方达  完成  日J=24.25 周J=10.51 月J=62.42 价=1.05 涨=2.74%  PE=None(None%) PB=None(None%)
2026-07-31 18:23:40  [ 32] 515180 红利ETF易方达  完成  日J=97.63 周J=90.32 月J=38.39 价=1.43 涨=0.0%  PE=None(None%) PB=None(None%)
2026-07-31 18:23:41  [ 33] 159326 电网设备ETF华夏  完成  日J=56.35 周J=-4.61 月J=39.81 价=1.59 涨=1.8%  PE=None(None%) PB=None(None%)
2026-07-31 18:23:43  [ 34] 510210 上证指数ETF富国  完成  日J=78.26 周J=13.06 月J=28.39 价=0.97 涨=1.04%  PE=None(None%) PB=None(None%)
2026-07-31 18:23:44  [ 35] 562500 机器人ETF华夏  完成  日J=58.05 周J=-4.93 月J=30.53 价=0.96 涨=5.87%  PE=None(None%) PB=None(None%)
2026-07-31 18:23:46  [ 36] 159201 自由现金流ETF华夏  完成  日J=98.07 周J=79.26 月J=11.78 价=1.19 涨=0.0%  PE=None(None%) PB=None(None%)
2026-07-31 18:23:47  [ 37] 510180 上证180ETF华安  完成  日J=47.73 周J=30.57 月J=36.85 价=3.96 涨=0.92%  PE=None(None%) PB=None(None%)
2026-07-31 18:23:49  [ 38] 159530 机器人ETF易方达  完成  日J=62.58 周J=-5.32 月J=21.54 价=1.32 涨=6.37%  PE=None(None%) PB=None(None%)
2026-07-31 18:23:50  [ 39] 515050 通信ETF华夏  完成  日J=15.18 周J=-12.75 月J=52.09 价=0.92 涨=4.43%  PE=None(None%) PB=None(None%)
2026-07-31 18:23:51  [ 40] 512010 医药ETF易方达  完成  日J=71.65 周J=97.17 月J=45.87 价=0.38 涨=1.06%  PE=None(None%) PB=None(None%)
2026-07-31 18:23:52  [ 41] 159992 创新药ETF银华  完成  日J=10.87 周J=70.9 月J=46.78 价=0.84 涨=1.57%  PE=None(None%) PB=None(None%)
2026-07-31 18:23:54  [ 42] 159781 科创创业ETF易方达  完成  日J=18.06 周J=-8.56 月J=55.73 价=1.07 涨=3.17%  PE=None(None%) PB=None(None%)
2026-07-31 18:23:55  [ 43] 159928 消费ETF汇添富  完成  日J=100.31 周J=103.82 月J=25.32 价=0.7 涨=0.14%  PE=None(None%) PB=None(None%)
2026-07-31 18:23:56  [ 44] 512070 证券保险ETF易方达  完成  日J=57.92 周J=92.25 月J=9.58 价=0.81 涨=-0.37%  PE=None(None%) PB=None(None%)
2026-07-31 18:23:58  [ 45] 512690 酒ETF鹏华  完成  日J=92.77 周J=92.47 月J=19.55 价=0.45 涨=-0.44%  PE=None(None%) PB=None(None%)
2026-07-31 18:23:59  [ 46] 515220 煤炭ETF国泰  完成  日J=46.53 周J=30.38 月J=29.95 价=1.2 涨=-0.08%  PE=None(None%) PB=None(None%)
2026-07-31 18:24:01  [ 47] 159870 化工ETF鹏华  完成  日J=89.22 周J=20.16 月J=26.76 价=0.78 涨=-0.13%  PE=None(None%) PB=None(None%)
2026-07-31 18:24:02  [ 48] 159206 卫星ETF永赢  完成  日J=41.03 周J=1.47 月J=14.25 价=1.25 涨=3.82%  PE=None(None%) PB=None(None%)
2026-07-31 18:24:03  [ 49] 159845 中证1000ETF华夏  完成  日J=61.24 周J=-2.83 月J=28.48 价=2.94 涨=2.37%  PE=None(None%) PB=None(None%)
2026-07-31 18:24:04  [ 50] 563020 红利低波ETF易方达  完成  日J=104.75 周J=106.0 月J=45.43 价=1.2 涨=0.17%  PE=None(None%) PB=None(None%)
2026-07-31 18:24:05  全部完成，结果已写入 C:\Users\hailo\Desktop\每周自动指标\output_etf\2026-07-31\metrics_2026-07-31.csv
2026-07-31 18:24:05  步骤2完成 -> C:\Users\hailo\Desktop\每周自动指标\output_etf\2026-07-31\metrics_2026-07-31.csv
2026-07-31 18:24:05  步骤3: 生成 HTML 总结报告...
2026-07-31 18:24:05  步骤3完成 -> C:\Users\hailo\Desktop\每周自动指标\output_etf\2026-07-31\report_2026-07-31.html
2026-07-31 18:24:05  ===== 全部完成 2026-07-31 =====
2026-07-31 18:32:52  ===== 开始每日ETF指标任务 2026-07-31 =====
2026-07-31 18:32:52  步骤1已存在，跳过 -> C:\Users\hailo\Desktop\每周自动指标\output_etf\2026-07-31\etf_list_2026-07-31.csv
2026-07-31 18:32:52  步骤2: 计算 KDJ-J(日/周/月)...
2026-07-31 18:32:56  [  1] 510300 沪深300ETF华泰柏瑞  完成  日J=31.26 周J=6.9 月J=48.8 价=4.65 涨=0.98%  PE=14.36(76.95%) PB=1.47(52.84%)
2026-07-31 18:32:58  [  2] 588000 科创50ETF华夏  完成  日J=13.02 周J=0.14 月J=56.93 价=1.73 涨=3.65%  PE=77.94(84.66%) PB=7.75(92.29%)
2026-07-31 18:32:59  [  3] 159915 创业板ETF易方达  完成  日J=28.26 周J=-7.0 月J=50.17 价=3.37 涨=3.06%  PE=42.16(47.56%) PB=5.55(63.68%)
2026-07-31 18:33:00  [  4] 512880 证券ETF国泰  完成  日J=51.21 周J=61.14 月J=30.68 价=1.11 涨=0.09%  PE=15.37(10.28%) PB=1.31(22.4%)
2026-07-31 18:33:02  [  5] 510310 沪深300ETF易方达  完成  日J=29.58 周J=6.17 月J=50.53 价=4.51 涨=0.83%  PE=14.36(76.95%) PB=1.47(52.84%)
2026-07-31 18:33:03  [  6] 588200 科创芯片ETF嘉实  完成  日J=11.9 周J=-4.19 月J=59.3 价=1.12 涨=3.99%  PE=116.29(79.49%) PB=None(None%)
2026-07-31 18:33:05  [  7] 510500 中证500ETF南方  完成  日J=37.58 周J=-1.54 月J=47.83 价=7.5 涨=2.24%  PE=26.78(68.47%) PB=2.38(76.88%)
2026-07-31 18:33:06  [  8] 510330 沪深300ETF华夏  完成  日J=31.25 周J=7.76 月J=49.54 价=4.85 涨=1.1%  PE=14.36(76.95%) PB=1.47(52.84%)
2026-07-31 18:33:07  [  9] 588080 科创50ETF易方达  完成  日J=12.42 周J=-0.21 月J=56.94 价=1.68 涨=3.52%  PE=77.94(84.66%) PB=7.75(92.29%)
2026-07-31 18:33:09  [ 10] 563360 A500ETF华泰柏瑞  完成  日J=32.34 周J=2.17 月J=50.09 价=1.27 涨=1.44%  PE=16.23(72.49%) PB=1.27(65.12%)
2026-07-31 18:33:10  [ 11] 515880 通信ETF国泰  完成  日J=15.7 周J=-13.72 月J=47.57 价=0.58 涨=4.5%  PE=43.72(87.94%) PB=None(None%)
2026-07-31 18:33:11  [ 12] 512000 券商ETF华宝  完成  日J=49.94 周J=61.79 月J=31.2 价=0.53 涨=0.0%  PE=15.37(10.28%) PB=1.31(22.4%)
2026-07-31 18:33:13  [ 13] 159516 半导体设备ETF国泰  完成  日J=24.48 周J=9.98 月J=62.77 价=0.67 涨=3.08%  PE=104.39(95.19%) PB=None(None%)
2026-07-31 18:33:14  [ 14] 588170 科创半导体ETF华夏  完成  日J=32.85 周J=12.01 月J=62.23 价=0.92 涨=2.45%  PE=39.21(76.93%) PB=None(None%)
2026-07-31 18:33:16  [ 15] 512890 红利低波ETF华泰柏瑞  完成  日J=96.24 周J=106.88 月J=44.98 价=1.2 涨=-0.58%  PE=7.97(72.88%) PB=0.88(61.68%)
2026-07-31 18:33:17  [ 16] 159352 A500ETF南方  完成  日J=28.71 周J=2.48 月J=50.27 价=1.25 涨=1.54%  PE=16.23(72.49%) PB=1.27(65.12%)
2026-07-31 18:33:18  [ 17] 512100 中证1000ETF南方  完成  日J=57.84 周J=-3.45 月J=31.88 价=2.86 涨=2.22%  PE=29.95(64.2%) PB=2.28(35.52%)
2026-07-31 18:33:20  [ 18] 159919 沪深300ETF嘉实  完成  日J=29.3 周J=6.3 月J=48.85 价=4.85 涨=1.08%  PE=14.36(76.95%) PB=1.47(52.84%)
2026-07-31 18:33:21  [ 19] 159338 中证A500ETF国泰  完成  日J=32.11 周J=3.11 月J=50.53 价=1.21 涨=1.43%  PE=16.23(72.49%) PB=1.27(65.12%)
2026-07-31 18:33:22  [ 20] 159361 A500ETF易方达  完成  日J=31.87 周J=3.23 月J=51.07 价=1.23 涨=1.74%  PE=16.23(72.49%) PB=1.27(65.12%)
2026-07-31 18:33:23  [ 21] 159949 创业板50ETF华安  完成  日J=26.4 周J=-7.98 月J=46.66 价=1.58 涨=3.06%  PE=11.69(84.32%) PB=1.27(65.12%)
2026-07-31 18:33:25  [ 22] 159995 芯片ETF华夏  完成  日J=12.5 周J=-6.06 月J=54.13 价=1.12 涨=3.52%  PE=None(None%) PB=None(None%)
2026-07-31 18:33:26  [ 23] 512170 医疗ETF华宝  完成  日J=79.36 周J=87.99 月J=20.43 价=0.33 涨=1.54%  PE=27.65(22.24%) PB=3.37(9.56%)
2026-07-31 18:33:28  [ 24] 510880 红利ETF华泰柏瑞  完成  日J=95.01 周J=90.57 月J=51.54 价=3.3 涨=-0.36%  PE=8.74(78.81%) PB=0.86(61.92%)
2026-07-31 18:33:29  [ 25] 512400 有色金属ETF南方  完成  日J=73.87 周J=24.59 月J=3.51 价=1.79 涨=2.46%  PE=16.46(90.86%) PB=None(None%)
2026-07-31 18:33:30  [ 26] 510050 上证50ETF华夏  完成  日J=31.28 周J=63.86 月J=36.74 价=3.03 涨=0.13%  PE=11.78(84.02%) PB=1.27(65.12%)
2026-07-31 18:33:32  [ 27] 159819 人工智能ETF易方达  完成  日J=18.15 周J=0.62 月J=61.04 价=1.76 涨=5.69%  PE=48.82(64.44%) PB=None(None%)
2026-07-31 18:33:33  [ 28] 512050 A500ETF华夏  完成  日J=31.64 周J=2.54 月J=50.46 价=1.2 涨=1.52%  PE=16.23(72.49%) PB=1.27(65.12%)
2026-07-31 18:33:34  [ 29] 515450 红利低波50ETF南方  完成  日J=93.79 周J=103.2 月J=67.04 价=1.46 涨=-0.61%  PE=8.57(79.8%) PB=0.88(61.68%)
2026-07-31 18:33:36  [ 30] 512480 半导体ETF国联安  完成  日J=12.12 周J=-7.49 月J=55.89 价=0.99 涨=3.34%  PE=86.58(82.01%) PB=None(None%)
2026-07-31 18:33:37  [ 31] 159558 半导体设备ETF易方达  完成  日J=24.25 周J=10.51 月J=62.42 价=1.05 涨=2.74%  PE=104.39(95.19%) PB=None(None%)
2026-07-31 18:33:38  [ 32] 515180 红利ETF易方达  完成  日J=97.63 周J=90.32 月J=38.39 价=1.43 涨=0.0%  PE=8.57(60.93%) PB=0.86(61.92%)
2026-07-31 18:33:40  [ 33] 159326 电网设备ETF华夏  完成  日J=56.35 周J=-4.61 月J=39.81 价=1.59 涨=1.8%  PE=12.9(92.43%) PB=None(None%)
2026-07-31 18:33:41  [ 34] 510210 上证指数ETF富国  完成  日J=78.26 周J=13.06 月J=28.39 价=0.97 涨=1.04%  PE=15.05(70.51%) PB=None(None%)
2026-07-31 18:33:43  [ 35] 562500 机器人ETF华夏  完成  日J=58.05 周J=-4.93 月J=30.53 价=0.96 涨=5.87%  PE=52.34(50.67%) PB=None(None%)
2026-07-31 18:33:44  [ 36] 159201 自由现金流ETF华夏  完成  日J=98.07 周J=79.26 月J=11.78 价=1.19 涨=0.0%  PE=None(None%) PB=None(None%)
2026-07-31 18:33:46  [ 37] 510180 上证180ETF华安  完成  日J=47.73 周J=30.57 月J=36.85 价=3.96 涨=0.92%  PE=12.21(70.52%) PB=1.24(47.84%)
2026-07-31 18:33:47  [ 38] 159530 机器人ETF易方达  完成  日J=62.58 周J=-5.32 月J=21.54 价=1.32 涨=6.37%  PE=None(None%) PB=None(None%)
2026-07-31 18:33:48  [ 39] 515050 通信ETF华夏  完成  日J=15.18 周J=-12.75 月J=52.09 价=0.92 涨=4.43%  PE=44.03(86.95%) PB=None(None%)
2026-07-31 18:33:50  [ 40] 512010 医药ETF易方达  完成  日J=71.65 周J=97.17 月J=45.87 价=0.38 涨=1.06%  PE=23.77(5.32%) PB=3.08(11.6%)
2026-07-31 18:33:51  [ 41] 159992 创新药ETF银华  完成  日J=10.87 周J=70.9 月J=46.78 价=0.84 涨=1.57%  PE=28.26(31.88%) PB=None(None%)
2026-07-31 18:33:52  [ 42] 159781 科创创业ETF易方达  完成  日J=18.06 周J=-8.56 月J=55.73 价=1.07 涨=3.17%  PE=42.39(59.93%) PB=1.27(65.12%)
2026-07-31 18:33:54  [ 43] 159928 消费ETF汇添富  完成  日J=100.31 周J=103.82 月J=25.32 价=0.7 涨=0.14%  PE=20.66(23.97%) PB=3.67(6.36%)
2026-07-31 18:33:55  [ 44] 512070 证券保险ETF易方达  完成  日J=57.92 周J=92.25 月J=9.58 价=0.81 涨=-0.37%  PE=9.91(2.32%) PB=0.69(44.04%)
2026-07-31 18:33:57  [ 45] 512690 酒ETF鹏华  完成  日J=92.77 周J=92.47 月J=19.55 价=0.45 涨=-0.44%  PE=20.09(22.37%) PB=4.38(5.4%)
2026-07-31 18:33:58  [ 46] 515220 煤炭ETF国泰  完成  日J=46.53 周J=30.38 月J=29.95 价=1.2 涨=-0.08%  PE=18.23(85.73%) PB=1.73(93.28%)
2026-07-31 18:33:59  [ 47] 159870 化工ETF鹏华  完成  日J=89.22 周J=20.16 月J=26.76 价=0.78 涨=-0.13%  PE=21.44(52.3%) PB=None(None%)
2026-07-31 18:34:00  [ 48] 159206 卫星ETF永赢  完成  日J=41.03 周J=1.47 月J=14.25 价=1.25 涨=3.82%  PE=None(None%) PB=None(None%)
2026-07-31 18:34:02  [ 49] 159845 中证1000ETF华夏  完成  日J=61.24 周J=-2.83 月J=28.48 价=2.94 涨=2.37%  PE=29.95(64.2%) PB=2.28(35.52%)
2026-07-31 18:34:03  [ 50] 563020 红利低波ETF易方达  完成  日J=99.47 周J=106.0 月J=45.43 价=1.2 涨=-0.25%  PE=7.97(72.88%) PB=0.88(61.68%)
2026-07-31 18:34:04  全部完成，结果已写入 C:\Users\hailo\Desktop\每周自动指标\output_etf\2026-07-31\metrics_2026-07-31.csv
2026-07-31 18:34:04  步骤2完成 -> C:\Users\hailo\Desktop\每周自动指标\output_etf\2026-07-31\metrics_2026-07-31.csv
2026-07-31 18:34:04  步骤3: 生成 HTML 总结报告...
2026-07-31 18:34:04  步骤3完成 -> C:\Users\hailo\Desktop\每周自动指标\output_etf\2026-07-31\report_2026-07-31.html
2026-07-31 18:34:04  步骤4: 发送邮件报告...
2026-07-31 18:34:05  步骤4完成: 邮件已发送
2026-07-31 18:34:05  ===== 全部完成 2026-07-31 =====
2026-07-31 18:36:12  ===== 开始每日ETF指标任务 2026-07-31 =====
2026-07-31 18:36:12  步骤1已存在，跳过 -> C:\Users\hailo\Desktop\每周自动指标\output_etf\2026-07-31\etf_list_2026-07-31.csv
2026-07-31 18:36:12  步骤2: 计算 KDJ-J(日/周/月)...
2026-07-31 18:36:16  [  1] 510300 沪深300ETF华泰柏瑞  完成  日J=31.26 周J=6.9 月J=48.8 价=4.65 涨=0.98%  PE=14.36(76.95%) PB=1.47(52.84%)
2026-07-31 18:36:18  [  2] 588000 科创50ETF华夏  完成  日J=13.02 周J=0.14 月J=56.93 价=1.73 涨=3.65%  PE=77.94(84.66%) PB=7.75(92.29%)
2026-07-31 18:36:19  [  3] 159915 创业板ETF易方达  完成  日J=28.26 周J=-7.0 月J=50.17 价=3.37 涨=3.06%  PE=42.16(47.56%) PB=5.55(63.68%)
2026-07-31 18:36:20  [  4] 512880 证券ETF国泰  完成  日J=51.21 周J=61.14 月J=30.68 价=1.11 涨=0.09%  PE=15.37(10.28%) PB=1.31(22.4%)
2026-07-31 18:36:22  [  5] 510310 沪深300ETF易方达  完成  日J=29.58 周J=6.17 月J=50.53 价=4.51 涨=0.83%  PE=14.36(76.95%) PB=1.47(52.84%)
2026-07-31 18:36:23  [  6] 588200 科创芯片ETF嘉实  完成  日J=11.9 周J=-4.19 月J=59.3 价=1.12 涨=3.99%  PE=116.29(79.49%) PB=None(None%)
2026-07-31 18:36:24  [  7] 510500 中证500ETF南方  完成  日J=37.58 周J=-1.54 月J=47.83 价=7.5 涨=2.24%  PE=26.78(68.47%) PB=2.38(76.88%)
2026-07-31 18:36:26  [  8] 510330 沪深300ETF华夏  完成  日J=31.25 周J=7.76 月J=49.54 价=4.85 涨=1.1%  PE=14.36(76.95%) PB=1.47(52.84%)
2026-07-31 18:36:27  [  9] 588080 科创50ETF易方达  完成  日J=12.42 周J=-0.21 月J=56.94 价=1.68 涨=3.52%  PE=77.94(84.66%) PB=7.75(92.29%)
2026-07-31 18:36:28  [ 10] 563360 A500ETF华泰柏瑞  完成  日J=32.34 周J=2.17 月J=50.09 价=1.27 涨=1.44%  PE=16.23(72.49%) PB=None(None%)
2026-07-31 18:36:30  [ 11] 515880 通信ETF国泰  完成  日J=15.7 周J=-13.72 月J=47.57 价=0.58 涨=4.5%  PE=43.72(87.94%) PB=None(None%)
2026-07-31 18:36:31  [ 12] 512000 券商ETF华宝  完成  日J=49.94 周J=61.79 月J=31.2 价=0.53 涨=0.0%  PE=15.37(10.28%) PB=1.31(22.4%)
2026-07-31 18:36:33  [ 13] 159516 半导体设备ETF国泰  完成  日J=24.48 周J=9.98 月J=62.77 价=0.67 涨=3.08%  PE=104.39(95.19%) PB=None(None%)
2026-07-31 18:36:34  [ 14] 588170 科创半导体ETF华夏  完成  日J=32.85 周J=12.01 月J=62.23 价=0.92 涨=2.45%  PE=39.21(76.93%) PB=None(None%)
2026-07-31 18:36:35  [ 15] 512890 红利低波ETF华泰柏瑞  完成  日J=96.24 周J=106.88 月J=44.98 价=1.2 涨=-0.58%  PE=7.97(72.88%) PB=0.88(61.68%)
2026-07-31 18:36:37  [ 16] 159352 A500ETF南方  完成  日J=28.71 周J=2.48 月J=50.27 价=1.25 涨=1.54%  PE=16.23(72.49%) PB=None(None%)
2026-07-31 18:36:38  [ 17] 512100 中证1000ETF南方  完成  日J=57.84 周J=-3.45 月J=31.88 价=2.86 涨=2.22%  PE=29.95(64.2%) PB=2.28(35.52%)
2026-07-31 18:36:39  [ 18] 159919 沪深300ETF嘉实  完成  日J=29.3 周J=6.3 月J=48.85 价=4.85 涨=1.08%  PE=14.36(76.95%) PB=1.47(52.84%)
2026-07-31 18:36:41  [ 19] 159338 中证A500ETF国泰  完成  日J=32.11 周J=3.11 月J=50.53 价=1.21 涨=1.43%  PE=16.23(72.49%) PB=None(None%)
2026-07-31 18:36:42  [ 20] 159361 A500ETF易方达  完成  日J=31.87 周J=3.23 月J=51.07 价=1.23 涨=1.74%  PE=16.23(72.49%) PB=None(None%)
2026-07-31 18:36:43  [ 21] 159949 创业板50ETF华安  完成  日J=26.4 周J=-7.98 月J=46.66 价=1.58 涨=3.06%  PE=None(None%) PB=None(None%)
2026-07-31 18:36:44  [ 22] 159995 芯片ETF华夏  完成  日J=12.5 周J=-6.06 月J=54.13 价=1.12 涨=3.52%  PE=None(None%) PB=None(None%)
2026-07-31 18:36:46  [ 23] 512170 医疗ETF华宝  完成  日J=79.36 周J=87.99 月J=20.43 价=0.33 涨=1.54%  PE=27.65(22.24%) PB=3.37(9.56%)
2026-07-31 18:36:47  [ 24] 510880 红利ETF华泰柏瑞  完成  日J=95.01 周J=90.57 月J=51.54 价=3.3 涨=-0.36%  PE=8.74(78.81%) PB=0.86(61.92%)
2026-07-31 18:36:49  [ 25] 512400 有色金属ETF南方  完成  日J=73.87 周J=24.59 月J=3.51 价=1.79 涨=2.46%  PE=16.46(90.86%) PB=None(None%)
2026-07-31 18:36:50  [ 26] 510050 上证50ETF华夏  完成  日J=31.28 周J=63.86 月J=36.74 价=3.03 涨=0.13%  PE=11.78(84.02%) PB=1.27(65.12%)
2026-07-31 18:36:51  [ 27] 159819 人工智能ETF易方达  完成  日J=18.15 周J=0.62 月J=61.04 价=1.76 涨=5.69%  PE=48.82(64.44%) PB=None(None%)
2026-07-31 18:36:53  [ 28] 512050 A500ETF华夏  完成  日J=31.64 周J=2.54 月J=50.46 价=1.2 涨=1.52%  PE=16.23(72.49%) PB=None(None%)
2026-07-31 18:36:54  [ 29] 515450 红利低波50ETF南方  完成  日J=93.79 周J=103.2 月J=67.04 价=1.46 涨=-0.61%  PE=8.57(79.8%) PB=0.88(61.68%)
2026-07-31 18:36:55  [ 30] 512480 半导体ETF国联安  完成  日J=12.12 周J=-7.49 月J=55.89 价=0.99 涨=3.34%  PE=86.58(82.01%) PB=None(None%)
2026-07-31 18:36:57  [ 31] 159558 半导体设备ETF易方达  完成  日J=24.25 周J=10.51 月J=62.42 价=1.05 涨=2.74%  PE=104.39(95.19%) PB=None(None%)
2026-07-31 18:36:58  [ 32] 515180 红利ETF易方达  完成  日J=97.63 周J=90.32 月J=38.39 价=1.43 涨=0.0%  PE=8.57(60.93%) PB=0.85(50.4%)
2026-07-31 18:36:59  [ 33] 159326 电网设备ETF华夏  完成  日J=56.35 周J=-4.61 月J=39.81 价=1.59 涨=1.8%  PE=12.9(92.43%) PB=None(None%)
2026-07-31 18:37:01  [ 34] 510210 上证指数ETF富国  完成  日J=78.26 周J=13.06 月J=28.39 价=0.97 涨=1.04%  PE=15.05(70.51%) PB=None(None%)
2026-07-31 18:37:02  [ 35] 562500 机器人ETF华夏  完成  日J=58.05 周J=-4.93 月J=30.53 价=0.96 涨=5.87%  PE=52.34(50.67%) PB=None(None%)
2026-07-31 18:37:03  [ 36] 159201 自由现金流ETF华夏  完成  日J=98.07 周J=79.26 月J=11.78 价=1.19 涨=0.0%  PE=None(None%) PB=None(None%)
2026-07-31 18:37:05  [ 37] 510180 上证180ETF华安  完成  日J=47.73 周J=30.57 月J=36.85 价=3.96 涨=0.92%  PE=12.21(70.52%) PB=1.24(47.84%)
2026-07-31 18:37:06  [ 38] 159530 机器人ETF易方达  完成  日J=62.58 周J=-5.32 月J=21.54 价=1.32 涨=6.37%  PE=None(None%) PB=None(None%)
2026-07-31 18:37:08  [ 39] 515050 通信ETF华夏  完成  日J=15.18 周J=-12.75 月J=52.09 价=0.92 涨=4.43%  PE=44.03(86.95%) PB=None(None%)
2026-07-31 18:37:09  [ 40] 512010 医药ETF易方达  完成  日J=71.65 周J=97.17 月J=45.87 价=0.38 涨=1.06%  PE=23.77(5.32%) PB=1.47(52.84%)
2026-07-31 18:37:10  [ 41] 159992 创新药ETF银华  完成  日J=10.87 周J=70.9 月J=46.78 价=0.84 涨=1.57%  PE=28.26(31.88%) PB=None(None%)
2026-07-31 18:37:12  [ 42] 159781 科创创业ETF易方达  完成  日J=18.06 周J=-8.56 月J=55.73 价=1.07 涨=3.17%  PE=42.39(59.93%) PB=None(None%)
2026-07-31 18:37:13  [ 43] 159928 消费ETF汇添富  完成  日J=100.31 周J=103.82 月J=25.32 价=0.7 涨=0.14%  PE=20.66(23.97%) PB=3.67(6.36%)
2026-07-31 18:37:14  [ 44] 512070 证券保险ETF易方达  完成  日J=57.92 周J=92.25 月J=9.58 价=0.81 涨=-0.37%  PE=9.91(2.32%) PB=1.47(52.84%)
2026-07-31 18:37:15  [ 45] 512690 酒ETF鹏华  完成  日J=92.77 周J=92.47 月J=19.55 价=0.45 涨=-0.44%  PE=20.09(22.37%) PB=None(None%)
2026-07-31 18:37:17  [ 46] 515220 煤炭ETF国泰  完成  日J=46.53 周J=30.38 月J=29.95 价=1.2 涨=-0.08%  PE=18.23(85.73%) PB=1.73(93.28%)
2026-07-31 18:37:18  [ 47] 159870 化工ETF鹏华  完成  日J=89.22 周J=20.16 月J=26.76 价=0.78 涨=-0.13%  PE=21.44(52.3%) PB=None(None%)
2026-07-31 18:37:20  [ 48] 159206 卫星ETF永赢  完成  日J=41.03 周J=1.47 月J=14.25 价=1.25 涨=3.82%  PE=None(None%) PB=None(None%)
2026-07-31 18:37:21  [ 49] 159845 中证1000ETF华夏  完成  日J=61.24 周J=-2.83 月J=28.48 价=2.94 涨=2.37%  PE=29.95(64.2%) PB=2.28(35.52%)
2026-07-31 18:37:22  [ 50] 563020 红利低波ETF易方达  完成  日J=99.47 周J=106.0 月J=45.43 价=1.2 涨=-0.25%  PE=7.97(72.88%) PB=0.88(61.68%)
2026-07-31 18:37:23  全部完成，结果已写入 C:\Users\hailo\Desktop\每周自动指标\output_etf\2026-07-31\metrics_2026-07-31.csv
2026-07-31 18:37:23  步骤2完成 -> C:\Users\hailo\Desktop\每周自动指标\output_etf\2026-07-31\metrics_2026-07-31.csv
2026-07-31 18:37:23  步骤3: 生成 HTML 总结报告...
2026-07-31 18:37:23  步骤3完成 -> C:\Users\hailo\Desktop\每周自动指标\output_etf\2026-07-31\report_2026-07-31.html
2026-07-31 18:37:23  步骤4: 发送邮件报告...
2026-07-31 18:37:24  步骤4完成: 邮件已发送
2026-07-31 18:37:24  ===== 全部完成 2026-07-31 =====
2026-07-31 18:39:03  ===== 开始每日ETF指标任务 2026-07-31 =====
2026-07-31 18:39:03  步骤1已存在，跳过 -> C:\Users\hailo\Desktop\每周自动指标\output_etf\2026-07-31\etf_list_2026-07-31.csv
2026-07-31 18:39:03  步骤2: 计算 KDJ-J(日/周/月)...
2026-07-31 18:39:07  [  1] 510300 沪深300ETF华泰柏瑞  完成  日J=31.26 周J=6.9 月J=48.8 价=4.65 涨=0.98%  PE=14.36(76.95%) PB=1.47(52.84%)
2026-07-31 18:39:08  [  2] 588000 科创50ETF华夏  完成  日J=13.02 周J=0.14 月J=56.93 价=1.73 涨=3.65%  PE=77.94(84.66%) PB=7.75(92.29%)
2026-07-31 18:39:09  [  3] 159915 创业板ETF易方达  完成  日J=28.26 周J=-7.0 月J=50.17 价=3.37 涨=3.06%  PE=42.16(47.56%) PB=5.55(63.68%)
2026-07-31 18:39:10  [  4] 512880 证券ETF国泰  完成  日J=51.21 周J=61.14 月J=30.68 价=1.11 涨=0.09%  PE=15.37(10.28%) PB=1.31(22.4%)
2026-07-31 18:39:12  [  5] 510310 沪深300ETF易方达  完成  日J=29.58 周J=6.17 月J=50.53 价=4.51 涨=0.83%  PE=14.36(76.95%) PB=1.47(52.84%)
2026-07-31 18:39:13  [  6] 588200 科创芯片ETF嘉实  完成  日J=11.9 周J=-4.19 月J=59.3 价=1.12 涨=3.99%  PE=116.29(79.49%) PB=None(None%)
2026-07-31 18:39:14  [  7] 510500 中证500ETF南方  完成  日J=37.58 周J=-1.54 月J=47.83 价=7.5 涨=2.24%  PE=26.78(68.47%) PB=2.38(76.88%)
2026-07-31 18:39:16  [  8] 510330 沪深300ETF华夏  完成  日J=31.25 周J=7.76 月J=49.54 价=4.85 涨=1.1%  PE=14.36(76.95%) PB=1.47(52.84%)
2026-07-31 18:39:17  [  9] 588080 科创50ETF易方达  完成  日J=12.42 周J=-0.21 月J=56.94 价=1.68 涨=3.52%  PE=77.94(84.66%) PB=7.75(92.29%)
2026-07-31 18:39:19  [ 10] 563360 A500ETF华泰柏瑞  完成  日J=32.34 周J=2.17 月J=50.09 价=1.27 涨=1.44%  PE=16.23(72.49%) PB=None(None%)
2026-07-31 18:39:20  [ 11] 515880 通信ETF国泰  完成  日J=15.7 周J=-13.72 月J=47.57 价=0.58 涨=4.5%  PE=43.72(87.94%) PB=None(None%)
2026-07-31 18:39:21  [ 12] 512000 券商ETF华宝  完成  日J=49.94 周J=61.79 月J=31.2 价=0.53 涨=0.0%  PE=15.37(10.28%) PB=1.31(22.4%)
2026-07-31 18:39:22  [ 13] 159516 半导体设备ETF国泰  完成  日J=24.48 周J=9.98 月J=62.77 价=0.67 涨=3.08%  PE=104.39(95.19%) PB=None(None%)
2026-07-31 18:39:24  [ 14] 588170 科创半导体ETF华夏  完成  日J=32.85 周J=12.01 月J=62.23 价=0.92 涨=2.45%  PE=39.21(76.93%) PB=None(None%)
2026-07-31 18:39:25  [ 15] 512890 红利低波ETF华泰柏瑞  完成  日J=96.24 周J=106.88 月J=44.98 价=1.2 涨=-0.58%  PE=7.97(72.88%) PB=0.88(61.68%)
2026-07-31 18:39:27  [ 16] 159352 A500ETF南方  完成  日J=28.71 周J=2.48 月J=50.27 价=1.25 涨=1.54%  PE=16.23(72.49%) PB=None(None%)
2026-07-31 18:39:28  [ 17] 512100 中证1000ETF南方  完成  日J=57.84 周J=-3.45 月J=31.88 价=2.86 涨=2.22%  PE=29.95(64.2%) PB=2.28(35.52%)
2026-07-31 18:39:29  [ 18] 159919 沪深300ETF嘉实  完成  日J=29.3 周J=6.3 月J=48.85 价=4.85 涨=1.08%  PE=14.36(76.95%) PB=1.47(52.84%)
2026-07-31 18:39:31  [ 19] 159338 中证A500ETF国泰  完成  日J=32.11 周J=3.11 月J=50.53 价=1.21 涨=1.43%  PE=16.23(72.49%) PB=None(None%)
2026-07-31 18:39:32  [ 20] 159361 A500ETF易方达  完成  日J=31.87 周J=3.23 月J=51.07 价=1.23 涨=1.74%  PE=16.23(72.49%) PB=None(None%)
2026-07-31 18:39:33  [ 21] 159949 创业板50ETF华安  完成  日J=26.4 周J=-7.98 月J=46.66 价=1.58 涨=3.06%  PE=None(None%) PB=None(None%)
2026-07-31 18:39:35  [ 22] 159995 芯片ETF华夏  完成  日J=12.5 周J=-6.06 月J=54.13 价=1.12 涨=3.52%  PE=None(None%) PB=None(None%)
2026-07-31 18:39:36  [ 23] 512170 医疗ETF华宝  完成  日J=79.36 周J=87.99 月J=20.43 价=0.33 涨=1.54%  PE=27.65(22.24%) PB=3.37(9.56%)
2026-07-31 18:39:38  [ 24] 510880 红利ETF华泰柏瑞  完成  日J=95.01 周J=90.57 月J=51.54 价=3.3 涨=-0.36%  PE=8.74(78.81%) PB=0.86(61.92%)
2026-07-31 18:39:39  [ 25] 512400 有色金属ETF南方  完成  日J=73.87 周J=24.59 月J=3.51 价=1.79 涨=2.46%  PE=16.46(90.86%) PB=None(None%)
2026-07-31 18:39:40  [ 26] 510050 上证50ETF华夏  完成  日J=31.28 周J=63.86 月J=36.74 价=3.03 涨=0.13%  PE=11.78(84.02%) PB=1.27(65.12%)
2026-07-31 18:39:42  [ 27] 159819 人工智能ETF易方达  完成  日J=18.15 周J=0.62 月J=61.04 价=1.76 涨=5.69%  PE=48.82(64.44%) PB=None(None%)
2026-07-31 18:39:43  [ 28] 512050 A500ETF华夏  完成  日J=31.64 周J=2.54 月J=50.46 价=1.2 涨=1.52%  PE=16.23(72.49%) PB=None(None%)
2026-07-31 18:39:45  [ 29] 515450 红利低波50ETF南方  完成  日J=93.79 周J=103.2 月J=67.04 价=1.46 涨=-0.61%  PE=8.57(79.8%) PB=0.88(61.68%)
2026-07-31 18:39:46  [ 30] 512480 半导体ETF国联安  完成  日J=12.12 周J=-7.49 月J=55.89 价=0.99 涨=3.34%  PE=86.58(82.01%) PB=None(None%)
2026-07-31 18:39:47  [ 31] 159558 半导体设备ETF易方达  完成  日J=24.25 周J=10.51 月J=62.42 价=1.05 涨=2.74%  PE=104.39(95.19%) PB=None(None%)
2026-07-31 18:39:49  [ 32] 515180 红利ETF易方达  完成  日J=97.63 周J=90.32 月J=38.39 价=1.43 涨=0.0%  PE=8.57(60.93%) PB=0.85(50.4%)
2026-07-31 18:39:50  [ 33] 159326 电网设备ETF华夏  完成  日J=56.35 周J=-4.61 月J=39.81 价=1.59 涨=1.8%  PE=12.9(92.43%) PB=None(None%)
2026-07-31 18:39:52  [ 34] 510210 上证指数ETF富国  完成  日J=78.26 周J=13.06 月J=28.39 价=0.97 涨=1.04%  PE=15.05(70.51%) PB=None(None%)
2026-07-31 18:39:54  [ 35] 562500 机器人ETF华夏  完成  日J=58.05 周J=-4.93 月J=30.53 价=0.96 涨=5.87%  PE=52.34(50.67%) PB=None(None%)
2026-07-31 18:39:55  [ 36] 159201 自由现金流ETF华夏  完成  日J=98.07 周J=79.26 月J=11.78 价=1.19 涨=0.0%  PE=None(None%) PB=None(None%)
2026-07-31 18:39:56  [ 37] 510180 上证180ETF华安  完成  日J=47.73 周J=30.57 月J=36.85 价=3.96 涨=0.92%  PE=12.21(70.52%) PB=1.24(47.84%)
2026-07-31 18:39:57  [ 38] 159530 机器人ETF易方达  完成  日J=62.58 周J=-5.32 月J=21.54 价=1.32 涨=6.37%  PE=None(None%) PB=None(None%)
2026-07-31 18:39:59  [ 39] 515050 通信ETF华夏  完成  日J=15.18 周J=-12.75 月J=52.09 价=0.92 涨=4.43%  PE=44.03(86.95%) PB=None(None%)
2026-07-31 18:40:00  [ 40] 512010 医药ETF易方达  完成  日J=71.65 周J=97.17 月J=45.87 价=0.38 涨=1.06%  PE=23.77(5.32%) PB=None(None%)
2026-07-31 18:40:02  [ 41] 159992 创新药ETF银华  完成  日J=10.87 周J=70.9 月J=46.78 价=0.84 涨=1.57%  PE=28.26(31.88%) PB=None(None%)
2026-07-31 18:40:03  [ 42] 159781 科创创业ETF易方达  完成  日J=18.06 周J=-8.56 月J=55.73 价=1.07 涨=3.17%  PE=42.39(59.93%) PB=None(None%)
2026-07-31 18:40:04  [ 43] 159928 消费ETF汇添富  完成  日J=100.31 周J=103.82 月J=25.32 价=0.7 涨=0.14%  PE=20.66(23.97%) PB=3.67(6.36%)
2026-07-31 18:40:06  [ 44] 512070 证券保险ETF易方达  完成  日J=57.92 周J=92.25 月J=9.58 价=0.81 涨=-0.37%  PE=9.91(2.32%) PB=None(None%)
2026-07-31 18:40:07  [ 45] 512690 酒ETF鹏华  完成  日J=92.77 周J=92.47 月J=19.55 价=0.45 涨=-0.44%  PE=20.09(22.37%) PB=None(None%)
2026-07-31 18:40:09  [ 46] 515220 煤炭ETF国泰  完成  日J=46.53 周J=30.38 月J=29.95 价=1.2 涨=-0.08%  PE=18.23(85.73%) PB=1.73(93.28%)
2026-07-31 18:40:10  [ 47] 159870 化工ETF鹏华  完成  日J=89.22 周J=20.16 月J=26.76 价=0.78 涨=-0.13%  PE=21.44(52.3%) PB=None(None%)
2026-07-31 18:40:11  [ 48] 159206 卫星ETF永赢  完成  日J=41.03 周J=1.47 月J=14.25 价=1.25 涨=3.82%  PE=None(None%) PB=None(None%)
2026-07-31 18:40:13  [ 49] 159845 中证1000ETF华夏  完成  日J=61.24 周J=-2.83 月J=28.48 价=2.94 涨=2.37%  PE=29.95(64.2%) PB=2.28(35.52%)
2026-07-31 18:40:14  [ 50] 563020 红利低波ETF易方达  完成  日J=99.47 周J=106.0 月J=45.43 价=1.2 涨=-0.25%  PE=7.97(72.88%) PB=0.88(61.68%)
2026-07-31 18:40:14  全部完成，结果已写入 C:\Users\hailo\Desktop\每周自动指标\output_etf\2026-07-31\metrics_2026-07-31.csv
2026-07-31 18:40:14  步骤2完成 -> C:\Users\hailo\Desktop\每周自动指标\output_etf\2026-07-31\metrics_2026-07-31.csv
2026-07-31 18:40:14  步骤3: 生成 HTML 总结报告...
2026-07-31 18:40:14  步骤3完成 -> C:\Users\hailo\Desktop\每周自动指标\output_etf\2026-07-31\report_2026-07-31.html
2026-07-31 18:40:14  步骤4: 发送邮件报告...
2026-07-31 18:40:16  步骤4完成: 邮件已发送
2026-07-31 18:40:16  ===== 全部完成 2026-07-31 =====
2026-07-31 19:06:51  ===== 开始每日ETF指标任务 2026-07-31 =====
2026-07-31 19:06:51  步骤1: 获取场内规模前100的ETF...
[  1] 510300 沪深300ETF华泰柏瑞  规模=1232.3亿  跟踪=沪深300指数  主题=沪深300
[  2] 588000 科创50ETF华夏  规模=931.4亿  跟踪=上证科创板50成份指数  主题=科创板
[  3] 159915 创业板ETF易方达  规模=740.84亿  跟踪=创业板指数(价格)  主题=创业板
[  4] 512880 证券ETF国泰  规模=630.0亿  跟踪=中证全指证券公司指数  主题=证券
[  5] 510310 沪深300ETF易方达  规模=526.26亿  跟踪=沪深300指数  主题=沪深300
[  6] 588200 科创芯片ETF嘉实  规模=495.91亿  跟踪=上证科创板芯片指数  主题=半导体
[  7] 510500 中证500ETF南方  规模=449.11亿  跟踪=中证500指数  主题=中证500
[  8] 510330 沪深300ETF华夏  规模=422.54亿  跟踪=沪深300指数  主题=沪深300
[  9] 588080 科创50ETF易方达  规模=415.09亿  跟踪=上证科创板50成份指数  主题=科创板
[ 10] 563360 A500ETF华泰柏瑞  规模=410.51亿  跟踪=中证A500指数  主题=中证A500
[ 11] 515880 通信ETF国泰  规模=404.9亿  跟踪=中证全指通信设备指数  主题=通信
[ 12] 512000 券商ETF华宝  规模=400.76亿  跟踪=中证全指证券公司指数  主题=证券
[ 13] 159516 半导体设备ETF国泰  规模=390.62亿  跟踪=中证半导体材料设备主题指数  主题=半导体
[ 14] 588170 科创半导体ETF华夏  规模=385.11亿  跟踪=上证科创板半导体材料设备主题指数  主题=半导体
[ 15] 512890 红利低波ETF华泰柏瑞  规模=348.78亿  跟踪=中证红利低波动指数  主题=红利
[ 16] 159352 A500ETF南方  规模=328.2亿  跟踪=中证A500指数  主题=中证A500
[ 17] 512100 中证1000ETF南方  规模=324.53亿  跟踪=中证1000指数  主题=中证1000
[ 18] 159919 沪深300ETF嘉实  规模=317.46亿  跟踪=沪深300指数  主题=沪深300
[ 19] 159338 中证A500ETF国泰  规模=276.83亿  跟踪=中证A500指数  主题=中证A500
[ 20] 159361 A500ETF易方达  规模=270.54亿  跟踪=中证A500指数  主题=中证A500
[ 21] 159949 创业板50ETF华安  规模=266.35亿  跟踪=创业板50指数  主题=创业板
[ 22] 159995 芯片ETF华夏  规模=265.31亿  跟踪=国证半导体芯片指数  主题=半导体
[ 23] 512170 医疗ETF华宝  规模=262.3亿  跟踪=中证医疗指数  主题=医药
[ 24] 510880 红利ETF华泰柏瑞  规模=231.02亿  跟踪=上证红利指数  主题=红利
[ 25] 512400 有色金属ETF南方  规模=230.17亿  跟踪=有色金属  主题=有色金属
[ 26] 510050 上证50ETF华夏  规模=216.7亿  跟踪=上证50指数  主题=上证50
[ 27] 159819 人工智能ETF易方达  规模=207.3亿  跟踪=中证人工智能主题指数  主题=人工智能
[ 28] 512050 A500ETF华夏  规模=201.53亿  跟踪=中证A500指数  主题=中证A500
[ 29] 515450 红利低波50ETF南方  规模=199.85亿  跟踪=标普中国A股大盘红利低波50指数  主题=红利
[ 30] 512480 半导体ETF国联安  规模=198.7亿  跟踪=中证全指半导体产品与设备指数  主题=半导体
[ 31] 159558 半导体设备ETF易方达  规模=195.42亿  跟踪=中证半导体材料设备主题指数  主题=半导体
[ 32] 515180 红利ETF易方达  规模=193.3亿  跟踪=中证红利指数  主题=红利
[ 33] 159326 电网设备ETF华夏  规模=192.68亿  跟踪=中证电网设备主题指数  主题=其他
[ 34] 510210 上证指数ETF富国  规模=192.63亿  跟踪=上证综合指数  主题=其他
[ 35] 562500 机器人ETF华夏  规模=179.45亿  跟踪=中证机器人指数  主题=机器人
[ 36] 159201 自由现金流ETF华夏  规模=176.37亿  跟踪=国证自由现金流指数  主题=货币市场
[ 37] 510180 上证180ETF华安  规模=174.94亿  跟踪=上证180指数  主题=上证180
[ 38] 159530 机器人ETF易方达  规模=174.12亿  跟踪=国证机器人产业指数  主题=机器人
[ 39] 515050 通信ETF华夏  规模=172.73亿  跟踪=中证5G通信主题指数  主题=通信
[ 40] 512010 医药ETF易方达  规模=172.68亿  跟踪=沪深300医药卫生指数  主题=医药
[ 41] 159992 创新药ETF银华  规模=170.48亿  跟踪=中证创新药产业指数  主题=医药
[ 42] 159781 科创创业ETF易方达  规模=164.7亿  跟踪=中证科创创业50指数  主题=科创板
[ 43] 159928 消费ETF汇添富  规模=162.02亿  跟踪=中证主要消费指数  主题=消费
[ 44] 512070 证券保险ETF易方达  规模=155.56亿  跟踪=沪深300非银行金融指数  主题=证券
[ 45] 512690 酒ETF鹏华  规模=147.15亿  跟踪=中证酒指数  主题=白酒
[ 46] 515220 煤炭ETF国泰  规模=143.17亿  跟踪=中证煤炭指数  主题=煤炭
[ 47] 159870 化工ETF鹏华  规模=142.47亿  跟踪=细分化工  主题=化工
[ 48] 159206 卫星ETF永赢  规模=138.45亿  跟踪=国证商用卫星通信产业指数  主题=通信
[ 49] 159845 中证1000ETF华夏  规模=137.34亿  跟踪=中证1000指数  主题=中证1000
[ 50] 563020 红利低波ETF易方达  规模=132.91亿  跟踪=中证红利低波动指数  主题=红利
[ 51] 513630 港股低波红利ETF摩根  规模=128.37亿  跟踪=标普港股通低波红利指数  主题=红利
[ 52] 517520 黄金股ETF永赢  规模=127.42亿  跟踪=中证沪深港黄金产业股票指数  主题=黄金
[ 53] 515080 中证红利ETF招商  规模=122.83亿  跟踪=中证红利指数  主题=红利
[ 54] 515120 创新药ETF广发  规模=122.17亿  跟踪=中证创新药产业指数  主题=医药
[ 55] 159952 创业板ETF广发  规模=120.31亿  跟踪=创业板指数(价格)  主题=创业板
[ 56] 159841 证券ETF天弘  规模=120.14亿  跟踪=中证全指证券公司指数  主题=证券
[ 57] 560780 半导体设备ETF广发  规模=119.28亿  跟踪=中证半导体材料设备主题指数  主题=半导体
[ 58] 588050 科创50ETF工银  规模=110.36亿  跟踪=上证科创板50成份指数  主题=科创板
[ 59] 512800 银行ETF华宝  规模=110.14亿  跟踪=中证银行指数  主题=银行
[ 60] 159611 电力ETF广发  规模=110.09亿  跟踪=中证全指电力公用事业指数  主题=电力
[ 61] 512760 芯片ETF国泰  规模=105.61亿  跟踪=中华交易服务半导体芯片行业人民币指数  主题=半导体
[ 62] 563800 A500ETF广发  规模=105.08亿  跟踪=中证A500指数  主题=中证A500
[ 63] 159842 券商ETF银华  规模=101.28亿  跟踪=中证全指证券公司指数  主题=证券
[ 64] 588710 科创半导体设备ETF华泰柏瑞  规模=100.16亿  跟踪=上证科创板半导体材料设备主题指数  主题=半导体
[ 65] 516650 有色金属ETF华夏  规模=92.11亿  跟踪=细分有色  主题=有色金属
[ 66] 159922 中证500ETF嘉实  规模=90.64亿  跟踪=中证500指数  主题=中证500
[ 67] 159869 游戏ETF华夏  规模=89.35亿  跟踪=中证动漫游戏指数  主题=传媒
[ 68] 159755 电池ETF广发  规模=87.69亿  跟踪=国证新能源车电池指数  主题=新能源
[ 69] 515330 沪深300ETF天弘  规模=87.49亿  跟踪=沪深300指数  主题=沪深300
[ 70] 560860 工业有色ETF万家  规模=86.55亿  跟踪=中证工业有色金属主题指数  主题=有色金属
[ 71] 515070 人工智能ETF华夏  规模=84.17亿  跟踪=中证人工智能主题指数  主题=人工智能
[ 72] 159351 A500ETF嘉实  规模=83.86亿  跟踪=中证A500指数  主题=中证A500
[ 73] 159852 软件ETF嘉实  规模=83.32亿  跟踪=中证软件服务指数  主题=计算机
[ 74] 562590 半导体设备ETF华夏  规模=82.97亿  跟踪=中证半导体材料设备主题指数  主题=半导体
[ 75] 512500 中证500ETF华夏  规模=82.95亿  跟踪=中证500指数  主题=中证500
[ 76] 512900 证券ETF南方  规模=82.51亿  跟踪=中证全指证券公司指数  主题=证券
[ 77] 588060 科创50ETF广发  规模=81.44亿  跟踪=上证科创板50成份指数  主题=科创板
[ 78] 563220 A500ETF富国  规模=78.98亿  跟踪=中证A500指数  主题=中证A500
[ 79] 159307 红利低波100ETF博时  规模=76.25亿  跟踪=中证红利低波动100指数  主题=红利
[ 80] 560010 中证1000ETF广发  规模=75.99亿  跟踪=中证1000指数  主题=中证1000
[ 81] 588750 科创芯片ETF汇添富  规模=75.16亿  跟踪=上证科创板芯片指数  主题=半导体
[ 82] 512710 军工龙头ETF富国  规模=72.83亿  跟踪=中证军工龙头指数  主题=军工
[ 83] 159363 创业板人工智能ETF华宝  规模=68.91亿  跟踪=创业板人工智能指数  主题=人工智能
[ 84] 159813 半导体ETF鹏华  规模=68.62亿  跟踪=国证半导体芯片指数  主题=半导体
[ 85] 159263 价值ETF易方达  规模=68.19亿  跟踪=国证价值100指数  主题=价值
[ 86] 159157 有色金属ETF天弘  规模=66.45亿  跟踪=中证工业有色金属主题指数  主题=有色金属
[ 87] 159851 金融科技ETF华宝  规模=66.36亿  跟踪=中证金融科技主题指数  主题=其他
[ 88] 512660 军工ETF国泰  规模=64.53亿  跟踪=中证军工指数  主题=军工
[ 89] 159865 养殖ETF国泰  规模=63.6亿  跟踪=中证畜牧养殖指数  主题=农业
[ 90] 159977 创业板ETF天弘  规模=63.31亿  跟踪=创业板指数(价格)  主题=创业板
[ 91] 515980 人工智能ETF华富  规模=62.74亿  跟踪=中证人工智能产业指数  主题=人工智能
[ 92] 159549 红利低波ETF天弘  规模=62.56亿  跟踪=中证红利低波动100指数  主题=红利
[ 93] 561980 半导体设备ETF招商  规模=62.52亿  跟踪=中证半导体产业指数  主题=半导体
[ 94] 159770 机器人ETF天弘  规模=60.94亿  跟踪=中证机器人指数  主题=机器人
[ 95] 159967 创业板成长ETF华夏  规模=60.83亿  跟踪=创业板动量成长指数  主题=成长
[ 96] 516150 稀土ETF嘉实  规模=60.65亿  跟踪=中证稀土产业指数  主题=有色金属
[ 97] 512950 央企改革ETF华夏  规模=60.46亿  跟踪=中证央企结构调整指数  主题=央企国企
[ 98] 515100 红利低波100ETF景顺  规模=60.06亿  跟踪=中证红利低波动100指数  主题=红利
[ 99] 563300 中证2000ETF华泰柏瑞  规模=60.02亿  跟踪=中证2000指数  主题=中证2000
[100] 159682 创业板50ETF景顺  规模=58.48亿  跟踪=创业板50指数  主题=创业板
2026-07-31 19:07:39  任务失败: ValueError: Length of values (61) does not match length of index (100)
2026-07-31 19:07:54  ===== 开始每日ETF指标任务 2026-07-31 =====
2026-07-31 19:07:54  步骤1: 获取场内规模前100的ETF...
[  1] 510300 沪深300ETF华泰柏瑞  规模=1232.3亿  跟踪=沪深300指数  主题=沪深300
[  2] 588000 科创50ETF华夏  规模=931.4亿  跟踪=上证科创板50成份指数  主题=科创板
[  3] 159915 创业板ETF易方达  规模=740.84亿  跟踪=创业板指数(价格)  主题=创业板
[  4] 512880 证券ETF国泰  规模=630.0亿  跟踪=中证全指证券公司指数  主题=证券
[  5] 510310 沪深300ETF易方达  规模=526.26亿  跟踪=沪深300指数  主题=沪深300
[  6] 588200 科创芯片ETF嘉实  规模=495.91亿  跟踪=上证科创板芯片指数  主题=半导体
[  7] 510500 中证500ETF南方  规模=449.11亿  跟踪=中证500指数  主题=中证500
[  8] 510330 沪深300ETF华夏  规模=422.54亿  跟踪=沪深300指数  主题=沪深300
[  9] 588080 科创50ETF易方达  规模=415.09亿  跟踪=上证科创板50成份指数  主题=科创板
[ 10] 563360 A500ETF华泰柏瑞  规模=410.51亿  跟踪=中证A500指数  主题=中证A500
[ 11] 515880 通信ETF国泰  规模=404.9亿  跟踪=中证全指通信设备指数  主题=通信
[ 12] 512000 券商ETF华宝  规模=400.76亿  跟踪=中证全指证券公司指数  主题=证券
[ 13] 159516 半导体设备ETF国泰  规模=390.62亿  跟踪=中证半导体材料设备主题指数  主题=半导体
[ 14] 588170 科创半导体ETF华夏  规模=385.11亿  跟踪=上证科创板半导体材料设备主题指数  主题=半导体
[ 15] 512890 红利低波ETF华泰柏瑞  规模=348.78亿  跟踪=中证红利低波动指数  主题=红利
[ 16] 159352 A500ETF南方  规模=328.2亿  跟踪=中证A500指数  主题=中证A500
[ 17] 512100 中证1000ETF南方  规模=324.53亿  跟踪=中证1000指数  主题=中证1000
[ 18] 159919 沪深300ETF嘉实  规模=317.46亿  跟踪=沪深300指数  主题=沪深300
[ 19] 159338 中证A500ETF国泰  规模=276.83亿  跟踪=中证A500指数  主题=中证A500
[ 20] 159361 A500ETF易方达  规模=270.54亿  跟踪=中证A500指数  主题=中证A500
[ 21] 159949 创业板50ETF华安  规模=266.35亿  跟踪=创业板50指数  主题=创业板
[ 22] 159995 芯片ETF华夏  规模=265.31亿  跟踪=国证半导体芯片指数  主题=半导体
[ 23] 512170 医疗ETF华宝  规模=262.3亿  跟踪=中证医疗指数  主题=医药
[ 24] 510880 红利ETF华泰柏瑞  规模=231.02亿  跟踪=上证红利指数  主题=红利
[ 25] 512400 有色金属ETF南方  规模=230.17亿  跟踪=有色金属  主题=有色金属
[ 26] 510050 上证50ETF华夏  规模=216.7亿  跟踪=上证50指数  主题=上证50
[ 27] 159819 人工智能ETF易方达  规模=207.3亿  跟踪=中证人工智能主题指数  主题=人工智能
[ 28] 512050 A500ETF华夏  规模=201.53亿  跟踪=中证A500指数  主题=中证A500
[ 29] 515450 红利低波50ETF南方  规模=199.85亿  跟踪=标普中国A股大盘红利低波50指数  主题=红利
[ 30] 512480 半导体ETF国联安  规模=198.7亿  跟踪=中证全指半导体产品与设备指数  主题=半导体
[ 31] 159558 半导体设备ETF易方达  规模=195.42亿  跟踪=中证半导体材料设备主题指数  主题=半导体
[ 32] 515180 红利ETF易方达  规模=193.3亿  跟踪=中证红利指数  主题=红利
[ 33] 159326 电网设备ETF华夏  规模=192.68亿  跟踪=中证电网设备主题指数  主题=其他
[ 34] 510210 上证指数ETF富国  规模=192.63亿  跟踪=上证综合指数  主题=其他
[ 35] 562500 机器人ETF华夏  规模=179.45亿  跟踪=中证机器人指数  主题=机器人
[ 36] 159201 自由现金流ETF华夏  规模=176.37亿  跟踪=国证自由现金流指数  主题=货币市场
[ 37] 510180 上证180ETF华安  规模=174.94亿  跟踪=上证180指数  主题=上证180
[ 38] 159530 机器人ETF易方达  规模=174.12亿  跟踪=国证机器人产业指数  主题=机器人
[ 39] 515050 通信ETF华夏  规模=172.73亿  跟踪=中证5G通信主题指数  主题=通信
[ 40] 512010 医药ETF易方达  规模=172.68亿  跟踪=沪深300医药卫生指数  主题=医药
[ 41] 159992 创新药ETF银华  规模=170.48亿  跟踪=中证创新药产业指数  主题=医药
[ 42] 159781 科创创业ETF易方达  规模=164.7亿  跟踪=中证科创创业50指数  主题=科创板
[ 43] 159928 消费ETF汇添富  规模=162.02亿  跟踪=中证主要消费指数  主题=消费
[ 44] 512070 证券保险ETF易方达  规模=155.56亿  跟踪=沪深300非银行金融指数  主题=证券
[ 45] 512690 酒ETF鹏华  规模=147.15亿  跟踪=中证酒指数  主题=白酒
[ 46] 515220 煤炭ETF国泰  规模=143.17亿  跟踪=中证煤炭指数  主题=煤炭
[ 47] 159870 化工ETF鹏华  规模=142.47亿  跟踪=细分化工  主题=化工
[ 48] 159206 卫星ETF永赢  规模=138.45亿  跟踪=国证商用卫星通信产业指数  主题=通信
[ 49] 159845 中证1000ETF华夏  规模=137.34亿  跟踪=中证1000指数  主题=中证1000
[ 50] 563020 红利低波ETF易方达  规模=132.91亿  跟踪=中证红利低波动指数  主题=红利
[ 51] 513630 港股低波红利ETF摩根  规模=128.37亿  跟踪=标普港股通低波红利指数  主题=红利
[ 52] 517520 黄金股ETF永赢  规模=127.42亿  跟踪=中证沪深港黄金产业股票指数  主题=黄金
[ 53] 515080 中证红利ETF招商  规模=122.83亿  跟踪=中证红利指数  主题=红利
[ 54] 515120 创新药ETF广发  规模=122.17亿  跟踪=中证创新药产业指数  主题=医药
[ 55] 159952 创业板ETF广发  规模=120.31亿  跟踪=创业板指数(价格)  主题=创业板
[ 56] 159841 证券ETF天弘  规模=120.14亿  跟踪=中证全指证券公司指数  主题=证券
[ 57] 560780 半导体设备ETF广发  规模=119.28亿  跟踪=中证半导体材料设备主题指数  主题=半导体
[ 58] 588050 科创50ETF工银  规模=110.36亿  跟踪=上证科创板50成份指数  主题=科创板
[ 59] 512800 银行ETF华宝  规模=110.14亿  跟踪=中证银行指数  主题=银行
[ 60] 159611 电力ETF广发  规模=110.09亿  跟踪=中证全指电力公用事业指数  主题=电力
[ 61] 512760 芯片ETF国泰  规模=105.61亿  跟踪=中华交易服务半导体芯片行业人民币指数  主题=半导体
[ 62] 563800 A500ETF广发  规模=105.08亿  跟踪=中证A500指数  主题=中证A500
[ 63] 159842 券商ETF银华  规模=101.28亿  跟踪=中证全指证券公司指数  主题=证券
[ 64] 588710 科创半导体设备ETF华泰柏瑞  规模=100.16亿  跟踪=上证科创板半导体材料设备主题指数  主题=半导体
[ 65] 516650 有色金属ETF华夏  规模=92.11亿  跟踪=细分有色  主题=有色金属
[ 66] 159922 中证500ETF嘉实  规模=90.64亿  跟踪=中证500指数  主题=中证500
[ 67] 159869 游戏ETF华夏  规模=89.35亿  跟踪=中证动漫游戏指数  主题=传媒
[ 68] 159755 电池ETF广发  规模=87.69亿  跟踪=国证新能源车电池指数  主题=新能源
[ 69] 515330 沪深300ETF天弘  规模=87.49亿  跟踪=沪深300指数  主题=沪深300
[ 70] 560860 工业有色ETF万家  规模=86.55亿  跟踪=中证工业有色金属主题指数  主题=有色金属
[ 71] 515070 人工智能ETF华夏  规模=84.17亿  跟踪=中证人工智能主题指数  主题=人工智能
[ 72] 159351 A500ETF嘉实  规模=83.86亿  跟踪=中证A500指数  主题=中证A500
[ 73] 159852 软件ETF嘉实  规模=83.32亿  跟踪=中证软件服务指数  主题=计算机
[ 74] 562590 半导体设备ETF华夏  规模=82.97亿  跟踪=中证半导体材料设备主题指数  主题=半导体
[ 75] 512500 中证500ETF华夏  规模=82.95亿  跟踪=中证500指数  主题=中证500
[ 76] 512900 证券ETF南方  规模=82.51亿  跟踪=中证全指证券公司指数  主题=证券
[ 77] 588060 科创50ETF广发  规模=81.44亿  跟踪=上证科创板50成份指数  主题=科创板
[ 78] 563220 A500ETF富国  规模=78.98亿  跟踪=中证A500指数  主题=中证A500
[ 79] 159307 红利低波100ETF博时  规模=76.25亿  跟踪=中证红利低波动100指数  主题=红利
[ 80] 560010 中证1000ETF广发  规模=75.99亿  跟踪=中证1000指数  主题=中证1000
[ 81] 588750 科创芯片ETF汇添富  规模=75.16亿  跟踪=上证科创板芯片指数  主题=半导体
[ 82] 512710 军工龙头ETF富国  规模=72.83亿  跟踪=中证军工龙头指数  主题=军工
[ 83] 159363 创业板人工智能ETF华宝  规模=68.91亿  跟踪=创业板人工智能指数  主题=人工智能
[ 84] 159813 半导体ETF鹏华  规模=68.62亿  跟踪=国证半导体芯片指数  主题=半导体
[ 85] 159263 价值ETF易方达  规模=68.19亿  跟踪=国证价值100指数  主题=价值
[ 86] 159157 有色金属ETF天弘  规模=66.45亿  跟踪=中证工业有色金属主题指数  主题=有色金属
[ 87] 159851 金融科技ETF华宝  规模=66.36亿  跟踪=中证金融科技主题指数  主题=其他
[ 88] 512660 军工ETF国泰  规模=64.53亿  跟踪=中证军工指数  主题=军工
[ 89] 159865 养殖ETF国泰  规模=63.6亿  跟踪=中证畜牧养殖指数  主题=农业
[ 90] 159977 创业板ETF天弘  规模=63.31亿  跟踪=创业板指数(价格)  主题=创业板
[ 91] 515980 人工智能ETF华富  规模=62.74亿  跟踪=中证人工智能产业指数  主题=人工智能
[ 92] 159549 红利低波ETF天弘  规模=62.56亿  跟踪=中证红利低波动100指数  主题=红利
[ 93] 561980 半导体设备ETF招商  规模=62.52亿  跟踪=中证半导体产业指数  主题=半导体
[ 94] 159770 机器人ETF天弘  规模=60.94亿  跟踪=中证机器人指数  主题=机器人
[ 95] 159967 创业板成长ETF华夏  规模=60.83亿  跟踪=创业板动量成长指数  主题=成长
[ 96] 516150 稀土ETF嘉实  规模=60.65亿  跟踪=中证稀土产业指数  主题=有色金属
[ 97] 512950 央企改革ETF华夏  规模=60.46亿  跟踪=中证央企结构调整指数  主题=央企国企
[ 98] 515100 红利低波100ETF景顺  规模=60.06亿  跟踪=中证红利低波动100指数  主题=红利
[ 99] 563300 中证2000ETF华泰柏瑞  规模=60.02亿  跟踪=中证2000指数  主题=中证2000
[100] 159682 创业板50ETF景顺  规模=58.48亿  跟踪=创业板50指数  主题=创业板
2026-07-31 19:08:40  步骤1完成 -> C:\Users\hailo\Desktop\每周自动指标\output_etf\2026-07-31\etf_list_2026-07-31.csv
2026-07-31 19:08:40  步骤2: 计算 KDJ-J(日/周/月)...
2026-07-31 19:08:44  [  1] 510300 沪深300ETF华泰柏瑞  完成  日J=31.26 周J=6.9 月J=48.8 价=4.65 涨=0.98%  PE=14.36(76.95%) PB=1.47(52.84%)
2026-07-31 19:08:46  [  2] 588000 科创50ETF华夏  完成  日J=13.02 周J=0.14 月J=56.93 价=1.73 涨=3.65%  PE=77.94(84.66%) PB=7.75(92.29%)
2026-07-31 19:08:47  [  3] 159915 创业板ETF易方达  完成  日J=28.26 周J=-7.0 月J=50.17 价=3.37 涨=3.06%  PE=42.16(47.56%) PB=5.55(63.68%)
2026-07-31 19:08:48  [  4] 512880 证券ETF国泰  完成  日J=51.21 周J=61.14 月J=30.68 价=1.11 涨=0.09%  PE=15.37(10.28%) PB=1.31(22.4%)
2026-07-31 19:08:50  [  5] 588200 科创芯片ETF嘉实  完成  日J=11.9 周J=-4.19 月J=59.3 价=1.12 涨=3.99%  PE=116.29(79.49%) PB=None(None%)
2026-07-31 19:08:51  [  6] 510500 中证500ETF南方  完成  日J=37.58 周J=-1.54 月J=47.83 价=7.5 涨=2.24%  PE=26.78(68.47%) PB=2.38(76.88%)
2026-07-31 19:08:53  [  7] 563360 A500ETF华泰柏瑞  完成  日J=32.34 周J=2.17 月J=50.09 价=1.27 涨=1.44%  PE=16.23(72.49%) PB=None(None%)
2026-07-31 19:08:54  [  8] 515880 通信ETF国泰  完成  日J=15.7 周J=-13.72 月J=47.57 价=0.58 涨=4.5%  PE=43.72(87.94%) PB=None(None%)
2026-07-31 19:08:55  [  9] 159516 半导体设备ETF国泰  完成  日J=24.48 周J=9.98 月J=62.77 价=0.67 涨=3.08%  PE=104.39(95.19%) PB=None(None%)
2026-07-31 19:08:57  [ 10] 588170 科创半导体ETF华夏  完成  日J=32.85 周J=12.01 月J=62.23 价=0.92 涨=2.45%  PE=39.21(76.93%) PB=None(None%)
2026-07-31 19:08:58  [ 11] 512890 红利低波ETF华泰柏瑞  完成  日J=96.24 周J=106.88 月J=44.98 价=1.2 涨=-0.58%  PE=7.97(72.88%) PB=0.88(61.68%)
2026-07-31 19:08:59  [ 12] 512100 中证1000ETF南方  完成  日J=57.84 周J=-3.45 月J=31.88 价=2.86 涨=2.22%  PE=29.95(64.2%) PB=2.28(35.52%)
2026-07-31 19:09:01  [ 13] 159949 创业板50ETF华安  完成  日J=26.4 周J=-7.98 月J=46.66 价=1.58 涨=3.06%  PE=None(None%) PB=None(None%)
2026-07-31 19:09:02  [ 14] 159995 芯片ETF华夏  完成  日J=12.5 周J=-6.06 月J=54.13 价=1.12 涨=3.52%  PE=None(None%) PB=None(None%)
2026-07-31 19:09:03  [ 15] 512170 医疗ETF华宝  完成  日J=79.36 周J=87.99 月J=20.43 价=0.33 涨=1.54%  PE=27.65(22.24%) PB=3.37(9.56%)
2026-07-31 19:09:04  [ 16] 510880 红利ETF华泰柏瑞  完成  日J=95.01 周J=90.57 月J=51.54 价=3.3 涨=-0.36%  PE=8.74(78.81%) PB=0.86(61.92%)
2026-07-31 19:09:06  [ 17] 512400 有色金属ETF南方  完成  日J=73.87 周J=24.59 月J=3.51 价=1.79 涨=2.46%  PE=16.46(90.86%) PB=None(None%)
2026-07-31 19:09:07  [ 18] 510050 上证50ETF华夏  完成  日J=31.28 周J=63.86 月J=36.74 价=3.03 涨=0.13%  PE=11.78(84.02%) PB=1.27(65.12%)
2026-07-31 19:09:09  [ 19] 159819 人工智能ETF易方达  完成  日J=18.15 周J=0.62 月J=61.04 价=1.76 涨=5.69%  PE=48.82(64.44%) PB=None(None%)
2026-07-31 19:09:10  [ 20] 515450 红利低波50ETF南方  完成  日J=93.79 周J=103.2 月J=67.04 价=1.46 涨=-0.61%  PE=8.57(79.8%) PB=0.88(61.68%)
2026-07-31 19:09:11  [ 21] 512480 半导体ETF国联安  完成  日J=12.12 周J=-7.49 月J=55.89 价=0.99 涨=3.34%  PE=86.58(82.01%) PB=None(None%)
2026-07-31 19:09:13  [ 22] 515180 红利ETF易方达  完成  日J=97.63 周J=90.32 月J=38.39 价=1.43 涨=0.0%  PE=8.57(60.93%) PB=0.85(50.4%)
2026-07-31 19:09:14  [ 23] 159326 电网设备ETF华夏  完成  日J=56.35 周J=-4.61 月J=39.81 价=1.59 涨=1.8%  PE=12.9(92.43%) PB=None(None%)
2026-07-31 19:09:15  [ 24] 510210 上证指数ETF富国  完成  日J=78.26 周J=13.06 月J=28.39 价=0.97 涨=1.04%  PE=15.05(70.51%) PB=None(None%)
2026-07-31 19:09:17  [ 25] 562500 机器人ETF华夏  完成  日J=58.05 周J=-4.93 月J=30.53 价=0.96 涨=5.87%  PE=52.34(50.67%) PB=None(None%)
2026-07-31 19:09:18  [ 26] 159201 自由现金流ETF华夏  完成  日J=98.07 周J=79.26 月J=11.78 价=1.19 涨=0.0%  PE=None(None%) PB=None(None%)
2026-07-31 19:09:20  [ 27] 510180 上证180ETF华安  完成  日J=47.73 周J=30.57 月J=36.85 价=3.96 涨=0.92%  PE=12.21(70.52%) PB=1.24(47.84%)
2026-07-31 19:09:21  [ 28] 159530 机器人ETF易方达  完成  日J=62.58 周J=-5.32 月J=21.54 价=1.32 涨=6.37%  PE=None(None%) PB=None(None%)
2026-07-31 19:09:22  [ 29] 515050 通信ETF华夏  完成  日J=15.18 周J=-12.75 月J=52.09 价=0.92 涨=4.43%  PE=44.03(86.95%) PB=None(None%)
2026-07-31 19:09:24  [ 30] 512010 医药ETF易方达  完成  日J=71.65 周J=97.17 月J=45.87 价=0.38 涨=1.06%  PE=23.77(5.32%) PB=None(None%)
2026-07-31 19:09:25  [ 31] 159992 创新药ETF银华  完成  日J=10.87 周J=70.9 月J=46.78 价=0.84 涨=1.57%  PE=28.26(31.88%) PB=None(None%)
2026-07-31 19:09:26  [ 32] 159781 科创创业ETF易方达  完成  日J=18.06 周J=-8.56 月J=55.73 价=1.07 涨=3.17%  PE=42.39(59.93%) PB=None(None%)
2026-07-31 19:09:28  [ 33] 159928 消费ETF汇添富  完成  日J=100.31 周J=103.82 月J=25.32 价=0.7 涨=0.14%  PE=20.66(23.97%) PB=3.67(6.36%)
2026-07-31 19:09:29  [ 34] 512070 证券保险ETF易方达  完成  日J=57.92 周J=92.25 月J=9.58 价=0.81 涨=-0.37%  PE=9.91(2.32%) PB=None(None%)
2026-07-31 19:09:31  [ 35] 512690 酒ETF鹏华  完成  日J=92.77 周J=92.47 月J=19.55 价=0.45 涨=-0.44%  PE=20.09(22.37%) PB=None(None%)
2026-07-31 19:09:32  [ 36] 515220 煤炭ETF国泰  完成  日J=46.53 周J=30.38 月J=29.95 价=1.2 涨=-0.08%  PE=18.23(85.73%) PB=1.73(93.28%)
2026-07-31 19:09:34  [ 37] 159870 化工ETF鹏华  完成  日J=89.22 周J=20.16 月J=26.76 价=0.78 涨=-0.13%  PE=21.44(52.3%) PB=None(None%)
2026-07-31 19:09:36  [ 38] 159206 卫星ETF永赢  完成  日J=41.03 周J=1.47 月J=14.25 价=1.25 涨=3.82%  PE=None(None%) PB=None(None%)
2026-07-31 19:09:37  [ 39] 513630 港股低波红利ETF摩根  完成  日J=65.56 周J=85.93 月J=30.35 价=1.62 涨=-0.98%  PE=None(None%) PB=None(None%)
2026-07-31 19:09:38  [ 40] 517520 黄金股ETF永赢  完成  日J=83.78 周J=82.11 月J=-6.0 价=1.89 涨=3.05%  PE=21.82(56.47%) PB=None(None%)
2026-07-31 19:09:40  [ 41] 512800 银行ETF华宝  完成  日J=102.96 周J=105.75 月J=57.69 价=0.84 涨=0.0%  PE=6.89(80.07%) PB=0.69(44.04%)
2026-07-31 19:09:41  [ 42] 159611 电力ETF广发  完成  日J=41.49 周J=20.1 月J=21.83 价=1.07 涨=0.0%  PE=15.63(69.11%) PB=None(None%)
2026-07-31 19:09:43  [ 43] 512760 芯片ETF国泰  完成  日J=11.61 周J=-3.77 月J=56.51 价=1.07 涨=3.08%  PE=87.07(72.03%) PB=None(None%)
2026-07-31 19:09:44  [ 44] 516650 有色金属ETF华夏  完成  日J=78.14 周J=29.83 月J=-0.24 价=1.75 涨=2.51%  PE=18.47(23.65%) PB=None(None%)
2026-07-31 19:09:45  [ 45] 159869 游戏ETF华夏  完成  日J=93.8 周J=51.71 月J=-4.78 价=1.11 涨=4.4%  PE=19.82(17.79%) PB=None(None%)
2026-07-31 19:09:47  [ 46] 159755 电池ETF广发  完成  日J=98.15 周J=9.83 月J=13.31 价=0.94 涨=0.53%  PE=25.56(37.4%) PB=3.48(49.52%)
2026-07-31 19:09:48  [ 47] 560860 工业有色ETF万家  完成  日J=65.15 周J=15.22 月J=13.51 价=1.54 涨=2.88%  PE=61.38(30.47%) PB=None(None%)
2026-07-31 19:09:49  [ 48] 159852 软件ETF嘉实  完成  日J=81.6 周J=33.76 月J=-3.49 价=0.71 涨=6.27%  PE=57.44(53.95%) PB=None(None%)
2026-07-31 19:09:51  [ 49] 159307 红利低波100ETF博时  完成  日J=97.11 周J=104.8 月J=48.95 价=1.06 涨=-0.19%  PE=8.9(85.34%) PB=None(None%)
2026-07-31 19:09:52  [ 50] 512710 军工龙头ETF富国  完成  日J=87.48 周J=18.19 月J=-9.4 价=0.6 涨=1.0%  PE=None(None%) PB=None(None%)
2026-07-31 19:09:53  [ 51] 159363 创业板人工智能ETF华宝  完成  日J=29.05 周J=-3.96 月J=55.48 价=1.13 涨=7.93%  PE=None(None%) PB=None(None%)
2026-07-31 19:09:55  [ 52] 159263 价值ETF易方达  完成  日J=93.95 周J=104.52 月J=47.21 价=1.17 涨=-0.68%  PE=None(None%) PB=None(None%)
2026-07-31 19:09:56  [ 53] 159851 金融科技ETF华宝  完成  日J=100.76 周J=32.91 月J=-3.93 价=0.63 涨=3.62%  PE=33.48(13.61%) PB=None(None%)
2026-07-31 19:09:57  [ 54] 512660 军工ETF国泰  完成  日J=87.59 周J=12.29 月J=-2.15 价=1.09 涨=1.86%  PE=45.08(11.9%) PB=3.21(50.44%)
2026-07-31 19:09:59  [ 55] 159865 养殖ETF国泰  完成  日J=88.38 周J=82.59 月J=8.92 价=0.54 涨=0.75%  PE=23.22(54.65%) PB=None(None%)
2026-07-31 19:10:00  [ 56] 515980 人工智能ETF华富  完成  日J=17.16 周J=0.7 月J=59.98 价=1.01 涨=6.54%  PE=52.05(83.97%) PB=None(None%)
2026-07-31 19:10:01  [ 57] 561980 半导体设备ETF招商  完成  日J=13.84 周J=17.0 月J=65.35 价=0.67 涨=3.08%  PE=129.11(94.57%) PB=None(None%)
2026-07-31 19:10:03  [ 58] 159967 创业板成长ETF华夏  完成  日J=23.6 周J=-9.74 月J=53.08 价=0.73 涨=3.4%  PE=None(None%) PB=None(None%)
2026-07-31 19:10:04  [ 59] 516150 稀土ETF嘉实  完成  日J=84.77 周J=-1.04 月J=14.92 价=1.63 涨=2.19%  PE=27.88(23.92%) PB=None(None%)
2026-07-31 19:10:06  [ 60] 512950 央企改革ETF华夏  完成  日J=62.55 周J=18.84 月J=42.73 价=1.49 涨=1.22%  PE=15.65(81.72%) PB=None(None%)
2026-07-31 19:10:07  [ 61] 563300 中证2000ETF华泰柏瑞  完成  日J=68.11 周J=2.68 月J=31.23 价=1.28 涨=3.48%  PE=36.08(55.26%) PB=None(None%)
2026-07-31 19:10:07  全部完成，结果已写入 C:\Users\hailo\Desktop\每周自动指标\output_etf\2026-07-31\metrics_2026-07-31.csv
2026-07-31 19:10:07  步骤2完成 -> C:\Users\hailo\Desktop\每周自动指标\output_etf\2026-07-31\metrics_2026-07-31.csv
2026-07-31 19:10:07  步骤3: 生成 HTML 总结报告...
2026-07-31 19:10:07  步骤3完成 -> C:\Users\hailo\Desktop\每周自动指标\output_etf\2026-07-31\report_2026-07-31.html
2026-07-31 19:10:07  步骤4: 发送邮件报告...
2026-07-31 19:10:09  步骤4完成: 邮件已发送
2026-07-31 19:10:09  ===== 全部完成 2026-07-31 =====
