2026-08-07 15:53:55  ===== 开始每日指标任务 2026-08-07 =====
2026-08-07 15:53:55  步骤1: 获取 A股市值前100…
2026-08-07 15:53:55  步骤1完成 -> C:\Users\hailo\Desktop\每周自动指标\output\2026-08-07\top100_2026-08-07.csv
2026-08-07 15:53:55  步骤2: 计算 KDJ-J(日/周/月) 及 PE/PB 历史分位…
2026-08-07 15:53:59  [  1] 688825 长鑫科技  完成  日J=49.28 周J=None 月J=None 价=52.48 涨=1.0%  PE=124.48(40.0%) PB=42.95(40.0%)
2026-08-07 15:54:01  [  2] 601398 工商银行  完成  日J=-11.77 周J=71.21 月J=63.77 价=7.53 涨=-0.53%  PE=7.23(87.44%) PB=0.68(51.82%)
2026-08-07 15:54:02  [  3] 601939 建设银行  完成  日J=-2.04 周J=69.52 月J=77.69 价=10.07 涨=-0.4%  PE=7.71(94.87%) PB=0.74(66.73%)
2026-08-07 15:54:04  [  4] 601288 农业银行  完成  日J=-15.87 周J=75.8 月J=21.9 价=6.47 涨=-0.46%  PE=7.69(89.07%) PB=0.8(75.36%)
2026-08-07 15:54:05  [  5] 600941 中国移动  完成  日J=14.97 周J=89.76 月J=52.08 价=95.5 涨=-0.98%  PE=15.25(39.39%) PB=1.46(29.95%)
2026-08-07 15:54:06  [  6] 601857 中国石油  完成  日J=12.9 周J=109.4 月J=31.26 价=10.77 涨=0.84%  PE=12.46(54.65%) PB=1.21(86.43%)
2026-08-07 15:54:08  [  7] 601988 中国银行  完成  日J=-4.36 周J=65.67 月J=74.33 价=5.77 涨=-0.35%  PE=7.58(92.09%) PB=0.68(73.35%)
2026-08-07 15:54:09  [  8] 300750 宁德时代  完成  日J=16.12 周J=65.41 月J=36.69 价=388.07 涨=0.02%  PE=21.12(15.3%) PB=4.73(28.87%)
2026-08-07 15:54:11  [  9] 600519 贵州茅台  完成  日J=13.56 周J=101.74 月J=41.64 价=1309.22 涨=0.05%  PE=19.79(4.6%) PB=6.04(2.21%)
2026-08-07 15:54:12  [ 10] 600938 中国海油  完成  日J=26.72 周J=65.82 月J=14.16 价=31.33 涨=1.2%  PE=11.95(88.88%) PB=1.78(70.57%)
2026-08-07 15:54:14  [ 11] 601138 工业富联  完成  日J=110.52 周J=34.88 月J=44.65 价=68.18 涨=-0.13%  PE=33.28(91.17%) PB=7.68(94.95%)
2026-08-07 15:54:15  [ 12] 688981 中芯国际  完成  日J=43.57 周J=5.99 月J=47.74 价=128.5 涨=3.5%  PE=218.03(92.32%) PB=7.34(93.88%)
2026-08-07 15:54:16  [ 13] 601628 中国人寿  完成  日J=32.05 周J=82.26 月J=25.89 价=38.57 涨=1.1%  PE=7.53(5.99%) PB=1.82(22.0%)
2026-08-07 15:54:18  [ 14] 300308 中际旭创  完成  日J=62.17 周J=0.39 月J=41.31 价=919.87 涨=-3.68%  PE=71.98(77.56%) PB=30.24(97.27%)
2026-08-07 15:54:19  [ 15] 600036 招商银行  完成  日J=-4.0 周J=94.05 月J=62.29 价=38.8 涨=-0.44%  PE=6.49(23.68%) PB=0.86(8.49%)
2026-08-07 15:54:21  [ 16] 601318 中国平安  完成  日J=-8.08 周J=96.25 月J=10.93 价=53.38 涨=-0.22%  PE=7.28(6.09%) PB=0.95(18.98%)
2026-08-07 15:54:22  [ 17] 601088 中国神华  完成  日J=32.43 周J=65.11 月J=42.86 价=43.94 涨=-0.07%  PE=18.48(96.55%) PB=1.98(88.59%)
2026-08-07 15:54:24  [ 18] 601899 紫金矿业  完成  日J=84.68 周J=112.95 月J=32.93 价=35.15 涨=1.88%  PE=15.15(24.45%) PB=4.74(89.12%)
2026-08-07 15:54:26  [ 19] 002594 比亚迪  完成  日J=-2.91 周J=91.89 月J=41.66 价=90.04 涨=0.66%  PE=29.8(28.43%) PB=3.54(29.48%)
2026-08-07 15:54:27  [ 20] 688256 寒武纪  完成  日J=93.97 周J=7.78 月J=55.56 价=1199.93 涨=2.72%  PE=277.48(82.71%) PB=58.57(93.53%)
2026-08-07 15:54:29  [ 21] 688041 海光信息  完成  日J=73.87 周J=15.11 月J=48.32 价=295.75 涨=1.61%  PE=252.16(92.44%) PB=29.26(94.62%)
2026-08-07 15:54:30  [ 22] 600900 长江电力  完成  日J=-10.75 周J=74.84 月J=81.36 价=27.75 涨=0.0%  PE=18.82(47.46%) PB=2.98(68.02%)
2026-08-07 15:54:31  [ 23] 000333 美的集团  完成  日J=-1.59 周J=81.83 月J=77.67 价=83.5 涨=-2.13%  PE=14.41(49.81%) PB=2.74(37.92%)
2026-08-07 15:54:33  [ 24] 600028 中国石化  完成  日J=14.06 周J=105.02 月J=5.15 价=5.1 涨=0.39%  PE=17.35(85.38%) PB=0.74(34.18%)
2026-08-07 15:54:35  [ 25] 601328 交通银行  完成  日J=-9.92 周J=86.74 月J=65.23 价=6.91 涨=-0.43%  PE=6.33(83.99%) PB=0.52(47.84%)
2026-08-07 15:54:36  [ 26] 601658 邮储银行  完成  日J=-7.53 周J=78.87 月J=35.78 价=4.96 涨=-0.2%  PE=6.78(57.46%) PB=0.58(6.13%)
2026-08-07 15:54:38  [ 27] 300502 新易盛  完成  日J=67.56 周J=7.45 月J=44.69 价=420.95 涨=-0.22%  PE=54.65(55.7%) PB=28.8(96.07%)
2026-08-07 15:54:39  [ 28] 601728 中国电信  完成  日J=11.94 周J=92.77 月J=51.66 价=6.18 涨=-1.9%  PE=17.86(56.74%) PB=1.21(55.24%)
2026-08-07 15:54:41  [ 29] 002371 北方华创  完成  日J=95.08 周J=29.39 月J=58.26 价=751.99 涨=1.28%  PE=97.87(47.36%) PB=13.89(86.86%)
2026-08-07 15:54:42  [ 30] 688347 华虹宏力  完成  日J=55.16 周J=13.52 月J=51.65 价=268.29 涨=3.95%  PE=944.88(80.36%) PB=10.3(96.02%)
2026-08-07 15:54:43  [ 31] 603259 药明康德  完成  日J=101.91 周J=101.9 月J=101.17 价=154.82 涨=8.49%  PE=21.32(29.08%) PB=5.54(48.98%)
2026-08-07 15:54:45  [ 32] 688235 百济神州  完成  日J=86.78 周J=96.25 月J=71.94 价=299.33 涨=11.28%  PE=107.82(91.3%) PB=13.98(87.48%)
2026-08-07 15:54:46  [ 33] 603993 洛阳钼业  完成  日J=89.74 周J=81.49 月J=22.62 价=20.83 涨=2.26%  PE=18.45(31.02%) PB=5.01(96.55%)
2026-08-07 15:54:48  [ 34] 002475 立讯精密  完成  日J=34.16 周J=7.37 月J=32.39 价=56.99 涨=1.95%  PE=25.57(33.51%) PB=4.98(39.31%)
2026-08-07 15:54:52  [ 35] 600030 中信证券  完成  日J=5.03 周J=65.14 月J=82.46 价=27.95 涨=0.11%  PE=12.96(10.74%) PB=1.5(48.47%)
2026-08-07 15:54:53  [ 36] 601998 中信银行  完成  日J=-7.39 周J=82.03 月J=38.65 价=7.46 涨=-1.19%  PE=5.83(62.08%) PB=0.56(51.97%)
2026-08-07 15:54:55  [ 37] 601166 兴业银行  完成  日J=-1.14 周J=91.74 月J=49.18 价=18.34 涨=-0.76%  PE=5.01(36.48%) PB=0.47(7.91%)
2026-08-07 15:54:56  [ 38] 600276 恒瑞医药  完成  日J=73.31 周J=83.43 月J=40.68 价=54.62 涨=4.82%  PE=44.65(6.28%) PB=5.7(4.31%)
2026-08-07 15:54:57  [ 39] 002384 东山精密  完成  日J=88.21 周J=2.02 月J=54.74 价=195.27 涨=4.04%  PE=175.31(96.64%) PB=15.8(97.32%)
2026-08-07 15:54:59  [ 40] 688012 中微公司  完成  日J=65.18 周J=32.66 月J=60.4 价=367.65 涨=1.68%  PE=129.05(70.88%) PB=14.49(77.72%)
2026-08-07 15:55:00  [ 41] 002415 海康威视  完成  日J=58.73 周J=96.92 月J=93.71 价=37.24 涨=-0.56%  PE=20.77(17.55%) PB=4.05(28.62%)
2026-08-07 15:55:02  [ 42] 600183 生益科技  完成  日J=120.71 周J=13.54 月J=53.27 价=139.98 涨=10.0%  PE=86.55(98.56%) PB=18.97(98.56%)
2026-08-07 15:55:04  [ 43] 300059 东方财富  完成  日J=64.0 周J=63.06 月J=31.28 价=19.98 涨=-0.15%  PE=24.12(6.38%) PB=3.31(12.7%)
2026-08-07 15:55:05  [ 44] 601211 国泰海通  完成  日J=-5.05 周J=53.21 月J=45.52 价=17.91 涨=0.28%  PE=14.38(58.2%) PB=0.97(30.35%)
2026-08-07 15:55:06  [ 45] 601319 中国人保  完成  日J=-2.18 周J=85.82 月J=9.42 价=7.09 涨=-0.42%  PE=7.36(7.31%) PB=0.98(20.65%)
2026-08-07 15:55:08  [ 46] 600000 浦发银行  完成  日J=15.84 周J=90.71 月J=24.73 价=9.21 涨=-0.86%  PE=6.1(70.95%) PB=0.41(28.76%)
2026-08-07 15:55:09  [ 47] 601601 中国太保  完成  日J=1.94 周J=99.69 月J=8.39 价=31.47 涨=-0.63%  PE=5.61(1.2%) PB=0.95(9.97%)
2026-08-07 15:55:11  [ 48] 603986 兆易创新  完成  日J=90.5 周J=-9.04 月J=28.75 价=417.05 涨=8.32%  PE=101.81(52.88%) PB=11.58(77.09%)
2026-08-07 15:55:12  [ 49] 688802 沐曦股份-U  完成  日J=50.02 周J=9.91 月J=59.68 价=729.08 涨=0.88%  PE=-444.82(27.1%) PB=22.27(66.45%)
2026-08-07 15:55:13  [ 50] 000858 五 粮 液  完成  日J=15.07 周J=81.83 月J=15.77 价=75.11 涨=0.85%  PE=23.14(33.99%) PB=2.28(1.25%)
2026-08-07 15:55:15  [ 51] 688795 摩尔线程-U  完成  日J=108.92 周J=14.81 月J=26.4 价=597.89 涨=2.03%  PE=-327.18(38.65%) PB=24.4(33.13%)
2026-08-07 15:55:16  [ 52] 601869 长飞光纤  完成  日J=111.13 周J=-2.37 月J=41.43 价=338.69 涨=3.18%  PE=242.32(94.37%) PB=19.7(96.16%)
2026-08-07 15:55:17  [ 53] 300476 胜宏科技  完成  日J=114.6 周J=29.4 月J=24.77 价=280.2 涨=12.01%  PE=58.84(87.97%) PB=15.82(93.24%)
2026-08-07 15:55:19  [ 54] 688008 澜起科技  完成  日J=71.61 周J=6.5 月J=45.72 价=215.52 涨=3.44%  PE=102.85(77.43%) PB=12.62(82.22%)
2026-08-07 15:55:20  [ 55] 688820 盛合晶微  完成  日J=102.54 周J=1.85 月J=27.66 价=140.84 涨=3.36%  PE=266.19(29.33%) PB=18.14(29.33%)
2026-08-07 15:55:21  [ 56] 600150 中国船舶  完成  日J=84.11 周J=49.39 月J=35.54 价=34.85 涨=-0.14%  PE=23.2(26.7%) PB=1.75(24.69%)
2026-08-07 15:55:23  [ 57] 002916 深南电路  完成  日J=112.03 周J=19.14 月J=57.85 价=382.63 涨=8.09%  PE=71.71(98.32%) PB=14.41(94.2%)
2026-08-07 15:55:24  [ 58] 000338 潍柴动力  完成  日J=95.0 周J=61.87 月J=64.96 价=30.15 涨=2.62%  PE=23.04(97.27%) PB=2.73(94.34%)
2026-08-07 15:55:26  [ 59] 002379 宏桥控股  完成  日J=22.71 周J=95.24 月J=11.89 价=19.76 涨=4.77%  PE=13.07(72.96%) PB=4.93(83.41%)
2026-08-07 15:55:27  [ 60] 300408 三环集团  完成  日J=87.86 周J=20.0 月J=60.94 价=127.39 涨=0.31%  PE=88.03(98.9%) PB=11.31(98.9%)
2026-08-07 15:55:29  [ 61] 300394 天孚通信  完成  日J=118.79 周J=15.96 月J=33.93 价=230.68 涨=2.4%  PE=115.86(95.25%) PB=42.08(95.59%)
2026-08-07 15:55:30  [ 62] 601816 京沪高铁  完成  日J=11.34 周J=100.44 月J=82.16 价=5.04 涨=-0.79%  PE=18.47(4.91%) PB=1.17(6.42%)
2026-08-07 15:55:32  [ 63] 601225 陕西煤业  完成  日J=84.41 周J=79.35 月J=63.42 价=25.04 涨=0.64%  PE=15.01(98.42%) PB=2.38(84.42%)
2026-08-07 15:55:33  [ 64] 002463 沪电股份  完成  日J=111.74 周J=21.07 月J=59.08 价=125.87 涨=7.4%  PE=56.3(98.18%) PB=14.43(98.32%)
2026-08-07 15:55:34  [ 65] 600309 万华化学  完成  日J=63.37 周J=102.28 月J=23.16 价=75.72 涨=1.0%  PE=18.01(64.86%) PB=2.13(10.31%)
2026-08-07 15:55:36  [ 66] 300274 阳光电源  完成  日J=77.1 周J=8.68 月J=0.81 价=114.16 涨=6.99%  PE=19.84(40.56%) PB=4.86(48.75%)
2026-08-07 15:55:38  [ 67] 601919 中远海控  完成  日J=28.97 周J=111.91 月J=62.23 价=15.43 涨=0.39%  PE=9.4(58.68%) PB=1.0(32.26%)
2026-08-07 15:55:39  [ 68] 002938 鹏鼎控股  完成  日J=112.05 周J=25.21 月J=66.43 价=101.41 涨=8.06%  PE=63.31(98.43%) PB=6.78(98.27%)
2026-08-07 15:55:40  [ 69] 688808 联讯仪器  完成  日J=104.6 周J=28.51 月J=57.66 价=2220.0 涨=5.97%  PE=834.18(79.17%) PB=222.13(79.17%)
2026-08-07 15:55:42  [ 70] 000725 京东方Ａ  完成  日J=110.36 周J=-1.79 月J=42.4 价=6.07 涨=1.85%  PE=37.79(57.96%) PB=1.65(74.59%)
2026-08-07 15:55:43  [ 71] 000651 格力电器  完成  日J=-9.59 周J=86.94 月J=81.72 价=40.1 涨=-0.37%  PE=7.7(25.89%) PB=1.48(4.46%)
2026-08-07 15:55:45  [ 72] 002714 牧原股份  完成  日J=25.21 周J=88.96 月J=27.3 价=38.47 涨=0.26%  PE=22.71(67.4%) PB=2.57(1.73%)
2026-08-07 15:55:46  [ 73] 000001 平安银行  完成  日J=4.58 周J=95.12 月J=81.89 价=11.19 涨=-0.71%  PE=5.04(28.38%) PB=0.47(6.9%)
2026-08-07 15:55:47  [ 74] 600188 兖矿能源  完成  日J=104.84 周J=43.32 月J=50.29 价=21.33 涨=0.28%  PE=22.41(97.84%) PB=2.8(84.23%)
2026-08-07 15:55:49  [ 75] 600919 江苏银行  完成  日J=43.3 周J=96.61 月J=100.84 价=11.62 涨=-1.11%  PE=5.9(76.46%) PB=0.81(88.21%)
2026-08-07 15:55:50  [ 76] 603288 海天味业  完成  日J=6.26 周J=91.2 月J=56.12 价=36.42 涨=-0.36%  PE=29.27(2.25%) PB=5.07(2.64%)
2026-08-07 15:55:52  [ 77] 002142 宁波银行  完成  日J=5.5 周J=83.63 月J=74.36 价=31.48 涨=-0.82%  PE=6.91(30.11%) PB=0.89(26.85%)
2026-08-07 15:55:53  [ 78] 600690 海尔智家  完成  日J=-6.66 周J=88.94 月J=26.71 价=21.93 涨=-0.86%  PE=10.99(5.85%) PB=1.64(3.88%)
2026-08-07 15:55:55  [ 79] 601066 中信建投  完成  日J=76.43 周J=16.07 月J=56.71 价=26.04 涨=0.35%  PE=17.93(9.32%) PB=2.34(21.77%)
2026-08-07 15:55:56  [ 80] 688072 拓荆科技  完成  日J=54.63 周J=28.57 月J=59.52 价=690.65 涨=1.26%  PE=122.1(77.87%) PB=27.7(97.03%)
2026-08-07 15:55:57  [ 81] 003816 中国广核  完成  日J=-16.99 周J=34.47 月J=15.09 价=3.89 涨=-1.77%  PE=20.71(85.46%) PB=1.56(56.85%)
2026-08-07 15:55:59  [ 82] 301666 大普微-UW  完成  日J=73.55 周J=-5.26 月J=21.24 价=447.87 涨=1.97%  PE=15049.8(28.21%) PB=243.58(28.21%)
2026-08-07 15:56:00  [ 83] 600406 国电南瑞  完成  日J=29.15 周J=89.32 月J=18.58 价=24.12 涨=-0.21%  PE=23.28(27.33%) PB=3.62(34.9%)
2026-08-07 15:56:01  [ 84] 301377 鼎泰高科  完成  日J=107.87 周J=9.75 月J=51.86 价=451.84 涨=5.57%  PE=308.23(97.44%) PB=66.03(97.44%)
2026-08-07 15:56:03  [ 85] 300433 蓝思科技  完成  日J=89.45 周J=-6.4 月J=29.97 价=35.9 涨=3.1%  PE=55.1(83.32%) PB=3.47(80.06%)
2026-08-07 15:56:04  [ 86] 601336 XD新华保  完成  日J=50.81 周J=78.23 月J=8.98 价=60.66 涨=0.48%  PE=5.13(1.2%) PB=1.53(44.58%)
2026-08-07 15:56:06  [ 87] 601668 中国建筑  完成  日J=-13.5 周J=98.76 月J=49.99 价=4.52 涨=-1.09%  PE=4.92(52.35%) PB=0.38(0.53%)
2026-08-07 15:56:07  [ 88] 603268 松发股份  完成  日J=107.64 周J=82.84 月J=91.57 价=183.11 涨=1.73%  PE=53.39(68.65%) PB=17.69(87.25%)
2026-08-07 15:56:09  [ 89] 601898 中煤能源  完成  日J=68.66 周J=39.83 月J=9.97 价=14.03 涨=-1.2%  PE=10.48(51.44%) PB=1.13(88.02%)
2026-08-07 15:56:10  [ 90] 300760 迈瑞医疗  完成  日J=13.83 周J=91.07 月J=28.35 价=151.41 涨=1.11%  PE=23.42(5.27%) PB=4.58(2.16%)
2026-08-07 15:56:11  [ 91] 300604 长川科技  完成  日J=81.64 周J=31.83 月J=64.11 价=283.21 涨=1.68%  PE=116.24(52.73%) PB=35.9(98.95%)
2026-08-07 15:56:13  [ 92] 601985 中国核电  完成  日J=-5.7 周J=49.81 月J=69.34 价=8.8 涨=-0.34%  PE=21.99(83.41%) PB=1.51(26.75%)
2026-08-07 15:56:14  [ 93] 300033 同花顺  完成  日J=95.47 周J=60.09 月J=37.74 价=239.82 涨=0.35%  PE=54.03(54.6%) PB=25.82(96.55%)
2026-08-07 15:56:16  [ 94] 601818 光大银行  完成  日J=-10.97 周J=86.15 月J=42.58 价=3.05 涨=-0.33%  PE=4.76(37.54%) PB=0.36(0.53%)
2026-08-07 15:56:17  [ 95] 600025 华能水电  完成  日J=-5.84 周J=80.55 月J=63.55 价=9.67 涨=-0.82%  PE=21.1(71.67%) PB=2.54(70.66%)
2026-08-07 15:56:19  [ 96] 600031 三一重工  完成  日J=8.22 周J=96.06 月J=30.82 价=19.58 涨=-0.91%  PE=21.38(47.08%) PB=1.99(16.2%)
2026-08-07 15:56:20  [ 97] 600176 中国巨石  完成  日J=113.58 周J=-3.18 月J=39.91 价=44.38 涨=8.83%  PE=46.48(98.56%) PB=5.5(98.8%)
2026-08-07 15:56:21  [ 98] 001399 惠科股份  完成  日J=53.71 周J=-3.46 月J=None 价=23.76 涨=-0.46%  PE=46.5(19.35%) PB=6.67(19.35%)
2026-08-07 15:56:22  [ 99] 001248 华润新能  完成  日J=9.76 周J=6.0 月J=None 价=13.18 涨=-1.05%  PE=32.68(44.44%) PB=1.9(44.44%)
2026-08-07 15:56:24  [100] 002352 顺丰控股  完成  日J=-12.28 周J=85.16 月J=38.31 价=33.3 涨=-1.25%  PE=15.37(1.2%) PB=1.75(1.2%)
2026-08-07 15:56:24  全部完成，结果已写入 C:\Users\hailo\Desktop\每周自动指标\output\2026-08-07\metrics_2026-08-07.csv
2026-08-07 15:56:24  步骤2完成 -> C:\Users\hailo\Desktop\每周自动指标\output\2026-08-07\metrics_2026-08-07.csv
2026-08-07 15:56:24  步骤3: 生成 HTML 总结报告…
2026-08-07 15:56:24  步骤3完成 -> C:\Users\hailo\Desktop\每周自动指标\output\2026-08-07\report_2026-08-07.html
2026-08-07 15:56:24  步骤4: 发送邮件报告…
2026-08-07 15:56:26  步骤4完成: 邮件已发送
2026-08-07 15:56:26  ===== 全部完成 2026-08-07 =====
2026-08-07 19:00:12  今日(2026-08-07)已完成，跳过。结果目录: C:\Users\hailo\Desktop\每周自动指标\output\2026-08-07
2026-08-07 20:35:34  今日(2026-08-07)已完成，跳过。结果目录: C:\Users\hailo\Desktop\每周自动指标\output\2026-08-07
2026-08-07 20:35:49  今日(2026-08-07)已完成，跳过。结果目录: C:\Users\hailo\Desktop\每周自动指标\output\2026-08-07
