2026-08-19 20:37:44  ===== 开始每日指标任务 2026-08-19 =====
2026-08-19 20:37:45  步骤1: 获取 A股市值前100…
2026-08-19 20:40:21  任务失败: ConnectionError: HTTPSConnectionPool(host='1.push2.eastmoney.com', port=443): Max retries exceeded with url: /api/qt/clist/get?pn=1&pz=100&po=1&np=1&fltt=2&invt=2&fid=f20&fs=m%3A0+t%3A6%2Cm%3A0+t%3A80%2Cm%3A1+t%3A2%2Cm%3A1+t%3A23%2Cm%3A0+t%3A81+s%3A2048&fields=f12%2Cf14%2Cf2%2Cf20%2Cf21 (Caused by NameResolutionError("HTTPSConnection(host='1.push2.eastmoney.com', port=443): Failed to resolve '1.push2.eastmoney.com' ([Errno 11001] getaddrinfo failed)"))
2026-08-19 20:49:37  ===== 开始每日指标任务 2026-08-19 =====
2026-08-19 20:49:37  步骤1: 获取 A股市值前100…
2026-08-19 20:49:38  步骤1完成 -> C:\Users\hailo\Desktop\每周自动指标\output\2026-08-19\top100_2026-08-19.csv
2026-08-19 20:49:38  步骤2: 计算 KDJ-J(日/周/月) 及 PE/PB 历史分位…
2026-08-19 20:49:41  [  1] 688825 长鑫科技  完成  日J=81.21 周J=None 月J=None 价=57.55 涨=-2.77%  PE=136.51(88.89%) PB=47.1(88.89%)
2026-08-19 20:49:42  [  2] 601398 工商银行  完成  日J=107.48 周J=67.48 月J=77.97 价=7.8 涨=1.69%  PE=7.49(92.45%) PB=0.71(61.75%)
2026-08-19 20:49:44  [  3] 601939 建设银行  完成  日J=109.17 周J=73.92 月J=91.7 价=10.55 涨=1.15%  PE=8.07(97.28%) PB=0.78(72.4%)
2026-08-19 20:49:46  [  4] 601288 农业银行  完成  日J=109.99 周J=75.68 月J=33.28 价=6.77 涨=2.58%  PE=8.05(92.02%) PB=0.84(83.33%)
2026-08-19 20:49:47  [  5] 600941 中国移动  完成  日J=59.57 周J=100.12 月J=58.56 价=97.17 涨=1.49%  PE=15.99(54.2%) PB=1.48(34.46%)
2026-08-19 20:49:49  [  6] 601857 中国石油  完成  日J=90.72 周J=111.64 月J=38.31 价=11.21 涨=2.66%  PE=12.97(57.21%) PB=1.26(93.55%)
2026-08-19 20:49:50  [  7] 601988 中国银行  完成  日J=110.85 周J=87.59 月J=97.07 价=6.08 涨=0.83%  PE=7.99(99.0%) PB=0.72(86.01%)
2026-08-19 20:49:52  [  8] 300750 宁德时代  完成  日J=41.34 周J=81.57 月J=37.96 价=389.0 涨=-1.83%  PE=21.17(15.59%) PB=4.74(29.26%)
2026-08-19 20:49:54  [  9] 600519 贵州茅台  完成  日J=19.1 周J=96.5 月J=41.37 价=1307.88 涨=0.76%  PE=20.08(7.74%) PB=6.51(3.15%)
2026-08-19 20:49:55  [ 10] 600938 中国海油  完成  日J=88.97 周J=107.12 月J=22.82 价=33.35 涨=-0.68%  PE=12.72(91.15%) PB=1.89(79.54%)
2026-08-19 20:49:57  [ 11] 601138 工业富联  完成  日J=3.68 周J=43.12 月J=31.52 价=61.83 涨=-6.6%  PE=26.15(86.78%) PB=6.98(90.95%)
2026-08-19 20:49:58  [ 12] 688981 中芯国际  完成  日J=61.5 周J=10.31 月J=47.29 价=128.01 涨=-5.16%  PE=217.2(91.89%) PB=7.32(93.58%)
2026-08-19 20:49:59  [ 13] 300308 中际旭创  完成  日J=58.95 周J=6.22 月J=39.24 价=895.6 涨=-9.36%  PE=70.08(75.93%) PB=29.44(96.85%)
2026-08-19 20:50:01  [ 14] 601628 中国人寿  完成  日J=14.0 周J=47.7 月J=19.03 价=36.84 涨=-0.3%  PE=7.19(3.92%) PB=1.74(11.8%)
2026-08-19 20:50:02  [ 15] 601088 中国神华  完成  日J=110.79 周J=103.44 月J=58.98 价=46.52 涨=1.79%  PE=19.57(99.24%) PB=2.1(97.33%)
2026-08-19 20:50:04  [ 16] 600036 招商银行  完成  日J=69.36 周J=82.9 月J=65.99 价=39.15 涨=2.25%  PE=6.55(25.69%) PB=0.87(10.41%)
2026-08-19 20:50:05  [ 17] 601318 中国平安  完成  日J=23.1 周J=70.89 月J=7.08 价=52.08 涨=1.48%  PE=7.1(4.2%) PB=0.93(16.05%)
2026-08-19 20:50:07  [ 18] 601899 紫金矿业  完成  日J=21.47 周J=90.37 月J=23.7 价=32.76 涨=-2.38%  PE=14.12(14.52%) PB=4.42(82.71%)
2026-08-19 20:50:08  [ 19] 002594 比亚迪  完成  日J=12.99 周J=69.59 月J=38.52 价=88.66 涨=-0.97%  PE=29.34(27.46%) PB=3.49(28.41%)
2026-08-19 20:50:10  [ 20] 600900 长江电力  完成  日J=100.87 周J=71.27 月J=91.4 价=28.42 涨=1.07%  PE=19.27(52.67%) PB=3.05(75.98%)
2026-08-19 20:50:11  [ 21] 688256 寒武纪  完成  日J=23.94 周J=-3.94 月J=43.6 价=1050.49 涨=-9.64%  PE=198.08(78.06%) PB=48.69(84.7%)
2026-08-19 20:50:13  [ 22] 000333 美的集团  完成  日J=49.23 周J=71.27 月J=82.09 价=84.72 涨=1.36%  PE=14.62(52.48%) PB=2.78(41.55%)
2026-08-19 20:50:14  [ 23] 601328 交通银行  完成  日J=106.23 周J=85.88 月J=80.62 价=7.15 涨=2.0%  PE=6.55(90.4%) PB=0.54(54.58%)
2026-08-19 20:50:16  [ 24] 600028 中国石化  完成  日J=72.27 周J=89.25 月J=6.46 价=5.16 涨=1.98%  PE=17.55(85.72%) PB=0.75(35.72%)
2026-08-19 20:50:17  [ 25] 601728 中国电信  完成  日J=106.3 周J=117.31 月J=68.67 价=6.65 涨=1.22%  PE=19.21(78.93%) PB=1.3(70.99%)
2026-08-19 20:50:18  [ 26] 688041 海光信息  完成  日J=8.93 周J=-6.36 月J=34.26 价=259.74 涨=-7.26%  PE=192.15(68.38%) PB=23.79(82.34%)
2026-08-19 20:50:22  [ 27] 601658 邮储银行  完成  日J=76.03 周J=55.5 月J=37.64 价=4.98 涨=1.01%  PE=6.81(58.9%) PB=0.58(7.52%)
2026-08-19 20:50:24  [ 28] 300502 新易盛  完成  日J=49.39 周J=14.9 月J=42.73 价=411.5 涨=-9.0%  PE=53.42(53.96%) PB=28.15(95.13%)
2026-08-19 20:50:26  [ 29] 002371 北方华创  完成  日J=30.21 周J=16.28 月J=52.69 价=712.95 涨=-8.24%  PE=92.79(45.61%) PB=13.17(83.52%)
2026-08-19 20:50:27  [ 30] 603259 药明康德  完成  日J=87.92 周J=100.49 月J=97.51 价=164.0 涨=-1.9%  PE=22.58(33.08%) PB=5.87(51.22%)
2026-08-19 20:50:29  [ 31] 601998 中信银行  完成  日J=110.84 周J=106.99 月J=73.62 价=8.16 涨=4.48%  PE=6.38(82.09%) PB=0.61(68.15%)
2026-08-19 20:50:30  [ 32] 688235 百济神州  完成  日J=45.86 周J=83.84 月J=63.89 价=287.56 涨=-2.12%  PE=103.58(89.86%) PB=13.43(82.63%)
2026-08-19 20:50:32  [ 33] 600030 中信证券  完成  日J=16.62 周J=17.54 月J=72.92 价=27.15 涨=-0.88%  PE=12.59(7.64%) PB=1.46(43.84%)
2026-08-19 20:50:35  [ 34] 002475 立讯精密  完成  日J=35.29 周J=1.66 月J=25.09 价=53.5 涨=-7.34%  PE=24.05(26.03%) PB=4.69(31.14%)
2026-08-19 20:50:36  [ 35] 688347 华虹宏力  完成  日J=10.39 周J=-5.5 月J=42.97 价=233.0 涨=-11.92%  PE=820.59(77.58%) PB=8.95(93.48%)
2026-08-19 20:50:37  [ 36] 601166 兴业银行  完成  日J=48.03 周J=74.32 月J=47.27 价=18.24 涨=2.18%  PE=4.98(34.91%) PB=0.47(7.4%)
2026-08-19 20:50:39  [ 37] 603993 洛阳钼业  完成  日J=-1.55 周J=39.0 月J=4.96 价=18.0 涨=-4.36%  PE=15.94(19.05%) PB=4.29(87.73%)
2026-08-19 20:50:40  [ 38] 002384 东山精密  完成  日J=63.69 周J=18.89 月J=55.4 价=197.1 涨=-7.82%  PE=176.96(96.47%) PB=15.95(97.09%)
2026-08-19 20:50:42  [ 39] 688012 中微公司  完成  日J=61.12 周J=26.15 月J=61.43 价=372.0 涨=-6.61%  PE=130.57(71.42%) PB=11.86(73.34%)
2026-08-19 20:50:43  [ 40] 600276 恒瑞医药  完成  日J=8.31 周J=56.65 月J=33.2 价=52.66 涨=0.55%  PE=43.05(4.49%) PB=5.42(2.87%)
2026-08-19 20:50:45  [ 41] 688836 N宇树-W  完成  日J=None 周J=None 月J=None  PE=584.99(100.0%) PB=118.67(100.0%)
2026-08-19 20:50:47  [ 42] 601211 国泰海通  完成  日J=31.02 周J=21.46 月J=45.0 价=17.86 涨=0.62%  PE=9.71(4.63%) PB=0.95(28.27%)
2026-08-19 20:50:48  [ 43] 002415 海康威视  完成  日J=-2.98 周J=48.96 月J=74.47 价=33.89 涨=-2.14%  PE=18.9(7.16%) PB=3.68(18.67%)
2026-08-19 20:50:50  [ 44] 600183 生益科技  完成  日J=13.24 周J=24.56 月J=45.29 价=125.47 涨=-10.0%  PE=58.67(94.17%) PB=16.47(97.61%)
2026-08-19 20:50:51  [ 45] 601319 中国人保  完成  日J=19.47 周J=47.2 月J=5.01 价=6.88 涨=-0.43%  PE=7.14(4.89%) PB=0.95(12.11%)
2026-08-19 20:50:53  [ 46] 300394 天孚通信  完成  日J=87.68 周J=63.98 月J=47.55 价=277.4 涨=-4.82%  PE=130.3(96.56%) PB=48.43(98.04%)
2026-08-19 20:50:54  [ 47] 600000 浦发银行  完成  日J=13.46 周J=71.58 月J=22.2 价=9.08 涨=1.23%  PE=5.9(64.61%) PB=0.4(26.6%)
2026-08-19 20:50:56  [ 48] 300059 东方财富  完成  日J=-8.68 周J=14.95 月J=19.69 价=18.73 涨=-2.6%  PE=22.61(3.39%) PB=3.1(9.17%)
2026-08-19 20:50:57  [ 49] 688802 沐曦股份-U  完成  日J=52.38 周J=9.24 月J=59.67 价=729.0 涨=-5.34%  PE=-444.77(28.83%) PB=22.27(65.03%)
2026-08-19 20:50:59  [ 50] 601601 中国太保  完成  日J=19.54 周J=65.44 月J=3.49 价=30.2 涨=0.73%  PE=5.39(1.0%) PB=0.91(7.12%)
2026-08-19 20:51:00  [ 51] 601869 长飞光纤  完成  日J=46.68 周J=17.91 月J=42.41 价=345.24 涨=-10.0%  PE=247.0(94.19%) PB=20.08(95.97%)
2026-08-19 20:51:01  [ 52] 603986 兆易创新  完成  日J=48.92 周J=-2.69 月J=27.16 价=403.71 涨=-7.56%  PE=35.73(11.89%) PB=7.6(45.51%)
2026-08-19 20:51:03  [ 53] 000858 五 粮 液  完成  日J=-4.49 周J=56.02 月J=10.27 价=71.89 涨=-0.92%  PE=22.15(28.65%) PB=2.18(0.19%)
2026-08-19 20:51:04  [ 54] 688820 盛合晶微  完成  日J=51.94 周J=12.74 月J=27.73 价=141.0 涨=-8.22%  PE=266.49(36.14%) PB=13.61(31.33%)
2026-08-19 20:51:06  [ 55] 688795 摩尔线程-U  完成  日J=9.93 周J=4.73 月J=17.54 价=548.0 涨=-5.34%  PE=-347.41(32.16%) PB=21.15(1.75%)
2026-08-19 20:51:08  [ 56] 601919 中远海控  完成  日J=110.21 周J=111.13 月J=87.18 价=16.55 涨=1.47%  PE=10.09(61.41%) PB=1.07(42.22%)
2026-08-19 20:51:09  [ 57] 600150 中国船舶  完成  日J=-1.6 周J=26.2 月J=25.63 价=33.14 涨=-1.05%  PE=22.06(25.84%) PB=1.67(19.01%)
2026-08-19 20:51:11  [ 58] 601225 陕西煤业  完成  日J=58.83 周J=99.3 月J=69.08 价=25.59 涨=0.35%  PE=15.34(98.76%) PB=2.43(86.96%)
2026-08-19 20:51:12  [ 59] 000338 潍柴动力  完成  日J=10.37 周J=73.73 月J=59.35 价=28.38 涨=-6.98%  PE=21.69(94.79%) PB=2.57(87.39%)
2026-08-19 20:51:14  [ 60] 688008 澜起科技  完成  日J=28.81 周J=4.02 月J=40.24 价=200.0 涨=-8.26%  PE=95.44(69.44%) PB=11.71(75.49%)
2026-08-19 20:51:15  [ 61] 601816 京沪高铁  完成  日J=36.14 周J=90.23 月J=82.62 价=4.95 涨=1.02%  PE=18.14(3.01%) PB=1.15(3.94%)
2026-08-19 20:51:17  [ 62] 002379 宏桥控股  完成  日J=3.88 周J=78.04 月J=7.08 价=18.55 涨=-3.39%  PE=12.26(71.92%) PB=4.62(82.38%)
2026-08-19 20:51:18  [ 63] 300476 胜宏科技  完成  日J=19.74 周J=41.7 月J=12.72 价=245.38 涨=-8.92%  PE=51.53(84.15%) PB=13.86(89.21%)
2026-08-19 20:51:20  [ 64] 002916 深南电路  完成  日J=15.71 周J=26.2 月J=47.97 价=343.93 涨=-9.93%  PE=64.46(95.22%) PB=12.95(91.07%)
2026-08-19 20:51:21  [ 65] 000651 格力电器  完成  日J=78.91 周J=81.61 月J=97.0 价=41.32 涨=3.15%  PE=7.93(36.1%) PB=1.52(6.45%)
2026-08-19 20:51:23  [ 66] 600309 万华化学  完成  日J=3.83 周J=74.73 月J=18.48 价=73.89 涨=0.85%  PE=17.57(62.08%) PB=2.08(9.17%)
2026-08-19 20:51:25  [ 67] 300274 阳光电源  完成  日J=53.38 周J=18.29 月J=-1.45 价=111.49 涨=-5.55%  PE=19.38(37.87%) PB=4.75(46.18%)
2026-08-19 20:51:26  [ 68] 688808 联讯仪器  完成  日J=52.73 周J=52.88 月J=57.7 价=2221.02 涨=-6.37%  PE=834.56(77.5%) PB=222.23(77.5%)
2026-08-19 20:51:28  [ 69] 002714 牧原股份  完成  日J=42.74 周J=86.27 月J=28.77 价=38.84 涨=-2.73%  PE=22.92(67.62%) PB=2.6(2.05%)
2026-08-19 20:51:29  [ 70] 000725 京东方Ａ  完成  日J=60.14 周J=-0.33 月J=41.58 价=6.01 涨=-7.11%  PE=37.42(57.69%) PB=1.64(73.78%)
2026-08-19 20:51:31  [ 71] 600919 江苏银行  完成  日J=82.48 周J=105.87 月J=108.48 价=11.95 涨=2.05%  PE=6.07(81.28%) PB=0.81(88.59%)
2026-08-19 20:51:32  [ 72] 300408 三环集团  完成  日J=-2.54 周J=22.67 月J=51.02 价=109.6 涨=-11.61%  PE=76.08(97.52%) PB=9.77(97.52%)
2026-08-19 20:51:34  [ 73] 600188 兖矿能源  完成  日J=64.73 周J=92.0 月J=52.76 价=21.8 涨=-2.77%  PE=22.9(98.23%) PB=2.86(87.44%)
2026-08-19 20:51:35  [ 74] 000001 平安银行  完成  日J=39.68 周J=84.15 月J=85.61 价=11.27 涨=1.99%  PE=5.03(28.13%) PB=0.47(6.92%)
2026-08-19 20:51:37  [ 75] 002463 沪电股份  完成  日J=19.84 周J=23.91 月J=48.74 价=113.41 涨=-8.24%  PE=50.73(95.89%) PB=13.0(97.37%)
2026-08-19 20:51:38  [ 76] 002142 宁波银行  完成  日J=98.83 周J=102.84 月J=89.55 价=32.98 涨=1.6%  PE=7.24(34.67%) PB=0.9(28.18%)
2026-08-19 20:51:40  [ 77] 603288 海天味业  完成  日J=5.13 周J=61.31 月J=47.61 价=35.32 涨=-0.65%  PE=28.39(1.53%) PB=4.92(1.53%)
2026-08-19 20:51:41  [ 78] 600690 海尔智家  完成  日J=52.48 周J=70.66 月J=27.05 价=21.97 涨=1.48%  PE=11.01(6.21%) PB=1.65(4.15%)
2026-08-19 20:51:43  [ 79] 002938 鹏鼎控股  完成  日J=8.94 周J=22.7 月J=52.69 价=87.36 涨=-7.82%  PE=53.44(96.72%) PB=5.89(91.3%)
2026-08-19 20:51:44  [ 80] 688072 拓荆科技  完成  日J=51.1 周J=23.43 月J=59.45 价=690.0 涨=-8.66%  PE=121.98(77.28%) PB=27.68(96.48%)
2026-08-19 20:51:46  [ 81] 003816 中国广核  完成  日J=46.85 周J=37.17 月J=17.04 价=3.92 涨=1.29%  PE=20.87(86.24%) PB=1.57(59.3%)
2026-08-19 20:51:47  [ 82] 601066 中信建投  完成  日J=13.06 周J=-7.95 月J=49.9 价=25.12 涨=-1.22%  PE=15.5(1.11%) PB=2.22(15.08%)
2026-08-19 20:51:49  [ 83] 300433 蓝思科技  完成  日J=67.74 周J=4.59 月J=30.55 价=36.15 涨=-7.59%  PE=55.48(83.29%) PB=3.49(80.8%)
2026-08-19 20:51:50  [ 84] 601898 中煤能源  完成  日J=66.08 周J=87.51 月J=13.06 价=14.34 涨=-0.21%  PE=10.71(55.01%) PB=1.16(91.21%)
2026-08-19 20:51:52  [ 85] 688498 源杰科技  完成  日J=76.65 周J=43.27 月J=62.18 价=1518.1 涨=-5.91%  PE=530.84(71.36%) PB=74.86(97.07%)
2026-08-19 20:51:53  [ 86] 600406 国电南瑞  完成  日J=25.18 周J=69.42 月J=13.99 价=23.51 涨=-0.13%  PE=22.7(19.82%) PB=3.53(28.56%)
2026-08-19 20:51:54  [ 87] 603268 松发股份  完成  日J=58.85 周J=93.37 月J=88.22 价=179.5 涨=-2.87%  PE=52.34(65.85%) PB=17.34(86.68%)
2026-08-19 20:51:56  [ 88] 300760 迈瑞医疗  完成  日J=25.11 周J=77.69 月J=27.61 价=150.63 涨=0.05%  PE=23.29(4.78%) PB=4.55(2.15%)
2026-08-19 20:51:58  [ 89] 301377 鼎泰高科  完成  日J=32.08 周J=20.05 月J=48.86 价=429.93 涨=-8.72%  PE=293.28(96.59%) PB=58.37(96.15%)
2026-08-19 20:51:59  [ 90] 601668 中国建筑  完成  日J=17.93 周J=63.15 月J=41.92 价=4.41 涨=1.15%  PE=4.8(46.32%) PB=0.37(0.38%)
2026-08-19 20:52:01  [ 91] 600025 华能水电  完成  日J=54.31 周J=66.32 月J=67.41 价=9.76 涨=1.14%  PE=21.29(73.78%) PB=2.56(72.4%)
2026-08-19 20:52:02  [ 92] 301666 大普微-UW  完成  日J=28.61 周J=0.04 月J=17.88 价=416.8 涨=-10.58%  PE=14005.76(19.77%) PB=226.68(19.77%)
2026-08-19 20:52:03  [ 93] 601985 中国核电  完成  日J=17.85 周J=31.61 月J=66.17 价=8.76 涨=-0.68%  PE=21.89(82.66%) PB=1.5(25.5%)
2026-08-19 20:52:05  [ 94] 601336 新华保险  完成  日J=8.43 周J=34.32 月J=1.41 价=57.66 涨=-0.48%  PE=4.87(0.33%) PB=1.46(40.07%)
2026-08-19 20:52:06  [ 95] 601818 光大银行  完成  日J=8.97 周J=54.91 月J=36.55 价=3.0 涨=0.67%  PE=4.69(35.24%) PB=0.35(0.48%)
2026-08-19 20:52:08  [ 96] 300604 长川科技  完成  日J=35.77 周J=19.62 月J=61.63 价=273.0 涨=-9.31%  PE=112.05(50.86%) PB=34.6(98.42%)
2026-08-19 20:52:09  [ 97] 601766 中国中车  完成  日J=113.7 周J=97.92 月J=44.37 价=6.09 涨=0.83%  PE=12.94(8.4%) PB=0.99(12.46%)
2026-08-19 20:52:11  [ 98] 600031 三一重工  完成  日J=29.43 周J=65.21 月J=24.17 价=18.93 涨=-0.21%  PE=20.67(45.37%) PB=1.92(11.27%)
2026-08-19 20:52:12  [ 99] 600989 宝丰能源  完成  日J=49.88 周J=90.46 月J=17.59 价=23.66 涨=0.47%  PE=11.3(0.28%) PB=3.14(57.2%)
2026-08-19 20:52:14  [100] 001399 惠科股份  完成  日J=29.29 周J=-1.75 月J=None 价=23.33 涨=-8.94%  PE=45.66(15.38%) PB=6.54(15.38%)
2026-08-19 20:52:14  全部完成，结果已写入 C:\Users\hailo\Desktop\每周自动指标\output\2026-08-19\metrics_2026-08-19.csv
2026-08-19 20:52:14  步骤2完成 -> C:\Users\hailo\Desktop\每周自动指标\output\2026-08-19\metrics_2026-08-19.csv
2026-08-19 20:52:14  步骤3: 生成 HTML 总结报告…
2026-08-19 20:52:14  步骤3完成 -> C:\Users\hailo\Desktop\每周自动指标\output\2026-08-19\report_2026-08-19.html
2026-08-19 20:52:14  步骤4: 生成个股股价走势图（含每日信号）…
2026-08-19 20:52:15  步骤4完成 -> C:\Users\hailo\Desktop\每周自动指标\output\stock_charts.html
2026-08-19 20:52:15  步骤5: 发送邮件报告…
2026-08-19 20:52:16  步骤5完成: 邮件已发送
2026-08-19 20:52:16  ===== 全部完成 2026-08-19 =====
