2026-09-15 21:46:47  ===== 开始每日指标任务 2026-09-15 =====
2026-09-15 21:46:47  步骤1: 获取 A股市值前100…
2026-09-15 21:46:49  步骤1完成 -> /home/runner/work/daily-stock-metrics/daily-stock-metrics/output/2026-09-15/top100_2026-09-15.csv
2026-09-15 21:46:49  步骤2: 计算 KDJ-J(日/周/月) 及 PE/PB 历史分位…
2026-09-15 21:46:49  观察池: 共111只(含历史追踪11只) -> /home/runner/work/daily-stock-metrics/daily-stock-metrics/output/2026-09-15/tracked_2026-09-15.csv
2026-09-15 21:46:49  待处理 111 条，并发数 8
2026-09-15 21:46:53  [  1] 688825 长鑫科技  完成  日J=0.41 周J=71.86 月J=None MA20=56.779 MA60=None 多头=None 价=54.22 涨=-0.5%  PE=44.99(2.7%) PB=27.32(40.54%)
2026-09-15 21:46:53  [  7] 601857 中国石油  完成  日J=25.86 周J=71.74 月J=44.23 MA20=11.194 MA60=10.502 多头=1 价=11.11 涨=0.63%  PE=11.55(49.31%) PB=1.24(90.53%)
2026-09-15 21:46:53  [  2] 601398 工商银行  完成  日J=72.43 周J=89.71 月J=101.12 MA20=7.994 MA60=7.669 多头=1 价=8.13 涨=-1.09%  PE=7.74(95.84%) PB=0.73(69.95%)
2026-09-15 21:46:54  [  5] 600941 中国移动  完成  日J=12.0 周J=73.57 月J=85.59 MA20=98.289 MA60=94.814 多头=1 价=97.79 涨=-0.38%  PE=16.09(57.51%) PB=1.49(36.26%)
2026-09-15 21:46:54  [  8] 600519 贵州茅台  完成  日J=1.85 周J=20.57 月J=35.34 MA20=1296.301 MA60=1278.524 多头=1 价=1272.75 涨=-0.41%  PE=19.54(3.08%) PB=6.33(2.37%)
2026-09-15 21:46:54  [  4] 601288 农业银行  完成  日J=60.44 周J=86.17 月J=57.69 MA20=6.879 MA60=6.579 多头=1 价=6.9 涨=-1.43%  PE=8.11(92.29%) PB=0.84(84.57%)
2026-09-15 21:46:54  [  3] 601939 建设银行  完成  日J=64.93 周J=87.52 月J=101.93 MA20=10.814 MA60=10.306 多头=1 价=10.93 涨=-1.62%  PE=8.25(97.4%) PB=0.8(74.11%)
2026-09-15 21:46:55  [  9] 600938 中国海油  完成  日J=32.65 周J=79.56 月J=30.99 MA20=33.814 MA60=31.413 多头=1 价=33.45 涨=-1.36%  PE=11.49(84.86%) PB=1.86(76.54%)
2026-09-15 21:46:55  [  6] 601988 中国银行  完成  日J=65.37 周J=92.33 月J=104.3 MA20=6.376 MA60=6.017 多头=1 价=6.57 涨=-1.05%  PE=8.5(99.86%) PB=0.77(94.32%)
2026-09-15 21:46:56  [ 11] 601138 工业富联  完成  日J=-7.18 周J=57.54 月J=31.96 MA20=62.96 MA60=63.694 多头=0 价=60.8 涨=-1.25%  PE=25.72(85.76%) PB=6.86(89.75%)
2026-09-15 21:46:56  [ 12] 601628 中国人寿  完成  日J=8.0 周J=14.49 月J=27.31 MA20=38.123 MA60=38.136 多头=0 价=37.62 涨=-1.72%  PE=4.29(0.05%) PB=1.6(5.11%)
2026-09-15 21:46:56  [ 10] 300750 宁德时代  完成  日J=13.43 周J=-8.77 月J=-5.95 MA20=358.164 MA60=375.026 多头=0 价=316.36 涨=-6.16%  PE=17.22(4.33%) PB=3.86(3.49%)
2026-09-15 21:46:56  [ 13] 600036 招商银行  完成  日J=58.88 周J=93.05 月J=99.05 MA20=40.408 MA60=38.678 多头=1 价=41.1 涨=-1.75%  PE=6.83(32.84%) PB=0.91(17.04%)
2026-09-15 21:46:57  [ 15] 300308 中际旭创  完成  日J=59.19 周J=18.15 月J=26.49 MA20=872.891 MA60=996.775 多头=0 价=864.01 涨=-1.03%  PE=49.76(54.71%) PB=25.53(95.31%)
2026-09-15 21:46:57  [ 16] 688981 中芯国际  完成  日J=-1.56 周J=-7.06 月J=29.78 MA20=122.465 MA60=135.645 多头=0 价=114.86 涨=0.69%  PE=136.45(63.28%) PB=5.74(81.71%)
2026-09-15 21:46:57  [ 14] 601088 中国神华  完成  日J=52.87 周J=77.19 月J=76.12 MA20=47.273 MA60=44.389 多头=1 价=46.98 涨=-0.47%  PE=18.88(96.69%) PB=2.26(98.44%)
2026-09-15 21:46:58  [ 17] 601318 中国平安  完成  日J=-11.52 周J=64.44 月J=23.44 MA20=54.645 MA60=52.002 多头=1 价=53.9 涨=-1.52%  PE=6.13(0.09%) PB=0.95(19.4%)
2026-09-15 21:46:59  [ 20] 600900 长江电力  完成  日J=82.19 周J=47.43 月J=90.65 MA20=28.24 MA60=27.865 多头=1 价=28.5 涨=-0.45%  PE=19.26(52.86%) PB=3.23(85.99%)
2026-09-15 21:46:59  [ 18] 601899 紫金矿业  完成  日J=6.82 周J=56.64 月J=30.03 MA20=33.563 MA60=31.065 多头=1 价=31.68 涨=-1.77%  PE=12.45(5.82%) PB=4.17(77.52%)
2026-09-15 21:46:59  [ 19] 002594 比亚迪  完成  日J=34.38 周J=-0.65 月J=25.44 MA20=88.108 MA60=88.762 多头=0 价=84.3 涨=-1.32%  PE=26.11(22.57%) PB=3.2(25.22%)
2026-09-15 21:46:59  [ 21] 688256 寒武纪  完成  日J=42.16 周J=21.61 月J=38.3 MA20=1054.883 MA60=1199.695 多头=0 价=1075.79 涨=3.44%  PE=203.03(78.14%) PB=49.91(86.7%)
2026-09-15 21:47:00  [ 23] 000333 美的集团  完成  日J=64.38 周J=74.51 月J=95.47 MA20=86.341 MA60=83.464 多头=1 价=87.23 涨=0.5%  PE=15.0(55.37%) PB=3.14(51.87%)
2026-09-15 21:47:01  [ 24] 601658 邮储银行  完成  日J=21.91 周J=75.58 月J=83.89 MA20=5.261 MA60=5.081 多头=1 价=5.39 涨=-1.1%  PE=7.22(77.47%) PB=0.62(26.07%)
2026-09-15 21:47:01  [ 26] 601728 中国电信  完成  日J=72.19 周J=79.15 月J=69.57 MA20=6.255 MA60=5.95 多头=1 价=6.28 涨=0.32%  PE=19.31(78.6%) PB=1.22(58.18%)
2026-09-15 21:47:02  [ 25] 600028 中国石化  完成  日J=-3.09 周J=64.46 月J=17.16 MA20=5.391 MA60=5.104 多头=1 价=5.29 涨=-1.49%  PE=17.78(85.57%) PB=0.76(36.73%)
2026-09-15 21:47:02  [ 27] 300502 新易盛  完成  日J=39.48 周J=20.01 月J=30.04 MA20=406.531 MA60=461.256 多头=0 价=397.01 涨=-1.22%  PE=42.21(34.07%) PB=22.79(91.01%)
2026-09-15 21:47:02  [ 29] 601998 中信银行  完成  日J=75.09 周J=107.37 月J=101.7 MA20=8.724 MA60=7.864 多头=1 价=8.98 涨=0.45%  PE=6.97(92.38%) PB=0.67(77.9%)
2026-09-15 21:47:02  [ 28] 688041 海光信息  完成  日J=1.43 周J=-6.18 月J=6.29 MA20=240.297 MA60=290.484 多头=0 价=224.6 涨=0.41%  PE=166.16(55.19%) PB=20.57(71.8%)
2026-09-15 21:47:02  [ 30] 603259 药明康德  完成  日J=83.71 周J=63.7 月J=84.97 MA20=157.172 MA60=140.476 多头=1 价=156.67 涨=-1.38%  PE=21.92(31.55%) PB=5.7(50.05%)
2026-09-15 21:47:03  [ 32] 688347 华虹宏力  完成  日J=3.75 周J=-10.51 月J=31.84 MA20=233.179 MA60=280.737 多头=0 价=214.6 涨=1.84%  PE=590.26(67.02%) PB=8.75(92.58%)
2026-09-15 21:47:04  [ 31] 002371 北方华创  完成  日J=37.26 周J=-1.15 月J=35.44 MA20=674.233 MA60=733.727 多头=0 价=638.16 涨=1.94%  PE=81.47(41.5%) PB=11.42(76.34%)
2026-09-15 21:47:04  [ 35] 688235 百济神州  完成  日J=38.43 周J=-3.23 月J=47.99 MA20=269.792 MA60=269.129 多头=1 价=253.56 涨=-1.18%  PE=91.34(88.2%) PB=11.04(68.78%)
2026-09-15 21:47:04  [ 34] 002475 立讯精密  完成  日J=-8.31 周J=7.98 月J=15.25 MA20=55.207 MA60=58.961 多头=0 价=51.63 涨=-2.18%  PE=22.45(15.66%) PB=4.29(17.04%)
2026-09-15 21:47:05  [ 22] 601328 交通银行  完成  日J=93.01 周J=102.53 月J=107.97 MA20=7.292 MA60=6.957 多头=1 价=7.56 涨=-0.79%  PE=6.85(93.85%) PB=0.57(66.49%)
2026-09-15 21:47:05  [ 37] 601166 兴业银行  完成  日J=34.59 周J=31.2 月J=38.78 MA20=18.039 MA60=17.896 多头=1 价=17.92 涨=-1.27%  PE=5.03(37.81%) PB=0.45(5.16%)
2026-09-15 21:47:05  [ 36] 601869 长飞光纤  完成  日J=96.83 周J=110.21 月J=60.78 MA20=408.329 MA60=396.358 多头=1 价=462.0 涨=0.51%  PE=111.11(89.49%) PB=23.37(98.54%)
2026-09-15 21:47:06  [ 33] 600030 中信证券  完成  日J=-10.92 周J=-6.43 月J=61.93 MA20=27.416 MA60=27.957 多头=0 价=26.35 涨=-0.98%  PE=10.38(0.05%) PB=1.39(38.29%)
2026-09-15 21:47:07  [ 39] 600183 生益科技  完成  日J=70.68 周J=94.39 月J=63.75 MA20=140.71 MA60=140.383 多头=1 价=150.25 涨=2.91%  PE=70.26(97.4%) PB=19.73(98.91%)
2026-09-15 21:47:07  [ 41] 002384 东山精密  完成  日J=39.15 周J=19.38 月J=47.7 MA20=191.397 MA60=210.447 多头=0 价=182.82 涨=-1.24%  PE=93.41(88.55%) PB=13.74(95.6%)
2026-09-15 21:47:08  [ 42] 688012 中微公司  完成  日J=27.53 周J=13.44 月J=45.08 MA20=349.578 MA60=376.726 多头=0 价=330.6 涨=1.84%  PE=74.85(38.11%) PB=10.54(70.64%)
2026-09-15 21:47:08  [ 43] 601601 中国太保  完成  日J=-8.91 周J=70.27 月J=18.34 MA20=32.38 MA60=30.944 多头=1 价=32.63 涨=-1.0%  PE=5.57(1.66%) PB=0.98(14.1%)
2026-09-15 21:47:09  [ 45] 600000 浦发银行  完成  日J=20.53 周J=49.43 月J=27.82 MA20=9.212 MA60=9.005 多头=1 价=9.18 涨=-2.34%  PE=5.97(66.73%) PB=0.41(28.49%)
2026-09-15 21:47:09  [ 38] 603993 洛阳钼业  完成  日J=10.04 周J=12.65 月J=2.59 MA20=18.612 MA60=18.577 多头=1 价=17.64 涨=-1.4%  PE=13.57(10.98%) PB=4.21(85.71%)
2026-09-15 21:47:10  [ 47] 300059 东方财富  完成  日J=-5.52 周J=-10.73 月J=14.15 MA20=18.948 MA60=19.717 多头=0 价=18.17 涨=-0.27%  PE=19.72(0.24%) PB=2.92(7.05%)
2026-09-15 21:47:10  [ 40] 601319 中国人保  完成  日J=-4.58 周J=73.25 月J=30.19 MA20=7.533 MA60=7.243 多头=1 价=7.73 涨=-1.15%  PE=6.01(0.11%) PB=1.01(27.46%)
2026-09-15 21:47:11  [ 49] 600276 恒瑞医药  完成  日J=28.52 周J=-8.68 月J=-0.01 MA20=46.162 MA60=51.32 多头=0 价=43.13 涨=-0.05%  PE=37.05(1.04%) PB=4.44(0.14%)
2026-09-15 21:47:11  [ 44] 601211 国泰海通  完成  日J=26.86 周J=-1.31 月J=43.78 MA20=17.642 MA60=18.19 多头=0 价=17.5 涨=0.75%  PE=9.52(3.69%) PB=0.93(24.89%)
2026-09-15 21:47:11  [ 46] 002415 海康威视  完成  日J=12.81 周J=0.23 月J=59.49 MA20=34.407 MA60=34.6 多头=0 价=32.77 涨=-1.18%  PE=18.28(5.16%) PB=3.56(14.25%)
2026-09-15 21:47:11  [ 48] 600150 中国船舶  完成  日J=60.23 周J=87.37 月J=52.01 MA20=35.989 MA60=34.867 多头=1 价=38.16 涨=-2.1%  PE=20.48(25.56%) PB=1.88(40.32%)
2026-09-15 21:47:12  [ 51] 000858 五 粮 液  完成  日J=-5.32 周J=-3.9 月J=4.99 MA20=71.167 MA60=72.638 多头=0 价=69.7 涨=-0.21%  PE=20.68(22.05%) PB=2.28(0.28%)
2026-09-15 21:47:12  [ 50] 300394 天孚通信  完成  日J=47.17 周J=85.96 月J=42.67 MA20=260.438 MA60=248.837 多头=1 价=257.38 涨=0.16%  PE=120.9(94.94%) PB=44.93(96.31%)
2026-09-15 21:47:13  [ 52] 002916 深南电路  完成  日J=95.28 周J=84.72 月J=56.33 MA20=362.556 MA60=374.052 多头=0 价=389.72 涨=0.15%  PE=63.7(94.51%) PB=14.72(94.84%)
2026-09-15 21:47:13  [ 53] 603986 兆易创新  完成  日J=6.36 周J=8.28 月J=11.48 MA20=388.106 MA60=477.999 多头=0 价=363.11 涨=1.75%  PE=32.24(10.08%) PB=6.86(40.09%)
2026-09-15 21:47:13  [ 56] 002714 牧原股份  完成  日J=6.87 周J=77.62 月J=54.57 MA20=41.575 MA60=39.4 多头=1 价=42.37 涨=-0.52%  PE=-218.24(13.25%) PB=3.09(12.12%)
2026-09-15 21:47:14  [ 59] 688820 盛合晶微  完成  日J=44.73 周J=22.39 月J=17.93 MA20=128.0 MA60=148.794 多头=0 价=127.83 涨=0.81%  PE=254.68(29.41%) PB=12.34(20.59%)
2026-09-15 21:47:14  [ 54] 300408 三环集团  完成  日J=89.23 周J=79.35 月J=52.86 MA20=113.991 MA60=122.223 多头=0 价=126.21 涨=0.3%  PE=76.06(97.35%) PB=11.13(98.34%)
2026-09-15 21:47:14  [ 55] 601225 陕西煤业  完成  日J=35.43 周J=62.09 月J=84.19 MA20=26.254 MA60=24.612 多头=1 价=25.82 涨=-0.5%  PE=12.27(88.41%) PB=2.48(87.98%)
2026-09-15 21:47:14  [ 57] 601919 中远海控  完成  日J=10.18 周J=48.97 月J=77.39 MA20=16.603 MA60=15.35 多头=1 价=15.98 涨=-0.75%  PE=9.12(56.79%) PB=1.04(39.28%)
2026-09-15 21:47:15  [ 60] 688808 联讯仪器  完成  日J=-7.51 周J=79.89 月J=70.32 MA20=2390.979 MA60=2186.909 多头=1 价=2307.8 涨=-4.32%  PE=346.27(2.02%) PB=69.94(40.4%)
2026-09-15 21:47:15  [ 58] 002463 沪电股份  完成  日J=82.98 周J=83.05 月J=58.27 MA20=120.823 MA60=123.697 多头=0 价=125.82 涨=0.1%  PE=47.82(93.89%) PB=13.46(98.01%)
2026-09-15 21:47:16  [ 62] 002142 宁波银行  完成  日J=72.15 周J=93.72 月J=94.53 MA20=34.384 MA60=32.241 多头=1 价=35.16 涨=-1.68%  PE=7.46(37.53%) PB=0.96(32.37%)
2026-09-15 21:47:16  [ 61] 601816 京沪高铁  完成  日J=19.79 周J=24.12 月J=73.63 MA20=4.871 MA60=4.809 多头=1 价=4.79 涨=-1.03%  PE=17.2(1.11%) PB=1.12(1.42%)
2026-09-15 21:47:16  [ 64] 688008 澜起科技  完成  日J=18.53 周J=6.31 月J=26.3 MA20=197.189 MA60=222.491 多头=0 价=187.83 涨=1.72%  PE=74.58(42.08%) PB=10.65(66.55%)
2026-09-15 21:47:17  [ 66] 600919 江苏银行  完成  日J=49.84 周J=83.21 月J=100.91 MA20=12.214 MA60=11.653 多头=1 价=12.35 涨=-1.59%  PE=6.27(86.18%) PB=0.84(92.19%)
2026-09-15 21:47:17  [ 63] 000001 平安银行  完成  日J=30.57 周J=87.03 月J=106.72 MA20=11.698 MA60=11.153 多头=1 价=11.82 涨=-0.25%  PE=5.28(37.01%) PB=0.49(14.15%)
2026-09-15 21:47:17  [ 68] 000338 潍柴动力  完成  日J=21.72 周J=29.4 月J=44.62 MA20=27.114 MA60=27.606 多头=0 价=26.04 涨=-0.38%  PE=17.32(78.89%) PB=2.34(75.49%)
2026-09-15 21:47:17  [ 65] 600309 万华化学  完成  日J=-6.7 周J=61.39 月J=17.48 MA20=74.959 MA60=72.737 多头=1 价=72.99 涨=-0.71%  PE=13.88(29.25%) PB=2.01(7.34%)
2026-09-15 21:47:17  [ 67] 002379 宏桥控股  完成  日J=-8.54 周J=13.53 月J=3.32 MA20=18.443 MA60=18.022 多头=1 价=17.27 涨=-1.76%  PE=9.12(60.96%) PB=3.89(76.95%)
2026-09-15 21:47:19  [ 69] 300476 胜宏科技  完成  日J=45.44 周J=47.08 月J=5.47 MA20=237.297 MA60=256.985 多头=0 价=226.06 涨=0.47%  PE=44.21(78.7%) PB=5.86(81.4%)
2026-09-15 21:47:19  [ 72] 688498 源杰科技  完成  日J=81.93 周J=89.46 月J=71.94 MA20=1592.813 MA60=1551.575 多头=1 价=1685.15 涨=-0.44%  PE=279.09(51.88%) PB=66.78(96.69%)
2026-09-15 21:47:19  [ 70] 003816 中国广核  完成  日J=17.6 周J=96.04 月J=46.57 MA20=4.196 MA60=4.025 多头=1 价=4.32 涨=-0.46%  PE=21.98(90.42%) PB=1.76(81.02%)
2026-09-15 21:47:19  [ 71] 000651 格力电器  完成  日J=19.18 周J=31.97 月J=85.23 MA20=38.968 MA60=38.068 多头=1 价=38.3 涨=-1.06%  PE=7.7(25.79%) PB=1.44(2.93%)
2026-09-15 21:47:20  [ 75] 603288 海天味业  完成  日J=63.92 周J=0.93 月J=26.84 MA20=34.542 MA60=35.253 多头=0 价=34.07 涨=-0.23%  PE=27.24(0.8%) PB=5.1(2.7%)
2026-09-15 21:47:20  [ 73] 002938 鹏鼎控股  完成  日J=48.65 周J=45.5 月J=52.7 MA20=88.69 MA60=93.131 多头=0 价=88.82 涨=0.66%  PE=54.33(96.34%) PB=5.99(92.11%)
2026-09-15 21:47:20  [ 74] 600188 兖矿能源  完成  日J=-2.34 周J=46.96 月J=51.55 MA20=21.739 MA60=20.327 多头=1 价=20.08 涨=-1.42%  PE=18.85(93.19%) PB=2.62(76.15%)
2026-09-15 21:47:20  [ 76] 603268 松发股份  完成  日J=63.29 周J=96.81 月J=95.68 MA20=189.454 MA60=168.863 多头=1 价=195.65 涨=0.07%  PE=35.49(47.89%) PB=15.26(82.44%)
2026-09-15 21:47:21  [ 82] 688836 宇树科技-W  完成  日J=3.55 周J=-1.71 月J=None MA20=572.702 MA60=None 多头=None 价=469.8 涨=-0.04%  PE=325.24(5.0%) PB=65.98(5.0%)
2026-09-15 21:47:21  [ 78] 000725 京东方Ａ  完成  日J=5.22 周J=-3.73 月J=26.4 MA20=5.708 MA60=6.327 多头=0 价=5.27 涨=-0.57%  PE=24.84(41.93%) PB=1.47(58.92%)
2026-09-15 21:47:21  [ 77] 600690 海尔智家  完成  日J=6.77 周J=47.82 月J=34.46 MA20=21.248 MA60=20.722 多头=1 价=21.17 涨=0.24%  PE=11.04(6.72%) PB=1.65(3.69%)
2026-09-15 21:47:22  [ 81] 688802 沐曦股份-U  完成  日J=3.17 周J=-6.1 月J=19.04 MA20=618.963 MA60=731.043 多头=0 价=475.02 涨=3.02%  PE=21362.88(94.51%) PB=13.7(1.1%)
2026-09-15 21:47:22  [ 83] 688072 拓荆科技  完成  日J=65.06 周J=14.93 月J=48.16 MA20=653.19 MA60=695.398 多头=0 价=649.0 涨=7.99%  PE=87.18(38.1%) PB=14.91(82.73%)
2026-09-15 21:47:23  [ 84] 601898 中煤能源  完成  日J=-6.73 周J=62.67 月J=26.55 MA20=14.811 MA60=13.758 多头=1 价=14.26 涨=-1.11%  PE=10.31(49.17%) PB=1.14(87.6%)
2026-09-15 21:47:23  [ 79] 300760 迈瑞医疗  完成  日J=-15.2 周J=75.26 月J=46.2 MA20=162.291 MA60=151.384 多头=1 价=160.3 涨=0.12%  PE=24.7(11.43%) PB=4.79(4.11%)
2026-09-15 21:47:24  [ 85] 600176 中国巨石  完成  日J=94.23 周J=79.49 月J=36.72 MA20=42.459 MA60=47.417 多头=0 价=47.09 涨=3.97%  PE=41.6(96.45%) PB=5.69(98.96%)
2026-09-15 21:47:24  [ 80] 688801 C燧原-U  完成  日J=None 周J=None 月J=None MA20=None MA60=None 多头=None  PE=-161.5(33.33%) PB=72.43(100.0%)
2026-09-15 21:47:24  [ 87] 600025 华能水电  完成  日J=63.6 周J=28.13 月J=65.11 MA20=9.716 MA60=9.665 多头=1 价=9.78 涨=-1.11%  PE=22.03(78.89%) PB=2.61(73.92%)
2026-09-15 21:47:24  [ 86] 601985 中国核电  完成  日J=52.96 周J=75.2 月J=82.61 MA20=8.929 MA60=8.865 多头=1 价=9.02 涨=-0.44%  PE=25.49(99.53%) PB=1.57(38.95%)
2026-09-15 21:47:24  [ 89] 601336 新华保险  完成  日J=-12.99 周J=0.9 月J=5.26 MA20=59.788 MA60=60.382 多头=0 价=57.63 涨=-1.34%  PE=4.06(0.05%) PB=1.45(39.71%)
2026-09-15 21:47:25  [ 88] 601066 中信建投  完成  日J=-9.35 周J=-7.55 月J=35.57 MA20=24.773 MA60=26.15 多头=0 价=23.4 涨=-0.85%  PE=14.44(0.45%) PB=2.07(11.84%)
2026-09-15 21:47:25  [ 90] 600989 宝丰能源  完成  日J=33.99 周J=86.1 月J=22.52 MA20=23.864 MA60=22.512 多头=1 价=24.46 涨=2.04%  PE=11.68(1.12%) PB=3.25(64.27%)
2026-09-15 21:47:26  [ 92] 601818 光大银行  完成  日J=42.21 周J=32.2 月J=44.93 MA20=3.036 MA60=3.029 多头=1 价=3.03 涨=-0.66%  PE=5.44(62.52%) PB=0.35(1.09%)
2026-09-15 21:47:27  [ 91] 600031 三一重工  完成  日J=6.03 周J=51.3 月J=37.28 MA20=19.522 MA60=19.154 多头=1 价=19.49 涨=-2.16%  PE=20.17(43.78%) PB=1.95(13.35%)
2026-09-15 21:47:27  [ 94] 600406 国电南瑞  完成  日J=4.97 周J=2.78 月J=-0.47 MA20=22.799 MA60=23.127 多头=0 价=21.99 涨=-0.99%  PE=21.03(7.1%) PB=3.39(23.1%)
2026-09-15 21:47:27  [ 95] 300274 阳光电源  完成  日J=24.43 周J=-1.18 月J=-17.43 MA20=95.587 MA60=111.311 多头=0 价=84.38 涨=-0.71%  PE=15.92(24.18%) PB=3.49(30.29%)
2026-09-15 21:47:27  [ 97] 601766 中国中车  完成  日J=9.42 周J=75.87 月J=58.91 MA20=6.162 MA60=5.808 多头=1 价=6.03 涨=-1.63%  PE=12.43(3.98%) PB=0.98(10.51%)
2026-09-15 21:47:27  [ 96] 300433 蓝思科技  完成  日J=1.79 周J=17.87 月J=22.5 MA20=36.317 MA60=39.181 多头=0 价=32.86 涨=-1.23%  PE=50.25(80.22%) PB=3.29(74.07%)
2026-09-15 21:47:28  [ 98] 300604 长川科技  完成  日J=38.23 周J=27.21 月J=53.67 MA20=270.442 MA60=288.714 多头=0 价=267.25 涨=5.39%  PE=92.36(39.61%) PB=30.65(97.49%)
2026-09-15 21:47:28  [101] 688795 摩尔线程-U  完成  日J=-3.16 周J=-5.29 月J=2.08 MA20=478.48 MA60=577.715 多头=0 价=350.4 涨=1.27%  PE=-222.14(75.26%) PB=13.53(1.05%)
2026-09-15 21:47:28  [ 93] 601668 中国建筑  完成  日J=18.14 周J=-2.91 月J=34.6 MA20=4.387 MA60=4.424 多头=0 价=4.29 涨=-0.92%  PE=5.6(77.05%) PB=0.36(0.05%)
2026-09-15 21:47:29  [103] 301666 大普微-UW  完成  日J=10.3 周J=2.58 月J=10.51 MA20=414.343 MA60=481.17 多头=0 价=369.89 涨=1.24%  PE=133.67(10.48%) PB=44.25(1.9%)
2026-09-15 21:47:29  [ 99] 301377 鼎泰高科  完成  日J=72.66 周J=41.71 月J=40.81 MA20=399.043 MA60=436.642 多头=0 价=402.4 涨=4.52%  PE=179.05(86.19%) PB=54.63(94.71%)
2026-09-15 21:47:29  [100] 601688 华泰证券  完成  日J=-12.16 周J=16.89 月J=11.91 MA20=19.08 MA60=19.548 多头=0 价=18.59 涨=-1.12%  PE=8.18(0.05%) PB=0.94(28.68%)
2026-09-15 21:47:29  [102] 002352 顺丰控股  完成  日J=2.84 周J=-6.84 月J=15.8 MA20=32.23 MA60=32.815 多头=0 价=31.08 涨=0.32%  PE=15.04(0.95%) PB=1.59(0.09%)
2026-09-15 21:47:30  [105] 600547 山东黄金  完成  日J=0.63 周J=81.76 月J=21.16 MA20=35.844 MA60=29.552 多头=1 价=34.14 涨=-1.19%  PE=28.75(10.46%) PB=4.75(68.72%)
2026-09-15 21:47:31  [107] 302132 中航成飞  完成  日J=-8.15 周J=72.36 月J=16.94 MA20=60.438 MA60=58.148 多头=1 价=59.78 涨=-1.17%  PE=49.48(72.03%) PB=7.65(61.52%)
2026-09-15 21:47:31  [106] 000776 广发证券  完成  日J=-16.81 周J=8.75 月J=44.33 MA20=21.224 MA60=21.517 多头=0 价=20.31 涨=-0.88%  PE=8.42(0.05%) PB=1.15(44.96%)
2026-09-15 21:47:31  [104] 600487 亨通光电  完成  日J=16.53 周J=70.43 月J=25.56 MA20=64.53 MA60=68.483 多头=0 价=62.42 涨=-1.23%  PE=36.77(93.66%) PB=4.57(93.33%)
2026-09-15 21:47:31  [109] 600362 江西铜业  完成  日J=-11.56 周J=55.58 月J=7.69 MA20=46.702 MA60=44.44 多头=1 价=42.97 涨=-3.29%  PE=12.84(36.91%) PB=1.7(91.29%)
2026-09-15 21:47:31  [111] 600930 华电新能  完成  日J=92.7 周J=16.56 月J=-2.11 MA20=3.935 MA60=4.277 多头=0 价=3.96 涨=0.51%  PE=33.97(78.32%) PB=1.49(6.29%)
2026-09-15 21:47:31  [110] 600887 伊利股份  完成  日J=11.96 周J=56.98 月J=63.14 MA20=26.31 MA60=25.962 多头=1 价=26.27 涨=-2.16%  PE=16.41(19.12%) PB=3.09(13.06%)
2026-09-15 21:47:32  [108] 601600 中国铝业  完成  日J=-10.96 周J=60.72 月J=5.25 MA20=9.584 MA60=9.142 多头=1 价=9.2 涨=-0.97%  PE=9.03(3.12%) PB=1.87(68.43%)
2026-09-15 21:47:32  全部完成，结果已写入 /home/runner/work/daily-stock-metrics/daily-stock-metrics/output/2026-09-15/metrics_2026-09-15.csv
2026-09-15 21:47:32  步骤2完成 -> /home/runner/work/daily-stock-metrics/daily-stock-metrics/output/2026-09-15/metrics_2026-09-15.csv
2026-09-15 21:47:32  步骤2.5: 获取全市场大盘温度（活跃市值指标）…
2026-09-15 21:48:50  步骤2.5完成
2026-09-15 21:48:50  步骤2.6: 本地聚合 → 行业板块温度 / 大盘宽度仪表盘 / 机会榜
2026-09-15 21:48:50    - 板块温度: 12 个行业
2026-09-15 21:48:50    - 机会榜: 超跌 30 / 超买 9
2026-09-15 21:48:50  步骤2.6完成
2026-09-15 21:48:50  步骤3: 生成 HTML 总结报告…
2026-09-15 21:48:51  步骤3完成 -> /home/runner/work/daily-stock-metrics/daily-stock-metrics/output/2026-09-15/report_2026-09-15.html
2026-09-15 21:48:51  步骤4: 生成个股股价走势图（含每日信号）…
2026-09-15 21:48:51  步骤4完成 -> /home/runner/work/daily-stock-metrics/daily-stock-metrics/output/stock_charts.html
2026-09-15 21:48:51  步骤4.5: 生成昨日推荐回顾…
2026-09-15 21:48:51  步骤4.5完成 -> 已追加昨日推荐回顾
2026-09-15 21:48:51  步骤5: 发送邮件报告…
2026-09-15 21:48:57  步骤5完成: 邮件已发送
2026-09-15 21:48:57  ===== 全部完成 2026-09-15 =====
2026-09-15 22:14:31  今日(2026-09-15)已完成，跳过。结果目录: /home/runner/work/daily-stock-metrics/daily-stock-metrics/output/2026-09-15
2026-09-15 22:25:36  今日(2026-09-15)已完成，跳过。结果目录: /home/runner/work/daily-stock-metrics/daily-stock-metrics/output/2026-09-15
