2026-07-30 17:47:41  ===== 开始每日指标任务 2026-07-30 =====
2026-07-30 17:47:41  步骤1: 获取 A股市值前100…
2026-07-30 17:47:41  步骤1完成 -> C:\Users\hailo\Desktop\每周自动指标\output\2026-07-30\top100_2026-07-30.csv
2026-07-30 17:47:41  步骤2: 计算 KDJ-J(日/周/月) 及 PE/PB 历史分位…
2026-07-30 17:47:44  [  1] 688825 C长鑫  完成  日J=None 周J=None 月J=None  PE=125.41(75.0%) PB=43.27(75.0%)
2026-07-30 17:47:45  [  2] 601398 工商银行  完成  日J=100.22 周J=108.44 月J=74.11 价=8.15 涨=2.52%  PE=7.82(96.49%) PB=0.74(70.96%)
2026-07-30 17:47:47  [  3] 601939 建设银行  完成  日J=101.96 周J=98.97 月J=93.93 价=10.97 涨=3.2%  PE=8.39(97.93%) PB=0.81(74.76%)
2026-07-30 17:47:48  [  4] 601288 农业银行  完成  日J=101.2 周J=107.58 月J=19.76 价=7.11 涨=2.6%  PE=8.46(95.24%) PB=0.88(90.43%)
2026-07-30 17:47:50  [  5] 600941 中国移动  完成  日J=94.82 周J=97.3 月J=44.98 价=98.7 涨=1.44%  PE=15.76(47.47%) PB=1.5(37.16%)
2026-07-30 17:47:51  [  6] 601857 中国石油  完成  日J=93.49 周J=117.85 月J=31.98 价=11.27 涨=3.49%  PE=13.04(57.07%) PB=1.27(93.99%)
2026-07-30 17:47:53  [  7] 601988 中国银行  完成  日J=94.51 周J=96.18 月J=89.98 价=6.14 涨=2.16%  PE=8.07(99.42%) PB=0.72(88.12%)
2026-07-30 17:47:54  [  8] 300750 宁德时代  完成  日J=99.8 周J=53.3 月J=48.79 价=401.88 涨=1.27%  PE=21.87(17.27%) PB=4.9(33.92%)
2026-07-30 17:47:55  [  9] 600519 贵州茅台  完成  日J=93.42 周J=111.59 月J=39.32 价=1361.76 涨=3.09%  PE=20.58(11.49%) PB=6.28(2.74%)
2026-07-30 17:47:57  [ 10] 600938 中国海油  完成  日J=56.32 周J=68.63 月J=17.44 价=32.55 涨=3.4%  PE=12.41(90.74%) PB=1.85(76.76%)
2026-07-30 17:47:58  [ 11] 601628 中国人寿  完成  日J=25.09 周J=96.84 月J=17.08 价=39.74 涨=0.91%  PE=7.76(6.88%) PB=1.88(29.47%)
2026-07-30 17:48:00  [ 12] 601138 工业富联  完成  日J=10.94 周J=-10.84 月J=28.58 价=53.8 涨=-6.84%  PE=26.26(87.4%) PB=6.06(88.56%)
2026-07-30 17:48:01  [ 13] 688981 中芯国际  完成  日J=-4.5 周J=7.62 月J=58.4 价=122.99 涨=-6.04%  PE=208.68(88.94%) PB=7.03(92.97%)
2026-07-30 17:48:03  [ 14] 600036 招商银行  完成  日J=99.0 周J=118.73 月J=54.45 价=40.55 涨=2.24%  PE=6.78(30.72%) PB=0.9(15.77%)
2026-07-30 17:48:06  [ 15] 300308 中际旭创  完成  日J=13.72 周J=-8.25 月J=55.77 价=864.0 涨=-9.15%  PE=67.61(74.52%) PB=28.4(97.26%)
2026-07-30 17:48:10  [ 16] 601318 中国平安  完成  日J=99.64 周J=107.22 月J=6.66 价=55.8 涨=2.76%  PE=7.61(12.4%) PB=0.99(27.55%)
2026-07-30 17:48:11  [ 17] 601088 中国神华  完成  日J=54.29 周J=72.25 月J=45.05 价=45.7 涨=1.49%  PE=19.22(98.65%) PB=2.06(95.19%)
2026-07-30 17:48:13  [ 18] 002594 比亚迪  完成  日J=81.84 周J=105.51 月J=43.41 价=96.2 涨=1.42%  PE=31.84(31.39%) PB=3.78(33.12%)
2026-07-30 17:48:14  [ 19] 601899 紫金矿业  完成  日J=75.33 周J=98.84 月J=12.7 价=32.7 涨=1.71%  PE=14.09(13.99%) PB=4.41(82.84%)
2026-07-30 17:48:16  [ 20] 600900 长江电力  完成  日J=86.49 周J=106.43 月J=93.09 价=29.49 涨=1.94%  PE=20.0(61.44%) PB=3.17(84.09%)
2026-07-30 17:48:18  [ 21] 000333 美的集团  完成  日J=93.97 周J=106.03 月J=87.95 价=88.95 涨=2.23%  PE=15.35(57.55%) PB=2.92(46.97%)
2026-07-30 17:48:19  [ 22] 688256 寒武纪  完成  日J=9.29 周J=-13.55 月J=59.72 价=1042.43 涨=-9.11%  PE=241.06(80.86%) PB=50.88(89.06%)
2026-07-30 17:48:21  [ 23] 601328 交通银行  完成  日J=99.61 周J=114.19 月J=63.05 价=7.32 涨=3.24%  PE=6.71(91.92%) PB=0.56(58.65%)
2026-07-30 17:48:22  [ 24] 600028 中国石化  完成  日J=82.07 周J=121.86 月J=-0.52 价=5.27 涨=1.93%  PE=17.93(86.44%) PB=0.76(37.4%)
2026-07-30 17:48:23  [ 25] 688041 海光信息  完成  日J=6.1 周J=13.01 月J=56.57 价=273.42 涨=-3.73%  PE=233.13(86.15%) PB=27.05(91.77%)
2026-07-30 17:48:25  [ 26] 601658 邮储银行  完成  日J=87.87 周J=112.9 月J=32.71 价=5.22 涨=1.95%  PE=7.13(75.7%) PB=0.61(19.83%)
2026-07-30 17:48:26  [ 27] 601728 中国电信  完成  日J=93.9 周J=105.89 月J=45.85 价=6.49 涨=4.01%  PE=18.75(75.42%) PB=1.27(68.23%)
2026-07-30 17:48:28  [ 28] 300502 新易盛  完成  日J=1.24 周J=-1.92 月J=57.51 价=371.1 涨=-11.89%  PE=48.18(46.83%) PB=25.39(93.99%)
2026-07-30 17:48:30  [ 29] 002371 北方华创  完成  日J=21.59 周J=17.3 月J=63.17 价=668.07 涨=-5.42%  PE=86.95(43.32%) PB=12.34(80.67%)
2026-07-30 17:48:31  [ 30] 002475 立讯精密  完成  日J=64.23 周J=4.25 月J=49.3 价=58.35 涨=-6.42%  PE=26.18(36.92%) PB=5.1(41.15%)
2026-07-30 17:48:33  [ 31] 601998 中信银行  完成  日J=94.9 周J=106.2 月J=48.47 价=7.93 涨=2.32%  PE=6.2(75.05%) PB=0.59(64.95%)
2026-07-30 17:48:34  [ 32] 600030 中信证券  完成  日J=80.22 周J=70.35 月J=81.49 价=28.49 涨=-0.04%  PE=12.54(6.92%) PB=1.45(43.32%)
2026-07-30 17:48:36  [ 33] 603993 洛阳钼业  完成  日J=46.33 周J=47.21 月J=13.17 价=18.96 涨=-0.63%  PE=16.79(23.8%) PB=4.56(92.16%)
2026-07-30 17:48:38  [ 34] 601166 兴业银行  完成  日J=100.15 周J=105.89 月J=41.08 价=19.1 涨=2.74%  PE=5.22(47.16%) PB=0.49(15.53%)
2026-07-30 17:48:39  [ 35] 688235 百济神州  完成  日J=36.23 周J=78.57 月J=38.12 价=259.51 涨=-3.38%  PE=126.47(94.2%) PB=12.11(76.16%)
2026-07-30 17:48:40  [ 36] 688347 华虹宏力  完成  日J=-11.35 周J=18.13 月J=58.91 价=230.0 涨=-14.88%  PE=810.03(78.81%) PB=8.83(95.01%)
2026-07-30 17:48:42  [ 37] 603259 药明康德  完成  日J=63.19 周J=84.21 月J=84.48 价=125.48 涨=-0.81%  PE=18.6(18.66%) PB=4.45(32.72%)
2026-07-30 17:48:43  [ 38] 600276 恒瑞医药  完成  日J=41.9 周J=84.13 月J=29.49 价=54.65 涨=1.41%  PE=44.67(6.06%) PB=5.7(4.09%)
2026-07-30 17:48:45  [ 39] 601211 国泰海通  完成  日J=65.58 周J=81.15 月J=47.03 价=19.03 涨=0.53%  PE=15.28(65.77%) PB=1.03(38.46%)
2026-07-30 17:48:46  [ 40] 601319 中国人保  完成  日J=63.41 周J=106.16 月J=4.78 价=7.56 涨=1.89%  PE=7.85(13.97%) PB=1.05(32.82%)
2026-07-30 17:48:48  [ 41] 688012 中微公司  完成  日J=29.72 周J=31.99 月J=69.9 价=346.5 涨=-3.75%  PE=121.62(67.49%) PB=13.65(75.82%)
2026-07-30 17:48:49  [ 42] 002415 海康威视  完成  日J=48.41 周J=84.47 月J=77.02 价=35.62 涨=-0.34%  PE=19.86(11.35%) PB=3.87(25.19%)
2026-07-30 17:48:51  [ 43] 600000 浦发银行  完成  日J=99.39 周J=108.47 月J=20.28 价=9.71 涨=4.63%  PE=6.43(78.03%) PB=0.43(33.27%)
2026-07-30 17:48:52  [ 44] 300059 东方财富  完成  日J=53.03 周J=60.52 月J=24.94 价=19.99 涨=0.45%  PE=24.13(6.44%) PB=3.31(12.88%)
2026-07-30 17:48:54  [ 45] 601601 中国太保  完成  日J=80.06 周J=107.83 月J=3.29 价=32.8 涨=2.72%  PE=5.85(2.07%) PB=0.99(13.56%)
2026-07-30 17:48:55  [ 46] 000858 五 粮 液  完成  日J=84.18 周J=77.42 月J=13.95 价=78.56 涨=4.51%  PE=24.2(36.68%) PB=2.38(1.54%)
2026-07-30 17:48:57  [ 47] 002384 东山精密  完成  日J=-7.2 周J=-14.05 月J=59.07 价=161.8 涨=-10.0%  PE=145.26(95.34%) PB=13.09(96.68%)
2026-07-30 17:48:58  [ 48] 002379 宏桥控股  完成  日J=76.86 周J=94.19 月J=7.81 价=21.0 涨=2.34%  PE=13.88(74.18%) PB=5.23(84.47%)
2026-07-30 17:49:00  [ 49] 688802 沐曦股份-U  完成  日J=-2.27 周J=14.76 月J=66.15 价=672.0 涨=-4.81%  PE=-410.0(40.27%) PB=20.53(46.98%)
2026-07-30 17:49:01  [ 50] 600150 中国船舶  完成  日J=109.44 周J=30.89 月J=34.51 价=34.63 涨=-0.29%  PE=23.05(26.54%) PB=1.74(23.94%)
2026-07-30 17:49:03  [ 51] 603986 兆易创新  完成  日J=12.22 周J=-13.47 月J=46.96 价=371.1 涨=1.94%  PE=90.59(48.08%) PB=10.3(69.04%)
2026-07-30 17:49:04  [ 52] 601816 京沪高铁  完成  日J=99.82 周J=112.35 月J=70.23 价=5.21 涨=1.76%  PE=19.09(8.21%) PB=1.21(14.53%)
2026-07-30 17:49:05  [ 53] 688795 摩尔线程-U  完成  日J=6.71 周J=-4.97 月J=27.56 价=540.01 涨=-4.35%  PE=-295.5(43.95%) PB=22.03(2.55%)
2026-07-30 17:49:07  [ 54] 600183 生益科技  完成  日J=3.03 周J=-13.93 月J=49.74 价=100.08 涨=-7.49%  PE=61.88(96.59%) PB=13.56(97.6%)
2026-07-30 17:49:08  [ 55] 688008 澜起科技  完成  日J=38.34 周J=-0.89 月J=57.15 价=196.78 涨=-5.17%  PE=93.91(68.43%) PB=11.52(74.82%)
2026-07-30 17:49:10  [ 56] 601225 陕西煤业  完成  日J=39.43 周J=71.62 月J=51.76 价=24.74 涨=0.41%  PE=14.83(97.88%) PB=2.35(83.22%)
2026-07-30 17:49:11  [ 57] 601919 中远海控  完成  日J=100.47 周J=119.35 月J=43.51 价=15.7 涨=0.96%  PE=9.57(59.04%) PB=1.02(35.29%)
2026-07-30 17:49:13  [ 58] 600309 万华化学  完成  日J=99.51 周J=96.58 月J=31.33 价=76.56 涨=2.78%  PE=18.21(65.67%) PB=2.15(10.48%)
2026-07-30 17:49:14  [ 59] 000651 格力电器  完成  日J=96.02 周J=110.78 月J=87.99 价=42.47 涨=1.97%  PE=8.15(43.56%) PB=1.56(7.45%)
2026-07-30 17:49:15  [ 60] 002714 牧原股份  完成  日J=36.16 周J=100.0 月J=21.31 价=39.92 涨=2.67%  PE=23.56(69.66%) PB=2.67(2.36%)
2026-07-30 17:49:17  [ 61] 603288 海天味业  完成  日J=87.86 周J=107.99 月J=57.61 价=38.66 涨=2.71%  PE=31.08(3.94%) PB=5.38(5.19%)
2026-07-30 17:49:18  [ 62] 000001 平安银行  完成  日J=99.71 周J=106.28 月J=71.15 价=11.61 涨=2.93%  PE=5.23(35.0%) PB=0.49(11.92%)
2026-07-30 17:49:20  [ 63] 000338 潍柴动力  完成  日J=59.81 周J=9.73 月J=58.12 价=25.96 涨=-4.87%  PE=19.84(89.42%) PB=2.35(77.21%)
2026-07-30 17:49:21  [ 64] 688820 盛合晶微  完成  日J=8.81 周J=-11.95 月J=None 价=117.98 涨=-8.33%  PE=222.99(14.49%) PB=15.2(14.49%)
2026-07-30 17:49:23  [ 65] 600690 海尔智家  完成  日J=95.2 周J=108.73 月J=24.79 价=23.27 涨=1.26%  PE=11.66(9.42%) PB=1.74(4.04%)
2026-07-30 17:49:24  [ 66] 601869 长飞光纤  完成  日J=-0.65 周J=-21.51 月J=50.85 价=262.66 涨=-6.76%  PE=187.92(93.79%) PB=15.28(95.58%)
2026-07-30 17:49:26  [ 67] 002142 宁波银行  完成  日J=80.89 周J=108.13 月J=81.67 价=32.9 涨=3.07%  PE=7.22(34.09%) PB=0.93(30.48%)
2026-07-30 17:49:27  [ 68] 600919 江苏银行  完成  日J=96.64 周J=97.83 月J=96.21 价=11.82 涨=1.72%  PE=6.14(82.64%) PB=0.82(90.87%)
2026-07-30 17:49:29  [ 69] 300274 阳光电源  完成  日J=27.91 周J=-4.52 月J=9.03 价=103.71 涨=-2.67%  PE=18.03(31.78%) PB=4.42(40.82%)
2026-07-30 17:49:30  [ 70] 003816 中国广核  完成  日J=72.13 周J=44.08 月J=35.81 价=4.16 涨=1.96%  PE=22.15(91.66%) PB=1.67(71.35%)
2026-07-30 17:49:32  [ 71] 300408 三环集团  完成  日J=86.81 周J=-2.96 月J=64.74 价=105.3 涨=-3.3%  PE=72.77(97.93%) PB=9.35(97.93%)
2026-07-30 17:49:33  [ 72] 600188 兖矿能源  完成  日J=19.16 周J=23.44 月J=47.4 价=20.27 涨=1.35%  PE=21.3(97.02%) PB=2.66(78.65%)
2026-07-30 17:49:34  [ 73] 601066 中信建投  完成  日J=21.8 周J=23.21 月J=59.68 价=25.84 涨=-0.12%  PE=17.79(7.72%) PB=2.32(20.11%)
2026-07-30 17:49:36  [ 74] 000725 京东方Ａ  完成  日J=9.08 周J=-3.72 月J=50.34 价=5.36 涨=-6.13%  PE=33.37(51.83%) PB=1.46(59.28%)
2026-07-30 17:49:37  [ 75] 300760 迈瑞医疗  完成  日J=93.37 周J=104.42 月J=26.03 价=161.62 涨=4.35%  PE=25.0(12.74%) PB=4.89(3.75%)
2026-07-30 17:49:39  [ 76] 601336 新华保险  完成  日J=7.45 周J=80.02 月J=1.6 价=62.71 涨=-0.43%  PE=5.3(2.12%) PB=1.58(48.27%)
2026-07-30 17:49:41  [ 77] 600406 国电南瑞  完成  日J=87.83 周J=80.6 月J=18.13 价=24.32 涨=1.63%  PE=23.48(29.13%) PB=3.65(37.02%)
2026-07-30 17:49:42  [ 78] 601668 中国建筑  完成  日J=76.8 周J=118.4 月J=37.97 价=4.72 涨=1.72%  PE=5.14(63.46%) PB=0.39(1.68%)
2026-07-30 17:49:43  [ 79] 002916 深南电路  完成  日J=11.51 周J=-15.65 月J=52.15 价=284.5 涨=-9.97%  PE=53.32(82.74%) PB=10.71(84.13%)
2026-07-30 17:49:45  [ 80] 600031 三一重工  完成  日J=101.77 周J=110.56 月J=24.2 价=20.83 涨=2.11%  PE=22.75(51.73%) PB=2.11(29.04%)
2026-07-30 17:49:46  [ 81] 600025 华能水电  完成  日J=44.48 周J=100.71 月J=64.27 价=10.14 涨=1.4%  PE=22.12(79.38%) PB=2.66(76.35%)
2026-07-30 17:49:48  [ 82] 601818 XD光大银  完成  日J=90.18 周J=108.1 月J=34.11 价=3.19 涨=2.57%  PE=4.98(45.82%) PB=0.37(3.65%)
2026-07-30 17:49:49  [ 83] 688072 拓荆科技  完成  日J=22.05 周J=35.77 月J=66.52 价=642.0 涨=-8.4%  PE=113.5(66.09%) PB=25.75(96.72%)
2026-07-30 17:49:51  [ 84] 601985 中国核电  完成  日J=64.13 周J=68.65 月J=82.63 价=9.07 涨=1.23%  PE=22.66(88.56%) PB=1.55(36.25%)
2026-07-30 17:49:52  [ 85] 601898 中煤能源  完成  日J=64.48 周J=34.76 月J=14.46 价=14.03 涨=1.3%  PE=10.48(51.35%) PB=1.13(88.03%)
2026-07-30 17:49:54  [ 86] 002463 沪电股份  完成  日J=2.1 周J=-10.6 月J=55.93 价=96.55 涨=-8.27%  PE=43.19(92.36%) PB=11.07(96.06%)
2026-07-30 17:49:55  [ 87] 002352 顺丰控股  完成  日J=95.26 周J=99.08 月J=34.78 价=35.12 涨=1.09%  PE=16.21(2.69%) PB=1.84(3.41%)
2026-07-30 17:49:57  [ 88] 601766 中国中车  完成  日J=96.61 周J=112.93 月J=23.58 价=6.33 涨=2.59%  PE=13.45(10.58%) PB=1.03(18.08%)
2026-07-30 17:49:58  [ 89] 601688 华泰证券  完成  日J=7.64 周J=43.91 月J=13.17 价=19.7 涨=-2.28%  PE=10.14(19.13%) PB=1.0(38.46%)
2026-07-30 17:49:59  [ 90] 300476 胜宏科技  完成  日J=1.68 周J=-11.96 月J=14.0 价=180.36 涨=-10.54%  PE=37.88(70.29%) PB=10.18(87.16%)
2026-07-30 17:50:01  [ 91] 002938 鹏鼎控股  完成  日J=-2.14 周J=-13.48 月J=54.1 价=76.05 涨=-10.0%  PE=47.48(96.38%) PB=5.09(82.68%)
2026-07-30 17:50:02  [ 92] 600930 华电新能  完成  日J=46.78 周J=0.51 月J=3.21 价=4.22 涨=-0.24%  PE=27.49(1.19%) PB=1.59(1.19%)
2026-07-30 17:50:04  [ 93] 600887 伊利股份  完成  日J=85.29 周J=109.64 月J=56.22 价=27.69 涨=1.39%  PE=14.49(8.08%) PB=2.94(6.68%)
2026-07-30 17:50:05  [ 94] 600989 宝丰能源  完成  日J=56.72 周J=81.93 月J=17.85 价=23.88 涨=2.67%  PE=13.93(10.86%) PB=3.36(68.51%)
2026-07-30 17:50:07  [ 95] 300394 天孚通信  完成  日J=2.38 周J=-14.32 月J=34.89 价=160.1 涨=-12.08%  PE=80.41(87.26%) PB=29.2(92.26%)
2026-07-30 17:50:08  [ 96] 300124 汇川技术  完成  日J=90.27 周J=10.8 月J=18.02 价=63.51 涨=3.08%  PE=36.27(25.53%) PB=4.73(2.4%)
2026-07-30 17:50:09  [ 97] 301666 大普微-UW  完成  日J=4.47 周J=-16.14 月J=None 价=391.01 涨=-7.01%  PE=13139.13(18.06%) PB=212.66(18.06%)
2026-07-30 17:50:11  [ 98] 300033 同花顺  完成  日J=75.37 周J=38.38 月J=26.07 价=225.88 涨=0.84%  PE=50.89(48.7%) PB=24.32(93.56%)
2026-07-30 17:50:12  [ 99] 001248 华润新能  完成  日J=59.57 周J=3.99 月J=None 价=13.07 涨=-6.24%  PE=31.64(33.33%) PB=1.83(33.33%)
2026-07-30 17:50:14  [100] 601995 中金公司  完成  日J=22.68 周J=54.23 月J=53.57 价=35.2 涨=0.23%  PE=15.0(2.65%) PB=1.66(11.41%)
2026-07-30 17:50:14  全部完成，结果已写入 C:\Users\hailo\Desktop\每周自动指标\output\2026-07-30\metrics_2026-07-30.csv
2026-07-30 17:50:14  步骤2完成 -> C:\Users\hailo\Desktop\每周自动指标\output\2026-07-30\metrics_2026-07-30.csv
2026-07-30 17:50:14  步骤3: 生成 HTML 总结报告…
2026-07-30 17:50:14  步骤3完成 -> C:\Users\hailo\Desktop\每周自动指标\output\2026-07-30\report_2026-07-30.html
2026-07-30 17:50:14  步骤4: 发送邮件报告…
2026-07-30 17:50:15  步骤4完成
2026-07-30 17:50:15  ===== 全部完成 2026-07-30 =====
