2026-08-12 17:19:46  ===== 开始每日ETF指标任务 2026-08-12 =====
2026-08-12 17:19:46  步骤1: 获取场内规模前100的ETF...
[  1] 510300 沪深300ETF华泰柏瑞  规模=1178.66亿  跟踪=沪深300指数  主题=沪深300
[  2] 588000 科创50ETF华夏  规模=904.85亿  跟踪=上证科创板50成份指数  主题=科创板
[  3] 159915 创业板ETF易方达  规模=657.84亿  跟踪=创业板指数(价格)  主题=创业板
[  4] 512880 证券ETF国泰  规模=638.35亿  跟踪=中证全指证券公司指数  主题=证券
[  5] 510310 沪深300ETF易方达  规模=531.18亿  跟踪=沪深300指数  主题=沪深300
[  6] 588200 科创芯片ETF嘉实  规模=515.03亿  跟踪=上证科创板芯片指数  主题=半导体
[  7] 563360 A500ETF华泰柏瑞  规模=438.81亿  跟踪=中证A500指数  主题=中证A500
[  8] 510330 沪深300ETF华夏  规模=431.61亿  跟踪=沪深300指数  主题=沪深300
[  9] 159516 半导体设备ETF国泰  规模=431.03亿  跟踪=中证半导体材料设备主题指数  主题=半导体
[ 10] 510500 中证500ETF南方  规模=428.37亿  跟踪=中证500指数  主题=中证500
[ 11] 588080 科创50ETF易方达  规模=422.94亿  跟踪=上证科创板50成份指数  主题=科创板
[ 12] 515880 通信ETF国泰  规模=407.22亿  跟踪=中证全指通信设备指数  主题=通信
[ 13] 588170 科创半导体ETF华夏  规模=403.45亿  跟踪=上证科创板半导体材料设备主题指数  主题=半导体
[ 14] 512000 券商ETF华宝  规模=394.0亿  跟踪=中证全指证券公司指数  主题=证券
[ 15] 159352 A500ETF南方  规模=360.57亿  跟踪=中证A500指数  主题=中证A500
[ 16] 512890 红利低波ETF华泰柏瑞  规模=320.5亿  跟踪=中证红利低波动指数  主题=红利
[ 17] 159919 沪深300ETF嘉实  规模=314.26亿  跟踪=沪深300指数  主题=沪深300
[ 18] 159361 A500ETF易方达  规模=291.11亿  跟踪=中证A500指数  主题=中证A500
[ 19] 159995 芯片ETF华夏  规模=282.62亿  跟踪=国证半导体芯片指数  主题=半导体
[ 20] 159338 中证A500ETF国泰  规模=280.64亿  跟踪=中证A500指数  主题=中证A500
[ 21] 159949 创业板50ETF华安  规模=261.05亿  跟踪=创业板50指数  主题=创业板
[ 22] 512400 有色金属ETF南方  规模=260.52亿  跟踪=有色金属  主题=有色金属
[ 23] 512170 医疗ETF华宝  规模=259.74亿  跟踪=中证医疗指数  主题=医药
[ 24] 512100 中证1000ETF南方  规模=246.14亿  跟踪=中证1000指数  主题=中证1000
[ 25] 159326 电网设备ETF华夏  规模=218.28亿  跟踪=中证电网设备主题指数  主题=其他
[ 26] 510050 上证50ETF华夏  规模=217.47亿  跟踪=上证50指数  主题=上证50
[ 27] 159819 人工智能ETF易方达  规模=213.71亿  跟踪=中证人工智能主题指数  主题=人工智能
[ 28] 512050 A500ETF华夏  规模=213.11亿  跟踪=中证A500指数  主题=中证A500
[ 29] 159558 半导体设备ETF易方达  规模=210.09亿  跟踪=中证半导体材料设备主题指数  主题=半导体
[ 30] 510880 红利ETF华泰柏瑞  规模=205.77亿  跟踪=上证红利指数  主题=红利
[ 31] 512480 半导体ETF国联安  规模=205.39亿  跟踪=中证全指半导体产品与设备指数  主题=半导体
[ 32] 515450 红利低波50ETF南方  规模=195.79亿  跟踪=标普中国A股大盘红利低波50指数  主题=红利
[ 33] 562500 机器人ETF华夏  规模=187.98亿  跟踪=中证机器人指数  主题=机器人
[ 34] 159530 机器人ETF易方达  规模=187.39亿  跟踪=国证机器人产业指数  主题=机器人
[ 35] 159992 创新药ETF银华  规模=183.11亿  跟踪=中证创新药产业指数  主题=医药
[ 36] 515180 红利ETF易方达  规模=181.3亿  跟踪=中证红利指数  主题=红利
[ 37] 515050 通信ETF华夏  规模=180.37亿  跟踪=中证5G通信主题指数  主题=通信
[ 38] 159781 科创创业ETF易方达  规模=179.29亿  跟踪=中证科创创业50指数  主题=科创板
[ 39] 510180 上证180ETF华安  规模=178.03亿  跟踪=上证180指数  主题=上证180
[ 40] 517520 黄金股ETF永赢  规模=171.13亿  跟踪=中证沪深港黄金产业股票指数  主题=黄金
[ 41] 510210 上证指数ETF富国  规模=167.34亿  跟踪=上证综合指数  主题=其他
[ 42] 159201 自由现金流ETF华夏  规模=167.22亿  跟踪=国证自由现金流指数  主题=货币市场
[ 43] 512010 医药ETF易方达  规模=166.08亿  跟踪=沪深300医药卫生指数  主题=医药
[ 44] 159928 消费ETF汇添富  规模=161.44亿  跟踪=中证主要消费指数  主题=消费
[ 45] 159206 卫星ETF永赢  规模=151.38亿  跟踪=国证商用卫星通信产业指数  主题=通信
[ 46] 512690 酒ETF鹏华  规模=148.08亿  跟踪=中证酒指数  主题=白酒
[ 47] 512070 证券保险ETF易方达  规模=147.76亿  跟踪=沪深300非银行金融指数  主题=证券
[ 48] 159870 化工ETF鹏华  规模=147.67亿  跟踪=细分化工  主题=化工
[ 49] 515220 煤炭ETF国泰  规模=142.36亿  跟踪=中证煤炭指数  主题=煤炭
[ 50] 560780 半导体设备ETF广发  规模=128.93亿  跟踪=中证半导体材料设备主题指数  主题=半导体
[ 51] 563020 红利低波ETF易方达  规模=122.7亿  跟踪=中证红利低波动指数  主题=红利
[ 52] 515120 创新药ETF广发  规模=122.44亿  跟踪=中证创新药产业指数  主题=医药
[ 53] 159841 证券ETF天弘  规模=120.75亿  跟踪=中证全指证券公司指数  主题=证券
[ 54] 513630 港股低波红利ETF摩根  规模=116.95亿  跟踪=标普港股通低波红利指数  主题=红利
[ 55] 515080 中证红利ETF招商  规模=116.52亿  跟踪=中证红利指数  主题=红利
[ 56] 159952 创业板ETF广发  规模=116.4亿  跟踪=创业板指数(价格)  主题=创业板
[ 57] 588710 科创半导体设备ETF华泰柏瑞  规模=113.15亿  跟踪=上证科创板半导体材料设备主题指数  主题=半导体
[ 58] 563800 A500ETF广发  规模=112.25亿  跟踪=中证A500指数  主题=中证A500
[ 59] 588050 科创50ETF工银  规模=111.56亿  跟踪=上证科创板50成份指数  主题=科创板
[ 60] 512760 芯片ETF国泰  规模=109.63亿  跟踪=中华交易服务半导体芯片行业人民币指数  主题=半导体
[ 61] 159611 电力ETF广发  规模=104.45亿  跟踪=中证全指电力公用事业指数  主题=电力
[ 62] 516650 有色金属ETF华夏  规模=101.1亿  跟踪=细分有色  主题=有色金属
[ 63] 159842 券商ETF银华  规模=98.64亿  跟踪=中证全指证券公司指数  主题=证券
[ 64] 560860 工业有色ETF万家  规模=98.33亿  跟踪=中证工业有色金属主题指数  主题=有色金属
[ 65] 159845 中证1000ETF华夏  规模=97.8亿  跟踪=中证1000指数  主题=中证1000
[ 66] 512800 银行ETF华宝  规模=95.56亿  跟踪=中证银行指数  主题=银行
[ 67] 159852 软件ETF嘉实  规模=94.12亿  跟踪=中证软件服务指数  主题=计算机
[ 68] 159869 游戏ETF华夏  规模=93.18亿  跟踪=中证动漫游戏指数  主题=传媒
[ 69] 159922 中证500ETF嘉实  规模=90.64亿  跟踪=中证500指数  主题=中证500
[ 70] 159351 A500ETF嘉实  规模=88.73亿  跟踪=中证A500指数  主题=中证A500
[ 71] 159755 电池ETF广发  规模=88.52亿  跟踪=国证新能源车电池指数  主题=新能源
[ 72] 562590 半导体设备ETF华夏  规模=87.88亿  跟踪=中证半导体材料设备主题指数  主题=半导体
[ 73] 512500 中证500ETF华夏  规模=85.34亿  跟踪=中证500指数  主题=中证500
[ 74] 563220 A500ETF富国  规模=85.03亿  跟踪=中证A500指数  主题=中证A500
[ 75] 515070 人工智能ETF华夏  规模=84.99亿  跟踪=中证人工智能主题指数  主题=人工智能
[ 76] 515330 沪深300ETF天弘  规模=84.31亿  跟踪=沪深300指数  主题=沪深300
[ 77] 512900 证券ETF南方  规模=81.52亿  跟踪=中证全指证券公司指数  主题=证券
[ 78] 588060 科创50ETF广发  规模=78.63亿  跟踪=上证科创板50成份指数  主题=科创板
[ 79] 563300 中证2000ETF华泰柏瑞  规模=75.87亿  跟踪=中证2000指数  主题=中证2000
[ 80] 588750 科创芯片ETF汇添富  规模=75.5亿  跟踪=上证科创板芯片指数  主题=半导体
[ 81] 512710 军工龙头ETF富国  规模=74.08亿  跟踪=中证军工龙头指数  主题=军工
[ 82] 159307 红利低波100ETF博时  规模=72.31亿  跟踪=中证红利低波动100指数  主题=红利
[ 83] 159363 创业板人工智能ETF华宝  规模=71.2亿  跟踪=创业板人工智能指数  主题=人工智能
[ 84] 159157 有色金属ETF天弘  规模=69.5亿  跟踪=中证工业有色金属主题指数  主题=有色金属
[ 85] 159813 半导体ETF鹏华  规模=69.03亿  跟踪=国证半导体芯片指数  主题=半导体
[ 86] 516150 稀土ETF嘉实  规模=68.94亿  跟踪=中证稀土产业指数  主题=有色金属
[ 87] 560010 中证1000ETF广发  规模=67.33亿  跟踪=中证1000指数  主题=中证1000
[ 88] 512660 军工ETF国泰  规模=67.11亿  跟踪=中证军工指数  主题=军工
[ 89] 159263 价值ETF易方达  规模=66.79亿  跟踪=国证价值100指数  主题=价值
[ 90] 159851 金融科技ETF华宝  规模=65.87亿  跟踪=中证金融科技主题指数  主题=其他
[ 91] 159977 创业板ETF天弘  规模=64.97亿  跟踪=创业板指数(价格)  主题=创业板
[ 92] 159770 机器人ETF天弘  规模=64.61亿  跟踪=中证机器人指数  主题=机器人
[ 93] 159865 养殖ETF国泰  规模=64.57亿  跟踪=中证畜牧养殖指数  主题=农业
[ 94] 560610 A500ETF招商  规模=62.68亿  跟踪=中证A500指数  主题=中证A500
[ 95] 515980 人工智能ETF华富  规模=61.79亿  跟踪=中证人工智能产业指数  主题=人工智能
[ 96] 512950 央企改革ETF华夏  规模=61.7亿  跟踪=中证央企结构调整指数  主题=央企国企
[ 97] 159796 电池ETF汇添富  规模=61.61亿  跟踪=中证电池主题指数  主题=新能源
[ 98] 159783 科创创业50ETF华夏  规模=60.68亿  跟踪=中证科创创业50指数  主题=科创板
[ 99] 159967 创业板成长ETF华夏  规模=59.74亿  跟踪=创业板动量成长指数  主题=成长
[100] 588220 科创100ETF鹏华  规模=58.25亿  跟踪=上证科创板100指数  主题=科创板
2026-08-12 17:20:38  步骤1完成 -> C:\Users\hailo\Desktop\每周自动指标\output_etf\2026-08-12\etf_list_2026-08-12.csv
2026-08-12 17:20:38  步骤2: 计算 KDJ-J(日/周/月)...
2026-08-12 17:20:42  [  1] 510300 沪深300ETF华泰柏瑞  完成  日J=98.88 周J=29.92 月J=40.73 价=4.75 涨=0.47%  PE=14.44(78.97%) PB=1.47(54.52%)
2026-08-12 17:20:43  [  2] 588000 科创50ETF华夏  完成  日J=107.69 周J=9.5 月J=44.07 价=1.83 涨=1.33%  PE=80.69(89.13%) PB=8.04(95.38%)
2026-08-12 17:20:45  [  3] 159915 创业板ETF易方达  完成  日J=104.83 周J=22.99 月J=35.71 价=3.62 涨=1.54%  PE=43.73(54.08%) PB=5.91(69.96%)
2026-08-12 17:20:46  [  4] 512880 证券ETF国泰  完成  日J=23.14 周J=40.84 月J=33.5 价=1.1 涨=0.37%  PE=15.17(9.21%) PB=1.3(19.96%)
2026-08-12 17:20:48  [  5] 588200 科创芯片ETF嘉实  完成  日J=112.63 周J=8.79 月J=46.48 价=1.22 涨=2.01%  PE=123.62(83.08%) PB=None(None%)
2026-08-12 17:20:50  [  6] 563360 A500ETF华泰柏瑞  完成  日J=103.5 周J=31.66 月J=39.57 价=1.32 涨=0.77%  PE=16.45(81.78%) PB=None(None%)
2026-08-12 17:20:51  [  7] 159516 半导体设备ETF国泰  完成  日J=112.27 周J=18.78 月J=54.57 价=0.76 涨=2.84%  PE=116.15(97.14%) PB=None(None%)
2026-08-12 17:20:53  [  8] 510500 中证500ETF南方  完成  日J=107.16 周J=31.26 月J=41.75 价=8.05 涨=0.76%  PE=28.31(73.43%) PB=2.53(81.16%)
2026-08-12 17:20:54  [  9] 515880 通信ETF国泰  完成  日J=102.62 周J=15.16 月J=35.04 价=0.67 涨=3.72%  PE=48.32(91.07%) PB=None(None%)
2026-08-12 17:20:56  [ 10] 588170 科创半导体ETF华夏  完成  日J=110.24 周J=18.42 月J=53.74 价=1.04 涨=2.16%  PE=42.73(81.51%) PB=None(None%)
2026-08-12 17:20:57  [ 11] 512890 红利低波ETF华泰柏瑞  完成  日J=1.27 周J=82.65 月J=60.92 价=1.16 涨=-0.26%  PE=7.7(67.72%) PB=0.85(57.4%)
2026-08-12 17:20:59  [ 12] 159995 芯片ETF华夏  完成  日J=110.45 周J=6.36 月J=38.94 价=1.21 涨=1.94%  PE=None(None%) PB=None(None%)
2026-08-12 17:21:00  [ 13] 159949 创业板50ETF华安  完成  日J=101.35 周J=20.05 月J=29.6 价=1.7 涨=1.86%  PE=None(None%) PB=None(None%)
2026-08-12 17:21:02  [ 14] 512400 有色金属ETF南方  完成  日J=71.81 周J=69.02 月J=9.67 价=1.94 涨=0.94%  PE=16.26(89.17%) PB=None(None%)
2026-08-12 17:21:04  [ 15] 512170 医疗ETF华宝  完成  日J=77.91 周J=106.72 月J=44.89 价=0.35 涨=-0.28%  PE=29.71(31.43%) PB=3.63(17.2%)
2026-08-12 17:21:05  [ 16] 512100 中证1000ETF南方  完成  日J=109.91 周J=38.28 月J=31.86 价=3.16 涨=1.28%  PE=32.51(70.5%) PB=2.47(50.88%)
2026-08-12 17:21:07  [ 17] 159326 电网设备ETF华夏  完成  日J=95.07 周J=18.81 月J=26.81 价=1.71 涨=1.19%  PE=12.61(84.63%) PB=None(None%)
2026-08-12 17:21:08  [ 18] 510050 上证50ETF华夏  完成  日J=69.96 周J=70.59 月J=38.06 价=3.04 涨=0.03%  PE=11.61(79.38%) PB=1.25(57.56%)
2026-08-12 17:21:10  [ 19] 159819 人工智能ETF易方达  完成  日J=81.71 周J=17.91 月J=44.69 价=1.83 涨=0.88%  PE=49.73(69.24%) PB=None(None%)
2026-08-12 17:21:11  [ 20] 510880 红利ETF华泰柏瑞  完成  日J=72.01 周J=106.88 月J=69.82 价=3.3 涨=-0.27%  PE=8.48(72.34%) PB=0.84(60.4%)
2026-08-12 17:21:13  [ 21] 512480 半导体ETF国联安  完成  日J=113.52 周J=7.89 月J=42.23 价=1.09 涨=1.87%  PE=92.99(89.6%) PB=None(None%)
2026-08-12 17:21:14  [ 22] 515450 红利低波50ETF南方  完成  日J=2.13 周J=76.06 月J=63.75 价=1.4 涨=-0.28%  PE=8.3(74.44%) PB=0.85(57.4%)
2026-08-12 17:21:16  [ 23] 562500 机器人ETF华夏  完成  日J=97.61 周J=25.92 月J=25.99 价=1.02 涨=-0.49%  PE=54.86(61.71%) PB=None(None%)
2026-08-12 17:21:17  [ 24] 159530 机器人ETF易方达  完成  日J=96.41 周J=22.92 月J=21.89 价=1.42 涨=-0.77%  PE=None(None%) PB=None(None%)
2026-08-12 17:21:19  [ 25] 159992 创新药ETF银华  完成  日J=91.59 周J=97.18 月J=81.78 价=0.92 涨=-0.33%  PE=31.12(48.19%) PB=None(None%)
2026-08-12 17:21:20  [ 26] 515180 红利ETF易方达  完成  日J=66.74 周J=110.05 月J=52.82 价=1.42 涨=-0.07%  PE=8.32(56.12%) PB=0.83(45.92%)
2026-08-12 17:21:22  [ 27] 515050 通信ETF华夏  完成  日J=103.8 周J=16.03 月J=40.4 价=1.05 涨=3.24%  PE=48.81(93.4%) PB=None(None%)
2026-08-12 17:21:23  [ 28] 159781 科创创业ETF易方达  完成  日J=99.48 周J=10.3 月J=38.86 价=1.14 涨=1.42%  PE=44.13(63.06%) PB=None(None%)
2026-08-12 17:21:25  [ 29] 510180 上证180ETF华安  完成  日J=82.52 周J=61.56 月J=37.75 价=4.03 涨=0.3%  PE=12.16(69.57%) PB=1.24(45.6%)
2026-08-12 17:21:26  [ 30] 517520 黄金股ETF永赢  完成  日J=63.06 周J=104.66 月J=7.39 价=2.08 涨=1.52%  PE=21.96(58.27%) PB=None(None%)
2026-08-12 17:21:28  [ 31] 510210 上证指数ETF富国  完成  日J=102.23 周J=59.0 月J=31.46 价=1.01 涨=0.7%  PE=15.38(73.9%) PB=None(None%)
2026-08-12 17:21:29  [ 32] 159201 自由现金流ETF华夏  完成  日J=70.5 周J=110.3 月J=17.84 价=1.19 涨=-0.08%  PE=None(None%) PB=None(None%)
2026-08-12 17:21:31  [ 33] 512010 医药ETF易方达  完成  日J=80.22 周J=106.66 月J=77.69 价=0.4 涨=-0.74%  PE=24.81(10.91%) PB=None(None%)
2026-08-12 17:21:33  [ 34] 159928 消费ETF汇添富  完成  日J=39.12 周J=103.19 月J=34.98 价=0.68 涨=-0.15%  PE=20.35(22.46%) PB=3.61(5.12%)
2026-08-12 17:21:34  [ 35] 159206 卫星ETF永赢  完成  日J=96.32 周J=32.41 月J=7.69 价=1.43 涨=2.07%  PE=None(None%) PB=None(None%)
2026-08-12 17:21:36  [ 36] 512690 酒ETF鹏华  完成  日J=71.4 周J=107.17 月J=32.77 价=0.45 涨=2.04%  PE=19.85(20.7%) PB=None(None%)
2026-08-12 17:21:38  [ 37] 512070 证券保险ETF易方达  完成  日J=4.76 周J=67.46 月J=11.58 价=0.79 涨=0.38%  PE=9.59(1.65%) PB=None(None%)
2026-08-12 17:21:39  [ 38] 159870 化工ETF鹏华  完成  日J=68.05 周J=54.41 月J=21.12 价=0.82 涨=0.0%  PE=22.5(58.12%) PB=None(None%)
2026-08-12 17:21:41  [ 39] 515220 煤炭ETF国泰  完成  日J=89.16 周J=78.28 月J=38.16 价=1.25 涨=-0.87%  PE=18.6(86.89%) PB=1.76(96.16%)
2026-08-12 17:21:42  [ 40] 513630 港股低波红利ETF摩根  完成  日J=-1.18 周J=71.42 月J=28.0 价=1.56 涨=-1.45%  PE=None(None%) PB=None(None%)
2026-08-12 17:21:44  [ 41] 512760 芯片ETF国泰  完成  日J=111.14 周J=7.97 月J=42.39 价=1.16 涨=1.75%  PE=92.06(81.53%) PB=None(None%)
2026-08-12 17:21:45  [ 42] 159611 电力ETF广发  完成  日J=35.23 周J=41.13 月J=13.61 价=1.06 涨=-0.65%  PE=15.75(69.94%) PB=None(None%)
2026-08-12 17:21:47  [ 43] 516650 有色金属ETF华夏  完成  日J=70.7 周J=77.38 月J=5.89 价=1.89 涨=1.07%  PE=19.62(26.03%) PB=None(None%)
2026-08-12 17:21:47  [ 44] 560860 工业有色ETF万家  失败: HTTPSConnectionPool(host='ifzq.gtimg.cn', port=443): Max retries exceeded with url: /appstock/app/fqkline/get?param=sh560860%2Cday%2C%2C%2C800%2Cqfq (Caused by NameResolutionError("HTTPSConnection(host='ifzq.gtimg.cn', port=443): Failed to resolve 'ifzq.gtimg.cn' ([Errno 11001] getaddrinfo failed)"))
2026-08-12 17:21:48  [ 45] 512800 银行ETF华宝  失败: HTTPSConnectionPool(host='ifzq.gtimg.cn', port=443): Max retries exceeded with url: /appstock/app/fqkline/get?param=sh512800%2Cday%2C%2C%2C800%2Cqfq (Caused by NameResolutionError("HTTPSConnection(host='ifzq.gtimg.cn', port=443): Failed to resolve 'ifzq.gtimg.cn' ([Errno 11001] getaddrinfo failed)"))
2026-08-12 17:21:54  [ 46] 159852 软件ETF嘉实  完成  日J=60.77 周J=86.37 月J=4.63 价=0.72 涨=-0.69%  PE=58.3(54.68%) PB=None(None%)
2026-08-12 17:21:55  [ 47] 159869 游戏ETF华夏  完成  日J=72.77 周J=97.75 月J=4.02 价=1.14 涨=0.62%  PE=20.28(19.64%) PB=None(None%)
2026-08-12 17:21:57  [ 48] 159755 电池ETF广发  完成  日J=93.07 周J=33.35 月J=7.11 价=0.98 涨=0.31%  PE=25.78(37.84%) PB=3.52(51.48%)
2026-08-12 17:21:58  [ 49] 563300 中证2000ETF华泰柏瑞  完成  日J=107.25 周J=46.18 月J=33.69 价=1.44 涨=1.7%  PE=39.78(68.73%) PB=None(None%)
2026-08-12 17:21:59  [ 50] 512710 军工龙头ETF富国  完成  日J=75.53 周J=44.61 月J=-6.4 价=0.63 涨=0.96%  PE=None(None%) PB=None(None%)
2026-08-12 17:22:00  [ 51] 159307 红利低波100ETF博时  完成  日J=4.57 周J=84.55 月J=56.8 价=1.03 涨=-0.1%  PE=8.6(77.08%) PB=None(None%)
2026-08-12 17:22:02  [ 52] 159363 创业板人工智能ETF华宝  完成  日J=99.44 周J=29.02 月J=44.44 价=1.25 涨=1.96%  PE=None(None%) PB=None(None%)
2026-08-12 17:22:03  [ 53] 516150 稀土ETF嘉实  完成  日J=70.59 周J=32.68 月J=15.75 价=1.8 涨=0.56%  PE=30.62(35.25%) PB=None(None%)
2026-08-12 17:22:04  [ 54] 512660 军工ETF国泰  完成  日J=86.75 周J=42.58 月J=-0.29 价=1.16 涨=0.7%  PE=47.16(16.62%) PB=3.36(60.48%)
2026-08-12 17:22:06  [ 55] 159263 价值ETF易方达  完成  日J=12.6 周J=97.14 月J=49.17 价=1.15 涨=-0.17%  PE=None(None%) PB=None(None%)
2026-08-12 17:22:07  [ 56] 159851 金融科技ETF华宝  完成  日J=54.71 周J=67.45 月J=4.52 价=0.64 涨=0.47%  PE=33.45(13.4%) PB=None(None%)
2026-08-12 17:22:08  [ 57] 159865 养殖ETF国泰  完成  日J=77.91 周J=107.17 月J=22.2 价=0.54 涨=0.18%  PE=23.33(55.21%) PB=None(None%)
2026-08-12 17:22:10  [ 58] 515980 人工智能ETF华富  完成  日J=86.16 周J=20.25 月J=44.12 价=1.06 涨=1.05%  PE=53.15(85.76%) PB=None(None%)
2026-08-12 17:22:11  [ 59] 512950 央企改革ETF华夏  完成  日J=86.63 周J=45.54 月J=39.45 价=1.52 涨=0.33%  PE=15.8(83.54%) PB=None(None%)
2026-08-12 17:22:12  [ 60] 159796 电池ETF汇添富  完成  日J=99.07 周J=31.83 月J=13.86 价=0.89 涨=1.02%  PE=None(None%) PB=None(None%)
2026-08-12 17:22:14  [ 61] 159967 创业板成长ETF华夏  完成  日J=104.42 周J=18.7 月J=40.38 价=0.82 涨=2.62%  PE=None(None%) PB=None(None%)
2026-08-12 17:22:15  [ 62] 588220 科创100ETF鹏华  完成  日J=112.38 周J=24.26 月J=44.99 价=1.82 涨=1.9%  PE=None(None%) PB=None(None%)
2026-08-12 17:22:16  全部完成，结果已写入 C:\Users\hailo\Desktop\每周自动指标\output_etf\2026-08-12\metrics_2026-08-12.csv
2026-08-12 17:22:16  步骤2完成 -> C:\Users\hailo\Desktop\每周自动指标\output_etf\2026-08-12\metrics_2026-08-12.csv
2026-08-12 17:22:16  步骤3: 生成 HTML 总结报告...
2026-08-12 17:22:16  步骤3完成 -> C:\Users\hailo\Desktop\每周自动指标\output_etf\2026-08-12\report_2026-08-12.html
2026-08-12 17:22:16  步骤4: 发送邮件报告...
2026-08-12 17:22:18  步骤4完成: 邮件已发送
2026-08-12 17:22:18  ===== 全部完成 2026-08-12 =====
2026-08-12 19:00:16  今日(2026-08-12)已完成，跳过。结果目录: C:\Users\hailo\Desktop\每周自动指标\output_etf\2026-08-12
