2026-09-04 20:51:48  ===== 开始每日指标任务 2026-09-04 =====
2026-09-04 20:51:48  步骤1: 获取 A股市值前100…
2026-09-04 20:51:49  步骤1完成 -> /home/runner/work/daily-stock-metrics/daily-stock-metrics/output/2026-09-04/top100_2026-09-04.csv
2026-09-04 20:51:49  步骤2: 计算 KDJ-J(日/周/月) 及 PE/PB 历史分位…
2026-09-04 20:51:49  观察池: 共105只(含历史追踪5只) -> /home/runner/work/daily-stock-metrics/daily-stock-metrics/output/2026-09-04/tracked_2026-09-04.csv
2026-09-04 20:51:49  待处理 105 条，并发数 8
2026-09-04 20:51:53  [  1] 688825 长鑫科技  完成  日J=4.16 周J=78.7 月J=None MA20=56.175 MA60=None 多头=None 价=54.8 涨=-1.35%  PE=45.47(6.67%) PB=27.61(56.67%)
2026-09-04 20:51:53  [  6] 601988 中国银行  完成  日J=74.64 周J=99.08 月J=104.3 MA20=6.162 MA60=5.948 多头=1 价=6.57 涨=0.46%  PE=8.5(99.91%) PB=0.77(94.35%)
2026-09-04 20:51:53  [  2] 601398 工商银行  完成  日J=68.4 周J=88.8 月J=101.12 MA20=7.822 MA60=7.592 多头=1 价=8.13 涨=0.37%  PE=7.74(95.87%) PB=0.73(69.9%)
2026-09-04 20:51:53  [  8] 600519 贵州茅台  完成  日J=84.91 周J=86.33 月J=46.79 MA20=1311.277 MA60=1270.427 多头=1 价=1330.0 涨=2.4%  PE=20.42(11.73%) PB=6.62(4.27%)
2026-09-04 20:51:53  [  4] 601288 农业银行  完成  日J=56.62 周J=93.82 月J=60.32 MA20=6.743 MA60=6.542 多头=1 价=6.96 涨=1.02%  PE=8.18(93.49%) PB=0.85(86.56%)
2026-09-04 20:51:53  [  5] 600941 中国移动  完成  日J=91.98 周J=105.51 月J=97.96 MA20=97.817 MA60=94.232 多头=1 价=100.3 涨=-0.23%  PE=16.51(72.44%) PB=1.53(41.61%)
2026-09-04 20:51:53  [  7] 601857 中国石油  完成  日J=39.41 周J=100.79 月J=45.19 MA20=11.048 MA60=10.316 多头=1 价=11.17 涨=-0.36%  PE=11.61(50.09%) PB=1.25(91.69%)
2026-09-04 20:51:54  [  3] 601939 建设银行  完成  日J=66.29 周J=92.19 月J=103.26 MA20=10.596 MA60=10.201 多头=1 价=10.98 涨=0.27%  PE=8.29(97.77%) PB=0.8(74.69%)
2026-09-04 20:51:55  [  9] 300750 宁德时代  完成  日J=1.0 周J=24.56 月J=8.21 MA20=379.269 MA60=382.295 多头=0 价=351.0 涨=0.43%  PE=19.11(10.54%) PB=4.28(13.69%)
2026-09-04 20:51:56  [ 10] 600938 中国海油  完成  日J=28.35 周J=102.02 月J=30.81 MA20=33.462 MA60=31.041 多头=1 价=33.41 涨=-0.06%  PE=11.48(85.04%) PB=1.85(76.67%)
2026-09-04 20:51:56  [ 11] 601138 工业富联  完成  日J=64.8 周J=65.24 月J=37.94 MA20=63.947 MA60=64.838 多头=0 价=63.69 涨=0.78%  PE=26.94(86.91%) PB=7.19(91.81%)
2026-09-04 20:51:56  [ 16] 601088 中国神华  完成  日J=24.48 周J=101.7 月J=80.05 MA20=46.487 MA60=43.746 多头=1 价=47.61 涨=-0.36%  PE=19.13(97.67%) PB=2.29(98.96%)
2026-09-04 20:51:56  [ 14] 600036 招商银行  完成  日J=101.07 周J=99.17 月J=105.64 MA20=39.48 MA60=38.204 多头=1 价=41.69 涨=1.51%  PE=6.93(34.71%) PB=0.92(18.61%)
2026-09-04 20:51:56  [ 13] 601318 中国平安  完成  日J=87.57 周J=105.82 月J=33.4 MA20=54.37 MA60=52.557 多头=1 价=58.24 涨=0.41%  PE=6.62(0.85%) PB=1.03(33.57%)
2026-09-04 20:51:56  [ 12] 601628 中国人寿  完成  日J=75.43 周J=46.6 月J=33.46 MA20=37.833 MA60=37.792 多头=1 价=39.17 涨=-0.25%  PE=4.47(0.24%) PB=1.67(8.36%)
2026-09-04 20:51:56  [ 15] 688981 中芯国际  完成  日J=35.92 周J=1.28 月J=35.52 MA20=126.564 MA60=137.588 多头=0 价=121.14 涨=-2.2%  PE=143.9(63.85%) PB=6.05(84.31%)
2026-09-04 20:51:57  [ 17] 300308 中际旭创  完成  日J=2.55 周J=-1.01 月J=22.22 MA20=886.035 MA60=1042.034 多头=0 价=814.0 涨=0.12%  PE=46.88(49.24%) PB=24.06(94.68%)
2026-09-04 20:51:58  [ 21] 688256 寒武纪  完成  日J=81.62 周J=8.06 月J=37.99 MA20=1076.436 MA60=1235.919 多头=0 价=1072.0 涨=-2.54%  PE=202.32(78.11%) PB=49.73(86.5%)
2026-09-04 20:51:58  [ 18] 601899 紫金矿业  完成  日J=24.4 周J=94.73 月J=36.48 MA20=33.538 MA60=30.597 多头=1 价=33.35 涨=0.12%  PE=13.11(9.02%) PB=4.39(82.19%)
2026-09-04 20:51:58  [ 19] 002594 比亚迪  完成  日J=-5.89 周J=42.59 月J=32.49 MA20=89.782 MA60=89.121 多头=1 价=87.4 涨=0.1%  PE=27.07(23.6%) PB=3.32(26.26%)
2026-09-04 20:51:58  [ 20] 600900 长江电力  完成  日J=67.93 周J=64.28 月J=89.46 MA20=28.208 MA60=27.657 多头=1 价=28.42 涨=-0.07%  PE=19.21(52.18%) PB=3.22(85.71%)
2026-09-04 20:51:59  [ 22] 000333 美的集团  完成  日J=70.04 周J=83.38 月J=96.71 MA20=85.578 MA60=82.242 多头=1 价=87.57 涨=0.37%  PE=15.05(55.84%) PB=3.15(51.95%)
2026-09-04 20:51:59  [ 23] 600028 中国石化  完成  日J=60.54 周J=97.43 月J=21.3 MA20=5.242 MA60=5.026 多头=1 价=5.48 涨=0.55%  PE=18.43(87.46%) PB=0.79(40.55%)
2026-09-04 20:51:59  [ 24] 601328 交通银行  完成  日J=79.67 周J=96.55 月J=106.43 MA20=7.115 MA60=6.874 多头=1 价=7.42 涨=1.37%  PE=6.73(92.07%) PB=0.56(61.11%)
2026-09-04 20:52:00  [ 25] 601658 邮储银行  完成  日J=75.96 周J=69.12 月J=86.36 MA20=5.091 MA60=5.023 多头=1 价=5.42 涨=-0.55%  PE=7.26(78.23%) PB=0.62(28.13%)
2026-09-04 20:52:01  [ 29] 601998 中信银行  完成  日J=75.04 周J=111.99 月J=101.22 MA20=8.284 MA60=7.7 多头=1 价=8.89 涨=1.25%  PE=6.9(91.41%) PB=0.66(76.26%)
2026-09-04 20:52:01  [ 28] 300502 新易盛  完成  日J=8.04 周J=9.67 月J=27.74 MA20=414.469 MA60=477.691 多头=0 价=386.0 涨=0.32%  PE=41.02(32.29%) PB=22.15(90.31%)
2026-09-04 20:52:01  [ 26] 601728 中国电信  完成  日J=57.99 周J=89.63 月J=67.4 MA20=6.439 MA60=6.047 多头=1 价=6.38 涨=-0.31%  PE=19.62(80.52%) PB=1.24(62.68%)
2026-09-04 20:52:01  [ 30] 002371 北方华创  完成  日J=0.72 周J=-4.82 月J=35.44 MA20=713.964 MA60=741.099 多头=0 价=638.17 涨=-2.69%  PE=81.48(41.55%) PB=11.42(76.5%)
2026-09-04 20:52:01  [ 31] 603259 XD药明康  完成  日J=35.63 周J=70.32 月J=82.46 MA20=159.518 MA60=134.175 多头=1 价=153.83 涨=-1.47%  PE=21.33(28.94%) PB=5.55(48.54%)
2026-09-04 20:52:01  [ 32] 600030 中信证券  完成  日J=78.69 周J=26.65 月J=81.49 MA20=27.599 MA60=27.982 多头=0 价=27.99 涨=0.47%  PE=11.03(0.47%) PB=1.48(47.29%)
2026-09-04 20:52:01  [ 27] 688041 海光信息  完成  日J=74.77 周J=-2.22 月J=14.0 MA20=258.998 MA60=299.256 多头=0 价=243.67 涨=-1.03%  PE=180.26(63.18%) PB=22.32(76.27%)
2026-09-04 20:52:03  [ 33] 002475 立讯精密  完成  日J=50.49 周J=16.9 月J=20.83 MA20=56.052 MA60=60.496 多头=0 价=54.3 涨=-3.33%  PE=23.61(23.12%) PB=4.51(25.59%)
2026-09-04 20:52:03  [ 36] 688347 华虹宏力  完成  日J=31.24 周J=-8.37 月J=34.09 MA20=249.096 MA60=285.066 多头=0 价=223.5 涨=-8.88%  PE=553.93(65.37%) PB=8.21(90.51%)
2026-09-04 20:52:03  [ 35] 603993 洛阳钼业  完成  日J=8.25 周J=50.75 月J=7.24 MA20=18.913 MA60=18.869 多头=1 价=18.48 涨=-0.7%  PE=14.21(12.01%) PB=4.41(89.22%)
2026-09-04 20:52:03  [ 34] 688235 百济神州  完成  日J=30.48 周J=41.11 月J=59.92 MA20=283.003 MA60=264.797 多头=1 价=271.0 涨=0.71%  PE=97.62(89.09%) PB=11.8(74.69%)
2026-09-04 20:52:04  [ 37] 601166 兴业银行  完成  日J=76.08 周J=54.1 月J=44.5 MA20=18.027 MA60=17.873 多头=1 价=18.22 涨=1.62%  PE=5.11(43.3%) PB=0.46(6.93%)
2026-09-04 20:52:04  [ 38] 601319 中国人保  完成  日J=89.4 周J=77.63 月J=35.65 MA20=7.226 MA60=7.127 多头=1 价=7.99 涨=-0.62%  PE=6.21(0.21%) PB=1.04(32.63%)
2026-09-04 20:52:04  [ 39] 600183 生益科技  完成  日J=52.3 周J=57.58 月J=56.74 MA20=138.296 MA60=143.37 多头=0 价=137.5 涨=-3.97%  PE=64.3(96.53%) PB=18.05(97.77%)
2026-09-04 20:52:04  [ 40] 601601 中国太保  完成  日J=88.29 周J=95.76 月J=24.43 MA20=31.381 MA60=30.653 多头=1 价=34.21 涨=0.5%  PE=5.84(3.13%) PB=1.03(20.09%)
2026-09-04 20:52:05  [ 41] 002384 东山精密  完成  日J=-5.83 周J=11.5 月J=46.18 MA20=195.88 MA60=217.652 多头=0 价=178.67 涨=-0.27%  PE=91.29(88.6%) PB=13.43(95.68%)
2026-09-04 20:52:06  [ 42] 688012 中微公司  完成  日J=-3.37 周J=10.6 月J=46.27 MA20=366.049 MA60=377.765 多头=0 价=335.42 涨=-1.64%  PE=75.94(39.6%) PB=10.7(70.98%)
2026-09-04 20:52:06  [ 43] 002415 海康威视  完成  日J=45.16 周J=36.68 月J=75.24 MA20=35.021 MA60=34.321 多头=1 价=34.87 涨=-0.31%  PE=19.45(9.12%) PB=3.79(22.6%)
2026-09-04 20:52:06  [ 44] 601211 国泰海通  完成  日J=75.24 周J=4.63 月J=47.64 MA20=17.831 MA60=18.177 多头=0 价=17.87 涨=1.02%  PE=9.72(4.99%) PB=0.95(28.54%)
2026-09-04 20:52:06  [ 46] 601869 长飞光纤  完成  日J=31.69 周J=56.66 月J=47.69 MA20=377.568 MA60=401.014 多头=0 价=378.8 涨=-3.73%  PE=91.1(87.48%) PB=19.16(95.79%)
2026-09-04 20:52:07  [ 48] 300059 东方财富  完成  日J=36.66 周J=8.95 月J=23.23 MA20=19.315 MA60=19.803 多头=0 价=19.15 涨=0.74%  PE=20.78(2.28%) PB=3.08(9.21%)
2026-09-04 20:52:07  [ 47] 600276 恒瑞医药  完成  日J=26.75 周J=-8.26 月J=-1.18 MA20=49.49 MA60=51.802 多头=0 价=46.02 涨=0.13%  PE=39.53(2.23%) PB=4.74(0.14%)
2026-09-04 20:52:07  [ 45] 600000 浦发银行  完成  日J=94.07 周J=77.5 月J=32.7 MA20=9.164 MA60=8.965 多头=1 价=9.43 涨=1.73%  PE=6.13(71.6%) PB=0.42(32.91%)
2026-09-04 20:52:08  [ 49] 600150 中国船舶  完成  日J=81.16 周J=85.19 月J=48.01 MA20=34.106 MA60=34.466 多头=0 价=37.47 涨=9.18%  PE=20.11(25.59%) PB=1.85(36.56%)
2026-09-04 20:52:08  [ 51] 300394 天孚通信  完成  日J=20.07 周J=78.39 月J=39.91 MA20=258.418 MA60=255.253 多头=1 价=248.7 涨=-0.04%  PE=116.82(94.59%) PB=43.42(95.63%)
2026-09-04 20:52:08  [ 50] 000858 五 粮 液  完成  日J=57.76 周J=38.16 月J=9.4 MA20=72.487 MA60=73.146 多头=0 价=71.98 涨=1.84%  PE=21.36(24.83%) PB=2.36(1.09%)
2026-09-04 20:52:08  [ 55] 688808 联讯仪器  完成  日J=88.57 周J=93.33 月J=76.18 MA20=2296.601 MA60=2163.114 多头=1 价=2465.0 涨=-2.49%  PE=369.86(7.61%) PB=74.7(52.17%)
2026-09-04 20:52:09  [ 52] 603986 兆易创新  完成  日J=18.04 周J=-0.59 月J=12.57 MA20=402.906 MA60=502.211 多头=0 价=371.88 涨=-2.95%  PE=33.02(10.54%) PB=7.02(40.74%)
2026-09-04 20:52:09  [ 53] 601225 陕西煤业  完成  日J=5.15 周J=95.21 月J=88.24 MA20=26.079 MA60=24.293 多头=1 价=26.24 涨=0.0%  PE=12.47(89.89%) PB=2.52(90.03%)
2026-09-04 20:52:09  [ 54] 002714 牧原股份  完成  日J=95.97 周J=107.7 月J=60.91 MA20=40.534 MA60=38.412 多头=1 价=43.97 涨=4.49%  PE=-226.48(13.01%) PB=3.21(14.72%)
2026-09-04 20:52:10  [ 56] 688802 沐曦股份-U  完成  日J=10.22 周J=-8.62 月J=37.85 MA20=699.328 MA60=757.658 多头=0 价=631.1 涨=-4.4%  PE=28382.2(97.71%) PB=18.2(26.29%)
2026-09-04 20:52:10  [ 59] 688795 摩尔线程-U  完成  日J=17.36 周J=-5.38 月J=5.62 MA20=549.859 MA60=610.0 多头=0 价=519.35 涨=-1.11%  PE=-329.25(43.72%) PB=20.05(0.55%)
2026-09-04 20:52:10  [ 57] 002379 宏桥控股  完成  日J=71.23 周J=68.67 月J=9.95 MA20=18.924 MA60=17.852 多头=1 价=18.94 涨=-1.41%  PE=10.0(63.68%) PB=4.26(81.24%)
2026-09-04 20:52:11  [ 63] 688820 盛合晶微  完成  日J=46.69 周J=0.78 月J=16.16 MA20=132.988 MA60=155.035 多头=0 价=124.17 涨=-3.94%  PE=247.39(23.16%) PB=11.99(11.58%)
2026-09-04 20:52:11  [ 58] 601919 中远海控  完成  日J=-8.3 周J=77.2 月J=78.8 MA20=16.41 MA60=15.064 多头=1 价=16.06 涨=-3.08%  PE=9.17(57.26%) PB=1.05(40.17%)
2026-09-04 20:52:11  [ 60] 600309 万华化学  完成  日J=85.33 周J=99.66 月J=27.54 MA20=75.118 MA60=73.013 多头=1 价=77.66 涨=0.36%  PE=14.76(38.79%) PB=2.14(11.3%)
2026-09-04 20:52:12  [ 62] 000338 潍柴动力  完成  日J=32.67 周J=51.03 月J=47.92 MA20=28.471 MA60=27.877 多头=1 价=26.85 涨=2.56%  PE=17.86(81.67%) PB=2.41(79.01%)
2026-09-04 20:52:12  [ 61] 601816 京沪高铁  完成  日J=60.6 周J=71.0 月J=84.06 MA20=4.92 MA60=4.789 多头=1 价=4.9 涨=0.41%  PE=17.59(1.55%) PB=1.14(3.17%)
2026-09-04 20:52:12  [ 64] 000001 平安银行  完成  日J=69.82 周J=100.51 月J=109.32 MA20=11.492 MA60=11.044 多头=1 价=11.89 涨=0.08%  PE=5.31(37.32%) PB=0.49(15.0%)
2026-09-04 20:52:13  [ 65] 688008 澜起科技  完成  日J=-2.67 周J=2.17 月J=26.25 MA20=204.44 MA60=229.631 多头=0 价=187.7 涨=-1.22%  PE=74.53(42.14%) PB=10.65(66.71%)
2026-09-04 20:52:13  [ 66] 002142 宁波银行  完成  日J=63.05 周J=104.04 月J=97.16 MA20=33.364 MA60=31.717 多头=1 价=34.5 涨=0.29%  PE=7.32(35.85%) PB=0.94(31.48%)
2026-09-04 20:52:14  [ 67] 002916 深南电路  完成  日J=6.84 周J=26.01 月J=40.0 MA20=361.106 MA60=378.485 多头=0 价=331.8 涨=-2.85%  PE=54.24(82.72%) PB=12.54(89.08%)
2026-09-04 20:52:14  [ 68] 600919 江苏银行  完成  日J=56.26 周J=98.4 月J=107.63 MA20=11.968 MA60=11.522 多头=1 价=12.28 涨=1.32%  PE=6.24(85.33%) PB=0.83(91.88%)
2026-09-04 20:52:14  [ 71] 300408 三环集团  完成  日J=41.81 周J=25.63 月J=42.6 MA20=116.72 MA60=125.556 多头=0 价=108.4 涨=-2.26%  PE=65.32(96.49%) PB=9.56(96.96%)
2026-09-04 20:52:14  [ 69] 003816 中国广核  完成  日J=92.37 周J=99.45 月J=49.83 MA20=4.053 MA60=4.003 多头=1 价=4.37 涨=-0.68%  PE=22.24(92.08%) PB=1.78(83.4%)
2026-09-04 20:52:14  [ 70] 000651 格力电器  完成  日J=21.67 周J=74.13 月J=93.75 MA20=38.806 MA60=37.686 多头=1 价=38.98 涨=0.62%  PE=7.83(31.43%) PB=1.47(3.94%)
2026-09-04 20:52:15  [ 75] 688836 宇树科技-W  完成  日J=1.68 周J=None 月J=None MA20=None MA60=None 多头=None 价=530.3 涨=-3.66%  PE=367.13(7.69%) PB=74.48(7.69%)
2026-09-04 20:52:15  [ 72] 600188 兖矿能源  完成  日J=16.43 周J=93.22 月J=59.39 MA20=22.047 MA60=20.212 多头=1 价=21.56 涨=-0.87%  PE=20.24(94.78%) PB=2.82(84.52%)
2026-09-04 20:52:15  [ 74] 002463 沪电股份  完成  日J=6.17 周J=33.3 月J=46.38 MA20=119.55 MA60=125.281 多头=0 价=111.5 涨=-4.23%  PE=42.38(90.5%) PB=11.93(96.2%)
2026-09-04 20:52:15  [ 73] 300476 胜宏科技  完成  日J=-4.88 周J=38.14 月J=3.2 MA20=253.295 MA60=271.244 多头=0 价=219.5 涨=-1.35%  PE=42.92(77.68%) PB=5.69(81.1%)
2026-09-04 20:52:16  [ 76] 000725 京东方Ａ  完成  日J=23.78 周J=0.32 月J=31.03 MA20=5.898 MA60=6.43 多头=0 价=5.61 涨=-1.75%  PE=26.45(47.15%) PB=1.56(68.9%)
2026-09-04 20:52:16  [ 77] 300760 迈瑞医疗  完成  日J=83.54 周J=109.36 月J=54.06 MA20=158.903 MA60=150.112 多头=1 价=169.91 涨=1.34%  PE=26.18(18.68%) PB=5.08(5.37%)
2026-09-04 20:52:16  [ 78] 600690 海尔智家  完成  日J=98.45 周J=79.87 月J=43.02 MA20=21.137 MA60=20.514 多头=1 价=22.0 涨=0.82%  PE=11.47(8.83%) PB=1.71(4.46%)
2026-09-04 20:52:17  [ 79] 603288 海天味业  完成  日J=22.69 周J=19.28 月J=29.39 MA20=35.205 MA60=35.199 多头=1 价=34.4 涨=0.82%  PE=27.51(1.28%) PB=5.15(3.18%)
2026-09-04 20:52:17  [ 80] 601898 中煤能源  完成  日J=27.36 周J=100.09 月J=35.72 MA20=14.551 MA60=13.684 多头=1 价=15.18 涨=1.81%  PE=10.98(57.69%) PB=1.21(94.73%)
2026-09-04 20:52:18  [ 81] 603268 松发股份  完成  日J=63.48 周J=101.75 月J=97.06 MA20=183.258 MA60=163.393 多头=1 价=192.6 涨=0.86%  PE=34.94(47.77%) PB=15.02(82.24%)
2026-09-04 20:52:18  [ 82] 601066 中信建投  完成  日J=55.9 周J=4.45 月J=49.49 MA20=25.285 MA60=26.388 多头=0 价=25.28 涨=1.12%  PE=15.6(1.55%) PB=2.24(15.89%)
2026-09-04 20:52:19  [ 83] 601336 新华保险  完成  日J=78.49 周J=55.84 月J=16.91 MA20=59.552 MA60=60.423 多头=0 价=62.25 涨=0.53%  PE=4.39(0.33%) PB=1.57(47.77%)
2026-09-04 20:52:19  [ 84] 002938 鹏鼎控股  完成  日J=1.16 周J=21.24 月J=47.05 MA20=91.044 MA60=95.459 多头=0 价=83.29 涨=-1.47%  PE=50.95(95.96%) PB=5.61(86.9%)
2026-09-04 20:52:19  [ 85] 601985 中国核电  完成  日J=98.12 周J=72.85 月J=87.38 MA20=8.861 MA60=8.866 多头=0 价=9.08 涨=-0.44%  PE=25.66(99.76%) PB=1.58(40.88%)
2026-09-04 20:52:19  [ 87] 600031 三一重工  完成  日J=75.68 周J=70.36 月J=42.49 MA20=19.2 MA60=18.996 多头=1 价=20.0 涨=0.3%  PE=20.7(45.58%) PB=2.0(17.85%)
2026-09-04 20:52:19  [ 86] 300433 蓝思科技  完成  日J=-9.25 周J=15.57 月J=27.78 MA20=36.943 MA60=40.976 多头=0 价=35.14 涨=-2.04%  PE=53.74(82.05%) PB=3.51(80.39%)
2026-09-04 20:52:20  [ 88] 300274 阳光电源  完成  日J=0.56 周J=3.01 月J=-16.55 MA20=106.572 MA60=118.955 多头=0 价=88.43 涨=1.55%  PE=16.69(27.16%) PB=3.66(33.14%)
2026-09-04 20:52:20  [ 89] 688498 源杰科技  完成  日J=7.07 周J=52.63 月J=60.87 MA20=1517.337 MA60=1543.543 多头=0 价=1466.0 涨=-2.79%  PE=242.8(45.83%) PB=58.1(94.1%)
2026-09-04 20:52:21  [ 91] 600025 华能水电  完成  日J=63.3 周J=51.82 月J=64.25 MA20=9.695 MA60=9.614 多头=1 价=9.76 涨=-0.61%  PE=21.98(78.73%) PB=2.6(73.74%)
2026-09-04 20:52:21  [ 90] 600406 国电南瑞  完成  日J=14.61 周J=42.1 月J=4.95 MA20=23.282 MA60=23.192 多头=1 价=22.71 涨=0.53%  PE=21.72(12.96%) PB=3.5(26.69%)
2026-09-04 20:52:21  [ 92] 601668 中国建筑  完成  日J=39.07 周J=44.49 月J=43.61 MA20=4.42 MA60=4.431 多头=0 价=4.4 涨=0.69%  PE=5.74(78.06%) PB=0.37(0.57%)
2026-09-04 20:52:21  [ 93] 688072 拓荆科技  完成  日J=-2.93 周J=5.26 月J=44.82 MA20=681.284 MA60=691.705 多头=0 价=621.93 涨=-2.98%  PE=83.54(33.65%) PB=14.29(79.61%)
2026-09-04 20:52:22  [ 94] 601818 光大银行  完成  日J=80.03 周J=49.98 月J=47.78 MA20=3.029 MA60=3.035 多头=0 价=3.05 涨=-0.33%  PE=5.48(63.58%) PB=0.36(1.23%)
2026-09-04 20:52:22  [ 97] 301666 大普微-UW  完成  日J=14.14 周J=12.22 月J=14.36 MA20=432.868 MA60=514.302 多头=0 价=405.48 涨=-4.9%  PE=146.53(12.24%) PB=48.51(6.12%)
2026-09-04 20:52:22  [ 95] 601766 中国中车  完成  日J=60.39 周J=106.54 月J=67.5 MA20=6.085 MA60=5.739 多头=1 价=6.25 涨=1.3%  PE=12.88(8.12%) PB=1.02(17.09%)
2026-09-04 20:52:23  [ 96] 600989 宝丰能源  完成  日J=74.38 周J=104.18 月J=22.25 MA20=23.392 MA60=22.211 多头=1 价=24.4 涨=0.08%  PE=11.65(0.84%) PB=3.24(63.8%)
2026-09-04 20:52:23  [ 98] 601688 华泰证券  完成  日J=90.44 周J=29.53 月J=21.1 MA20=19.021 MA60=19.659 多头=0 价=19.56 涨=0.31%  PE=8.6(0.19%) PB=0.99(37.32%)
2026-09-04 20:52:23  [ 99] 600547 山东黄金  完成  日J=84.92 周J=111.1 月J=27.96 MA20=34.031 MA60=28.592 多头=1 价=37.9 涨=1.07%  PE=31.92(11.25%) PB=5.27(83.9%)
2026-09-04 20:52:24  [100] 000776 广发证券  完成  日J=89.1 周J=37.66 月J=63.25 MA20=21.164 MA60=21.492 多头=0 价=22.2 涨=0.23%  PE=9.2(0.24%) PB=1.26(70.47%)
2026-09-04 20:52:24  [101] 300604 长川科技  完成  日J=18.07 周J=10.67 月J=50.21 MA20=279.266 MA60=287.429 多头=0 价=254.23 涨=-5.71%  PE=87.86(35.04%) PB=29.15(97.15%)
2026-09-04 20:52:24  [102] 002352 顺丰控股  完成  日J=18.2 周J=33.22 月J=25.11 MA20=32.817 MA60=32.941 多头=0 价=32.22 涨=0.53%  PE=15.59(2.71%) PB=1.65(0.71%)
2026-09-04 20:52:24  [103] 301377 鼎泰高科  完成  日J=8.27 周J=19.24 月J=36.97 MA20=418.341 MA60=457.83 多头=0 价=376.21 涨=-3.54%  PE=167.4(83.7%) PB=51.08(93.48%)
2026-09-04 20:52:25  [104] 600487 亨通光电  完成  日J=35.79 周J=33.05 月J=25.41 MA20=63.467 MA60=73.697 多头=0 价=62.22 涨=-4.7%  PE=36.65(93.92%) PB=4.55(93.49%)
2026-09-04 20:52:26  [105] 600176 中国巨石  完成  日J=43.87 周J=8.95 月J=27.8 MA20=42.485 MA60=48.354 多头=0 价=40.18 涨=-5.75%  PE=35.49(92.83%) PB=4.85(96.96%)
2026-09-04 20:52:26  全部完成，结果已写入 /home/runner/work/daily-stock-metrics/daily-stock-metrics/output/2026-09-04/metrics_2026-09-04.csv
2026-09-04 20:52:26  步骤2完成 -> /home/runner/work/daily-stock-metrics/daily-stock-metrics/output/2026-09-04/metrics_2026-09-04.csv
2026-09-04 20:52:26  步骤2.5: 获取全市场大盘温度（活跃市值指标）…
2026-09-04 20:53:43  步骤2.5完成
2026-09-04 20:53:43  步骤2.6: 本地聚合 → 行业板块温度 / 大盘宽度仪表盘 / 机会榜
2026-09-04 20:53:43    - 板块温度: 12 个行业
2026-09-04 20:53:43    - 机会榜: 超跌 16 / 超买 6
2026-09-04 20:53:43  步骤2.6完成
2026-09-04 20:53:43  步骤3: 生成 HTML 总结报告…
2026-09-04 20:53:44  步骤3完成 -> /home/runner/work/daily-stock-metrics/daily-stock-metrics/output/2026-09-04/report_2026-09-04.html
2026-09-04 20:53:44  步骤4: 生成个股股价走势图（含每日信号）…
2026-09-04 20:53:44  步骤4完成 -> /home/runner/work/daily-stock-metrics/daily-stock-metrics/output/stock_charts.html
2026-09-04 20:53:44  步骤4.5: 生成昨日推荐回顾…
2026-09-04 20:53:44  步骤4.5完成 -> 已追加昨日推荐回顾
2026-09-04 20:53:44  步骤5: 发送邮件报告…
2026-09-04 20:53:51  步骤5完成: 邮件已发送
2026-09-04 20:53:51  ===== 全部完成 2026-09-04 =====
2026-09-04 21:18:28  今日(2026-09-04)已完成，跳过。结果目录: /home/runner/work/daily-stock-metrics/daily-stock-metrics/output/2026-09-04
