2026-09-17 21:45:29  ===== 开始每日港股通指标任务 2026-09-17 =====
2026-09-17 21:45:29  步骤1: 获取港股通总市值前100标的...
获取港股通标的列表(共取市值前 100 只)...
接口返回 100 只港股通标的
2026-09-17 21:45:53  步骤1完成 -> /home/runner/work/daily-stock-metrics/daily-stock-metrics/output_hk/2026-09-17/hk_list_2026-09-17.csv
2026-09-17 21:45:53  步骤2: 计算 KDJ-J(日/周/月)...
2026-09-17 21:45:53  步骤2: 计算指标...
2026-09-17 21:45:53  观察池: 共105只(含历史追踪5只)
2026-09-17 21:45:53  待处理 105 条，并发数 8
2026-09-17 21:45:56  [  5] 03750 宁德时代  完成  日J=19.87 周J=2.33 月J=14.3 MA20=576.825 MA60=618.667 多头=0 价=507.0 涨=1.2%  PE=24.35(None%) PB=5.37(None%)
2026-09-17 21:45:56  [  7] 09988 阿里巴巴-W  完成  日J=14.45 周J=-2.34 月J=15.59 MA20=110.775 MA60=112.302 多头=0 价=105.1 涨=-1.04%  PE=24.6(None%) PB=1.66(None%)
2026-09-17 21:45:56  [  3] 01398 工商银行  完成  日J=27.81 周J=85.67 月J=89.91 MA20=7.551 MA60=7.197 多头=1 价=7.52 涨=-0.2%  PE=6.33(None%) PB=0.59(None%)
2026-09-17 21:45:56  [  6] 01288 农业银行  完成  日J=23.4 周J=77.19 月J=88.25 MA20=6.35 MA60=5.973 多头=1 价=6.32 涨=-0.63%  PE=6.55(None%) PB=0.67(None%)
2026-09-17 21:45:56  [  1] 00700 腾讯控股  完成  日J=43.61 周J=-0.02 月J=2.32 MA20=439.32 MA60=451.207 多头=0 价=426.0 涨=-1.71%  PE=14.52(None%) PB=2.96(None%)
2026-09-17 21:45:56  [  4] 00939 建设银行  完成  日J=43.58 周J=98.66 月J=97.77 MA20=9.511 MA60=8.895 多头=1 价=9.68 涨=0.42%  PE=6.44(None%) PB=0.61(None%)
2026-09-17 21:45:56  [  2] 00005 汇丰控股  完成  日J=-2.65 周J=34.44 月J=83.37 MA20=162.93 MA60=159.717 多头=1 价=159.8 涨=-0.68%  PE=14.54(None%) PB=2.02(None%)
2026-09-17 21:45:56  [  8] 03988 中国银行  完成  日J=44.23 周J=98.27 月J=98.05 MA20=5.841 MA60=5.413 多头=1 价=5.99 涨=0.17%  PE=6.83(None%) PB=0.61(None%)
2026-09-17 21:45:57  [ 11] 03308 中际旭创  完成  日J=54.19 周J=59.26 月J=None MA20=1079.6 MA60=None 多头=None 价=1150.0 涨=1.14%  PE=58.16(None%) PB=27.95(None%)
2026-09-17 21:45:58  [ 10] 00941 中国移动  完成  日J=69.53 周J=3.22 月J=27.17 MA20=79.645 MA60=80.262 多头=0 价=79.2 涨=-0.19%  PE=11.43(None%) PB=1.02(None%)
2026-09-17 21:45:58  [  9] 00857 中国石油股份  完成  日J=-7.59 周J=40.51 月J=29.55 MA20=10.056 MA60=9.679 多头=1 价=9.56 涨=-2.35%  PE=8.73(None%) PB=0.93(None%)
2026-09-17 21:45:58  [ 12] 03968 招商银行  完成  日J=4.07 周J=79.6 月J=83.27 MA20=51.103 MA60=48.714 多头=1 价=51.3 涨=-0.1%  PE=7.52(None%) PB=0.98(None%)
2026-09-17 21:45:58  [ 13] 00883 中国海洋石油  完成  日J=-7.01 周J=54.21 月J=25.91 MA20=24.975 MA60=23.593 多头=1 价=23.88 涨=-1.97%  PE=7.2(None%) PB=1.15(None%)
2026-09-17 21:45:58  [ 14] 01088 中国神华  完成  日J=19.17 周J=76.74 月J=50.62 MA20=45.584 MA60=43.502 多头=1 价=44.72 涨=-1.15%  PE=15.55(None%) PB=1.83(None%)
2026-09-17 21:45:58  [ 16] 02899 紫金矿业  完成  日J=7.5 周J=47.49 月J=27.04 MA20=36.434 MA60=33.631 多头=1 价=33.86 涨=-1.63%  PE=11.71(None%) PB=3.87(None%)
2026-09-17 21:45:58  [ 15] 02318 中国平安  完成  日J=-2.14 周J=13.82 月J=1.89 MA20=55.595 MA60=55.222 多头=1 价=52.85 涨=0.09%  PE=5.28(None%) PB=0.81(None%)
2026-09-17 21:45:59  [ 19] 00300 美的集团  完成  日J=44.25 周J=78.88 月J=99.28 MA20=99.31 MA60=94.974 多头=1 价=99.2 涨=0.56%  PE=14.96(None%) PB=3.08(None%)
2026-09-17 21:45:59  [ 17] 02628 中国人寿  完成  日J=-1.23 周J=61.0 月J=33.67 MA20=29.47 MA60=28.509 多头=1 价=28.64 涨=0.35%  PE=2.89(None%) PB=1.06(None%)
2026-09-17 21:45:59  [ 18] 01299 友邦保险  完成  日J=80.36 周J=74.11 月J=20.38 MA20=75.93 MA60=75.107 多头=1 价=77.35 涨=0.45%  PE=12.85(None%) PB=2.51(None%)
2026-09-17 21:46:00  [ 22] 01810 小米集团-W  完成  日J=23.91 周J=12.04 月J=28.4 MA20=27.327 MA60=26.603 多头=1 价=26.14 涨=-0.15%  PE=18.0(None%) PB=2.17(None%)
2026-09-17 21:46:00  [ 20] 01211 比亚迪股份  完成  日J=35.38 周J=5.23 月J=34.88 MA20=85.853 MA60=86.808 多头=0 价=81.15 涨=2.46%  PE=22.22(None%) PB=2.68(None%)
2026-09-17 21:46:00  [ 21] 03328 交通银行  完成  日J=98.4 周J=113.34 月J=109.79 MA20=7.85 MA60=7.379 多头=1 价=8.18 涨=0.68%  PE=6.54(None%) PB=0.54(None%)
2026-09-17 21:46:00  [ 24] 02359 药明康德  完成  日J=89.44 周J=67.16 月J=88.2 MA20=195.375 MA60=177.527 多头=1 价=198.0 涨=1.49%  PE=23.94(None%) PB=6.12(None%)
2026-09-17 21:46:00  [ 23] 01658 邮储银行  完成  日J=43.45 周J=93.72 月J=90.33 MA20=5.266 MA60=4.973 多头=1 价=5.42 涨=0.46%  PE=6.38(None%) PB=0.54(None%)
2026-09-17 21:46:01  [ 25] 09999 网易  完成  日J=62.72 周J=-1.85 月J=30.46 MA20=189.115 MA60=196.835 多头=0 价=185.1 涨=-0.91%  PE=16.06(None%) PB=3.09(None%)
2026-09-17 21:46:01  [ 26] 02388 中银香港  完成  日J=23.98 周J=84.06 月J=91.67 MA20=51.681 MA60=49.322 多头=1 价=51.95 涨=1.17%  PE=13.17(None%) PB=1.52(None%)
2026-09-17 21:46:01  [ 27] 00386 中国石油化工股份  完成  日J=-3.78 周J=64.07 月J=26.61 MA20=4.72 MA60=4.396 多头=1 价=4.5 涨=-2.17%  PE=13.44(None%) PB=0.56(None%)
2026-09-17 21:46:01  [ 28] 00981 中芯国际  完成  日J=23.17 周J=5.9 月J=30.33 MA20=66.735 MA60=70.843 多头=0 价=62.4 涨=-1.96%  PE=65.79(None%) PB=2.71(None%)
2026-09-17 21:46:01  [ 32] 03690 美团-W  完成  日J=-1.1 周J=-9.47 月J=35.38 MA20=77.855 MA60=82.03 多头=0 价=72.9 涨=-2.08%  PE=-10.55(None%) PB=2.31(None%)
2026-09-17 21:46:02  [ 29] 02888 渣打集团  完成  日J=60.66 周J=87.75 月J=97.33 MA20=236.67 MA60=229.957 多头=1 价=243.4 涨=-0.25%  PE=12.56(None%) PB=1.47(None%)
2026-09-17 21:46:02  [ 30] 00388 香港交易所  完成  日J=20.14 周J=9.3 月J=45.75 MA20=407.12 MA60=399.507 多头=1 价=388.6 涨=-1.77%  PE=24.88(None%) PB=8.12(None%)
2026-09-17 21:46:02  [ 31] 00998 中信银行  完成  日J=72.97 周J=103.86 月J=90.6 MA20=8.316 MA60=7.604 多头=1 价=8.41 涨=-0.77%  PE=5.75(None%) PB=0.54(None%)
2026-09-17 21:46:02  [ 33] 02475 立讯精密  完成  日J=11.32 周J=36.87 月J=None MA20=60.425 MA60=None 多头=None 价=56.7 涨=-3.08%  PE=21.8(None%) PB=3.87(None%)
2026-09-17 21:46:03  [ 34] 09633 农夫山泉  完成  日J=7.66 周J=2.6 月J=-2.07 MA20=41.483 MA60=41.881 多头=0 价=38.96 涨=-1.07%  PE=22.54(None%) PB=10.24(None%)
2026-09-17 21:46:03  [ 36] 02259 紫金黄金国际  完成  日J=25.17 周J=97.89 月J=27.94 MA20=158.565 MA60=129.291 多头=1 价=155.0 涨=-4.08%  PE=21.0(None%) PB=5.66(None%)
2026-09-17 21:46:03  [ 35] 00992 联想集团  完成  日J=97.2 周J=82.41 月J=101.81 MA20=31.289 MA60=27.176 多头=1 价=34.32 涨=1.54%  PE=68.24(None%) PB=7.53(None%)
2026-09-17 21:46:03  [ 37] 00728 中国电信  完成  日J=15.72 周J=6.57 月J=20.9 MA20=4.705 MA60=4.62 多头=1 价=4.5 涨=-0.66%  PE=12.08(None%) PB=0.76(None%)
2026-09-17 21:46:03  [ 38] 06030 中信证券  完成  日J=2.66 周J=1.92 月J=22.07 MA20=26.189 MA60=26.914 多头=0 价=24.24 涨=-1.62%  PE=8.4(None%) PB=1.06(None%)
2026-09-17 21:46:03  [ 39] 02328 中国财险  完成  日J=5.33 周J=84.01 月J=82.76 MA20=16.801 MA60=15.685 多头=1 价=16.84 涨=0.18%  PE=6.8(None%) PB=1.07(None%)
2026-09-17 21:46:03  [ 40] 00267 中信股份  完成  日J=-9.86 周J=83.23 月J=65.99 MA20=13.269 MA60=12.206 多头=1 价=12.87 涨=-0.46%  PE=5.38(None%) PB=0.41(None%)
2026-09-17 21:46:04  [ 41] 02513 智谱  完成  日J=12.89 周J=3.9 月J=12.25 MA20=973.475 MA60=1241.058 多头=0 价=740.0 涨=2.78%  PE=-72.04(None%) PB=64.87(None%)
2026-09-17 21:46:04  [ 43] 03986 兆易创新  完成  日J=39.13 周J=20.08 月J=9.76 MA20=473.86 MA60=589.067 多头=0 价=466.6 涨=3.69%  PE=36.14(None%) PB=7.63(None%)
2026-09-17 21:46:05  [ 44] 06809 澜起科技  完成  日J=56.92 周J=15.76 月J=28.84 MA20=267.25 MA60=300.13 多头=0 价=267.6 涨=-0.96%  PE=93.22(None%) PB=13.2(None%)
2026-09-17 21:46:05  [ 42] 03993 洛阳钼业  完成  日J=6.58 周J=15.87 月J=-1.98 MA20=16.709 MA60=16.598 多头=1 价=15.52 涨=-0.96%  PE=10.51(None%) PB=3.22(None%)
2026-09-17 21:46:05  [ 47] 01276 恒瑞医药  完成  日J=45.13 周J=-1.65 月J=-5.61 MA20=46.048 MA60=53.413 多头=0 价=44.42 涨=-2.59%  PE=33.51(None%) PB=3.97(None%)
2026-09-17 21:46:05  [ 45] 06160 百济神州  完成  日J=48.57 周J=44.74 月J=73.07 MA20=216.54 MA60=202.387 多头=1 价=211.0 涨=2.13%  PE=63.51(None%) PB=8.02(None%)
2026-09-17 21:46:05  [ 48] 02601 中国太保  完成  日J=-5.9 周J=33.58 月J=5.03 MA20=29.794 MA60=29.163 多头=1 价=28.44 涨=-1.04%  PE=4.27(None%) PB=0.74(None%)
2026-09-17 21:46:05  [ 46] 00016 新鸿基地产  完成  日J=8.68 周J=7.53 月J=17.14 MA20=117.41 MA60=118.218 多头=0 价=108.2 涨=-1.28%  PE=14.63(None%) PB=0.49(None%)
2026-09-17 21:46:06  [ 49] 02338 潍柴动力  完成  日J=21.32 周J=25.5 月J=40.19 MA20=31.669 MA60=33.226 多头=0 价=31.14 涨=5.35%  PE=18.2(None%) PB=2.44(None%)
2026-09-17 21:46:06  [ 50] 02611 国泰海通  完成  日J=48.79 周J=48.33 月J=37.64 MA20=15.155 MA60=14.896 多头=1 价=15.02 涨=-0.07%  PE=7.16(None%) PB=0.69(None%)
2026-09-17 21:46:06  [ 51] 01339 中国人民保险集团  完成  日J=2.45 周J=72.81 月J=33.71 MA20=5.763 MA60=5.341 多头=1 价=5.91 涨=1.46%  PE=4.02(None%) PB=0.67(None%)
2026-09-17 21:46:07  [ 52] 00001 长和  完成  日J=10.13 周J=4.25 月J=73.57 MA20=69.405 MA60=69.938 多头=0 价=67.55 涨=0.07%  PE=6.85(None%) PB=0.45(None%)
2026-09-17 21:46:07  [ 53] 02378 保诚  完成  日J=16.99 周J=-0.51 月J=15.47 MA20=106.875 MA60=108.853 多头=0 价=103.3 涨=-0.77%  PE=9.07(None%) PB=1.67(None%)
2026-09-17 21:46:07  [ 55] 06951 三环集团  完成  日J=68.26 周J=83.16 月J=None MA20=115.545 MA60=None 多头=None 价=124.6 涨=-2.66%  PE=66.05(None%) PB=9.16(None%)
2026-09-17 21:46:07  [ 54] 01919 中远海控  完成  日J=79.38 周J=59.65 月J=81.61 MA20=16.963 MA60=15.62 多头=1 价=16.79 涨=0.66%  PE=8.44(None%) PB=0.95(None%)
2026-09-17 21:46:07  [ 56] 09888 百度集团-W  完成  日J=1.4 周J=4.77 月J=-10.1 MA20=91.485 MA60=101.263 多头=0 价=87.35 涨=-0.8%  PE=-65.12(None%) PB=0.76(None%)
2026-09-17 21:46:08  [ 58] 02714 牧原股份  完成  日J=15.37 周J=86.23 月J=35.85 MA20=36.623 MA60=33.948 多头=1 价=37.52 涨=0.64%  PE=-154.9(None%) PB=2.38(None%)
2026-09-17 21:46:08  [ 57] 00669 创科实业  完成  日J=41.54 周J=2.91 月J=73.41 MA20=133.325 MA60=133.327 多头=0 价=128.5 涨=-0.85%  PE=23.06(None%) PB=4.02(None%)
2026-09-17 21:46:08  [ 59] 01378 中国宏桥  完成  日J=3.96 周J=28.19 月J=-7.83 MA20=23.039 MA60=22.702 多头=1 价=21.84 涨=-0.82%  PE=6.85(None%) PB=1.4(None%)
2026-09-17 21:46:08  [ 61] 03692 翰森制药  完成  日J=36.41 周J=53.76 月J=30.9 MA20=34.395 MA60=33.041 多头=1 价=34.34 涨=1.0%  PE=27.34(None%) PB=4.79(None%)
2026-09-17 21:46:08  [ 60] 01347 华虹宏力  完成  日J=37.59 周J=-0.61 月J=18.46 MA20=114.125 MA60=141.753 多头=0 价=110.2 涨=-1.52%  PE=264.88(None%) PB=3.42(None%)
2026-09-17 21:46:09  [ 62] 02269 药明生物  完成  日J=90.37 周J=68.14 月J=85.23 MA20=49.533 MA60=43.203 多头=1 价=50.1 涨=0.32%  PE=36.67(None%) PB=3.75(None%)
2026-09-17 21:46:09  [ 63] 09992 泡泡玛特  完成  日J=29.21 周J=43.67 月J=3.34 MA20=154.185 MA60=156.273 多头=0 价=153.2 涨=0.39%  PE=13.67(None%) PB=7.68(None%)
2026-09-17 21:46:09  [ 64] 01109 华润置地  完成  日J=16.01 周J=0.23 月J=5.62 MA20=30.985 MA60=32.304 多头=0 价=28.5 涨=-1.04%  PE=7.69(None%) PB=0.6(None%)
2026-09-17 21:46:09  [ 65] 00066 港铁公司  完成  日J=15.46 周J=48.1 月J=24.03 MA20=32.803 MA60=32.372 多头=1 价=32.38 涨=-1.34%  PE=8.82(None%) PB=0.99(None%)
2026-09-17 21:46:09  [ 66] 02020 安踏体育  完成  日J=8.13 周J=1.84 月J=36.8 MA20=74.905 MA60=74.472 多头=1 价=72.0 涨=-0.48%  PE=11.03(None%) PB=2.44(None%)
2026-09-17 21:46:10  [ 69] 02476 胜宏科技  完成  日J=12.14 周J=31.4 月J=-2.66 MA20=212.3 MA60=233.187 多头=0 价=193.0 涨=-2.23%  PE=33.2(None%) PB=4.35(None%)
2026-09-17 21:46:10  [ 68] 06690 海尔智家  完成  日J=10.55 周J=8.03 月J=14.15 MA20=21.149 MA60=21.041 多头=1 价=20.58 涨=-0.58%  PE=9.42(None%) PB=1.4(None%)
2026-09-17 21:46:10  [ 67] 00002 中电控股  完成  日J=28.2 周J=41.5 月J=82.79 MA20=78.095 MA60=77.237 多头=1 价=77.15 涨=-0.45%  PE=17.98(None%) PB=1.76(None%)
2026-09-17 21:46:10  [ 70] 00762 中国联通  完成  日J=39.13 周J=27.35 月J=8.77 MA20=5.741 MA60=6.183 多头=0 价=5.86 涨=1.3%  PE=9.92(None%) PB=0.42(None%)
2026-09-17 21:46:11  [ 71] 00175 吉利汽车  完成  日J=18.82 周J=-4.24 月J=6.08 MA20=17.253 MA60=18.1 多头=0 价=16.0 涨=-0.68%  PE=9.09(None%) PB=1.58(None%)
2026-09-17 21:46:11  [ 72] 01801 信达生物  完成  日J=32.54 周J=37.54 月J=68.82 MA20=100.44 MA60=93.523 多头=1 价=96.15 涨=2.18%  PE=117.43(None%) PB=7.0(None%)
2026-09-17 21:46:11  [ 73] 06031 三一重工  完成  日J=5.25 周J=25.0 月J=2.23 MA20=19.325 MA60=19.496 多头=0 价=18.13 涨=-1.79%  PE=16.44(None%) PB=1.57(None%)
2026-09-17 21:46:11  [ 74] 06818 中国光大银行  完成  日J=21.86 周J=3.84 月J=0.54 MA20=2.892 MA60=2.996 多头=0 价=2.79 涨=-0.18%  PE=4.4(None%) PB=0.28(None%)
2026-09-17 21:46:12  [ 77] 00788 中国铁塔  完成  日J=33.75 周J=-4.05 月J=4.79 MA20=9.145 MA60=9.334 多头=0 价=9.04 涨=0.0%  PE=10.48(None%) PB=0.67(None%)
2026-09-17 21:46:12  [ 75] 01038 长江基建集团  完成  日J=23.18 周J=76.91 月J=75.96 MA20=65.44 MA60=62.918 多头=1 价=64.65 涨=0.86%  PE=6.47(None%) PB=1.1(None%)
2026-09-17 21:46:12  [ 76] 01113 长实集团  完成  日J=8.98 周J=57.78 月J=43.5 MA20=46.728 MA60=46.534 多头=1 价=46.18 涨=-0.22%  PE=12.22(None%) PB=0.4(None%)
2026-09-17 21:46:12  [ 79] 03288 海天味业  完成  日J=9.95 周J=-13.21 月J=-4.37 MA20=28.684 MA60=30.605 多头=0 价=26.6 涨=-1.12%  PE=18.69(None%) PB=3.46(None%)
2026-09-17 21:46:12  [ 78] 01988 民生银行  完成  日J=74.09 周J=74.4 月J=40.96 MA20=3.517 MA60=3.447 多头=1 价=3.58 涨=-0.28%  PE=4.76(None%) PB=0.23(None%)
2026-09-17 21:46:12  [ 80] 06869 长飞光纤光缆  完成  日J=56.56 周J=106.35 月J=40.32 MA20=169.075 MA60=154.812 多头=1 价=184.4 涨=4.18%  PE=38.71(None%) PB=8.1(None%)
2026-09-17 21:46:12  [ 81] 06936 顺丰控股  完成  日J=13.82 周J=-0.66 月J=19.04 MA20=30.941 MA60=31.771 多头=0 价=29.04 涨=1.11%  PE=12.35(None%) PB=1.29(None%)
2026-09-17 21:46:13  [ 82] 06886 华泰证券  完成  日J=-2.55 周J=40.27 月J=28.45 MA20=17.328 MA60=16.973 多头=1 价=16.71 涨=-1.12%  PE=6.47(None%) PB=0.73(None%)
2026-09-17 21:46:13  [ 84] 09973 奇瑞汽车  完成  日J=54.05 周J=39.26 月J=16.96 MA20=25.61 MA60=25.547 多头=1 价=25.36 涨=0.88%  PE=7.26(None%) PB=2.36(None%)
2026-09-17 21:46:14  [ 83] 01816 中广核电力  完成  日J=-2.46 周J=88.65 月J=20.03 MA20=3.014 MA60=2.875 多头=1 价=2.98 涨=-0.67%  PE=13.32(None%) PB=1.06(None%)
2026-09-17 21:46:14  [ 85] 01888 建滔积层板  完成  日J=31.08 周J=82.07 月J=21.27 MA20=44.67 MA60=48.974 多头=0 价=46.62 涨=-1.85%  PE=33.43(None%) PB=8.01(None%)
2026-09-17 21:46:14  [ 86] 01766 中国中车  完成  日J=-2.39 周J=73.61 月J=37.63 MA20=5.285 MA60=5.005 多头=1 价=5.08 涨=-0.78%  PE=9.19(None%) PB=0.72(None%)
2026-09-17 21:46:14  [ 88] 02423 贝壳-W  完成  日J=3.85 周J=23.5 月J=53.83 MA20=45.562 MA60=43.478 多头=1 价=42.2 涨=0.14%  PE=26.78(None%) PB=1.94(None%)
2026-09-17 21:46:14  [ 87] 01336 新华保险  完成  日J=-2.42 周J=49.95 月J=2.44 MA20=47.78 MA60=47.401 多头=1 价=46.64 涨=0.3%  PE=2.9(None%) PB=1.02(None%)
2026-09-17 21:46:14  [ 89] 03606 福耀玻璃  完成  日J=29.54 周J=30.38 月J=34.08 MA20=55.6 MA60=54.884 多头=1 价=55.2 涨=0.73%  PE=14.99(None%) PB=3.28(None%)
2026-09-17 21:46:15  [ 90] 00027 银河娱乐  完成  日J=37.42 周J=31.72 月J=21.65 MA20=33.676 MA60=32.825 多头=1 价=32.7 涨=1.05%  PE=13.37(None%) PB=1.69(None%)
2026-09-17 21:46:15  [ 91] 01898 中煤能源  完成  日J=9.76 周J=42.14 月J=8.65 MA20=11.423 MA60=10.852 多头=1 价=10.67 涨=-2.56%  PE=8.11(None%) PB=0.74(None%)
2026-09-17 21:46:15  [ 92] 01972 太古地产  完成  日J=20.71 周J=65.12 月J=47.04 MA20=24.493 MA60=23.251 多头=1 价=23.92 涨=-0.33%  PE=41.73(None%) PB=0.51(None%)
2026-09-17 21:46:16  [ 93] 02600 中国铝业  完成  日J=-2.09 周J=44.7 月J=-9.63 MA20=8.533 MA60=8.239 多头=1 价=8.01 涨=-1.42%  PE=6.89(None%) PB=1.41(None%)
2026-09-17 21:46:16  [ 94] 01776 广发证券  完成  日J=0.04 周J=31.35 月J=56.63 MA20=17.983 MA60=17.391 多头=1 价=16.91 涨=-2.2%  PE=6.16(None%) PB=0.83(None%)
2026-09-17 21:46:16  [ 95] 00688 中国海外发展  完成  日J=7.08 周J=7.66 月J=8.32 MA20=13.036 MA60=13.131 多头=0 价=11.96 涨=-0.99%  PE=10.29(None%) PB=0.29(None%)
2026-09-17 21:46:16  [ 96] 00003 香港中华煤气  完成  日J=3.23 周J=42.01 月J=41.76 MA20=7.233 MA60=6.948 多头=1 价=7.0 涨=-1.2%  PE=20.51(None%) PB=2.17(None%)
2026-09-17 21:46:16  [ 97] 01308 海丰国际  完成  日J=104.7 周J=81.41 月J=94.71 MA20=46.363 MA60=40.325 多头=1 价=47.92 涨=2.48%  PE=13.16(None%) PB=5.85(None%)
2026-09-17 21:46:17  [ 98] 01024 快手-W  完成  日J=10.09 周J=-3.28 月J=-9.29 MA20=32.598 MA60=39.302 多头=0 价=29.94 涨=0.94%  PE=7.27(None%) PB=1.37(None%)
2026-09-17 21:46:17  [ 99] 00006 电能实业  完成  日J=22.66 周J=64.64 月J=40.14 MA20=60.535 MA60=59.137 多头=1 价=59.95 涨=-0.33%  PE=7.14(None%) PB=1.24(None%)
2026-09-17 21:46:17  [101] 01377 鼎泰高科  完成  日J=-2.66 周J=9.48 月J=None MA20=327.42 MA60=None 多头=None 价=277.0 涨=-5.72%  PE=None(None%) PB=None(None%)
2026-09-17 21:46:17  [100] 06099 招商证券  完成  日J=5.62 周J=19.05 月J=39.4 MA20=15.199 MA60=15.514 多头=0 价=14.42 涨=-0.69%  PE=6.2(None%) PB=0.87(None%)
2026-09-17 21:46:18  [104] 06613 蓝思科技  完成  日J=3.18 周J=38.08 月J=38.07 MA20=23.381 MA60=22.935 多头=1 价=21.18 涨=-1.4%  PE=None(None%) PB=None(None%)
2026-09-17 21:46:18  [102] 00012 恒基地产  完成  日J=30.3 周J=7.0 月J=-2.08 MA20=27.301 MA60=27.046 多头=1 价=25.72 涨=-0.85%  PE=None(None%) PB=None(None%)
2026-09-17 21:46:18  [103] 01171 兖矿能源  完成  日J=-1.15 周J=64.31 月J=29.5 MA20=13.145 MA60=12.187 多头=1 价=12.35 涨=-1.12%  PE=None(None%) PB=None(None%)
2026-09-17 21:46:18  [105] 00358 江西铜业股份  完成  日J=-1.2 周J=35.5 月J=7.99 MA20=36.754 MA60=34.94 多头=1 价=33.36 涨=-0.77%  PE=None(None%) PB=None(None%)
2026-09-17 21:46:18  全部完成，结果已写入 /home/runner/work/daily-stock-metrics/daily-stock-metrics/output_hk/2026-09-17/metrics_2026-09-17.csv
2026-09-17 21:46:18  步骤2完成 -> /home/runner/work/daily-stock-metrics/daily-stock-metrics/output_hk/2026-09-17/metrics_2026-09-17.csv
2026-09-17 21:46:18  步骤3: 生成 HTML 总结报告...
2026-09-17 21:46:19  步骤3完成 -> /home/runner/work/daily-stock-metrics/daily-stock-metrics/output_hk/2026-09-17/report_2026-09-17.html
2026-09-17 21:46:19  步骤4: 发送邮件报告...
2026-09-17 21:46:22  步骤4完成: 邮件已发送
2026-09-17 21:46:22  ===== 全部完成 2026-09-17 =====
