2026-09-03 20:54:17  ===== 开始每日ETF指标任务 2026-09-03 =====
2026-09-03 20:54:17  步骤1: 获取场内规模前100的ETF...
[  1] 510300 沪深300ETF华泰柏瑞  规模=1060.83亿  跟踪=沪深300指数  主题=沪深300
[  2] 588000 科创50ETF华夏  规模=875.68亿  跟踪=上证科创板50成份指数  主题=科创板
[  3] 159915 创业板ETF易方达  规模=648.7亿  跟踪=创业板指数(价格)  主题=创业板
[  4] 512880 证券ETF国泰  规模=619.66亿  跟踪=中证全指证券公司指数  主题=证券
[  5] 510310 沪深300ETF易方达  规模=506.82亿  跟踪=沪深300指数  主题=沪深300
[  6] 588200 科创芯片ETF嘉实  规模=483.2亿  跟踪=上证科创板芯片指数  主题=半导体
[  7] 159516 半导体设备ETF国泰  规模=419.41亿  跟踪=中证半导体材料设备主题指数  主题=半导体
[  8] 588170 科创半导体ETF华夏  规模=416.46亿  跟踪=上证科创板半导体材料设备主题指数  主题=半导体
[  9] 588080 科创50ETF易方达  规模=412.8亿  跟踪=上证科创板50成份指数  主题=科创板
[ 10] 515880 通信ETF国泰  规模=404.23亿  跟踪=中证全指通信设备指数  主题=通信
[ 11] 510330 沪深300ETF华夏  规模=402.49亿  跟踪=沪深300指数  主题=沪深300
[ 12] 563360 A500ETF华泰柏瑞  规模=396.07亿  跟踪=中证A500指数  主题=中证A500
[ 13] 510500 中证500ETF南方  规模=393.98亿  跟踪=中证500指数  主题=中证500
[ 14] 512000 券商ETF华宝  规模=380.26亿  跟踪=中证全指证券公司指数  主题=证券
[ 15] 159352 A500ETF南方  规模=334.36亿  跟踪=中证A500指数  主题=中证A500
[ 16] 512890 红利低波ETF华泰柏瑞  规模=323.04亿  跟踪=中证红利低波动指数  主题=红利
[ 17] 159919 沪深300ETF嘉实  规模=300.36亿  跟踪=沪深300指数  主题=沪深300
[ 18] 159361 A500ETF易方达  规模=285.3亿  跟踪=中证A500指数  主题=中证A500
[ 19] 159995 芯片ETF华夏  规模=271.96亿  跟踪=国证半导体芯片指数  主题=半导体
[ 20] 512400 有色金属ETF南方  规模=270.12亿  跟踪=有色金属  主题=有色金属
[ 21] 159338 中证A500ETF国泰  规模=253.59亿  跟踪=中证A500指数  主题=中证A500
[ 22] 512170 医疗ETF华宝  规模=243.04亿  跟踪=中证医疗指数  主题=医药
[ 23] 159949 创业板50ETF华安  规模=240.82亿  跟踪=创业板50指数  主题=创业板
[ 24] 159819 人工智能ETF易方达  规模=209.28亿  跟踪=中证人工智能主题指数  主题=人工智能
[ 25] 159558 半导体设备ETF易方达  规模=203.29亿  跟踪=中证半导体材料设备主题指数  主题=半导体
[ 26] 515450 红利低波50ETF南方  规模=200.04亿  跟踪=标普中国A股大盘红利低波50指数  主题=红利
[ 27] 510050 上证50ETF华夏  规模=196.18亿  跟踪=上证50指数  主题=上证50
[ 28] 512480 半导体ETF国联安  规模=195.96亿  跟踪=中证全指半导体产品与设备指数  主题=半导体
[ 29] 512050 A500ETF华夏  规模=193.61亿  跟踪=中证A500指数  主题=中证A500
[ 30] 159326 电网设备ETF华夏  规模=193.25亿  跟踪=中证电网设备主题指数  主题=其他
[ 31] 510880 红利ETF华泰柏瑞  规模=192.8亿  跟踪=上证红利指数  主题=红利
[ 32] 512100 中证1000ETF南方  规模=187.17亿  跟踪=中证1000指数  主题=中证1000
[ 33] 515180 红利ETF易方达  规模=184.78亿  跟踪=中证红利指数  主题=红利
[ 34] 562500 机器人ETF华夏  规模=176.47亿  跟踪=中证机器人指数  主题=机器人
[ 35] 510180 上证180ETF华安  规模=174.9亿  跟踪=上证180指数  主题=上证180
[ 36] 515050 通信ETF华夏  规模=173.95亿  跟踪=中证5G通信主题指数  主题=通信
[ 37] 159992 创新药ETF银华  规模=169.37亿  跟踪=中证创新药产业指数  主题=医药
[ 38] 159530 机器人ETF易方达  规模=167.91亿  跟踪=国证机器人产业指数  主题=机器人
[ 39] 159781 科创创业ETF易方达  规模=164.57亿  跟踪=中证科创创业50指数  主题=科创板
[ 40] 159201 自由现金流ETF华夏  规模=162.95亿  跟踪=国证自由现金流指数  主题=货币市场
[ 41] 159928 消费ETF汇添富  规模=153.35亿  跟踪=中证主要消费指数  主题=消费
[ 42] 512010 医药ETF易方达  规模=151.91亿  跟踪=沪深300医药卫生指数  主题=医药
[ 43] 510210 上证指数ETF富国  规模=143.06亿  跟踪=上证综合指数  主题=其他
[ 44] 517520 黄金股ETF永赢  规模=140.55亿  跟踪=中证沪深港黄金产业股票指数  主题=黄金
[ 45] 159870 化工ETF鹏华  规模=137.39亿  跟踪=细分化工  主题=化工
[ 46] 512070 证券保险ETF易方达  规模=134.07亿  跟踪=沪深300非银行金融指数  主题=证券
[ 47] 512690 酒ETF鹏华  规模=133.08亿  跟踪=中证酒指数  主题=白酒
[ 48] 560780 半导体设备ETF广发  规模=129.71亿  跟踪=中证半导体材料设备主题指数  主题=半导体
[ 49] 159206 卫星ETF永赢  规模=129.01亿  跟踪=国证商用卫星通信产业指数  主题=通信
[ 50] 563020 红利低波ETF易方达  规模=126.72亿  跟踪=中证红利低波动指数  主题=红利
[ 51] 515220 煤炭ETF国泰  规模=119.45亿  跟踪=中证煤炭指数  主题=煤炭
[ 52] 159841 证券ETF天弘  规模=119.25亿  跟踪=中证全指证券公司指数  主题=证券
[ 53] 513630 港股低波红利ETF摩根  规模=119.14亿  跟踪=标普港股通低波红利指数  主题=红利
[ 54] 515120 创新药ETF广发  规模=111.92亿  跟踪=中证创新药产业指数  主题=医药
[ 55] 588710 科创半导体设备ETF华泰柏瑞  规模=111.58亿  跟踪=上证科创板半导体材料设备主题指数  主题=半导体
[ 56] 159952 创业板ETF广发  规模=110.81亿  跟踪=创业板指数(价格)  主题=创业板
[ 57] 515080 中证红利ETF招商  规模=109.05亿  跟踪=中证红利指数  主题=红利
[ 58] 563800 A500ETF广发  规模=107.92亿  跟踪=中证A500指数  主题=中证A500
[ 59] 588050 科创50ETF工银  规模=107.53亿  跟踪=上证科创板50成份指数  主题=科创板
[ 60] 512760 芯片ETF国泰  规模=102.84亿  跟踪=中华交易服务半导体芯片行业人民币指数  主题=半导体
[ 61] 512800 银行ETF华宝  规模=99.63亿  跟踪=中证银行指数  主题=银行
[ 62] 516650 有色金属ETF华夏  规模=98.06亿  跟踪=细分有色  主题=有色金属
[ 63] 159611 电力ETF广发  规模=98.03亿  跟踪=中证全指电力公用事业指数  主题=电力
[ 64] 159842 券商ETF银华  规模=94.24亿  跟踪=中证全指证券公司指数  主题=证券
[ 65] 159852 软件ETF嘉实  规模=94.09亿  跟踪=中证软件服务指数  主题=计算机
[ 66] 159869 游戏ETF华夏  规模=88.28亿  跟踪=中证动漫游戏指数  主题=传媒
[ 67] 562590 半导体设备ETF华夏  规模=87.68亿  跟踪=中证半导体材料设备主题指数  主题=半导体
[ 68] 560860 工业有色ETF万家  规模=87.01亿  跟踪=中证工业有色金属主题指数  主题=有色金属
[ 69] 159351 A500ETF嘉实  规模=86.24亿  跟踪=中证A500指数  主题=中证A500
[ 70] 159922 中证500ETF嘉实  规模=84.56亿  跟踪=中证500指数  主题=中证500
[ 71] 515070 人工智能ETF华夏  规模=82.43亿  跟踪=中证人工智能主题指数  主题=人工智能
[ 72] 515330 沪深300ETF天弘  规模=82.05亿  跟踪=沪深300指数  主题=沪深300
[ 73] 512900 证券ETF南方  规模=81.18亿  跟踪=中证全指证券公司指数  主题=证券
[ 74] 563220 A500ETF富国  规模=80.18亿  跟踪=中证A500指数  主题=中证A500
[ 75] 512500 中证500ETF华夏  规模=76.82亿  跟踪=中证500指数  主题=中证500
[ 76] 588060 科创50ETF广发  规模=74.73亿  跟踪=上证科创板50成份指数  主题=科创板
[ 77] 512710 军工龙头ETF富国  规模=74.3亿  跟踪=中证军工龙头指数  主题=军工
[ 78] 588750 科创芯片ETF汇添富  规模=74.18亿  跟踪=上证科创板芯片指数  主题=半导体
[ 79] 512660 军工ETF国泰  规模=73.6亿  跟踪=中证军工指数  主题=军工
[ 80] 159307 红利低波100ETF博时  规模=72.84亿  跟踪=中证红利低波动100指数  主题=红利
[ 81] 159263 价值ETF易方达  规模=72.79亿  跟踪=国证价值100指数  主题=价值
[ 82] 159755 电池ETF广发  规模=71.43亿  跟踪=国证新能源车电池指数  主题=新能源
[ 83] 159363 创业板人工智能ETF华宝  规模=69.22亿  跟踪=创业板人工智能指数  主题=人工智能
[ 84] 159157 有色金属ETF天弘  规模=67.94亿  跟踪=中证工业有色金属主题指数  主题=有色金属
[ 85] 159865 养殖ETF国泰  规模=65.93亿  跟踪=中证畜牧养殖指数  主题=农业
[ 86] 588220 科创100ETF鹏华  规模=65.67亿  跟踪=上证科创板100指数  主题=科创板
[ 87] 159259 成长ETF易方达  规模=65.49亿  跟踪=国证成长100指数  主题=成长
[ 88] 516150 稀土ETF嘉实  规模=64.82亿  跟踪=中证稀土产业指数  主题=有色金属
[ 89] 563300 中证2000ETF华泰柏瑞  规模=64.64亿  跟踪=中证2000指数  主题=中证2000
[ 90] 159813 半导体ETF鹏华  规模=64.48亿  跟踪=国证半导体芯片指数  主题=半导体
[ 91] 159977 创业板ETF天弘  规模=64.14亿  跟踪=创业板指数(价格)  主题=创业板
[ 92] 515980 人工智能ETF华富  规模=63.51亿  跟踪=中证人工智能产业指数  主题=人工智能
[ 93] 159851 金融科技ETF华宝  规模=63.3亿  跟踪=中证金融科技主题指数  主题=其他
[ 94] 159562 黄金股ETF华夏  规模=62.52亿  跟踪=中证沪深港黄金产业股票指数  主题=黄金
[ 95] 560610 A500ETF招商  规模=61.61亿  跟踪=中证A500指数  主题=中证A500
[ 96] 512950 央企改革ETF华夏  规模=60.47亿  跟踪=中证央企结构调整指数  主题=央企国企
[ 97] 159845 中证1000ETF华夏  规模=59.93亿  跟踪=中证1000指数  主题=中证1000
[ 98] 159770 机器人ETF天弘  规模=59.9亿  跟踪=中证机器人指数  主题=机器人
[ 99] 560010 中证1000ETF广发  规模=57.84亿  跟踪=中证1000指数  主题=中证1000
[100] 159549 红利低波ETF天弘  规模=57.0亿  跟踪=中证红利低波动100指数  主题=红利
2026-09-03 20:55:09  步骤1完成 -> /home/runner/work/daily-stock-metrics/daily-stock-metrics/output_etf/2026-09-03/etf_list_2026-09-03.csv
2026-09-03 20:55:09  步骤2: 计算 KDJ-J(日/周/月)...
2026-09-03 20:55:09  步骤2: 计算指标...
2026-09-03 20:55:09  观察池: 共63只(含历史追踪2只)
2026-09-03 20:55:09  待处理 63 条，并发数 8
2026-09-03 20:55:14  [  3] 159915 创业板ETF易方达  完成  日J=5.37 周J=14.4 月J=5.12 MA20=3.52 MA60=3.737 多头=0 价=3.33 涨=-0.15%  PE=38.09(31.48%) PB=5.33(60.04%)
2026-09-03 20:55:14  [  7] 588170 科创半导体ETF华夏  完成  日J=2.44 周J=11.03 月J=39.15 MA20=1.013 MA60=1.059 多头=0 价=0.94 涨=-0.74%  PE=43.91(83.08%) PB=None(None%)
2026-09-03 20:55:15  [  2] 588000 科创50ETF华夏  完成  日J=37.37 周J=-0.54 月J=27.6 MA20=1.777 MA60=1.91 多头=0 价=1.7 涨=-0.47%  PE=72.66(71.27%) PB=7.56(88.4%)
2026-09-03 20:55:15  [  5] 588200 科创芯片ETF嘉实  完成  日J=41.67 周J=7.43 月J=32.78 MA20=1.188 MA60=1.289 多头=0 价=1.14 涨=0.0%  PE=98.68(74.37%) PB=None(None%)
2026-09-03 20:55:15  [  8] 515880 通信ETF国泰  完成  日J=31.24 周J=35.89 月J=21.36 MA20=0.666 MA60=0.726 多头=0 价=0.65 涨=0.31%  PE=42.42(86.82%) PB=None(None%)
2026-09-03 20:55:15  [  4] 512880 证券ETF国泰  完成  日J=74.97 周J=25.18 月J=36.22 MA20=1.089 MA60=1.103 多头=0 价=1.1 涨=0.73%  PE=12.97(5.03%) PB=1.28(17.08%)
2026-09-03 20:55:15  [  6] 159516 半导体设备ETF国泰  完成  日J=5.52 周J=11.26 月J=38.04 MA20=0.732 MA60=0.766 多头=0 价=0.68 涨=-0.58%  PE=98.25(91.59%) PB=None(None%)
2026-09-03 20:55:15  [  1] 510300 沪深300ETF华泰柏瑞  完成  日J=34.05 周J=18.33 月J=19.88 MA20=4.694 MA60=4.776 多头=0 价=4.62 涨=0.0%  PE=13.65(64.28%) PB=1.44(43.08%)
2026-09-03 20:55:17  [ 12] 159995 芯片ETF华夏  完成  日J=39.67 周J=3.95 月J=23.61 MA20=1.173 MA60=1.298 多头=0 价=1.12 涨=-0.09%  PE=None(None%) PB=None(None%)
2026-09-03 20:55:17  [ 11] 512890 红利低波ETF华泰柏瑞  完成  日J=64.74 周J=93.56 月J=93.24 MA20=1.177 MA60=1.151 多头=1 价=1.2 涨=-0.08%  PE=8.0(73.49%) PB=0.87(62.44%)
2026-09-03 20:55:17  [ 10] 510500 中证500ETF南方  完成  日J=49.26 周J=33.92 月J=20.87 MA20=7.924 MA60=8.106 多头=0 价=7.78 涨=0.37%  PE=26.08(64.23%) PB=2.4(77.4%)
2026-09-03 20:55:17  [ 13] 512400 有色金属ETF南方  完成  日J=35.92 周J=91.04 月J=13.01 MA20=1.931 MA60=1.871 多头=1 价=1.91 涨=1.27%  PE=15.47(81.36%) PB=None(None%)
2026-09-03 20:55:17  [ 15] 159949 创业板50ETF华安  完成  日J=3.68 周J=11.96 月J=-0.53 MA20=1.648 MA60=1.771 多头=0 价=1.55 涨=-0.13%  PE=None(None%) PB=None(None%)
2026-09-03 20:55:18  [  9] 563360 A500ETF华泰柏瑞  完成  日J=30.32 周J=20.89 月J=14.52 MA20=1.296 MA60=1.324 多头=0 价=1.27 涨=0.08%  PE=15.29(50.0%) PB=None(None%)
2026-09-03 20:55:18  [ 16] 159819 人工智能ETF易方达  完成  日J=74.22 周J=5.58 月J=26.13 MA20=1.778 MA60=1.91 多头=0 价=1.73 涨=-0.4%  PE=44.57(47.33%) PB=None(None%)
2026-09-03 20:55:19  [ 14] 512170 医疗ETF华宝  完成  日J=21.01 周J=70.83 月J=46.44 MA20=0.347 MA60=0.325 多头=1 价=0.34 涨=0.59%  PE=27.77(22.88%) PB=3.46(12.08%)
2026-09-03 20:55:19  [ 17] 515450 红利低波50ETF南方  完成  日J=71.63 周J=67.78 月J=72.75 MA20=1.405 MA60=1.391 多头=1 价=1.42 涨=0.0%  PE=8.55(79.48%) PB=0.87(62.44%)
2026-09-03 20:55:20  [ 20] 159326 电网设备ETF华夏  完成  日J=37.17 周J=30.79 月J=8.21 MA20=1.687 MA60=1.788 多头=0 价=1.65 涨=0.43%  PE=11.75(69.03%) PB=None(None%)
2026-09-03 20:55:20  [ 21] 510880 红利ETF华泰柏瑞  完成  日J=28.88 周J=100.88 月J=91.03 MA20=3.38 MA60=3.226 多头=1 价=3.44 涨=0.35%  PE=8.84(81.25%) PB=0.86(62.72%)
2026-09-03 20:55:20  [ 19] 512480 半导体ETF国联安  完成  日J=35.36 周J=5.7 月J=26.15 MA20=1.055 MA60=1.153 多头=0 价=1.0 涨=-0.99%  PE=66.54(49.87%) PB=None(None%)
2026-09-03 20:55:20  [ 23] 515180 红利ETF易方达  完成  日J=26.73 周J=99.79 月J=77.91 MA20=1.437 MA60=1.389 多头=1 价=1.45 涨=0.14%  PE=8.6(61.79%) PB=0.85(51.24%)
2026-09-03 20:55:21  [ 22] 512100 中证1000ETF南方  完成  日J=66.06 周J=47.84 月J=27.08 MA20=3.114 MA60=3.184 多头=0 价=3.09 涨=0.39%  PE=30.68(65.95%) PB=2.39(45.48%)
2026-09-03 20:55:21  [ 18] 510050 上证50ETF华夏  完成  日J=80.05 周J=53.55 月J=37.52 MA20=3.028 MA60=3.029 多头=0 价=3.03 涨=0.17%  PE=11.15(71.22%) PB=1.25(56.52%)
2026-09-03 20:55:22  [ 24] 562500 机器人ETF华夏  完成  日J=62.72 周J=13.51 月J=6.09 MA20=0.979 MA60=1.031 多头=0 价=0.95 涨=0.74%  PE=46.77(27.63%) PB=None(None%)
2026-09-03 20:55:22  [ 25] 510180 上证180ETF华安  完成  日J=69.66 周J=46.57 月J=27.16 MA20=3.988 MA60=4.005 多头=0 价=3.96 涨=0.25%  PE=11.73(59.67%) PB=1.23(42.56%)
2026-09-03 20:55:22  [ 26] 515050 通信ETF华夏  完成  日J=28.83 周J=28.75 月J=26.99 MA20=1.037 MA60=1.129 多头=0 价=1.0 涨=-0.89%  PE=42.27(84.31%) PB=None(None%)
2026-09-03 20:55:23  [ 28] 159530 机器人ETF易方达  完成  日J=71.53 周J=11.95 月J=5.19 MA20=1.362 MA60=1.438 多头=0 价=1.33 涨=1.45%  PE=None(None%) PB=None(None%)
2026-09-03 20:55:23  [ 27] 159992 创新药ETF银华  完成  日J=14.79 周J=41.68 月J=65.57 MA20=0.89 MA60=0.845 多头=1 价=0.85 涨=0.95%  PE=27.3(27.7%) PB=None(None%)
2026-09-03 20:55:23  [ 29] 159781 科创创业ETF易方达  完成  日J=7.7 周J=-0.14 月J=14.3 MA20=1.106 MA60=1.207 多头=0 价=1.04 涨=-0.1%  PE=38.82(55.2%) PB=None(None%)
2026-09-03 20:55:23  [ 30] 159201 自由现金流ETF华夏  完成  日J=0.4 周J=101.76 月J=21.8 MA20=1.182 MA60=1.146 多头=1 价=1.18 涨=0.09%  PE=None(None%) PB=None(None%)
2026-09-03 20:55:24  [ 31] 159928 消费ETF汇添富  完成  日J=68.28 周J=75.48 月J=36.79 MA20=0.671 MA60=0.655 多头=1 价=0.67 涨=0.3%  PE=20.14(21.46%) PB=3.44(1.92%)
2026-09-03 20:55:24  [ 32] 512010 医药ETF易方达  完成  日J=34.17 周J=58.0 月J=69.64 MA20=0.391 MA60=0.369 多头=1 价=0.38 涨=0.8%  PE=23.44(4.17%) PB=None(None%)
2026-09-03 20:55:25  [ 33] 510210 上证指数ETF富国  完成  日J=75.75 周J=84.91 月J=38.66 MA20=1.006 MA60=1.002 多头=1 价=1.01 涨=0.2%  PE=14.78(68.2%) PB=None(None%)
2026-09-03 20:55:25  [ 38] 159206 卫星ETF永赢  完成  日J=86.55 周J=24.88 月J=0.17 MA20=1.388 MA60=1.473 多头=0 价=1.36 涨=-0.44%  PE=None(None%) PB=None(None%)
2026-09-03 20:55:25  [ 34] 517520 黄金股ETF永赢  完成  日J=38.04 周J=102.85 月J=24.75 MA20=2.156 MA60=1.896 多头=1 价=2.22 涨=2.35%  PE=21.04(46.04%) PB=None(None%)
2026-09-03 20:55:25  [ 35] 159870 化工ETF鹏华  完成  日J=51.72 周J=60.12 月J=18.08 MA20=0.813 MA60=0.815 多头=0 价=0.81 涨=1.0%  PE=18.09(35.71%) PB=None(None%)
2026-09-03 20:55:26  [ 37] 512690 酒ETF鹏华  完成  日J=33.95 周J=62.02 月J=23.09 MA20=0.43 MA60=0.419 多头=1 价=0.42 涨=-0.71%  PE=19.72(19.8%) PB=None(None%)
2026-09-03 20:55:26  [ 36] 512070 证券保险ETF易方达  完成  日J=84.65 周J=77.43 月J=24.35 MA20=0.795 MA60=0.797 多头=0 价=0.82 涨=1.86%  PE=7.6(0.06%) PB=None(None%)
2026-09-03 20:55:26  [ 40] 513630 港股低波红利ETF摩根  完成  日J=10.98 周J=75.23 月J=38.28 MA20=1.586 MA60=1.554 多头=1 价=1.58 涨=-0.31%  PE=None(None%) PB=None(None%)
2026-09-03 20:55:26  [ 39] 515220 煤炭ETF国泰  完成  日J=11.95 周J=97.08 月J=63.0 MA20=1.289 MA60=1.21 多头=1 价=1.3 涨=-0.23%  PE=18.39(85.64%) PB=1.84(98.52%)
2026-09-03 20:55:27  [ 41] 512760 芯片ETF国泰  完成  日J=43.34 周J=3.6 月J=26.29 MA20=1.121 MA60=1.229 多头=0 价=1.07 涨=-0.28%  PE=66.78(43.21%) PB=None(None%)
2026-09-03 20:55:28  [ 44] 159611 电力ETF广发  完成  日J=95.23 周J=46.21 月J=3.07 MA20=1.046 MA60=1.057 多头=0 价=1.05 涨=0.19%  PE=14.97(65.03%) PB=None(None%)
2026-09-03 20:55:28  [ 43] 516650 有色金属ETF华夏  完成  日J=38.44 周J=93.98 月J=9.87 MA20=1.885 MA60=1.813 多头=1 价=1.87 涨=1.3%  PE=17.31(21.03%) PB=None(None%)
2026-09-03 20:55:28  [ 45] 159852 软件ETF嘉实  完成  日J=62.98 周J=41.89 月J=0.29 MA20=0.694 MA60=0.692 多头=1 价=0.68 涨=0.0%  PE=60.75(57.52%) PB=None(None%)
2026-09-03 20:55:28  [ 42] 512800 银行ETF华宝  完成  日J=83.08 周J=94.7 月J=101.19 MA20=0.816 MA60=0.795 多头=1 价=0.84 涨=-0.47%  PE=7.09(86.75%) PB=0.69(44.88%)
2026-09-03 20:55:29  [ 48] 512710 军工龙头ETF富国  完成  日J=103.45 周J=49.78 月J=-0.82 MA20=0.622 MA60=0.635 多头=0 价=0.64 涨=0.63%  PE=None(None%) PB=None(None%)
2026-09-03 20:55:29  [ 47] 560860 工业有色ETF万家  完成  日J=42.65 周J=80.07 月J=12.5 MA20=1.644 MA60=1.611 多头=1 价=1.62 涨=1.5%  PE=68.85(62.86%) PB=None(None%)
2026-09-03 20:55:29  [ 46] 159869 游戏ETF华夏  完成  日J=83.84 周J=65.86 月J=3.38 MA20=1.102 MA60=1.089 多头=1 价=1.1 涨=1.2%  PE=17.93(4.28%) PB=None(None%)
2026-09-03 20:55:30  [ 51] 159263 价值ETF易方达  完成  日J=52.96 周J=95.23 月J=57.52 MA20=1.15 MA60=1.12 多头=1 价=1.16 涨=0.43%  PE=None(None%) PB=None(None%)
2026-09-03 20:55:30  [ 50] 159307 红利低波100ETF博时  完成  日J=73.28 周J=67.18 月J=59.94 MA20=1.028 MA60=1.015 多头=1 价=1.03 涨=0.29%  PE=8.99(86.06%) PB=None(None%)
2026-09-03 20:55:30  [ 53] 159363 创业板人工智能ETF华宝  完成  日J=42.04 周J=37.98 月J=26.28 MA20=1.239 MA60=1.312 多头=0 价=1.2 涨=-0.5%  PE=None(None%) PB=None(None%)
2026-09-03 20:55:31  [ 55] 588220 科创100ETF鹏华  完成  日J=32.91 周J=33.04 月J=33.63 MA20=1.8 MA60=1.855 多头=0 价=1.74 涨=0.52%  PE=None(None%) PB=None(None%)
2026-09-03 20:55:31  [ 52] 159755 电池ETF广发  完成  日J=0.74 周J=17.81 月J=-13.7 MA20=0.957 MA60=0.997 多头=0 价=0.91 涨=0.67%  PE=22.51(29.68%) PB=3.18(40.88%)
2026-09-03 20:55:31  [ 56] 159259 成长ETF易方达  完成  日J=43.55 周J=28.8 月J=27.32 MA20=1.343 MA60=1.456 多头=0 价=1.31 涨=0.54%  PE=None(None%) PB=None(None%)
2026-09-03 20:55:31  [ 54] 159865 养殖ETF国泰  完成  日J=66.06 周J=89.37 月J=30.39 MA20=0.54 MA60=0.525 多头=1 价=0.54 涨=-0.91%  PE=22.63(51.63%) PB=None(None%)
2026-09-03 20:55:31  [ 49] 512660 军工ETF国泰  完成  日J=99.16 周J=37.32 月J=-0.07 MA20=1.134 MA60=1.17 多头=0 价=1.14 涨=-0.18%  PE=52.21(30.65%) PB=3.27(54.64%)
2026-09-03 20:55:33  [ 57] 516150 稀土ETF嘉实  完成  日J=29.64 周J=36.06 月J=7.16 MA20=1.766 MA60=1.82 多头=0 价=1.7 涨=0.53%  PE=28.45(26.14%) PB=None(None%)
2026-09-03 20:55:33  [ 63] 159967 创业板成长ETF华夏  完成  日J=10.6 周J=20.56 月J=21.52 MA20=0.798 MA60=0.866 多头=0 价=0.75 涨=-0.53%  PE=None(None%) PB=None(None%)
2026-09-03 20:55:33  [ 58] 563300 中证2000ETF华泰柏瑞  完成  日J=95.06 周J=64.76 月J=39.12 MA20=1.427 MA60=1.449 多头=0 价=1.45 涨=0.35%  PE=41.22(70.78%) PB=None(None%)
2026-09-03 20:55:33  [ 62] 561980 半导体设备ETF招商  完成  日J=11.84 周J=5.89 月J=39.72 MA20=0.706 MA60=0.745 多头=0 价=0.66 涨=-1.2%  PE=None(None%) PB=None(None%)
2026-09-03 20:55:33  [ 60] 159851 金融科技ETF华宝  完成  日J=68.91 周J=81.18 月J=7.72 MA20=0.628 MA60=0.622 多头=1 价=0.63 涨=-0.94%  PE=32.4(9.07%) PB=None(None%)
2026-09-03 20:55:34  [ 61] 512950 央企改革ETF华夏  完成  日J=49.83 周J=40.02 月J=20.76 MA20=1.512 MA60=1.524 多头=0 价=1.5 涨=-0.13%  PE=15.87(84.17%) PB=None(None%)
2026-09-03 20:55:34  [ 59] 515980 人工智能ETF华富  完成  日J=80.44 周J=15.1 月J=29.31 MA20=1.038 MA60=1.109 多头=0 价=1.02 涨=-0.2%  PE=46.35(75.31%) PB=None(None%)
2026-09-03 20:55:34  全部完成，结果已写入 /home/runner/work/daily-stock-metrics/daily-stock-metrics/output_etf/2026-09-03/metrics_2026-09-03.csv
2026-09-03 20:55:34  步骤2完成 -> /home/runner/work/daily-stock-metrics/daily-stock-metrics/output_etf/2026-09-03/metrics_2026-09-03.csv
2026-09-03 20:55:34  步骤3: 生成 HTML 总结报告...
2026-09-03 20:55:35  步骤3完成 -> /home/runner/work/daily-stock-metrics/daily-stock-metrics/output_etf/2026-09-03/report_2026-09-03.html
2026-09-03 20:55:35  步骤4: 发送邮件报告...
2026-09-03 20:55:38  步骤4完成: 邮件已发送
2026-09-03 20:55:38  ===== 全部完成 2026-09-03 =====
2026-09-03 21:24:04  今日(2026-09-03)已完成，跳过。结果目录: /home/runner/work/daily-stock-metrics/daily-stock-metrics/output_etf/2026-09-03
