2026-08-21 19:02:34  ===== 开始每日ETF指标任务 2026-08-21 =====
2026-08-21 19:02:34  步骤1: 获取场内规模前100的ETF...
[  1] 510300 沪深300ETF华泰柏瑞  规模=1062.08亿  跟踪=沪深300指数  主题=沪深300
[  2] 588000 科创50ETF华夏  规模=822.57亿  跟踪=上证科创板50成份指数  主题=科创板
[  3] 512880 证券ETF国泰  规模=630.62亿  跟踪=中证全指证券公司指数  主题=证券
[  4] 159915 创业板ETF易方达  规模=612.02亿  跟踪=创业板指数(价格)  主题=创业板
[  5] 510310 沪深300ETF易方达  规模=510.88亿  跟踪=沪深300指数  主题=沪深300
[  6] 588200 科创芯片ETF嘉实  规模=492.62亿  跟踪=上证科创板芯片指数  主题=半导体
[  7] 159516 半导体设备ETF国泰  规模=424.25亿  跟踪=中证半导体材料设备主题指数  主题=半导体
[  8] 515880 通信ETF国泰  规模=415.39亿  跟踪=中证全指通信设备指数  主题=通信
[  9] 510330 沪深300ETF华夏  规模=409.04亿  跟踪=沪深300指数  主题=沪深300
[ 10] 563360 A500ETF华泰柏瑞  规模=407.89亿  跟踪=中证A500指数  主题=中证A500
[ 11] 588170 科创半导体ETF华夏  规模=400.36亿  跟踪=上证科创板半导体材料设备主题指数  主题=半导体
[ 12] 588080 科创50ETF易方达  规模=395.9亿  跟踪=上证科创板50成份指数  主题=科创板
[ 13] 510500 中证500ETF南方  规模=389.25亿  跟踪=中证500指数  主题=中证500
[ 14] 512000 券商ETF华宝  规模=384.47亿  跟踪=中证全指证券公司指数  主题=证券
[ 15] 159352 A500ETF南方  规模=343.52亿  跟踪=中证A500指数  主题=中证A500
[ 16] 512890 红利低波ETF华泰柏瑞  规模=327.34亿  跟踪=中证红利低波动指数  主题=红利
[ 17] 159919 沪深300ETF嘉实  规模=299.77亿  跟踪=沪深300指数  主题=沪深300
[ 18] 159361 A500ETF易方达  规模=280.94亿  跟踪=中证A500指数  主题=中证A500
[ 19] 159995 芯片ETF华夏  规模=270.06亿  跟踪=国证半导体芯片指数  主题=半导体
[ 20] 159338 中证A500ETF国泰  规模=255.45亿  跟踪=中证A500指数  主题=中证A500
[ 21] 512400 有色金属ETF南方  规模=254.66亿  跟踪=有色金属  主题=有色金属
[ 22] 512170 医疗ETF华宝  规模=253.81亿  跟踪=中证医疗指数  主题=医药
[ 23] 159949 创业板50ETF华安  规模=244.93亿  跟踪=创业板50指数  主题=创业板
[ 24] 159326 电网设备ETF华夏  规模=210.93亿  跟踪=中证电网设备主题指数  主题=其他
[ 25] 510880 红利ETF华泰柏瑞  规模=207.07亿  跟踪=上证红利指数  主题=红利
[ 26] 159558 半导体设备ETF易方达  规模=204.45亿  跟踪=中证半导体材料设备主题指数  主题=半导体
[ 27] 159819 人工智能ETF易方达  规模=203.99亿  跟踪=中证人工智能主题指数  主题=人工智能
[ 28] 510050 上证50ETF华夏  规模=200.65亿  跟踪=上证50指数  主题=上证50
[ 29] 512050 A500ETF华夏  规模=200.21亿  跟踪=中证A500指数  主题=中证A500
[ 30] 515450 红利低波50ETF南方  规模=197.33亿  跟踪=标普中国A股大盘红利低波50指数  主题=红利
[ 31] 512480 半导体ETF国联安  规模=193.96亿  跟踪=中证全指半导体产品与设备指数  主题=半导体
[ 32] 512100 中证1000ETF南方  规模=193.34亿  跟踪=中证1000指数  主题=中证1000
[ 33] 515180 红利ETF易方达  规模=183.95亿  跟踪=中证红利指数  主题=红利
[ 34] 515050 通信ETF华夏  规模=180.95亿  跟踪=中证5G通信主题指数  主题=通信
[ 35] 159992 创新药ETF银华  规模=175.17亿  跟踪=中证创新药产业指数  主题=医药
[ 36] 517520 黄金股ETF永赢  规模=174.66亿  跟踪=中证沪深港黄金产业股票指数  主题=黄金
[ 37] 510180 上证180ETF华安  规模=174.55亿  跟踪=上证180指数  主题=上证180
[ 38] 159781 科创创业ETF易方达  规模=173.96亿  跟踪=中证科创创业50指数  主题=科创板
[ 39] 562500 机器人ETF华夏  规模=173.63亿  跟踪=中证机器人指数  主题=机器人
[ 40] 159530 机器人ETF易方达  规模=170.73亿  跟踪=国证机器人产业指数  主题=机器人
[ 41] 159201 自由现金流ETF华夏  规模=163.99亿  跟踪=国证自由现金流指数  主题=货币市场
[ 42] 512010 医药ETF易方达  规模=158.41亿  跟踪=沪深300医药卫生指数  主题=医药
[ 43] 159928 消费ETF汇添富  规模=153.22亿  跟踪=中证主要消费指数  主题=消费
[ 44] 510210 上证指数ETF富国  规模=148.19亿  跟踪=上证综合指数  主题=其他
[ 45] 515220 煤炭ETF国泰  规模=144.37亿  跟踪=中证煤炭指数  主题=煤炭
[ 46] 159206 卫星ETF永赢  规模=140.65亿  跟踪=国证商用卫星通信产业指数  主题=通信
[ 47] 159870 化工ETF鹏华  规模=136.71亿  跟踪=细分化工  主题=化工
[ 48] 512070 证券保险ETF易方达  规模=136.21亿  跟踪=沪深300非银行金融指数  主题=证券
[ 49] 512690 酒ETF鹏华  规模=135.12亿  跟踪=中证酒指数  主题=白酒
[ 50] 560780 半导体设备ETF广发  规模=132.07亿  跟踪=中证半导体材料设备主题指数  主题=半导体
[ 51] 563020 红利低波ETF易方达  规模=127.19亿  跟踪=中证红利低波动指数  主题=红利
[ 52] 159841 证券ETF天弘  规模=119.79亿  跟踪=中证全指证券公司指数  主题=证券
[ 53] 513630 XD港股低波红利ETF摩根  规模=118.6亿  跟踪=标普港股通低波红利指数  主题=红利
[ 54] 515120 创新药ETF广发  规模=116.04亿  跟踪=中证创新药产业指数  主题=医药
[ 55] 515080 中证红利ETF招商  规模=115.19亿  跟踪=中证红利指数  主题=红利
[ 56] 159952 创业板ETF广发  规模=112.8亿  跟踪=创业板指数(价格)  主题=创业板
[ 57] 588710 科创半导体设备ETF华泰柏瑞  规模=112.68亿  跟踪=上证科创板半导体材料设备主题指数  主题=半导体
[ 58] 563800 A500ETF广发  规模=109.14亿  跟踪=中证A500指数  主题=中证A500
[ 59] 588050 科创50ETF工银  规模=106.53亿  跟踪=上证科创板50成份指数  主题=科创板
[ 60] 512760 芯片ETF国泰  规模=101.87亿  跟踪=中华交易服务半导体芯片行业人民币指数  主题=半导体
[ 61] 516650 有色金属ETF华夏  规模=100.07亿  跟踪=细分有色  主题=有色金属
[ 62] 159611 电力ETF广发  规模=99.6亿  跟踪=中证全指电力公用事业指数  主题=电力
[ 63] 512800 银行ETF华宝  规模=97.55亿  跟踪=中证银行指数  主题=银行
[ 64] 159842 券商ETF银华  规模=94.39亿  跟踪=中证全指证券公司指数  主题=证券
[ 65] 159852 软件ETF嘉实  规模=92.94亿  跟踪=中证软件服务指数  主题=计算机
[ 66] 560860 工业有色ETF万家  规模=92.78亿  跟踪=中证工业有色金属主题指数  主题=有色金属
[ 67] 159869 游戏ETF华夏  规模=88.74亿  跟踪=中证动漫游戏指数  主题=传媒
[ 68] 562590 半导体设备ETF华夏  规模=88.04亿  跟踪=中证半导体材料设备主题指数  主题=半导体
[ 69] 159351 A500ETF嘉实  规模=86.14亿  跟踪=中证A500指数  主题=中证A500
[ 70] 159922 中证500ETF嘉实  规模=85.4亿  跟踪=中证500指数  主题=中证500
[ 71] 515330 沪深300ETF天弘  规模=82.96亿  跟踪=沪深300指数  主题=沪深300
[ 72] 159755 电池ETF广发  规模=82.34亿  跟踪=国证新能源车电池指数  主题=新能源
[ 73] 563220 A500ETF富国  规模=82.15亿  跟踪=中证A500指数  主题=中证A500
[ 74] 515070 人工智能ETF华夏  规模=80.85亿  跟踪=中证人工智能主题指数  主题=人工智能
[ 75] 512500 中证500ETF华夏  规模=79.32亿  跟踪=中证500指数  主题=中证500
[ 76] 512900 证券ETF南方  规模=78.95亿  跟踪=中证全指证券公司指数  主题=证券
[ 77] 588750 科创芯片ETF汇添富  规模=73.57亿  跟踪=上证科创板芯片指数  主题=半导体
[ 78] 159307 红利低波100ETF博时  规模=72.7亿  跟踪=中证红利低波动100指数  主题=红利
[ 79] 588060 科创50ETF广发  规模=70.45亿  跟踪=上证科创板50成份指数  主题=科创板
[ 80] 512710 军工龙头ETF富国  规模=69.55亿  跟踪=中证军工龙头指数  主题=军工
[ 81] 159157 有色金属ETF天弘  规模=67.81亿  跟踪=中证工业有色金属主题指数  主题=有色金属
[ 82] 159363 创业板人工智能ETF华宝  规模=67.55亿  跟踪=创业板人工智能指数  主题=人工智能
[ 83] 516150 稀土ETF嘉实  规模=67.47亿  跟踪=中证稀土产业指数  主题=有色金属
[ 84] 159263 价值ETF易方达  规模=66.22亿  跟踪=国证价值100指数  主题=价值
[ 85] 159845 中证1000ETF华夏  规模=65.95亿  跟踪=中证1000指数  主题=中证1000
[ 86] 159562 黄金股ETF华夏  规模=65.28亿  跟踪=中证沪深港黄金产业股票指数  主题=黄金
[ 87] 159977 创业板ETF天弘  规模=65.05亿  跟踪=创业板指数(价格)  主题=创业板
[ 88] 159865 养殖ETF国泰  规模=64.57亿  跟踪=中证畜牧养殖指数  主题=农业
[ 89] 512660 军工ETF国泰  规模=64.09亿  跟踪=中证军工指数  主题=军工
[ 90] 588220 科创100ETF鹏华  规模=64.04亿  跟踪=上证科创板100指数  主题=科创板
[ 91] 563300 中证2000ETF华泰柏瑞  规模=63.57亿  跟踪=中证2000指数  主题=中证2000
[ 92] 159813 半导体ETF鹏华  规模=63.34亿  跟踪=国证半导体芯片指数  主题=半导体
[ 93] 560610 A500ETF招商  规模=62.56亿  跟踪=中证A500指数  主题=中证A500
[ 94] 515980 人工智能ETF华富  规模=61.03亿  跟踪=中证人工智能产业指数  主题=人工智能
[ 95] 512950 央企改革ETF华夏  规模=60.8亿  跟踪=中证央企结构调整指数  主题=央企国企
[ 96] 159770 机器人ETF天弘  规模=60.47亿  跟踪=中证机器人指数  主题=机器人
[ 97] 159851 金融科技ETF华宝  规模=60.22亿  跟踪=中证金融科技主题指数  主题=其他
[ 98] 159967 创业板成长ETF华夏  规模=57.77亿  跟踪=创业板动量成长指数  主题=成长
[ 99] 159796 电池ETF汇添富  规模=57.66亿  跟踪=中证电池主题指数  主题=新能源
[100] 159259 成长ETF易方达  规模=57.22亿  跟踪=国证成长100指数  主题=成长
2026-08-21 19:03:21  步骤1完成 -> C:\Users\hailo\Desktop\每周自动指标\output_etf\2026-08-21\etf_list_2026-08-21.csv
2026-08-21 19:03:21  步骤2: 计算 KDJ-J(日/周/月)...
2026-08-21 19:03:26  [  1] 510300 沪深300ETF华泰柏瑞  完成  日J=9.05 周J=23.2 月J=32.84 价=4.68 涨=0.58%  PE=14.35(76.59%) PB=1.45(48.16%)
2026-08-21 19:03:27  [  2] 588000 科创50ETF华夏  完成  日J=-6.73 周J=3.16 月J=38.28 价=1.75 涨=0.34%  PE=77.72(83.68%) PB=7.61(89.7%)
2026-08-21 19:03:29  [  3] 512880 证券ETF国泰  完成  日J=2.82 周J=12.76 月J=24.54 价=1.06 涨=0.0%  PE=14.75(8.17%) PB=1.26(13.72%)
2026-08-21 19:03:30  [  4] 159915 创业板ETF易方达  完成  日J=5.63 周J=26.91 月J=32.37 价=3.56 涨=1.37%  PE=41.77(45.72%) PB=5.81(68.76%)
2026-08-21 19:03:32  [  5] 588200 科创芯片ETF嘉实  完成  日J=-8.08 周J=7.79 月J=42.46 价=1.17 涨=-0.17%  PE=120.13(79.95%) PB=None(None%)
2026-08-21 19:03:33  [  6] 159516 半导体设备ETF国泰  完成  日J=-2.75 周J=16.16 月J=51.26 价=0.73 涨=-0.41%  PE=113.65(95.75%) PB=None(None%)
2026-08-21 19:03:36  [  7] 515880 通信ETF国泰  完成  日J=37.78 周J=26.62 月J=36.59 价=0.68 涨=2.41%  PE=50.06(94.63%) PB=None(None%)
2026-08-21 19:03:38  [  8] 563360 A500ETF华泰柏瑞  完成  日J=0.98 周J=25.97 月J=31.08 价=1.29 涨=0.55%  PE=16.33(75.44%) PB=None(None%)
2026-08-21 19:03:39  [  9] 588170 科创半导体ETF华夏  完成  日J=-0.28 周J=16.84 月J=51.44 价=1.01 涨=-0.88%  PE=43.73(83.13%) PB=None(None%)
2026-08-21 19:03:42  [ 10] 510500 中证500ETF南方  完成  日J=0.74 周J=30.05 月J=35.68 价=7.87 涨=0.09%  PE=27.84(72.24%) PB=2.47(79.16%)
2026-08-21 19:03:44  [ 11] 512890 红利低波ETF华泰柏瑞  完成  日J=103.61 周J=84.6 月J=71.16 价=1.18 涨=-0.59%  PE=7.86(71.37%) PB=0.86(60.4%)
2026-08-21 19:03:45  [ 12] 159995 芯片ETF华夏  完成  日J=-4.61 周J=5.1 月J=34.82 价=1.16 涨=0.78%  PE=None(None%) PB=None(None%)
2026-08-21 19:03:46  [ 13] 512400 有色金属ETF南方  完成  日J=31.52 周J=70.01 月J=10.39 价=1.95 涨=3.5%  PE=16.01(86.53%) PB=None(None%)
2026-08-21 19:03:48  [ 14] 512170 医疗ETF华宝  完成  日J=38.01 周J=98.57 月J=44.89 价=0.35 涨=-2.51%  PE=29.51(30.57%) PB=3.6(16.32%)
2026-08-21 19:03:49  [ 15] 159949 创业板50ETF华安  完成  日J=8.6 周J=25.01 月J=27.22 价=1.68 涨=2.01%  PE=None(None%) PB=None(None%)
2026-08-21 19:03:51  [ 16] 159326 电网设备ETF华夏  完成  日J=3.62 周J=22.05 月J=25.05 价=1.69 涨=0.9%  PE=12.62(84.97%) PB=None(None%)
2026-08-21 19:03:53  [ 17] 510880 红利ETF华泰柏瑞  完成  日J=99.88 周J=113.02 月J=83.5 价=3.39 涨=0.24%  PE=8.71(78.04%) PB=0.86(62.24%)
2026-08-21 19:03:54  [ 18] 159819 人工智能ETF易方达  完成  日J=-1.55 周J=11.65 月J=37.04 价=1.75 涨=1.1%  PE=48.42(62.65%) PB=None(None%)
2026-08-21 19:03:55  [ 19] 510050 上证50ETF华夏  完成  日J=-3.3 周J=44.28 月J=28.46 价=2.99 涨=0.07%  PE=11.56(78.36%) PB=1.24(54.28%)
2026-08-21 19:03:57  [ 20] 515450 红利低波50ETF南方  完成  日J=74.06 周J=69.56 月J=63.75 价=1.4 涨=-0.85%  PE=8.39(76.8%) PB=0.86(60.4%)
2026-08-21 19:03:58  [ 21] 512480 半导体ETF国联安  完成  日J=-9.85 周J=6.85 月J=37.78 价=1.04 涨=0.1%  PE=90.29(86.44%) PB=None(None%)
2026-08-21 19:04:00  [ 22] 512100 中证1000ETF南方  完成  日J=2.3 周J=40.07 月J=24.91 价=3.08 涨=0.2%  PE=32.1(69.11%) PB=2.42(48.0%)
2026-08-21 19:04:02  [ 23] 515180 红利ETF易方达  完成  日J=89.19 周J=110.54 月J=56.16 价=1.43 涨=-0.07%  PE=8.48(59.46%) PB=0.84(48.72%)
2026-08-21 19:04:03  [ 24] 515050 通信ETF华夏  完成  日J=23.86 周J=24.85 月J=40.4 价=1.05 涨=2.64%  PE=49.81(94.94%) PB=None(None%)
2026-08-21 19:04:06  [ 25] 159992 创新药ETF银华  完成  日J=17.72 周J=89.18 月J=72.81 价=0.89 涨=-4.49%  PE=29.87(40.28%) PB=None(None%)
2026-08-21 19:04:07  [ 26] 517520 黄金股ETF永赢  完成  日J=94.69 周J=113.12 月J=15.75 价=2.27 涨=4.6%  PE=21.42(51.83%) PB=None(None%)
2026-08-21 19:04:09  [ 27] 510180 上证180ETF华安  完成  日J=-4.73 周J=44.13 月J=26.42 价=3.95 涨=0.08%  PE=12.09(67.82%) PB=1.23(42.48%)
2026-08-21 19:04:11  [ 28] 159781 科创创业ETF易方达  完成  日J=3.93 周J=10.32 月J=34.62 价=1.11 涨=1.28%  PE=43.6(61.89%) PB=None(None%)
2026-08-21 19:04:13  [ 29] 562500 机器人ETF华夏  完成  日J=-7.64 周J=16.52 月J=12.64 价=0.96 涨=0.63%  PE=52.78(53.01%) PB=None(None%)
2026-08-21 19:04:14  [ 30] 159530 机器人ETF易方达  完成  日J=-9.44 周J=14.8 月J=9.43 价=1.33 涨=0.76%  PE=None(None%) PB=None(None%)
2026-08-21 19:04:15  [ 31] 159201 自由现金流ETF华夏  完成  日J=41.35 周J=106.86 月J=16.38 价=1.18 涨=-0.42%  PE=None(None%) PB=None(None%)
2026-08-21 19:04:17  [ 32] 512010 医药ETF易方达  完成  日J=3.46 周J=89.71 月J=70.14 价=0.39 涨=-2.5%  PE=23.68(5.0%) PB=None(None%)
2026-08-21 19:04:18  [ 33] 159928 消费ETF汇添富  完成  日J=-1.75 周J=81.71 月J=28.49 价=0.66 涨=-1.35%  PE=19.49(17.65%) PB=3.41(1.64%)
2026-08-21 19:04:20  [ 34] 510210 上证指数ETF富国  完成  日J=9.73 周J=57.07 月J=24.93 价=1.0 涨=0.3%  PE=15.29(72.38%) PB=None(None%)
2026-08-21 19:04:22  [ 35] 515220 煤炭ETF国泰  完成  日J=74.95 周J=103.8 月J=43.53 价=1.28 涨=0.95%  PE=18.92(87.63%) PB=1.79(97.16%)
2026-08-21 19:04:23  [ 36] 159206 卫星ETF永赢  完成  日J=-12.69 周J=28.69 月J=2.14 价=1.35 涨=1.12%  PE=None(None%) PB=None(None%)
2026-08-21 19:04:24  [ 37] 159870 化工ETF鹏华  完成  日J=11.82 周J=50.92 月J=18.75 价=0.81 涨=0.5%  PE=22.4(57.44%) PB=None(None%)
2026-08-21 19:04:26  [ 38] 512070 证券保险ETF易方达  完成  日J=27.86 周J=39.06 月J=8.57 价=0.78 涨=0.91%  PE=9.45(1.33%) PB=None(None%)
2026-08-21 19:04:27  [ 39] 512690 酒ETF鹏华  完成  日J=-15.83 周J=80.05 月J=21.66 价=0.42 涨=-1.41%  PE=18.82(13.38%) PB=None(None%)
2026-08-21 19:04:28  [ 40] 513630 XD港股低波红利ETF摩根  完成  日J=104.98 周J=85.16 月J=39.15 价=1.6 涨=-0.06%  PE=None(None%) PB=None(None%)
2026-08-21 19:04:30  [ 41] 512760 芯片ETF国泰  完成  日J=-6.92 周J=4.87 月J=37.1 价=1.1 涨=0.45%  PE=88.55(74.29%) PB=None(None%)
2026-08-21 19:04:31  [ 42] 516650 有色金属ETF华夏  完成  日J=34.73 周J=78.69 月J=6.55 价=1.9 涨=2.81%  PE=19.86(26.67%) PB=None(None%)
2026-08-21 19:04:33  [ 43] 159611 电力ETF广发  完成  日J=-1.96 周J=29.39 月J=2.54 价=1.02 涨=-0.49%  PE=15.97(70.88%) PB=None(None%)
2026-08-21 19:04:34  [ 44] 512800 银行ETF华宝  完成  日J=120.62 周J=80.94 月J=79.03 价=0.82 涨=0.24%  PE=6.79(76.94%) PB=0.68(42.72%)
2026-08-21 19:04:36  [ 45] 159852 软件ETF嘉实  完成  日J=-2.54 周J=57.61 月J=-3.02 价=0.68 涨=-0.59%  PE=54.18(46.9%) PB=None(None%)
2026-08-21 19:04:37  [ 46] 560860 工业有色ETF万家  完成  日J=6.8 周J=53.2 月J=11.46 价=1.63 涨=2.39%  PE=60.48(27.66%) PB=None(None%)
2026-08-21 19:04:39  [ 47] 159869 游戏ETF华夏  完成  日J=-7.69 周J=76.73 月J=-2.73 价=1.07 涨=-0.65%  PE=19.22(12.72%) PB=None(None%)
2026-08-21 19:04:40  [ 48] 159755 电池ETF广发  完成  日J=2.32 周J=31.56 月J=2.77 价=0.96 涨=1.58%  PE=25.23(37.04%) PB=3.45(48.76%)
2026-08-21 19:04:41  [ 49] 159307 红利低波100ETF博时  完成  日J=43.51 周J=72.51 月J=51.75 价=1.02 涨=-0.97%  PE=8.64(77.83%) PB=None(None%)
2026-08-21 19:04:43  [ 50] 512710 军工龙头ETF富国  完成  日J=1.12 周J=36.1 月J=-10.19 价=0.61 涨=1.33%  PE=None(None%) PB=None(None%)
2026-08-21 19:04:44  [ 51] 159363 创业板人工智能ETF华宝  完成  日J=22.77 周J=39.27 月J=45.51 价=1.26 涨=1.37%  PE=None(None%) PB=None(None%)
2026-08-21 19:04:45  [ 52] 516150 稀土ETF嘉实  完成  日J=2.52 周J=33.73 月J=11.34 价=1.75 涨=0.92%  PE=29.77(32.98%) PB=None(None%)
2026-08-21 19:04:47  [ 53] 159263 价值ETF易方达  完成  日J=60.05 周J=89.8 月J=48.13 价=1.14 涨=-0.7%  PE=None(None%) PB=None(None%)
2026-08-21 19:04:48  [ 54] 159865 养殖ETF国泰  完成  日J=14.9 周J=93.52 月J=17.27 价=0.53 涨=-2.03%  PE=22.77(52.81%) PB=None(None%)
2026-08-21 19:04:49  [ 55] 512660 军工ETF国泰  完成  日J=-4.25 周J=33.44 月J=-6.16 价=1.11 涨=0.91%  PE=45.72(13.15%) PB=3.23(52.16%)
2026-08-21 19:04:51  [ 56] 588220 科创100ETF鹏华  完成  日J=20.25 周J=33.16 月J=44.68 价=1.82 涨=-0.44%  PE=None(None%) PB=None(None%)
2026-08-21 19:04:52  [ 57] 563300 中证2000ETF华泰柏瑞  完成  日J=12.04 周J=50.15 月J=28.61 价=1.41 涨=0.07%  PE=39.59(67.95%) PB=None(None%)
2026-08-21 19:04:54  [ 58] 515980 人工智能ETF华富  完成  日J=-1.57 周J=18.04 月J=38.0 价=1.02 涨=1.39%  PE=51.93(83.3%) PB=None(None%)
2026-08-21 19:04:55  [ 59] 512950 央企改革ETF华夏  完成  日J=0.71 周J=38.78 月J=33.23 价=1.5 涨=0.47%  PE=15.73(82.64%) PB=None(None%)
2026-08-21 19:04:56  [ 60] 159851 金融科技ETF华宝  完成  日J=6.4 周J=49.84 月J=-0.79 价=0.61 涨=1.33%  PE=31.89(7.12%) PB=None(None%)
2026-08-21 19:04:58  [ 61] 159967 创业板成长ETF华夏  完成  日J=9.76 周J=25.13 月J=38.85 价=0.81 涨=2.14%  PE=None(None%) PB=None(None%)
2026-08-21 19:04:59  [ 62] 159796 电池ETF汇添富  完成  日J=7.51 周J=31.99 月J=9.37 价=0.87 涨=1.63%  PE=None(None%) PB=None(None%)
2026-08-21 19:05:00  [ 63] 159259 成长ETF易方达  完成  日J=8.25 周J=22.55 月J=38.69 价=1.34 涨=1.74%  PE=None(None%) PB=None(None%)
2026-08-21 19:05:01  全部完成，结果已写入 C:\Users\hailo\Desktop\每周自动指标\output_etf\2026-08-21\metrics_2026-08-21.csv
2026-08-21 19:05:01  步骤2完成 -> C:\Users\hailo\Desktop\每周自动指标\output_etf\2026-08-21\metrics_2026-08-21.csv
2026-08-21 19:05:01  步骤3: 生成 HTML 总结报告...
2026-08-21 19:05:01  步骤3完成 -> C:\Users\hailo\Desktop\每周自动指标\output_etf\2026-08-21\report_2026-08-21.html
2026-08-21 19:05:01  步骤4: 发送邮件报告...
2026-08-21 19:05:02  步骤4完成: 邮件已发送
2026-08-21 19:05:02  ===== 全部完成 2026-08-21 =====
