2026-09-11 20:59:57  ===== 开始每日港股通指标任务 2026-09-11 =====
2026-09-11 20:59:57  步骤1: 获取港股通总市值前100标的...
获取港股通标的列表(共取市值前 100 只)...
接口返回 100 只港股通标的
2026-09-11 20:59:58  步骤1完成 -> /home/runner/work/daily-stock-metrics/daily-stock-metrics/output_hk/2026-09-11/hk_list_2026-09-11.csv
2026-09-11 20:59:58  步骤2: 计算 KDJ-J(日/周/月)...
2026-09-11 20:59:58  步骤2: 计算指标...
2026-09-11 20:59:58  观察池: 共104只(含历史追踪4只)
2026-09-11 20:59:58  待处理 104 条，并发数 8
2026-09-11 21:00:00  [  5] 03750 宁德时代  完成  日J=18.35 周J=3.42 月J=23.63 MA20=601.175 MA60=632.05 多头=0 价=547.5 涨=-2.49%  PE=26.29(None%) PB=5.8(None%)
2026-09-11 21:00:00  [  7] 09988 阿里巴巴-W  完成  日J=33.69 周J=21.54 月J=17.78 MA20=114.52 MA60=111.998 多头=1 价=107.5 涨=0.56%  PE=25.16(None%) PB=1.7(None%)
2026-09-11 21:00:00  [  3] 01398 工商银行  完成  日J=50.54 周J=97.65 月J=93.97 MA20=7.509 MA60=7.151 多头=1 价=7.61 涨=0.0%  PE=6.4(None%) PB=0.59(None%)
2026-09-11 21:00:00  [  6] 01288 农业银行  完成  日J=21.62 周J=90.48 月J=89.99 MA20=6.304 MA60=5.928 多头=1 价=6.36 涨=-0.39%  PE=6.58(None%) PB=0.68(None%)
2026-09-11 21:00:00  [  4] 00939 建设银行  完成  日J=74.15 周J=105.16 月J=100.85 MA20=9.376 MA60=8.821 多头=1 价=9.75 涨=-0.15%  PE=6.49(None%) PB=0.62(None%)
2026-09-11 21:00:00  [  8] 03988 中国银行  完成  日J=62.86 周J=104.6 月J=100.44 MA20=5.715 MA60=5.366 多头=1 价=6.04 涨=1.26%  PE=6.9(None%) PB=0.62(None%)
2026-09-11 21:00:00  [  1] 00700 腾讯控股  完成  日J=17.04 周J=11.29 月J=3.14 MA20=442.25 MA60=451.007 多头=0 价=428.4 涨=0.66%  PE=14.61(None%) PB=2.98(None%)
2026-09-11 21:00:01  [  2] 00005 汇丰控股  完成  日J=56.13 周J=65.37 月J=88.69 MA20=163.025 MA60=158.86 多头=1 价=163.3 涨=-0.85%  PE=14.86(None%) PB=2.07(None%)
2026-09-11 21:00:02  [ 11] 03308 中际旭创  完成  日J=81.56 周J=51.79 月J=None MA20=1092.1 MA60=None 多头=None 价=1170.0 涨=4.37%  PE=59.17(None%) PB=28.43(None%)
2026-09-11 21:00:02  [  9] 00857 中国石油股份  完成  日J=18.47 周J=84.18 月J=37.04 MA20=10.062 MA60=9.628 多头=1 价=9.98 涨=-1.09%  PE=9.11(None%) PB=0.97(None%)
2026-09-11 21:00:02  [ 10] 00941 中国移动  完成  日J=22.92 周J=14.83 月J=25.3 MA20=80.255 MA60=80.247 多头=1 价=78.9 涨=0.06%  PE=11.39(None%) PB=1.02(None%)
2026-09-11 21:00:02  [ 12] 03968 招商银行  完成  日J=49.21 周J=94.63 月J=88.2 MA20=50.449 MA60=48.375 多头=1 价=51.95 涨=-0.38%  PE=7.61(None%) PB=0.99(None%)
2026-09-11 21:00:02  [ 13] 00883 中国海洋石油  完成  日J=10.82 周J=85.3 月J=29.42 MA20=24.989 MA60=23.445 多头=1 价=24.38 涨=-2.56%  PE=7.35(None%) PB=1.18(None%)
2026-09-11 21:00:02  [ 14] 01088 中国神华  完成  日J=79.45 周J=102.42 月J=60.59 MA20=45.321 MA60=43.302 多头=1 价=46.12 涨=-0.77%  PE=16.04(None%) PB=1.89(None%)
2026-09-11 21:00:02  [ 16] 02899 紫金矿业  完成  日J=48.7 周J=68.23 月J=30.7 MA20=36.778 MA60=33.406 多头=1 价=34.82 涨=-6.75%  PE=12.04(None%) PB=3.98(None%)
2026-09-11 21:00:02  [ 15] 02318 中国平安  完成  日J=-1.57 周J=45.67 月J=5.51 MA20=55.835 MA60=55.272 多头=1 价=54.0 涨=-1.55%  PE=5.4(None%) PB=0.83(None%)
2026-09-11 21:00:04  [ 17] 02628 中国人寿  完成  日J=10.65 周J=81.3 月J=39.78 MA20=29.099 MA60=28.508 多头=1 价=29.6 涨=-1.79%  PE=2.98(None%) PB=1.09(None%)
2026-09-11 21:00:04  [ 19] 00300 美的集团  完成  日J=33.26 周J=90.48 月J=99.28 MA20=98.728 MA60=93.822 多头=1 价=99.2 涨=-0.1%  PE=14.96(None%) PB=3.08(None%)
2026-09-11 21:00:04  [ 18] 01299 友邦保险  完成  日J=17.75 周J=62.42 月J=12.64 MA20=75.222 MA60=74.918 多头=1 价=75.05 涨=-0.33%  PE=12.47(None%) PB=2.43(None%)
2026-09-11 21:00:04  [ 22] 01810 小米集团-W  完成  日J=11.62 周J=31.96 月J=29.28 MA20=27.391 MA60=26.401 多头=1 价=26.36 涨=1.7%  PE=18.15(None%) PB=2.19(None%)
2026-09-11 21:00:04  [ 23] 01658 邮储银行  完成  日J=48.61 周J=95.8 月J=90.33 MA20=5.162 MA60=4.947 多头=1 价=5.42 涨=1.03%  PE=6.38(None%) PB=0.54(None%)
2026-09-11 21:00:04  [ 24] 09999 网易  完成  日J=18.28 周J=-3.16 月J=26.8 MA20=190.85 MA60=197.02 多头=0 价=182.1 涨=-0.55%  PE=15.8(None%) PB=3.04(None%)
2026-09-11 21:00:04  [ 20] 01211 比亚迪股份  完成  日J=3.31 周J=16.33 月J=32.47 MA20=87.935 MA60=86.665 多头=1 价=79.85 涨=0.38%  PE=21.86(None%) PB=2.63(None%)
2026-09-11 21:00:04  [ 21] 03328 交通银行  完成  日J=98.91 周J=111.25 月J=109.79 MA20=7.703 MA60=7.32 多头=1 价=8.09 涨=0.37%  PE=6.47(None%) PB=0.53(None%)
2026-09-11 21:00:05  [ 26] 02359 药明康德  完成  日J=29.78 周J=61.49 月J=81.93 MA20=196.985 MA60=173.343 多头=1 价=188.8 涨=-1.15%  PE=22.81(None%) PB=5.83(None%)
2026-09-11 21:00:06  [ 25] 00386 中国石油化工股份  完成  日J=46.19 周J=101.72 月J=38.82 MA20=4.662 MA60=4.364 多头=1 价=4.78 涨=-1.44%  PE=14.26(None%) PB=0.6(None%)
2026-09-11 21:00:06  [ 27] 02388 中银香港  完成  日J=52.13 周J=97.45 月J=97.01 MA20=51.311 MA60=49.007 多头=1 价=52.3 涨=1.16%  PE=13.26(None%) PB=1.53(None%)
2026-09-11 21:00:06  [ 32] 03690 美团-W  完成  日J=14.64 周J=8.43 月J=39.24 MA20=80.302 MA60=81.763 多头=0 价=75.1 涨=0.47%  PE=-10.87(None%) PB=2.38(None%)
2026-09-11 21:00:06  [ 31] 00998 中信银行  完成  日J=65.33 周J=109.69 月J=92.09 MA20=8.15 MA60=7.522 多头=1 价=8.46 涨=0.3%  PE=5.77(None%) PB=0.55(None%)
2026-09-11 21:00:06  [ 28] 00981 中芯国际  完成  日J=4.86 周J=9.99 月J=31.67 MA20=69.135 MA60=72.008 多头=0 价=63.15 涨=-0.47%  PE=66.58(None%) PB=2.74(None%)
2026-09-11 21:00:06  [ 29] 02888 渣打集团  完成  日J=96.64 周J=86.07 月J=97.93 MA20=234.96 MA60=227.93 多头=1 价=241.8 涨=0.0%  PE=12.49(None%) PB=1.46(None%)
2026-09-11 21:00:06  [ 30] 00388 香港交易所  完成  日J=-2.47 周J=43.31 月J=49.42 MA20=410.53 MA60=398.16 多头=1 价=392.6 涨=-1.11%  PE=25.14(None%) PB=8.21(None%)
2026-09-11 21:00:07  [ 33] 02475 立讯精密  完成  日J=10.76 周J=52.29 月J=None MA20=61.163 MA60=None 多头=None 价=59.0 涨=1.37%  PE=22.69(None%) PB=4.03(None%)
2026-09-11 21:00:07  [ 35] 02259 紫金黄金国际  完成  日J=81.3 周J=107.64 月J=30.09 MA20=154.635 MA60=125.673 多头=1 价=160.1 涨=-2.56%  PE=21.69(None%) PB=5.85(None%)
2026-09-11 21:00:07  [ 34] 09633 农夫山泉  完成  日J=1.36 周J=22.46 月J=-0.81 MA20=42.06 MA60=42.044 多头=1 价=39.5 涨=-0.2%  PE=22.85(None%) PB=10.38(None%)
2026-09-11 21:00:08  [ 36] 00728 中国电信  完成  日J=-4.39 周J=31.67 月J=22.08 MA20=4.739 MA60=4.613 多头=1 价=4.52 涨=-1.85%  PE=12.15(None%) PB=0.76(None%)
2026-09-11 21:00:08  [ 37] 00267 中信股份  完成  日J=79.29 周J=112.78 月J=84.94 MA20=13.119 MA60=12.153 多头=1 价=13.73 涨=0.07%  PE=5.73(None%) PB=0.43(None%)
2026-09-11 21:00:08  [ 38] 06030 中信证券  完成  日J=0.63 周J=14.69 月J=32.16 MA20=26.535 MA60=27.117 多头=0 价=25.22 涨=-2.7%  PE=8.74(None%) PB=1.1(None%)
2026-09-11 21:00:08  [ 39] 00992 联想集团  完成  日J=71.06 周J=68.27 月J=93.31 MA20=30.926 MA60=26.523 多头=1 价=31.3 涨=-2.98%  PE=62.23(None%) PB=6.86(None%)
2026-09-11 21:00:08  [ 40] 02328 中国财险  完成  日J=24.47 周J=92.26 月J=86.43 MA20=16.526 MA60=15.559 多头=1 价=17.04 涨=0.0%  PE=6.88(None%) PB=1.08(None%)
2026-09-11 21:00:08  [ 41] 02513 智谱  完成  日J=-9.39 周J=1.61 月J=13.69 MA20=1044.475 MA60=1340.842 多头=0 价=793.0 涨=-3.17%  PE=-73.73(None%) PB=69.52(None%)
2026-09-11 21:00:09  [ 43] 03986 兆易创新  完成  日J=23.35 周J=7.54 月J=8.67 MA20=488.115 MA60=624.61 多头=0 价=452.2 涨=-5.08%  PE=35.03(None%) PB=7.39(None%)
2026-09-11 21:00:09  [ 42] 03993 洛阳钼业  完成  日J=55.02 周J=38.23 月J=1.4 MA20=17.007 MA60=16.77 多头=1 价=16.0 涨=-7.73%  PE=10.83(None%) PB=3.32(None%)
2026-09-11 21:00:09  [ 45] 06809 澜起科技  完成  日J=27.85 周J=7.28 月J=26.93 MA20=272.44 MA60=312.03 多头=0 价=258.0 涨=-4.59%  PE=89.87(None%) PB=12.73(None%)
2026-09-11 21:00:09  [ 44] 06160 百济神州  完成  日J=9.31 周J=55.6 月J=68.55 MA20=218.71 MA60=199.19 多头=1 价=206.2 涨=-0.39%  PE=62.07(None%) PB=7.83(None%)
2026-09-11 21:00:09  [ 47] 01276 恒瑞医药  完成  日J=8.97 周J=-4.0 月J=-7.33 MA20=47.735 MA60=54.138 多头=0 价=43.76 涨=-0.45%  PE=33.01(None%) PB=3.91(None%)
2026-09-11 21:00:10  [ 46] 00016 新鸿基地产  完成  日J=30.93 周J=26.14 月J=17.14 MA20=119.525 MA60=118.462 多头=1 价=108.2 涨=-7.28%  PE=14.63(None%) PB=0.49(None%)
2026-09-11 21:00:10  [ 48] 02601 中国太保  完成  日J=-1.71 周J=75.38 月J=10.38 MA20=29.725 MA60=29.147 多头=1 价=29.4 涨=-0.68%  PE=4.41(None%) PB=0.77(None%)
2026-09-11 21:00:10  [ 49] 02338 潍柴动力  完成  日J=43.72 周J=28.56 月J=40.77 MA20=32.346 MA60=33.825 多头=0 价=31.34 涨=-0.89%  PE=18.32(None%) PB=2.45(None%)
2026-09-11 21:00:10  [ 50] 00001 长和  完成  日J=41.54 周J=26.16 月J=78.23 MA20=69.818 MA60=69.958 多头=0 价=68.85 涨=-1.5%  PE=6.98(None%) PB=0.46(None%)
2026-09-11 21:00:11  [ 51] 01339 中国人民保险集团  完成  日J=17.75 周J=84.15 月J=33.58 MA20=5.603 MA60=5.289 多头=1 价=5.9 涨=-0.76%  PE=4.01(None%) PB=0.66(None%)
2026-09-11 21:00:11  [ 52] 02611 国泰海通  完成  日J=19.47 周J=45.56 月J=34.02 MA20=15.073 MA60=14.898 多头=1 价=14.75 涨=-1.93%  PE=7.04(None%) PB=0.68(None%)
2026-09-11 21:00:11  [ 55] 06951 三环集团  完成  日J=83.98 周J=74.67 月J=None MA20=114.12 MA60=None 多头=None 价=124.4 涨=4.01%  PE=65.94(None%) PB=9.14(None%)
2026-09-11 21:00:11  [ 54] 01919 中远海控  完成  日J=33.19 周J=66.2 月J=76.34 MA20=17.011 MA60=15.41 多头=1 价=16.44 涨=-1.08%  PE=8.27(None%) PB=0.93(None%)
2026-09-11 21:00:11  [ 53] 02378 保诚  完成  日J=6.06 周J=8.24 月J=16.33 MA20=108.065 MA60=108.863 多头=0 价=103.7 涨=-0.29%  PE=9.11(None%) PB=1.68(None%)
2026-09-11 21:00:11  [ 56] 09888 百度集团-W  完成  日J=-2.13 周J=14.03 月J=-8.89 MA20=92.98 MA60=102.573 多头=0 价=89.1 涨=-0.06%  PE=-66.42(None%) PB=0.78(None%)
2026-09-11 21:00:12  [ 57] 00669 创科实业  完成  日J=18.22 周J=20.78 月J=71.47 MA20=135.775 MA60=132.835 多头=1 价=127.0 涨=-1.32%  PE=22.79(None%) PB=3.98(None%)
2026-09-11 21:00:12  [ 58] 01378 中国宏桥  完成  日J=33.52 周J=59.35 月J=-5.48 MA20=23.227 MA60=22.732 多头=1 价=22.5 涨=-4.01%  PE=7.05(None%) PB=1.44(None%)
2026-09-11 21:00:12  [ 59] 02714 牧原股份  完成  日J=57.04 周J=99.0 月J=37.69 MA20=35.941 MA60=33.378 多头=1 价=38.08 涨=0.37%  PE=-157.22(None%) PB=2.41(None%)
2026-09-11 21:00:12  [ 60] 01347 华虹宏力  完成  日J=15.5 周J=-3.52 月J=19.26 MA20=117.13 MA60=146.032 多头=0 价=111.7 涨=-1.15%  PE=268.48(None%) PB=3.47(None%)
2026-09-11 21:00:13  [ 63] 09992 泡泡玛特  完成  日J=18.16 周J=44.73 月J=3.22 MA20=154.03 MA60=156.743 多头=0 价=153.0 涨=0.2%  PE=13.65(None%) PB=7.67(None%)
2026-09-11 21:00:13  [ 62] 00066 港铁公司  完成  日J=96.44 周J=76.5 月J=29.28 MA20=32.903 MA60=32.272 多头=1 价=32.94 涨=-1.85%  PE=8.98(None%) PB=1.0(None%)
2026-09-11 21:00:13  [ 61] 01109 华润置地  完成  日J=33.25 周J=16.64 月J=9.69 MA20=32.111 MA60=32.461 多头=0 价=29.16 涨=-2.67%  PE=7.86(None%) PB=0.62(None%)
2026-09-11 21:00:13  [ 64] 02020 安踏体育  完成  日J=-7.65 周J=22.27 月J=38.39 MA20=74.982 MA60=74.218 多头=1 价=72.45 涨=0.56%  PE=11.1(None%) PB=2.46(None%)
2026-09-11 21:00:13  [ 65] 03692 翰森制药  完成  日J=-8.67 周J=55.92 月J=23.1 MA20=34.186 MA60=32.736 多头=1 价=32.72 涨=-1.86%  PE=26.05(None%) PB=4.56(None%)
2026-09-11 21:00:14  [ 67] 02476 胜宏科技  完成  日J=29.58 周J=33.73 月J=-0.9 MA20=220.915 MA60=246.425 多头=0 价=200.0 涨=-2.25%  PE=34.4(None%) PB=4.5(None%)
2026-09-11 21:00:14  [ 68] 02269 药明生物  完成  日J=8.14 周J=63.99 月J=75.94 MA20=49.227 MA60=41.982 多头=1 价=47.0 涨=-1.05%  PE=34.4(None%) PB=3.52(None%)
2026-09-11 21:00:14  [ 66] 00002 中电控股  完成  日J=100.19 周J=66.71 月J=92.99 MA20=78.305 MA60=76.968 多头=1 价=78.5 涨=-1.07%  PE=18.29(None%) PB=1.8(None%)
2026-09-11 21:00:14  [ 69] 06690 海尔智家  完成  日J=0.06 周J=35.8 月J=14.15 MA20=21.193 MA60=20.983 多头=1 价=20.58 涨=-1.15%  PE=9.42(None%) PB=1.4(None%)
2026-09-11 21:00:14  [ 70] 06031 三一重工  完成  日J=52.25 周J=55.24 月J=15.01 MA20=19.281 MA60=19.536 多头=0 价=19.7 涨=-0.3%  PE=17.86(None%) PB=1.71(None%)
2026-09-11 21:00:15  [ 71] 00762 中国联通  完成  日J=89.06 周J=21.54 月J=7.95 MA20=5.758 MA60=6.242 多头=0 价=5.83 涨=-0.68%  PE=9.87(None%) PB=0.41(None%)
2026-09-11 21:00:15  [ 72] 00175 吉利汽车  完成  日J=9.62 周J=2.34 月J=6.96 MA20=17.681 MA60=18.21 多头=0 价=16.12 涨=-0.06%  PE=9.16(None%) PB=1.6(None%)
2026-09-11 21:00:15  [ 73] 06818 中国光大银行  完成  日J=49.27 周J=14.61 月J=5.77 MA20=2.931 MA60=3.024 多头=0 价=2.86 涨=1.24%  PE=4.5(None%) PB=0.29(None%)
2026-09-11 21:00:16  [ 74] 01113 长实集团  完成  日J=103.38 周J=81.32 月J=53.66 MA20=46.611 MA60=46.402 多头=1 价=47.88 涨=-0.04%  PE=12.67(None%) PB=0.42(None%)
2026-09-11 21:00:16  [ 76] 01801 信达生物  完成  日J=-1.42 周J=46.62 月J=64.13 MA20=100.907 MA60=92.254 多头=1 价=93.55 涨=-0.85%  PE=114.25(None%) PB=6.81(None%)
2026-09-11 21:00:16  [ 78] 03288 海天味业  完成  日J=8.0 周J=-6.45 月J=-3.93 MA20=29.713 MA60=30.793 多头=0 价=27.08 涨=-0.44%  PE=19.03(None%) PB=3.52(None%)
2026-09-11 21:00:16  [ 75] 01038 长江基建集团  完成  日J=108.67 周J=95.3 月J=86.11 MA20=65.435 MA60=62.502 多头=1 价=66.3 涨=0.15%  PE=6.64(None%) PB=1.13(None%)
2026-09-11 21:00:16  [ 77] 00788 中国铁塔  完成  日J=21.0 周J=0.57 月J=4.41 MA20=9.194 MA60=9.351 多头=0 价=9.03 涨=-0.33%  PE=10.47(None%) PB=0.67(None%)
2026-09-11 21:00:17  [ 79] 01816 中广核电力  完成  日J=65.59 周J=109.06 月J=25.35 MA20=2.967 MA60=2.862 多头=1 价=3.06 涨=-1.45%  PE=13.67(None%) PB=1.09(None%)
2026-09-11 21:00:17  [ 80] 06886 华泰证券  完成  日J=7.97 周J=80.3 月J=33.34 MA20=17.32 MA60=16.992 多头=1 价=17.14 涨=-2.56%  PE=6.63(None%) PB=0.75(None%)
2026-09-11 21:00:17  [ 81] 06936 顺丰控股  完成  日J=3.94 周J=13.33 月J=22.21 MA20=31.649 MA60=31.801 多头=0 价=29.42 涨=-0.54%  PE=12.51(None%) PB=1.31(None%)
2026-09-11 21:00:17  [ 82] 02423 贝壳-W  完成  日J=6.37 周J=64.88 月J=64.49 MA20=45.825 MA60=43.198 多头=1 价=44.56 涨=1.04%  PE=28.27(None%) PB=2.05(None%)
2026-09-11 21:00:18  [ 83] 01988 民生银行  完成  日J=36.92 周J=63.21 月J=34.04 MA20=3.482 MA60=3.431 多头=1 价=3.47 涨=-2.66%  PE=4.62(None%) PB=0.23(None%)
2026-09-11 21:00:18  [ 84] 06869 长飞光纤光缆  完成  日J=61.67 周J=91.99 月J=40.05 MA20=161.465 MA60=160.129 多头=1 价=183.5 涨=3.44%  PE=38.52(None%) PB=8.06(None%)
2026-09-11 21:00:18  [ 85] 01766 中国中车  完成  日J=28.75 周J=102.69 月J=47.08 MA20=5.278 MA60=4.992 多头=1 价=5.29 涨=1.15%  PE=9.58(None%) PB=0.75(None%)
2026-09-11 21:00:18  [ 86] 01888 建滔积层板  完成  日J=67.69 周J=48.85 月J=22.32 MA20=42.926 MA60=51.919 多头=0 价=47.9 涨=-1.48%  PE=34.34(None%) PB=8.23(None%)
2026-09-11 21:00:18  [ 89] 09973 奇瑞汽车  完成  日J=25.73 周J=39.9 月J=13.84 MA20=25.659 MA60=25.577 多头=1 价=24.94 涨=0.16%  PE=7.14(None%) PB=2.32(None%)
2026-09-11 21:00:18  [ 87] 01336 新华保险  完成  日J=26.01 周J=78.85 月J=5.59 MA20=47.564 MA60=47.688 多头=0 价=47.58 涨=-1.57%  PE=2.96(None%) PB=1.04(None%)
2026-09-11 21:00:19  [ 88] 01898 中煤能源  完成  日J=17.24 周J=73.42 月J=15.25 MA20=11.482 MA60=10.856 多头=1 价=11.14 涨=-2.11%  PE=8.47(None%) PB=0.77(None%)
2026-09-11 21:00:19  [ 90] 00027 银河娱乐  完成  日J=35.28 周J=48.4 月J=22.05 MA20=34.151 MA60=32.644 多头=1 价=32.78 涨=2.18%  PE=13.4(None%) PB=1.7(None%)
2026-09-11 21:00:19  [ 92] 03606 福耀玻璃  完成  日J=26.68 周J=57.85 月J=32.8 MA20=56.002 MA60=54.551 多头=1 价=54.85 涨=0.0%  PE=14.89(None%) PB=3.26(None%)
2026-09-11 21:00:19  [ 91] 02600 中国铝业  完成  日J=23.94 周J=77.42 月J=-6.48 MA20=8.579 MA60=8.254 多头=1 价=8.35 涨=-4.68%  PE=7.18(None%) PB=1.47(None%)
2026-09-11 21:00:20  [ 94] 01776 广发证券  完成  日J=7.53 周J=73.05 月J=68.4 MA20=17.967 MA60=17.415 多头=1 价=17.77 涨=-2.42%  PE=6.47(None%) PB=0.87(None%)
2026-09-11 21:00:20  [ 93] 01972 太古地产  完成  日J=81.86 周J=85.07 月J=52.17 MA20=24.587 MA60=23.024 多头=1 价=24.4 涨=-0.97%  PE=42.57(None%) PB=0.52(None%)
2026-09-11 21:00:20  [ 97] 01377 鼎泰高科  完成  日J=25.23 周J=27.86 月J=None MA20=339.14 MA60=None 多头=None 价=317.4 涨=-0.56%  PE=123.84(None%) PB=36.31(None%)
2026-09-11 21:00:20  [ 96] 01024 快手-W  完成  日J=1.84 周J=-4.59 月J=-9.94 MA20=34.144 MA60=40.284 多头=0 价=31.26 涨=-1.26%  PE=7.59(None%) PB=1.43(None%)
2026-09-11 21:00:20  [ 95] 00688 中国海外发展  完成  日J=29.71 周J=28.77 月J=15.9 MA20=13.384 MA60=13.196 多头=1 价=12.48 涨=-2.35%  PE=10.74(None%) PB=0.3(None%)
2026-09-11 21:00:21  [ 98] 00003 香港中华煤气  完成  日J=72.27 周J=69.32 月J=52.34 MA20=7.232 MA60=6.925 多头=1 价=7.18 涨=-1.64%  PE=21.05(None%) PB=2.23(None%)
2026-09-11 21:00:21  [102] 06099 招商证券  完成  日J=-1.66 周J=27.32 月J=42.74 MA20=15.261 MA60=15.688 多头=0 价=14.68 涨=-2.97%  PE=None(None%) PB=None(None%)
2026-09-11 21:00:21  [100] 01171 兖矿能源  完成  日J=25.74 周J=92.51 月J=35.71 MA20=13.152 MA60=12.18 多头=1 价=12.98 涨=-2.26%  PE=10.01(None%) PB=1.49(None%)
2026-09-11 21:00:21  [ 99] 00006 电能实业  完成  日J=107.78 周J=81.93 月J=47.86 MA20=60.635 MA60=58.925 多头=1 价=61.2 涨=0.08%  PE=7.29(None%) PB=1.26(None%)
2026-09-11 21:00:21  [101] 00012 恒基地产  完成  日J=14.32 周J=26.59 月J=0.45 MA20=27.649 MA60=27.023 多头=1 价=26.08 涨=-2.54%  PE=None(None%) PB=None(None%)
2026-09-11 21:00:22  [103] 06613 蓝思科技  完成  日J=-4.95 周J=57.17 月J=43.69 MA20=23.744 MA60=23.361 多头=1 价=22.4 涨=-1.67%  PE=None(None%) PB=None(None%)
2026-09-11 21:00:22  [104] 00358 江西铜业股份  完成  日J=45.93 周J=60.15 月J=13.0 MA20=37.379 MA60=35.266 多头=1 价=34.96 涨=-9.19%  PE=None(None%) PB=None(None%)
2026-09-11 21:00:22  全部完成，结果已写入 /home/runner/work/daily-stock-metrics/daily-stock-metrics/output_hk/2026-09-11/metrics_2026-09-11.csv
2026-09-11 21:00:22  步骤2完成 -> /home/runner/work/daily-stock-metrics/daily-stock-metrics/output_hk/2026-09-11/metrics_2026-09-11.csv
2026-09-11 21:00:22  步骤3: 生成 HTML 总结报告...
2026-09-11 21:00:23  步骤3完成 -> /home/runner/work/daily-stock-metrics/daily-stock-metrics/output_hk/2026-09-11/report_2026-09-11.html
2026-09-11 21:00:23  步骤4: 发送邮件报告...
2026-09-11 21:00:26  步骤4完成: 邮件已发送
2026-09-11 21:00:26  ===== 全部完成 2026-09-11 =====
2026-09-11 21:23:25  今日(2026-09-11)已完成，跳过。结果目录: /home/runner/work/daily-stock-metrics/daily-stock-metrics/output_hk/2026-09-11
2026-09-11 21:45:20  今日(2026-09-11)已完成，跳过。结果目录: /home/runner/work/daily-stock-metrics/daily-stock-metrics/output_hk/2026-09-11
2026-09-11 22:49:53  今日(2026-09-11)已完成，跳过。结果目录: /home/runner/work/daily-stock-metrics/daily-stock-metrics/output_hk/2026-09-11
