2026-09-17 21:42:04  ===== 开始每日指标任务 2026-09-17 =====
2026-09-17 21:42:04  步骤1: 获取 A股市值前100…
2026-09-17 21:42:05  步骤1完成 -> /home/runner/work/daily-stock-metrics/daily-stock-metrics/output/2026-09-17/top100_2026-09-17.csv
2026-09-17 21:42:05  步骤2: 计算 KDJ-J(日/周/月) 及 PE/PB 历史分位…
2026-09-17 21:42:05  观察池: 共112只(含历史追踪12只) -> /home/runner/work/daily-stock-metrics/daily-stock-metrics/output/2026-09-17/tracked_2026-09-17.csv
2026-09-17 21:42:05  待处理 112 条，并发数 8
2026-09-17 21:42:09  [  5] 601988 中国银行  完成  日J=63.16 周J=93.09 月J=104.78 MA20=6.426 MA60=6.043 多头=1 价=6.58 涨=0.3%  PE=8.51(99.86%) PB=0.77(94.33%)
2026-09-17 21:42:09  [  3] 601939 建设银行  完成  日J=50.87 周J=86.39 月J=101.4 MA20=10.845 MA60=10.347 多头=1 价=10.91 涨=0.55%  PE=8.24(97.35%) PB=0.8(73.9%)
2026-09-17 21:42:10  [  8] 600519 贵州茅台  完成  日J=3.57 周J=22.26 月J=34.18 MA20=1292.581 MA60=1281.212 多头=1 价=1266.98 涨=0.71%  PE=19.45(2.36%) PB=6.3(2.41%)
2026-09-17 21:42:10  [  4] 601288 农业银行  完成  日J=48.38 周J=85.19 月J=57.26 MA20=6.888 MA60=6.599 多头=1 价=6.89 涨=0.15%  PE=8.09(92.06%) PB=0.84(84.16%)
2026-09-17 21:42:10  [  2] 601398 工商银行  完成  日J=70.21 周J=90.6 月J=101.61 MA20=8.027 MA60=7.7 多头=1 价=8.14 涨=0.37%  PE=7.75(95.98%) PB=0.73(70.35%)
2026-09-17 21:42:10  [  6] 600941 中国移动  完成  日J=1.07 周J=65.87 月J=81.2 MA20=98.287 MA60=95.105 多头=1 价=96.9 涨=-0.04%  PE=15.95(52.5%) PB=1.48(33.48%)
2026-09-17 21:42:11  [  1] 688825 长鑫科技  完成  日J=-3.48 周J=69.4 月J=None MA20=56.452 MA60=None 多头=None 价=53.47 涨=-2.96%  PE=44.37(2.56%) PB=26.94(30.77%)
2026-09-17 21:42:12  [ 11] 601138 工业富联  完成  日J=2.28 周J=59.53 月J=32.93 MA20=62.942 MA60=63.212 多头=0 价=61.27 涨=-1.7%  PE=25.92(85.88%) PB=6.92(90.0%)
2026-09-17 21:42:12  [ 12] 300308 中际旭创  完成  日J=67.74 周J=25.35 月J=29.22 MA20=873.092 MA60=982.912 多头=0 价=896.0 涨=-1.3%  PE=51.6(57.45%) PB=26.48(95.89%)
2026-09-17 21:42:12  [  9] 600938 中国海油  完成  日J=9.93 周J=68.13 月J=27.21 MA20=33.764 MA60=31.574 多头=1 价=32.57 涨=-1.54%  PE=11.19(81.72%) PB=1.81(72.48%)
2026-09-17 21:42:12  [ 10] 300750 宁德时代  完成  日J=8.58 周J=-5.31 月J=-3.68 MA20=349.953 MA60=371.948 多头=0 价=304.3 涨=-0.39%  PE=16.57(3.68%) PB=3.71(2.64%)
2026-09-17 21:42:12  [ 13] 601628 中国人寿  完成  日J=-2.12 周J=7.83 月J=25.45 MA20=38.156 MA60=38.184 多头=0 价=37.15 涨=-0.27%  PE=4.24(0.05%) PB=1.58(3.64%)
2026-09-17 21:42:12  [ 14] 600036 招商银行  完成  日J=3.1 周J=83.79 月J=93.91 MA20=40.583 MA60=38.853 多头=1 价=40.6 涨=-0.78%  PE=6.75(30.54%) PB=0.89(15.6%)
2026-09-17 21:42:13  [ 15] 688981 中芯国际  完成  日J=48.85 周J=-0.94 月J=33.22 MA20=121.765 MA60=134.497 多头=0 价=118.62 涨=-1.89%  PE=140.92(63.47%) PB=5.92(82.73%)
2026-09-17 21:42:13  [  7] 601857 中国石油  完成  日J=9.05 周J=57.65 月J=40.54 MA20=10.921 MA60=10.308 多头=1 价=10.62 涨=-1.76%  PE=11.04(44.21%) PB=1.19(83.07%)
2026-09-17 21:42:14  [ 17] 601318 中国平安  完成  日J=-7.74 周J=59.27 月J=21.81 MA20=54.874 MA60=52.175 多头=1 价=53.35 涨=-0.3%  PE=6.06(0.09%) PB=0.94(18.01%)
2026-09-17 21:42:14  [ 19] 002594 比亚迪  完成  日J=47.58 周J=3.09 月J=26.97 MA20=87.597 MA60=88.832 多头=0 价=84.97 涨=1.2%  PE=26.32(22.7%) PB=3.23(25.44%)
2026-09-17 21:42:15  [ 20] 600900 长江电力  完成  日J=78.01 周J=45.92 月J=90.05 MA20=28.257 MA60=27.959 多头=1 价=28.46 涨=0.0%  PE=19.24(52.58%) PB=3.22(85.86%)
2026-09-17 21:42:15  [ 22] 601328 交通银行  完成  日J=87.87 周J=101.88 月J=107.52 MA20=7.337 MA60=6.995 多头=1 价=7.58 涨=0.0%  PE=6.87(94.23%) PB=0.57(67.04%)
2026-09-17 21:42:15  [ 21] 688256 寒武纪  完成  日J=83.17 周J=27.03 月J=40.71 MA20=1063.915 MA60=1187.762 多头=0 价=1105.99 涨=-2.64%  PE=208.73(78.64%) PB=51.31(89.05%)
2026-09-17 21:42:16  [ 18] 601899 紫金矿业  完成  日J=2.81 周J=48.66 月J=27.02 MA20=33.408 MA60=31.25 多头=1 价=30.9 涨=-3.95%  PE=12.14(4.68%) PB=4.07(74.56%)
2026-09-17 21:42:16  [ 23] 000333 美的集团  完成  日J=18.82 周J=54.21 月J=87.53 MA20=86.338 MA60=83.87 多头=1 价=85.04 涨=0.05%  PE=14.62(52.01%) PB=3.06(49.69%)
2026-09-17 21:42:17  [ 24] 601658 邮储银行  完成  日J=12.68 周J=74.48 月J=83.07 MA20=5.302 MA60=5.1 多头=1 价=5.38 涨=-0.19%  PE=7.2(77.25%) PB=0.62(25.43%)
2026-09-17 21:42:17  [ 16] 601088 中国神华  完成  日J=50.97 周J=71.71 月J=72.99 MA20=47.299 MA60=44.659 多头=1 价=46.48 涨=-1.32%  PE=18.68(95.79%) PB=2.24(98.06%)
2026-09-17 21:42:17  [ 25] 600028 中国石化  完成  日J=-11.6 周J=48.03 月J=13.89 MA20=5.394 MA60=5.124 多头=1 价=5.14 涨=-1.34%  PE=17.27(84.3%) PB=0.74(33.81%)
2026-09-17 21:42:17  [ 28] 688041 海光信息  完成  日J=40.86 周J=-1.7 月J=9.28 MA20=238.348 MA60=286.646 多头=0 价=232.0 涨=-1.31%  PE=171.63(59.4%) PB=21.25(72.96%)
2026-09-17 21:42:18  [ 26] 300502 新易盛  完成  日J=72.46 周J=30.26 月J=35.76 MA20=407.656 MA60=455.96 多头=0 价=424.34 涨=0.15%  PE=45.11(41.04%) PB=24.36(93.29%)
2026-09-17 21:42:18  [ 29] 601998 中信银行  完成  日J=58.52 周J=105.62 月J=100.3 MA20=8.79 MA60=7.921 多头=1 价=8.94 涨=0.79%  PE=6.93(91.96%) PB=0.67(77.12%)
2026-09-17 21:42:18  [ 27] 601728 中国电信  完成  日J=64.67 周J=76.23 月J=68.49 MA20=6.236 MA60=5.984 多头=1 价=6.25 涨=-0.16%  PE=19.22(77.82%) PB=1.21(55.81%)
2026-09-17 21:42:19  [ 32] 688347 华虹宏力  完成  日J=47.31 周J=-8.12 月J=33.44 MA20=232.144 MA60=277.381 多头=0 价=220.9 涨=-1.42%  PE=607.59(68.03%) PB=9.01(93.0%)
2026-09-17 21:42:19  [ 30] 603259 药明康德  完成  日J=92.53 周J=68.95 月J=88.34 MA20=156.538 MA60=141.919 多头=1 价=160.49 涨=1.76%  PE=22.45(33.38%) PB=5.84(51.43%)
2026-09-17 21:42:19  [ 31] 002371 北方华创  完成  日J=94.64 周J=9.74 月J=39.34 MA20=669.377 MA60=729.758 多头=0 价=665.5 涨=0.39%  PE=84.97(42.51%) PB=11.91(78.58%)
2026-09-17 21:42:19  [ 33] 600030 中信证券  完成  日J=-4.23 周J=-6.31 月J=59.66 MA20=27.337 MA60=27.886 多头=0 价=26.16 涨=-1.1%  PE=10.31(0.05%) PB=1.38(36.78%)
2026-09-17 21:42:20  [ 35] 688235 百济神州  完成  日J=46.6 周J=-1.19 月J=49.26 MA20=265.858 MA60=269.6 多头=0 价=255.41 涨=1.21%  PE=92.0(88.31%) PB=11.12(69.35%)
2026-09-17 21:42:20  [ 34] 002475 立讯精密  完成  日J=14.16 周J=14.75 月J=16.3 MA20=55.117 MA60=58.225 多头=0 价=52.13 涨=-1.44%  PE=22.67(16.88%) PB=4.33(18.44%)
2026-09-17 21:42:20  [ 36] 601869 长飞光纤  完成  日J=94.44 周J=111.16 月J=61.57 MA20=419.598 MA60=392.585 多头=1 价=467.03 涨=1.31%  PE=112.32(89.61%) PB=23.63(98.69%)
2026-09-17 21:42:21  [ 37] 601166 兴业银行  完成  日J=-4.1 周J=23.33 月J=35.53 MA20=17.995 MA60=17.92 多头=1 价=17.75 涨=-0.28%  PE=4.98(34.85%) PB=0.45(4.07%)
2026-09-17 21:42:21  [ 40] 002384 东山精密  完成  日J=67.4 周J=29.27 月J=51.61 MA20=190.935 MA60=207.99 多头=0 价=193.53 涨=0.8%  PE=98.88(89.36%) PB=14.55(96.08%)
2026-09-17 21:42:21  [ 38] 603993 洛阳钼业  完成  日J=-0.15 周J=7.76 月J=0.78 MA20=18.568 MA60=18.549 多头=1 价=17.35 涨=-2.75%  PE=13.34(10.54%) PB=4.14(84.73%)
2026-09-17 21:42:22  [ 39] 600183 生益科技  完成  日J=55.59 周J=88.66 月J=61.43 MA20=143.148 MA60=139.316 多头=1 价=146.03 涨=-5.47%  PE=68.29(96.93%) PB=19.17(98.39%)
2026-09-17 21:42:22  [ 41] 601319 中国人保  完成  日J=-5.9 周J=71.0 月J=29.35 MA20=7.613 MA60=7.269 多头=1 价=7.69 涨=-0.39%  PE=5.98(0.11%) PB=1.0(26.12%)
2026-09-17 21:42:22  [ 42] 688012 中微公司  完成  日J=93.86 周J=28.9 月J=50.19 MA20=347.894 MA60=375.421 多头=0 价=351.23 涨=-0.39%  PE=79.52(44.91%) PB=11.2(72.0%)
2026-09-17 21:42:23  [ 43] 601601 中国太保  完成  日J=-12.48 周J=59.16 月J=15.45 MA20=32.557 MA60=31.049 多头=1 价=31.88 涨=-0.44%  PE=5.44(1.28%) PB=0.96(11.68%)
2026-09-17 21:42:23  [ 44] 601211 国泰海通  完成  日J=22.43 周J=-7.56 月J=41.89 MA20=17.616 MA60=18.187 多头=0 价=17.32 涨=-1.03%  PE=9.42(2.93%) PB=0.92(22.55%)
2026-09-17 21:42:23  [ 45] 300394 天孚通信  完成  日J=84.65 周J=97.54 月J=49.27 MA20=259.613 MA60=246.335 多头=1 价=277.65 涨=3.41%  PE=130.42(96.6%) PB=48.47(98.06%)
2026-09-17 21:42:24  [ 46] 600000 浦发银行  完成  日J=0.79 周J=39.5 月J=25.48 MA20=9.21 MA60=9.026 多头=1 价=9.06 涨=-0.44%  PE=5.89(63.55%) PB=0.4(26.0%)
2026-09-17 21:42:24  [ 47] 002415 海康威视  完成  日J=2.93 周J=-3.58 月J=57.09 MA20=34.261 MA60=34.561 多头=0 价=32.45 涨=-0.49%  PE=18.1(4.44%) PB=3.53(12.62%)
2026-09-17 21:42:24  [ 48] 600150 中国船舶  完成  日J=33.47 周J=94.22 月J=56.65 MA20=36.52 MA60=34.98 多头=1 价=38.96 涨=3.1%  PE=20.91(25.67%) PB=1.92(42.93%)
2026-09-17 21:42:24  [ 49] 600276 恒瑞医药  完成  日J=36.99 周J=-8.14 月J=0.31 MA20=45.391 MA60=51.095 多头=0 价=43.23 涨=-0.67%  PE=37.14(1.13%) PB=4.45(0.24%)
2026-09-17 21:42:25  [ 51] 000858 五 粮 液  完成  日J=0.37 周J=-2.71 月J=3.89 MA20=70.887 MA60=72.559 多头=0 价=69.13 涨=-0.19%  PE=20.51(21.32%) PB=2.26(0.19%)
2026-09-17 21:42:25  [ 50] 300059 东方财富  完成  日J=2.62 周J=-11.08 月J=13.41 MA20=18.896 MA60=19.637 多头=0 价=18.09 涨=-1.63%  PE=19.63(0.09%) PB=2.91(6.95%)
2026-09-17 21:42:25  [ 52] 002916 深南电路  完成  日J=79.34 周J=80.81 月J=54.62 MA20=366.918 MA60=372.207 多头=0 价=383.68 涨=-2.25%  PE=62.72(93.71%) PB=14.5(94.14%)
2026-09-17 21:42:25  [ 55] 688820 盛合晶微  完成  日J=92.46 周J=32.7 月J=20.63 MA20=127.926 MA60=146.177 多头=0 价=133.39 涨=-0.54%  PE=265.76(43.27%) PB=12.88(31.73%)
2026-09-17 21:42:25  [ 53] 603986 兆易创新  完成  日J=32.86 周J=11.49 月J=12.32 MA20=384.896 MA60=465.711 多头=0 价=369.88 涨=-0.87%  PE=32.84(10.59%) PB=6.98(40.52%)
2026-09-17 21:42:26  [ 58] 688808 联讯仪器  完成  日J=-0.51 周J=83.75 月J=72.68 MA20=2398.921 MA60=2177.04 多头=1 价=2371.0 涨=2.07%  PE=355.76(5.94%) PB=71.86(45.54%)
2026-09-17 21:42:26  [ 54] 300408 三环集团  完成  日J=95.03 周J=82.06 月J=53.89 MA20=115.83 MA60=121.373 多头=0 价=128.01 涨=-1.44%  PE=77.14(97.49%) PB=11.29(98.63%)
2026-09-17 21:42:27  [ 57] 601225 陕西煤业  完成  日J=17.56 周J=55.06 月J=80.34 MA20=26.253 MA60=24.767 多头=1 价=25.42 涨=-1.05%  PE=12.08(86.81%) PB=2.44(86.24%)
2026-09-17 21:42:27  [ 56] 601919 中远海控  完成  日J=60.42 周J=56.46 月J=82.48 MA20=16.576 MA60=15.445 多头=1 价=16.27 涨=-0.67%  PE=9.29(57.64%) PB=1.06(41.23%)
2026-09-17 21:42:27  [ 59] 002714 牧原股份  完成  日J=-1.1 周J=65.08 月J=50.25 MA20=41.76 MA60=39.691 多头=1 价=41.28 涨=0.49%  PE=-212.62(13.57%) PB=3.01(9.88%)
2026-09-17 21:42:28  [ 60] 002463 沪电股份  完成  日J=67.28 周J=78.09 月J=56.33 MA20=122.001 MA60=122.913 多头=0 价=123.48 涨=-3.38%  PE=46.93(93.24%) PB=13.21(97.64%)
2026-09-17 21:42:28  [ 61] 688008 澜起科技  完成  日J=76.12 周J=14.91 月J=28.67 MA20=196.945 MA60=219.98 多头=0 价=194.33 涨=-2.78%  PE=77.16(44.39%) PB=11.02(69.35%)
2026-09-17 21:42:28  [ 62] 601816 京沪高铁  完成  日J=15.46 周J=19.48 月J=70.78 MA20=4.851 MA60=4.818 多头=1 价=4.76 涨=0.42%  PE=17.09(1.11%) PB=1.11(1.42%)
2026-09-17 21:42:29  [ 64] 002142 宁波银行  完成  日J=26.3 周J=85.21 月J=89.62 MA20=34.472 MA60=32.392 多头=1 价=34.59 涨=0.82%  PE=7.34(36.08%) PB=0.94(31.68%)
2026-09-17 21:42:29  [ 66] 002379 宏桥控股  完成  日J=-4.78 周J=15.11 月J=2.84 MA20=18.372 MA60=18.069 多头=1 价=17.15 涨=-2.39%  PE=9.06(60.9%) PB=3.86(76.55%)
2026-09-17 21:42:29  [ 65] 000001 平安银行  完成  日J=9.42 周J=74.84 月J=98.9 MA20=11.73 MA60=11.192 多头=1 价=11.61 涨=-0.77%  PE=5.18(33.38%) PB=0.48(12.01%)
2026-09-17 21:42:29  [ 63] 000338 潍柴动力  完成  日J=41.8 周J=34.94 月J=47.1 MA20=26.889 MA60=27.511 多头=0 价=26.65 涨=4.43%  PE=17.73(80.95%) PB=2.4(78.2%)
2026-09-17 21:42:30  [ 67] 688498 源杰科技  完成  日J=89.5 周J=92.6 月J=76.96 MA20=1616.438 MA60=1548.618 多头=1 价=1784.66 涨=1.93%  PE=295.57(53.52%) PB=70.72(98.13%)
2026-09-17 21:42:30  [ 71] 688802 沐曦股份-U  完成  日J=41.09 周J=6.99 月J=29.25 MA20=598.116 MA60=722.432 多头=0 价=546.5 涨=14.44%  PE=24577.52(96.2%) PB=15.76(10.87%)
2026-09-17 21:42:31  [ 68] 600919 江苏银行  完成  日J=-3.91 周J=68.33 月J=93.78 MA20=12.222 MA60=11.692 多头=1 价=12.04 涨=-0.99%  PE=6.11(81.61%) PB=0.81(88.94%)
2026-09-17 21:42:31  [ 69] 600309 万华化学  完成  日J=-3.83 周J=41.49 月J=10.55 MA20=74.643 MA60=72.645 多头=1 价=70.33 涨=-0.64%  PE=13.37(25.72%) PB=1.94(5.48%)
2026-09-17 21:42:31  [ 70] 300476 胜宏科技  完成  日J=30.56 周J=44.84 月J=4.38 MA20=235.018 MA60=252.98 多头=0 价=222.9 涨=-3.24%  PE=43.59(77.97%) PB=5.78(81.04%)
2026-09-17 21:42:31  [ 74] 000725 京东方Ａ  完成  日J=81.08 周J=25.67 月J=32.94 MA20=5.673 MA60=6.27 多头=0 价=5.75 涨=5.5%  PE=27.11(48.32%) PB=1.6(71.73%)
2026-09-17 21:42:32  [ 73] 003816 中国广核  完成  日J=7.89 周J=87.53 月J=41.99 MA20=4.233 MA60=4.037 多头=1 价=4.25 涨=-0.93%  PE=21.63(88.8%) PB=1.74(78.3%)
2026-09-17 21:42:32  [ 77] 688836 宇树科技-W  完成  日J=46.71 周J=3.26 月J=None MA20=544.98 MA60=None 多头=None 价=503.26 涨=6.11%  PE=348.41(27.27%) PB=70.68(27.27%)
2026-09-17 21:42:32  [ 75] 000651 格力电器  完成  日J=-4.98 周J=23.29 月J=81.22 MA20=38.835 MA60=38.165 多头=1 价=37.98 涨=-0.31%  PE=7.63(23.03%) PB=1.43(2.32%)
2026-09-17 21:42:33  [ 76] 002938 鹏鼎控股  完成  日J=51.66 周J=50.74 月J=54.63 MA20=88.969 MA60=92.464 多头=0 价=90.71 涨=1.01%  PE=55.49(96.75%) PB=6.11(93.71%)
2026-09-17 21:42:33  [ 78] 688072 拓荆科技  完成  日J=110.87 周J=28.93 月J=53.71 MA20=653.804 MA60=698.041 多头=0 价=694.0 涨=2.13%  PE=93.22(44.73%) PB=15.95(90.4%)
2026-09-17 21:42:33  [ 72] 688801 C燧原-U  完成  日J=115.39 周J=None 月J=None MA20=None MA60=None 多头=None 价=500.0 涨=4.82%  PE=-181.47(20.0%) PB=81.39(100.0%)
2026-09-17 21:42:34  [ 81] 603268 松发股份  完成  日J=30.5 周J=94.26 月J=94.31 MA20=190.633 MA60=170.349 多头=1 价=193.5 涨=4.14%  PE=35.1(47.71%) PB=15.09(82.03%)
2026-09-17 21:42:34  [ 79] 600188 兖矿能源  完成  日J=1.25 周J=47.98 月J=51.92 MA20=21.594 MA60=20.393 多头=1 价=20.15 涨=0.2%  PE=18.92(93.29%) PB=2.63(76.5%)
2026-09-17 21:42:34  [ 83] 300760 迈瑞医疗  完成  日J=-19.04 周J=64.99 月J=42.88 MA20=162.731 MA60=152.094 多头=1 价=156.8 涨=-0.78%  PE=24.16(9.03%) PB=4.69(3.27%)
2026-09-17 21:42:35  [ 85] 688795 摩尔线程-U  完成  日J=23.31 周J=6.38 月J=10.33 MA20=461.71 MA60=566.962 多头=0 价=395.58 涨=8.68%  PE=-250.78(69.79%) PB=15.27(3.65%)
2026-09-17 21:42:35  [ 84] 600176 中国巨石  完成  日J=77.57 周J=67.72 月J=36.8 MA20=43.087 MA60=46.733 多头=0 价=47.15 涨=-0.51%  PE=41.65(96.45%) PB=5.69(98.91%)
2026-09-17 21:42:36  [ 86] 601898 中煤能源  完成  日J=-3.26 周J=57.57 月J=24.06 MA20=14.818 MA60=13.801 多头=1 价=14.01 涨=-1.96%  PE=10.13(47.0%) PB=1.12(84.73%)
2026-09-17 21:42:37  [ 88] 600025 华能水电  完成  日J=50.23 周J=23.71 月J=62.96 MA20=9.723 MA60=9.697 多头=1 价=9.73 涨=-0.82%  PE=21.92(78.16%) PB=2.59(73.19%)
2026-09-17 21:42:37  [ 90] 601066 中信建投  完成  日J=-2.0 周J=-7.2 月J=34.01 MA20=24.623 MA60=25.98 多头=0 价=23.19 涨=-1.57%  PE=14.31(0.4%) PB=2.05(11.03%)
2026-09-17 21:42:37  [ 89] 601818 光大银行  完成  日J=67.93 周J=37.56 月J=47.78 MA20=3.041 MA60=3.033 多头=1 价=3.05 涨=0.0%  PE=5.48(63.74%) PB=0.36(1.65%)
2026-09-17 21:42:38  [ 91] 601336 新华保险  完成  日J=-0.76 周J=4.82 月J=4.76 MA20=59.745 MA60=60.278 多头=0 价=57.43 涨=-0.05%  PE=4.05(0.05%) PB=1.45(39.34%)
2026-09-17 21:42:38  [ 92] 300433 蓝思科技  完成  日J=21.34 周J=22.72 月J=23.84 MA20=35.947 MA60=38.498 多头=0 价=33.44 涨=0.39%  PE=51.14(80.8%) PB=3.34(76.22%)
2026-09-17 21:42:38  [ 87] 601985 中国核电  完成  日J=48.88 周J=73.67 月J=81.82 MA20=8.96 MA60=8.875 多头=1 价=9.01 涨=-0.99%  PE=25.46(99.43%) PB=1.56(38.58%)
2026-09-17 21:42:39  [ 93] 601668 中国建筑  完成  日J=13.01 周J=1.11 月J=32.97 MA20=4.37 MA60=4.427 多头=0 价=4.27 涨=0.71%  PE=5.57(76.78%) PB=0.36(0.09%)
2026-09-17 21:42:40  [ 94] 601872 招商轮船  完成  日J=85.16 周J=109.88 月J=92.28 MA20=19.43 MA60=17.51 多头=1 价=21.85 涨=10.02%  PE=16.27(54.47%) PB=3.77(99.91%)
2026-09-17 21:42:41  [ 98] 601766 中国中车  完成  日J=0.87 周J=67.89 月J=55.78 MA20=6.143 MA60=5.834 多头=1 价=5.95 涨=-0.17%  PE=12.26(3.59%) PB=0.97(7.42%)
2026-09-17 21:42:41  [ 97] 300604 长川科技  完成  日J=72.85 周J=27.14 月J=53.64 MA20=269.838 MA60=287.37 多头=0 价=267.15 涨=-0.88%  PE=92.33(39.57%) PB=30.64(97.4%)
2026-09-17 21:42:41  [ 96] 300274 阳光电源  完成  日J=32.2 周J=-0.6 月J=-17.22 MA20=92.96 MA60=109.017 多头=0 价=84.67 涨=-0.6%  PE=15.98(24.49%) PB=3.5(30.45%)
2026-09-17 21:42:42  [100] 301377 鼎泰高科  完成  日J=79.25 周J=40.18 月J=40.34 MA20=397.35 MA60=429.101 多头=0 价=399.2 涨=-2.37%  PE=177.62(85.79%) PB=54.2(94.19%)
2026-09-17 21:42:43  [ 95] 600406 国电南瑞  完成  日J=14.19 周J=4.49 月J=-0.77 MA20=22.668 MA60=23.112 多头=0 价=21.95 涨=-0.32%  PE=20.99(6.95%) PB=3.39(22.93%)
2026-09-17 21:42:43  [ 80] 603288 海天味业  完成  日J=46.18 周J=-1.55 月J=25.45 MA20=34.38 MA60=35.235 多头=0 价=33.89 涨=-0.12%  PE=27.1(0.52%) PB=5.07(2.17%)
2026-09-17 21:42:43  [ 99] 600989 宝丰能源  完成  日J=0.3 周J=64.35 月J=16.95 MA20=23.918 MA60=22.588 多头=1 价=23.23 涨=-3.45%  PE=11.09(0.34%) PB=3.09(52.44%)
2026-09-17 21:42:43  [101] 002352 顺丰控股  完成  日J=33.66 周J=1.92 月J=16.98 MA20=31.574 MA60=32.336 多头=0 价=30.75 涨=1.57%  PE=14.88(0.71%) PB=1.58(0.09%)
2026-09-17 21:42:43  [103] 601688 华泰证券  完成  日J=-11.34 周J=6.11 月J=7.56 MA20=19.069 MA60=19.467 多头=0 价=18.13 涨=-1.89%  PE=7.97(0.05%) PB=0.92(25.91%)
2026-09-17 21:42:44  [102] 600031 三一重工  完成  日J=4.0 周J=29.56 月J=22.76 MA20=19.435 MA60=19.175 多头=1 价=18.07 涨=-0.61%  PE=18.7(40.28%) PB=1.8(5.11%)
2026-09-17 21:42:44  [104] 301666 大普微-UW  完成  日J=31.51 周J=4.58 月J=11.01 MA20=410.488 MA60=469.678 多头=0 价=374.57 涨=-2.27%  PE=135.36(12.15%) PB=44.81(3.74%)
2026-09-17 21:42:45  [105] 600487 亨通光电  完成  日J=79.65 周J=88.17 月J=30.22 MA20=65.178 MA60=66.69 多头=0 价=68.49 涨=4.72%  PE=40.35(94.7%) PB=5.01(95.56%)
2026-09-17 21:42:45  [106] 600547 山东黄金  完成  日J=2.86 周J=75.25 月J=18.85 MA20=35.854 MA60=29.883 多头=1 价=32.86 涨=-6.46%  PE=27.67(10.21%) PB=4.57(61.47%)
2026-09-17 21:42:46  [108] 302132 中航成飞  完成  日J=-9.47 周J=70.75 月J=16.36 MA20=60.692 MA60=58.203 多头=1 价=59.5 涨=-0.34%  PE=49.25(71.68%) PB=7.61(61.32%)
2026-09-17 21:42:46  [107] 000776 广发证券  完成  日J=-7.35 周J=8.93 月J=41.43 MA20=21.206 MA60=21.443 多头=0 价=20.02 涨=-1.43%  PE=8.3(0.05%) PB=1.13(40.52%)
2026-09-17 21:42:47  [110] 600362 江西铜业  完成  日J=-6.44 周J=57.26 月J=8.38 MA20=46.641 MA60=44.37 多头=1 价=43.26 涨=-1.9%  PE=12.93(37.21%) PB=1.71(91.49%)
2026-09-17 21:42:47  [112] 600930 华电新能  完成  日J=46.49 周J=7.92 月J=-3.28 MA20=3.939 MA60=4.243 多头=0 价=3.9 涨=-2.01%  PE=33.46(73.96%) PB=1.47(1.74%)
2026-09-17 21:42:47  [111] 600887 伊利股份  完成  日J=36.81 周J=65.34 月J=68.44 MA20=26.405 MA60=26.023 多头=1 价=26.56 涨=1.76%  PE=16.6(19.86%) PB=3.13(15.56%)
2026-09-17 21:42:47  [109] 601600 中国铝业  完成  日J=5.12 周J=59.06 月J=4.86 MA20=9.581 MA60=9.156 多头=1 价=9.16 涨=-1.61%  PE=8.99(3.03%) PB=1.86(67.33%)
2026-09-17 21:42:59  [ 82] 600690 海尔智家  完成  日J=-4.61 周J=33.48 月J=29.62 MA20=21.222 MA60=20.789 多头=1 价=20.7 涨=-0.29%  PE=10.8(4.87%) PB=1.61(3.07%)
2026-09-17 21:42:59  全部完成，结果已写入 /home/runner/work/daily-stock-metrics/daily-stock-metrics/output/2026-09-17/metrics_2026-09-17.csv
2026-09-17 21:42:59  步骤2完成 -> /home/runner/work/daily-stock-metrics/daily-stock-metrics/output/2026-09-17/metrics_2026-09-17.csv
2026-09-17 21:42:59  步骤2.5: 获取全市场大盘温度（活跃市值指标）…
2026-09-17 21:44:05  步骤2.5完成
2026-09-17 21:44:05  步骤2.6: 本地聚合 → 行业板块温度 / 大盘宽度仪表盘 / 机会榜
2026-09-17 21:44:05    - 板块温度: 12 个行业
2026-09-17 21:44:05    - 机会榜: 超跌 30 / 超买 10
2026-09-17 21:44:05  步骤2.6完成
2026-09-17 21:44:05  步骤3: 生成 HTML 总结报告…
2026-09-17 21:44:06  步骤3完成 -> /home/runner/work/daily-stock-metrics/daily-stock-metrics/output/2026-09-17/report_2026-09-17.html
2026-09-17 21:44:06  步骤4: 生成个股股价走势图（含每日信号）…
2026-09-17 21:44:06  步骤4完成 -> /home/runner/work/daily-stock-metrics/daily-stock-metrics/output/stock_charts.html
2026-09-17 21:44:06  步骤4.5: 生成昨日推荐回顾…
2026-09-17 21:44:06  步骤4.5完成 -> 已追加昨日推荐回顾
2026-09-17 21:44:06  步骤5: 发送邮件报告…
2026-09-17 21:44:12  步骤5完成: 邮件已发送
2026-09-17 21:44:12  ===== 全部完成 2026-09-17 =====
2026-09-17 22:11:43  今日(2026-09-17)已完成，跳过。结果目录: /home/runner/work/daily-stock-metrics/daily-stock-metrics/output/2026-09-17
2026-09-17 22:25:34  今日(2026-09-17)已完成，跳过。结果目录: /home/runner/work/daily-stock-metrics/daily-stock-metrics/output/2026-09-17
