2026-08-04 15:02:30  ===== 开始每日港股通指标任务 2026-08-04 =====
2026-08-04 15:02:30  步骤1: 获取港股通总市值前100标的...
获取港股通标的列表(共取市值前 100 只)...
接口返回 100 只港股通标的
2026-08-04 15:02:30  步骤1完成 -> C:\Users\hailo\Desktop\每周自动指标\output_hk\2026-08-04\hk_list_2026-08-04.csv
2026-08-04 15:02:30  步骤2: 计算 KDJ-J(日/周/月)...
2026-08-04 15:02:33  [  1] 00700 腾讯控股  完成  日J=109.47 周J=97.58 月J=19.24 价=486.4 涨=-0.82%  PE=16.84(None%) PB=3.48(None%)
2026-08-04 15:02:34  [  2] 03750 宁德时代  完成  日J=86.31 周J=24.21 月J=54.08 价=647.0 涨=3.52%  PE=31.07(None%) PB=6.85(None%)
2026-08-04 15:02:36  [  3] 00005 汇丰控股  完成  日J=76.01 周J=97.86 月J=98.26 价=166.5 涨=-1.01%  PE=17.38(None%) PB=1.85(None%)
2026-08-04 15:02:37  [  4] 01398 工商银行  完成  日J=42.33 周J=89.05 月J=75.4 价=7.26 涨=-3.14%  PE=6.23(None%) PB=0.58(None%)
2026-08-04 15:02:38  [  5] 09988 阿里巴巴-W  完成  日J=96.69 周J=99.36 月J=28.92 价=126.0 涨=0.64%  PE=20.61(None%) PB=1.99(None%)
2026-08-04 15:02:39  [  6] 00939 建设银行  完成  日J=52.0 周J=88.17 月J=79.29 价=8.91 涨=-3.1%  PE=6.1(None%) PB=0.58(None%)
2026-08-04 15:02:41  [  7] 01288 农业银行  完成  日J=34.86 周J=80.34 月J=66.87 价=6.0 涨=-2.99%  PE=6.37(None%) PB=0.66(None%)
2026-08-04 15:02:42  [  8] 00941 中国移动  完成  日J=47.33 周J=85.17 月J=53.12 价=82.55 涨=-1.26%  PE=11.78(None%) PB=1.08(None%)
2026-08-04 15:02:43  [  9] 00857 中国石油股份  完成  日J=4.22 周J=66.84 月J=27.84 价=9.64 涨=-1.73%  PE=9.94(None%) PB=0.96(None%)
2026-08-04 15:02:44  [ 10] 03988 中国银行  完成  日J=38.35 周J=77.18 月J=82.01 价=5.33 涨=-2.92%  PE=6.26(None%) PB=0.55(None%)
2026-08-04 15:02:46  [ 11] 03968 招商银行  完成  日J=49.37 周J=95.32 月J=57.45 价=49.3 涨=-3.14%  PE=7.37(None%) PB=0.97(None%)
2026-08-04 15:02:47  [ 12] 00883 中国海洋石油  完成  日J=48.05 周J=59.52 月J=17.46 价=23.56 涨=-0.76%  PE=8.01(None%) PB=1.18(None%)
2026-08-04 15:02:48  [ 13] 02318 中国平安  完成  日J=59.59 周J=99.21 月J=14.66 价=57.55 涨=-1.54%  PE=7.03(None%) PB=0.9(None%)
2026-08-04 15:02:49  [ 14] 01088 中国神华  完成  日J=-6.78 周J=47.71 月J=23.45 价=42.06 涨=-1.36%  PE=15.46(None%) PB=1.63(None%)
2026-08-04 15:02:51  [ 15] 02899 紫金矿业  完成  日J=52.0 周J=99.34 月J=13.06 价=33.14 涨=0.67%  PE=12.76(None%) PB=3.94(None%)
2026-08-04 15:02:52  [ 16] 01211 比亚迪股份  完成  日J=74.94 周J=106.82 月J=57.27 价=93.45 涨=-1.53%  PE=27.64(None%) PB=3.24(None%)
2026-08-04 15:02:53  [ 17] 01299 友邦保险  完成  日J=43.94 周J=90.75 月J=22.84 价=77.95 涨=-0.76%  PE=16.62(None%) PB=2.43(None%)
2026-08-04 15:02:55  [ 18] 02628 中国人寿  完成  日J=64.72 周J=40.87 月J=26.41 价=28.32 涨=-2.34%  PE=4.96(None%) PB=1.18(None%)
2026-08-04 15:02:56  [ 19] 00300 美的集团  完成  日J=45.02 周J=103.05 月J=85.29 价=96.5 涨=-1.28%  PE=14.86(None%) PB=2.79(None%)
2026-08-04 15:02:57  [ 20] 01810 小米集团-W  完成  日J=20.78 周J=79.34 月J=27.48 价=28.14 涨=0.64%  PE=18.36(None%) PB=2.42(None%)
2026-08-04 15:02:58  [ 21] 09999 网易  完成  日J=100.96 周J=65.65 月J=59.33 价=205.8 涨=-1.06%  PE=17.27(None%) PB=3.53(None%)
2026-08-04 15:03:00  [ 22] 03328 交通银行  完成  日J=43.97 周J=73.6 月J=74.28 价=7.36 涨=-3.03%  PE=6.02(None%) PB=0.49(None%)
2026-08-04 15:03:01  [ 23] 01658 邮储银行  完成  日J=41.06 周J=73.74 月J=38.5 价=4.94 涨=-2.18%  PE=6.01(None%) PB=0.51(None%)
2026-08-04 15:03:02  [ 24] 03690 美团-W  完成  日J=86.63 周J=114.21 月J=72.73 价=92.45 涨=-1.07%  PE=-12.82(None%) PB=3.36(None%)
2026-08-04 15:03:03  [ 25] 00981 中芯国际  完成  日J=16.94 周J=-4.13 月J=36.26 价=65.1 涨=4.66%  PE=102.89(None%) PB=3.07(None%)
2026-08-04 15:03:05  [ 26] 02359 药明康德  完成  日J=92.88 周J=99.15 月J=97.08 价=181.8 涨=11.6%  PE=21.62(None%) PB=5.62(None%)
2026-08-04 15:03:06  [ 27] 02388 中银香港  完成  日J=69.98 周J=96.54 月J=86.33 价=50.7 涨=-1.84%  PE=13.36(None%) PB=1.5(None%)
2026-08-04 15:03:07  [ 28] 00386 中国石油化工股份  完成  日J=45.84 周J=94.5 月J=6.22 价=4.33 涨=-1.25%  PE=12.82(None%) PB=0.55(None%)
2026-08-04 15:03:08  [ 29] 00388 香港交易所  完成  日J=86.31 周J=111.51 月J=46.44 价=407.6 涨=-0.34%  PE=27.39(None%) PB=9.37(None%)
2026-08-04 15:03:09  [ 30] 02888 渣打集团  完成  日J=87.95 周J=94.53 月J=97.11 价=234.4 涨=-1.01%  PE=12.15(None%) PB=1.41(None%)
2026-08-04 15:03:11  [ 31] 02513 智谱  完成  日J=32.05 周J=-7.9 月J=23.68 价=1028.0 涨=9.36%  PE=-92.47(None%) PB=-4.64(None%)
2026-08-04 15:03:12  [ 32] 09633 农夫山泉  完成  日J=59.05 周J=60.72 月J=10.7 价=42.72 涨=-2.02%  PE=27.35(None%) PB=10.99(None%)
2026-08-04 15:03:13  [ 33] 00998 中信银行  完成  日J=55.92 周J=96.15 月J=42.19 价=7.58 涨=-1.81%  PE=5.3(None%) PB=0.5(None%)
2026-08-04 15:03:15  [ 34] 00728 中国电信  完成  日J=26.75 周J=45.61 月J=18.01 价=4.62 涨=-2.12%  PE=11.91(None%) PB=0.8(None%)
2026-08-04 15:03:16  [ 35] 06030 中信证券  完成  日J=-1.71 周J=56.62 月J=46.21 价=26.96 涨=-0.81%  PE=10.6(None%) PB=1.21(None%)
2026-08-04 15:03:17  [ 36] 01276 恒瑞医药  完成  日J=43.84 周J=61.79 月J=11.78 价=57.55 涨=1.5%  PE=41.94(None%) PB=5.29(None%)
2026-08-04 15:03:19  [ 37] 03993 洛阳钼业  完成  日J=41.6 周J=46.69 月J=6.9 价=17.11 涨=2.15%  PE=13.54(None%) PB=3.64(None%)
2026-08-04 15:03:20  [ 38] 00016 新鸿基地产  完成  日J=69.26 周J=80.33 月J=42.52 价=123.0 涨=0.65%  PE=16.2(None%) PB=0.57(None%)
2026-08-04 15:03:21  [ 39] 02328 中国财险  完成  日J=64.2 周J=84.17 月J=47.83 价=16.01 涨=-0.93%  PE=8.44(None%) PB=1.07(None%)
2026-08-04 15:03:22  [ 40] 00267 中信股份  完成  日J=39.61 周J=51.29 月J=33.32 价=11.99 涨=-1.48%  PE=5.36(None%) PB=0.4(None%)
2026-08-04 15:03:24  [ 41] 06809 澜起科技  完成  日J=7.42 周J=-3.51 月J=36.51 价=262.4 涨=5.47%  PE=111.59(None%) PB=13.56(None%)
2026-08-04 15:03:25  [ 42] 03986 兆易创新  完成  日J=20.47 周J=-15.75 月J=17.0 价=447.6 涨=5.42%  PE=97.39(None%) PB=10.96(None%)
2026-08-04 15:03:26  [ 43] 02259 紫金黄金国际  完成  日J=30.56 周J=90.49 月J=0.36 价=116.5 涨=-0.43%  PE=25.02(None%) PB=4.78(None%)
2026-08-04 15:03:27  [ 44] 00992 联想集团  完成  日J=75.24 周J=68.16 月J=99.7 价=25.06 涨=1.29%  PE=20.75(None%) PB=5.2(None%)
2026-08-04 15:03:28  [ 45] 06160 百济神州  完成  日J=22.74 周J=97.96 月J=49.73 价=194.1 涨=1.68%  PE=74.71(None%) PB=8.81(None%)
2026-08-04 15:03:30  [ 46] 02378 保诚  完成  日J=77.6 周J=103.35 月J=46.89 价=116.1 涨=-1.19%  PE=9.38(None%) PB=1.89(None%)
2026-08-04 15:03:31  [ 47] 02601 中国太保  完成  日J=30.49 周J=69.25 月J=9.91 价=30.12 涨=-1.76%  PE=4.81(None%) PB=0.8(None%)
2026-08-04 15:03:32  [ 48] 02338 潍柴动力  完成  日J=89.15 周J=26.05 月J=53.07 价=33.56 涨=0.36%  PE=22.85(None%) PB=2.7(None%)
2026-08-04 15:03:33  [ 49] 00001 长和  完成  日J=80.05 周J=106.86 月J=98.03 价=73.85 涨=1.16%  PE=23.89(None%) PB=0.5(None%)
2026-08-04 15:03:35  [ 50] 02611 国泰海通  完成  日J=-1.54 周J=41.89 月J=24.24 价=14.46 涨=-1.77%  PE=10.29(None%) PB=0.69(None%)
2026-08-04 15:03:36  [ 51] 00669 创科实业  完成  日J=86.63 周J=85.06 月J=100.02 价=132.0 涨=-1.35%  PE=25.87(None%) PB=4.46(None%)
2026-08-04 15:03:37  [ 52] 01109 华润置地  完成  日J=25.58 周J=48.19 月J=45.03 价=33.48 涨=1.15%  PE=8.48(None%) PB=0.74(None%)
2026-08-04 15:03:38  [ 53] 01339 中国人民保险集团  完成  日J=49.34 周J=91.0 月J=8.89 价=5.37 涨=0.56%  PE=5.03(None%) PB=0.66(None%)
2026-08-04 15:03:40  [ 54] 01347 华虹宏力  完成  日J=18.19 周J=-8.59 月J=43.42 价=134.3 涨=5.91%  PE=415.32(None%) PB=4.42(None%)
2026-08-04 15:03:41  [ 55] 01919 中远海控  完成  日J=1.27 周J=100.77 月J=61.07 价=15.16 涨=-1.88%  PE=8.23(None%) PB=0.87(None%)
2026-08-04 15:03:42  [ 56] 01378 中国宏桥  完成  日J=38.65 周J=55.74 月J=-3.52 价=23.44 涨=2.09%  PE=9.18(None%) PB=1.59(None%)
2026-08-04 15:03:43  [ 57] 09992 泡泡玛特  完成  日J=7.38 周J=33.15 月J=6.31 价=160.4 涨=0.31%  PE=15.1(None%) PB=8.73(None%)
2026-08-04 15:03:45  [ 58] 02020 安踏体育  完成  日J=7.11 周J=85.63 月J=43.61 价=75.35 涨=-2.14%  PE=14.01(None%) PB=2.89(None%)
2026-08-04 15:03:46  [ 59] 00175 吉利汽车  完成  日J=50.01 周J=80.45 月J=33.82 价=19.21 涨=-1.89%  PE=12.03(None%) PB=1.92(None%)
2026-08-04 15:03:47  [ 60] 00762 中国联通  完成  日J=15.32 周J=37.61 月J=13.08 价=6.61 涨=-1.42%  PE=9.13(None%) PB=0.5(None%)
2026-08-04 15:03:49  [ 61] 00066 港铁公司  完成  日J=21.49 周J=84.17 月J=26.98 价=32.26 涨=-0.8%  PE=13.69(None%) PB=1.05(None%)
2026-08-04 15:03:50  [ 62] 01024 快手-W  完成  日J=101.92 周J=63.43 月J=-1.62 价=45.44 涨=0.93%  PE=10.05(None%) PB=2.13(None%)
2026-08-04 15:03:51  [ 63] 06690 海尔智家  完成  日J=-1.48 周J=69.04 月J=15.26 价=20.98 涨=-1.04%  PE=9.38(None%) PB=1.39(None%)
2026-08-04 15:03:52  [ 64] 00002 中电控股  完成  日J=15.02 周J=94.47 月J=90.34 价=76.75 涨=-1.03%  PE=18.52(None%) PB=1.8(None%)
2026-08-04 15:03:53  [ 65] 06031 三一重工  完成  日J=61.31 周J=79.26 月J=23.81 价=20.84 涨=-0.86%  PE=20.27(None%) PB=1.87(None%)
2026-08-04 15:03:55  [ 66] 03692 翰森制药  完成  日J=14.17 周J=60.99 月J=4.85 价=31.44 涨=-0.19%  PE=31.04(None%) PB=4.87(None%)
2026-08-04 15:03:56  [ 67] 02476 胜宏科技  完成  日J=28.96 周J=-3.36 月J=-1.61 价=191.7 涨=4.18%  PE=36.08(None%) PB=8.51(None%)
2026-08-04 15:03:57  [ 68] 03288 海天味业  完成  日J=37.19 周J=87.36 月J=36.61 价=32.12 涨=-1.83%  PE=23.04(None%) PB=3.96(None%)
2026-08-04 15:03:58  [ 69] 06818 中国光大银行  完成  日J=22.83 周J=48.09 月J=22.66 价=3.12 涨=-1.73%  PE=4.36(None%) PB=0.32(None%)
2026-08-04 15:04:00  [ 70] 02714 牧原股份  完成  日J=19.35 周J=75.89 月J=7.48 价=31.6 涨=-3.66%  PE=16.71(None%) PB=1.86(None%)
2026-08-04 15:04:01  [ 71] 00788 中国铁塔  完成  日J=62.33 周J=103.07 月J=18.81 价=9.88 涨=-1.25%  PE=13.49(None%) PB=0.77(None%)
2026-08-04 15:04:02  [ 72] 06936 顺丰控股  完成  日J=48.25 周J=108.73 月J=56.28 价=33.04 涨=-2.48%  PE=13.62(None%) PB=1.46(None%)
2026-08-04 15:04:04  [ 73] 02269 药明生物  完成  日J=75.85 周J=103.13 月J=69.57 价=40.52 涨=4.43%  PE=30.91(None%) PB=3.2(None%)
2026-08-04 15:04:05  [ 74] 01113 长实集团  完成  日J=21.3 周J=91.92 月J=58.95 价=47.7 涨=0.0%  PE=15.4(None%) PB=0.42(None%)
2026-08-04 15:04:06  [ 75] 09973 奇瑞汽车  完成  日J=106.95 周J=83.37 月J=31.13 价=26.9 涨=-2.18%  PE=7.53(None%) PB=2.5(None%)
2026-08-04 15:04:07  [ 76] 01038 长江基建集团  完成  日J=10.24 周J=98.89 月J=58.81 价=61.65 涨=-0.8%  PE=18.78(None%) PB=1.21(None%)
2026-08-04 15:04:08  [ 77] 02423 贝壳-W  完成  日J=107.81 周J=88.0 月J=55.57 价=44.86 涨=0.76%  PE=40.72(None%) PB=2.17(None%)
2026-08-04 15:04:10  [ 78] 01988 民生银行  完成  日J=18.69 周J=99.28 月J=29.69 价=3.52 涨=-2.23%  PE=4.65(None%) PB=0.24(None%)
2026-08-04 15:04:11  [ 79] 01801 信达生物  完成  日J=26.28 周J=62.08 月J=49.6 价=86.8 涨=0.93%  PE=167.67(None%) PB=7.02(None%)
2026-08-04 15:04:12  [ 80] 06886 华泰证券  完成  日J=6.02 周J=43.96 月J=20.68 价=16.71 涨=0.06%  PE=7.67(None%) PB=0.75(None%)
2026-08-04 15:04:13  [ 81] 03606 福耀玻璃  完成  日J=59.11 周J=97.23 月J=38.32 价=57.35 涨=-1.55%  PE=14.89(None%) PB=3.38(None%)
2026-08-04 15:04:15  [ 82] 01766 中国中车  完成  日J=71.62 周J=75.15 月J=29.75 价=5.17 涨=-2.08%  PE=9.84(None%) PB=0.75(None%)
2026-08-04 15:04:16  [ 83] 01336 新华保险  完成  日J=25.22 周J=47.15 月J=4.24 价=47.58 涨=-2.18%  PE=3.6(None%) PB=1.06(None%)
2026-08-04 15:04:17  [ 84] 01816 中广核电力  完成  日J=61.23 周J=73.58 月J=9.52 价=2.93 涨=-1.35%  PE=13.91(None%) PB=1.04(None%)
2026-08-04 15:04:18  [ 85] 02057 中通快递-W  完成  日J=80.37 周J=93.56 月J=67.67 价=191.9 涨=-0.21%  PE=14.22(None%) PB=2.1(None%)
2026-08-04 15:04:19  [ 86] 00027 银河娱乐  完成  日J=68.67 周J=101.92 月J=16.62 价=33.24 涨=-1.07%  PE=13.64(None%) PB=1.75(None%)
2026-08-04 15:04:21  [ 87] 00688 中国海外发展  完成  日J=7.34 周J=27.04 月J=32.26 价=13.21 涨=-1.42%  PE=10.3(None%) PB=0.34(None%)
2026-08-04 15:04:22  [ 88] 02600 中国铝业  完成  日J=45.59 周J=30.83 月J=-8.81 价=8.34 涨=0.91%  PE=8.68(None%) PB=1.56(None%)
2026-08-04 15:04:23  [ 89] 01377 鼎泰高科  完成  日J=61.78 周J=23.07 月J=None 价=334.0 涨=9.72%  PE=203.82(None%) PB=41.77(None%)
2026-08-04 15:04:24  [ 90] 01972 太古地产  完成  日J=83.42 周J=110.33 月J=40.33 价=24.08 涨=0.92%  PE=-90.66(None%) PB=0.52(None%)
2026-08-04 15:04:26  [ 91] 01898 中煤能源  完成  日J=-3.06 周J=28.09 月J=-2.84 价=10.47 涨=-0.48%  PE=8.61(None%) PB=0.75(None%)
2026-08-04 15:04:27  [ 92] 00012 恒基地产  完成  日J=39.9 周J=80.99 月J=14.2 价=27.96 涨=-0.64%  PE=23.91(None%) PB=0.42(None%)
2026-08-04 15:04:28  [ 93] 01776 广发证券  完成  日J=18.76 周J=44.49 月J=43.14 价=16.97 涨=1.31%  PE=7.59(None%) PB=0.85(None%)
2026-08-04 15:04:29  [ 94] 09987 百胜中国  完成  日J=85.32 周J=100.18 月J=39.25 价=381.4 涨=-0.88%  PE=17.26(None%) PB=3.13(None%)
2026-08-04 15:04:30  [ 95] 09903 天数智芯  完成  日J=34.7 周J=8.15 月J=47.22 价=484.0 涨=13.03%  PE=-117.34(None%) PB=42.56(None%)
2026-08-04 15:04:32  [ 96] 00003 香港中华煤气  完成  日J=-0.34 周J=82.84 月J=25.08 价=6.91 涨=-0.79%  PE=22.64(None%) PB=2.17(None%)
2026-08-04 15:04:33  [ 97] 06099 招商证券  完成  日J=32.53 周J=-3.32 月J=38.55 价=14.63 涨=0.41%  PE=8.55(None%) PB=0.9(None%)
2026-08-04 15:04:34  [ 98] 06618 京东健康  完成  日J=77.7 周J=105.82 月J=2.11 价=39.52 涨=-0.7%  PE=21.18(None%) PB=1.91(None%)
2026-08-04 15:04:35  [ 99] 00006 电能实业  完成  日J=12.7 周J=83.21 月J=40.81 价=58.2 涨=-1.02%  PE=19.87(None%) PB=1.37(None%)
2026-08-04 15:04:36  [100] 00763 中兴通讯  完成  日J=81.13 周J=39.15 月J=20.69 价=25.68 涨=1.66%  PE=24.37(None%) PB=1.42(None%)
2026-08-04 15:04:37  全部完成，结果已写入 C:\Users\hailo\Desktop\每周自动指标\output_hk\2026-08-04\metrics_2026-08-04.csv
2026-08-04 15:04:37  步骤2完成 -> C:\Users\hailo\Desktop\每周自动指标\output_hk\2026-08-04\metrics_2026-08-04.csv
2026-08-04 15:04:37  步骤3: 生成 HTML 总结报告...
2026-08-04 15:04:37  步骤3完成 -> C:\Users\hailo\Desktop\每周自动指标\output_hk\2026-08-04\report_2026-08-04.html
2026-08-04 15:04:37  步骤4: 发送邮件报告...
2026-08-04 15:04:38  步骤4完成: 邮件已发送
2026-08-04 15:04:38  ===== 全部完成 2026-08-04 =====
2026-08-04 15:05:24  今日(2026-08-04)已完成，跳过。结果目录: C:\Users\hailo\Desktop\每周自动指标\output_hk\2026-08-04
2026-08-04 15:08:57  今日(2026-08-04)已完成，跳过。结果目录: C:\Users\hailo\Desktop\每周自动指标\output_hk\2026-08-04
2026-08-04 21:54:01  今日(2026-08-04)已完成，跳过。结果目录: C:\Users\hailo\Desktop\每周自动指标\output_hk\2026-08-04
2026-08-04 21:54:17  今日(2026-08-04)已完成，跳过。结果目录: C:\Users\hailo\Desktop\每周自动指标\output_hk\2026-08-04
2026-08-04 21:59:36  今日(2026-08-04)已完成，跳过。结果目录: C:\Users\hailo\Desktop\每周自动指标\output_hk\2026-08-04
