2026-08-05 16:59:54  ===== 开始每日ETF指标任务 2026-08-05 =====
2026-08-05 16:59:54  步骤1: 获取场内规模前100的ETF...
[  1] 510300 沪深300ETF华泰柏瑞  规模=1275.52亿  跟踪=沪深300指数  主题=沪深300
[  2] 588000 科创50ETF华夏  规模=961.59亿  跟踪=上证科创板50成份指数  主题=科创板
[  3] 159915 创业板ETF易方达  规模=724.8亿  跟踪=创业板指数(价格)  主题=创业板
[  4] 512880 证券ETF国泰  规模=632.45亿  跟踪=中证全指证券公司指数  主题=证券
[  5] 510310 沪深300ETF易方达  规模=540.02亿  跟踪=沪深300指数  主题=沪深300
[  6] 588200 科创芯片ETF嘉实  规模=519.85亿  跟踪=上证科创板芯片指数  主题=半导体
[  7] 510500 中证500ETF南方  规模=493.26亿  跟踪=中证500指数  主题=中证500
[  8] 563360 A500ETF华泰柏瑞  规模=438.76亿  跟踪=中证A500指数  主题=中证A500
[  9] 588170 科创半导体ETF华夏  规模=437.27亿  跟踪=上证科创板半导体材料设备主题指数  主题=半导体
[ 10] 588080 科创50ETF易方达  规模=433.28亿  跟踪=上证科创板50成份指数  主题=科创板
[ 11] 510330 沪深300ETF华夏  规模=431.7亿  跟踪=沪深300指数  主题=沪深300
[ 12] 515880 通信ETF国泰  规模=419.42亿  跟踪=中证全指通信设备指数  主题=通信
[ 13] 159516 半导体设备ETF国泰  规模=410.86亿  跟踪=中证半导体材料设备主题指数  主题=半导体
[ 14] 512000 券商ETF华宝  规模=401.27亿  跟踪=中证全指证券公司指数  主题=证券
[ 15] 512100 中证1000ETF南方  规模=356.35亿  跟踪=中证1000指数  主题=中证1000
[ 16] 159352 A500ETF南方  规模=346.83亿  跟踪=中证A500指数  主题=中证A500
[ 17] 512890 红利低波ETF华泰柏瑞  规模=335.76亿  跟踪=中证红利低波动指数  主题=红利
[ 18] 159919 沪深300ETF嘉实  规模=329.9亿  跟踪=沪深300指数  主题=沪深300
[ 19] 159338 中证A500ETF国泰  规模=287.39亿  跟踪=中证A500指数  主题=中证A500
[ 20] 159361 A500ETF易方达  规模=281.61亿  跟踪=中证A500指数  主题=中证A500
[ 21] 159995 芯片ETF华夏  规模=276.12亿  跟踪=国证半导体芯片指数  主题=半导体
[ 22] 159949 创业板50ETF华安  规模=268.87亿  跟踪=创业板50指数  主题=创业板
[ 23] 512170 医疗ETF华宝  规模=266.66亿  跟踪=中证医疗指数  主题=医药
[ 24] 512400 有色金属ETF南方  规模=245.92亿  跟踪=有色金属  主题=有色金属
[ 25] 510050 上证50ETF华夏  规模=232.56亿  跟踪=上证50指数  主题=上证50
[ 26] 510880 红利ETF华泰柏瑞  规模=221.98亿  跟踪=上证红利指数  主题=红利
[ 27] 159819 人工智能ETF易方达  规模=213.85亿  跟踪=中证人工智能主题指数  主题=人工智能
[ 28] 512050 A500ETF华夏  规模=211.53亿  跟踪=中证A500指数  主题=中证A500
[ 29] 512480 半导体ETF国联安  规模=209.68亿  跟踪=中证全指半导体产品与设备指数  主题=半导体
[ 30] 159326 电网设备ETF华夏  规模=205.39亿  跟踪=中证电网设备主题指数  主题=其他
[ 31] 510210 上证指数ETF富国  规模=202.07亿  跟踪=上证综合指数  主题=其他
[ 32] 159558 半导体设备ETF易方达  规模=200.31亿  跟踪=中证半导体材料设备主题指数  主题=半导体
[ 33] 515450 红利低波50ETF南方  规模=192.47亿  跟踪=标普中国A股大盘红利低波50指数  主题=红利
[ 34] 515180 红利ETF易方达  规模=189.34亿  跟踪=中证红利指数  主题=红利
[ 35] 562500 机器人ETF华夏  规模=188.55亿  跟踪=中证机器人指数  主题=机器人
[ 36] 159530 机器人ETF易方达  规模=186.63亿  跟踪=国证机器人产业指数  主题=机器人
[ 37] 515050 通信ETF华夏  规模=180.03亿  跟踪=中证5G通信主题指数  主题=通信
[ 38] 512010 医药ETF易方达  规模=177.23亿  跟踪=沪深300医药卫生指数  主题=医药
[ 39] 510180 上证180ETF华安  规模=176.72亿  跟踪=上证180指数  主题=上证180
[ 40] 159992 创新药ETF银华  规模=174.93亿  跟踪=中证创新药产业指数  主题=医药
[ 41] 159201 自由现金流ETF华夏  规模=174.54亿  跟踪=国证自由现金流指数  主题=货币市场
[ 42] 159781 科创创业ETF易方达  规模=173.45亿  跟踪=中证科创创业50指数  主题=科创板
[ 43] 159845 中证1000ETF华夏  规模=169.08亿  跟踪=中证1000指数  主题=中证1000
[ 44] 159928 消费ETF汇添富  规模=157.32亿  跟踪=中证主要消费指数  主题=消费
[ 45] 512070 证券保险ETF易方达  规模=152.87亿  跟踪=沪深300非银行金融指数  主题=证券
[ 46] 159206 卫星ETF永赢  规模=149.62亿  跟踪=国证商用卫星通信产业指数  主题=通信
[ 47] 159870 化工ETF鹏华  规模=146.14亿  跟踪=细分化工  主题=化工
[ 48] 512690 酒ETF鹏华  规模=143.69亿  跟踪=中证酒指数  主题=白酒
[ 49] 517520 黄金股ETF永赢  规模=140.25亿  跟踪=中证沪深港黄金产业股票指数  主题=黄金
[ 50] 515220 煤炭ETF国泰  规模=136.24亿  跟踪=中证煤炭指数  主题=煤炭
[ 51] 563020 红利低波ETF易方达  规模=129.2亿  跟踪=中证红利低波动指数  主题=红利
[ 52] 560780 半导体设备ETF广发  规模=124.81亿  跟踪=中证半导体材料设备主题指数  主题=半导体
[ 53] 513630 港股低波红利ETF摩根  规模=124.45亿  跟踪=标普港股通低波红利指数  主题=红利
[ 54] 515120 创新药ETF广发  规模=124.36亿  跟踪=中证创新药产业指数  主题=医药
[ 55] 159841 证券ETF天弘  规模=120.95亿  跟踪=中证全指证券公司指数  主题=证券
[ 56] 515080 中证红利ETF招商  规模=119.26亿  跟踪=中证红利指数  主题=红利
[ 57] 159952 创业板ETF广发  规模=118.7亿  跟踪=创业板指数(价格)  主题=创业板
[ 58] 563800 A500ETF广发  规模=110.16亿  跟踪=中证A500指数  主题=中证A500
[ 59] 588050 科创50ETF工银  规模=109.71亿  跟踪=上证科创板50成份指数  主题=科创板
[ 60] 512760 芯片ETF国泰  规模=109.08亿  跟踪=中华交易服务半导体芯片行业人民币指数  主题=半导体
[ 61] 159611 电力ETF广发  规模=108.53亿  跟踪=中证全指电力公用事业指数  主题=电力
[ 62] 588710 科创半导体设备ETF华泰柏瑞  规模=107.54亿  跟踪=上证科创板半导体材料设备主题指数  主题=半导体
[ 63] 512800 银行ETF华宝  规模=103.85亿  跟踪=中证银行指数  主题=银行
[ 64] 159842 券商ETF银华  规模=101.66亿  跟踪=中证全指证券公司指数  主题=证券
[ 65] 516650 有色金属ETF华夏  规模=97.7亿  跟踪=细分有色  主题=有色金属
[ 66] 159922 中证500ETF嘉实  规模=95.91亿  跟踪=中证500指数  主题=中证500
[ 67] 159869 游戏ETF华夏  规模=93.46亿  跟踪=中证动漫游戏指数  主题=传媒
[ 68] 159852 软件ETF嘉实  规模=93.32亿  跟踪=中证软件服务指数  主题=计算机
[ 69] 560860 工业有色ETF万家  规模=92.59亿  跟踪=中证工业有色金属主题指数  主题=有色金属
[ 70] 159755 电池ETF广发  规模=91.0亿  跟踪=国证新能源车电池指数  主题=新能源
[ 71] 515330 沪深300ETF天弘  规模=89.05亿  跟踪=沪深300指数  主题=沪深300
[ 72] 512500 中证500ETF华夏  规模=87.75亿  跟踪=中证500指数  主题=中证500
[ 73] 159351 A500ETF嘉实  规模=86.89亿  跟踪=中证A500指数  主题=中证A500
[ 74] 515070 人工智能ETF华夏  规模=86.08亿  跟踪=中证人工智能主题指数  主题=人工智能
[ 75] 562590 半导体设备ETF华夏  规模=86.0亿  跟踪=中证半导体材料设备主题指数  主题=半导体
[ 76] 588060 科创50ETF广发  规模=84.18亿  跟踪=上证科创板50成份指数  主题=科创板
[ 77] 512900 证券ETF南方  规模=82.46亿  跟踪=中证全指证券公司指数  主题=证券
[ 78] 563220 A500ETF富国  规模=82.41亿  跟踪=中证A500指数  主题=中证A500
[ 79] 560010 中证1000ETF广发  规模=82.14亿  跟踪=中证1000指数  主题=中证1000
[ 80] 588750 科创芯片ETF汇添富  规模=76.95亿  跟踪=上证科创板芯片指数  主题=半导体
[ 81] 512710 军工龙头ETF富国  规模=74.23亿  跟踪=中证军工龙头指数  主题=军工
[ 82] 159307 红利低波100ETF博时  规模=73.78亿  跟踪=中证红利低波动100指数  主题=红利
[ 83] 159813 半导体ETF鹏华  规模=70.71亿  跟踪=国证半导体芯片指数  主题=半导体
[ 84] 159157 有色金属ETF天弘  规模=70.49亿  跟踪=中证工业有色金属主题指数  主题=有色金属
[ 85] 159363 创业板人工智能ETF华宝  规模=70.45亿  跟踪=创业板人工智能指数  主题=人工智能
[ 86] 159851 金融科技ETF华宝  规模=68.62亿  跟踪=中证金融科技主题指数  主题=其他
[ 87] 563300 中证2000ETF华泰柏瑞  规模=67.88亿  跟踪=中证2000指数  主题=中证2000
[ 88] 159263 价值ETF易方达  规模=67.52亿  跟踪=国证价值100指数  主题=价值
[ 89] 512660 军工ETF国泰  规模=67.2亿  跟踪=中证军工指数  主题=军工
[ 90] 159977 创业板ETF天弘  规模=66.42亿  跟踪=创业板指数(价格)  主题=创业板
[ 91] 515980 人工智能ETF华富  规模=65.09亿  跟踪=中证人工智能产业指数  主题=人工智能
[ 92] 516150 稀土ETF嘉实  规模=64.92亿  跟踪=中证稀土产业指数  主题=有色金属
[ 93] 159770 机器人ETF天弘  规模=64.2亿  跟踪=中证机器人指数  主题=机器人
[ 94] 159865 养殖ETF国泰  规模=63.22亿  跟踪=中证畜牧养殖指数  主题=农业
[ 95] 159967 创业板成长ETF华夏  规模=63.01亿  跟踪=创业板动量成长指数  主题=成长
[ 96] 512950 央企改革ETF华夏  规模=60.86亿  跟踪=中证央企结构调整指数  主题=央企国企
[ 97] 159633 中证1000ETF易方达  规模=60.68亿  跟踪=中证1000指数  主题=中证1000
[ 98] 159549 红利低波ETF天弘  规模=60.38亿  跟踪=中证红利低波动100指数  主题=红利
[ 99] 159783 科创创业50ETF华夏  规模=60.36亿  跟踪=中证科创创业50指数  主题=科创板
[100] 159796 电池ETF汇添富  规模=60.14亿  跟踪=中证电池主题指数  主题=新能源
2026-08-05 17:00:42  步骤1完成 -> C:\Users\hailo\Desktop\每周自动指标\output_etf\2026-08-05\etf_list_2026-08-05.csv
2026-08-05 17:00:42  步骤2: 计算 KDJ-J(日/周/月)...
2026-08-05 17:00:46  [  1] 510300 沪深300ETF华泰柏瑞  完成  日J=66.94 周J=15.94 月J=36.22 价=4.71 涨=1.27%  PE=14.25(74.08%) PB=1.45(47.16%)
2026-08-05 17:00:48  [  2] 588000 科创50ETF华夏  完成  日J=40.32 周J=0.3 月J=41.17 价=1.79 涨=4.92%  PE=76.6(81.97%) PB=7.67(91.18%)
2026-08-05 17:00:49  [  3] 159915 创业板ETF易方达  完成  日J=90.25 周J=8.83 月J=32.37 价=3.56 涨=1.31%  PE=43.66(53.92%) PB=5.75(67.84%)
2026-08-05 17:00:51  [  4] 512880 证券ETF国泰  完成  日J=64.39 周J=61.35 月J=36.67 价=1.11 涨=0.45%  PE=15.33(10.03%) PB=1.31(21.84%)
2026-08-05 17:00:53  [  5] 588200 科创芯片ETF嘉实  完成  日J=39.82 周J=-2.74 月J=42.46 价=1.17 涨=6.46%  PE=113.8(78.34%) PB=None(None%)
2026-08-05 17:00:54  [  6] 510500 中证500ETF南方  完成  日J=93.77 周J=10.93 月J=34.0 价=7.82 涨=2.88%  PE=27.14(70.27%) PB=2.41(77.48%)
2026-08-05 17:00:56  [  7] 563360 A500ETF华泰柏瑞  完成  日J=80.74 周J=13.84 月J=33.45 价=1.3 涨=1.49%  PE=16.17(71.4%) PB=None(None%)
2026-08-05 17:00:57  [  8] 588170 科创半导体ETF华夏  完成  日J=35.92 周J=8.4 月J=46.86 价=0.95 涨=9.83%  PE=40.07(78.68%) PB=None(None%)
2026-08-05 17:00:59  [  9] 515880 通信ETF国泰  完成  日J=80.54 周J=-0.25 月J=30.39 价=0.64 涨=0.47%  PE=47.57(89.96%) PB=None(None%)
2026-08-05 17:01:01  [ 10] 159516 半导体设备ETF国泰  完成  日J=40.22 周J=8.64 月J=47.95 价=0.7 涨=9.37%  PE=100.05(94.48%) PB=None(None%)
2026-08-05 17:01:02  [ 11] 512100 中证1000ETF南方  完成  日J=108.36 周J=14.82 月J=21.43 价=3.04 涨=3.3%  PE=30.71(66.39%) PB=2.34(41.2%)
2026-08-05 17:01:03  [ 12] 512890 红利低波ETF华泰柏瑞  完成  日J=6.5 周J=92.86 月J=60.92 价=1.16 涨=-1.36%  PE=7.74(68.7%) PB=0.85(57.04%)
2026-08-05 17:01:05  [ 13] 159995 芯片ETF华夏  完成  日J=40.24 周J=-3.64 月J=35.64 价=1.17 涨=6.85%  PE=None(None%) PB=None(None%)
2026-08-05 17:01:06  [ 14] 159949 创业板50ETF华安  完成  日J=86.82 周J=8.21 月J=27.56 价=1.68 涨=0.78%  PE=None(None%) PB=None(None%)
2026-08-05 17:01:08  [ 15] 512170 医疗ETF华宝  完成  日J=107.22 周J=109.49 月J=37.94 价=0.34 涨=1.8%  PE=28.24(24.7%) PB=3.42(10.84%)
2026-08-05 17:01:09  [ 16] 512400 有色金属ETF南方  完成  日J=90.41 周J=47.12 月J=6.76 价=1.9 涨=5.03%  PE=16.22(88.78%) PB=None(None%)
2026-08-05 17:01:10  [ 17] 510050 上证50ETF华夏  完成  日J=19.36 周J=65.22 月J=36.14 价=3.03 涨=1.58%  PE=11.5(77.59%) PB=1.24(53.84%)
2026-08-05 17:01:12  [ 18] 510880 红利ETF华泰柏瑞  完成  日J=24.58 周J=92.34 月J=59.19 价=3.23 涨=-0.22%  PE=8.45(71.42%) PB=0.83(59.28%)
2026-08-05 17:01:13  [ 19] 159819 人工智能ETF易方达  完成  日J=68.97 周J=12.1 月J=46.54 价=1.85 涨=1.65%  PE=50.85(75.11%) PB=None(None%)
2026-08-05 17:01:15  [ 20] 512480 半导体ETF国联安  完成  日J=39.49 周J=-5.64 月J=36.89 价=1.03 涨=6.3%  PE=84.51(79.83%) PB=None(None%)
2026-08-05 17:01:16  [ 21] 159326 电网设备ETF华夏  完成  日J=103.86 周J=8.41 月J=24.87 价=1.69 涨=2.37%  PE=12.66(86.7%) PB=None(None%)
2026-08-05 17:01:18  [ 22] 510210 上证指数ETF富国  完成  日J=97.13 周J=30.43 月J=18.39 价=0.99 涨=1.64%  PE=14.98(69.99%) PB=None(None%)
2026-08-05 17:01:19  [ 23] 515450 红利低波50ETF南方  完成  日J=-2.15 周J=87.05 月J=63.75 价=1.4 涨=-1.55%  PE=8.29(74.12%) PB=0.85(57.04%)
2026-08-05 17:01:21  [ 24] 515180 红利ETF易方达  完成  日J=36.36 周J=95.5 月J=46.14 价=1.4 涨=-0.21%  PE=8.31(55.88%) PB=0.82(44.84%)
2026-08-05 17:01:22  [ 25] 562500 机器人ETF华夏  完成  日J=120.72 周J=14.6 月J=26.22 价=1.02 涨=2.73%  PE=54.43(60.57%) PB=None(None%)
2026-08-05 17:01:24  [ 26] 159530 机器人ETF易方达  完成  日J=124.12 周J=12.13 月J=21.2 价=1.42 涨=2.69%  PE=None(None%) PB=None(None%)
2026-08-05 17:01:25  [ 27] 515050 通信ETF华夏  完成  日J=70.88 周J=-1.14 月J=35.35 价=1.0 涨=1.42%  PE=47.3(90.54%) PB=None(None%)
2026-08-05 17:01:27  [ 28] 512010 医药ETF易方达  完成  日J=99.16 周J=111.29 月J=70.14 价=0.39 涨=1.83%  PE=23.92(6.01%) PB=None(None%)
2026-08-05 17:01:29  [ 29] 510180 上证180ETF华安  完成  日J=61.6 周J=41.26 月J=32.08 价=3.99 涨=1.79%  PE=11.99(65.38%) PB=1.22(40.44%)
2026-08-05 17:01:30  [ 30] 159992 创新药ETF银华  完成  日J=77.55 周J=75.97 月J=68.75 价=0.87 涨=1.05%  PE=28.81(33.79%) PB=None(None%)
2026-08-05 17:01:31  [ 31] 159201 自由现金流ETF华夏  完成  日J=49.4 周J=97.39 月J=13.67 价=1.17 涨=-0.26%  PE=None(None%) PB=None(None%)
2026-08-05 17:01:33  [ 32] 159781 科创创业ETF易方达  完成  日J=60.02 周J=0.34 月J=37.24 价=1.13 涨=2.82%  PE=43.35(61.97%) PB=None(None%)
2026-08-05 17:01:34  [ 33] 159928 消费ETF汇添富  完成  日J=35.19 周J=98.52 月J=31.73 价=0.67 涨=-1.33%  PE=20.25(21.93%) PB=3.6(4.44%)
2026-08-05 17:01:36  [ 34] 512070 证券保险ETF易方达  完成  日J=40.11 周J=93.53 月J=17.58 价=0.81 涨=0.75%  PE=9.75(1.97%) PB=None(None%)
2026-08-05 17:01:37  [ 35] 159206 卫星ETF永赢  完成  日J=110.68 周J=14.56 月J=3.53 价=1.37 涨=3.47%  PE=None(None%) PB=None(None%)
2026-08-05 17:01:39  [ 36] 159870 化工ETF鹏华  完成  日J=92.73 周J=37.4 月J=17.86 价=0.81 涨=3.19%  PE=21.53(53.07%) PB=None(None%)
2026-08-05 17:01:41  [ 37] 512690 酒ETF鹏华  完成  日J=63.23 周J=101.75 月J=29.07 价=0.44 涨=-0.23%  PE=19.7(19.25%) PB=None(None%)
2026-08-05 17:01:42  [ 38] 517520 黄金股ETF永赢  完成  日J=90.17 周J=111.34 月J=4.43 价=2.0 涨=7.51%  PE=21.9(57.49%) PB=None(None%)
2026-08-05 17:01:44  [ 39] 515220 煤炭ETF国泰  完成  日J=12.56 周J=31.88 月J=23.86 价=1.17 涨=-0.17%  PE=17.5(82.51%) PB=1.66(86.92%)
2026-08-05 17:01:45  [ 40] 513630 港股低波红利ETF摩根  完成  日J=3.84 周J=88.02 月J=35.96 价=1.59 涨=0.19%  PE=None(None%) PB=None(None%)
2026-08-05 17:01:46  [ 41] 512760 芯片ETF国泰  完成  日J=36.94 周J=-3.41 月J=37.98 价=1.11 涨=6.12%  PE=84.76(67.18%) PB=None(None%)
2026-08-05 17:01:48  [ 42] 159611 电力ETF广发  完成  日J=45.99 周J=34.03 月J=15.36 价=1.07 涨=-0.74%  PE=15.23(67.01%) PB=None(None%)
2026-08-05 17:01:49  [ 43] 512800 银行ETF华宝  完成  日J=1.14 周J=88.51 月J=65.95 价=0.8 涨=-1.36%  PE=6.68(71.31%) PB=0.67(38.16%)
2026-08-05 17:01:51  [ 44] 516650 有色金属ETF华夏  完成  日J=95.59 周J=55.0 月J=3.72 价=1.86 涨=5.21%  PE=18.57(23.88%) PB=None(None%)
2026-08-05 17:01:52  [ 45] 159869 游戏ETF华夏  完成  日J=112.48 周J=91.73 月J=5.63 价=1.16 涨=-0.09%  PE=20.57(20.82%) PB=None(None%)
2026-08-05 17:01:54  [ 46] 159852 软件ETF嘉实  完成  日J=109.95 周J=84.9 月J=8.95 价=0.75 涨=2.61%  PE=58.54(55.01%) PB=None(None%)
2026-08-05 17:01:55  [ 47] 560860 工业有色ETF万家  完成  日J=92.44 周J=37.38 月J=12.2 价=1.64 涨=5.27%  PE=62.71(34.71%) PB=None(None%)
2026-08-05 17:01:56  [ 48] 159755 电池ETF广发  完成  日J=98.17 周J=22.88 月J=4.55 价=0.97 涨=2.53%  PE=25.54(37.4%) PB=3.47(49.4%)
2026-08-05 17:01:58  [ 49] 512710 军工龙头ETF富国  完成  日J=113.21 周J=31.86 月J=-8.3 价=0.62 涨=0.65%  PE=None(None%) PB=None(None%)
2026-08-05 17:01:59  [ 50] 159307 红利低波100ETF博时  完成  日J=20.57 周J=94.04 月J=56.8 价=1.03 涨=-1.53%  PE=8.67(78.63%) PB=None(None%)
2026-08-05 17:02:01  [ 51] 159363 创业板人工智能ETF华宝  完成  日J=101.38 周J=14.37 月J=42.29 价=1.23 涨=0.41%  PE=None(None%) PB=None(None%)
2026-08-05 17:02:02  [ 52] 159851 金融科技ETF华宝  完成  日J=104.91 周J=61.48 月J=6.28 价=0.65 涨=1.56%  PE=33.64(14.28%) PB=None(None%)
2026-08-05 17:02:04  [ 53] 563300 中证2000ETF华泰柏瑞  完成  日J=110.67 周J=20.82 月J=21.95 价=1.36 涨=2.79%  PE=37.46(61.1%) PB=None(None%)
2026-08-05 17:02:05  [ 54] 159263 价值ETF易方达  完成  日J=37.54 周J=102.6 月J=49.17 价=1.15 涨=-0.26%  PE=None(None%) PB=None(None%)
2026-08-05 17:02:07  [ 55] 512660 军工ETF国泰  完成  日J=111.35 周J=27.38 月J=-2.68 价=1.14 涨=1.79%  PE=45.94(13.68%) PB=3.27(54.08%)
2026-08-05 17:02:08  [ 56] 515980 人工智能ETF华富  完成  日J=71.07 周J=13.08 月J=45.65 价=1.07 涨=1.9%  PE=54.39(87.37%) PB=None(None%)
2026-08-05 17:02:10  [ 57] 516150 稀土ETF嘉实  完成  日J=116.22 周J=14.92 月J=11.05 价=1.75 涨=3.74%  PE=28.85(28.89%) PB=None(None%)
2026-08-05 17:02:11  [ 58] 159865 养殖ETF国泰  完成  日J=75.75 周J=97.15 月J=18.41 价=0.53 涨=0.38%  PE=22.65(52.21%) PB=None(None%)
2026-08-05 17:02:13  [ 59] 159967 创业板成长ETF华夏  完成  日J=79.78 周J=2.87 月J=35.8 价=0.79 涨=2.45%  PE=None(None%) PB=None(None%)
2026-08-05 17:02:14  [ 60] 512950 央企改革ETF华夏  完成  日J=69.17 周J=26.07 月J=32.29 价=1.5 涨=1.08%  PE=15.52(80.24%) PB=None(None%)
2026-08-05 17:02:16  [ 61] 159796 电池ETF汇添富  完成  日J=104.78 周J=19.09 月J=9.56 价=0.87 涨=2.47%  PE=None(None%) PB=None(None%)
2026-08-05 17:02:16  全部完成，结果已写入 C:\Users\hailo\Desktop\每周自动指标\output_etf\2026-08-05\metrics_2026-08-05.csv
2026-08-05 17:02:16  步骤2完成 -> C:\Users\hailo\Desktop\每周自动指标\output_etf\2026-08-05\metrics_2026-08-05.csv
2026-08-05 17:02:16  步骤3: 生成 HTML 总结报告...
2026-08-05 17:02:16  步骤3完成 -> C:\Users\hailo\Desktop\每周自动指标\output_etf\2026-08-05\report_2026-08-05.html
2026-08-05 17:02:16  步骤4: 发送邮件报告...
2026-08-05 17:02:17  步骤4完成: 邮件已发送
2026-08-05 17:02:17  ===== 全部完成 2026-08-05 =====
2026-08-05 19:00:12  今日(2026-08-05)已完成，跳过。结果目录: C:\Users\hailo\Desktop\每周自动指标\output_etf\2026-08-05
