2026-08-13 17:07:54  ===== 开始每日ETF指标任务 2026-08-13 =====
2026-08-13 17:07:54  步骤1: 获取场内规模前100的ETF...
[  1] 510300 沪深300ETF华泰柏瑞  规模=1142.91亿  跟踪=沪深300指数  主题=沪深300
[  2] 588000 科创50ETF华夏  规模=882.85亿  跟踪=上证科创板50成份指数  主题=科创板
[  3] 159915 创业板ETF易方达  规模=648.05亿  跟踪=创业板指数(价格)  主题=创业板
[  4] 512880 证券ETF国泰  规模=643.0亿  跟踪=中证全指证券公司指数  主题=证券
[  5] 510310 沪深300ETF易方达  规模=524.8亿  跟踪=沪深300指数  主题=沪深300
[  6] 588200 科创芯片ETF嘉实  规模=506.02亿  跟踪=上证科创板芯片指数  主题=半导体
[  7] 563360 A500ETF华泰柏瑞  规模=431.41亿  跟踪=中证A500指数  主题=中证A500
[  8] 510330 沪深300ETF华夏  规模=426.59亿  跟踪=沪深300指数  主题=沪深300
[  9] 159516 半导体设备ETF国泰  规模=422.89亿  跟踪=中证半导体材料设备主题指数  主题=半导体
[ 10] 510500 中证500ETF南方  规模=421.49亿  跟踪=中证500指数  主题=中证500
[ 11] 588080 科创50ETF易方达  规模=416.31亿  跟踪=上证科创板50成份指数  主题=科创板
[ 12] 515880 通信ETF国泰  规模=404.95亿  跟踪=中证全指通信设备指数  主题=通信
[ 13] 588170 科创半导体ETF华夏  规模=396.12亿  跟踪=上证科创板半导体材料设备主题指数  主题=半导体
[ 14] 512000 券商ETF华宝  规模=395.05亿  跟踪=中证全指证券公司指数  主题=证券
[ 15] 159352 A500ETF南方  规模=355.93亿  跟踪=中证A500指数  主题=中证A500
[ 16] 512890 红利低波ETF华泰柏瑞  规模=320.69亿  跟踪=中证红利低波动指数  主题=红利
[ 17] 159919 沪深300ETF嘉实  规模=310.22亿  跟踪=沪深300指数  主题=沪深300
[ 18] 159361 A500ETF易方达  规模=288.36亿  跟踪=中证A500指数  主题=中证A500
[ 19] 159995 芯片ETF华夏  规模=279.54亿  跟踪=国证半导体芯片指数  主题=半导体
[ 20] 159338 中证A500ETF国泰  规模=277.65亿  跟踪=中证A500指数  主题=中证A500
[ 21] 512170 医疗ETF华宝  规模=263.14亿  跟踪=中证医疗指数  主题=医药
[ 22] 159949 创业板50ETF华安  规模=257.76亿  跟踪=创业板50指数  主题=创业板
[ 23] 512400 有色金属ETF南方  规模=248.26亿  跟踪=有色金属  主题=有色金属
[ 24] 512100 中证1000ETF南方  规模=225.19亿  跟踪=中证1000指数  主题=中证1000
[ 25] 159326 电网设备ETF华夏  规模=216.43亿  跟踪=中证电网设备主题指数  主题=其他
[ 26] 159819 人工智能ETF易方达  规模=212.84亿  跟踪=中证人工智能主题指数  主题=人工智能
[ 27] 510050 上证50ETF华夏  规模=212.73亿  跟踪=上证50指数  主题=上证50
[ 28] 512050 A500ETF华夏  规模=211.35亿  跟踪=中证A500指数  主题=中证A500
[ 29] 159558 半导体设备ETF易方达  规模=206.06亿  跟踪=中证半导体材料设备主题指数  主题=半导体
[ 30] 510880 红利ETF华泰柏瑞  规模=204.32亿  跟踪=上证红利指数  主题=红利
[ 31] 512480 半导体ETF国联安  规模=200.46亿  跟踪=中证全指半导体产品与设备指数  主题=半导体
[ 32] 515450 红利低波50ETF南方  规模=196.36亿  跟踪=标普中国A股大盘红利低波50指数  主题=红利
[ 33] 562500 机器人ETF华夏  规模=184.76亿  跟踪=中证机器人指数  主题=机器人
[ 34] 159992 创新药ETF银华  规模=184.21亿  跟踪=中证创新药产业指数  主题=医药
[ 35] 159530 机器人ETF易方达  规模=183.85亿  跟踪=国证机器人产业指数  主题=机器人
[ 36] 515050 通信ETF华夏  规模=179.67亿  跟踪=中证5G通信主题指数  主题=通信
[ 37] 515180 红利ETF易方达  规模=179.62亿  跟踪=中证红利指数  主题=红利
[ 38] 159781 科创创业ETF易方达  规模=178.74亿  跟踪=中证科创创业50指数  主题=科创板
[ 39] 510180 上证180ETF华安  规模=176.84亿  跟踪=上证180指数  主题=上证180
[ 40] 512010 医药ETF易方达  规模=166.25亿  跟踪=沪深300医药卫生指数  主题=医药
[ 41] 159201 自由现金流ETF华夏  规模=165.89亿  跟踪=国证自由现金流指数  主题=货币市场
[ 42] 510210 上证指数ETF富国  规模=162.94亿  跟踪=上证综合指数  主题=其他
[ 43] 159928 消费ETF汇添富  规模=161.72亿  跟踪=中证主要消费指数  主题=消费
[ 44] 517520 黄金股ETF永赢  规模=158.33亿  跟踪=中证沪深港黄金产业股票指数  主题=黄金
[ 45] 159206 卫星ETF永赢  规模=151.79亿  跟踪=国证商用卫星通信产业指数  主题=通信
[ 46] 512070 证券保险ETF易方达  规模=148.93亿  跟踪=沪深300非银行金融指数  主题=证券
[ 47] 512690 酒ETF鹏华  规模=148.35亿  跟踪=中证酒指数  主题=白酒
[ 48] 515220 煤炭ETF国泰  规模=141.6亿  跟踪=中证煤炭指数  主题=煤炭
[ 49] 159870 化工ETF鹏华  规模=141.29亿  跟踪=细分化工  主题=化工
[ 50] 560780 半导体设备ETF广发  规模=126.1亿  跟踪=中证半导体材料设备主题指数  主题=半导体
[ 51] 515120 创新药ETF广发  规模=122.96亿  跟踪=中证创新药产业指数  主题=医药
[ 52] 563020 红利低波ETF易方达  规模=122.88亿  跟踪=中证红利低波动指数  主题=红利
[ 53] 159841 证券ETF天弘  规模=121.64亿  跟踪=中证全指证券公司指数  主题=证券
[ 54] 159952 创业板ETF广发  规模=116.69亿  跟踪=创业板指数(价格)  主题=创业板
[ 55] 513630 港股低波红利ETF摩根  规模=116.36亿  跟踪=标普港股通低波红利指数  主题=红利
[ 56] 515080 中证红利ETF招商  规模=115.5亿  跟踪=中证红利指数  主题=红利
[ 57] 563800 A500ETF广发  规模=111.28亿  跟踪=中证A500指数  主题=中证A500
[ 58] 588710 科创半导体设备ETF华泰柏瑞  规模=111.0亿  跟踪=上证科创板半导体材料设备主题指数  主题=半导体
[ 59] 588050 科创50ETF工银  规模=110.04亿  跟踪=上证科创板50成份指数  主题=科创板
[ 60] 512760 芯片ETF国泰  规模=106.97亿  跟踪=中华交易服务半导体芯片行业人民币指数  主题=半导体
[ 61] 159611 电力ETF广发  规模=104.74亿  跟踪=中证全指电力公用事业指数  主题=电力
[ 62] 159842 券商ETF银华  规模=98.8亿  跟踪=中证全指证券公司指数  主题=证券
[ 63] 516650 有色金属ETF华夏  规模=97.74亿  跟踪=细分有色  主题=有色金属
[ 64] 512800 银行ETF华宝  规模=95.44亿  跟踪=中证银行指数  主题=银行
[ 65] 560860 工业有色ETF万家  规模=94.76亿  跟踪=中证工业有色金属主题指数  主题=有色金属
[ 66] 159852 软件ETF嘉实  规模=94.36亿  跟踪=中证软件服务指数  主题=计算机
[ 67] 159869 游戏ETF华夏  规模=91.96亿  跟踪=中证动漫游戏指数  主题=传媒
[ 68] 159922 中证500ETF嘉实  规模=89.45亿  跟踪=中证500指数  主题=中证500
[ 69] 159351 A500ETF嘉实  规模=88.12亿  跟踪=中证A500指数  主题=中证A500
[ 70] 562590 半导体设备ETF华夏  规模=87.53亿  跟踪=中证半导体材料设备主题指数  主题=半导体
[ 71] 159755 电池ETF广发  规模=87.15亿  跟踪=国证新能源车电池指数  主题=新能源
[ 72] 159845 中证1000ETF华夏  规模=86.49亿  跟踪=中证1000指数  主题=中证1000
[ 73] 512500 中证500ETF华夏  规模=84.69亿  跟踪=中证500指数  主题=中证500
[ 74] 515070 人工智能ETF华夏  规模=84.67亿  跟踪=中证人工智能主题指数  主题=人工智能
[ 75] 563220 A500ETF富国  规模=83.95亿  跟踪=中证A500指数  主题=中证A500
[ 76] 515330 沪深300ETF天弘  规模=83.94亿  跟踪=沪深300指数  主题=沪深300
[ 77] 512900 证券ETF南方  规模=81.86亿  跟踪=中证全指证券公司指数  主题=证券
[ 78] 588060 科创50ETF广发  规模=77.18亿  跟踪=上证科创板50成份指数  主题=科创板
[ 79] 563300 中证2000ETF华泰柏瑞  规模=74.69亿  跟踪=中证2000指数  主题=中证2000
[ 80] 588750 科创芯片ETF汇添富  规模=74.61亿  跟踪=上证科创板芯片指数  主题=半导体
[ 81] 512710 军工龙头ETF富国  规模=73.32亿  跟踪=中证军工龙头指数  主题=军工
[ 82] 159307 红利低波100ETF博时  规模=72.38亿  跟踪=中证红利低波动100指数  主题=红利
[ 83] 159363 创业板人工智能ETF华宝  规模=70.11亿  跟踪=创业板人工智能指数  主题=人工智能
[ 84] 159813 半导体ETF鹏华  规模=67.97亿  跟踪=国证半导体芯片指数  主题=半导体
[ 85] 516150 稀土ETF嘉实  规模=67.37亿  跟踪=中证稀土产业指数  主题=有色金属
[ 86] 512660 军工ETF国泰  规模=67.1亿  跟踪=中证军工指数  主题=军工
[ 87] 159157 有色金属ETF天弘  规模=66.88亿  跟踪=中证工业有色金属主题指数  主题=有色金属
[ 88] 159263 价值ETF易方达  规模=66.68亿  跟踪=国证价值100指数  主题=价值
[ 89] 159977 创业板ETF天弘  规模=65.82亿  跟踪=创业板指数(价格)  主题=创业板
[ 90] 159851 金融科技ETF华宝  规模=65.25亿  跟踪=中证金融科技主题指数  主题=其他
[ 91] 159865 养殖ETF国泰  规模=64.47亿  跟踪=中证畜牧养殖指数  主题=农业
[ 92] 159770 机器人ETF天弘  规模=63.6亿  跟踪=中证机器人指数  主题=机器人
[ 93] 560010 中证1000ETF广发  规模=62.26亿  跟踪=中证1000指数  主题=中证1000
[ 94] 560610 A500ETF招商  规模=62.16亿  跟踪=中证A500指数  主题=中证A500
[ 95] 515980 人工智能ETF华富  规模=61.68亿  跟踪=中证人工智能产业指数  主题=人工智能
[ 96] 159796 电池ETF汇添富  规模=61.08亿  跟踪=中证电池主题指数  主题=新能源
[ 97] 512950 央企改革ETF华夏  规模=61.04亿  跟踪=中证央企结构调整指数  主题=央企国企
[ 98] 159783 科创创业50ETF华夏  规模=60.35亿  跟踪=中证科创创业50指数  主题=科创板
[ 99] 588220 科创100ETF鹏华  规模=58.88亿  跟踪=上证科创板100指数  主题=科创板
[100] 159967 创业板成长ETF华夏  规模=58.82亿  跟踪=创业板动量成长指数  主题=成长
2026-08-13 17:08:40  步骤1完成 -> C:\Users\hailo\Desktop\每周自动指标\output_etf\2026-08-13\etf_list_2026-08-13.csv
2026-08-13 17:08:40  步骤2: 计算 KDJ-J(日/周/月)...
2026-08-13 17:08:44  [  1] 510300 沪深300ETF华泰柏瑞  完成  日J=83.47 周J=27.14 月J=38.47 价=4.73 涨=-0.38%  PE=14.46(79.34%) PB=1.47(54.56%)
2026-08-13 17:08:45  [  2] 588000 科创50ETF华夏  完成  日J=93.87 周J=7.13 月J=42.62 价=1.81 涨=-1.25%  PE=81.89(90.95%) PB=8.16(96.07%)
2026-08-13 17:08:47  [  3] 159915 创业板ETF易方达  完成  日J=90.65 周J=21.71 月J=34.59 价=3.6 涨=-0.58%  PE=44.31(55.44%) PB=5.98(71.52%)
2026-08-13 17:08:48  [  4] 512880 证券ETF国泰  完成  日J=38.77 周J=42.97 月J=34.56 价=1.1 涨=0.36%  PE=15.23(9.48%) PB=1.3(20.88%)
2026-08-13 17:08:50  [  5] 588200 科创芯片ETF嘉实  完成  日J=96.3 周J=6.65 月J=44.87 价=1.2 涨=-1.48%  PE=125.88(85.27%) PB=None(None%)
2026-08-13 17:08:51  [  6] 563360 A500ETF华泰柏瑞  完成  日J=87.33 周J=28.12 月J=36.51 价=1.31 涨=-0.68%  PE=16.5(85.18%) PB=None(None%)
2026-08-13 17:08:52  [  7] 159516 半导体设备ETF国泰  完成  日J=101.65 周J=15.83 月J=52.36 价=0.74 涨=-2.25%  PE=118.53(97.62%) PB=None(None%)
2026-08-13 17:08:55  [  8] 510500 中证500ETF南方  完成  日J=91.58 周J=28.33 月J=39.39 价=7.98 涨=-0.91%  PE=28.54(74.03%) PB=2.55(81.88%)
2026-08-13 17:08:56  [  9] 515880 通信ETF国泰  完成  日J=95.81 周J=16.12 月J=35.04 价=0.67 涨=0.75%  PE=49.47(93.79%) PB=None(None%)
2026-08-13 17:08:57  [ 10] 588170 科创半导体ETF华夏  完成  日J=99.02 周J=14.78 月J=51.44 价=1.01 涨=-2.88%  PE=43.47(83.11%) PB=None(None%)
2026-08-13 17:08:59  [ 11] 512890 红利低波ETF华泰柏瑞  完成  日J=3.44 周J=83.17 月J=60.92 价=1.16 涨=0.09%  PE=7.62(66.06%) PB=0.84(55.84%)
2026-08-13 17:09:00  [ 12] 159995 芯片ETF华夏  完成  日J=97.83 周J=4.29 月J=37.29 价=1.19 涨=-1.57%  PE=None(None%) PB=None(None%)
2026-08-13 17:09:02  [ 13] 512170 医疗ETF华宝  完成  日J=94.79 周J=117.38 月J=51.83 价=0.36 涨=2.86%  PE=29.63(31.1%) PB=3.62(16.8%)
2026-08-13 17:09:03  [ 14] 159949 创业板50ETF华安  完成  日J=89.27 周J=19.18 月J=28.81 价=1.69 涨=-0.41%  PE=None(None%) PB=None(None%)
2026-08-13 17:09:05  [ 15] 512400 有色金属ETF南方  完成  日J=46.86 周J=59.25 月J=4.57 价=1.87 涨=-3.61%  PE=16.18(88.24%) PB=None(None%)
2026-08-13 17:09:06  [ 16] 512100 中证1000ETF南方  完成  日J=94.96 周J=36.02 月J=29.25 价=3.13 涨=-0.82%  PE=32.86(71.52%) PB=2.5(52.72%)
2026-08-13 17:09:08  [ 17] 159326 电网设备ETF华夏  完成  日J=82.01 周J=17.28 月J=25.49 价=1.69 涨=-0.88%  PE=12.56(83.09%) PB=None(None%)
2026-08-13 17:09:10  [ 18] 159819 人工智能ETF易方达  完成  日J=73.95 周J=17.41 月J=44.32 价=1.83 涨=-0.22%  PE=50.34(72.01%) PB=None(None%)
2026-08-13 17:09:11  [ 19] 510050 上证50ETF华夏  完成  日J=64.99 周J=69.48 月J=38.06 价=3.04 涨=-0.1%  PE=11.57(78.69%) PB=1.24(56.08%)
2026-08-13 17:09:13  [ 20] 510880 红利ETF华泰柏瑞  完成  日J=52.92 周J=101.2 月J=65.27 价=3.27 涨=-1.0%  PE=8.39(69.71%) PB=0.83(59.32%)
2026-08-13 17:09:14  [ 21] 512480 半导体ETF国联安  完成  日J=99.0 周J=5.69 月J=40.45 价=1.07 涨=-1.65%  PE=94.46(90.83%) PB=None(None%)
2026-08-13 17:09:16  [ 22] 515450 红利低波50ETF南方  完成  日J=3.77 周J=76.06 月J=63.75 价=1.4 涨=0.0%  PE=8.23(72.96%) PB=0.84(55.84%)
2026-08-13 17:09:17  [ 23] 562500 机器人ETF华夏  完成  日J=70.6 周J=21.97 月J=22.08 价=1.0 涨=-1.67%  PE=54.94(62.24%) PB=None(None%)
2026-08-13 17:09:18  [ 24] 159992 创新药ETF银华  完成  日J=92.75 周J=100.14 月J=84.58 价=0.93 涨=1.09%  PE=30.93(46.81%) PB=None(None%)
2026-08-13 17:09:20  [ 25] 159530 机器人ETF易方达  完成  日J=73.21 周J=19.74 月J=18.71 价=1.4 涨=-1.62%  PE=None(None%) PB=None(None%)
2026-08-13 17:09:21  [ 26] 515050 通信ETF华夏  完成  日J=95.93 周J=16.3 月J=40.4 价=1.05 涨=0.19%  PE=50.1(95.44%) PB=None(None%)
2026-08-13 17:09:23  [ 27] 515180 红利ETF易方达  完成  日J=52.36 周J=103.57 月J=49.48 价=1.41 涨=-0.98%  PE=8.23(53.44%) PB=0.82(44.24%)
2026-08-13 17:09:24  [ 28] 159781 科创创业ETF易方达  完成  日J=88.94 周J=9.13 月J=37.99 价=1.14 涨=-0.61%  PE=44.79(65.5%) PB=None(None%)
2026-08-13 17:09:26  [ 29] 510180 上证180ETF华安  完成  日J=64.3 周J=54.99 月J=33.5 价=4.0 涨=-0.74%  PE=12.14(69.17%) PB=1.23(44.4%)
2026-08-13 17:09:27  [ 30] 512010 医药ETF易方达  完成  日J=74.93 周J=105.83 月J=77.69 价=0.4 涨=-0.25%  PE=24.67(9.92%) PB=None(None%)
2026-08-13 17:09:28  [ 31] 159201 自由现金流ETF华夏  完成  日J=46.23 周J=103.27 月J=14.92 价=1.17 涨=-1.18%  PE=None(None%) PB=None(None%)
2026-08-13 17:09:30  [ 32] 510210 上证指数ETF富国  完成  日J=83.43 周J=52.65 月J=24.93 价=1.0 涨=-0.79%  PE=15.41(74.36%) PB=None(None%)
2026-08-13 17:09:32  [ 33] 159928 消费ETF汇添富  完成  日J=41.45 周J=101.03 月J=34.98 价=0.68 涨=-0.44%  PE=20.36(22.56%) PB=3.62(5.16%)
2026-08-13 17:09:35  [ 34] 517520 黄金股ETF永赢  完成  日J=40.17 周J=93.71 月J=3.41 价=1.98 涨=-4.53%  PE=21.84(56.69%) PB=None(None%)
2026-08-13 17:09:37  [ 35] 159206 卫星ETF永赢  完成  日J=89.85 周J=31.61 月J=7.18 价=1.42 涨=-0.49%  PE=None(None%) PB=None(None%)
2026-08-13 17:09:38  [ 36] 512070 证券保险ETF易方达  完成  日J=5.72 周J=64.47 月J=11.58 价=0.79 涨=-0.38%  PE=9.62(1.79%) PB=None(None%)
2026-08-13 17:09:39  [ 37] 512690 酒ETF鹏华  完成  日J=67.0 周J=106.78 月J=32.77 价=0.45 涨=0.9%  PE=19.92(21.22%) PB=None(None%)
2026-08-13 17:09:41  [ 38] 515220 煤炭ETF国泰  完成  日J=76.27 周J=75.6 月J=36.37 价=1.24 涨=-0.64%  PE=18.34(85.99%) PB=1.74(94.6%)
2026-08-13 17:09:42  [ 39] 159870 化工ETF鹏华  完成  日J=45.26 周J=46.5 月J=15.79 价=0.8 涨=-2.2%  PE=22.45(57.73%) PB=None(None%)
2026-08-13 17:09:44  [ 40] 513630 港股低波红利ETF摩根  完成  日J=3.71 周J=74.35 月J=30.65 价=1.57 涨=0.32%  PE=None(None%) PB=None(None%)
2026-08-13 17:09:45  [ 41] 512760 芯片ETF国泰  完成  日J=97.32 周J=5.68 月J=40.63 价=1.14 涨=-1.64%  PE=93.54(84.81%) PB=None(None%)
2026-08-13 17:09:47  [ 42] 159611 电力ETF广发  完成  日J=43.33 周J=44.06 月J=15.36 价=1.07 涨=0.56%  PE=15.38(67.63%) PB=None(None%)
2026-08-13 17:09:49  [ 43] 516650 有色金属ETF华夏  完成  日J=45.26 周J=66.48 月J=1.35 价=1.82 涨=-3.65%  PE=19.84(26.51%) PB=None(None%)
2026-08-13 17:09:51  [ 44] 512800 银行ETF华宝  完成  日J=3.67 周J=77.43 月J=65.95 价=0.8 涨=0.0%  PE=6.58(66.6%) PB=0.66(35.96%)
2026-08-13 17:09:52  [ 45] 560860 工业有色ETF万家  完成  日J=45.2 周J=47.54 月J=8.74 价=1.6 涨=-3.73%  PE=63.65(37.13%) PB=None(None%)
2026-08-13 17:09:54  [ 46] 159852 软件ETF嘉实  完成  日J=9.7 周J=79.24 月J=2.8 价=0.71 涨=-1.53%  PE=57.94(54.39%) PB=None(None%)
2026-08-13 17:09:55  [ 47] 159869 游戏ETF华夏  完成  日J=34.26 周J=91.06 月J=2.41 价=1.12 涨=-1.4%  PE=20.38(20.42%) PB=None(None%)
2026-08-13 17:09:56  [ 48] 159755 电池ETF广发  完成  日J=79.38 周J=30.98 月J=5.34 价=0.97 涨=-0.91%  PE=25.91(38.2%) PB=3.54(52.12%)
2026-08-13 17:09:58  [ 49] 563300 中证2000ETF华泰柏瑞  完成  日J=95.17 周J=43.7 月J=31.31 价=1.42 涨=-1.04%  PE=40.4(70.1%) PB=None(None%)
2026-08-13 17:09:59  [ 50] 512710 军工龙头ETF富国  完成  日J=50.61 周J=39.75 月J=-8.3 价=0.62 涨=-1.27%  PE=None(None%) PB=None(None%)
2026-08-13 17:10:00  [ 51] 159307 红利低波100ETF博时  完成  日J=5.43 周J=85.11 月J=56.8 价=1.03 涨=-0.1%  PE=8.55(76.21%) PB=None(None%)
2026-08-13 17:10:02  [ 52] 159363 创业板人工智能ETF华宝  完成  日J=88.44 周J=28.62 月J=44.44 价=1.25 涨=-0.24%  PE=None(None%) PB=None(None%)
2026-08-13 17:10:03  [ 53] 516150 稀土ETF嘉实  完成  日J=56.29 周J=28.97 月J=12.42 价=1.76 涨=-1.89%  PE=30.74(35.48%) PB=None(None%)
2026-08-13 17:10:05  [ 54] 512660 军工ETF国泰  完成  日J=75.69 周J=40.43 月J=-1.25 价=1.15 涨=-0.69%  PE=47.47(17.09%) PB=3.38(61.84%)
2026-08-13 17:10:06  [ 55] 159263 价值ETF易方达  完成  日J=2.49 周J=94.15 月J=47.08 价=1.14 涨=-0.52%  PE=None(None%) PB=None(None%)
2026-08-13 17:10:07  [ 56] 159851 金融科技ETF华宝  完成  日J=17.73 周J=61.86 月J=2.75 价=0.63 涨=-1.25%  PE=33.43(13.36%) PB=None(None%)
2026-08-13 17:10:09  [ 57] 159865 养殖ETF国泰  完成  日J=69.64 周J=105.18 月J=21.44 价=0.54 涨=-0.37%  PE=23.22(54.7%) PB=None(None%)
2026-08-13 17:10:10  [ 58] 515980 人工智能ETF华富  完成  日J=80.92 周J=21.65 月J=45.65 价=1.07 涨=0.66%  PE=53.9(86.71%) PB=None(None%)
2026-08-13 17:10:11  [ 59] 159796 电池ETF汇添富  完成  日J=87.77 周J=29.72 月J=12.1 价=0.89 涨=-1.01%  PE=None(None%) PB=None(None%)
2026-08-13 17:10:13  [ 60] 512950 央企改革ETF华夏  完成  日J=63.31 周J=38.59 月J=34.47 价=1.51 涨=-1.05%  PE=15.73(82.7%) PB=None(None%)
2026-08-13 17:10:14  [ 61] 588220 科创100ETF鹏华  完成  日J=98.39 周J=22.68 月J=43.77 价=1.8 涨=-0.88%  PE=None(None%) PB=None(None%)
2026-08-13 17:10:16  [ 62] 159967 创业板成长ETF华夏  完成  日J=94.65 周J=18.51 月J=40.38 价=0.82 涨=-0.12%  PE=None(None%) PB=None(None%)
2026-08-13 17:10:16  全部完成，结果已写入 C:\Users\hailo\Desktop\每周自动指标\output_etf\2026-08-13\metrics_2026-08-13.csv
2026-08-13 17:10:16  步骤2完成 -> C:\Users\hailo\Desktop\每周自动指标\output_etf\2026-08-13\metrics_2026-08-13.csv
2026-08-13 17:10:16  步骤3: 生成 HTML 总结报告...
2026-08-13 17:10:16  步骤3完成 -> C:\Users\hailo\Desktop\每周自动指标\output_etf\2026-08-13\report_2026-08-13.html
2026-08-13 17:10:16  步骤4: 发送邮件报告...
2026-08-13 17:10:17  步骤4完成: 邮件已发送
2026-08-13 17:10:17  ===== 全部完成 2026-08-13 =====
2026-08-13 19:00:15  今日(2026-08-13)已完成，跳过。结果目录: C:\Users\hailo\Desktop\每周自动指标\output_etf\2026-08-13
