2026-09-15 21:50:45  ===== 开始每日港股通指标任务 2026-09-15 =====
2026-09-15 21:50:45  步骤1: 获取港股通总市值前100标的...
获取港股通标的列表(共取市值前 100 只)...
接口返回 100 只港股通标的
2026-09-15 21:50:46  步骤1完成 -> /home/runner/work/daily-stock-metrics/daily-stock-metrics/output_hk/2026-09-15/hk_list_2026-09-15.csv
2026-09-15 21:50:46  步骤2: 计算 KDJ-J(日/周/月)...
2026-09-15 21:50:46  步骤2: 计算指标...
2026-09-15 21:50:46  观察池: 共104只(含历史追踪4只)
2026-09-15 21:50:46  待处理 104 条，并发数 8
2026-09-15 21:50:49  [  5] 03750 宁德时代  完成  日J=11.59 周J=-2.9 月J=16.37 MA20=589.3 MA60=625.625 多头=0 价=516.0 涨=-6.01%  PE=24.78(None%) PB=5.47(None%)
2026-09-15 21:50:49  [  7] 09988 阿里巴巴-W  完成  日J=31.34 周J=2.57 月J=17.5 MA20=112.73 MA60=112.086 多头=1 价=107.2 涨=1.23%  PE=25.09(None%) PB=1.69(None%)
2026-09-15 21:50:50  [  3] 01398 工商银行  完成  日J=29.9 周J=83.22 月J=88.56 MA20=7.541 MA60=7.175 多头=1 价=7.49 涨=-2.09%  PE=6.3(None%) PB=0.59(None%)
2026-09-15 21:50:50  [  4] 00939 建设银行  完成  日J=56.65 周J=95.64 月J=95.64 MA20=9.458 MA60=8.859 多头=1 价=9.61 涨=-2.83%  PE=6.4(None%) PB=0.61(None%)
2026-09-15 21:50:50  [  6] 01288 农业银行  完成  日J=21.46 周J=76.37 月J=87.75 MA20=6.341 MA60=5.95 多头=1 价=6.31 涨=-1.64%  PE=6.54(None%) PB=0.67(None%)
2026-09-15 21:50:50  [  8] 03988 中国银行  完成  日J=46.85 周J=95.72 月J=96.53 MA20=5.785 MA60=5.391 多头=1 价=5.96 涨=-2.14%  PE=6.79(None%) PB=0.61(None%)
2026-09-15 21:50:50  [  2] 00005 汇丰控股  完成  日J=11.03 周J=33.34 月J=83.06 MA20=162.97 MA60=159.32 多头=1 价=159.6 涨=-3.21%  PE=14.52(None%) PB=2.02(None%)
2026-09-15 21:50:50  [  1] 00700 腾讯控股  完成  日J=65.73 周J=12.68 月J=6.69 MA20=441.28 MA60=450.943 多头=0 价=438.8 涨=1.9%  PE=14.95(None%) PB=3.05(None%)
2026-09-15 21:50:51  [  9] 00857 中国石油股份  完成  日J=7.42 周J=67.18 月J=36.96 MA20=10.088 MA60=9.654 多头=1 价=9.97 涨=0.55%  PE=9.11(None%) PB=0.97(None%)
2026-09-15 21:50:51  [ 12] 03308 中际旭创  完成  日J=41.64 周J=47.74 月J=None MA20=1075.2 MA60=None 多头=None 价=1085.0 涨=1.4%  PE=54.87(None%) PB=26.37(None%)
2026-09-15 21:50:51  [ 10] 00941 中国移动  完成  日J=40.12 周J=1.45 月J=26.24 MA20=79.943 MA60=80.225 多头=0 价=79.05 涨=-0.19%  PE=11.41(None%) PB=1.02(None%)
2026-09-15 21:50:52  [ 11] 03968 招商银行  完成  日J=11.72 周J=78.44 月J=82.52 MA20=50.855 MA60=48.544 多头=1 价=51.2 涨=-2.94%  PE=7.5(None%) PB=0.98(None%)
2026-09-15 21:50:52  [ 13] 00883 中国海洋石油  完成  日J=-4.93 周J=67.62 月J=30.12 MA20=25.019 MA60=23.518 多头=1 价=24.48 涨=0.08%  PE=7.38(None%) PB=1.18(None%)
2026-09-15 21:50:52  [ 15] 02318 中国平安  完成  日J=-9.41 周J=8.91 月J=2.52 MA20=55.733 MA60=55.236 多头=1 价=53.05 涨=-1.03%  PE=5.3(None%) PB=0.81(None%)
2026-09-15 21:50:52  [ 16] 02899 紫金矿业  完成  日J=0.47 周J=43.36 月J=24.91 MA20=36.603 MA60=33.476 多头=1 价=33.3 涨=-3.81%  PE=11.52(None%) PB=3.81(None%)
2026-09-15 21:50:52  [ 14] 01088 中国神华  完成  日J=48.37 周J=87.53 月J=56.03 MA20=45.522 MA60=43.402 多头=1 价=45.48 涨=0.09%  PE=15.82(None%) PB=1.87(None%)
2026-09-15 21:50:53  [ 19] 00300 美的集团  完成  日J=58.36 周J=83.02 月J=100.89 MA20=99.125 MA60=94.37 多头=1 价=99.7 涨=-0.3%  PE=15.04(None%) PB=3.1(None%)
2026-09-15 21:50:54  [ 17] 02628 中国人寿  完成  日J=3.75 周J=65.69 月J=35.71 MA20=29.294 MA60=28.516 多头=1 价=28.96 涨=-2.82%  PE=2.92(None%) PB=1.07(None%)
2026-09-15 21:50:54  [ 18] 01299 友邦保险  完成  日J=33.91 周J=63.95 月J=16.01 MA20=75.5 MA60=74.978 多头=1 价=76.05 涨=0.8%  PE=12.63(None%) PB=2.47(None%)
2026-09-15 21:50:54  [ 22] 01810 小米集团-W  完成  日J=36.28 周J=15.94 月J=29.85 MA20=27.471 MA60=26.491 多头=1 价=26.5 涨=-2.43%  PE=18.25(None%) PB=2.2(None%)
2026-09-15 21:50:54  [ 20] 01211 比亚迪股份  完成  日J=12.21 周J=-4.22 月J=30.99 MA20=86.895 MA60=86.666 多头=1 价=79.05 涨=-1.43%  PE=21.65(None%) PB=2.61(None%)
2026-09-15 21:50:54  [ 23] 01658 邮储银行  完成  日J=6.11 周J=85.18 月J=83.94 MA20=5.216 MA60=4.959 多头=1 价=5.33 涨=-1.02%  PE=6.27(None%) PB=0.53(None%)
2026-09-15 21:50:54  [ 24] 09999 网易  完成  日J=53.92 周J=2.86 月J=32.89 MA20=189.91 MA60=196.828 多头=0 价=187.1 涨=2.75%  PE=16.24(None%) PB=3.12(None%)
2026-09-15 21:50:54  [ 21] 03328 交通银行  完成  日J=81.98 周J=104.59 月J=103.92 MA20=7.78 MA60=7.347 多头=1 价=8.03 涨=-1.65%  PE=6.42(None%) PB=0.53(None%)
2026-09-15 21:50:55  [ 25] 02359 药明康德  完成  日J=76.11 周J=62.08 月J=85.47 MA20=196.15 MA60=175.517 多头=1 价=194.0 涨=-1.97%  PE=23.44(None%) PB=5.99(None%)
2026-09-15 21:50:56  [ 26] 00386 中国石油化工股份  完成  日J=-1.5 周J=77.39 月J=32.26 MA20=4.701 MA60=4.382 多头=1 价=4.63 涨=-2.42%  PE=13.81(None%) PB=0.58(None%)
2026-09-15 21:50:56  [ 27] 02388 中银香港  完成  日J=31.24 周J=76.39 月J=87.89 MA20=51.534 MA60=49.159 多头=1 价=51.2 涨=-4.57%  PE=12.98(None%) PB=1.5(None%)
2026-09-15 21:50:56  [ 28] 00981 中芯国际  完成  日J=-3.32 周J=-1.54 月J=27.4 MA20=67.688 MA60=71.453 多头=0 价=60.75 涨=-0.9%  PE=64.05(None%) PB=2.64(None%)
2026-09-15 21:50:56  [ 32] 03690 美团-W  完成  日J=6.04 周J=-7.31 月J=38.63 MA20=79.132 MA60=81.863 多头=0 价=74.75 涨=-0.4%  PE=-10.82(None%) PB=2.37(None%)
2026-09-15 21:50:56  [ 29] 02888 渣打集团  完成  日J=62.02 周J=73.65 月J=92.81 MA20=235.5 MA60=228.957 多头=1 价=238.0 涨=-3.49%  PE=12.28(None%) PB=1.44(None%)
2026-09-15 21:50:56  [ 30] 00388 香港交易所  完成  日J=19.82 周J=11.21 月J=50.52 MA20=409.53 MA60=398.807 多头=1 价=393.8 涨=-0.91%  PE=25.21(None%) PB=8.23(None%)
2026-09-15 21:50:56  [ 31] 00998 中信银行  完成  日J=72.84 周J=105.1 月J=91.53 MA20=8.249 MA60=7.562 多头=1 价=8.44 涨=-0.76%  PE=5.76(None%) PB=0.55(None%)
2026-09-15 21:50:57  [ 33] 09633 农夫山泉  完成  日J=10.76 周J=4.33 月J=-1.17 MA20=41.785 MA60=41.971 多头=0 价=39.44 涨=-0.75%  PE=22.81(None%) PB=10.37(None%)
2026-09-15 21:50:57  [ 34] 02475 立讯精密  完成  日J=-5.17 周J=35.08 月J=None MA20=60.58 MA60=None 多头=None 价=56.35 涨=-1.14%  PE=21.67(None%) PB=3.85(None%)
2026-09-15 21:50:58  [ 35] 02259 紫金黄金国际  完成  日J=33.75 周J=98.72 月J=28.27 MA20=156.815 MA60=127.34 多头=1 价=155.8 涨=-3.05%  PE=21.11(None%) PB=5.69(None%)
2026-09-15 21:50:58  [ 36] 00728 中国电信  完成  日J=7.15 周J=5.84 月J=20.9 MA20=4.726 MA60=4.614 多头=1 价=4.5 涨=-2.18%  PE=12.08(None%) PB=0.76(None%)
2026-09-15 21:50:58  [ 37] 00992 联想集团  完成  日J=64.64 周J=66.23 月J=93.03 MA20=30.875 MA60=26.794 多头=1 价=31.2 涨=-2.92%  PE=62.03(None%) PB=6.84(None%)
2026-09-15 21:50:58  [ 38] 06030 中信证券  完成  日J=-4.34 周J=-0.25 月J=25.37 MA20=26.345 MA60=27.023 多头=0 价=24.56 涨=-1.29%  PE=8.51(None%) PB=1.07(None%)
2026-09-15 21:50:58  [ 40] 02328 中国财险  完成  日J=4.38 周J=82.99 月J=81.84 MA20=16.682 MA60=15.615 多头=1 价=16.79 涨=-1.41%  PE=6.78(None%) PB=1.07(None%)
2026-09-15 21:50:58  [ 39] 00267 中信股份  完成  日J=3.98 周J=86.5 月J=68.41 MA20=13.219 MA60=12.179 多头=1 价=12.98 涨=-2.63%  PE=5.42(None%) PB=0.41(None%)
2026-09-15 21:50:59  [ 41] 06160 百济神州  完成  日J=51.26 周J=46.97 月J=74.39 MA20=218.23 MA60=200.862 多头=1 价=212.4 涨=-0.19%  PE=63.93(None%) PB=8.07(None%)
2026-09-15 21:50:59  [ 43] 02513 智谱  完成  日J=-6.1 周J=-2.47 月J=10.62 MA20=1002.225 MA60=1289.125 多头=0 价=680.0 涨=-5.69%  PE=-63.22(None%) PB=59.61(None%)
2026-09-15 21:51:00  [ 42] 03993 洛阳钼业  完成  日J=1.73 周J=8.33 月J=-4.29 MA20=16.811 MA60=16.646 多头=1 价=15.19 涨=-2.75%  PE=10.28(None%) PB=3.15(None%)
2026-09-15 21:51:00  [ 45] 06809 澜起科技  完成  日J=14.83 周J=7.94 月J=26.57 MA20=267.31 MA60=305.14 多头=0 价=256.2 涨=5.43%  PE=89.25(None%) PB=12.64(None%)
2026-09-15 21:51:00  [ 46] 03986 兆易创新  完成  日J=4.97 周J=10.75 月J=7.5 MA20=477.38 MA60=605.84 多头=0 价=436.8 涨=4.0%  PE=33.83(None%) PB=7.14(None%)
2026-09-15 21:51:00  [ 47] 01276 恒瑞医药  完成  日J=25.33 周J=-4.44 月J=-6.88 MA20=46.778 MA60=53.792 多头=0 价=43.8 涨=-2.67%  PE=33.04(None%) PB=3.92(None%)
2026-09-15 21:51:01  [ 44] 00016 新鸿基地产  完成  日J=14.23 周J=9.02 月J=18.15 MA20=118.765 MA60=118.345 多头=1 价=108.9 涨=-1.36%  PE=14.73(None%) PB=0.5(None%)
2026-09-15 21:51:01  [ 48] 02601 中国太保  完成  日J=-3.67 周J=43.11 月J=7.81 MA20=29.784 MA60=29.146 多头=1 价=28.94 涨=-0.82%  PE=4.34(None%) PB=0.76(None%)
2026-09-15 21:51:01  [ 50] 02611 国泰海通  完成  日J=27.19 周J=41.79 月J=35.49 MA20=15.12 MA60=14.891 多头=1 价=14.86 涨=0.0%  PE=7.09(None%) PB=0.69(None%)
2026-09-15 21:51:01  [ 49] 02338 潍柴动力  完成  日J=8.17 周J=16.63 月J=37.98 MA20=31.849 MA60=33.498 多头=0 价=30.38 涨=-0.98%  PE=17.76(None%) PB=2.38(None%)
2026-09-15 21:51:02  [ 51] 00001 长和  完成  日J=13.02 周J=-4.25 月J=72.31 MA20=69.615 MA60=69.933 多头=0 价=67.2 涨=-2.96%  PE=6.81(None%) PB=0.44(None%)
2026-09-15 21:51:02  [ 54] 06951 三环集团  完成  日J=75.55 周J=83.63 月J=None MA20=114.065 MA60=None 多头=None 价=124.9 涨=-1.26%  PE=66.21(None%) PB=9.18(None%)
2026-09-15 21:51:02  [ 52] 01339 中国人民保险集团  完成  日J=-8.58 周J=67.3 月J=30.99 MA20=5.682 MA60=5.311 多头=1 价=5.8 涨=-2.36%  PE=3.94(None%) PB=0.65(None%)
2026-09-15 21:51:02  [ 53] 02378 保诚  完成  日J=-5.93 周J=-7.23 月J=12.43 MA20=107.36 MA60=108.832 多头=0 价=101.9 涨=-1.45%  PE=8.95(None%) PB=1.65(None%)
2026-09-15 21:51:03  [ 56] 09888 百度集团-W  完成  日J=-0.37 周J=7.7 月J=-9.09 MA20=91.82 MA60=101.869 多头=0 价=88.9 涨=-0.45%  PE=-66.27(None%) PB=0.77(None%)
2026-09-15 21:51:03  [ 55] 01919 中远海控  完成  日J=26.89 周J=48.06 月J=74.39 MA20=16.991 MA60=15.506 多头=1 价=16.31 涨=-0.73%  PE=8.2(None%) PB=0.93(None%)
2026-09-15 21:51:03  [ 58] 02714 牧原股份  完成  日J=54.67 周J=93.46 月J=38.74 MA20=36.363 MA60=33.667 多头=1 价=38.4 涨=0.52%  PE=-158.54(None%) PB=2.43(None%)
2026-09-15 21:51:04  [ 57] 00669 创科实业  完成  日J=33.25 周J=6.33 月J=74.84 MA20=134.41 MA60=133.025 多头=1 价=129.6 涨=2.53%  PE=23.26(None%) PB=4.06(None%)
2026-09-15 21:51:04  [ 60] 03692 翰森制药  完成  日J=20.35 周J=48.67 月J=28.88 MA20=34.311 MA60=32.882 多头=1 价=33.92 涨=-1.4%  PE=27.01(None%) PB=4.73(None%)
2026-09-15 21:51:04  [ 59] 01378 中国宏桥  完成  日J=-9.78 周J=17.54 月J=-9.12 MA20=23.097 MA60=22.701 多头=1 价=21.48 涨=-3.24%  PE=6.73(None%) PB=1.38(None%)
2026-09-15 21:51:04  [ 62] 02269 药明生物  完成  日J=59.21 周J=64.22 月J=82.59 MA20=49.408 MA60=42.596 多头=1 价=49.22 涨=0.16%  PE=36.02(None%) PB=3.68(None%)
2026-09-15 21:51:04  [ 61] 02020 安踏体育  完成  日J=16.85 周J=12.02 月J=41.22 MA20=75.115 MA60=74.323 多头=1 价=73.25 涨=-0.54%  PE=11.22(None%) PB=2.48(None%)
2026-09-15 21:51:05  [ 63] 01347 华虹宏力  完成  日J=-4.61 周J=-5.82 月J=16.07 MA20=114.3 MA60=144.023 多头=0 价=105.7 涨=-0.75%  PE=254.06(None%) PB=3.28(None%)
2026-09-15 21:51:05  [ 64] 01109 华润置地  完成  日J=16.53 周J=-2.48 月J=5.49 MA20=31.59 MA60=32.369 多头=0 价=28.48 涨=-2.8%  PE=7.68(None%) PB=0.6(None%)
2026-09-15 21:51:05  [ 65] 09992 泡泡玛特  完成  日J=14.44 周J=41.26 月J=2.76 MA20=154.105 MA60=156.423 多头=0 价=152.2 涨=-0.46%  PE=13.58(None%) PB=7.63(None%)
2026-09-15 21:51:06  [ 66] 00066 港铁公司  完成  日J=46.14 周J=52.56 月J=25.34 MA20=32.883 MA60=32.317 多头=1 价=32.52 涨=-0.61%  PE=8.86(None%) PB=0.99(None%)
2026-09-15 21:51:06  [ 67] 06690 海尔智家  完成  日J=31.83 周J=22.45 月J=18.06 MA20=21.21 MA60=21.01 多头=1 价=21.04 涨=0.29%  PE=9.63(None%) PB=1.43(None%)
2026-09-15 21:51:06  [ 69] 02476 胜宏科技  完成  日J=9.52 周J=33.1 月J=-2.1 MA20=215.35 MA60=238.983 多头=0 价=195.2 涨=1.93%  PE=33.58(None%) PB=4.4(None%)
2026-09-15 21:51:06  [ 68] 00002 中电控股  完成  日J=39.35 周J=36.2 月J=80.53 MA20=78.222 MA60=77.122 多头=1 价=76.85 涨=-1.79%  PE=17.91(None%) PB=1.76(None%)
2026-09-15 21:51:07  [ 70] 00762 中国联通  完成  日J=64.92 周J=25.01 月J=7.54 MA20=5.719 MA60=6.21 多头=0 价=5.81 涨=-3.49%  PE=9.84(None%) PB=0.41(None%)
2026-09-15 21:51:07  [ 71] 06031 三一重工  完成  日J=27.6 周J=44.76 月J=11.85 MA20=19.36 MA60=19.514 多头=0 价=19.32 涨=-3.06%  PE=17.51(None%) PB=1.68(None%)
2026-09-15 21:51:07  [ 73] 01801 信达生物  完成  日J=24.04 周J=34.49 月J=66.74 MA20=100.9 MA60=92.927 多头=1 价=95.0 涨=-1.91%  PE=116.02(None%) PB=6.91(None%)
2026-09-15 21:51:07  [ 72] 00175 吉利汽车  完成  日J=24.53 周J=-4.25 月J=7.1 MA20=17.471 MA60=18.155 多头=0 价=16.14 涨=-2.71%  PE=9.17(None%) PB=1.6(None%)
2026-09-15 21:51:08  [ 74] 06818 中国光大银行  完成  日J=18.06 周J=2.38 月J=-0.31 MA20=2.914 MA60=3.01 多头=0 价=2.79 涨=-1.41%  PE=4.39(None%) PB=0.28(None%)
2026-09-15 21:51:08  [ 75] 01113 长实集团  完成  日J=40.21 周J=61.3 月J=44.82 MA20=46.731 MA60=46.479 多头=1 价=46.4 涨=-2.52%  PE=12.28(None%) PB=0.41(None%)
2026-09-15 21:51:08  [ 76] 01038 长江基建集团  完成  日J=34.9 周J=73.27 月J=74.12 MA20=65.505 MA60=62.728 多头=1 价=64.35 涨=-2.35%  PE=6.44(None%) PB=1.1(None%)
2026-09-15 21:51:08  [ 77] 00788 中国铁塔  完成  日J=18.73 周J=-7.29 月J=3.91 MA20=9.161 MA60=9.341 多头=0 价=9.01 涨=-0.72%  PE=10.44(None%) PB=0.67(None%)
2026-09-15 21:51:08  [ 78] 03288 海天味业  完成  日J=10.05 周J=-12.31 月J=-3.81 MA20=29.217 MA60=30.715 多头=0 价=26.92 涨=-0.66%  PE=18.91(None%) PB=3.5(None%)
2026-09-15 21:51:09  [ 79] 01988 民生银行  完成  日J=67.64 周J=75.36 月J=41.29 MA20=3.503 MA60=3.437 多头=1 价=3.58 涨=-0.56%  PE=4.77(None%) PB=0.23(None%)
2026-09-15 21:51:09  [ 81] 06886 华泰证券  完成  日J=-8.7 周J=50.84 月J=31.29 MA20=17.32 MA60=16.982 多头=1 价=16.96 涨=-0.76%  PE=6.56(None%) PB=0.74(None%)
2026-09-15 21:51:09  [ 80] 01816 中广核电力  完成  日J=26.4 周J=98.25 月J=23.35 MA20=2.994 MA60=2.868 多头=1 价=3.04 涨=-1.14%  PE=13.54(None%) PB=1.08(None%)
2026-09-15 21:51:10  [ 82] 06936 顺丰控股  完成  日J=-1.93 周J=-8.51 月J=17.37 MA20=31.319 MA60=31.791 多头=0 价=28.84 涨=-1.1%  PE=12.26(None%) PB=1.28(None%)
2026-09-15 21:51:10  [ 85] 02423 贝壳-W  完成  日J=5.92 周J=29.1 月J=56.63 MA20=45.78 MA60=43.346 多头=1 价=42.82 涨=-3.73%  PE=27.17(None%) PB=1.97(None%)
2026-09-15 21:51:10  [ 86] 09973 奇瑞汽车  完成  日J=60.29 周J=36.8 月J=16.07 MA20=25.631 MA60=25.558 多头=1 价=25.24 涨=-1.87%  PE=7.23(None%) PB=2.35(None%)
2026-09-15 21:51:10  [ 83] 01888 建滔积层板  完成  日J=49.12 周J=85.21 月J=22.08 MA20=43.573 MA60=50.418 多头=0 价=47.6 涨=3.12%  PE=34.13(None%) PB=8.18(None%)
2026-09-15 21:51:10  [ 84] 01766 中国中车  完成  日J=-1.54 周J=82.73 月J=41.81 MA20=5.296 MA60=4.994 多头=1 价=5.17 涨=-1.34%  PE=9.36(None%) PB=0.73(None%)
2026-09-15 21:51:11  [ 87] 03606 福耀玻璃  完成  日J=49.1 周J=40.59 月J=37.38 MA20=55.898 MA60=54.716 多头=1 价=56.1 涨=1.72%  PE=15.23(None%) PB=3.33(None%)
2026-09-15 21:51:11  [ 88] 01898 中煤能源  完成  日J=8.66 周J=55.04 月J=13.85 MA20=11.466 MA60=10.855 多头=1 价=11.04 涨=0.64%  PE=8.39(None%) PB=0.76(None%)
2026-09-15 21:51:11  [ 89] 01336 新华保险  完成  日J=-5.9 周J=45.96 月J=1.3 MA20=47.674 MA60=47.532 多头=1 价=46.3 涨=-2.11%  PE=2.88(None%) PB=1.02(None%)
2026-09-15 21:51:12  [ 90] 06869 长飞光纤光缆  完成  日J=41.31 周J=98.07 月J=36.96 MA20=164.205 MA60=157.552 多头=1 价=173.2 涨=-1.59%  PE=36.36(None%) PB=7.61(None%)
2026-09-15 21:51:12  [ 92] 01972 太古地产  失败: 501 Server Error: Not Implemented for url: https://ifzq.gtimg.cn/appstock/app/fqkline/get?param=hk01972%2Cmonth%2C%2C%2C800%2Cqfq
2026-09-15 21:51:12  [ 91] 00027 银河娱乐  完成  日J=36.07 周J=28.42 月J=20.54 MA20=33.947 MA60=32.735 多头=1 价=32.48 涨=-1.16%  PE=13.28(None%) PB=1.68(None%)
2026-09-15 21:51:12  [ 93] 02600 中国铝业  完成  日J=-11.57 周J=43.94 月J=-9.77 MA20=8.541 MA60=8.238 多头=1 价=8.0 涨=-1.84%  PE=6.88(None%) PB=1.41(None%)
2026-09-15 21:51:13  [ 94] 01776 广发证券  完成  日J=-6.05 周J=43.63 月J=62.79 MA20=17.975 MA60=17.404 多头=1 价=17.36 涨=-0.97%  PE=6.32(None%) PB=0.85(None%)
2026-09-15 21:51:13  [ 95] 00688 中国海外发展  失败: 501 Server Error: Not Implemented for url: https://ifzq.gtimg.cn/appstock/app/fqkline/get?param=hk00688%2Cmonth%2C%2C%2C800%2Cqfq
2026-09-15 21:51:13  [ 96] 00003 香港中华煤气  失败: 501 Server Error: Not Implemented for url: https://ifzq.gtimg.cn/appstock/app/fqkline/get?param=hk00003%2Cmonth%2C%2C%2C800%2Cqfq
2026-09-15 21:51:13  [ 97] 01024 快手-W  完成  日J=-4.35 周J=-6.72 月J=-10.34 MA20=33.19 MA60=39.744 多头=0 价=29.8 涨=-2.55%  PE=7.24(None%) PB=1.36(None%)
2026-09-15 21:51:13  [100] 01171 兖矿能源  失败: 501 Server Error: Not Implemented for url: https://ifzq.gtimg.cn/appstock/app/fqkline/get?param=hk01171%2Cweek%2C%2C%2C800%2Cqfq
2026-09-15 21:51:13  [ 98] 01377 鼎泰高科  失败: 501 Server Error: Not Implemented for url: https://ifzq.gtimg.cn/appstock/app/fqkline/get?param=hk01377%2Cmonth%2C%2C%2C800%2Cqfq
2026-09-15 21:51:14  [104] 00358 江西铜业股份  失败: 501 Server Error: Not Implemented for url: https://ifzq.gtimg.cn/appstock/app/fqkline/get?param=hk00358%2Cday%2C%2C%2C800%2Cqfq
2026-09-15 21:51:14  [101] 00012 恒基地产  失败: 501 Server Error: Not Implemented for url: https://ifzq.gtimg.cn/appstock/app/fqkline/get?param=hk00012%2Cweek%2C%2C%2C800%2Cqfq
2026-09-15 21:51:14  [ 99] 00006 电能实业  完成  日J=36.55 周J=59.74 月J=37.98 MA20=60.64 MA60=59.063 多头=1 价=59.6 涨=-3.09%  PE=7.1(None%) PB=1.23(None%)
2026-09-15 21:51:15  [102] 06099 招商证券  完成  日J=-7.6 周J=20.77 月J=40.04 MA20=15.228 MA60=15.605 多头=0 价=14.47 涨=-1.3%  PE=None(None%) PB=None(None%)
2026-09-15 21:51:15  [103] 06613 蓝思科技  失败: 501 Server Error: Not Implemented for url: https://ifzq.gtimg.cn/appstock/app/fqkline/get?param=hk06613%2Cmonth%2C%2C%2C800%2Cqfq
2026-09-15 21:51:15  全部完成，结果已写入 /home/runner/work/daily-stock-metrics/daily-stock-metrics/output_hk/2026-09-15/metrics_2026-09-15.csv
2026-09-15 21:51:15  步骤2完成 -> /home/runner/work/daily-stock-metrics/daily-stock-metrics/output_hk/2026-09-15/metrics_2026-09-15.csv
2026-09-15 21:51:15  步骤3: 生成 HTML 总结报告...
2026-09-15 21:51:16  步骤3完成 -> /home/runner/work/daily-stock-metrics/daily-stock-metrics/output_hk/2026-09-15/report_2026-09-15.html
2026-09-15 21:51:16  步骤4: 发送邮件报告...
2026-09-15 21:51:20  步骤4完成: 邮件已发送
2026-09-15 21:51:20  ===== 全部完成 2026-09-15 =====
2026-09-15 22:14:32  今日(2026-09-15)已完成，跳过。结果目录: /home/runner/work/daily-stock-metrics/daily-stock-metrics/output_hk/2026-09-15
