2026-08-10 19:02:35  ===== 开始每日ETF指标任务 2026-08-10 =====
2026-08-10 19:02:35  步骤1: 获取场内规模前100的ETF...
[  1] 510300 沪深300ETF华泰柏瑞  规模=1195.86亿  跟踪=沪深300指数  主题=沪深300
[  2] 588000 科创50ETF华夏  规模=903.75亿  跟踪=上证科创板50成份指数  主题=科创板
[  3] 159915 创业板ETF易方达  规模=652.7亿  跟踪=创业板指数(价格)  主题=创业板
[  4] 512880 证券ETF国泰  规模=637.98亿  跟踪=中证全指证券公司指数  主题=证券
[  5] 510310 沪深300ETF易方达  规模=534.27亿  跟踪=沪深300指数  主题=沪深300
[  6] 588200 科创芯片ETF嘉实  规模=521.35亿  跟踪=上证科创板芯片指数  主题=半导体
[  7] 510500 中证500ETF南方  规模=447.87亿  跟踪=中证500指数  主题=中证500
[  8] 563360 A500ETF华泰柏瑞  规模=438.05亿  跟踪=中证A500指数  主题=中证A500
[  9] 510330 沪深300ETF华夏  规模=432.93亿  跟踪=沪深300指数  主题=沪深300
[ 10] 159516 半导体设备ETF国泰  规模=423.93亿  跟踪=中证半导体材料设备主题指数  主题=半导体
[ 11] 588080 科创50ETF易方达  规模=421.23亿  跟踪=上证科创板50成份指数  主题=科创板
[ 12] 588170 科创半导体ETF华夏  规模=404.61亿  跟踪=上证科创板半导体材料设备主题指数  主题=半导体
[ 13] 515880 通信ETF国泰  规模=396.66亿  跟踪=中证全指通信设备指数  主题=通信
[ 14] 512000 券商ETF华宝  规模=396.21亿  跟踪=中证全指证券公司指数  主题=证券
[ 15] 159352 A500ETF南方  规模=355.8亿  跟踪=中证A500指数  主题=中证A500
[ 16] 512890 红利低波ETF华泰柏瑞  规模=322.46亿  跟踪=中证红利低波动指数  主题=红利
[ 17] 159919 沪深300ETF嘉实  规模=316.82亿  跟踪=沪深300指数  主题=沪深300
[ 18] 159361 A500ETF易方达  规模=288.67亿  跟踪=中证A500指数  主题=中证A500
[ 19] 159338 中证A500ETF国泰  规模=282.66亿  跟踪=中证A500指数  主题=中证A500
[ 20] 159995 芯片ETF华夏  规模=280.78亿  跟踪=国证半导体芯片指数  主题=半导体
[ 21] 512100 中证1000ETF南方  规模=280.27亿  跟踪=中证1000指数  主题=中证1000
[ 22] 512170 医疗ETF华宝  规模=270.03亿  跟踪=中证医疗指数  主题=医药
[ 23] 512400 有色金属ETF南方  规模=265.84亿  跟踪=有色金属  主题=有色金属
[ 24] 159949 创业板50ETF华安  规模=256.06亿  跟踪=创业板50指数  主题=创业板
[ 25] 159326 电网设备ETF华夏  规模=215.98亿  跟踪=中证电网设备主题指数  主题=其他
[ 26] 510880 红利ETF华泰柏瑞  规模=214.63亿  跟踪=上证红利指数  主题=红利
[ 27] 512050 A500ETF华夏  规模=212.56亿  跟踪=中证A500指数  主题=中证A500
[ 28] 510050 上证50ETF华夏  规模=212.01亿  跟踪=上证50指数  主题=上证50
[ 29] 159819 人工智能ETF易方达  规模=211.39亿  跟踪=中证人工智能主题指数  主题=人工智能
[ 30] 159558 半导体设备ETF易方达  规模=204.4亿  跟踪=中证半导体材料设备主题指数  主题=半导体
[ 31] 512480 半导体ETF国联安  规模=202.0亿  跟踪=中证全指半导体产品与设备指数  主题=半导体
[ 32] 515450 红利低波50ETF南方  规模=195.93亿  跟踪=标普中国A股大盘红利低波50指数  主题=红利
[ 33] 562500 机器人ETF华夏  规模=187.24亿  跟踪=中证机器人指数  主题=机器人
[ 34] 159530 机器人ETF易方达  规模=184.96亿  跟踪=国证机器人产业指数  主题=机器人
[ 35] 159992 创新药ETF银华  规模=184.8亿  跟踪=中证创新药产业指数  主题=医药
[ 36] 515180 红利ETF易方达  规模=180.33亿  跟踪=中证红利指数  主题=红利
[ 37] 510210 上证指数ETF富国  规模=180.24亿  跟踪=上证综合指数  主题=其他
[ 38] 510180 上证180ETF华安  规模=179.77亿  跟踪=上证180指数  主题=上证180
[ 39] 159781 科创创业ETF易方达  规模=176.73亿  跟踪=中证科创创业50指数  主题=科创板
[ 40] 515050 通信ETF华夏  规模=174.08亿  跟踪=中证5G通信主题指数  主题=通信
[ 41] 512010 医药ETF易方达  规模=173.33亿  跟踪=沪深300医药卫生指数  主题=医药
[ 42] 517520 黄金股ETF永赢  规模=172.07亿  跟踪=中证沪深港黄金产业股票指数  主题=黄金
[ 43] 159201 自由现金流ETF华夏  规模=168.97亿  跟踪=国证自由现金流指数  主题=货币市场
[ 44] 159928 消费ETF汇添富  规模=163.38亿  跟踪=中证主要消费指数  主题=消费
[ 45] 159206 卫星ETF永赢  规模=158.56亿  跟踪=国证商用卫星通信产业指数  主题=通信
[ 46] 159870 化工ETF鹏华  规模=154.22亿  跟踪=细分化工  主题=化工
[ 47] 512690 酒ETF鹏华  规模=149.31亿  跟踪=中证酒指数  主题=白酒
[ 48] 512070 证券保险ETF易方达  规模=149.25亿  跟踪=沪深300非银行金融指数  主题=证券
[ 49] 515220 煤炭ETF国泰  规模=138.8亿  跟踪=中证煤炭指数  主题=煤炭
[ 50] 560780 半导体设备ETF广发  规模=127.42亿  跟踪=中证半导体材料设备主题指数  主题=半导体
[ 51] 515120 创新药ETF广发  规模=126.57亿  跟踪=中证创新药产业指数  主题=医药
[ 52] 563020 红利低波ETF易方达  规模=124.93亿  跟踪=中证红利低波动指数  主题=红利
[ 53] 159841 证券ETF天弘  规模=120.76亿  跟踪=中证全指证券公司指数  主题=证券
[ 54] 159845 中证1000ETF华夏  规模=118.63亿  跟踪=中证1000指数  主题=中证1000
[ 55] 513630 港股低波红利ETF摩根  规模=118.59亿  跟踪=标普港股通低波红利指数  主题=红利
[ 56] 515080 中证红利ETF招商  规模=118.34亿  跟踪=中证红利指数  主题=红利
[ 57] 159952 创业板ETF广发  规模=113.72亿  跟踪=创业板指数(价格)  主题=创业板
[ 58] 588710 科创半导体设备ETF华泰柏瑞  规模=112.0亿  跟踪=上证科创板半导体材料设备主题指数  主题=半导体
[ 59] 588050 科创50ETF工银  规模=111.83亿  跟踪=上证科创板50成份指数  主题=科创板
[ 60] 563800 A500ETF广发  规模=111.03亿  跟踪=中证A500指数  主题=中证A500
[ 61] 512760 芯片ETF国泰  规模=109.19亿  跟踪=中华交易服务半导体芯片行业人民币指数  主题=半导体
[ 62] 159611 电力ETF广发  规模=106.96亿  跟踪=中证全指电力公用事业指数  主题=电力
[ 63] 516650 有色金属ETF华夏  规模=104.3亿  跟踪=细分有色  主题=有色金属
[ 64] 512800 银行ETF华宝  规模=102.71亿  跟踪=中证银行指数  主题=银行
[ 65] 560860 工业有色ETF万家  规模=99.72亿  跟踪=中证工业有色金属主题指数  主题=有色金属
[ 66] 159842 券商ETF银华  规模=98.84亿  跟踪=中证全指证券公司指数  主题=证券
[ 67] 159922 中证500ETF嘉实  规模=94.91亿  跟踪=中证500指数  主题=中证500
[ 68] 159852 软件ETF嘉实  规模=92.9亿  跟踪=中证软件服务指数  主题=计算机
[ 69] 159869 游戏ETF华夏  规模=92.17亿  跟踪=中证动漫游戏指数  主题=传媒
[ 70] 159755 电池ETF广发  规模=90.71亿  跟踪=国证新能源车电池指数  主题=新能源
[ 71] 515330 沪深300ETF天弘  规模=89.75亿  跟踪=沪深300指数  主题=沪深300
[ 72] 562590 半导体设备ETF华夏  规模=87.4亿  跟踪=中证半导体材料设备主题指数  主题=半导体
[ 73] 159351 A500ETF嘉实  规模=87.12亿  跟踪=中证A500指数  主题=中证A500
[ 74] 512500 中证500ETF华夏  规模=86.15亿  跟踪=中证500指数  主题=中证500
[ 75] 563220 A500ETF富国  规模=83.89亿  跟踪=中证A500指数  主题=中证A500
[ 76] 515070 人工智能ETF华夏  规模=83.62亿  跟踪=中证人工智能主题指数  主题=人工智能
[ 77] 563300 中证2000ETF华泰柏瑞  规模=83.16亿  跟踪=中证2000指数  主题=中证2000
[ 78] 512900 证券ETF南方  规模=81.8亿  跟踪=中证全指证券公司指数  主题=证券
[ 79] 588060 科创50ETF广发  规模=78.9亿  跟踪=上证科创板50成份指数  主题=科创板
[ 80] 512710 军工龙头ETF富国  规模=75.85亿  跟踪=中证军工龙头指数  主题=军工
[ 81] 588750 科创芯片ETF汇添富  规模=74.98亿  跟踪=上证科创板芯片指数  主题=半导体
[ 82] 159157 有色金属ETF天弘  规模=73.1亿  跟踪=中证工业有色金属主题指数  主题=有色金属
[ 83] 159307 红利低波100ETF博时  规模=72.34亿  跟踪=中证红利低波动100指数  主题=红利
[ 84] 159363 创业板人工智能ETF华宝  规模=71.95亿  跟踪=创业板人工智能指数  主题=人工智能
[ 85] 560010 中证1000ETF广发  规模=71.8亿  跟踪=中证1000指数  主题=中证1000
[ 86] 516150 稀土ETF嘉实  规模=70.86亿  跟踪=中证稀土产业指数  主题=有色金属
[ 87] 159813 半导体ETF鹏华  规模=68.08亿  跟踪=国证半导体芯片指数  主题=半导体
[ 88] 512660 军工ETF国泰  规模=67.99亿  跟踪=中证军工指数  主题=军工
[ 89] 159851 金融科技ETF华宝  规模=66.7亿  跟踪=中证金融科技主题指数  主题=其他
[ 90] 159263 价值ETF易方达  规模=65.87亿  跟踪=国证价值100指数  主题=价值
[ 91] 159865 养殖ETF国泰  规模=65.44亿  跟踪=中证畜牧养殖指数  主题=农业
[ 92] 560610 A500ETF招商  规模=64.14亿  跟踪=中证A500指数  主题=中证A500
[ 93] 159770 机器人ETF天弘  规模=63.76亿  跟踪=中证机器人指数  主题=机器人
[ 94] 159977 创业板ETF天弘  规模=63.54亿  跟踪=创业板指数(价格)  主题=创业板
[ 95] 512950 央企改革ETF华夏  规模=61.92亿  跟踪=中证央企结构调整指数  主题=央企国企
[ 96] 515980 人工智能ETF华富  规模=61.42亿  跟踪=中证人工智能产业指数  主题=人工智能
[ 97] 159796 电池ETF汇添富  规模=61.01亿  跟踪=中证电池主题指数  主题=新能源
[ 98] 159783 科创创业50ETF华夏  规模=60.34亿  跟踪=中证科创创业50指数  主题=科创板
[ 99] 562800 稀有金属ETF嘉实  规模=58.24亿  跟踪=中证稀有金属主题指数  主题=其他
[100] 159549 红利低波ETF天弘  规模=58.0亿  跟踪=中证红利低波动100指数  主题=红利
2026-08-10 19:03:21  步骤1完成 -> C:\Users\hailo\Desktop\每周自动指标\output_etf\2026-08-10\etf_list_2026-08-10.csv
2026-08-10 19:03:21  步骤2: 计算 KDJ-J(日/周/月)...
2026-08-10 19:03:26  [  1] 510300 沪深300ETF华泰柏瑞  完成  日J=110.83 周J=31.17 月J=41.85 价=4.76 涨=0.19%  PE=14.55(80.72%) PB=1.48(57.52%)
2026-08-10 19:03:27  [  2] 588000 科创50ETF华夏  完成  日J=106.89 周J=9.71 月J=44.8 价=1.84 涨=0.0%  PE=82.26(91.45%) PB=8.17(96.19%)
2026-08-10 19:03:29  [  3] 159915 创业板ETF易方达  完成  日J=102.96 周J=19.08 月J=32.37 价=3.56 涨=-0.73%  PE=44.84(56.4%) PB=5.91(70.16%)
2026-08-10 19:03:30  [  4] 512880 证券ETF国泰  完成  日J=46.38 周J=41.91 月J=34.03 价=1.1 涨=0.27%  PE=15.27(9.84%) PB=1.31(21.56%)
2026-08-10 19:03:32  [  5] 588200 科创芯片ETF嘉实  完成  日J=106.36 周J=8.55 月J=46.48 价=1.22 涨=0.25%  PE=126.09(85.34%) PB=None(None%)
2026-08-10 19:03:33  [  6] 510500 中证500ETF南方  完成  日J=120.17 周J=30.62 月J=41.41 价=8.04 涨=0.66%  PE=28.53(74.01%) PB=2.55(81.8%)
2026-08-10 19:03:35  [  7] 563360 A500ETF华泰柏瑞  完成  日J=117.18 周J=32.44 月J=40.25 价=1.32 涨=0.08%  PE=16.56(88.49%) PB=None(None%)
2026-08-10 19:03:36  [  8] 159516 半导体设备ETF国泰  完成  日J=104.59 周J=19.64 月J=54.57 价=0.76 涨=2.98%  PE=119.66(97.73%) PB=None(None%)
2026-08-10 19:03:37  [  9] 588170 科创半导体ETF华夏  完成  日J=105.14 周J=19.51 月J=54.5 价=1.05 涨=3.45%  PE=42.88(81.72%) PB=None(None%)
2026-08-10 19:03:39  [ 10] 515880 通信ETF国泰  完成  日J=96.93 周J=11.09 月J=30.39 价=0.64 涨=-3.03%  PE=48.48(91.53%) PB=None(None%)
2026-08-10 19:03:40  [ 11] 512890 红利低波ETF华泰柏瑞  完成  日J=-5.37 周J=84.22 月J=60.92 价=1.16 涨=0.17%  PE=7.66(66.97%) PB=0.84(56.04%)
2026-08-10 19:03:41  [ 12] 159995 芯片ETF华夏  完成  日J=106.44 周J=5.92 月J=38.94 价=1.21 涨=-0.17%  PE=None(None%) PB=None(None%)
2026-08-10 19:03:43  [ 13] 512100 中证1000ETF南方  完成  日J=117.92 周J=35.93 月J=29.25 价=3.13 涨=0.61%  PE=32.69(70.97%) PB=2.48(51.68%)
2026-08-10 19:03:44  [ 14] 512170 医疗ETF华宝  完成  日J=87.34 周J=106.72 月J=44.89 价=0.35 涨=1.16%  PE=29.92(32.1%) PB=3.65(17.72%)
2026-08-10 19:03:46  [ 15] 512400 有色金属ETF南方  完成  日J=110.54 周J=79.91 月J=15.49 价=2.02 涨=1.76%  PE=16.41(90.39%) PB=None(None%)
2026-08-10 19:03:47  [ 16] 159949 创业板50ETF华安  完成  日J=96.05 周J=15.34 月J=25.3 价=1.66 涨=-1.19%  PE=None(None%) PB=None(None%)
2026-08-10 19:03:48  [ 17] 159326 电网设备ETF华夏  完成  日J=107.3 周J=18.71 月J=26.73 价=1.71 涨=0.47%  PE=12.62(85.02%) PB=None(None%)
2026-08-10 19:03:50  [ 18] 510880 红利ETF华泰柏瑞  完成  日J=82.7 周J=112.3 月J=72.86 价=3.32 涨=1.16%  PE=8.44(71.13%) PB=0.83(59.48%)
2026-08-10 19:03:52  [ 19] 510050 上证50ETF华夏  完成  日J=101.25 周J=82.5 月J=45.74 价=3.08 涨=0.46%  PE=11.67(80.79%) PB=1.26(59.84%)
2026-08-10 19:03:53  [ 20] 159819 人工智能ETF易方达  完成  日J=93.68 周J=15.65 月J=43.03 价=1.81 涨=-2.79%  PE=49.63(68.48%) PB=None(None%)
2026-08-10 19:03:54  [ 21] 512480 半导体ETF国联安  完成  日J=104.8 周J=7.03 月J=41.34 价=1.08 涨=-0.28%  PE=94.25(90.59%) PB=None(None%)
2026-08-10 19:03:56  [ 22] 515450 红利低波50ETF南方  完成  日J=-4.64 周J=77.82 月J=63.75 价=1.4 涨=0.65%  PE=8.24(73.28%) PB=0.84(56.04%)
2026-08-10 19:03:58  [ 23] 562500 机器人ETF华夏  完成  日J=110.2 周J=24.76 月J=24.84 价=1.01 涨=-0.98%  PE=55.1(63.04%) PB=None(None%)
2026-08-10 19:03:59  [ 24] 159530 机器人ETF易方达  完成  日J=107.97 周J=20.43 月J=19.4 价=1.4 涨=-1.06%  PE=None(None%) PB=None(None%)
2026-08-10 19:04:00  [ 25] 159992 创新药ETF银华  完成  日J=103.2 周J=98.94 月J=83.46 价=0.92 涨=0.99%  PE=30.98(47.23%) PB=None(None%)
2026-08-10 19:04:02  [ 26] 515180 红利ETF易方达  完成  日J=74.2 周J=112.37 月J=56.16 价=1.43 涨=1.13%  PE=8.3(55.76%) PB=0.82(44.96%)
2026-08-10 19:04:03  [ 27] 510210 上证指数ETF富国  完成  日J=113.51 周J=61.38 月J=31.46 价=1.01 涨=0.7%  PE=15.51(76.29%) PB=None(None%)
2026-08-10 19:04:05  [ 28] 510180 上证180ETF华安  完成  日J=112.38 周J=70.1 月J=43.42 价=4.07 涨=0.54%  PE=12.28(71.96%) PB=1.24(47.96%)
2026-08-10 19:04:06  [ 29] 159781 科创创业ETF易方达  完成  日J=97.89 周J=8.31 月J=37.37 价=1.13 涨=-1.22%  PE=44.28(63.62%) PB=None(None%)
2026-08-10 19:04:08  [ 30] 515050 通信ETF华夏  完成  日J=101.56 周J=12.14 月J=37.37 价=1.02 涨=-2.21%  PE=49.0(94.07%) PB=None(None%)
2026-08-10 19:04:09  [ 31] 512010 医药ETF易方达  完成  日J=106.7 周J=115.86 月J=85.24 价=0.41 涨=3.54%  PE=24.92(11.42%) PB=None(None%)
2026-08-10 19:04:11  [ 32] 517520 黄金股ETF永赢  完成  日J=100.44 周J=120.08 月J=11.53 价=2.17 涨=2.89%  PE=22.14(60.02%) PB=None(None%)
2026-08-10 19:04:12  [ 33] 159201 自由现金流ETF华夏  完成  日J=63.88 周J=113.65 月J=17.63 价=1.19 涨=1.72%  PE=None(None%) PB=None(None%)
2026-08-10 19:04:14  [ 34] 159928 消费ETF汇添富  完成  日J=46.19 周J=108.23 月J=38.22 价=0.69 涨=2.68%  PE=20.52(23.29%) PB=3.64(5.68%)
2026-08-10 19:04:16  [ 35] 159206 卫星ETF永赢  完成  日J=117.5 周J=34.92 月J=9.3 价=1.45 涨=0.28%  PE=None(None%) PB=None(None%)
2026-08-10 19:04:17  [ 36] 159870 化工ETF鹏华  完成  日J=104.4 周J=64.52 月J=27.92 价=0.84 涨=1.94%  PE=23.07(61.82%) PB=None(None%)
2026-08-10 19:04:19  [ 37] 512690 酒ETF鹏华  完成  日J=63.21 周J=106.16 月J=32.77 价=0.45 涨=3.45%  PE=19.96(21.48%) PB=None(None%)
2026-08-10 19:04:20  [ 38] 512070 证券保险ETF易方达  完成  日J=12.89 周J=72.44 月J=14.58 价=0.8 涨=0.38%  PE=9.69(1.88%) PB=None(None%)
2026-08-10 19:04:22  [ 39] 515220 煤炭ETF国泰  完成  日J=100.52 周J=82.95 月J=39.95 价=1.26 涨=2.11%  PE=18.61(86.96%) PB=1.76(96.2%)
2026-08-10 19:04:23  [ 40] 513630 港股低波红利ETF摩根  完成  日J=-2.6 周J=79.12 月J=33.31 价=1.58 涨=1.28%  PE=None(None%) PB=None(None%)
2026-08-10 19:04:25  [ 41] 512760 芯片ETF国泰  完成  日J=106.5 周J=7.49 月J=42.39 价=1.16 涨=-0.09%  PE=93.44(84.61%) PB=None(None%)
2026-08-10 19:04:26  [ 42] 159611 电力ETF广发  完成  日J=29.04 周J=42.11 月J=14.19 价=1.06 涨=0.47%  PE=15.62(69.1%) PB=None(None%)
2026-08-10 19:04:28  [ 43] 516650 有色金属ETF华夏  完成  日J=107.1 周J=88.77 月J=10.62 价=1.96 涨=1.66%  PE=20.64(27.99%) PB=None(None%)
2026-08-10 19:04:30  [ 44] 512800 银行ETF华宝  完成  日J=-8.38 周J=79.5 月J=65.95 价=0.8 涨=0.25%  PE=6.6(67.52%) PB=0.66(35.96%)
2026-08-10 19:04:31  [ 45] 560860 工业有色ETF万家  完成  日J=108.81 周J=68.09 月J=20.9 价=1.73 涨=1.58%  PE=65.02(41.42%) PB=None(None%)
2026-08-10 19:04:33  [ 46] 159852 软件ETF嘉实  完成  日J=83.19 周J=90.91 月J=5.79 价=0.73 涨=-0.27%  PE=58.47(54.9%) PB=None(None%)
2026-08-10 19:04:35  [ 47] 159869 游戏ETF华夏  完成  日J=90.91 周J=103.18 月J=5.33 价=1.15 涨=1.95%  PE=20.58(20.95%) PB=None(None%)
2026-08-10 19:04:36  [ 48] 159755 电池ETF广发  完成  日J=104.67 周J=34.4 月J=7.9 价=0.99 涨=1.44%  PE=26.0(38.16%) PB=3.55(52.28%)
2026-08-10 19:04:37  [ 49] 563300 中证2000ETF华泰柏瑞  完成  日J=115.05 周J=42.71 月J=30.36 价=1.42 涨=1.0%  PE=39.97(69.05%) PB=None(None%)
2026-08-10 19:04:38  [ 50] 512710 军工龙头ETF富国  完成  日J=108.9 周J=51.9 月J=-4.5 价=0.64 涨=2.4%  PE=None(None%) PB=None(None%)
2026-08-10 19:04:40  [ 51] 159307 红利低波100ETF博时  完成  日J=-2.69 周J=86.24 月J=56.8 价=1.03 涨=0.49%  PE=8.58(76.78%) PB=None(None%)
2026-08-10 19:04:41  [ 52] 159363 创业板人工智能ETF华宝  完成  日J=104.52 周J=24.2 月J=41.22 价=1.22 涨=-1.93%  PE=None(None%) PB=None(None%)
2026-08-10 19:04:43  [ 53] 516150 稀土ETF嘉实  完成  日J=98.37 周J=36.5 月J=19.17 价=1.83 涨=0.77%  PE=31.4(36.32%) PB=None(None%)
2026-08-10 19:04:44  [ 54] 512660 军工ETF国泰  完成  日J=111.99 周J=46.87 月J=1.63 价=1.17 涨=1.56%  PE=48.16(18.95%) PB=3.43(64.92%)
2026-08-10 19:04:46  [ 55] 159851 金融科技ETF华宝  完成  日J=77.45 周J=67.45 月J=4.52 价=0.64 涨=-0.78%  PE=33.72(14.51%) PB=None(None%)
2026-08-10 19:04:47  [ 56] 159263 价值ETF易方达  完成  日J=15.64 周J=99.63 月J=50.92 价=1.15 涨=1.14%  PE=None(None%) PB=None(None%)
2026-08-10 19:04:49  [ 57] 159865 养殖ETF国泰  完成  日J=88.26 周J=114.15 月J=24.48 价=0.55 涨=3.58%  PE=23.51(55.8%) PB=None(None%)
2026-08-10 19:04:50  [ 58] 512950 央企改革ETF华夏  完成  日J=106.97 周J=47.72 月J=41.01 价=1.53 涨=0.13%  PE=15.86(84.11%) PB=None(None%)
2026-08-10 19:04:53  [ 59] 515980 人工智能ETF华富  完成  日J=96.8 周J=17.65 月J=42.59 价=1.05 涨=-2.51%  PE=53.09(85.66%) PB=None(None%)
2026-08-10 19:04:54  [ 60] 159796 电池ETF汇添富  完成  日J=105.84 周J=28.07 月J=10.74 价=0.88 涨=0.69%  PE=None(None%) PB=None(None%)
2026-08-10 19:04:55  [ 61] 562800 稀有金属ETF嘉实  完成  日J=112.05 周J=38.43 月J=27.03 价=1.01 涨=2.02%  PE=None(None%) PB=None(None%)
2026-08-10 19:04:56  全部完成，结果已写入 C:\Users\hailo\Desktop\每周自动指标\output_etf\2026-08-10\metrics_2026-08-10.csv
2026-08-10 19:04:56  步骤2完成 -> C:\Users\hailo\Desktop\每周自动指标\output_etf\2026-08-10\metrics_2026-08-10.csv
2026-08-10 19:04:56  步骤3: 生成 HTML 总结报告...
2026-08-10 19:04:56  步骤3完成 -> C:\Users\hailo\Desktop\每周自动指标\output_etf\2026-08-10\report_2026-08-10.html
2026-08-10 19:04:56  步骤4: 发送邮件报告...
2026-08-10 19:04:57  步骤4完成: 邮件已发送
2026-08-10 19:04:57  ===== 全部完成 2026-08-10 =====
