2026-09-17 21:44:12  ===== 开始每日ETF指标任务 2026-09-17 =====
2026-09-17 21:44:12  步骤1: 获取场内规模前100的ETF...
[  1] 510300 沪深300ETF华泰柏瑞  规模=1066.95亿  跟踪=沪深300指数  主题=沪深300
[  2] 588000 科创50ETF华夏  规模=943.72亿  跟踪=上证科创板50成份指数  主题=科创板
[  3] 159915 创业板ETF易方达  规模=673.94亿  跟踪=创业板指数(价格)  主题=创业板
[  4] 512880 证券ETF国泰  规模=590.34亿  跟踪=中证全指证券公司指数  主题=证券
[  5] 510310 沪深300ETF易方达  规模=500.0亿  跟踪=沪深300指数  主题=沪深300
[  6] 588200 科创芯片ETF嘉实  规模=488.73亿  跟踪=上证科创板芯片指数  主题=半导体
[  7] 515880 通信ETF国泰  规模=438.75亿  跟踪=中证全指通信设备指数  主题=通信
[  8] 588080 科创50ETF易方达  规模=433.42亿  跟踪=上证科创板50成份指数  主题=科创板
[  9] 510500 中证500ETF南方  规模=423.21亿  跟踪=中证500指数  主题=中证500
[ 10] 159516 半导体设备ETF国泰  规模=420.85亿  跟踪=中证半导体材料设备主题指数  主题=半导体
[ 11] 588170 科创半导体ETF华夏  规模=411.86亿  跟踪=上证科创板半导体材料设备主题指数  主题=半导体
[ 12] 510330 沪深300ETF华夏  规模=394.22亿  跟踪=沪深300指数  主题=沪深300
[ 13] 563360 A500ETF华泰柏瑞  规模=387.74亿  跟踪=中证A500指数  主题=中证A500
[ 14] 512000 券商ETF华宝  规模=363.35亿  跟踪=中证全指证券公司指数  主题=证券
[ 15] 159352 A500ETF南方  规模=329.78亿  跟踪=中证A500指数  主题=中证A500
[ 16] 512890 红利低波ETF华泰柏瑞  规模=310.08亿  跟踪=中证红利低波动指数  主题=红利
[ 17] 159919 沪深300ETF嘉实  规模=299.94亿  跟踪=沪深300指数  主题=沪深300
[ 18] 159995 芯片ETF华夏  规模=275.0亿  跟踪=国证半导体芯片指数  主题=半导体
[ 19] 159361 A500ETF易方达  规模=269.34亿  跟踪=中证A500指数  主题=中证A500
[ 20] 159338 中证A500ETF国泰  规模=252.64亿  跟踪=中证A500指数  主题=中证A500
[ 21] 159949 创业板50ETF华安  规模=248.87亿  跟踪=创业板50指数  主题=创业板
[ 22] 512400 有色金属ETF南方  规模=245.3亿  跟踪=有色金属  主题=有色金属
[ 23] 512170 医疗ETF华宝  规模=242.01亿  跟踪=中证医疗指数  主题=医药
[ 24] 510050 上证50ETF华夏  规模=212.68亿  跟踪=上证50指数  主题=上证50
[ 25] 159819 人工智能ETF易方达  规模=208.92亿  跟踪=中证人工智能主题指数  主题=人工智能
[ 26] 159558 半导体设备ETF易方达  规模=204.4亿  跟踪=中证半导体材料设备主题指数  主题=半导体
[ 27] 512480 半导体ETF国联安  规模=202.38亿  跟踪=中证全指半导体产品与设备指数  主题=半导体
[ 28] 515450 红利低波50ETF南方  规模=199.26亿  跟踪=标普中国A股大盘红利低波50指数  主题=红利
[ 29] 512050 A500ETF华夏  规模=190.34亿  跟踪=中证A500指数  主题=中证A500
[ 30] 510880 红利ETF华泰柏瑞  规模=190.17亿  跟踪=上证红利指数  主题=红利
[ 31] 159326 电网设备ETF华夏  规模=188.08亿  跟踪=中证电网设备主题指数  主题=其他
[ 32] 515050 通信ETF华夏  规模=184.74亿  跟踪=中证5G通信主题指数  主题=通信
[ 33] 512100 中证1000ETF南方  规模=179.58亿  跟踪=中证1000指数  主题=中证1000
[ 34] 515180 红利ETF易方达  规模=179.39亿  跟踪=中证红利指数  主题=红利
[ 35] 510180 上证180ETF华安  规模=171.42亿  跟踪=上证180指数  主题=上证180
[ 36] 562500 机器人ETF华夏  规模=170.15亿  跟踪=中证机器人指数  主题=机器人
[ 37] 159781 科创创业ETF易方达  规模=164.19亿  跟踪=中证科创创业50指数  主题=科创板
[ 38] 159992 创新药ETF银华  规模=161.86亿  跟踪=中证创新药产业指数  主题=医药
[ 39] 159530 机器人ETF易方达  规模=160.95亿  跟踪=国证机器人产业指数  主题=机器人
[ 40] 159201 自由现金流ETF华夏  规模=156.54亿  跟踪=国证自由现金流指数  主题=货币市场
[ 41] 159928 消费ETF汇添富  规模=149.46亿  跟踪=中证主要消费指数  主题=消费
[ 42] 510210 上证指数ETF富国  规模=149.33亿  跟踪=上证综合指数  主题=其他
[ 43] 512010 医药ETF易方达  规模=148.82亿  跟踪=沪深300医药卫生指数  主题=医药
[ 44] 512690 酒ETF鹏华  规模=131.73亿  跟踪=中证酒指数  主题=白酒
[ 45] 517520 黄金股ETF永赢  规模=131.01亿  跟踪=中证沪深港黄金产业股票指数  主题=黄金
[ 46] 512070 证券保险ETF易方达  规模=127.74亿  跟踪=沪深300非银行金融指数  主题=证券
[ 47] 560780 半导体设备ETF广发  规模=127.38亿  跟踪=中证半导体材料设备主题指数  主题=半导体
[ 48] 159206 卫星ETF永赢  规模=125.62亿  跟踪=国证商用卫星通信产业指数  主题=通信
[ 49] 159870 化工ETF鹏华  规模=125.36亿  跟踪=细分化工  主题=化工
[ 50] 563020 红利低波ETF易方达  规模=119.3亿  跟踪=中证红利低波动指数  主题=红利
[ 51] 159841 证券ETF天弘  规模=116.32亿  跟踪=中证全指证券公司指数  主题=证券
[ 52] 159952 创业板ETF广发  规模=115.75亿  跟踪=创业板指数(价格)  主题=创业板
[ 53] 513630 港股低波红利ETF摩根  规模=114.6亿  跟踪=标普港股通低波红利指数  主题=红利
[ 54] 588050 科创50ETF工银  规模=111.92亿  跟踪=上证科创板50成份指数  主题=科创板
[ 55] 588710 科创半导体设备ETF华泰柏瑞  规模=109.49亿  跟踪=上证科创板半导体材料设备主题指数  主题=半导体
[ 56] 515120 创新药ETF广发  规模=109.11亿  跟踪=中证创新药产业指数  主题=医药
[ 57] 512760 芯片ETF国泰  规模=107.8亿  跟踪=中华交易服务半导体芯片行业人民币指数  主题=半导体
[ 58] 515080 中证红利ETF招商  规模=107.61亿  跟踪=中证红利指数  主题=红利
[ 59] 563800 A500ETF广发  规模=106.65亿  跟踪=中证A500指数  主题=中证A500
[ 60] 515220 煤炭ETF国泰  规模=102.21亿  跟踪=中证煤炭指数  主题=煤炭
[ 61] 512800 银行ETF华宝  规模=98.06亿  跟踪=中证银行指数  主题=银行
[ 62] 159611 电力ETF广发  规模=94.33亿  跟踪=中证全指电力公用事业指数  主题=电力
[ 63] 516650 有色金属ETF华夏  规模=92.58亿  跟踪=细分有色  主题=有色金属
[ 64] 159852 软件ETF嘉实  规模=92.24亿  跟踪=中证软件服务指数  主题=计算机
[ 65] 159842 券商ETF银华  规模=89.73亿  跟踪=中证全指证券公司指数  主题=证券
[ 66] 562590 半导体设备ETF华夏  规模=88.32亿  跟踪=中证半导体材料设备主题指数  主题=半导体
[ 67] 159259 成长ETF易方达  规模=85.81亿  跟踪=国证成长100指数  主题=成长
[ 68] 159351 A500ETF嘉实  规模=85.2亿  跟踪=中证A500指数  主题=中证A500
[ 69] 159263 价值ETF易方达  规模=84.31亿  跟踪=国证价值100指数  主题=价值
[ 70] 159922 中证500ETF嘉实  规模=83.06亿  跟踪=中证500指数  主题=中证500
[ 71] 588060 科创50ETF广发  规模=83.02亿  跟踪=上证科创板50成份指数  主题=科创板
[ 72] 560860 工业有色ETF万家  规模=82.73亿  跟踪=中证工业有色金属主题指数  主题=有色金属
[ 73] 515070 人工智能ETF华夏  规模=82.13亿  跟踪=中证人工智能主题指数  主题=人工智能
[ 74] 159869 游戏ETF华夏  规模=81.73亿  跟踪=中证动漫游戏指数  主题=传媒
[ 75] 515330 沪深300ETF天弘  规模=80.29亿  跟踪=沪深300指数  主题=沪深300
[ 76] 512500 中证500ETF华夏  规模=78.47亿  跟踪=中证500指数  主题=中证500
[ 77] 563220 A500ETF富国  规模=78.28亿  跟踪=中证A500指数  主题=中证A500
[ 78] 512660 军工ETF国泰  规模=77.06亿  跟踪=中证军工指数  主题=军工
[ 79] 512900 证券ETF南方  规模=76.57亿  跟踪=中证全指证券公司指数  主题=证券
[ 80] 588750 科创芯片ETF汇添富  规模=73.66亿  跟踪=上证科创板芯片指数  主题=半导体
[ 81] 159363 创业板人工智能ETF华宝  规模=72.59亿  跟踪=创业板人工智能指数  主题=人工智能
[ 82] 512710 军工龙头ETF富国  规模=69.51亿  跟踪=中证军工龙头指数  主题=军工
[ 83] 159755 电池ETF广发  规模=67.54亿  跟踪=国证新能源车电池指数  主题=新能源
[ 84] 159307 红利低波100ETF博时  规模=67.49亿  跟踪=中证红利低波动100指数  主题=红利
[ 85] 159845 中证1000ETF华夏  规模=66.27亿  跟踪=中证1000指数  主题=中证1000
[ 86] 159813 半导体ETF鹏华  规模=65.91亿  跟踪=国证半导体芯片指数  主题=半导体
[ 87] 159977 创业板ETF天弘  规模=64.88亿  跟踪=创业板指数(价格)  主题=创业板
[ 88] 159157 有色金属ETF天弘  规模=64.78亿  跟踪=中证工业有色金属主题指数  主题=有色金属
[ 89] 159865 养殖ETF国泰  规模=63.63亿  跟踪=中证畜牧养殖指数  主题=农业
[ 90] 515980 人工智能ETF华富  规模=63.56亿  跟踪=中证人工智能产业指数  主题=人工智能
[ 91] 588220 科创100ETF鹏华  规模=63.27亿  跟踪=上证科创板100指数  主题=科创板
[ 92] 516150 稀土ETF嘉实  规模=62.08亿  跟踪=中证稀土产业指数  主题=有色金属
[ 93] 159851 金融科技ETF华宝  规模=61.96亿  跟踪=中证金融科技主题指数  主题=其他
[ 94] 560610 A500ETF招商  规模=60.49亿  跟踪=中证A500指数  主题=中证A500
[ 95] 512950 央企改革ETF华夏  规模=60.41亿  跟踪=中证央企结构调整指数  主题=央企国企
[ 96] 560010 中证1000ETF广发  规模=58.6亿  跟踪=中证1000指数  主题=中证1000
[ 97] 159770 机器人ETF天弘  规模=58.11亿  跟踪=中证机器人指数  主题=机器人
[ 98] 561980 半导体设备ETF招商  规模=57.72亿  跟踪=中证半导体产业指数  主题=半导体
[ 99] 159562 黄金股ETF华夏  规模=57.59亿  跟踪=中证沪深港黄金产业股票指数  主题=黄金
[100] 159967 创业板成长ETF华夏  规模=57.48亿  跟踪=创业板动量成长指数  主题=成长
2026-09-17 21:45:00  步骤1完成 -> /home/runner/work/daily-stock-metrics/daily-stock-metrics/output_etf/2026-09-17/etf_list_2026-09-17.csv
2026-09-17 21:45:00  步骤2: 计算 KDJ-J(日/周/月)...
2026-09-17 21:45:00  步骤2: 计算指标...
2026-09-17 21:45:00  观察池: 共63只(含历史追踪1只)
2026-09-17 21:45:00  待处理 63 条，并发数 8
2026-09-17 21:45:05  [  3] 159915 创业板ETF易方达  完成  日J=37.84 周J=17.88 月J=4.51 MA20=3.386 MA60=3.601 多头=0 价=3.32 涨=-0.3%  PE=37.65(30.52%) PB=5.27(59.16%)
2026-09-17 21:45:06  [  8] 159516 半导体设备ETF国泰  完成  日J=97.47 周J=33.37 月J=40.39 MA20=0.692 MA60=0.753 多头=0 价=0.7 涨=-0.85%  PE=101.5(92.49%) PB=None(None%)
2026-09-17 21:45:06  [  5] 588200 科创芯片ETF嘉实  完成  日J=92.68 周J=16.37 月J=32.78 MA20=1.136 MA60=1.253 多头=0 价=1.14 涨=-0.61%  PE=104.62(76.11%) PB=None(None%)
2026-09-17 21:45:06  [  4] 512880 证券ETF国泰  完成  日J=-2.08 周J=-3.58 月J=21.46 MA20=1.081 MA60=1.1 多头=0 价=1.04 涨=-1.14%  PE=12.28(2.83%) PB=1.21(7.96%)
2026-09-17 21:45:06  [  6] 515880 通信ETF国泰  完成  日J=84.54 周J=77.74 月J=28.4 MA20=0.665 MA60=0.691 多头=0 价=0.69 涨=0.73%  PE=44.63(87.29%) PB=None(None%)
2026-09-17 21:45:06  [  7] 510500 中证500ETF南方  完成  日J=56.15 周J=40.59 月J=16.85 MA20=7.767 MA60=7.963 多头=0 价=7.68 涨=-0.39%  PE=25.82(63.14%) PB=2.37(76.92%)
2026-09-17 21:45:08  [  1] 510300 沪深300ETF华泰柏瑞  完成  日J=24.11 周J=8.3 月J=9.73 MA20=4.621 MA60=4.717 多头=0 价=4.53 涨=-0.44%  PE=13.34(59.11%) PB=1.41(36.6%)
2026-09-17 21:45:08  [  9] 588170 科创半导体ETF华夏  完成  日J=108.69 周J=35.79 月J=42.4 MA20=0.956 MA60=1.043 多头=0 价=0.98 涨=0.31%  PE=43.66(82.82%) PB=None(None%)
2026-09-17 21:45:08  [ 12] 159995 芯片ETF华夏  完成  日J=85.96 周J=10.85 月J=22.79 MA20=1.118 MA60=1.253 多头=0 价=1.11 涨=-1.25%  PE=None(None%) PB=None(None%)
2026-09-17 21:45:08  [ 10] 563360 A500ETF华泰柏瑞  完成  日J=29.09 周J=10.13 月J=6.46 MA20=1.271 MA60=1.304 多头=0 价=1.25 涨=-0.4%  PE=14.98(48.12%) PB=None(None%)
2026-09-17 21:45:08  [ 13] 159949 创业板50ETF华安  完成  日J=31.41 周J=14.13 月J=-1.47 MA20=1.583 MA60=1.697 多头=0 价=1.54 涨=-0.45%  PE=None(None%) PB=None(None%)
2026-09-17 21:45:08  [ 11] 512890 红利低波ETF华泰柏瑞  完成  日J=-11.12 周J=72.22 月J=84.52 MA20=1.196 MA60=1.163 多头=1 价=1.18 涨=-0.84%  PE=7.9(71.35%) PB=0.86(61.04%)
2026-09-17 21:45:09  [ 14] 512400 有色金属ETF南方  完成  日J=5.59 周J=54.34 月J=4.28 MA20=1.818 MA60=1.766 多头=1 价=1.71 涨=-2.45%  PE=14.92(78.02%) PB=None(None%)
2026-09-17 21:45:10  [ 19] 515450 红利低波50ETF南方  完成  日J=16.75 周J=35.44 月J=66.16 MA20=1.399 MA60=1.383 多头=1 价=1.39 涨=-0.29%  PE=8.43(77.08%) PB=0.86(61.04%)
2026-09-17 21:45:10  [ 15] 512170 医疗ETF华宝  完成  日J=90.49 周J=37.65 月J=46.44 MA20=0.339 MA60=0.331 多头=1 价=0.34 涨=1.49%  PE=27.5(21.39%) PB=3.48(12.72%)
2026-09-17 21:45:11  [  2] 588000 科创50ETF华夏  完成  日J=92.75 周J=8.69 月J=27.6 MA20=1.7 MA60=1.862 多头=0 价=1.7 涨=-0.47%  PE=75.51(78.62%) PB=7.66(90.12%)
2026-09-17 21:45:11  [ 17] 159819 人工智能ETF易方达  完成  日J=56.79 周J=6.85 月J=24.46 MA20=1.719 MA60=1.858 多头=0 价=1.71 涨=-0.52%  PE=44.57(47.37%) PB=None(None%)
2026-09-17 21:45:11  [ 16] 510050 上证50ETF华夏  完成  日J=8.94 周J=10.41 月J=24.07 MA20=3.008 MA60=3.026 多头=0 价=2.96 涨=-0.67%  PE=10.91(67.51%) PB=1.22(44.0%)
2026-09-17 21:45:11  [ 18] 512480 半导体ETF国联安  完成  日J=88.26 周J=15.03 月J=26.15 MA20=1.004 MA60=1.116 多头=0 价=1.0 涨=-0.79%  PE=66.81(50.25%) PB=None(None%)
2026-09-17 21:45:11  [ 20] 510880 红利ETF华泰柏瑞  完成  日J=-0.46 周J=63.27 月J=80.08 MA20=3.43 MA60=3.269 多头=1 价=3.35 涨=-0.5%  PE=8.72(78.07%) PB=0.85(62.12%)
2026-09-17 21:45:12  [ 21] 159326 电网设备ETF华夏  完成  日J=50.15 周J=54.77 月J=7.51 MA20=1.656 MA60=1.707 多头=0 价=1.64 涨=0.12%  PE=11.44(61.76%) PB=None(None%)
2026-09-17 21:45:13  [ 22] 515050 通信ETF华夏  完成  日J=58.59 周J=65.99 月J=31.41 MA20=1.029 MA60=1.081 多头=0 价=1.04 涨=-0.95%  PE=44.02(85.74%) PB=None(None%)
2026-09-17 21:45:13  [ 23] 512100 中证1000ETF南方  完成  日J=65.76 周J=66.25 月J=25.34 MA20=3.079 MA60=3.115 多头=0 价=3.07 涨=-0.39%  PE=30.6(65.63%) PB=2.38(44.44%)
2026-09-17 21:45:13  [ 28] 159992 创新药ETF银华  完成  日J=67.57 周J=2.48 月J=59.19 MA20=0.846 MA60=0.86 多头=0 价=0.83 涨=0.48%  PE=26.68(24.66%) PB=None(None%)
2026-09-17 21:45:13  [ 27] 159781 科创创业ETF易方达  完成  日J=56.45 周J=2.72 月J=13.79 MA20=1.055 MA60=1.158 多头=0 价=1.04 涨=-0.67%  PE=41.73(58.9%) PB=None(None%)
2026-09-17 21:45:14  [ 26] 562500 机器人ETF华夏  完成  日J=25.26 周J=6.54 月J=-2.66 MA20=0.941 MA60=0.996 多头=0 价=0.92 涨=0.44%  PE=43.92(19.74%) PB=None(None%)
2026-09-17 21:45:14  [ 29] 159530 机器人ETF易方达  完成  日J=41.61 周J=13.2 月J=-0.21 MA20=1.305 MA60=1.389 多头=0 价=1.29 涨=1.26%  PE=None(None%) PB=None(None%)
2026-09-17 21:45:14  [ 25] 510180 上证180ETF华安  完成  日J=15.33 周J=16.4 月J=15.83 MA20=3.942 MA60=3.983 多头=0 价=3.88 涨=-0.18%  PE=11.48(54.9%) PB=1.2(36.32%)
2026-09-17 21:45:14  [ 24] 515180 红利ETF易方达  完成  日J=-2.04 周J=53.81 月J=64.56 MA20=1.447 MA60=1.401 多头=1 价=1.41 涨=-0.35%  PE=8.45(58.55%) PB=0.84(48.24%)
2026-09-17 21:45:15  [ 30] 159201 自由现金流ETF华夏  完成  日J=9.94 周J=66.01 月J=18.05 MA20=1.183 MA60=1.154 多头=1 价=1.16 涨=-0.26%  PE=None(None%) PB=None(None%)
2026-09-17 21:45:16  [ 33] 512010 医药ETF易方达  完成  日J=45.96 周J=11.34 月J=62.09 MA20=0.377 MA60=0.376 多头=1 价=0.37 涨=0.27%  PE=22.84(2.86%) PB=None(None%)
2026-09-17 21:45:16  [ 37] 159206 卫星ETF永赢  完成  日J=72.21 周J=43.83 月J=-0.56 MA20=1.346 MA60=1.424 多头=0 价=1.35 涨=-0.95%  PE=None(None%) PB=None(None%)
2026-09-17 21:45:16  [ 31] 159928 消费ETF汇添富  完成  日J=0.99 周J=20.18 月J=29.69 MA20=0.666 MA60=0.661 多头=1 价=0.65 涨=0.31%  PE=19.59(18.03%) PB=3.36(1.44%)
2026-09-17 21:45:17  [ 32] 510210 上证指数ETF富国  完成  日J=39.93 周J=74.69 月J=32.13 MA20=1.004 MA60=0.998 多头=1 价=1.0 涨=0.0%  PE=14.55(66.19%) PB=None(None%)
2026-09-17 21:45:17  [ 35] 517520 黄金股ETF永赢  完成  日J=10.47 周J=66.86 月J=16.98 MA20=2.187 MA60=1.953 多头=1 价=2.04 涨=-4.45%  PE=20.5(38.73%) PB=None(None%)
2026-09-17 21:45:17  [ 36] 512070 证券保险ETF易方达  完成  日J=-8.85 周J=14.44 月J=9.33 MA20=0.798 MA60=0.798 多头=0 价=0.77 涨=-1.28%  PE=7.16(0.03%) PB=None(None%)
2026-09-17 21:45:17  [ 34] 512690 酒ETF鹏华  完成  日J=3.03 周J=12.99 月J=19.08 MA20=0.421 MA60=0.421 多头=0 价=0.41 涨=0.49%  PE=19.15(15.98%) PB=None(None%)
2026-09-17 21:45:17  [ 38] 159870 化工ETF鹏华  完成  日J=1.45 周J=34.22 月J=4.16 MA20=0.799 MA60=0.803 多头=0 价=0.76 涨=-0.91%  PE=16.96(28.47%) PB=None(None%)
2026-09-17 21:45:18  [ 39] 513630 港股低波红利ETF摩根  完成  日J=-1.85 周J=19.69 月J=30.32 MA20=1.588 MA60=1.563 多头=1 价=1.55 涨=-1.02%  PE=None(None%) PB=None(None%)
2026-09-17 21:45:19  [ 41] 515220 煤炭ETF国泰  完成  日J=12.26 周J=58.07 月J=55.78 MA20=1.305 MA60=1.224 多头=1 价=1.26 涨=-0.94%  PE=17.76(82.88%) PB=1.78(96.0%)
2026-09-17 21:45:19  [ 40] 512760 芯片ETF国泰  完成  日J=89.61 周J=7.84 月J=25.4 MA20=1.065 MA60=1.189 多头=0 价=1.06 涨=-0.84%  PE=66.86(43.48%) PB=None(None%)
2026-09-17 21:45:19  [ 42] 512800 银行ETF华宝  完成  日J=17.47 周J=84.66 月J=98.04 MA20=0.836 MA60=0.806 多头=1 价=0.84 涨=0.12%  PE=7.09(86.63%) PB=0.69(45.28%)
2026-09-17 21:45:19  [ 46] 159259 成长ETF易方达  完成  日J=78.97 周J=66.11 月J=32.03 MA20=1.33 MA60=1.395 多头=0 价=1.36 涨=-0.66%  PE=None(None%) PB=None(None%)
2026-09-17 21:45:19  [ 43] 159611 电力ETF广发  完成  日J=17.85 周J=31.4 月J=0.16 MA20=1.045 MA60=1.047 多头=0 价=1.04 涨=-1.52%  PE=14.31(59.69%) PB=None(None%)
2026-09-17 21:45:19  [ 44] 516650 有色金属ETF华夏  完成  日J=5.88 周J=53.07 月J=1.33 MA20=1.853 MA60=1.795 多头=1 价=1.74 涨=-2.74%  PE=16.12(18.64%) PB=None(None%)
2026-09-17 21:45:20  [ 45] 159852 软件ETF嘉实  完成  日J=9.36 周J=4.64 月J=-5.19 MA20=0.668 MA60=0.684 多头=0 价=0.64 涨=-0.77%  PE=57.76(54.11%) PB=None(None%)
2026-09-17 21:45:20  [ 47] 159263 价值ETF易方达  完成  日J=-1.36 周J=53.38 月J=46.7 MA20=1.155 MA60=1.129 多头=1 价=1.13 涨=-0.88%  PE=None(None%) PB=None(None%)
2026-09-17 21:45:21  [ 51] 159363 创业板人工智能ETF华宝  完成  日J=56.27 周J=64.57 月J=30.16 MA20=1.217 MA60=1.268 多头=0 价=1.23 涨=0.41%  PE=None(None%) PB=None(None%)
2026-09-17 21:45:21  [ 48] 560860 工业有色ETF万家  完成  日J=5.22 周J=45.59 月J=3.09 MA20=1.609 MA60=1.584 多头=1 价=1.52 涨=-2.12%  PE=67.01(54.68%) PB=None(None%)
2026-09-17 21:45:21  [ 49] 159869 游戏ETF华夏  完成  日J=-9.78 周J=56.06 月J=0.77 MA20=1.094 MA60=1.096 多头=0 价=1.07 涨=-0.37%  PE=17.31(2.19%) PB=None(None%)
2026-09-17 21:45:21  [ 52] 512710 军工龙头ETF富国  完成  日J=-4.44 周J=80.26 月J=-2.71 MA20=0.63 MA60=0.63 多头=0 价=0.63 涨=-0.79%  PE=None(None%) PB=None(None%)
2026-09-17 21:45:21  [ 50] 512660 军工ETF国泰  完成  日J=1.41 周J=72.29 月J=0.17 MA20=1.139 MA60=1.152 多头=0 价=1.14 涨=-0.7%  PE=52.25(30.81%) PB=3.27(54.4%)
2026-09-17 21:45:22  [ 54] 159307 红利低波100ETF博时  完成  日J=-10.27 周J=14.78 月J=50.34 MA20=1.017 MA60=1.009 多头=1 价=1.0 涨=-0.5%  PE=8.59(76.3%) PB=None(None%)
2026-09-17 21:45:22  [ 53] 159755 电池ETF广发  完成  日J=40.35 周J=7.82 月J=-15.01 MA20=0.908 MA60=0.957 多头=0 价=0.86 涨=-0.12%  PE=20.98(18.76%) PB=2.96(37.24%)
2026-09-17 21:45:23  [ 55] 159865 养殖ETF国泰  完成  日J=-11.71 周J=46.16 月J=26.98 MA20=0.548 MA60=0.534 多头=1 价=0.53 涨=-0.19%  PE=21.98(48.97%) PB=None(None%)
2026-09-17 21:45:23  [ 57] 588220 科创100ETF鹏华  完成  日J=87.81 周J=46.0 月J=32.87 MA20=1.741 MA60=1.812 多头=0 价=1.73 涨=-0.57%  PE=None(None%) PB=None(None%)
2026-09-17 21:45:23  [ 56] 515980 人工智能ETF华富  完成  日J=35.96 周J=17.81 月J=26.18 MA20=1.007 MA60=1.079 多头=0 价=1.0 涨=0.1%  PE=44.91(70.88%) PB=None(None%)
2026-09-17 21:45:24  [ 58] 516150 稀土ETF嘉实  完成  日J=43.98 周J=32.07 月J=0.9 MA20=1.699 MA60=1.751 多头=0 价=1.64 涨=-1.74%  PE=27.39(21.42%) PB=None(None%)
2026-09-17 21:45:24  [ 62] 159967 创业板成长ETF华夏  完成  日J=54.73 周J=43.77 月J=24.62 MA20=0.772 MA60=0.828 多头=0 价=0.77 涨=-0.77%  PE=None(None%) PB=None(None%)
2026-09-17 21:45:24  [ 61] 561980 半导体设备ETF招商  完成  日J=101.14 周J=18.32 月J=42.39 MA20=0.669 MA60=0.733 多头=0 价=0.68 涨=-0.44%  PE=122.08(89.29%) PB=None(None%)
2026-09-17 21:45:24  [ 60] 512950 央企改革ETF华夏  完成  日J=39.13 周J=52.11 月J=20.39 MA20=1.501 MA60=1.513 多头=0 价=1.49 涨=-0.2%  PE=15.67(81.39%) PB=None(None%)
2026-09-17 21:45:24  [ 59] 159851 金融科技ETF华宝  完成  日J=4.89 周J=37.3 月J=0.65 MA20=0.621 MA60=0.617 多头=1 价=0.59 涨=-1.34%  PE=30.28(3.89%) PB=None(None%)
2026-09-17 21:45:25  [ 63] 563300 中证2000ETF华泰柏瑞  完成  日J=54.15 周J=89.7 月J=36.9 MA20=1.43 MA60=1.421 多头=1 价=1.43 涨=0.07%  PE=None(None%) PB=None(None%)
2026-09-17 21:45:25  全部完成，结果已写入 /home/runner/work/daily-stock-metrics/daily-stock-metrics/output_etf/2026-09-17/metrics_2026-09-17.csv
2026-09-17 21:45:25  步骤2完成 -> /home/runner/work/daily-stock-metrics/daily-stock-metrics/output_etf/2026-09-17/metrics_2026-09-17.csv
2026-09-17 21:45:25  步骤3: 生成 HTML 总结报告...
2026-09-17 21:45:25  步骤3完成 -> /home/runner/work/daily-stock-metrics/daily-stock-metrics/output_etf/2026-09-17/report_2026-09-17.html
2026-09-17 21:45:25  步骤4: 发送邮件报告...
2026-09-17 21:45:28  步骤4完成: 邮件已发送
2026-09-17 21:45:28  ===== 全部完成 2026-09-17 =====
2026-09-17 22:11:44  今日(2026-09-17)已完成，跳过。结果目录: /home/runner/work/daily-stock-metrics/daily-stock-metrics/output_etf/2026-09-17
