2026-08-18 19:31:42  ===== 开始每日港股通指标任务 2026-08-18 =====
2026-08-18 19:31:42  步骤1: 获取港股通总市值前100标的...
获取港股通标的列表(共取市值前 100 只)...
接口返回 100 只港股通标的
2026-08-18 19:31:42  步骤1完成 -> C:\Users\hailo\Desktop\每周自动指标\output_hk\2026-08-18\hk_list_2026-08-18.csv
2026-08-18 19:31:42  步骤2: 计算 KDJ-J(日/周/月)...
2026-08-18 19:31:45  [  1] 00700 腾讯控股  完成  日J=-4.09 周J=44.17 月J=4.23 价=442.4 涨=-0.9%  PE=15.09(None%) PB=3.08(None%)
2026-08-18 19:31:46  [  2] 03750 宁德时代  完成  日J=34.3 周J=36.3 月J=54.89 价=650.5 涨=-0.23%  PE=31.24(None%) PB=6.89(None%)
2026-08-18 19:31:48  [  3] 00005 汇丰控股  完成  日J=71.63 周J=63.81 月J=92.66 价=162.1 涨=-0.86%  PE=14.77(None%) PB=2.05(None%)
2026-08-18 19:31:49  [  4] 01398 工商银行  完成  日J=84.91 周J=76.61 月J=76.08 价=7.28 涨=0.76%  PE=6.24(None%) PB=0.58(None%)
2026-08-18 19:31:50  [  5] 09988 阿里巴巴-W  完成  日J=43.38 周J=105.46 月J=29.55 价=126.7 涨=3.68%  PE=20.71(None%) PB=2.0(None%)
2026-08-18 19:31:52  [  6] 00939 建设银行  完成  日J=85.5 周J=80.82 月J=81.05 价=8.96 涨=0.67%  PE=6.13(None%) PB=0.58(None%)
2026-08-18 19:31:53  [  7] 01288 农业银行  完成  日J=91.84 周J=71.2 月J=71.46 价=6.09 涨=3.22%  PE=6.47(None%) PB=0.67(None%)
2026-08-18 19:31:54  [  8] 00857 中国石油股份  完成  日J=76.83 周J=82.11 月J=30.78 价=9.8 涨=2.51%  PE=10.11(None%) PB=0.98(None%)
2026-08-18 19:31:55  [  9] 00941 中国移动  完成  日J=34.06 周J=81.89 月J=50.35 价=82.1 涨=-0.36%  PE=11.85(None%) PB=1.06(None%)
2026-08-18 19:31:57  [ 10] 03988 中国银行  完成  日J=84.01 周J=69.71 月J=81.42 价=5.32 涨=0.28%  PE=6.25(None%) PB=0.55(None%)
2026-08-18 19:31:58  [ 11] 03968 招商银行  完成  日J=19.2 周J=67.0 月J=47.69 价=48.0 涨=0.38%  PE=7.17(None%) PB=0.94(None%)
2026-08-18 19:31:59  [ 12] 00883 中国海洋石油  完成  日J=91.87 周J=104.55 月J=23.51 价=24.42 涨=2.09%  PE=8.3(None%) PB=1.22(None%)
2026-08-18 19:32:00  [ 13] 02318 中国平安  完成  日J=-1.79 周J=59.61 月J=3.17 价=53.9 涨=-1.64%  PE=6.58(None%) PB=0.85(None%)
2026-08-18 19:32:02  [ 14] 01088 中国神华  完成  日J=54.0 周J=84.34 月J=34.21 价=43.64 涨=0.88%  PE=16.04(None%) PB=1.69(None%)
2026-08-18 19:32:03  [ 15] 02899 紫金矿业  完成  日J=33.28 周J=94.66 月J=22.05 价=35.5 涨=-1.17%  PE=13.67(None%) PB=4.22(None%)
2026-08-18 19:32:04  [ 16] 01211 比亚迪股份  完成  日J=34.94 周J=85.83 月J=50.88 价=90.0 涨=-0.06%  PE=26.62(None%) PB=3.12(None%)
2026-08-18 19:32:06  [ 17] 02628 中国人寿  完成  日J=7.08 周J=9.92 月J=17.24 价=26.88 涨=-3.93%  PE=4.71(None%) PB=1.12(None%)
2026-08-18 19:32:07  [ 18] 01299 友邦保险  完成  日J=36.93 周J=27.31 月J=4.66 价=72.55 涨=-1.16%  PE=15.47(None%) PB=2.27(None%)
2026-08-18 19:32:08  [ 19] 00300 美的集团  完成  日J=26.65 周J=91.81 月J=84.41 价=96.25 涨=0.79%  PE=14.82(None%) PB=2.78(None%)
2026-08-18 19:32:09  [ 20] 01810 小米集团-W  完成  日J=24.48 周J=50.73 月J=20.66 价=26.18 涨=1.16%  PE=18.03(None%) PB=2.17(None%)
2026-08-18 19:32:10  [ 21] 00981 中芯国际  完成  日J=100.87 周J=36.61 月J=55.49 价=75.85 涨=0.93%  PE=79.95(None%) PB=3.29(None%)
2026-08-18 19:32:12  [ 22] 03328 交通银行  完成  日J=77.84 周J=73.35 月J=73.49 价=7.34 涨=0.62%  PE=6.01(None%) PB=0.49(None%)
2026-08-18 19:32:13  [ 23] 09999 网易  完成  日J=4.75 周J=33.08 月J=44.7 价=193.8 涨=-0.21%  PE=16.23(None%) PB=3.31(None%)
2026-08-18 19:32:14  [ 24] 02359 药明康德  完成  日J=91.69 周J=103.99 月J=99.83 价=205.2 涨=0.88%  PE=24.4(None%) PB=6.34(None%)
2026-08-18 19:32:15  [ 25] 01658 邮储银行  完成  日J=43.42 周J=52.38 月J=29.62 价=4.82 涨=0.1%  PE=5.87(None%) PB=0.5(None%)
2026-08-18 19:32:17  [ 26] 02388 中银香港  完成  日J=64.22 周J=83.77 月J=82.95 价=50.0 涨=-0.79%  PE=13.18(None%) PB=1.47(None%)
2026-08-18 19:32:18  [ 27] 03690 美团-W  完成  日J=-4.92 周J=82.19 月J=60.63 价=85.55 涨=-2.4%  PE=-11.88(None%) PB=3.11(None%)
2026-08-18 19:32:19  [ 28] 00386 中国石油化工股份  完成  日J=51.12 周J=77.97 月J=5.31 价=4.31 涨=0.47%  PE=12.76(None%) PB=0.55(None%)
2026-08-18 19:32:20  [ 29] 02888 渣打集团  完成  日J=82.37 周J=87.58 月J=98.38 价=235.8 涨=-0.92%  PE=12.21(None%) PB=1.42(None%)
2026-08-18 19:32:22  [ 30] 00388 香港交易所  完成  日J=13.39 周J=96.28 月J=44.05 价=405.0 涨=-0.3%  PE=27.22(None%) PB=9.31(None%)
2026-08-18 19:32:23  [ 31] 02513 智谱  完成  日J=21.19 周J=2.3 月J=24.08 价=1043.0 涨=-13.3%  PE=-93.36(None%) PB=-4.69(None%)
2026-08-18 19:32:24  [ 32] 02475 立讯精密  完成  日J=53.67 周J=67.54 月J=None 价=61.6 涨=-2.84%  PE=24.79(None%) PB=4.49(None%)
2026-08-18 19:32:25  [ 33] 09633 农夫山泉  完成  日J=19.11 周J=53.44 月J=7.25 价=42.16 涨=-0.85%  PE=26.99(None%) PB=10.85(None%)
2026-08-18 19:32:27  [ 34] 00728 中国电信  完成  日J=65.06 周J=77.0 月J=20.55 价=4.67 涨=-0.21%  PE=12.05(None%) PB=0.81(None%)
2026-08-18 19:32:28  [ 35] 00998 中信银行  完成  日J=85.0 周J=83.19 月J=39.42 价=7.51 涨=0.74%  PE=5.24(None%) PB=0.5(None%)
2026-08-18 19:32:29  [ 36] 06030 中信证券  完成  日J=17.04 周J=9.46 月J=41.48 价=26.5 涨=-0.9%  PE=10.98(None%) PB=1.19(None%)
2026-08-18 19:32:31  [ 37] 00992 联想集团  完成  日J=58.02 周J=77.42 月J=95.85 价=31.34 涨=-5.09%  PE=62.26(None%) PB=6.87(None%)
2026-08-18 19:32:32  [ 38] 02259 紫金黄金国际  完成  日J=46.46 周J=99.95 月J=9.37 价=137.8 涨=2.0%  PE=18.67(None%) PB=5.04(None%)
2026-08-18 19:32:33  [ 39] 03993 洛阳钼业  完成  日J=-2.85 周J=59.29 月J=6.76 价=17.09 涨=-3.12%  PE=13.53(None%) PB=3.63(None%)
2026-08-18 19:32:34  [ 40] 03986 兆易创新  完成  日J=77.91 周J=0.09 月J=22.29 价=517.5 涨=-6.59%  PE=112.59(None%) PB=12.68(None%)
2026-08-18 19:32:35  [ 41] 01276 恒瑞医药  完成  日J=16.61 周J=23.85 月J=3.13 价=54.25 涨=1.02%  PE=39.61(None%) PB=5.0(None%)
2026-08-18 19:32:37  [ 42] 06809 澜起科技  完成  日J=85.27 周J=9.92 月J=42.17 价=290.8 涨=-6.5%  PE=123.86(None%) PB=15.05(None%)
2026-08-18 19:32:38  [ 43] 00267 中信股份  完成  日J=89.97 周J=84.83 月J=38.01 价=12.2 涨=0.58%  PE=5.46(None%) PB=0.41(None%)
2026-08-18 19:32:39  [ 44] 06160 百济神州  完成  日J=86.67 周J=104.94 月J=78.74 价=220.8 涨=3.18%  PE=66.46(None%) PB=10.02(None%)
2026-08-18 19:32:41  [ 45] 00016 新鸿基地产  完成  日J=64.51 周J=45.84 月J=34.63 价=117.3 涨=0.09%  PE=15.45(None%) PB=0.55(None%)
2026-08-18 19:32:42  [ 46] 02328 中国财险  完成  日J=8.18 周J=56.9 月J=33.72 价=15.25 涨=-1.23%  PE=8.04(None%) PB=1.02(None%)
2026-08-18 19:32:43  [ 47] 02338 潍柴动力  完成  日J=38.93 周J=51.83 月J=58.08 价=35.3 涨=-1.12%  PE=24.09(None%) PB=2.85(None%)
2026-08-18 19:32:44  [ 48] 02378 保诚  完成  日J=58.24 周J=41.26 月J=31.92 价=109.2 涨=-0.91%  PE=8.82(None%) PB=1.78(None%)
2026-08-18 19:32:46  [ 49] 02601 中国太保  完成  日J=11.38 周J=40.8 月J=-0.79 价=28.2 涨=-1.88%  PE=4.51(None%) PB=0.75(None%)
2026-08-18 19:32:47  [ 50] 00001 长和  完成  日J=42.1 周J=69.16 月J=85.74 价=70.4 涨=0.43%  PE=7.14(None%) PB=0.47(None%)
2026-08-18 19:32:48  [ 51] 00669 创科实业  完成  日J=32.24 周J=79.61 月J=95.89 价=141.3 涨=-0.49%  PE=25.36(None%) PB=4.42(None%)
2026-08-18 19:32:50  [ 52] 01919 中远海控  完成  日J=108.0 周J=111.38 月J=89.89 价=16.7 涨=1.58%  PE=9.06(None%) PB=0.96(None%)
2026-08-18 19:32:51  [ 53] 02611 国泰海通  完成  日J=58.14 周J=3.55 月J=23.7 价=14.42 涨=0.49%  PE=10.24(None%) PB=0.69(None%)
2026-08-18 19:32:52  [ 54] 06951 三环集团  完成  日J=74.7 周J=95.69 月J=None 价=124.9 涨=-2.12%  PE=77.51(None%) PB=9.44(None%)
2026-08-18 19:32:53  [ 55] 01109 华润置地  完成  日J=72.91 周J=81.38 月J=49.51 价=34.24 涨=0.82%  PE=8.68(None%) PB=0.76(None%)
2026-08-18 19:32:55  [ 56] 02476 胜宏科技  完成  日J=63.31 周J=28.71 月J=10.88 价=241.4 涨=-5.92%  PE=45.31(None%) PB=10.69(None%)
2026-08-18 19:32:56  [ 57] 01378 中国宏桥  完成  日J=17.25 周J=66.86 月J=-5.24 价=22.96 涨=-1.54%  PE=9.0(None%) PB=1.55(None%)
2026-08-18 19:32:57  [ 58] 01347 华虹宏力  完成  日J=20.64 周J=-9.83 月J=40.71 价=128.9 涨=-7.86%  PE=279.18(None%) PB=4.0(None%)
2026-08-18 19:32:58  [ 59] 01339 中国人民保险集团  完成  日J=0.03 周J=51.2 月J=0.2 价=5.03 涨=-1.86%  PE=4.71(None%) PB=0.61(None%)
2026-08-18 19:32:59  [ 60] 00066 港铁公司  完成  日J=62.0 周J=90.61 月J=32.6 价=32.86 涨=0.24%  PE=8.96(None%) PB=1.0(None%)
2026-08-18 19:33:01  [ 61] 02020 安踏体育  完成  日J=7.9 周J=41.59 月J=32.09 价=72.1 涨=-0.07%  PE=13.4(None%) PB=2.77(None%)
2026-08-18 19:33:02  [ 62] 02269 药明生物  完成  日J=86.81 周J=104.22 月J=85.31 价=48.58 涨=5.24%  PE=37.05(None%) PB=3.84(None%)
2026-08-18 19:33:03  [ 63] 02714 牧原股份  完成  日J=93.26 周J=111.03 月J=18.13 价=34.84 涨=4.56%  PE=18.45(None%) PB=2.06(None%)
2026-08-18 19:33:04  [ 64] 09992 泡泡玛特  完成  日J=12.89 周J=8.05 月J=0.34 价=150.1 涨=-2.21%  PE=14.13(None%) PB=8.17(None%)
2026-08-18 19:33:06  [ 65] 03692 翰森制药  完成  日J=32.32 周J=67.36 月J=11.78 价=32.88 涨=-0.18%  PE=32.42(None%) PB=5.08(None%)
2026-08-18 19:33:07  [ 66] 00002 中电控股  完成  日J=87.89 周J=102.53 月J=96.21 价=78.25 涨=-0.32%  PE=18.24(None%) PB=1.79(None%)
2026-08-18 19:33:09  [ 67] 00175 吉利汽车  完成  日J=39.55 周J=44.07 月J=26.88 价=18.26 涨=-2.2%  PE=10.38(None%) PB=1.81(None%)
2026-08-18 19:33:10  [ 68] 06690 海尔智家  完成  日J=15.16 周J=42.81 月J=13.73 价=20.82 涨=-0.19%  PE=9.31(None%) PB=1.38(None%)
2026-08-18 19:33:11  [ 69] 00762 中国联通  完成  日J=6.91 周J=27.62 月J=4.76 价=6.27 涨=-0.95%  PE=10.62(None%) PB=0.45(None%)
2026-08-18 19:33:12  [ 70] 03288 海天味业  完成  日J=31.52 周J=77.46 月J=36.14 价=32.06 涨=0.56%  PE=22.95(None%) PB=3.94(None%)
2026-08-18 19:33:14  [ 71] 06818 中国光大银行  完成  日J=6.03 周J=22.83 月J=10.11 价=2.98 涨=-0.5%  PE=4.14(None%) PB=0.31(None%)
2026-08-18 19:33:15  [ 72] 06031 三一重工  完成  日J=12.69 周J=31.6 月J=7.72 价=18.9 涨=0.75%  PE=18.4(None%) PB=1.69(None%)
2026-08-18 19:33:16  [ 73] 06936 顺丰控股  完成  日J=14.96 周J=85.04 月J=51.6 价=32.48 涨=1.12%  PE=13.4(None%) PB=1.44(None%)
2026-08-18 19:33:17  [ 74] 01024 快手-W  完成  日J=-0.02 周J=12.45 月J=-9.32 价=39.38 涨=-1.75%  PE=8.7(None%) PB=1.84(None%)
2026-08-18 19:33:18  [ 75] 01801 信达生物  完成  日J=76.24 周J=92.8 月J=74.43 价=96.65 涨=1.36%  PE=187.1(None%) PB=7.82(None%)
2026-08-18 19:33:20  [ 76] 00788 中国铁塔  完成  日J=26.19 周J=58.59 月J=8.41 价=9.32 涨=-1.32%  PE=10.8(None%) PB=0.69(None%)
2026-08-18 19:33:21  [ 77] 01038 长江基建集团  完成  日J=101.42 周J=106.18 月J=72.48 价=64.55 涨=0.39%  PE=6.46(None%) PB=1.1(None%)
2026-08-18 19:33:22  [ 78] 01113 长实集团  完成  日J=35.0 周J=50.11 月J=47.88 价=45.7 涨=-0.44%  PE=12.09(None%) PB=0.4(None%)
2026-08-18 19:33:23  [ 79] 06886 华泰证券  完成  日J=106.24 周J=52.98 月J=24.55 价=17.05 涨=0.29%  PE=7.84(None%) PB=0.76(None%)
2026-08-18 19:33:25  [ 80] 01377 鼎泰高科  完成  日J=23.21 周J=56.46 月J=None 价=360.8 涨=-2.7%  PE=219.64(None%) PB=45.01(None%)
2026-08-18 19:33:26  [ 81] 00027 银河娱乐  完成  日J=85.51 周J=108.04 月J=24.83 价=34.88 涨=0.98%  PE=14.26(None%) PB=1.81(None%)
2026-08-18 19:33:27  [ 82] 00688 中国海外发展  完成  日J=81.61 周J=77.28 月J=42.17 价=13.89 涨=3.5%  PE=10.82(None%) PB=0.35(None%)
2026-08-18 19:33:28  [ 83] 02423 贝壳-W  完成  日J=14.26 周J=84.33 月J=51.6 价=43.98 涨=-0.54%  PE=39.67(None%) PB=2.13(None%)
2026-08-18 19:33:30  [ 84] 01898 中煤能源  完成  日J=85.66 周J=93.63 月J=8.53 价=11.28 涨=1.9%  PE=9.29(None%) PB=0.81(None%)
2026-08-18 19:33:31  [ 85] 09973 奇瑞汽车  完成  日J=29.76 周J=60.29 月J=21.61 价=25.62 涨=-1.08%  PE=7.18(None%) PB=2.38(None%)
2026-08-18 19:33:32  [ 86] 03606 福耀玻璃  完成  日J=52.76 周J=84.13 月J=36.13 价=56.75 涨=0.27%  PE=15.41(None%) PB=3.37(None%)
2026-08-18 19:33:33  [ 87] 01988 民生银行  完成  日J=18.97 周J=57.86 月J=21.46 价=3.37 涨=-0.74%  PE=4.46(None%) PB=0.23(None%)
2026-08-18 19:33:35  [ 88] 01766 中国中车  完成  日J=31.68 周J=68.08 月J=23.06 价=5.01 涨=-0.2%  PE=9.52(None%) PB=0.72(None%)
2026-08-18 19:33:36  [ 89] 02600 中国铝业  完成  日J=20.17 周J=56.05 月J=-8.72 价=8.35 涨=-2.51%  PE=8.7(None%) PB=1.57(None%)
2026-08-18 19:33:37  [ 90] 01336 新华保险  完成  日J=4.66 周J=25.21 月J=-4.15 价=45.08 涨=-2.68%  PE=3.42(None%) PB=1.0(None%)
2026-08-18 19:33:38  [ 91] 01816 中广核电力  完成  日J=-3.06 周J=53.11 月J=-0.79 价=2.77 涨=-0.54%  PE=13.17(None%) PB=0.98(None%)
2026-08-18 19:33:40  [ 92] 02057 中通快递-W  完成  日J=26.99 周J=52.02 月J=52.61 价=182.8 涨=1.44%  PE=13.56(None%) PB=2.0(None%)
2026-08-18 19:33:41  [ 93] 01972 太古地产  完成  日J=88.31 周J=109.57 月J=41.19 价=24.16 涨=-0.41%  PE=42.15(None%) PB=0.51(None%)
2026-08-18 19:33:42  [ 94] 01776 广发证券  完成  日J=58.45 周J=44.65 月J=49.17 价=17.41 涨=0.52%  PE=7.78(None%) PB=0.87(None%)
2026-08-18 19:33:44  [ 95] 00012 恒基地产  完成  日J=35.77 周J=69.23 月J=8.72 价=27.18 涨=0.44%  PE=23.28(None%) PB=0.41(None%)
2026-08-18 19:33:45  [ 96] 06990 科伦博泰生物  完成  日J=82.19 周J=94.64 月J=84.59 价=542.5 涨=3.83%  PE=708.5(None%) PB=20.59(None%)
2026-08-18 19:33:46  [ 97] 00006 电能实业  完成  日J=109.9 周J=110.58 月J=52.22 价=60.65 涨=0.5%  PE=7.22(None%) PB=1.25(None%)
2026-08-18 19:33:47  [ 98] 06099 招商证券  完成  日J=10.24 周J=1.79 月J=39.96 价=14.74 涨=-2.06%  PE=8.62(None%) PB=0.91(None%)
2026-08-18 19:33:49  [ 99] 01171 兖矿能源  完成  日J=62.62 周J=85.47 月J=23.41 价=12.64 涨=1.69%  PE=11.64(None%) PB=1.46(None%)
2026-08-18 19:33:50  [100] 06613 蓝思科技  完成  日J=102.54 周J=25.07 月J=44.82 价=24.0 涨=1.95%  PE=33.22(None%) PB=2.05(None%)
2026-08-18 19:33:50  全部完成，结果已写入 C:\Users\hailo\Desktop\每周自动指标\output_hk\2026-08-18\metrics_2026-08-18.csv
2026-08-18 19:33:50  步骤2完成 -> C:\Users\hailo\Desktop\每周自动指标\output_hk\2026-08-18\metrics_2026-08-18.csv
2026-08-18 19:33:50  步骤3: 生成 HTML 总结报告...
2026-08-18 19:33:50  步骤3完成 -> C:\Users\hailo\Desktop\每周自动指标\output_hk\2026-08-18\report_2026-08-18.html
2026-08-18 19:33:50  步骤4: 发送邮件报告...
2026-08-18 19:33:53  步骤4完成: 邮件已发送
2026-08-18 19:33:53  ===== 全部完成 2026-08-18 =====
2026-08-18 19:38:26  今日(2026-08-18)已完成，跳过。结果目录: C:\Users\hailo\Desktop\每周自动指标\output_hk\2026-08-18
2026-08-18 19:38:41  今日(2026-08-18)已完成，跳过。结果目录: C:\Users\hailo\Desktop\每周自动指标\output_hk\2026-08-18
2026-08-18 20:02:17  今日(2026-08-18)已完成，跳过。结果目录: C:\Users\hailo\Desktop\每周自动指标\output_hk\2026-08-18
2026-08-18 20:02:26  今日(2026-08-18)已完成，跳过。结果目录: C:\Users\hailo\Desktop\每周自动指标\output_hk\2026-08-18
