2026-09-18 21:07:09  ===== 开始每日ETF指标任务 2026-09-18 =====
2026-09-18 21:07:09  步骤1: 获取场内规模前100的ETF...
[  1] 510300 沪深300ETF华泰柏瑞  规模=1085.98亿  跟踪=沪深300指数  主题=沪深300
[  2] 588000 科创50ETF华夏  规模=969.54亿  跟踪=上证科创板50成份指数  主题=科创板
[  3] 159915 创业板ETF易方达  规模=678.05亿  跟踪=创业板指数(价格)  主题=创业板
[  4] 512880 证券ETF国泰  规模=601.18亿  跟踪=中证全指证券公司指数  主题=证券
[  5] 588200 科创芯片ETF嘉实  规模=508.06亿  跟踪=上证科创板芯片指数  主题=半导体
[  6] 510310 沪深300ETF易方达  规模=504.71亿  跟踪=沪深300指数  主题=沪深300
[  7] 159516 半导体设备ETF国泰  规模=446.69亿  跟踪=中证半导体材料设备主题指数  主题=半导体
[  8] 510500 中证500ETF南方  规模=445.54亿  跟踪=中证500指数  主题=中证500
[  9] 515880 通信ETF国泰  规模=445.43亿  跟踪=中证全指通信设备指数  主题=通信
[ 10] 588080 科创50ETF易方达  规模=441.09亿  跟踪=上证科创板50成份指数  主题=科创板
[ 11] 588170 科创半导体ETF华夏  规模=436.15亿  跟踪=上证科创板半导体材料设备主题指数  主题=半导体
[ 12] 510330 沪深300ETF华夏  规模=397.09亿  跟踪=沪深300指数  主题=沪深300
[ 13] 563360 A500ETF华泰柏瑞  规模=391.96亿  跟踪=中证A500指数  主题=中证A500
[ 14] 512000 券商ETF华宝  规模=363.76亿  跟踪=中证全指证券公司指数  主题=证券
[ 15] 159352 A500ETF南方  规模=331.08亿  跟踪=中证A500指数  主题=中证A500
[ 16] 512890 红利低波ETF华泰柏瑞  规模=309.19亿  跟踪=中证红利低波动指数  主题=红利
[ 17] 159919 沪深300ETF嘉实  规模=303.15亿  跟踪=沪深300指数  主题=沪深300
[ 18] 159995 芯片ETF华夏  规模=278.97亿  跟踪=国证半导体芯片指数  主题=半导体
[ 19] 159361 A500ETF易方达  规模=273.18亿  跟踪=中证A500指数  主题=中证A500
[ 20] 159338 中证A500ETF国泰  规模=253.23亿  跟踪=中证A500指数  主题=中证A500
[ 21] 159949 创业板50ETF华安  规模=253.12亿  跟踪=创业板50指数  主题=创业板
[ 22] 512400 有色金属ETF南方  规模=246.3亿  跟踪=有色金属  主题=有色金属
[ 23] 512170 医疗ETF华宝  规模=242.51亿  跟踪=中证医疗指数  主题=医药
[ 24] 510050 上证50ETF华夏  规模=231.76亿  跟踪=上证50指数  主题=上证50
[ 25] 159819 人工智能ETF易方达  规模=212.77亿  跟踪=中证人工智能主题指数  主题=人工智能
[ 26] 159558 半导体设备ETF易方达  规模=212.01亿  跟踪=中证半导体材料设备主题指数  主题=半导体
[ 27] 512480 半导体ETF国联安  规模=206.76亿  跟踪=中证全指半导体产品与设备指数  主题=半导体
[ 28] 515450 红利低波50ETF南方  规模=200.86亿  跟踪=标普中国A股大盘红利低波50指数  主题=红利
[ 29] 512100 中证1000ETF南方  规模=199.98亿  跟踪=中证1000指数  主题=中证1000
[ 30] 515050 通信ETF华夏  规模=191.67亿  跟踪=中证5G通信主题指数  主题=通信
[ 31] 512050 A500ETF华夏  规模=190.93亿  跟踪=中证A500指数  主题=中证A500
[ 32] 510880 红利ETF华泰柏瑞  规模=188.86亿  跟踪=上证红利指数  主题=红利
[ 33] 159326 电网设备ETF华夏  规模=188.05亿  跟踪=中证电网设备主题指数  主题=其他
[ 34] 515180 红利ETF易方达  规模=177.71亿  跟踪=中证红利指数  主题=红利
[ 35] 562500 机器人ETF华夏  规模=172.96亿  跟踪=中证机器人指数  主题=机器人
[ 36] 510180 上证180ETF华安  规模=172.85亿  跟踪=上证180指数  主题=上证180
[ 37] 159781 科创创业ETF易方达  规模=169.61亿  跟踪=中证科创创业50指数  主题=科创板
[ 38] 159992 创新药ETF银华  规模=163.14亿  跟踪=中证创新药产业指数  主题=医药
[ 39] 159530 机器人ETF易方达  规模=162.52亿  跟踪=国证机器人产业指数  主题=机器人
[ 40] 159201 自由现金流ETF华夏  规模=153.72亿  跟踪=国证自由现金流指数  主题=货币市场
[ 41] 159928 消费ETF汇添富  规模=149.7亿  跟踪=中证主要消费指数  主题=消费
[ 42] 510210 上证指数ETF富国  规模=149.08亿  跟踪=上证综合指数  主题=其他
[ 43] 512010 医药ETF易方达  规模=148.57亿  跟踪=沪深300医药卫生指数  主题=医药
[ 44] 517520 黄金股ETF永赢  规模=143.22亿  跟踪=中证沪深港黄金产业股票指数  主题=黄金
[ 45] 512690 酒ETF鹏华  规模=132.34亿  跟踪=中证酒指数  主题=白酒
[ 46] 512070 证券保险ETF易方达  规模=129.91亿  跟踪=沪深300非银行金融指数  主题=证券
[ 47] 560780 半导体设备ETF广发  规模=128.69亿  跟踪=中证半导体材料设备主题指数  主题=半导体
[ 48] 159206 卫星ETF永赢  规模=128.17亿  跟踪=国证商用卫星通信产业指数  主题=通信
[ 49] 159870 化工ETF鹏华  规模=125.94亿  跟踪=细分化工  主题=化工
[ 50] 563020 红利低波ETF易方达  规模=120.57亿  跟踪=中证红利低波动指数  主题=红利
[ 51] 159841 证券ETF天弘  规模=118.33亿  跟踪=中证全指证券公司指数  主题=证券
[ 52] 588710 科创半导体设备ETF华泰柏瑞  规模=115.93亿  跟踪=上证科创板半导体材料设备主题指数  主题=半导体
[ 53] 159952 创业板ETF广发  规模=115.27亿  跟踪=创业板指数(价格)  主题=创业板
[ 54] 588050 科创50ETF工银  规模=114.33亿  跟踪=上证科创板50成份指数  主题=科创板
[ 55] 513630 XD港股低波红利ETF摩根  规模=113.38亿  跟踪=标普港股通低波红利指数  主题=红利
[ 56] 512760 芯片ETF国泰  规模=109.44亿  跟踪=中华交易服务半导体芯片行业人民币指数  主题=半导体
[ 57] 515120 创新药ETF广发  规模=109.31亿  跟踪=中证创新药产业指数  主题=医药
[ 58] 515080 中证红利ETF招商  规模=109.3亿  跟踪=中证红利指数  主题=红利
[ 59] 563800 A500ETF广发  规模=107.63亿  跟踪=中证A500指数  主题=中证A500
[ 60] 515220 煤炭ETF国泰  规模=99.47亿  跟踪=中证煤炭指数  主题=煤炭
[ 61] 512800 银行ETF华宝  规模=98.22亿  跟踪=中证银行指数  主题=银行
[ 62] 159259 成长ETF易方达  规模=95.59亿  跟踪=国证成长100指数  主题=成长
[ 63] 159852 软件ETF嘉实  规模=94.34亿  跟踪=中证软件服务指数  主题=计算机
[ 64] 516650 有色金属ETF华夏  规模=93.62亿  跟踪=细分有色  主题=有色金属
[ 65] 159611 电力ETF广发  规模=93.37亿  跟踪=中证全指电力公用事业指数  主题=电力
[ 66] 159842 券商ETF银华  规模=90.27亿  跟踪=中证全指证券公司指数  主题=证券
[ 67] 562590 半导体设备ETF华夏  规模=89.85亿  跟踪=中证半导体材料设备主题指数  主题=半导体
[ 68] 159922 中证500ETF嘉实  规模=89.05亿  跟踪=中证500指数  主题=中证500
[ 69] 159351 A500ETF嘉实  规模=86.14亿  跟踪=中证A500指数  主题=中证A500
[ 70] 159263 价值ETF易方达  规模=85.3亿  跟踪=国证价值100指数  主题=价值
[ 71] 515070 人工智能ETF华夏  规模=84.47亿  跟踪=中证人工智能主题指数  主题=人工智能
[ 72] 159869 游戏ETF华夏  规模=82.88亿  跟踪=中证动漫游戏指数  主题=传媒
[ 73] 560860 工业有色ETF万家  规模=82.65亿  跟踪=中证工业有色金属主题指数  主题=有色金属
[ 74] 588060 科创50ETF广发  规模=82.04亿  跟踪=上证科创板50成份指数  主题=科创板
[ 75] 512500 中证500ETF华夏  规模=81.16亿  跟踪=中证500指数  主题=中证500
[ 76] 515330 沪深300ETF天弘  规模=81.05亿  跟踪=沪深300指数  主题=沪深300
[ 77] 159845 中证1000ETF华夏  规模=79.82亿  跟踪=中证1000指数  主题=中证1000
[ 78] 512660 军工ETF国泰  规模=78.47亿  跟踪=中证军工指数  主题=军工
[ 79] 563220 A500ETF富国  规模=78.34亿  跟踪=中证A500指数  主题=中证A500
[ 80] 512900 证券ETF南方  规模=77.57亿  跟踪=中证全指证券公司指数  主题=证券
[ 81] 159363 创业板人工智能ETF华宝  规模=73.42亿  跟踪=创业板人工智能指数  主题=人工智能
[ 82] 588750 科创芯片ETF汇添富  规模=70.51亿  跟踪=上证科创板芯片指数  主题=半导体
[ 83] 512710 军工龙头ETF富国  规模=70.47亿  跟踪=中证军工龙头指数  主题=军工
[ 84] 159977 创业板ETF天弘  规模=68.85亿  跟踪=创业板指数(价格)  主题=创业板
[ 85] 159307 红利低波100ETF博时  规模=68.33亿  跟踪=中证红利低波动100指数  主题=红利
[ 86] 159755 电池ETF广发  规模=68.21亿  跟踪=国证新能源车电池指数  主题=新能源
[ 87] 588220 科创100ETF鹏华  规模=66.52亿  跟踪=上证科创板100指数  主题=科创板
[ 88] 159813 半导体ETF鹏华  规模=66.1亿  跟踪=国证半导体芯片指数  主题=半导体
[ 89] 159157 有色金属ETF天弘  规模=65.54亿  跟踪=中证工业有色金属主题指数  主题=有色金属
[ 90] 515980 人工智能ETF华富  规模=65.08亿  跟踪=中证人工智能产业指数  主题=人工智能
[ 91] 159865 养殖ETF国泰  规模=64.7亿  跟踪=中证畜牧养殖指数  主题=农业
[ 92] 159851 金融科技ETF华宝  规模=63.37亿  跟踪=中证金融科技主题指数  主题=其他
[ 93] 516150 稀土ETF嘉实  规模=62.45亿  跟踪=中证稀土产业指数  主题=有色金属
[ 94] 560610 A500ETF招商  规模=61.4亿  跟踪=中证A500指数  主题=中证A500
[ 95] 512950 央企改革ETF华夏  规模=60.88亿  跟踪=中证央企结构调整指数  主题=央企国企
[ 96] 560010 中证1000ETF广发  规模=60.36亿  跟踪=中证1000指数  主题=中证1000
[ 97] 159770 机器人ETF天弘  规模=59.13亿  跟踪=中证机器人指数  主题=机器人
[ 98] 159967 创业板成长ETF华夏  规模=58.72亿  跟踪=创业板动量成长指数  主题=成长
[ 99] 561980 半导体设备ETF招商  规模=58.6亿  跟踪=中证半导体产业指数  主题=半导体
[100] 159562 黄金股ETF华夏  规模=58.58亿  跟踪=中证沪深港黄金产业股票指数  主题=黄金
2026-09-18 21:08:06  步骤1完成 -> /home/runner/work/daily-stock-metrics/daily-stock-metrics/output_etf/2026-09-18/etf_list_2026-09-18.csv
2026-09-18 21:08:06  步骤2: 计算 KDJ-J(日/周/月)...
2026-09-18 21:08:06  步骤2: 计算指标...
2026-09-18 21:08:06  观察池: 共63只(含历史追踪1只)
2026-09-18 21:08:06  待处理 63 条，并发数 8
2026-09-18 21:08:11  [  3] 159915 创业板ETF易方达  完成  日J=69.98 周J=27.32 月J=8.72 MA20=3.378 MA60=3.588 多头=0 价=3.39 涨=2.14%  PE=38.41(32.68%) PB=5.37(61.12%)
2026-09-18 21:08:12  [  2] 588000 科创50ETF华夏  完成  日J=103.52 周J=15.81 月J=30.49 MA20=1.7 MA60=1.856 多头=0 价=1.74 涨=2.59%  PE=77.51(83.2%) PB=7.9(93.81%)
2026-09-18 21:08:12  [  5] 588200 科创芯片ETF嘉实  完成  日J=103.63 周J=25.66 月J=36.09 MA20=1.136 MA60=1.247 多头=0 价=1.18 涨=3.42%  PE=108.29(76.4%) PB=None(None%)
2026-09-18 21:08:12  [  6] 159516 半导体设备ETF国泰  完成  日J=111.12 周J=44.14 月J=43.9 MA20=0.692 MA60=0.751 多头=0 价=0.73 涨=3.84%  PE=105.12(93.31%) PB=None(None%)
2026-09-18 21:08:12  [  4] 512880 证券ETF国泰  完成  日J=18.32 周J=8.96 月J=25.41 MA20=1.081 MA60=1.099 多头=0 价=1.06 涨=1.44%  PE=12.44(3.59%) PB=1.23(10.08%)
2026-09-18 21:08:12  [  8] 515880 通信ETF国泰  完成  日J=89.6 周J=85.56 月J=30.16 MA20=0.665 MA60=0.688 多头=0 价=0.7 涨=2.04%  PE=45.76(87.65%) PB=None(None%)
2026-09-18 21:08:12  [  1] 510300 沪深300ETF华泰柏瑞  完成  日J=48.8 周J=19.35 月J=15.37 MA20=4.616 MA60=4.712 多头=0 价=4.58 涨=1.06%  PE=13.42(60.1%) PB=1.41(38.28%)
2026-09-18 21:08:12  [  7] 510500 中证500ETF南方  完成  日J=89.19 周J=52.15 月J=22.88 MA20=7.765 MA60=7.948 多头=0 价=7.83 涨=1.94%  PE=26.22(65.1%) PB=2.42(78.0%)
2026-09-18 21:08:14  [ 12] 159995 芯片ETF华夏  完成  日J=99.84 周J=19.57 月J=26.09 MA20=1.118 MA60=1.246 多头=0 价=1.15 涨=3.23%  PE=None(None%) PB=None(None%)
2026-09-18 21:08:14  [ 10] 563360 A500ETF华泰柏瑞  完成  日J=55.83 周J=22.09 月J=12.06 MA20=1.269 MA60=1.302 多头=0 价=1.26 涨=1.28%  PE=15.09(48.78%) PB=None(None%)
2026-09-18 21:08:15  [ 13] 159949 创业板50ETF华安  完成  日J=59.43 周J=23.6 月J=2.53 MA20=1.579 MA60=1.69 多头=0 价=1.58 涨=2.2%  PE=None(None%) PB=None(None%)
2026-09-18 21:08:15  [ 11] 512890 红利低波ETF华泰柏瑞  完成  日J=-16.25 周J=72.22 月J=84.52 MA20=1.196 MA60=1.165 多头=1 价=1.18 涨=-0.34%  PE=7.85(70.8%) PB=0.86(59.72%)
2026-09-18 21:08:15  [ 14] 512400 有色金属ETF南方  完成  日J=11.94 周J=58.74 月J=5.74 MA20=1.811 MA60=1.765 多头=1 价=1.73 涨=1.29%  PE=14.93(78.05%) PB=None(None%)
2026-09-18 21:08:15  [  9] 588170 科创半导体ETF华夏  完成  日J=115.77 周J=46.78 月J=45.64 MA20=0.956 MA60=1.04 多头=0 价=1.02 涨=4.19%  PE=45.29(83.83%) PB=None(None%)
2026-09-18 21:08:16  [ 15] 512170 医疗ETF华宝  完成  日J=96.8 周J=42.14 月J=46.44 MA20=0.338 MA60=0.332 多头=1 价=0.34 涨=0.89%  PE=27.62(22.11%) PB=3.5(13.8%)
2026-09-18 21:08:16  [ 16] 510050 上证50ETF华夏  完成  日J=27.65 周J=20.25 月J=27.91 MA20=3.007 MA60=3.026 多头=0 价=2.98 涨=0.74%  PE=10.92(67.75%) PB=1.22(44.88%)
2026-09-18 21:08:17  [ 19] 515450 红利低波50ETF南方  完成  日J=5.79 周J=33.55 月J=66.16 MA20=1.4 MA60=1.385 多头=1 价=1.39 涨=-0.14%  PE=8.37(75.28%) PB=0.86(59.72%)
2026-09-18 21:08:17  [ 17] 159819 人工智能ETF易方达  完成  日J=86.09 周J=16.0 月J=28.91 MA20=1.72 MA60=1.853 多头=0 价=1.76 涨=2.8%  PE=45.75(52.3%) PB=None(None%)
2026-09-18 21:08:17  [ 18] 512480 半导体ETF国联安  完成  日J=106.66 周J=25.73 月J=29.79 MA20=1.004 MA60=1.11 多头=0 价=1.04 涨=3.9%  PE=69.37(54.86%) PB=None(None%)
2026-09-18 21:08:18  [ 21] 515050 通信ETF华夏  完成  日J=82.67 周J=73.71 月J=34.73 MA20=1.03 MA60=1.076 多头=0 价=1.07 涨=2.49%  PE=45.05(86.73%) PB=None(None%)
2026-09-18 21:08:18  [ 20] 512100 中证1000ETF南方  完成  日J=93.34 周J=75.77 月J=30.56 MA20=3.081 MA60=3.109 多头=0 价=3.13 涨=2.09%  PE=31.18(67.08%) PB=2.42(48.48%)
2026-09-18 21:08:18  [ 23] 159326 电网设备ETF华夏  完成  日J=79.59 周J=60.6 月J=9.62 MA20=1.655 MA60=1.7 多头=0 价=1.67 涨=1.28%  PE=11.44(61.79%) PB=None(None%)
2026-09-18 21:08:18  [ 22] 510880 红利ETF华泰柏瑞  完成  日J=-5.49 周J=61.69 月J=78.86 MA20=3.427 MA60=3.275 多头=1 价=3.34 涨=-0.21%  PE=8.66(75.93%) PB=0.85(61.64%)
2026-09-18 21:08:18  [ 24] 515180 红利ETF易方达  完成  日J=2.93 周J=52.64 月J=64.56 MA20=1.445 MA60=1.403 多头=1 价=1.41 涨=-0.07%  PE=8.41(57.93%) PB=0.84(47.52%)
2026-09-18 21:08:19  [ 27] 159781 科创创业ETF易方达  完成  日J=86.66 周J=12.27 月J=17.51 MA20=1.053 MA60=1.152 多头=0 价=1.07 涨=2.79%  PE=42.72(60.14%) PB=None(None%)
2026-09-18 21:08:20  [ 29] 159530 机器人ETF易方达  完成  日J=67.32 周J=19.13 月J=2.28 MA20=1.304 MA60=1.385 多头=0 价=1.3 涨=1.4%  PE=None(None%) PB=None(None%)
2026-09-18 21:08:20  [ 26] 510180 上证180ETF华安  完成  日J=38.07 周J=26.32 月J=20.08 MA20=3.939 MA60=3.98 多头=0 价=3.91 涨=0.85%  PE=11.51(55.71%) PB=1.21(36.76%)
2026-09-18 21:08:20  [ 25] 562500 机器人ETF华夏  完成  日J=51.93 周J=16.4 月J=1.48 MA20=0.94 MA60=0.994 多头=0 价=0.93 涨=1.97%  PE=44.89(22.12%) PB=None(None%)
2026-09-18 21:08:20  [ 28] 159992 创新药ETF银华  完成  日J=77.93 周J=4.98 月J=60.71 MA20=0.843 MA60=0.861 多头=0 价=0.83 涨=0.6%  PE=26.83(25.68%) PB=None(None%)
2026-09-18 21:08:20  [ 30] 159201 自由现金流ETF华夏  完成  日J=21.65 周J=71.74 月J=19.51 MA20=1.182 MA60=1.156 多头=1 价=1.17 涨=0.6%  PE=None(None%) PB=None(None%)
2026-09-18 21:08:22  [ 31] 159928 消费ETF汇添富  完成  日J=-0.17 周J=24.27 月J=29.69 MA20=0.666 MA60=0.662 多头=1 价=0.65 涨=0.15%  PE=19.58(18.03%) PB=3.36(1.44%)
2026-09-18 21:08:22  [ 32] 510210 上证指数ETF富国  完成  日J=57.58 周J=85.34 月J=38.66 MA20=1.004 MA60=0.998 多头=1 价=1.0 涨=1.01%  PE=14.67(67.15%) PB=None(None%)
2026-09-18 21:08:22  [ 33] 512010 医药ETF易方达  完成  日J=53.13 周J=8.4 月J=62.09 MA20=0.376 MA60=0.376 多头=0 价=0.37 涨=-0.54%  PE=22.89(2.99%) PB=None(None%)
2026-09-18 21:08:22  [ 37] 159206 卫星ETF永赢  完成  日J=96.77 周J=52.03 月J=2.0 MA20=1.348 MA60=1.419 多头=0 价=1.39 涨=2.59%  PE=None(None%) PB=None(None%)
2026-09-18 21:08:23  [ 34] 517520 黄金股ETF永赢  完成  日J=19.92 周J=70.51 月J=18.46 MA20=2.177 MA60=1.961 多头=1 价=2.08 涨=1.72%  PE=20.59(39.83%) PB=None(None%)
2026-09-18 21:08:23  [ 35] 512690 酒ETF鹏华  完成  日J=6.02 周J=17.66 月J=19.08 MA20=0.42 MA60=0.421 多头=0 价=0.41 涨=0.49%  PE=19.09(15.34%) PB=None(None%)
2026-09-18 21:08:23  [ 36] 512070 证券保险ETF易方达  完成  日J=10.62 周J=24.32 月J=12.33 MA20=0.799 MA60=0.798 多头=1 价=0.78 涨=0.91%  PE=7.25(0.11%) PB=None(None%)
2026-09-18 21:08:23  [ 38] 159870 化工ETF鹏华  完成  日J=11.0 周J=38.87 月J=6.28 MA20=0.797 MA60=0.801 多头=0 价=0.77 涨=0.92%  PE=17.07(29.15%) PB=None(None%)
2026-09-18 21:08:24  [ 39] 513630 XD港股低波红利ETF摩根  完成  日J=6.95 周J=24.47 月J=30.85 MA20=1.584 MA60=1.562 多头=1 价=1.55 涨=0.45%  PE=None(None%) PB=None(None%)
2026-09-18 21:08:24  [ 40] 512760 芯片ETF国泰  完成  日J=106.53 周J=17.63 月J=28.96 MA20=1.065 MA60=1.183 多头=0 价=1.1 涨=3.77%  PE=69.12(45.56%) PB=None(None%)
2026-09-18 21:08:25  [ 41] 515220 煤炭ETF国泰  完成  日J=4.49 周J=55.37 月J=53.98 MA20=1.304 MA60=1.227 多头=1 价=1.25 涨=-0.64%  PE=17.64(82.12%) PB=1.77(95.36%)
2026-09-18 21:08:25  [ 42] 512800 银行ETF华宝  完成  日J=11.82 周J=82.69 月J=98.04 MA20=0.838 MA60=0.807 多头=1 价=0.84 涨=0.36%  PE=7.04(84.73%) PB=0.69(44.72%)
2026-09-18 21:08:25  [ 43] 159259 成长ETF易方达  完成  日J=92.26 周J=73.53 月J=35.01 MA20=1.333 MA60=1.389 多头=0 价=1.39 涨=2.28%  PE=None(None%) PB=None(None%)
2026-09-18 21:08:25  [ 44] 159852 软件ETF嘉实  完成  日J=38.06 周J=14.36 月J=-2.7 MA20=0.667 MA60=0.684 多头=0 价=0.66 涨=2.33%  PE=58.99(55.58%) PB=None(None%)
2026-09-18 21:08:26  [ 47] 159263 价值ETF易方达  完成  日J=4.69 周J=58.12 月J=48.45 MA20=1.155 MA60=1.131 多头=1 价=1.13 涨=0.44%  PE=None(None%) PB=None(None%)
2026-09-18 21:08:26  [ 46] 159611 电力ETF广发  完成  日J=6.35 周J=33.97 月J=1.03 MA20=1.046 MA60=1.047 多头=0 价=1.04 涨=0.29%  PE=14.26(59.31%) PB=None(None%)
2026-09-18 21:08:26  [ 45] 516650 有色金属ETF华夏  完成  日J=11.31 周J=57.26 月J=2.77 MA20=1.846 MA60=1.795 多头=1 价=1.76 涨=1.27%  PE=16.33(19.12%) PB=None(None%)
2026-09-18 21:08:27  [ 51] 159363 创业板人工智能ETF华宝  完成  日J=81.36 周J=73.64 月J=35.34 MA20=1.218 MA60=1.264 多头=0 价=1.27 涨=2.92%  PE=None(None%) PB=None(None%)
2026-09-18 21:08:27  [ 49] 560860 工业有色ETF万家  完成  日J=13.01 周J=50.88 月J=5.25 MA20=1.605 MA60=1.583 多头=1 价=1.55 涨=1.51%  PE=67.7(57.83%) PB=None(None%)
2026-09-18 21:08:28  [ 52] 512710 军工龙头ETF富国  完成  日J=14.41 周J=86.59 月J=-0.82 MA20=0.631 MA60=0.629 多头=1 价=0.64 涨=1.59%  PE=None(None%) PB=None(None%)
2026-09-18 21:08:28  [ 53] 159307 红利低波100ETF博时  完成  日J=-10.16 周J=14.78 月J=50.34 MA20=1.017 MA60=1.01 多头=1 价=1.0 涨=-0.4%  PE=8.54(75.28%) PB=None(None%)
2026-09-18 21:08:28  [ 54] 159755 电池ETF广发  完成  日J=59.33 周J=13.69 月J=-12.83 MA20=0.904 MA60=0.954 多头=0 价=0.88 涨=1.39%  PE=21.09(19.32%) PB=2.98(37.88%)
2026-09-18 21:08:29  [ 55] 588220 科创100ETF鹏华  完成  日J=106.03 周J=57.46 月J=38.36 MA20=1.74 MA60=1.807 多头=0 价=1.8 涨=3.75%  PE=None(None%) PB=None(None%)
2026-09-18 21:08:30  [ 56] 515980 人工智能ETF华富  完成  日J=70.8 周J=24.91 月J=29.31 MA20=1.007 MA60=1.076 多头=0 价=1.02 涨=2.3%  PE=46.09(74.51%) PB=None(None%)
2026-09-18 21:08:30  [ 57] 159865 养殖ETF国泰  完成  日J=-5.13 周J=47.34 月J=27.36 MA20=0.549 MA60=0.535 多头=1 价=0.54 涨=0.19%  PE=21.99(49.02%) PB=None(None%)
2026-09-18 21:08:30  [ 58] 159851 金融科技ETF华宝  完成  日J=20.35 周J=45.38 月J=2.42 MA20=0.621 MA60=0.616 多头=1 价=0.6 涨=1.87%  PE=30.85(5.39%) PB=None(None%)
2026-09-18 21:08:31  [ 48] 159869 游戏ETF华夏  完成  日J=0.01 周J=59.83 月J=1.67 MA20=1.094 MA60=1.096 多头=0 价=1.08 涨=0.84%  PE=17.48(3.09%) PB=None(None%)
2026-09-18 21:08:31  [ 61] 159967 创业板成长ETF华夏  完成  日J=79.42 周J=52.59 月J=27.73 MA20=0.771 MA60=0.824 多头=0 价=0.79 涨=2.85%  PE=None(None%) PB=None(None%)
2026-09-18 21:08:31  [ 60] 512950 央企改革ETF华夏  完成  日J=70.07 周J=61.17 月J=24.84 MA20=1.501 MA60=1.512 多头=0 价=1.51 涨=0.8%  PE=15.74(82.45%) PB=None(None%)
2026-09-18 21:08:32  [ 50] 512660 军工ETF国泰  完成  日J=23.93 周J=81.33 月J=2.33 MA20=1.141 MA60=1.151 多头=0 价=1.16 涨=1.58%  PE=52.85(32.94%) PB=3.31(57.96%)
2026-09-18 21:08:32  [ 59] 516150 稀土ETF嘉实  完成  日J=60.75 周J=36.88 月J=3.05 MA20=1.694 MA60=1.745 多头=0 价=1.66 涨=1.34%  PE=27.72(22.86%) PB=None(None%)
2026-09-18 21:08:33  [ 63] 563300 中证2000ETF华泰柏瑞  完成  日J=87.0 周J=97.18 月J=41.34 MA20=1.432 MA60=1.419 多头=1 价=1.46 涨=1.96%  PE=None(None%) PB=None(None%)
2026-09-18 21:08:33  [ 62] 561980 半导体设备ETF招商  完成  日J=109.45 周J=26.83 月J=45.06 MA20=0.669 MA60=0.73 多头=0 价=0.7 涨=3.1%  PE=125.82(91.05%) PB=None(None%)
2026-09-18 21:08:33  全部完成，结果已写入 /home/runner/work/daily-stock-metrics/daily-stock-metrics/output_etf/2026-09-18/metrics_2026-09-18.csv
2026-09-18 21:08:33  步骤2完成 -> /home/runner/work/daily-stock-metrics/daily-stock-metrics/output_etf/2026-09-18/metrics_2026-09-18.csv
2026-09-18 21:08:33  步骤3: 生成 HTML 总结报告...
2026-09-18 21:08:34  步骤3完成 -> /home/runner/work/daily-stock-metrics/daily-stock-metrics/output_etf/2026-09-18/report_2026-09-18.html
2026-09-18 21:08:34  步骤4: 发送邮件报告...
2026-09-18 21:08:38  步骤4完成: 邮件已发送
2026-09-18 21:08:38  ===== 全部完成 2026-09-18 =====
2026-09-18 21:30:26  今日(2026-09-18)已完成，跳过。结果目录: /home/runner/work/daily-stock-metrics/daily-stock-metrics/output_etf/2026-09-18
