2026-08-20 17:24:13  ===== 开始每日指标任务 2026-08-20 =====
2026-08-20 17:24:13  步骤1: 获取 A股市值前100…
2026-08-20 17:24:14  步骤1完成 -> C:\Users\hailo\Desktop\每周自动指标\output\2026-08-20\top100_2026-08-20.csv
2026-08-20 17:24:14  步骤2: 计算 KDJ-J(日/周/月) 及 PE/PB 历史分位…
2026-08-20 17:24:17  [  1] 688825 长鑫科技  完成  日J=73.34 周J=None 月J=None 价=57.57 涨=0.03%  PE=136.56(89.47%) PB=47.11(89.47%)
2026-08-20 17:24:19  [  2] 601398 工商银行  完成  日J=109.23 周J=66.2 月J=76.91 价=7.78 涨=-0.26%  PE=7.47(91.98%) PB=0.7(61.19%)
2026-08-20 17:24:20  [  3] 601939 建设银行  完成  日J=110.4 周J=75.19 月J=92.58 价=10.58 涨=0.28%  PE=8.1(97.28%) PB=0.78(72.65%)
2026-08-20 17:24:22  [  4] 601288 农业银行  完成  日J=119.97 周J=78.04 月J=34.8 价=6.81 涨=0.59%  PE=8.1(92.65%) PB=0.84(84.2%)
2026-08-20 17:24:23  [  5] 600941 中国移动  完成  日J=62.53 周J=97.52 月J=56.74 价=96.7 涨=-0.48%  PE=15.91(52.54%) PB=1.48(33.63%)
2026-08-20 17:24:25  [  6] 601857 中国石油  完成  日J=86.83 周J=105.26 月J=34.79 价=10.99 涨=-1.96%  PE=12.72(56.04%) PB=1.24(90.45%)
2026-08-20 17:24:26  [  7] 601988 中国银行  完成  日J=103.28 周J=84.46 月J=94.87 价=6.05 涨=-0.49%  PE=7.95(98.81%) PB=0.71(84.49%)
2026-08-20 17:24:28  [  8] 300750 宁德时代  完成  日J=11.43 周J=76.98 月J=35.78 价=385.0 涨=-1.03%  PE=20.96(14.52%) PB=4.7(27.89%)
2026-08-20 17:24:38  [  9] 600519 贵州茅台  完成  日J=5.92 周J=90.5 月J=38.09 价=1291.5 涨=-1.25%  PE=19.83(4.87%) PB=6.43(2.63%)
2026-08-20 17:24:39  [ 10] 600938 中国海油  完成  日J=82.19 周J=106.63 月J=22.61 价=33.3 涨=-0.15%  PE=12.7(91.06%) PB=1.89(79.47%)
2026-08-20 17:24:41  [ 11] 601138 工业富联  完成  日J=-8.55 周J=44.01 月J=32.14 价=62.13 涨=0.49%  PE=26.28(86.84%) PB=7.02(90.96%)
2026-08-20 17:24:42  [ 12] 688981 中芯国际  完成  日J=20.6 周J=7.12 月J=45.0 价=125.5 涨=-1.96%  PE=212.94(90.61%) PB=7.17(93.11%)
2026-08-20 17:24:43  [ 13] 300308 中际旭创  完成  日J=43.61 周J=7.29 月J=39.98 价=904.2 涨=0.96%  PE=70.75(76.28%) PB=29.72(96.95%)
2026-08-20 17:24:50  [ 14] 601628 中国人寿  完成  日J=15.25 周J=48.11 月J=19.22 价=36.89 涨=0.14%  PE=7.2(4.01%) PB=1.74(12.08%)
2026-08-20 17:24:51  [ 15] 601088 中国神华  完成  日J=100.83 周J=101.21 月J=59.17 价=46.55 涨=0.06%  PE=19.58(99.24%) PB=2.1(97.33%)
2026-08-20 17:24:53  [ 16] 600036 招商银行  完成  日J=80.45 周J=79.3 月J=62.92 价=38.86 涨=-0.74%  PE=6.5(24.15%) PB=0.87(8.93%)
2026-08-20 17:24:54  [ 17] 601318 中国平安  完成  日J=37.75 周J=71.42 月J=7.25 价=52.14 涨=0.12%  PE=7.11(4.34%) PB=0.93(16.28%)
2026-08-20 17:24:56  [ 18] 601899 紫金矿业  完成  日J=47.19 周J=100.55 月J=29.46 价=34.25 涨=4.55%  PE=14.76(20.38%) PB=4.62(86.06%)
2026-08-20 17:24:58  [ 19] 002594 比亚迪  完成  日J=47.1 周J=76.91 月J=42.66 价=90.48 涨=2.05%  PE=29.94(28.88%) PB=3.56(30.17%)
2026-08-20 17:25:01  [ 20] 600900 长江电力  完成  日J=91.18 周J=66.46 月J=87.51 价=28.16 涨=-0.91%  PE=19.1(50.64%) PB=3.02(72.41%)
2026-08-20 17:25:03  [ 21] 000333 美的集团  完成  日J=79.65 周J=74.25 月J=84.48 价=85.38 涨=0.78%  PE=14.74(53.41%) PB=2.8(43.15%)
2026-08-20 17:25:04  [ 22] 688256 寒武纪  完成  日J=4.37 周J=-7.03 月J=40.42 价=1010.88 涨=-3.77%  PE=190.78(78.01%) PB=46.9(82.07%)
2026-08-20 17:25:06  [ 23] 601328 交通银行  完成  日J=110.93 周J=83.1 月J=78.05 价=7.11 涨=-0.56%  PE=6.52(89.79%) PB=0.54(53.41%)
2026-08-20 17:25:07  [ 24] 600028 中国石化  完成  日J=84.72 周J=87.53 月J=6.02 价=5.14 涨=-0.39%  PE=17.48(85.58%) PB=0.75(35.37%)
2026-08-20 17:25:09  [ 25] 601728 中国电信  完成  日J=96.16 周J=112.71 月J=65.42 价=6.56 涨=-1.35%  PE=18.95(77.04%) PB=1.27(68.79%)
2026-08-20 17:25:11  [ 26] 601658 邮储银行  完成  日J=92.85 周J=54.1 月J=36.71 价=4.97 涨=-0.2%  PE=6.79(58.25%) PB=0.58(6.96%)
2026-08-20 17:25:12  [ 27] 300502 新易盛  完成  日J=29.56 周J=15.62 月J=43.25 价=414.02 涨=0.61%  PE=53.75(54.37%) PB=28.33(95.23%)
2026-08-20 17:25:13  [ 28] 688041 海光信息  完成  日J=-6.53 周J=-7.27 月J=29.02 价=246.33 涨=-5.16%  PE=182.23(64.62%) PB=22.57(77.33%)
2026-08-20 17:25:15  [ 29] 002371 北方华创  完成  日J=2.67 周J=16.19 月J=52.64 价=712.55 涨=-0.06%  PE=92.73(45.58%) PB=13.16(83.44%)
2026-08-20 17:25:16  [ 30] 603259 药明康德  完成  日J=70.8 周J=99.78 月J=96.87 价=167.9 涨=2.38%  PE=23.12(34.96%) PB=6.01(53.18%)
2026-08-20 17:25:18  [ 31] 601998 中信银行  完成  日J=114.41 周J=106.6 月J=81.61 价=8.32 涨=1.96%  PE=6.5(85.54%) PB=0.62(70.98%)
2026-08-20 17:25:19  [ 32] 688235 百济神州  完成  日J=44.83 周J=92.41 月J=71.63 价=298.88 涨=3.94%  PE=107.66(91.1%) PB=13.96(87.05%)
2026-08-20 17:25:21  [ 33] 600030 中信证券  完成  日J=11.69 周J=15.09 月J=71.6 价=27.04 涨=-0.41%  PE=12.54(7.21%) PB=1.45(43.29%)
2026-08-20 17:25:23  [ 34] 002475 立讯精密  完成  日J=8.48 周J=1.13 月J=24.76 价=53.34 涨=-0.3%  PE=23.97(25.68%) PB=4.67(30.88%)
2026-08-20 17:25:27  [ 35] 688347 华虹宏力  完成  日J=-4.45 周J=-5.63 月J=42.89 价=232.68 涨=-0.14%  PE=819.47(77.48%) PB=8.94(93.35%)
2026-08-20 17:25:29  [ 36] 603993 洛阳钼业  完成  日J=0.05 周J=42.94 月J=6.64 价=18.27 涨=1.5%  PE=14.05(11.84%) PB=4.36(88.59%)
2026-08-20 17:25:31  [ 37] 601166 兴业银行  完成  日J=62.88 周J=72.27 月J=45.93 价=18.17 涨=-0.38%  PE=4.96(34.03%) PB=0.46(6.83%)
2026-08-20 17:25:33  [ 38] 002384 东山精密  完成  日J=46.62 周J=19.27 月J=55.61 价=197.67 涨=0.29%  PE=177.47(96.47%) PB=15.99(97.09%)
2026-08-20 17:25:34  [ 39] 688012 中微公司  完成  日J=19.3 周J=23.56 月J=59.89 价=365.5 涨=-1.75%  PE=82.75(46.54%) PB=11.66(72.95%)
2026-08-20 17:25:52  [ 40] 600276 恒瑞医药  完成  日J=7.11 周J=33.68 月J=21.13 价=49.5 涨=-6.0%  PE=42.52(4.11%) PB=5.1(1.0%)
2026-08-20 17:26:05  [ 41] 002415 海康威视  完成  日J=0.57 周J=50.68 月J=75.71 价=34.07 涨=0.53%  PE=19.0(7.26%) PB=3.7(19.33%)
2026-08-20 17:26:07  [ 42] 601211 国泰海通  完成  日J=15.06 周J=13.68 月J=41.13 价=17.49 涨=-2.07%  PE=9.51(3.39%) PB=0.93(24.73%)
2026-08-20 17:26:08  [ 43] 600183 生益科技  完成  日J=-7.63 周J=25.23 月J=45.74 价=126.28 涨=0.65%  PE=59.05(94.42%) PB=16.58(97.71%)
2026-08-20 17:26:10  [ 44] 601319 中国人保  完成  日J=29.34 周J=49.88 月J=5.85 价=6.92 涨=0.58%  PE=7.18(5.58%) PB=0.96(14.07%)
2026-08-20 17:26:12  [ 45] 600000 浦发银行  完成  日J=29.37 周J=72.99 月J=22.78 价=9.11 涨=0.33%  PE=5.92(65.35%) PB=0.4(27.21%)
2026-08-20 17:26:13  [ 46] 300394 天孚通信  完成  日J=78.77 周J=63.51 月J=47.22 价=276.25 涨=-0.41%  PE=129.76(96.28%) PB=48.23(98.0%)
2026-08-20 17:26:15  [ 47] 300059 东方财富  完成  日J=-2.81 周J=16.5 月J=20.34 价=18.8 涨=0.37%  PE=22.69(3.48%) PB=3.11(9.26%)
2026-08-20 17:26:16  [ 48] 601869 长飞光纤  完成  日J=36.41 周J=20.79 月J=44.32 价=358.0 涨=3.7%  PE=256.13(94.5%) PB=20.83(96.28%)
2026-08-20 17:26:17  [ 49] 601601 中国太保  完成  日J=25.23 周J=65.05 月J=3.37 价=30.17 涨=-0.1%  PE=5.38(1.0%) PB=0.91(7.06%)
2026-08-20 17:26:30  [ 50] 688802 沐曦股份-U  完成  日J=21.42 周J=5.71 月J=57.29 价=711.99 涨=-2.33%  PE=-434.4(37.2%) PB=21.75(53.66%)
2026-08-20 17:26:32  [ 51] 603986 兆易创新  完成  日J=18.88 周J=-2.72 月J=27.13 价=403.5 涨=-0.05%  PE=35.71(11.89%) PB=7.59(45.49%)
2026-08-20 17:26:33  [ 52] 000858 五 粮 液  完成  日J=-3.75 周J=57.45 月J=10.61 价=72.09 涨=0.28%  PE=22.21(28.97%) PB=2.19(0.24%)
2026-08-20 17:26:35  [ 53] 688836 C宇树-W  完成  日J=None 周J=None 月J=None  PE=475.61(50.0%) PB=96.48(50.0%)
2026-08-20 17:26:43  [ 54] 688795 摩尔线程-U  完成  日J=-0.43 周J=4.4 月J=17.36 价=546.99 涨=-0.18%  PE=-346.77(33.14%) PB=21.11(1.74%)
2026-08-20 17:26:45  [ 55] 601919 中远海控  完成  日J=106.04 周J=107.19 月J=83.24 价=16.64 涨=0.54%  PE=10.14(61.48%) PB=1.08(42.53%)
2026-08-20 17:26:46  [ 56] 300476 胜宏科技  完成  日J=6.23 周J=44.87 月J=15.51 价=253.45 涨=3.29%  PE=53.23(85.16%) PB=14.31(89.98%)
2026-08-20 17:26:48  [ 57] 600150 中国船舶  完成  日J=-6.68 周J=24.3 月J=24.76 价=32.99 涨=-0.45%  PE=21.96(25.63%) PB=1.66(18.38%)
2026-08-20 17:26:49  [ 58] 601225 陕西煤业  完成  日J=51.37 周J=98.81 月J=68.67 价=25.55 涨=-0.16%  PE=15.32(98.71%) PB=2.43(86.78%)
2026-08-20 17:26:51  [ 59] 000338 潍柴动力  完成  日J=-7.14 周J=73.01 月J=59.03 价=28.3 涨=-0.28%  PE=21.63(94.75%) PB=2.56(87.11%)
2026-08-20 17:26:52  [ 60] 688008 澜起科技  完成  日J=3.57 周J=3.57 月J=39.92 价=199.11 涨=-0.44%  PE=95.02(69.11%) PB=11.66(75.22%)
2026-08-20 17:26:53  [ 61] 601816 京沪高铁  完成  日J=51.05 周J=91.21 月J=83.54 价=4.96 涨=0.2%  PE=18.18(3.13%) PB=1.15(4.26%)
2026-08-20 17:26:55  [ 62] 688820 盛合晶微  完成  日J=17.73 周J=3.27 月J=21.42 价=127.98 涨=-9.23%  PE=254.98(23.81%) PB=12.36(13.1%)
2026-08-20 17:26:56  [ 63] 688808 联讯仪器  完成  日J=52.67 周J=58.37 月J=61.16 价=2314.01 涨=4.19%  PE=869.51(88.89%) PB=231.53(88.89%)
2026-08-20 17:26:57  [ 64] 600309 万华化学  完成  日J=25.39 周J=82.27 月J=21.73 价=75.16 涨=1.72%  PE=17.88(64.15%) PB=2.11(10.26%)
2026-08-20 17:27:02  [ 65] 002916 深南电路  完成  日J=-6.78 周J=26.62 月J=48.24 价=345.0 涨=0.31%  PE=64.66(95.32%) PB=12.99(91.07%)
2026-08-20 17:27:04  [ 66] 000651 格力电器  完成  日J=103.36 周J=82.86 月J=98.26 价=41.42 涨=0.24%  PE=7.95(37.09%) PB=1.53(6.49%)
2026-08-20 17:27:05  [ 67] 300274 阳光电源  完成  日J=14.07 周J=17.6 月J=-1.95 价=110.89 涨=-0.54%  PE=19.28(37.33%) PB=4.72(45.68%)
2026-08-20 17:27:07  [ 68] 002714 牧原股份  完成  日J=45.26 周J=94.1 月J=32.65 价=39.82 涨=2.52%  PE=23.5(69.45%) PB=2.66(2.72%)
2026-08-20 17:27:13  [ 69] 002379 宏桥控股  完成  日J=-4.52 周J=69.37 月J=3.31 价=17.6 涨=-5.12%  PE=11.64(70.93%) PB=4.39(81.48%)
2026-08-20 17:27:15  [ 70] 002142 宁波银行  完成  日J=106.93 周J=105.6 月J=91.46 价=34.18 涨=3.64%  PE=7.25(34.8%) PB=0.93(30.55%)
2026-08-20 17:27:16  [ 71] 300408 三环集团  完成  日J=-10.28 周J=24.25 月J=52.08 价=111.51 涨=1.74%  PE=77.4(97.76%) PB=9.94(97.76%)
2026-08-20 17:27:18  [ 72] 600919 江苏银行  完成  日J=101.83 周J=105.38 月J=108.19 价=12.1 涨=1.26%  PE=6.14(82.72%) PB=0.82(90.36%)
2026-08-20 17:27:19  [ 73] 000001 平安银行  完成  日J=90.79 周J=90.2 月J=91.67 价=11.4 涨=1.15%  PE=5.09(30.64%) PB=0.47(9.07%)
2026-08-20 17:27:21  [ 74] 002463 沪电股份  完成  日J=-0.83 周J=25.02 月J=49.5 价=114.32 涨=0.8%  PE=51.14(96.09%) PB=13.1(97.47%)
2026-08-20 17:27:22  [ 75] 000725 京东方Ａ  完成  日J=30.07 周J=-2.36 月J=40.08 价=5.9 涨=-1.83%  PE=36.73(57.37%) PB=1.61(72.32%)
2026-08-20 17:27:23  [ 76] 600188 兖矿能源  完成  日J=23.04 周J=86.49 月J=50.44 价=21.36 涨=-2.02%  PE=22.44(97.47%) PB=2.8(84.06%)
2026-08-20 17:27:25  [ 77] 603288 海天味业  完成  日J=21.74 周J=65.83 月J=50.94 价=35.75 涨=1.22%  PE=28.73(1.96%) PB=4.98(2.0%)
2026-08-20 17:27:26  [ 78] 600690 海尔智家  完成  日J=52.68 周J=66.99 月J=25.33 价=21.77 涨=-0.91%  PE=10.91(5.35%) PB=1.63(3.82%)
2026-08-20 17:27:28  [ 79] 002938 鹏鼎控股  完成  日J=-7.16 周J=23.06 月J=52.9 价=87.57 涨=0.24%  PE=53.57(96.72%) PB=5.9(91.51%)
2026-08-20 17:27:29  [ 80] 300433 蓝思科技  完成  日J=73.09 周J=9.81 月J=34.79 价=37.98 涨=5.06%  PE=58.29(83.77%) PB=3.67(83.82%)
2026-08-20 17:27:30  [ 81] 003816 中国广核  完成  日J=37.69 周J=29.91 月J=13.8 价=3.87 涨=-1.28%  PE=20.61(83.94%) PB=1.55(54.6%)
2026-08-20 17:27:32  [ 82] 688072 拓荆科技  完成  日J=13.03 周J=19.76 月J=57.24 价=671.26 涨=-2.72%  PE=118.67(72.08%) PB=26.92(96.01%)
2026-08-20 17:27:34  [ 83] 601066 XD中信建  完成  日J=5.7 周J=-9.26 月J=48.9 价=24.81 涨=-0.54%  PE=15.31(0.81%) PB=2.2(14.57%)
2026-08-20 17:27:35  [ 84] 688498 源杰科技  完成  日J=70.47 周J=45.42 月J=63.48 价=1545.0 涨=1.77%  PE=540.25(72.18%) PB=76.19(97.18%)
2026-08-20 17:27:37  [ 85] 300760 迈瑞医疗  完成  日J=70.05 周J=96.16 月J=34.68 价=158.07 涨=4.94%  PE=24.44(9.71%) PB=4.78(3.57%)
2026-08-20 17:27:38  [ 86] 601898 中煤能源  完成  日J=56.8 周J=85.26 月J=12.26 价=14.26 涨=-0.56%  PE=10.65(54.08%) PB=1.15(89.98%)
2026-08-20 17:27:39  [ 87] 600406 国电南瑞  完成  日J=5.8 周J=61.03 月J=10.67 价=23.07 涨=-1.87%  PE=22.27(17.04%) PB=3.46(25.63%)
2026-08-20 17:27:41  [ 88] 601668 中国建筑  完成  日J=34.67 周J=65.21 月J=43.39 价=4.43 涨=0.45%  PE=4.82(47.3%) PB=0.37(0.43%)
2026-08-20 17:27:42  [ 89] 301666 大普微-UW  完成  日J=1.43 周J=0.3 月J=18.02 价=418.13 涨=0.32%  PE=14050.45(20.69%) PB=227.41(20.69%)
2026-08-20 17:27:54  [ 90] 601336 新华保险  完成  日J=15.31 周J=37.49 月J=2.47 价=58.08 涨=0.73%  PE=4.91(0.57%) PB=1.47(40.91%)
2026-08-20 17:27:56  [ 91] 600025 华能水电  完成  日J=46.86 周J=61.39 月J=62.69 价=9.65 涨=-1.13%  PE=21.05(71.12%) PB=2.53(70.07%)
2026-08-20 17:27:57  [ 92] 601985 中国核电  完成  日J=11.94 周J=28.13 月J=63.79 价=8.73 涨=-0.34%  PE=21.81(82.0%) PB=1.5(24.39%)
2026-08-20 17:27:58  [ 93] 603268 松发股份  完成  日J=35.15 周J=88.97 月J=86.03 价=176.21 涨=-1.83%  PE=51.38(64.01%) PB=17.02(86.11%)
2026-08-20 17:28:00  [ 94] 601818 光大银行  完成  日J=32.78 周J=58.71 月J=38.96 价=3.02 涨=0.67%  PE=4.72(36.37%) PB=0.35(0.67%)
2026-08-20 17:28:02  [ 95] 300604 长川科技  完成  日J=9.8 周J=20.87 月J=62.29 价=275.74 涨=1.0%  PE=113.17(51.5%) PB=34.95(98.57%)
2026-08-20 17:28:03  [ 96] 601766 中国中车  完成  日J=107.0 周J=101.87 月J=48.05 价=6.19 涨=1.64%  PE=12.76(6.35%) PB=1.01(14.65%)
2026-08-20 17:28:05  [ 97] 600031 三一重工  完成  日J=38.54 周J=67.36 月J=25.4 价=19.05 涨=0.63%  PE=20.8(45.87%) PB=1.93(12.32%)
2026-08-20 17:28:06  [ 98] 301377 鼎泰高科  完成  日J=-0.8 周J=15.98 月J=46.4 价=412.0 涨=-4.17%  PE=183.32(87.02%) PB=55.94(95.16%)
2026-08-20 17:28:07  [ 99] 002352 顺丰控股  完成  日J=31.74 周J=60.82 月J=34.56 价=32.84 涨=0.18%  PE=15.16(1.19%) PB=1.72(1.19%)
2026-08-20 17:28:09  [100] 600989 宝丰能源  完成  日J=46.98 周J=86.71 月J=16.53 价=23.4 涨=-1.1%  PE=11.17(0.23%) PB=3.11(55.13%)
2026-08-20 17:28:09  全部完成，结果已写入 C:\Users\hailo\Desktop\每周自动指标\output\2026-08-20\metrics_2026-08-20.csv
2026-08-20 17:28:09  步骤2完成 -> C:\Users\hailo\Desktop\每周自动指标\output\2026-08-20\metrics_2026-08-20.csv
2026-08-20 17:28:09  步骤3: 生成 HTML 总结报告…
2026-08-20 17:28:09  步骤3完成 -> C:\Users\hailo\Desktop\每周自动指标\output\2026-08-20\report_2026-08-20.html
2026-08-20 17:28:09  步骤4: 生成个股股价走势图（含每日信号）…
2026-08-20 17:28:10  步骤4完成 -> C:\Users\hailo\Desktop\每周自动指标\output\stock_charts.html
2026-08-20 17:28:10  步骤5: 发送邮件报告…
2026-08-20 17:28:12  步骤5完成: 邮件已发送
2026-08-20 17:28:12  ===== 全部完成 2026-08-20 =====
2026-08-20 19:00:12  今日(2026-08-20)已完成，跳过。结果目录: C:\Users\hailo\Desktop\每周自动指标\output\2026-08-20
