2026-09-09 21:08:48  ===== 开始每日港股通指标任务 2026-09-09 =====
2026-09-09 21:08:48  步骤1: 获取港股通总市值前100标的...
获取港股通标的列表(共取市值前 100 只)...
接口返回 100 只港股通标的
2026-09-09 21:08:49  步骤1完成 -> /home/runner/work/daily-stock-metrics/daily-stock-metrics/output_hk/2026-09-09/hk_list_2026-09-09.csv
2026-09-09 21:08:49  步骤2: 计算 KDJ-J(日/周/月)...
2026-09-09 21:08:49  步骤2: 计算指标...
2026-09-09 21:08:49  观察池: 共103只(含历史追踪3只)
2026-09-09 21:08:49  待处理 103 条，并发数 8
2026-09-09 21:08:52  [  4] 03750 宁德时代  完成  日J=22.03 周J=7.86 月J=26.97 MA20=610.425 MA60=637.35 多头=0 价=562.0 涨=0.0%  PE=26.99(None%) PB=5.95(None%)
2026-09-09 21:08:52  [  7] 09988 阿里巴巴-W  完成  日J=38.68 周J=23.81 月J=19.87 MA20=115.89 MA60=111.989 多头=1 价=109.8 涨=0.27%  PE=25.7(None%) PB=1.73(None%)
2026-09-09 21:08:52  [  3] 01398 工商银行  完成  日J=34.88 周J=93.12 月J=91.03 MA20=7.466 MA60=7.135 多头=1 价=7.54 涨=0.47%  PE=6.35(None%) PB=0.59(None%)
2026-09-09 21:08:52  [  6] 01288 农业银行  完成  日J=20.1 周J=86.9 月J=87.25 MA20=6.253 MA60=5.913 多头=1 价=6.3 涨=0.0%  PE=6.53(None%) PB=0.67(None%)
2026-09-09 21:08:52  [  8] 00857 中国石油股份  完成  日J=84.57 周J=108.82 月J=45.07 MA20=10.001 MA60=9.619 多头=1 价=10.43 涨=0.77%  PE=9.52(None%) PB=1.01(None%)
2026-09-09 21:08:52  [  5] 00939 建设银行  完成  日J=59.9 周J=99.11 月J=96.22 MA20=9.278 MA60=8.789 多头=1 价=9.61 涨=0.52%  PE=6.4(None%) PB=0.61(None%)
2026-09-09 21:08:52  [  1] 00700 腾讯控股  完成  日J=-1.37 周J=4.73 月J=5.05 MA20=443.6 MA60=451.653 多头=0 价=434.0 涨=-0.32%  PE=14.8(None%) PB=3.02(None%)
2026-09-09 21:08:52  [  2] 00005 汇丰控股  完成  日J=87.22 周J=76.79 月J=92.79 MA20=162.815 MA60=158.293 多头=1 价=166.0 涨=0.67%  PE=15.11(None%) PB=2.1(None%)
2026-09-09 21:08:54  [  9] 03988 中国银行  完成  日J=58.92 周J=95.49 月J=94.79 MA20=5.641 MA60=5.345 多头=1 价=5.92 涨=0.68%  PE=6.75(None%) PB=0.6(None%)
2026-09-09 21:08:54  [ 11] 03308 中际旭创  完成  日J=92.09 周J=52.33 月J=None MA20=1093.3 MA60=None 多头=None 价=1173.0 涨=1.03%  PE=59.32(None%) PB=28.51(None%)
2026-09-09 21:08:54  [ 10] 00941 中国移动  完成  日J=11.48 周J=15.41 月J=25.61 MA20=80.53 MA60=80.319 多头=1 价=78.95 涨=0.06%  PE=11.39(None%) PB=1.02(None%)
2026-09-09 21:08:54  [ 12] 03968 招商银行  完成  日J=64.78 周J=93.72 月J=87.44 MA20=50.061 MA60=48.274 多头=1 价=51.85 涨=-0.1%  PE=7.6(None%) PB=0.99(None%)
2026-09-09 21:08:54  [ 14] 01088 中国神华  完成  日J=73.1 周J=111.89 月J=65.86 MA20=44.979 MA60=43.197 多头=1 价=46.86 涨=2.72%  PE=16.3(None%) PB=1.92(None%)
2026-09-09 21:08:54  [ 13] 00883 中国海洋石油  完成  日J=85.18 周J=112.89 月J=39.55 MA20=24.903 MA60=23.396 多头=1 价=25.82 涨=-0.15%  PE=7.78(None%) PB=1.25(None%)
2026-09-09 21:08:54  [ 15] 02318 中国平安  完成  日J=12.68 周J=62.51 月J=10.08 MA20=55.898 MA60=55.332 多头=1 价=55.45 涨=0.36%  PE=5.54(None%) PB=0.85(None%)
2026-09-09 21:08:54  [ 16] 02899 紫金矿业  完成  日J=76.68 周J=87.6 月J=41.3 MA20=36.633 MA60=33.31 多头=1 价=37.6 涨=1.73%  PE=13.0(None%) PB=4.3(None%)
2026-09-09 21:08:56  [ 18] 01299 友邦保险  完成  日J=59.36 周J=77.27 月J=19.04 MA20=74.853 MA60=74.917 多头=0 价=76.95 涨=0.07%  PE=12.78(None%) PB=2.5(None%)
2026-09-09 21:08:56  [ 17] 02628 中国人寿  完成  日J=12.67 周J=79.54 月J=39.02 MA20=28.832 MA60=28.519 多头=1 价=29.48 涨=-0.47%  PE=2.97(None%) PB=1.09(None%)
2026-09-09 21:08:56  [ 19] 00300 美的集团  完成  日J=18.63 周J=87.3 月J=97.5 MA20=98.418 MA60=93.502 多头=1 价=98.65 涨=0.31%  PE=14.88(None%) PB=3.06(None%)
2026-09-09 21:08:56  [ 23] 01658 邮储银行  完成  日J=59.69 周J=88.06 月J=83.94 MA20=5.102 MA60=4.938 多头=1 价=5.33 涨=-0.65%  PE=6.27(None%) PB=0.53(None%)
2026-09-09 21:08:56  [ 22] 01810 小米集团-W  完成  日J=3.58 周J=32.18 月J=29.36 MA20=27.352 MA60=26.381 多头=1 价=26.38 涨=-2.01%  PE=18.17(None%) PB=2.19(None%)
2026-09-09 21:08:57  [ 21] 03328 交通银行  完成  日J=65.72 周J=99.79 月J=101.15 MA20=7.622 MA60=7.301 多头=1 价=7.89 涨=0.38%  PE=6.31(None%) PB=0.52(None%)
2026-09-09 21:08:57  [ 20] 01211 比亚迪股份  完成  日J=-6.76 周J=10.41 月J=36.08 MA20=88.797 MA60=86.774 多头=1 价=81.8 涨=-2.44%  PE=22.4(None%) PB=2.7(None%)
2026-09-09 21:08:57  [ 24] 00386 中国石油化工股份  完成  日J=93.89 周J=114.32 月J=45.38 MA20=4.604 MA60=4.346 多头=1 价=4.92 涨=0.1%  PE=14.69(None%) PB=0.61(None%)
2026-09-09 21:08:58  [ 25] 09999 网易  完成  日J=18.33 周J=-4.62 月J=28.14 MA20=191.855 MA60=197.452 多头=0 价=183.2 涨=-2.66%  PE=15.9(None%) PB=3.06(None%)
2026-09-09 21:08:58  [ 26] 02359 药明康德  完成  日J=45.25 周J=66.87 月J=84.93 MA20=198.025 MA60=171.127 多头=1 价=193.2 涨=-1.13%  PE=23.28(None%) PB=5.97(None%)
2026-09-09 21:08:58  [ 27] 00981 中芯国际  完成  日J=-2.13 周J=16.11 月J=34.96 MA20=69.722 MA60=72.394 多头=0 价=65.0 涨=-0.54%  PE=68.53(None%) PB=2.82(None%)
2026-09-09 21:08:58  [ 32] 02475 立讯精密  完成  日J=25.66 周J=67.08 月J=None MA20=61.348 MA60=None 多头=None 价=61.9 涨=3.51%  PE=23.8(None%) PB=4.23(None%)
2026-09-09 21:08:58  [ 28] 02388 中银香港  完成  日J=66.96 周J=93.93 月J=95.16 MA20=51.159 MA60=48.891 多头=1 价=51.95 涨=0.58%  PE=13.17(None%) PB=1.52(None%)
2026-09-09 21:08:58  [ 31] 03690 美团-W  完成  日J=70.26 周J=14.54 月J=43.98 MA20=81.733 MA60=81.761 多头=0 价=77.8 涨=-3.47%  PE=-11.26(None%) PB=2.47(None%)
2026-09-09 21:08:58  [ 29] 02888 渣打集团  完成  日J=105.78 周J=88.33 月J=98.62 MA20=234.43 MA60=226.85 多头=1 价=242.6 涨=1.34%  PE=12.53(None%) PB=1.46(None%)
2026-09-09 21:08:59  [ 30] 00388 香港交易所  完成  日J=-5.59 周J=56.73 月J=56.57 MA20=411.78 MA60=397.823 多头=1 价=400.4 涨=-0.4%  PE=25.63(None%) PB=8.37(None%)
2026-09-09 21:09:00  [ 35] 02259 紫金黄金国际  完成  日J=83.39 周J=110.87 月J=31.41 MA20=151.2 MA60=124.227 多头=1 价=163.2 涨=2.0%  PE=22.11(None%) PB=5.96(None%)
2026-09-09 21:09:00  [ 36] 02513 智谱  完成  日J=-8.64 周J=5.27 月J=16.96 MA20=1093.225 MA60=1366.208 多头=0 价=913.5 涨=-0.27%  PE=-84.93(None%) PB=80.09(None%)
2026-09-09 21:09:00  [ 34] 09633 农夫山泉  完成  日J=0.34 周J=31.57 月J=4.31 MA20=42.368 MA60=42.173 多头=1 价=40.58 涨=-1.27%  PE=23.47(None%) PB=10.67(None%)
2026-09-09 21:09:00  [ 33] 00998 中信银行  完成  日J=56.51 周J=106.87 月J=89.68 MA20=8.048 MA60=7.493 多头=1 价=8.39 涨=0.18%  PE=5.73(None%) PB=0.54(None%)
2026-09-09 21:09:00  [ 38] 06030 中信证券  完成  日J=3.89 周J=18.21 月J=38.33 MA20=26.638 MA60=27.2 多头=0 价=25.82 涨=0.47%  PE=8.95(None%) PB=1.12(None%)
2026-09-09 21:09:00  [ 37] 00728 中国电信  完成  日J=-10.61 周J=36.49 月J=23.49 MA20=4.746 MA60=4.62 多头=1 价=4.55 涨=-0.66%  PE=12.23(None%) PB=0.77(None%)
2026-09-09 21:09:00  [ 39] 00992 联想集团  完成  日J=79.82 周J=73.93 月J=96.46 MA20=31.173 MA60=26.302 多头=1 价=32.42 涨=6.79%  PE=64.46(None%) PB=7.11(None%)
2026-09-09 21:09:01  [ 40] 00267 中信股份  完成  日J=78.35 周J=114.04 月J=86.04 MA20=12.938 MA60=12.128 多头=1 价=13.78 涨=1.92%  PE=5.76(None%) PB=0.43(None%)
2026-09-09 21:09:02  [ 44] 03986 兆易创新  完成  日J=55.52 周J=13.79 月J=10.8 MA20=492.285 MA60=635.45 多头=0 价=480.4 涨=-1.07%  PE=37.21(None%) PB=7.85(None%)
2026-09-09 21:09:02  [ 41] 03993 洛阳钼业  完成  日J=94.46 周J=64.55 月J=14.04 MA20=17.057 MA60=16.857 多头=1 价=17.8 涨=1.08%  PE=12.05(None%) PB=3.69(None%)
2026-09-09 21:09:02  [ 42] 02328 中国财险  完成  日J=40.42 周J=88.31 月J=82.58 MA20=16.354 MA60=15.507 多头=1 价=16.83 涨=-0.41%  PE=6.8(None%) PB=1.07(None%)
2026-09-09 21:09:02  [ 43] 00016 新鸿基地产  完成  日J=68.0 周J=52.07 月J=31.69 MA20=119.985 MA60=118.572 多头=1 价=118.3 涨=-1.25%  PE=15.58(None%) PB=0.55(None%)
2026-09-09 21:09:02  [ 45] 06809 澜起科技  完成  日J=45.77 周J=15.33 月J=29.6 MA20=274.55 MA60=316.54 多头=0 价=271.4 涨=-1.67%  PE=94.54(None%) PB=13.39(None%)
2026-09-09 21:09:02  [ 47] 01276 恒瑞医药  完成  日J=31.96 周J=-2.23 月J=-6.62 MA20=48.731 MA60=54.46 多头=0 价=45.94 涨=-0.82%  PE=34.65(None%) PB=4.11(None%)
2026-09-09 21:09:02  [ 46] 06160 百济神州  完成  日J=7.12 周J=58.96 月J=70.81 MA20=219.58 MA60=197.58 多头=1 价=208.6 涨=-1.97%  PE=62.79(None%) PB=7.92(None%)
2026-09-09 21:09:03  [ 48] 02338 潍柴动力  完成  日J=103.48 周J=54.36 月J=48.54 MA20=32.731 MA60=34.032 多头=0 价=34.02 涨=6.45%  PE=19.89(None%) PB=2.66(None%)
2026-09-09 21:09:04  [ 49] 02601 中国太保  完成  日J=-12.32 周J=73.9 月J=9.82 MA20=29.634 MA60=29.194 多头=1 价=29.3 涨=-0.68%  PE=4.4(None%) PB=0.77(None%)
2026-09-09 21:09:04  [ 52] 02611 国泰海通  完成  日J=17.13 周J=57.43 月J=37.91 MA20=15.016 MA60=14.906 多头=1 价=15.04 涨=1.14%  PE=7.17(None%) PB=0.7(None%)
2026-09-09 21:09:04  [ 51] 02378 保诚  完成  日J=44.76 周J=15.22 月J=22.84 MA20=108.375 MA60=108.905 多头=0 价=106.7 涨=-0.28%  PE=9.38(None%) PB=1.73(None%)
2026-09-09 21:09:04  [ 53] 01339 中国人民保险集团  完成  日J=41.87 周J=82.01 月J=32.42 MA20=5.519 MA60=5.274 多头=1 价=5.86 涨=-0.76%  PE=3.98(None%) PB=0.66(None%)
2026-09-09 21:09:04  [ 50] 00001 长和  完成  日J=73.23 周J=42.71 月J=83.6 MA20=69.998 MA60=69.964 多头=1 价=70.35 涨=1.44%  PE=7.13(None%) PB=0.47(None%)
2026-09-09 21:09:04  [ 55] 09888 百度集团-W  完成  日J=19.34 周J=22.04 月J=-5.66 MA20=94.257 MA60=103.317 多头=0 价=92.2 涨=2.96%  PE=-68.73(None%) PB=0.8(None%)
2026-09-09 21:09:04  [ 54] 01919 中远海控  完成  日J=40.51 周J=74.5 月J=83.11 MA20=16.894 MA60=15.325 多头=1 价=16.89 涨=2.05%  PE=8.49(None%) PB=0.96(None%)
2026-09-09 21:09:05  [ 56] 00669 创科实业  完成  日J=38.09 周J=33.13 月J=77.55 MA20=137.355 MA60=132.725 多头=1 价=131.7 涨=0.15%  PE=23.64(None%) PB=4.12(None%)
2026-09-09 21:09:06  [ 58] 06951 三环集团  完成  日J=67.51 周J=62.22 月J=None MA20=114.93 MA60=None 多头=None 价=116.4 涨=-1.02%  PE=61.7(None%) PB=8.56(None%)
2026-09-09 21:09:06  [ 59] 02714 牧原股份  完成  日J=99.07 周J=110.02 月J=42.09 MA20=35.573 MA60=33.146 多头=1 价=39.42 涨=-0.25%  PE=-162.76(None%) PB=2.5(None%)
2026-09-09 21:09:06  [ 57] 01378 中国宏桥  完成  日J=94.01 周J=94.32 月J=1.52 MA20=23.2 MA60=22.766 多头=1 价=24.46 涨=4.0%  PE=7.67(None%) PB=1.57(None%)
2026-09-09 21:09:06  [ 63] 02476 胜宏科技  完成  日J=28.22 周J=42.56 月J=1.97 MA20=224.665 MA60=253.365 多头=0 价=211.4 涨=2.22%  PE=36.37(None%) PB=4.76(None%)
2026-09-09 21:09:06  [ 61] 03692 翰森制药  完成  日J=43.86 周J=81.12 月J=33.11 MA20=34.241 MA60=32.626 多头=1 价=34.8 涨=-3.55%  PE=27.71(None%) PB=4.85(None%)
2026-09-09 21:09:06  [ 62] 09992 泡泡玛特  完成  日J=46.74 周J=52.2 月J=5.02 MA20=154.16 MA60=157.417 多头=0 价=156.1 涨=0.26%  PE=13.92(None%) PB=7.83(None%)
2026-09-09 21:09:06  [ 60] 01109 华润置地  完成  日J=30.19 周J=25.3 月J=15.25 MA20=32.571 MA60=32.638 多头=0 价=30.06 涨=-1.25%  PE=8.11(None%) PB=0.64(None%)
2026-09-09 21:09:07  [ 64] 00066 港铁公司  完成  日J=110.11 周J=80.3 月J=30.78 MA20=32.856 MA60=32.216 多头=1 价=33.1 涨=0.42%  PE=9.02(None%) PB=1.01(None%)
2026-09-09 21:09:08  [ 66] 02269 药明生物  完成  日J=19.38 周J=71.75 月J=81.45 MA20=49.045 MA60=41.405 多头=1 价=48.84 涨=-0.93%  PE=35.74(None%) PB=3.66(None%)
2026-09-09 21:09:08  [ 65] 02020 安踏体育  完成  日J=12.07 周J=30.82 月J=42.11 MA20=74.972 MA60=74.233 多头=1 价=73.5 涨=-3.23%  PE=11.26(None%) PB=2.49(None%)
2026-09-09 21:09:08  [ 68] 06690 海尔智家  完成  日J=38.22 周J=47.26 月J=18.23 MA20=21.232 MA60=20.997 多头=1 价=21.06 涨=-0.75%  PE=9.64(None%) PB=1.43(None%)
2026-09-09 21:09:08  [ 70] 06031 三一重工  完成  日J=94.76 周J=66.89 月J=19.65 MA20=19.154 MA60=19.587 多头=0 价=20.26 涨=2.07%  PE=18.37(None%) PB=1.76(None%)
2026-09-09 21:09:08  [ 67] 00002 中电控股  完成  日J=87.61 周J=76.44 月J=97.14 MA20=78.292 MA60=76.78 多头=1 价=79.05 涨=2.33%  PE=18.42(None%) PB=1.81(None%)
2026-09-09 21:09:08  [ 69] 01347 华虹宏力  完成  日J=12.85 周J=-3.61 月J=19.2 MA20=119.765 MA60=147.385 多头=0 价=111.6 涨=0.54%  PE=241.71(None%) PB=3.46(None%)
2026-09-09 21:09:08  [ 71] 00175 吉利汽车  完成  日J=18.88 周J=4.82 月J=10.46 MA20=17.855 MA60=18.316 多头=0 价=16.6 涨=-1.89%  PE=9.44(None%) PB=1.64(None%)
2026-09-09 21:09:09  [ 72] 00762 中国联通  完成  日J=90.01 周J=18.94 月J=6.59 MA20=5.803 MA60=6.285 多头=0 价=5.78 涨=0.7%  PE=9.78(None%) PB=0.41(None%)
2026-09-09 21:09:09  [ 73] 01801 信达生物  完成  日J=-2.74 周J=58.96 月J=72.51 MA20=100.96 MA60=91.643 多头=1 价=98.2 涨=-2.0%  PE=119.93(None%) PB=7.15(None%)
2026-09-09 21:09:10  [ 74] 01113 长实集团  完成  日J=108.22 周J=84.84 月J=54.98 MA20=46.477 MA60=46.338 多头=1 价=48.1 涨=2.3%  PE=12.73(None%) PB=0.42(None%)
2026-09-09 21:09:10  [ 77] 03288 海天味业  完成  日J=17.71 周J=-4.51 月J=-2.83 MA20=30.222 MA60=30.909 多头=0 价=27.92 涨=-1.34%  PE=19.62(None%) PB=3.63(None%)
2026-09-09 21:09:10  [ 78] 06936 顺丰控股  完成  日J=12.61 周J=15.53 月J=33.56 MA20=31.931 MA60=31.818 多头=1 价=30.78 涨=-0.65%  PE=13.09(None%) PB=1.37(None%)
2026-09-09 21:09:10  [ 76] 06818 中国光大银行  完成  日J=14.13 周J=7.05 月J=1.43 MA20=2.945 MA60=3.042 多头=0 价=2.81 涨=-1.23%  PE=4.42(None%) PB=0.28(None%)
2026-09-09 21:09:10  [ 75] 01038 长江基建集团  完成  日J=107.56 周J=95.3 月J=86.11 MA20=65.175 MA60=62.253 多头=1 价=66.3 涨=0.61%  PE=6.64(None%) PB=1.13(None%)
2026-09-09 21:09:10  [ 79] 00788 中国铁塔  完成  日J=51.84 周J=5.7 月J=6.42 MA20=9.221 MA60=9.366 多头=0 价=9.11 涨=-0.38%  PE=10.56(None%) PB=0.68(None%)
2026-09-09 21:09:11  [ 80] 06886 华泰证券  完成  日J=41.3 周J=97.87 月J=39.48 MA20=17.271 MA60=16.991 多头=1 价=17.68 涨=1.14%  PE=6.84(None%) PB=0.78(None%)
2026-09-09 21:09:12  [ 81] 01816 中广核电力  完成  日J=84.95 周J=116.21 月J=28.01 MA20=2.939 MA60=2.856 多头=1 价=3.1 涨=0.49%  PE=13.85(None%) PB=1.1(None%)
2026-09-09 21:09:12  [ 83] 02423 贝壳-W  完成  日J=2.74 周J=68.32 月J=66.3 MA20=45.816 MA60=43.106 多头=1 价=44.96 涨=-1.88%  PE=28.53(None%) PB=2.06(None%)
2026-09-09 21:09:12  [ 82] 01766 中国中车  完成  日J=80.11 周J=109.79 月J=51.26 MA20=5.246 MA60=4.996 多头=1 价=5.38 涨=-0.46%  PE=9.75(None%) PB=0.76(None%)
2026-09-09 21:09:12  [ 84] 01898 中煤能源  完成  日J=29.13 周J=86.64 月J=21.29 MA20=11.446 MA60=10.857 多头=1 价=11.57 涨=1.4%  PE=8.79(None%) PB=0.8(None%)
2026-09-09 21:09:12  [ 85] 02600 中国铝业  完成  日J=78.77 周J=102.38 月J=-1.25 MA20=8.545 MA60=8.267 多头=1 价=8.9 涨=-1.44%  PE=7.65(None%) PB=1.57(None%)
2026-09-09 21:09:12  [ 86] 06869 长飞光纤光缆  完成  日J=60.95 周J=92.06 月J=40.08 MA20=156.51 MA60=161.867 多头=0 价=183.6 涨=7.24%  PE=38.54(None%) PB=8.07(None%)
2026-09-09 21:09:12  [ 87] 01988 民生银行  完成  日J=58.07 周J=61.36 月J=33.38 MA20=3.47 MA60=3.432 多头=1 价=3.46 涨=-2.95%  PE=4.61(None%) PB=0.23(None%)
2026-09-09 21:09:13  [ 88] 01888 建滔积层板  完成  日J=74.82 周J=49.06 月J=22.4 MA20=41.959 MA60=53.218 多头=0 价=48.0 涨=4.76%  PE=34.42(None%) PB=8.25(None%)
2026-09-09 21:09:13  [ 90] 09973 奇瑞汽车  完成  日J=21.68 周J=46.04 月J=16.07 MA20=25.705 MA60=25.62 多头=1 价=25.24 涨=0.96%  PE=7.23(None%) PB=2.35(None%)
2026-09-09 21:09:14  [ 89] 01336 新华保险  完成  日J=41.67 周J=83.55 月J=7.34 MA20=47.332 MA60=47.839 多头=0 价=48.1 涨=0.71%  PE=2.99(None%) PB=1.05(None%)
2026-09-09 21:09:14  [ 91] 00027 银河娱乐  完成  日J=46.95 周J=54.79 月J=24.25 MA20=34.392 MA60=32.588 多头=1 价=33.22 涨=-1.48%  PE=13.58(None%) PB=1.72(None%)
2026-09-09 21:09:14  [ 94] 01776 广发证券  完成  日J=6.03 周J=81.52 月J=73.61 MA20=17.874 MA60=17.399 多头=1 价=18.15 涨=1.34%  PE=6.61(None%) PB=0.89(None%)
2026-09-09 21:09:14  [ 92] 03606 福耀玻璃  完成  日J=65.31 周J=62.95 月J=35.55 MA20=56.105 MA60=54.484 多头=1 价=55.6 涨=0.09%  PE=15.1(None%) PB=3.3(None%)
2026-09-09 21:09:14  [ 93] 01972 太古地产  完成  日J=92.75 周J=91.91 月J=56.87 MA20=24.518 MA60=22.905 多头=1 价=24.84 涨=0.32%  PE=43.34(None%) PB=0.53(None%)
2026-09-09 21:09:14  [ 95] 00688 中国海外发展  完成  日J=34.49 周J=42.55 月J=22.89 MA20=13.469 MA60=13.278 多头=1 价=12.96 涨=-0.38%  PE=11.15(None%) PB=0.31(None%)
2026-09-09 21:09:15  [ 96] 01024 快手-W  完成  日J=13.49 周J=-4.21 月J=-9.84 MA20=35.042 MA60=40.771 多头=0 价=32.32 涨=-2.18%  PE=7.85(None%) PB=1.48(None%)
2026-09-09 21:09:15  [ 97] 01377 鼎泰高科  完成  日J=53.23 周J=32.15 月J=None MA20=343.24 MA60=None 多头=None 价=328.0 涨=-2.5%  PE=127.97(None%) PB=37.53(None%)
2026-09-09 21:09:16  [ 98] 01171 兖矿能源  完成  日J=58.56 周J=109.22 月J=43.69 MA20=13.078 MA60=12.169 多头=1 价=13.79 涨=2.76%  PE=10.64(None%) PB=1.58(None%)
2026-09-09 21:09:16  [102] 06099 招商证券  完成  日J=-6.27 周J=37.0 月J=47.24 MA20=15.247 MA60=15.77 多头=0 价=15.03 涨=0.54%  PE=None(None%) PB=None(None%)
2026-09-09 21:09:16  [ 99] 00003 香港中华煤气  完成  日J=84.8 周J=80.71 月J=60.91 MA20=7.184 MA60=6.907 多头=1 价=7.33 涨=0.41%  PE=21.49(None%) PB=2.27(None%)
2026-09-09 21:09:16  [101] 00012 恒基地产  完成  日J=10.32 周J=32.38 月J=3.25 MA20=27.699 MA60=27.027 多头=1 价=26.48 涨=-0.68%  PE=None(None%) PB=None(None%)
2026-09-09 21:09:16  [100] 00358 江西铜业股份  完成  日J=84.3 周J=88.01 月J=26.53 MA20=37.336 MA60=35.282 多头=1 价=39.28 涨=2.29%  PE=10.06(None%) PB=1.35(None%)
2026-09-09 21:09:16  [103] 06613 蓝思科技  完成  日J=-0.45 周J=72.39 月J=48.66 MA20=23.685 MA60=23.543 多头=1 价=23.48 涨=1.21%  PE=None(None%) PB=None(None%)
2026-09-09 21:09:16  全部完成，结果已写入 /home/runner/work/daily-stock-metrics/daily-stock-metrics/output_hk/2026-09-09/metrics_2026-09-09.csv
2026-09-09 21:09:16  步骤2完成 -> /home/runner/work/daily-stock-metrics/daily-stock-metrics/output_hk/2026-09-09/metrics_2026-09-09.csv
2026-09-09 21:09:16  步骤3: 生成 HTML 总结报告...
2026-09-09 21:09:17  步骤3完成 -> /home/runner/work/daily-stock-metrics/daily-stock-metrics/output_hk/2026-09-09/report_2026-09-09.html
2026-09-09 21:09:17  步骤4: 发送邮件报告...
2026-09-09 21:09:21  步骤4完成: 邮件已发送
2026-09-09 21:09:21  ===== 全部完成 2026-09-09 =====
