2026-08-27 17:33:24  ===== 开始每日ETF指标任务 2026-08-27 =====
2026-08-27 17:33:24  步骤1: 获取场内规模前100的ETF...
[  1] 510300 沪深300ETF华泰柏瑞  规模=1118.95亿  跟踪=沪深300指数  主题=沪深300
[  2] 588000 科创50ETF华夏  规模=911.93亿  跟踪=上证科创板50成份指数  主题=科创板
[  3] 159915 创业板ETF易方达  规模=654.16亿  跟踪=创业板指数(价格)  主题=创业板
[  4] 512880 证券ETF国泰  规模=638.1亿  跟踪=中证全指证券公司指数  主题=证券
[  5] 510310 沪深300ETF易方达  规模=527.14亿  跟踪=沪深300指数  主题=沪深300
[  6] 588200 科创芯片ETF嘉实  规模=511.39亿  跟踪=上证科创板芯片指数  主题=半导体
[  7] 588170 科创半导体ETF华夏  规模=456.38亿  跟踪=上证科创板半导体材料设备主题指数  主题=半导体
[  8] 159516 半导体设备ETF国泰  规模=446.73亿  跟踪=中证半导体材料设备主题指数  主题=半导体
[  9] 588080 科创50ETF易方达  规模=432.54亿  跟踪=上证科创板50成份指数  主题=科创板
[ 10] 515880 通信ETF国泰  规模=426.18亿  跟踪=中证全指通信设备指数  主题=通信
[ 11] 563360 A500ETF华泰柏瑞  规模=413.7亿  跟踪=中证A500指数  主题=中证A500
[ 12] 510330 沪深300ETF华夏  规模=412.59亿  跟踪=沪深300指数  主题=沪深300
[ 13] 510500 中证500ETF南方  规模=412.47亿  跟踪=中证500指数  主题=中证500
[ 14] 512000 券商ETF华宝  规模=388.68亿  跟踪=中证全指证券公司指数  主题=证券
[ 15] 159352 A500ETF南方  规模=345.33亿  跟踪=中证A500指数  主题=中证A500
[ 16] 512890 红利低波ETF华泰柏瑞  规模=330.54亿  跟踪=中证红利低波动指数  主题=红利
[ 17] 159919 沪深300ETF嘉实  规模=308.89亿  跟踪=沪深300指数  主题=沪深300
[ 18] 159995 芯片ETF华夏  规模=287.35亿  跟踪=国证半导体芯片指数  主题=半导体
[ 19] 159361 A500ETF易方达  规模=286.9亿  跟踪=中证A500指数  主题=中证A500
[ 20] 512400 有色金属ETF南方  规模=266.77亿  跟踪=有色金属  主题=有色金属
[ 21] 159338 中证A500ETF国泰  规模=264.02亿  跟踪=中证A500指数  主题=中证A500
[ 22] 159949 创业板50ETF华安  规模=249.84亿  跟踪=创业板50指数  主题=创业板
[ 23] 512170 医疗ETF华宝  规模=247.42亿  跟踪=中证医疗指数  主题=医药
[ 24] 159558 半导体设备ETF易方达  规模=221.56亿  跟踪=中证半导体材料设备主题指数  主题=半导体
[ 25] 510050 上证50ETF华夏  规模=220.3亿  跟踪=上证50指数  主题=上证50
[ 26] 159819 人工智能ETF易方达  规模=213.57亿  跟踪=中证人工智能主题指数  主题=人工智能
[ 27] 512100 中证1000ETF南方  规模=207.77亿  跟踪=中证1000指数  主题=中证1000
[ 28] 159326 电网设备ETF华夏  规模=207.5亿  跟踪=中证电网设备主题指数  主题=其他
[ 29] 512480 半导体ETF国联安  规模=206.58亿  跟踪=中证全指半导体产品与设备指数  主题=半导体
[ 30] 510880 红利ETF华泰柏瑞  规模=202.07亿  跟踪=上证红利指数  主题=红利
[ 31] 512050 A500ETF华夏  规模=201.43亿  跟踪=中证A500指数  主题=中证A500
[ 32] 515450 红利低波50ETF南方  规模=199.32亿  跟踪=标普中国A股大盘红利低波50指数  主题=红利
[ 33] 515180 红利ETF易方达  规模=186.72亿  跟踪=中证红利指数  主题=红利
[ 34] 515050 通信ETF华夏  规模=182.86亿  跟踪=中证5G通信主题指数  主题=通信
[ 35] 562500 机器人ETF华夏  规模=180.08亿  跟踪=中证机器人指数  主题=机器人
[ 36] 510180 上证180ETF华安  规模=176.38亿  跟踪=上证180指数  主题=上证180
[ 37] 159781 科创创业ETF易方达  规模=173.93亿  跟踪=中证科创创业50指数  主题=科创板
[ 38] 159530 机器人ETF易方达  规模=171.43亿  跟踪=国证机器人产业指数  主题=机器人
[ 39] 159992 创新药ETF银华  规模=166.95亿  跟踪=中证创新药产业指数  主题=医药
[ 40] 159201 自由现金流ETF华夏  规模=163.2亿  跟踪=国证自由现金流指数  主题=货币市场
[ 41] 510210 上证指数ETF富国  规模=160.43亿  跟踪=上证综合指数  主题=其他
[ 42] 517520 黄金股ETF永赢  规模=155.61亿  跟踪=中证沪深港黄金产业股票指数  主题=黄金
[ 43] 512010 医药ETF易方达  规模=155.42亿  跟踪=沪深300医药卫生指数  主题=医药
[ 44] 159928 消费ETF汇添富  规模=153.19亿  跟踪=中证主要消费指数  主题=消费
[ 45] 515220 煤炭ETF国泰  规模=142.55亿  跟踪=中证煤炭指数  主题=煤炭
[ 46] 560780 半导体设备ETF广发  规模=142.06亿  跟踪=中证半导体材料设备主题指数  主题=半导体
[ 47] 512690 酒ETF鹏华  规模=135.11亿  跟踪=中证酒指数  主题=白酒
[ 48] 159870 化工ETF鹏华  规模=134.87亿  跟踪=细分化工  主题=化工
[ 49] 512070 证券保险ETF易方达  规模=134.61亿  跟踪=沪深300非银行金融指数  主题=证券
[ 50] 159206 卫星ETF永赢  规模=130.08亿  跟踪=国证商用卫星通信产业指数  主题=通信
[ 51] 563020 红利低波ETF易方达  规模=127.28亿  跟踪=中证红利低波动指数  主题=红利
[ 52] 159841 证券ETF天弘  规模=121.98亿  跟踪=中证全指证券公司指数  主题=证券
[ 53] 588710 科创半导体设备ETF华泰柏瑞  规模=120.89亿  跟踪=上证科创板半导体材料设备主题指数  主题=半导体
[ 54] 513630 港股低波红利ETF摩根  规模=120.18亿  跟踪=标普港股通低波红利指数  主题=红利
[ 55] 159952 创业板ETF广发  规模=117.17亿  跟踪=创业板指数(价格)  主题=创业板
[ 56] 515080 中证红利ETF招商  规模=114.63亿  跟踪=中证红利指数  主题=红利
[ 57] 515120 创新药ETF广发  规模=111.96亿  跟踪=中证创新药产业指数  主题=医药
[ 58] 588050 科创50ETF工银  规模=111.68亿  跟踪=上证科创板50成份指数  主题=科创板
[ 59] 563800 A500ETF广发  规模=111.22亿  跟踪=中证A500指数  主题=中证A500
[ 60] 512760 芯片ETF国泰  规模=106.91亿  跟踪=中华交易服务半导体芯片行业人民币指数  主题=半导体
[ 61] 512800 银行ETF华宝  规模=101.32亿  跟踪=中证银行指数  主题=银行
[ 62] 516650 有色金属ETF华夏  规模=100.87亿  跟踪=细分有色  主题=有色金属
[ 63] 159611 电力ETF广发  规模=99.56亿  跟踪=中证全指电力公用事业指数  主题=电力
[ 64] 159842 券商ETF银华  规模=96.4亿  跟踪=中证全指证券公司指数  主题=证券
[ 65] 159852 软件ETF嘉实  规模=95.85亿  跟踪=中证软件服务指数  主题=计算机
[ 66] 562590 半导体设备ETF华夏  规模=95.69亿  跟踪=中证半导体材料设备主题指数  主题=半导体
[ 67] 159922 中证500ETF嘉实  规模=90.44亿  跟踪=中证500指数  主题=中证500
[ 68] 560860 工业有色ETF万家  规模=88.72亿  跟踪=中证工业有色金属主题指数  主题=有色金属
[ 69] 159351 A500ETF嘉实  规模=88.55亿  跟踪=中证A500指数  主题=中证A500
[ 70] 159869 游戏ETF华夏  规模=86.46亿  跟踪=中证动漫游戏指数  主题=传媒
[ 71] 563220 A500ETF富国  规模=84.91亿  跟踪=中证A500指数  主题=中证A500
[ 72] 515070 人工智能ETF华夏  规模=84.06亿  跟踪=中证人工智能主题指数  主题=人工智能
[ 73] 512500 中证500ETF华夏  规模=83.83亿  跟踪=中证500指数  主题=中证500
[ 74] 515330 沪深300ETF天弘  规模=83.34亿  跟踪=沪深300指数  主题=沪深300
[ 75] 512900 证券ETF南方  规模=81.85亿  跟踪=中证全指证券公司指数  主题=证券
[ 76] 588060 科创50ETF广发  规模=79.61亿  跟踪=上证科创板50成份指数  主题=科创板
[ 77] 588750 科创芯片ETF汇添富  规模=77.94亿  跟踪=上证科创板芯片指数  主题=半导体
[ 78] 159755 电池ETF广发  规模=77.02亿  跟踪=国证新能源车电池指数  主题=新能源
[ 79] 159307 红利低波100ETF博时  规模=73.15亿  跟踪=中证红利低波动100指数  主题=红利
[ 80] 512710 军工龙头ETF富国  规模=73.12亿  跟踪=中证军工龙头指数  主题=军工
[ 81] 159263 价值ETF易方达  规模=71.92亿  跟踪=国证价值100指数  主题=价值
[ 82] 159363 创业板人工智能ETF华宝  规模=71.31亿  跟踪=创业板人工智能指数  主题=人工智能
[ 83] 159157 有色金属ETF天弘  规模=70.23亿  跟踪=中证工业有色金属主题指数  主题=有色金属
[ 84] 159845 中证1000ETF华夏  规模=69.13亿  跟踪=中证1000指数  主题=中证1000
[ 85] 159813 半导体ETF鹏华  规模=68.66亿  跟踪=国证半导体芯片指数  主题=半导体
[ 86] 563300 中证2000ETF华泰柏瑞  规模=68.59亿  跟踪=中证2000指数  主题=中证2000
[ 87] 516150 稀土ETF嘉实  规模=67.7亿  跟踪=中证稀土产业指数  主题=有色金属
[ 88] 159865 养殖ETF国泰  规模=66.48亿  跟踪=中证畜牧养殖指数  主题=农业
[ 89] 159977 创业板ETF天弘  规模=66.17亿  跟踪=创业板指数(价格)  主题=创业板
[ 90] 588220 科创100ETF鹏华  规模=65.99亿  跟踪=上证科创板100指数  主题=科创板
[ 91] 512660 军工ETF国泰  规模=65.69亿  跟踪=中证军工指数  主题=军工
[ 92] 515980 人工智能ETF华富  规模=64.69亿  跟踪=中证人工智能产业指数  主题=人工智能
[ 93] 159562 黄金股ETF华夏  规模=64.43亿  跟踪=中证沪深港黄金产业股票指数  主题=黄金
[ 94] 159851 金融科技ETF华宝  规模=64.17亿  跟踪=中证金融科技主题指数  主题=其他
[ 95] 560610 A500ETF招商  规模=63.51亿  跟踪=中证A500指数  主题=中证A500
[ 96] 159259 成长ETF易方达  规模=61.51亿  跟踪=国证成长100指数  主题=成长
[ 97] 512950 央企改革ETF华夏  规模=61.41亿  跟踪=中证央企结构调整指数  主题=央企国企
[ 98] 159770 机器人ETF天弘  规模=61.36亿  跟踪=中证机器人指数  主题=机器人
[ 99] 561980 半导体设备ETF招商  规模=59.8亿  跟踪=中证半导体产业指数  主题=半导体
[100] 560010 中证1000ETF广发  规模=59.53亿  跟踪=中证1000指数  主题=中证1000
2026-08-27 17:34:08  步骤1完成 -> C:\Users\hailo\Desktop\每周自动指标\output_etf\2026-08-27\etf_list_2026-08-27.csv
2026-08-27 17:34:08  步骤2: 计算 KDJ-J(日/周/月)...
2026-08-27 17:34:08  步骤2: 计算指标...
2026-08-27 17:34:08  观察池: 共62只(含历史追踪0只)
2026-08-27 17:34:08  待处理 62 条，并发数 5
2026-08-27 17:34:12  [  3] 159915 创业板ETF易方达  完成  日J=10.27 周J=24.21 月J=28.47 MA20=3.537 MA60=3.783 多头=0 价=3.49 涨=1.69%  PE=39.45(36.16%) PB=5.55(63.68%)
2026-08-27 17:34:13  [  2] 588000 科创50ETF华夏  完成  日J=38.43 周J=7.12 月J=41.17 MA20=1.776 MA60=1.911 多头=0 价=1.79 涨=4.01%  PE=76.4(80.84%) PB=7.43(86.37%)
2026-08-27 17:34:13  [  1] 510300 沪深300ETF华泰柏瑞  完成  日J=31.18 周J=25.07 月J=33.96 MA20=4.696 MA60=4.79 多头=0 价=4.69 涨=0.82%  PE=14.35(76.61%) PB=1.45(48.0%)
2026-08-27 17:34:13  [  4] 512880 证券ETF国泰  完成  日J=101.65 周J=21.82 月J=35.88 MA20=1.089 MA60=1.095 多头=0 价=1.11 涨=0.91%  PE=15.19(9.59%) PB=1.28(17.96%)
2026-08-27 17:34:13  [  5] 588200 科创芯片ETF嘉实  完成  日J=37.39 周J=12.62 月J=44.87 MA20=1.177 MA60=1.288 多头=0 价=1.2 涨=4.53%  PE=117.2(79.37%) PB=None(None%)
2026-08-27 17:34:15  [  6] 588170 科创半导体ETF华夏  完成  日J=34.35 周J=20.85 月J=52.97 MA20=0.997 MA60=1.047 多头=0 价=1.03 涨=3.62%  PE=42.93(80.96%) PB=None(None%)
2026-08-27 17:34:17  [  7] 159516 半导体设备ETF国泰  完成  日J=32.43 周J=19.88 月J=52.36 MA20=0.723 MA60=0.759 多头=0 价=0.74 涨=3.21%  PE=111.56(95.06%) PB=None(None%)
2026-08-27 17:34:17  [  8] 515880 通信ETF国泰  完成  日J=31.79 周J=33.05 月J=36.59 MA20=0.656 MA60=0.74 多头=0 价=0.68 涨=4.94%  PE=47.5(89.23%) PB=None(None%)
2026-08-27 17:34:17  [  9] 563360 A500ETF华泰柏瑞  完成  日J=31.32 周J=27.27 月J=32.43 MA20=1.296 MA60=1.329 多头=0 价=1.29 涨=1.09%  PE=16.29(74.61%) PB=None(None%)
2026-08-27 17:34:17  [ 10] 510500 中证500ETF南方  完成  日J=41.15 周J=35.05 月J=39.05 MA20=7.868 MA60=8.127 多头=0 价=7.97 涨=2.32%  PE=27.58(71.46%) PB=2.44(78.12%)
2026-08-27 17:34:19  [ 11] 512890 红利低波ETF华泰柏瑞  完成  日J=88.92 周J=89.25 月J=71.16 MA20=1.173 MA60=1.149 多头=1 价=1.18 涨=-0.92%  PE=7.98(73.19%) PB=0.87(62.12%)
2026-08-27 17:34:20  [ 12] 159995 芯片ETF华夏  完成  日J=32.64 周J=8.43 月J=36.47 MA20=1.167 MA60=1.303 多头=0 价=1.18 涨=4.33%  PE=None(None%) PB=None(None%)
2026-08-27 17:34:20  [ 14] 159949 创业板50ETF华安  完成  日J=7.16 周J=22.52 月J=22.58 MA20=1.66 MA60=1.798 多头=0 价=1.64 涨=1.43%  PE=None(None%) PB=None(None%)
2026-08-27 17:34:21  [ 15] 512170 医疗ETF华宝  完成  日J=32.62 周J=88.74 月J=44.89 MA20=0.345 MA60=0.321 多头=1 价=0.35 涨=1.45%  PE=29.33(29.43%) PB=3.53(14.16%)
2026-08-27 17:34:21  [ 13] 512400 有色金属ETF南方  完成  日J=87.52 周J=91.36 月J=11.85 MA20=1.908 MA60=1.867 多头=1 价=1.97 涨=1.34%  PE=16.28(89.28%) PB=None(None%)
2026-08-27 17:34:23  [ 16] 510050 上证50ETF华夏  完成  日J=75.67 周J=52.89 月J=38.06 MA20=3.022 MA60=3.02 多头=1 价=3.04 涨=0.9%  PE=11.67(80.85%) PB=1.25(58.6%)
2026-08-27 17:34:23  [ 17] 159819 人工智能ETF易方达  完成  日J=23.67 周J=9.06 月J=37.41 MA20=1.791 MA60=1.926 多头=0 价=1.75 涨=3.61%  PE=46.3(54.51%) PB=None(None%)
2026-08-27 17:34:24  [ 18] 512100 中证1000ETF南方  完成  日J=43.13 周J=46.26 月J=30.12 MA20=3.074 MA60=3.203 多头=0 价=3.14 涨=2.65%  PE=31.9(68.58%) PB=2.39(45.4%)
2026-08-27 17:34:25  [ 19] 159326 电网设备ETF华夏  完成  日J=35.91 周J=29.45 月J=25.66 MA20=1.682 MA60=1.821 多头=0 价=1.69 涨=0.65%  PE=12.66(86.79%) PB=None(None%)
2026-08-27 17:34:25  [ 20] 512480 半导体ETF国联安  完成  日J=33.44 周J=10.92 月J=39.56 MA20=1.046 MA60=1.155 多头=0 价=1.06 涨=4.23%  PE=87.78(82.65%) PB=None(None%)
2026-08-27 17:34:26  [ 22] 515450 红利低波50ETF南方  完成  日J=68.18 周J=68.16 月J=63.75 MA20=1.409 MA60=1.39 多头=1 价=1.4 涨=-1.27%  PE=8.51(79.12%) PB=0.87(62.12%)
2026-08-27 17:34:26  [ 21] 510880 红利ETF华泰柏瑞  完成  日J=97.0 周J=114.94 月J=84.45 MA20=3.332 MA60=3.212 多头=1 价=3.45 涨=0.29%  PE=8.82(80.66%) PB=0.86(62.76%)
2026-08-27 17:34:27  [ 23] 515180 红利ETF易方达  完成  日J=106.66 周J=115.17 月J=66.17 MA20=1.426 MA60=1.386 多头=1 价=1.46 涨=0.34%  PE=8.61(62.05%) PB=0.85(51.48%)
2026-08-27 17:34:28  [ 24] 515050 通信ETF华夏  完成  日J=32.6 周J=29.07 月J=40.4 MA20=1.022 MA60=1.146 多头=0 价=1.05 涨=3.96%  PE=47.74(90.93%) PB=None(None%)
2026-08-27 17:34:28  [ 25] 562500 机器人ETF华夏  完成  日J=22.9 周J=15.78 月J=14.26 MA20=0.986 MA60=1.047 多头=0 价=0.96 涨=1.9%  PE=51.7(47.09%) PB=None(None%)
2026-08-27 17:34:30  [ 27] 159781 科创创业ETF易方达  完成  日J=19.47 周J=9.45 月J=33.5 MA20=1.114 MA60=1.223 多头=0 价=1.1 涨=2.42%  PE=42.09(59.22%) PB=None(None%)
2026-08-27 17:34:30  [ 26] 510180 上证180ETF华安  完成  日J=51.8 周J=48.77 月J=32.08 MA20=3.982 MA60=4.003 多头=0 价=3.99 涨=0.96%  PE=12.17(69.71%) PB=1.23(44.52%)
2026-08-27 17:34:31  [ 28] 159530 机器人ETF易方达  完成  日J=17.11 周J=13.61 月J=10.26 MA20=1.374 MA60=1.463 多头=0 价=1.34 涨=1.52%  PE=None(None%) PB=None(None%)
2026-08-27 17:34:32  [ 29] 159992 创新药ETF银华  完成  日J=14.25 周J=74.56 月J=67.34 MA20=0.89 MA60=0.834 多头=1 价=0.88 涨=0.81%  PE=29.08(34.81%) PB=None(None%)
2026-08-27 17:34:32  [ 30] 159201 自由现金流ETF华夏  完成  日J=82.13 周J=110.22 月J=17.84 MA20=1.179 MA60=1.146 多头=1 价=1.19 涨=0.0%  PE=None(None%) PB=None(None%)
2026-08-27 17:34:34  [ 31] 510210 上证指数ETF富国  完成  日J=51.81 周J=71.01 月J=31.46 MA20=0.998 MA60=1.002 多头=0 价=1.01 涨=1.0%  PE=15.33(73.1%) PB=None(None%)
2026-08-27 17:34:34  [ 32] 517520 黄金股ETF永赢  完成  日J=69.71 周J=108.57 月J=14.65 MA20=2.085 MA60=1.858 多头=1 价=2.25 涨=1.22%  PE=21.26(49.81%) PB=None(None%)
2026-08-27 17:34:34  [ 33] 512010 医药ETF易方达  完成  日J=32.06 周J=78.1 月J=70.14 MA20=0.391 MA60=0.364 多头=1 价=0.39 涨=1.56%  PE=23.55(4.55%) PB=None(None%)
2026-08-27 17:34:36  [ 35] 515220 煤炭ETF国泰  完成  日J=90.5 周J=116.67 月J=54.25 MA20=1.254 MA60=1.213 多头=1 价=1.34 涨=2.45%  PE=19.3(88.31%) PB=1.82(97.96%)
2026-08-27 17:34:36  [ 34] 159928 消费ETF汇添富  完成  日J=65.35 周J=77.39 月J=31.73 MA20=0.674 MA60=0.654 多头=1 价=0.67 涨=0.75%  PE=19.76(19.1%) PB=3.48(2.32%)
2026-08-27 17:34:38  [ 36] 512690 酒ETF鹏华  完成  日J=11.6 周J=69.29 月J=21.66 MA20=0.434 MA60=0.419 多头=1 价=0.42 涨=-0.71%  PE=19.14(15.79%) PB=None(None%)
2026-08-27 17:34:38  [ 37] 159870 化工ETF鹏华  完成  日J=73.71 周J=57.94 月J=21.41 MA20=0.807 MA60=0.814 多头=0 价=0.82 涨=2.63%  PE=21.98(55.29%) PB=None(None%)
2026-08-27 17:34:38  [ 38] 512070 证券保险ETF易方达  完成  日J=119.15 周J=58.72 月J=17.58 MA20=0.794 MA60=0.792 多头=1 价=0.81 涨=0.5%  PE=9.78(2.45%) PB=None(None%)
2026-08-27 17:34:39  [ 39] 159206 卫星ETF永赢  完成  日J=12.85 周J=26.05 月J=2.0 MA20=1.377 MA60=1.495 多头=0 价=1.35 涨=2.74%  PE=None(None%) PB=None(None%)
2026-08-27 17:34:39  [ 40] 513630 港股低波红利ETF摩根  完成  日J=68.38 周J=84.72 月J=36.49 MA20=1.587 MA60=1.555 多头=1 价=1.59 涨=-0.93%  PE=None(None%) PB=None(None%)
2026-08-27 17:34:42  [ 41] 512760 芯片ETF国泰  完成  日J=31.24 周J=7.96 月J=38.87 MA20=1.115 MA60=1.231 多头=0 价=1.12 涨=3.7%  PE=86.42(69.79%) PB=None(None%)
2026-08-27 17:34:42  [ 43] 516650 有色金属ETF华夏  完成  日J=84.5 周J=96.41 月J=7.93 MA20=1.863 MA60=1.807 多头=1 价=1.92 涨=1.26%  PE=19.81(26.44%) PB=None(None%)
2026-08-27 17:34:42  [ 42] 512800 银行ETF华宝  完成  日J=85.38 周J=85.73 月J=79.03 MA20=0.811 MA60=0.791 多头=1 价=0.82 涨=-1.09%  PE=6.91(80.54%) PB=0.69(44.56%)
2026-08-27 17:34:43  [ 44] 159611 电力ETF广发  完成  日J=85.46 周J=40.18 月J=8.37 MA20=1.053 MA60=1.067 多头=0 价=1.04 涨=-0.38%  PE=16.0(71.04%) PB=None(None%)
2026-08-27 17:34:43  [ 45] 159852 软件ETF嘉实  完成  日J=33.62 周J=47.22 月J=-2.35 MA20=0.704 MA60=0.695 多头=1 价=0.68 涨=1.95%  PE=53.57(45.49%) PB=None(None%)
2026-08-27 17:34:45  [ 48] 159755 电池ETF广发  完成  日J=17.35 周J=33.02 月J=0.99 MA20=0.964 MA60=1.009 多头=0 价=0.95 涨=0.42%  PE=24.56(35.52%) PB=3.39(46.12%)
2026-08-27 17:34:45  [ 46] 560860 工业有色ETF万家  完成  日J=77.26 周J=78.15 月J=14.91 MA20=1.629 MA60=1.609 多头=1 价=1.67 涨=1.4%  PE=60.36(27.44%) PB=None(None%)
2026-08-27 17:34:46  [ 47] 159869 游戏ETF华夏  完成  日J=23.99 周J=64.79 月J=-2.23 MA20=1.113 MA60=1.09 多头=1 价=1.08 涨=0.19%  PE=19.28(13.26%) PB=None(None%)
2026-08-27 17:34:46  [ 50] 512710 军工龙头ETF富国  完成  日J=46.98 周J=36.89 月J=-8.3 MA20=0.618 MA60=0.638 多头=0 价=0.62 涨=2.48%  PE=None(None%) PB=None(None%)
2026-08-27 17:34:47  [ 49] 159307 红利低波100ETF博时  完成  日J=96.91 周J=71.88 月J=56.8 MA20=1.032 MA60=1.015 多头=1 价=1.03 涨=-0.29%  PE=8.79(82.49%) PB=None(None%)
2026-08-27 17:34:48  [ 51] 159263 价值ETF易方达  完成  日J=101.66 周J=95.39 月J=53.36 MA20=1.149 MA60=1.118 多头=1 价=1.16 涨=0.0%  PE=None(None%) PB=None(None%)
2026-08-27 17:34:49  [ 52] 159363 创业板人工智能ETF华宝  完成  日J=14.84 周J=38.75 月J=42.29 MA20=1.23 MA60=1.327 多头=0 价=1.23 涨=3.62%  PE=None(None%) PB=None(None%)
2026-08-27 17:34:49  [ 53] 563300 中证2000ETF华泰柏瑞  完成  日J=53.06 周J=57.73 月J=33.85 MA20=1.398 MA60=1.457 多头=0 价=1.44 涨=1.91%  PE=39.49(67.34%) PB=None(None%)
2026-08-27 17:34:50  [ 54] 516150 稀土ETF嘉实  完成  日J=41.27 周J=40.94 月J=12.62 MA20=1.758 MA60=1.837 多头=0 价=1.76 涨=2.32%  PE=29.36(31.25%) PB=None(None%)
2026-08-27 17:34:51  [ 55] 159865 养殖ETF国泰  完成  日J=68.46 周J=102.63 月J=22.2 MA20=0.537 MA60=0.522 多头=1 价=0.54 涨=1.12%  PE=23.06(53.98%) PB=None(None%)
2026-08-27 17:34:52  [ 56] 588220 科创100ETF鹏华  完成  日J=27.89 周J=36.88 月J=44.38 MA20=1.764 MA60=1.855 多头=0 价=1.81 涨=3.66%  PE=None(None%) PB=None(None%)
2026-08-27 17:34:52  [ 57] 512660 军工ETF国泰  完成  日J=30.74 周J=32.65 月J=-4.48 MA20=1.129 MA60=1.179 多头=0 价=1.12 涨=1.82%  PE=45.46(12.56%) PB=3.2(49.8%)
2026-08-27 17:34:54  [ 58] 515980 人工智能ETF华富  完成  日J=30.02 周J=16.68 月J=39.53 MA20=1.04 MA60=1.117 多头=0 价=1.03 涨=4.25%  PE=49.61(79.77%) PB=None(None%)
2026-08-27 17:34:55  [ 59] 159851 金融科技ETF华宝  完成  日J=99.46 周J=76.52 月J=4.52 MA20=0.629 MA60=0.622 多头=1 价=0.64 涨=2.07%  PE=32.59(10.14%) PB=None(None%)
2026-08-27 17:34:55  [ 60] 159259 成长ETF易方达  完成  日J=34.98 周J=28.61 月J=40.16 MA20=1.32 MA60=1.471 多头=0 价=1.36 涨=4.29%  PE=None(None%) PB=None(None%)
2026-08-27 17:34:57  [ 61] 512950 央企改革ETF华夏  完成  日J=47.19 周J=45.3 月J=37.89 MA20=1.508 MA60=1.526 多头=0 价=1.52 涨=1.4%  PE=15.72(82.54%) PB=None(None%)
2026-08-27 17:34:57  [ 62] 561980 半导体设备ETF招商  完成  日J=33.55 周J=15.13 月J=53.83 MA20=0.702 MA60=0.74 多头=0 价=0.71 涨=3.5%  PE=129.2(93.81%) PB=None(None%)
2026-08-27 17:34:57  全部完成，结果已写入 C:\Users\hailo\Desktop\每周自动指标\output_etf\2026-08-27\metrics_2026-08-27.csv
2026-08-27 17:34:57  步骤2完成 -> C:\Users\hailo\Desktop\每周自动指标\output_etf\2026-08-27\metrics_2026-08-27.csv
2026-08-27 17:34:57  步骤3: 生成 HTML 总结报告...
2026-08-27 17:34:57  步骤3完成 -> C:\Users\hailo\Desktop\每周自动指标\output_etf\2026-08-27\report_2026-08-27.html
2026-08-27 17:34:57  步骤4: 发送邮件报告...
2026-08-27 17:34:59  步骤4完成: 邮件已发送
2026-08-27 17:34:59  ===== 全部完成 2026-08-27 =====
2026-08-27 18:05:57  今日(2026-08-27)已完成，跳过。结果目录: /home/runner/work/daily-stock-metrics/daily-stock-metrics/output_etf/2026-08-27
2026-08-27 18:24:52  今日(2026-08-27)已完成，跳过。结果目录: /home/runner/work/daily-stock-metrics/daily-stock-metrics/output_etf/2026-08-27
2026-08-27 18:32:00  今日(2026-08-27)已完成，跳过。结果目录: /home/runner/work/daily-stock-metrics/daily-stock-metrics/output_etf/2026-08-27
2026-08-27 18:47:33  今日(2026-08-27)已完成，跳过。结果目录: /home/runner/work/daily-stock-metrics/daily-stock-metrics/output_etf/2026-08-27
2026-08-27 20:53:27  今日(2026-08-27)已完成，跳过。结果目录: /home/runner/work/daily-stock-metrics/daily-stock-metrics/output_etf/2026-08-27
