2026-08-14 17:29:10  ===== 开始每日ETF指标任务 2026-08-14 =====
2026-08-14 17:29:10  步骤1: 获取场内规模前100的ETF...
[  1] 510300 沪深300ETF华泰柏瑞  规模=1174.94亿  跟踪=沪深300指数  主题=沪深300
[  2] 588000 科创50ETF华夏  规模=899.28亿  跟踪=上证科创板50成份指数  主题=科创板
[  3] 159915 创业板ETF易方达  规模=677.04亿  跟踪=创业板指数(价格)  主题=创业板
[  4] 512880 证券ETF国泰  规模=630.85亿  跟踪=中证全指证券公司指数  主题=证券
[  5] 510310 沪深300ETF易方达  规模=528.81亿  跟踪=沪深300指数  主题=沪深300
[  6] 588200 科创芯片ETF嘉实  规模=518.49亿  跟踪=上证科创板芯片指数  主题=半导体
[  7] 563360 A500ETF华泰柏瑞  规模=435.12亿  跟踪=中证A500指数  主题=中证A500
[  8] 510330 沪深300ETF华夏  规模=429.7亿  跟踪=沪深300指数  主题=沪深300
[  9] 510500 中证500ETF南方  规模=429.19亿  跟踪=中证500指数  主题=中证500
[ 10] 515880 通信ETF国泰  规模=425.7亿  跟踪=中证全指通信设备指数  主题=通信
[ 11] 588080 科创50ETF易方达  规模=418.15亿  跟踪=上证科创板50成份指数  主题=科创板
[ 12] 159516 半导体设备ETF国泰  规模=416.86亿  跟踪=中证半导体材料设备主题指数  主题=半导体
[ 13] 588170 科创半导体ETF华夏  规模=391.73亿  跟踪=上证科创板半导体材料设备主题指数  主题=半导体
[ 14] 512000 券商ETF华宝  规模=391.47亿  跟踪=中证全指证券公司指数  主题=证券
[ 15] 159352 A500ETF南方  规模=355.22亿  跟踪=中证A500指数  主题=中证A500
[ 16] 512890 红利低波ETF华泰柏瑞  规模=318.18亿  跟踪=中证红利低波动指数  主题=红利
[ 17] 159919 沪深300ETF嘉实  规模=312.65亿  跟踪=沪深300指数  主题=沪深300
[ 18] 159361 A500ETF易方达  规模=288.18亿  跟踪=中证A500指数  主题=中证A500
[ 19] 159995 芯片ETF华夏  规模=280.49亿  跟踪=国证半导体芯片指数  主题=半导体
[ 20] 159338 中证A500ETF国泰  规模=278.88亿  跟踪=中证A500指数  主题=中证A500
[ 21] 159949 创业板50ETF华安  规模=267.1亿  跟踪=创业板50指数  主题=创业板
[ 22] 512170 医疗ETF华宝  规模=262.03亿  跟踪=中证医疗指数  主题=医药
[ 23] 512100 中证1000ETF南方  规模=252.52亿  跟踪=中证1000指数  主题=中证1000
[ 24] 512400 有色金属ETF南方  规模=250.75亿  跟踪=有色金属  主题=有色金属
[ 25] 159326 电网设备ETF华夏  规模=217.58亿  跟踪=中证电网设备主题指数  主题=其他
[ 26] 159819 人工智能ETF易方达  规模=217.13亿  跟踪=中证人工智能主题指数  主题=人工智能
[ 27] 512050 A500ETF华夏  规模=211.04亿  跟踪=中证A500指数  主题=中证A500
[ 28] 510880 红利ETF华泰柏瑞  规模=207.42亿  跟踪=上证红利指数  主题=红利
[ 29] 510050 上证50ETF华夏  规模=204.78亿  跟踪=上证50指数  主题=上证50
[ 30] 512480 半导体ETF国联安  规模=203.1亿  跟踪=中证全指半导体产品与设备指数  主题=半导体
[ 31] 159558 半导体设备ETF易方达  规模=200.16亿  跟踪=中证半导体材料设备主题指数  主题=半导体
[ 32] 515450 红利低波50ETF南方  规模=194.81亿  跟踪=标普中国A股大盘红利低波50指数  主题=红利
[ 33] 562500 机器人ETF华夏  规模=186.2亿  跟踪=中证机器人指数  主题=机器人
[ 34] 515050 通信ETF华夏  规模=185.54亿  跟踪=中证5G通信主题指数  主题=通信
[ 35] 159530 机器人ETF易方达  规模=184.98亿  跟踪=国证机器人产业指数  主题=机器人
[ 36] 159992 创新药ETF银华  规模=184.46亿  跟踪=中证创新药产业指数  主题=医药
[ 37] 159781 科创创业ETF易方达  规模=180.2亿  跟踪=中证科创创业50指数  主题=科创板
[ 38] 515180 红利ETF易方达  规模=176.76亿  跟踪=中证红利指数  主题=红利
[ 39] 510180 上证180ETF华安  规模=176.33亿  跟踪=上证180指数  主题=上证180
[ 40] 510210 上证指数ETF富国  规模=173.01亿  跟踪=上证综合指数  主题=其他
[ 41] 512010 医药ETF易方达  规模=165.27亿  跟踪=沪深300医药卫生指数  主题=医药
[ 42] 159201 自由现金流ETF华夏  规模=164.94亿  跟踪=国证自由现金流指数  主题=货币市场
[ 43] 517520 黄金股ETF永赢  规模=164.64亿  跟踪=中证沪深港黄金产业股票指数  主题=黄金
[ 44] 159928 消费ETF汇添富  规模=159.1亿  跟踪=中证主要消费指数  主题=消费
[ 45] 159206 卫星ETF永赢  规模=156.73亿  跟踪=国证商用卫星通信产业指数  主题=通信
[ 46] 159870 化工ETF鹏华  规模=147.02亿  跟踪=细分化工  主题=化工
[ 47] 512690 酒ETF鹏华  规模=146.89亿  跟踪=中证酒指数  主题=白酒
[ 48] 512070 证券保险ETF易方达  规模=145.6亿  跟踪=沪深300非银行金融指数  主题=证券
[ 49] 515220 煤炭ETF国泰  规模=140.57亿  跟踪=中证煤炭指数  主题=煤炭
[ 50] 515120 创新药ETF广发  规模=124.55亿  跟踪=中证创新药产业指数  主题=医药
[ 51] 560780 半导体设备ETF广发  规模=123.41亿  跟踪=中证半导体材料设备主题指数  主题=半导体
[ 52] 563020 红利低波ETF易方达  规模=122.67亿  跟踪=中证红利低波动指数  主题=红利
[ 53] 159841 证券ETF天弘  规模=119.33亿  跟踪=中证全指证券公司指数  主题=证券
[ 54] 513630 港股低波红利ETF摩根  规模=117.9亿  跟踪=标普港股通低波红利指数  主题=红利
[ 55] 159952 创业板ETF广发  规模=117.4亿  跟踪=创业板指数(价格)  主题=创业板
[ 56] 515080 中证红利ETF招商  规模=115.2亿  跟踪=中证红利指数  主题=红利
[ 57] 563800 A500ETF广发  规模=110.33亿  跟踪=中证A500指数  主题=中证A500
[ 58] 588050 科创50ETF工银  规模=110.15亿  跟踪=上证科创板50成份指数  主题=科创板
[ 59] 588710 科创半导体设备ETF华泰柏瑞  规模=108.52亿  跟踪=上证科创板半导体材料设备主题指数  主题=半导体
[ 60] 512760 芯片ETF国泰  规模=108.5亿  跟踪=中华交易服务半导体芯片行业人民币指数  主题=半导体
[ 61] 159611 电力ETF广发  规模=104.09亿  跟踪=中证全指电力公用事业指数  主题=电力
[ 62] 159845 中证1000ETF华夏  规模=103.18亿  跟踪=中证1000指数  主题=中证1000
[ 63] 512800 银行ETF华宝  规模=99.25亿  跟踪=中证银行指数  主题=银行
[ 64] 159842 券商ETF银华  规模=97.79亿  跟踪=中证全指证券公司指数  主题=证券
[ 65] 516650 有色金属ETF华夏  规模=97.67亿  跟踪=细分有色  主题=有色金属
[ 66] 560860 工业有色ETF万家  规模=96.01亿  跟踪=中证工业有色金属主题指数  主题=有色金属
[ 67] 159869 游戏ETF华夏  规模=93.57亿  跟踪=中证动漫游戏指数  主题=传媒
[ 68] 159852 软件ETF嘉实  规模=91.96亿  跟踪=中证软件服务指数  主题=计算机
[ 69] 159922 中证500ETF嘉实  规模=91.16亿  跟踪=中证500指数  主题=中证500
[ 70] 515330 沪深300ETF天弘  规模=88.71亿  跟踪=沪深300指数  主题=沪深300
[ 71] 159755 电池ETF广发  规模=88.57亿  跟踪=国证新能源车电池指数  主题=新能源
[ 72] 159351 A500ETF嘉实  规模=87.12亿  跟踪=中证A500指数  主题=中证A500
[ 73] 515070 人工智能ETF华夏  规模=85.27亿  跟踪=中证人工智能主题指数  主题=人工智能
[ 74] 512500 中证500ETF华夏  规模=84.96亿  跟踪=中证500指数  主题=中证500
[ 75] 562590 半导体设备ETF华夏  规模=84.72亿  跟踪=中证半导体材料设备主题指数  主题=半导体
[ 76] 563220 A500ETF富国  规模=83.42亿  跟踪=中证A500指数  主题=中证A500
[ 77] 563300 中证2000ETF华泰柏瑞  规模=80.81亿  跟踪=中证2000指数  主题=中证2000
[ 78] 512900 证券ETF南方  规模=80.81亿  跟踪=中证全指证券公司指数  主题=证券
[ 79] 588060 科创50ETF广发  规模=78.3亿  跟踪=上证科创板50成份指数  主题=科创板
[ 80] 588750 科创芯片ETF汇添富  规模=74.89亿  跟踪=上证科创板芯片指数  主题=半导体
[ 81] 159363 创业板人工智能ETF华宝  规模=74.48亿  跟踪=创业板人工智能指数  主题=人工智能
[ 82] 512710 军工龙头ETF富国  规模=73.87亿  跟踪=中证军工龙头指数  主题=军工
[ 83] 159307 红利低波100ETF博时  规模=71.67亿  跟踪=中证红利低波动100指数  主题=红利
[ 84] 516150 稀土ETF嘉实  规模=69.64亿  跟踪=中证稀土产业指数  主题=有色金属
[ 85] 159813 半导体ETF鹏华  规模=68.44亿  跟踪=国证半导体芯片指数  主题=半导体
[ 86] 159157 有色金属ETF天弘  规模=67.93亿  跟踪=中证工业有色金属主题指数  主题=有色金属
[ 87] 560010 中证1000ETF广发  规模=67.7亿  跟踪=中证1000指数  主题=中证1000
[ 88] 512660 军工ETF国泰  规模=66.87亿  跟踪=中证军工指数  主题=军工
[ 89] 159977 创业板ETF天弘  规模=65.2亿  跟踪=创业板指数(价格)  主题=创业板
[ 90] 159263 价值ETF易方达  规模=65.17亿  跟踪=国证价值100指数  主题=价值
[ 91] 159851 金融科技ETF华宝  规模=64.99亿  跟踪=中证金融科技主题指数  主题=其他
[ 92] 159770 机器人ETF天弘  规模=63.41亿  跟踪=中证机器人指数  主题=机器人
[ 93] 159865 养殖ETF国泰  规模=63.33亿  跟踪=中证畜牧养殖指数  主题=农业
[ 94] 515980 人工智能ETF华富  规模=63.33亿  跟踪=中证人工智能产业指数  主题=人工智能
[ 95] 560610 A500ETF招商  规模=62.36亿  跟踪=中证A500指数  主题=中证A500
[ 96] 512950 央企改革ETF华夏  规模=61.34亿  跟踪=中证央企结构调整指数  主题=央企国企
[ 97] 159783 科创创业50ETF华夏  规模=61.18亿  跟踪=中证科创创业50指数  主题=科创板
[ 98] 159967 创业板成长ETF华夏  规模=60.97亿  跟踪=创业板动量成长指数  主题=成长
[ 99] 159796 电池ETF汇添富  规模=60.92亿  跟踪=中证电池主题指数  主题=新能源
[100] 588220 科创100ETF鹏华  规模=57.9亿  跟踪=上证科创板100指数  主题=科创板
2026-08-14 17:30:29  步骤1完成 -> C:\Users\hailo\Desktop\每周自动指标\output_etf\2026-08-14\etf_list_2026-08-14.csv
2026-08-14 17:30:29  步骤2: 计算 KDJ-J(日/周/月)...
2026-08-14 17:30:36  [  1] 510300 沪深300ETF华泰柏瑞  完成  日J=74.1 周J=27.14 月J=38.47 价=4.73 涨=0.02%  PE=14.42(78.55%) PB=1.47(52.72%)
2026-08-14 17:30:37  [  2] 588000 科创50ETF华夏  完成  日J=84.06 周J=7.55 月J=42.62 价=1.81 涨=-0.11%  PE=81.01(89.39%) PB=8.13(95.95%)
2026-08-14 17:30:38  [  3] 159915 创业板ETF易方达  完成  日J=91.13 周J=24.59 月J=37.38 价=3.65 涨=1.28%  PE=44.15(55.24%) PB=5.96(71.12%)
2026-08-14 17:30:46  [  4] 512880 证券ETF国泰  完成  日J=10.85 周J=35.51 月J=30.87 价=1.09 涨=-1.27%  PE=15.29(10.14%) PB=1.31(22.04%)
2026-08-14 17:30:48  [  5] 588200 科创芯片ETF嘉实  完成  日J=90.66 周J=8.08 月J=45.68 价=1.21 涨=0.5%  PE=124.31(83.47%) PB=None(None%)
2026-08-14 17:30:49  [  6] 563360 A500ETF华泰柏瑞  完成  日J=77.42 周J=28.51 月J=36.85 价=1.31 涨=0.08%  PE=16.41(79.09%) PB=None(None%)
2026-08-14 17:30:50  [  7] 510500 中证500ETF南方  完成  日J=84.02 周J=29.05 月J=40.07 价=8.0 涨=0.25%  PE=28.27(73.31%) PB=2.53(81.16%)
2026-08-14 17:30:52  [  8] 515880 通信ETF国泰  完成  日J=102.61 周J=19.99 月J=38.13 价=0.69 涨=3.6%  PE=49.64(94.26%) PB=None(None%)
2026-08-14 17:30:53  [  9] 159516 半导体设备ETF国泰  完成  日J=93.16 周J=16.18 月J=52.36 价=0.74 涨=0.68%  PE=115.19(96.43%) PB=None(None%)
2026-08-14 17:30:54  [ 10] 588170 科创半导体ETF华夏  完成  日J=95.08 周J=16.12 月J=52.21 价=1.02 涨=0.99%  PE=43.02(81.78%) PB=None(None%)
2026-08-14 17:30:57  [ 11] 512890 红利低波ETF华泰柏瑞  完成  日J=6.65 周J=83.17 月J=60.92 价=1.16 涨=0.26%  PE=7.67(67.22%) PB=0.85(56.72%)
2026-08-14 17:30:58  [ 12] 159995 芯片ETF华夏  完成  日J=92.47 周J=5.7 月J=38.12 价=1.2 涨=0.67%  PE=None(None%) PB=None(None%)
2026-08-14 17:30:59  [ 13] 159949 创业板50ETF华安  完成  日J=88.63 周J=21.91 月J=31.3 价=1.71 涨=1.3%  PE=None(None%) PB=None(None%)
2026-08-14 17:31:01  [ 14] 512170 医疗ETF华宝  完成  日J=68.92 周J=106.86 月J=44.89 价=0.35 涨=-1.41%  PE=29.97(32.21%) PB=3.66(18.36%)
2026-08-14 17:31:02  [ 15] 512100 中证1000ETF南方  完成  日J=91.02 周J=37.33 月J=30.99 价=3.15 涨=0.7%  PE=32.52(70.49%) PB=2.47(51.0%)
2026-08-14 17:31:04  [ 16] 512400 有色金属ETF南方  完成  日J=37.88 周J=62.04 月J=6.03 价=1.89 涨=1.12%  PE=16.01(86.54%) PB=None(None%)
2026-08-14 17:31:05  [ 17] 159326 电网设备ETF华夏  完成  日J=85.67 周J=19.52 月J=27.43 价=1.71 涨=1.3%  PE=12.6(84.16%) PB=None(None%)
2026-08-14 17:31:07  [ 18] 159819 人工智能ETF易方达  完成  日J=74.68 周J=19.91 月J=46.17 价=1.85 涨=1.09%  PE=50.28(71.56%) PB=None(None%)
2026-08-14 17:31:08  [ 19] 510880 红利ETF华泰柏瑞  完成  日J=59.97 周J=105.67 月J=69.82 价=3.3 涨=0.82%  PE=8.43(70.86%) PB=0.83(59.8%)
2026-08-14 17:31:10  [ 20] 510050 上证50ETF华夏  完成  日J=46.28 周J=62.41 月J=34.22 价=3.02 涨=-0.56%  PE=11.58(78.89%) PB=1.25(56.84%)
2026-08-14 17:31:11  [ 21] 512480 半导体ETF国联安  完成  日J=95.19 周J=6.91 月J=41.34 价=1.08 涨=1.12%  PE=92.82(89.36%) PB=None(None%)
2026-08-14 17:31:12  [ 22] 515450 红利低波50ETF南方  完成  日J=8.47 周J=73.86 月J=63.75 价=1.4 涨=0.0%  PE=8.27(73.64%) PB=0.85(56.72%)
2026-08-14 17:31:14  [ 23] 562500 机器人ETF华夏  完成  日J=56.97 周J=22.43 月J=22.54 价=1.0 涨=0.2%  PE=55.55(65.1%) PB=None(None%)
2026-08-14 17:31:22  [ 24] 515050 通信ETF华夏  完成  日J=96.57 周J=18.99 月J=42.43 价=1.07 涨=2.39%  PE=49.98(95.34%) PB=None(None%)
2026-08-14 17:31:23  [ 25] 159530 机器人ETF易方达  完成  日J=57.94 周J=19.87 月J=18.85 价=1.4 涨=0.07%  PE=None(None%) PB=None(None%)
2026-08-14 17:31:25  [ 26] 159992 创新药ETF银华  完成  日J=82.88 周J=96.57 月J=81.2 价=0.92 涨=-1.18%  PE=31.22(48.77%) PB=None(None%)
2026-08-14 17:31:26  [ 27] 159781 科创创业ETF易方达  完成  日J=88.3 周J=11.29 月J=39.61 价=1.15 涨=1.14%  PE=44.72(65.3%) PB=None(None%)
2026-08-14 17:31:28  [ 28] 515180 红利ETF易方达  完成  日J=39.26 周J=102.65 月J=49.48 价=1.41 涨=0.36%  PE=8.26(54.89%) PB=0.82(44.96%)
2026-08-14 17:31:29  [ 29] 510180 上证180ETF华安  完成  日J=52.58 周J=53.45 月J=32.08 价=3.99 涨=-0.27%  PE=12.11(68.36%) PB=1.23(43.56%)
2026-08-14 17:31:30  [ 30] 510210 上证指数ETF富国  完成  日J=74.03 周J=55.03 月J=24.93 价=1.0 涨=-0.4%  PE=15.34(73.27%) PB=None(None%)
2026-08-14 17:31:32  [ 31] 512010 医药ETF易方达  完成  日J=68.02 周J=101.65 月J=77.69 价=0.4 涨=-0.25%  PE=24.59(9.36%) PB=None(None%)
2026-08-14 17:31:33  [ 32] 159201 自由现金流ETF华夏  完成  日J=31.06 周J=102.27 月J=14.51 价=1.17 涨=-0.17%  PE=None(None%) PB=None(None%)
2026-08-14 17:31:34  [ 33] 517520 黄金股ETF永赢  完成  日J=31.72 周J=96.04 月J=4.26 价=2.0 涨=1.01%  PE=21.67(54.84%) PB=None(None%)
2026-08-14 17:31:36  [ 34] 159928 消费ETF汇添富  完成  日J=25.54 周J=95.99 月J=31.73 价=0.67 涨=-2.05%  PE=20.43(22.9%) PB=3.62(5.32%)
2026-08-14 17:31:38  [ 35] 159206 卫星ETF永赢  完成  日J=89.23 周J=33.21 月J=8.21 价=1.44 涨=0.98%  PE=None(None%) PB=None(None%)
2026-08-14 17:31:39  [ 36] 159870 化工ETF鹏华  完成  日J=31.95 周J=46.94 月J=16.09 价=0.8 涨=0.12%  PE=21.95(55.29%) PB=None(None%)
2026-08-14 17:31:41  [ 37] 512690 酒ETF鹏华  完成  日J=55.66 周J=101.11 月J=29.07 价=0.44 涨=-2.0%  PE=20.08(22.51%) PB=None(None%)
2026-08-14 17:31:42  [ 38] 512070 证券保险ETF易方达  完成  日J=1.28 周J=56.49 月J=8.57 价=0.78 涨=-1.76%  PE=9.64(1.85%) PB=None(None%)
2026-08-14 17:31:43  [ 39] 515220 煤炭ETF国泰  完成  日J=81.7 周J=82.28 月J=39.95 价=1.26 涨=1.61%  PE=18.33(85.88%) PB=1.74(94.24%)
2026-08-14 17:31:45  [ 40] 513630 港股低波红利ETF摩根  完成  日J=10.73 周J=75.82 月J=30.65 价=1.57 涨=0.19%  PE=None(None%) PB=None(None%)
2026-08-14 17:31:46  [ 41] 512760 芯片ETF国泰  完成  日J=92.72 周J=6.4 月J=41.51 价=1.15 涨=0.88%  PE=92.07(81.49%) PB=None(None%)
2026-08-14 17:31:48  [ 42] 159611 电力ETF广发  完成  日J=11.37 周J=34.28 月J=9.53 价=1.05 涨=-1.87%  PE=15.3(67.29%) PB=None(None%)
2026-08-14 17:31:56  [ 43] 512800 银行ETF华宝  完成  日J=11.59 周J=75.37 月J=65.95 价=0.8 涨=-0.37%  PE=6.65(70.27%) PB=0.67(38.04%)
2026-08-14 17:31:58  [ 44] 516650 有色金属ETF华夏  完成  日J=35.15 周J=69.32 月J=2.54 价=1.84 涨=0.99%  PE=19.08(24.79%) PB=None(None%)
2026-08-14 17:32:06  [ 45] 560860 工业有色ETF万家  完成  日J=39.45 周J=51.65 月J=11.18 价=1.63 涨=1.62%  PE=63.02(35.14%) PB=None(None%)
2026-08-14 17:32:08  [ 46] 159869 游戏ETF华夏  完成  日J=47.37 周J=100.68 月J=4.72 价=1.15 涨=2.05%  PE=19.96(18.24%) PB=None(None%)
2026-08-14 17:32:09  [ 47] 159852 软件ETF嘉实  完成  日J=4.7 周J=80.54 月J=3.13 价=0.71 涨=0.28%  PE=57.17(53.34%) PB=None(None%)
2026-08-14 17:32:11  [ 48] 159755 电池ETF广发  完成  日J=75.72 周J=32.29 月J=6.32 价=0.98 涨=0.51%  PE=25.77(37.84%) PB=3.52(51.48%)
2026-08-14 17:32:12  [ 49] 563300 中证2000ETF华泰柏瑞  完成  日J=94.02 周J=46.01 月J=33.54 价=1.44 涨=0.98%  PE=39.99(69.04%) PB=None(None%)
2026-08-14 17:32:13  [ 50] 159363 创业板人工智能ETF华宝  完成  日J=93.54 周J=33.84 月J=48.73 价=1.29 涨=3.12%  PE=None(None%) PB=None(None%)
2026-08-14 17:32:14  [ 51] 512710 军工龙头ETF富国  完成  日J=57.95 周J=45.22 月J=-6.4 价=0.63 涨=0.96%  PE=None(None%) PB=None(None%)
2026-08-14 17:32:16  [ 52] 159307 红利低波100ETF博时  完成  日J=-4.21 周J=81.17 月J=51.75 价=1.02 涨=-0.78%  PE=8.61(77.19%) PB=None(None%)
2026-08-14 17:32:17  [ 53] 516150 稀土ETF嘉实  完成  日J=61.02 周J=34.32 月J=17.21 价=1.81 涨=2.78%  PE=30.05(33.97%) PB=None(None%)
2026-08-14 17:32:19  [ 54] 512660 军工ETF国泰  完成  日J=70.48 周J=41.5 月J=-0.77 价=1.15 涨=0.35%  PE=47.1(16.32%) PB=3.35(60.28%)
2026-08-14 17:32:20  [ 55] 159263 价值ETF易方达  完成  日J=-6.05 周J=90.66 月J=44.64 价=1.13 涨=-0.61%  PE=None(None%) PB=None(None%)
2026-08-14 17:32:21  [ 56] 159851 金融科技ETF华宝  完成  日J=8.41 周J=60.18 月J=2.75 价=0.63 涨=-0.32%  PE=33.21(12.29%) PB=None(None%)
2026-08-14 17:32:23  [ 57] 159865 养殖ETF国泰  完成  日J=40.45 周J=97.2 月J=18.41 价=0.53 涨=-1.48%  PE=23.22(54.72%) PB=None(None%)
2026-08-14 17:32:24  [ 58] 515980 人工智能ETF华富  完成  日J=81.53 周J=23.64 月J=47.18 价=1.08 涨=1.31%  PE=53.9(86.72%) PB=None(None%)
2026-08-14 17:32:26  [ 59] 512950 央企改革ETF华夏  完成  日J=58.22 周J=41.63 月J=36.65 价=1.51 涨=0.46%  PE=15.61(81.19%) PB=None(None%)
2026-08-14 17:32:27  [ 60] 159967 创业板成长ETF华夏  完成  日J=93.49 周J=21.16 月J=41.9 价=0.83 涨=1.47%  PE=None(None%) PB=None(None%)
2026-08-14 17:32:29  [ 61] 159796 电池ETF汇添富  完成  日J=80.53 周J=30.66 月J=12.89 价=0.89 涨=0.45%  PE=None(None%) PB=None(None%)
2026-08-14 17:32:30  [ 62] 588220 科创100ETF鹏华  完成  日J=97.38 周J=25.94 月J=46.29 价=1.84 涨=1.83%  PE=None(None%) PB=None(None%)
2026-08-14 17:32:30  全部完成，结果已写入 C:\Users\hailo\Desktop\每周自动指标\output_etf\2026-08-14\metrics_2026-08-14.csv
2026-08-14 17:32:30  步骤2完成 -> C:\Users\hailo\Desktop\每周自动指标\output_etf\2026-08-14\metrics_2026-08-14.csv
2026-08-14 17:32:30  步骤3: 生成 HTML 总结报告...
2026-08-14 17:32:30  步骤3完成 -> C:\Users\hailo\Desktop\每周自动指标\output_etf\2026-08-14\report_2026-08-14.html
2026-08-14 17:32:30  步骤4: 发送邮件报告...
2026-08-14 17:32:33  步骤4完成: 邮件已发送
2026-08-14 17:32:33  ===== 全部完成 2026-08-14 =====
2026-08-14 19:00:16  今日(2026-08-14)已完成，跳过。结果目录: C:\Users\hailo\Desktop\每周自动指标\output_etf\2026-08-14
