2026-09-16 21:39:21  ===== 开始每日指标任务 2026-09-16 =====
2026-09-16 21:39:21  步骤1: 获取 A股市值前100…
2026-09-16 21:39:22  步骤1完成 -> /home/runner/work/daily-stock-metrics/daily-stock-metrics/output/2026-09-16/top100_2026-09-16.csv
2026-09-16 21:39:22  步骤2: 计算 KDJ-J(日/周/月) 及 PE/PB 历史分位…
2026-09-16 21:39:22  观察池: 共111只(含历史追踪11只) -> /home/runner/work/daily-stock-metrics/daily-stock-metrics/output/2026-09-16/tracked_2026-09-16.csv
2026-09-16 21:39:22  待处理 111 条，并发数 8
2026-09-16 21:39:26  [  5] 601988 中国银行  完成  日J=61.41 周J=91.58 月J=103.82 MA20=6.4 MA60=6.028 多头=1 价=6.56 涨=-0.15%  PE=8.49(99.72%) PB=0.77(94.13%)
2026-09-16 21:39:26  [  6] 600941 中国移动  完成  日J=-1.41 周J=66.22 月J=81.4 MA20=98.278 MA60=94.951 多头=1 价=96.94 涨=-0.87%  PE=15.95(52.72%) PB=1.48(33.51%)
2026-09-16 21:39:26  [  3] 601939 建设银行  完成  日J=50.71 周J=83.01 月J=99.79 MA20=10.829 MA60=10.325 多头=1 价=10.85 涨=-0.73%  PE=8.19(97.26%) PB=0.79(73.51%)
2026-09-16 21:39:26  [  4] 601288 农业银行  完成  日J=51.09 周J=84.21 月J=56.82 MA20=6.885 MA60=6.588 多头=1 价=6.88 涨=-0.29%  PE=8.08(91.86%) PB=0.84(83.77%)
2026-09-16 21:39:26  [  8] 600519 贵州茅台  完成  日J=-3.92 周J=15.8 月J=32.39 MA20=1293.807 MA60=1279.83 多头=1 价=1258.0 涨=-1.16%  PE=19.31(1.99%) PB=6.26(2.22%)
2026-09-16 21:39:27  [  7] 601857 XD中国石  完成  日J=22.63 周J=69.29 月J=43.59 MA20=10.927 MA60=10.274 多头=1 价=10.81 涨=-0.37%  PE=11.24(46.03%) PB=1.21(85.1%)
2026-09-16 21:39:27  [  2] 601398 工商银行  完成  日J=67.48 周J=87.92 月J=100.16 MA20=8.009 MA60=7.684 多头=1 价=8.11 涨=-0.25%  PE=7.73(95.74%) PB=0.73(69.44%)
2026-09-16 21:39:29  [  9] 600938 中国海油  完成  日J=16.47 周J=74.75 月J=29.4 MA20=33.801 MA60=31.485 多头=1 价=33.08 涨=-1.11%  PE=11.36(83.19%) PB=1.84(74.98%)
2026-09-16 21:39:29  [ 10] 300750 宁德时代  完成  日J=10.88 周J=-4.47 月J=-3.14 MA20=353.988 MA60=373.552 多头=0 价=305.48 涨=-3.44%  PE=16.63(3.83%) PB=3.73(2.64%)
2026-09-16 21:39:29  [  1] 688825 长鑫科技  完成  日J=9.7 周J=74.75 月J=None MA20=56.657 MA60=None 多头=None 价=55.1 涨=1.62%  PE=45.72(13.16%) PB=27.76(52.63%)
2026-09-16 21:39:29  [ 13] 601628 中国人寿  完成  日J=-1.65 周J=9.25 月J=25.84 MA20=38.143 MA60=38.169 多头=0 价=37.25 涨=-0.98%  PE=4.25(0.05%) PB=1.59(3.83%)
2026-09-16 21:39:29  [ 14] 688981 中芯国际  完成  日J=41.13 周J=2.77 月J=35.3 MA20=122.109 MA60=135.135 多头=0 价=120.9 涨=5.26%  PE=143.63(63.84%) PB=6.04(84.06%)
2026-09-16 21:39:29  [ 15] 600036 招商银行  完成  日J=30.88 周J=89.71 月J=97.2 MA20=40.496 MA60=38.764 多头=1 价=40.92 涨=-0.44%  PE=6.8(32.02%) PB=0.9(16.51%)
2026-09-16 21:39:29  [ 12] 300308 中际旭创  完成  日J=74.4 周J=28.0 月J=30.22 MA20=873.501 MA60=990.035 多头=0 价=907.8 涨=5.07%  PE=52.28(58.14%) PB=26.83(96.45%)
2026-09-16 21:39:29  [ 11] 601138 工业富联  完成  日J=6.38 周J=64.01 月J=35.13 MA20=62.985 MA60=63.464 多头=0 价=62.33 涨=2.52%  PE=26.37(86.42%) PB=7.04(90.5%)
2026-09-16 21:39:31  [ 16] 601088 中国神华  完成  日J=62.82 周J=78.51 月J=76.87 MA20=47.302 MA60=44.524 多头=1 价=47.1 涨=0.26%  PE=18.92(96.74%) PB=2.27(98.53%)
2026-09-16 21:39:31  [ 21] 600900 长江电力  完成  日J=80.19 周J=45.92 月J=90.05 MA20=28.242 MA60=27.909 多头=1 价=28.46 涨=-0.14%  PE=19.24(52.55%) PB=3.22(85.86%)
2026-09-16 21:39:32  [ 18] 601899 紫金矿业  完成  日J=13.71 周J=61.66 月J=31.92 MA20=33.555 MA60=31.153 多头=1 价=32.17 涨=1.55%  PE=12.64(6.58%) PB=4.24(79.42%)
2026-09-16 21:39:32  [ 17] 601318 中国平安  完成  日J=-8.81 周J=60.78 月J=22.28 MA20=54.765 MA60=52.091 多头=1 价=53.51 涨=-0.72%  PE=6.08(0.09%) PB=0.94(18.45%)
2026-09-16 21:39:32  [ 20] 688256 寒武纪  完成  日J=80.49 周J=32.43 月J=43.12 MA20=1059.159 MA60=1194.412 多头=0 价=1136.01 涨=5.6%  PE=214.4(79.43%) PB=52.7(90.18%)
2026-09-16 21:39:32  [ 19] 002594 比亚迪  完成  日J=29.39 周J=-2.55 月J=24.67 MA20=87.873 MA60=88.779 多头=0 价=83.96 涨=-0.4%  PE=26.01(22.52%) PB=3.19(25.17%)
2026-09-16 21:39:32  [ 22] 601328 交通银行  完成  日J=93.17 周J=104.32 月J=109.06 MA20=7.313 MA60=6.975 多头=1 价=7.58 涨=0.26%  PE=6.87(94.23%) PB=0.57(67.03%)
2026-09-16 21:39:32  [ 23] 000333 美的集团  完成  日J=29.83 周J=53.84 月J=87.39 MA20=86.356 MA60=83.665 多头=1 价=85.0 涨=-2.56%  PE=14.61(51.89%) PB=3.06(49.67%)
2026-09-16 21:39:33  [ 26] 300502 新易盛  完成  日J=65.89 周J=30.01 月J=35.62 MA20=407.141 MA60=459.063 多头=0 价=423.69 涨=6.72%  PE=45.05(40.82%) PB=24.32(93.09%)
2026-09-16 21:39:34  [ 28] 688041 海光信息  完成  日J=30.44 周J=0.18 月J=10.53 MA20=239.065 MA60=288.784 多头=0 价=235.09 涨=4.67%  PE=173.92(60.56%) PB=21.54(73.84%)
2026-09-16 21:39:34  [ 24] 601658 邮储银行  完成  日J=16.81 周J=75.58 月J=83.89 MA20=5.282 MA60=5.09 多头=1 价=5.39 涨=0.0%  PE=7.22(77.48%) PB=0.62(26.11%)
2026-09-16 21:39:34  [ 27] 601728 中国电信  完成  日J=69.42 周J=77.2 月J=68.85 MA20=6.243 MA60=5.967 多头=1 价=6.26 涨=-0.32%  PE=19.25(78.13%) PB=1.21(57.15%)
2026-09-16 21:39:34  [ 25] 600028 中国石化  完成  日J=-9.83 周J=55.69 月J=15.42 MA20=5.394 MA60=5.114 多头=1 价=5.21 涨=-1.51%  PE=17.51(84.91%) PB=0.75(35.48%)
2026-09-16 21:39:35  [ 31] 603259 药明康德  完成  日J=83.45 周J=65.13 月J=85.89 MA20=156.883 MA60=141.189 多头=1 价=157.71 涨=0.66%  PE=22.06(32.22%) PB=5.74(50.42%)
2026-09-16 21:39:35  [ 29] 601998 中信银行  完成  日J=54.39 周J=102.56 月J=97.85 MA20=8.759 MA60=7.892 多头=1 价=8.87 涨=-1.22%  PE=6.88(91.01%) PB=0.66(75.64%)
2026-09-16 21:39:36  [ 32] 688347 华虹宏力  完成  日J=26.22 周J=-6.91 月J=34.24 MA20=232.733 MA60=279.205 多头=0 价=224.08 涨=4.42%  PE=616.33(68.92%) PB=9.14(93.65%)
2026-09-16 21:39:36  [ 30] 002371 北方华创  完成  日J=77.44 周J=8.7 月J=38.97 MA20=671.73 MA60=731.954 多头=0 价=662.89 涨=3.88%  PE=84.63(42.38%) PB=11.86(78.33%)
2026-09-16 21:39:37  [ 33] 600030 中信证券  完成  日J=-0.87 周J=1.9 月J=63.12 MA20=27.381 MA60=27.933 多头=0 价=26.45 涨=0.38%  PE=10.42(0.09%) PB=1.4(38.6%)
2026-09-16 21:39:37  [ 36] 603993 洛阳钼业  完成  日J=12.24 周J=16.79 月J=3.84 MA20=18.609 MA60=18.56 多头=1 价=17.84 涨=1.13%  PE=13.72(11.4%) PB=4.26(86.42%)
2026-09-16 21:39:37  [ 34] 002475 立讯精密  完成  日J=11.45 周J=19.67 月J=17.88 MA20=55.177 MA60=58.594 多头=0 价=52.89 涨=2.44%  PE=22.99(18.78%) PB=4.4(21.38%)
2026-09-16 21:39:37  [ 35] 688235 百济神州  完成  日J=36.59 周J=-4.56 月J=47.16 MA20=268.031 MA60=269.388 多头=0 价=252.35 涨=-0.48%  PE=90.9(88.13%) PB=10.99(68.46%)
2026-09-16 21:39:38  [ 38] 601166 兴业银行  完成  日J=8.72 周J=25.65 月J=36.49 MA20=18.017 MA60=17.907 多头=1 价=17.8 涨=-0.67%  PE=4.99(35.86%) PB=0.45(4.21%)
2026-09-16 21:39:38  [ 37] 601869 长飞光纤  完成  日J=93.32 周J=109.05 月J=60.62 MA20=414.132 MA60=394.379 多头=1 价=461.0 涨=-0.22%  PE=110.87(89.4%) PB=23.32(98.49%)
2026-09-16 21:39:38  [ 39] 600183 生益科技  完成  日J=85.15 周J=99.62 月J=66.08 MA20=142.161 MA60=140.002 多头=1 价=154.48 涨=2.82%  PE=72.24(97.49%) PB=20.28(99.24%)
2026-09-16 21:39:38  [ 40] 002384 东山精密  完成  日J=58.83 周J=27.86 月J=51.05 MA20=191.142 MA60=209.362 多头=0 价=192.0 涨=5.02%  PE=98.1(89.31%) PB=14.43(96.07%)
2026-09-16 21:39:40  [ 42] 688012 中微公司  完成  日J=74.7 周J=29.93 月J=50.53 MA20=348.608 MA60=376.219 多头=0 价=352.6 涨=6.65%  PE=79.83(45.4%) PB=11.24(72.04%)
2026-09-16 21:39:40  [ 41] 601319 中国人保  完成  日J=-4.86 周J=72.69 月J=29.98 MA20=7.575 MA60=7.259 多头=1 价=7.72 涨=-0.13%  PE=6.0(0.11%) PB=1.0(27.08%)
2026-09-16 21:39:40  [ 43] 601601 中国太保  完成  日J=-15.19 周J=61.23 月J=15.99 MA20=32.471 MA60=31.0 多头=1 价=32.02 涨=-1.87%  PE=5.46(1.42%) PB=0.97(12.39%)
2026-09-16 21:39:40  [ 44] 601211 国泰海通  完成  日J=33.93 周J=-1.31 月J=43.78 MA20=17.624 MA60=18.194 多头=0 价=17.5 涨=0.0%  PE=9.52(3.74%) PB=0.93(24.93%)
2026-09-16 21:39:40  [ 46] 002415 海康威视  完成  日J=6.77 周J=-1.68 月J=58.29 MA20=34.342 MA60=34.585 多头=0 价=32.61 涨=-0.49%  PE=18.19(4.78%) PB=3.54(13.34%)
2026-09-16 21:39:41  [ 45] 600000 浦发银行  完成  日J=10.7 周J=42.81 月J=26.26 MA20=9.213 MA60=9.016 多头=1 价=9.1 涨=-0.87%  PE=5.92(64.76%) PB=0.4(27.11%)
2026-09-16 21:39:41  [ 47] 300394 天孚通信  完成  日J=66.33 周J=92.43 月J=46.36 MA20=260.018 MA60=247.898 多头=1 价=268.99 涨=4.51%  PE=126.35(95.74%) PB=46.96(97.4%)
2026-09-16 21:39:41  [ 48] 300059 东方财富  完成  日J=10.5 周J=-1.6 月J=16.19 MA20=18.931 MA60=19.688 多头=0 价=18.39 涨=1.21%  PE=19.95(0.52%) PB=2.96(7.52%)
2026-09-16 21:39:43  [ 50] 600150 中国船舶  完成  日J=45.82 周J=84.2 月J=49.86 MA20=36.222 MA60=34.913 多头=1 价=37.79 涨=-0.97%  PE=20.28(25.54%) PB=1.87(37.98%)
2026-09-16 21:39:43  [ 49] 600276 恒瑞医药  完成  日J=37.68 周J=-6.6 月J=1.26 MA20=45.704 MA60=51.208 多头=0 价=43.52 涨=0.9%  PE=37.38(1.28%) PB=4.48(0.24%)
2026-09-16 21:39:43  [ 56] 688820 盛合晶微  完成  日J=83.64 周J=34.04 月J=20.98 MA20=127.655 MA60=147.463 多头=0 价=134.11 涨=4.91%  PE=267.19(47.57%) PB=12.95(32.04%)
2026-09-16 21:39:43  [ 52] 002916 深南电路  完成  日J=92.8 周J=86.52 月J=57.11 MA20=364.984 MA60=373.395 多头=0 价=392.5 涨=0.71%  PE=64.16(94.8%) PB=14.83(95.22%)
2026-09-16 21:39:43  [ 55] 601919 中远海控  完成  日J=49.34 周J=59.31 月J=84.4 MA20=16.595 MA60=15.397 多头=1 价=16.38 涨=2.5%  PE=9.35(58.04%) PB=1.07(42.01%)
2026-09-16 21:39:43  [ 53] 603986 兆易创新  完成  日J=27.79 周J=13.03 月J=12.72 MA20=386.577 MA60=472.467 多头=0 价=373.14 涨=2.76%  PE=33.13(10.79%) PB=7.05(40.82%)
2026-09-16 21:39:44  [ 54] 300408 三环集团  完成  日J=98.72 周J=84.87 月J=54.97 MA20=115.005 MA60=121.966 多头=0 价=129.88 涨=2.91%  PE=78.27(97.78%) PB=11.45(98.86%)
2026-09-16 21:39:44  [ 51] 000858 五 粮 液  完成  日J=-1.01 周J=-1.85 月J=4.14 MA20=71.035 MA60=72.614 多头=0 价=69.26 涨=-0.63%  PE=20.55(21.38%) PB=2.27(0.24%)
2026-09-16 21:39:45  [ 58] 002463 沪电股份  完成  日J=86.97 周J=87.24 月J=59.91 MA20=121.543 MA60=123.438 多头=0 价=127.8 涨=1.57%  PE=48.58(94.32%) PB=13.67(98.16%)
2026-09-16 21:39:45  [ 60] 688808 联讯仪器  完成  日J=-9.89 周J=80.81 月J=70.89 MA20=2396.072 MA60=2182.524 多头=1 价=2322.88 涨=0.65%  PE=348.54(4.0%) PB=70.4(45.0%)
2026-09-16 21:39:45  [ 59] 688008 澜起科技  完成  日J=73.52 周J=22.27 月J=30.69 MA20=197.183 MA60=221.388 多头=0 价=199.89 涨=6.42%  PE=79.37(48.68%) PB=11.34(72.78%)
2026-09-16 21:39:46  [ 62] 601816 京沪高铁  完成  日J=5.47 周J=15.08 月J=68.88 MA20=4.861 MA60=4.814 多头=1 价=4.74 涨=-1.04%  PE=17.02(0.87%) PB=1.11(1.36%)
2026-09-16 21:39:46  [ 61] 002714 牧原股份  完成  日J=-6.11 周J=62.78 月J=49.46 MA20=41.687 MA60=39.543 多头=1 价=41.08 涨=-3.04%  PE=-211.59(13.58%) PB=3.0(9.6%)
2026-09-16 21:39:47  [ 57] 601225 陕西煤业  完成  日J=31.94 周J=59.8 月J=82.94 MA20=26.259 MA60=24.688 多头=1 价=25.69 涨=-0.5%  PE=12.21(87.89%) PB=2.46(87.23%)
2026-09-16 21:39:47  [ 63] 002379 宏桥控股  完成  日J=0.16 周J=21.41 月J=4.51 MA20=18.394 MA60=18.045 多头=1 价=17.57 涨=1.74%  PE=9.28(61.02%) PB=3.96(77.96%)
2026-09-16 21:39:47  [ 64] 000001 平安银行  完成  日J=25.3 周J=80.07 月J=102.25 MA20=11.72 MA60=11.173 多头=1 价=11.7 涨=-1.02%  PE=5.22(34.86%) PB=0.48(12.68%)
2026-09-16 21:39:48  [ 66] 300476 胜宏科技  完成  日J=59.76 周J=50.13 月J=6.96 MA20=236.546 MA60=255.101 多头=0 价=230.36 涨=1.9%  PE=45.05(80.04%) PB=5.97(81.65%)
2026-09-16 21:39:48  [ 68] 600309 万华化学  完成  日J=-3.98 周J=44.86 月J=11.72 MA20=74.844 MA60=72.686 多头=1 价=70.78 涨=-3.03%  PE=13.46(26.21%) PB=1.95(5.82%)
2026-09-16 21:39:48  [ 67] 600919 江苏银行  完成  日J=16.75 周J=74.09 月J=96.54 MA20=12.225 MA60=11.673 多头=1 价=12.16 涨=-1.54%  PE=6.17(83.11%) PB=0.82(90.73%)
2026-09-16 21:39:48  [ 69] 000338 潍柴动力  完成  日J=17.01 周J=24.68 月J=42.51 MA20=26.971 MA60=27.543 多头=0 价=25.52 涨=-2.0%  PE=16.98(77.06%) PB=2.29(72.89%)
2026-09-16 21:39:49  [ 70] 688498 源杰科技  完成  日J=91.31 周J=94.94 月J=75.26 MA20=1604.455 MA60=1550.124 多头=1 价=1750.94 涨=3.9%  PE=289.99(53.36%) PB=69.39(98.02%)
2026-09-16 21:39:49  [ 71] 003816 中国广核  完成  日J=15.95 周J=92.39 月J=44.61 MA20=4.214 MA60=4.031 多头=1 价=4.29 涨=-0.69%  PE=21.83(89.61%) PB=1.75(79.68%)
2026-09-16 21:39:50  [ 72] 000651 格力电器  完成  日J=4.76 周J=26.55 月J=82.73 MA20=38.907 MA60=38.118 多头=1 价=38.1 涨=-0.52%  PE=7.66(23.94%) PB=1.44(2.55%)
2026-09-16 21:39:51  [ 74] 688801 C燧原-U  完成  日J=None 周J=None 月J=None MA20=None MA60=None 多头=None  PE=-173.13(25.0%) PB=77.64(100.0%)
2026-09-16 21:39:51  [ 73] 002938 鹏鼎控股  完成  日J=48.95 周J=48.21 月J=53.7 MA20=88.812 MA60=92.854 多头=0 价=89.8 涨=1.1%  PE=54.93(96.65%) PB=6.05(93.14%)
2026-09-16 21:39:51  [ 76] 600188 兖矿能源  完成  日J=-3.9 周J=47.39 月J=51.71 MA20=21.654 MA60=20.354 多头=1 价=20.11 涨=0.15%  PE=18.88(93.19%) PB=2.63(76.3%)
2026-09-16 21:39:51  [ 75] 000725 京东方Ａ  完成  日J=31.48 周J=7.29 月J=28.85 MA20=5.68 MA60=6.3 多头=0 价=5.45 涨=3.42%  PE=25.69(45.7%) PB=1.52(64.0%)
2026-09-16 21:39:52  [ 77] 688072 拓荆科技  完成  日J=98.76 周J=24.43 月J=51.92 MA20=652.667 MA60=696.774 多头=0 价=679.54 涨=4.71%  PE=91.28(42.44%) PB=15.61(88.25%)
2026-09-16 21:39:52  [ 79] 600690 海尔智家  完成  日J=-1.23 周J=35.31 月J=30.24 MA20=21.231 MA60=20.76 多头=1 价=20.76 涨=-1.94%  PE=10.83(5.11%) PB=1.61(3.26%)
2026-09-16 21:39:52  [ 80] 688836 宇树科技-W  完成  日J=13.18 周J=-0.25 月J=None MA20=554.167 MA60=None 多头=None 价=474.28 涨=0.95%  PE=328.34(14.29%) PB=66.61(14.29%)
2026-09-16 21:39:52  [ 78] 603288 海天味业  完成  日J=52.87 周J=-1.0 月J=25.76 MA20=34.473 MA60=35.235 多头=0 价=33.93 涨=-0.41%  PE=27.13(0.61%) PB=5.08(2.32%)
2026-09-16 21:39:53  [ 82] 688802 沐曦股份-U  完成  日J=6.61 周J=-5.66 月J=19.38 MA20=606.391 MA60=726.166 多头=0 价=477.56 涨=0.53%  PE=21477.11(94.54%) PB=13.78(1.64%)
2026-09-16 21:39:53  [ 65] 002142 宁波银行  完成  日J=34.58 周J=81.03 月J=87.21 MA20=34.451 MA60=32.314 多头=1 价=34.31 涨=-2.42%  PE=7.28(35.34%) PB=0.93(31.13%)
2026-09-16 21:39:54  [ 81] 300760 迈瑞医疗  完成  日J=-18.65 周J=68.6 月J=44.04 MA20=162.727 MA60=151.761 多头=1 价=158.03 涨=-1.42%  PE=24.35(9.45%) PB=4.72(3.32%)
2026-09-16 21:39:54  [ 83] 600176 中国巨石  完成  日J=97.66 周J=81.06 月J=37.11 MA20=42.8 MA60=47.127 多头=0 价=47.39 涨=0.64%  PE=41.86(96.55%) PB=5.72(98.96%)
2026-09-16 21:39:55  [ 85] 603268 松发股份  完成  日J=20.33 周J=85.11 月J=89.42 MA20=189.768 MA60=169.516 多头=1 价=185.8 涨=-5.03%  PE=33.7(47.21%) PB=14.49(81.22%)
2026-09-16 21:39:55  [ 86] 601985 中国核电  完成  日J=66.09 周J=87.4 月J=88.96 MA20=8.945 MA60=8.872 多头=1 价=9.1 涨=0.89%  PE=25.71(99.76%) PB=1.58(41.53%)
2026-09-16 21:39:55  [ 84] 601898 中煤能源  完成  日J=-0.52 周J=63.28 月J=26.85 MA20=14.82 MA60=13.778 多头=1 价=14.29 涨=0.21%  PE=10.34(49.53%) PB=1.14(87.75%)
2026-09-16 21:39:55  [ 89] 601818 光大银行  完成  日J=59.06 周J=37.56 月J=47.78 MA20=3.039 MA60=3.031 多头=1 价=3.05 涨=0.66%  PE=5.48(63.72%) PB=0.36(1.61%)
2026-09-16 21:39:55  [ 87] 600025 华能水电  完成  日J=62.73 周J=30.78 月J=66.4 MA20=9.719 MA60=9.68 多头=1 价=9.81 涨=0.31%  PE=22.1(79.23%) PB=2.61(74.22%)
2026-09-16 21:39:55  [ 88] 601066 中信建投  完成  日J=2.06 周J=-0.03 月J=36.75 MA20=24.704 MA60=26.083 多头=0 价=23.56 涨=0.68%  PE=14.54(0.5%) PB=2.09(12.23%)
2026-09-16 21:39:56  [ 90] 601336 新华保险  完成  日J=-6.1 周J=5.14 月J=4.83 MA20=59.778 MA60=60.343 多头=0 价=57.46 涨=-0.29%  PE=4.05(0.05%) PB=1.45(39.36%)
2026-09-16 21:39:57  [ 94] 300433 蓝思科技  完成  日J=10.9 周J=21.63 月J=23.54 MA20=36.175 MA60=38.861 多头=0 价=33.31 涨=1.37%  PE=50.94(80.75%) PB=3.33(75.73%)
2026-09-16 21:39:57  [ 95] 601668 中国建筑  完成  日J=5.46 周J=-3.21 月J=30.51 MA20=4.378 MA60=4.425 多头=0 价=4.24 涨=-1.17%  PE=5.53(76.44%) PB=0.35(0.05%)
2026-09-16 21:39:57  [ 92] 300274 阳光电源  完成  日J=32.7 周J=0.42 月J=-16.85 MA20=94.271 MA60=110.15 多头=0 价=85.18 涨=0.95%  PE=16.08(24.98%) PB=3.52(30.84%)
2026-09-16 21:39:57  [ 93] 600989 宝丰能源  完成  日J=27.34 周J=79.02 月J=20.71 MA20=23.905 MA60=22.546 多头=1 价=24.06 涨=-1.64%  PE=11.49(0.84%) PB=3.2(60.87%)
2026-09-16 21:39:57  [ 91] 600406 国电南瑞  完成  日J=13.37 周J=6.03 月J=-0.24 MA20=22.724 MA60=23.119 多头=0 价=22.02 涨=0.14%  PE=21.06(7.52%) PB=3.4(23.18%)
2026-09-16 21:39:58  [ 96] 300604 长川科技  完成  日J=64.51 周J=28.88 月J=54.27 MA20=270.268 MA60=288.084 多头=0 价=269.51 涨=0.85%  PE=93.14(40.16%) PB=30.91(97.68%)
2026-09-16 21:39:58  [ 97] 301377 鼎泰高科  完成  日J=95.9 周J=44.8 月J=41.76 MA20=397.99 MA60=433.123 多头=0 价=408.88 涨=1.61%  PE=181.93(86.53%) PB=55.51(94.83%)
2026-09-16 21:39:58  [ 98] 688795 摩尔线程-U  完成  日J=4.07 周J=-1.78 月J=4.56 MA20=469.28 MA60=572.035 多头=0 价=364.0 涨=3.88%  PE=-230.76(73.3%) PB=14.05(2.09%)
2026-09-16 21:39:59  [100] 301666 大普微-UW  完成  日J=30.82 周J=8.29 月J=11.95 MA20=412.665 MA60=475.605 多头=0 价=383.26 涨=3.61%  PE=138.5(12.26%) PB=45.85(4.72%)
2026-09-16 21:40:00  [ 99] 601766 中国中车  完成  日J=4.22 周J=68.89 月J=56.17 MA20=6.155 MA60=5.821 多头=1 价=5.96 涨=-1.16%  PE=12.28(3.64%) PB=0.97(7.57%)
2026-09-16 21:40:00  [102] 600031 三一重工  完成  日J=5.41 周J=32.16 月J=23.89 MA20=19.485 MA60=19.166 多头=1 价=18.18 涨=-6.72%  PE=18.82(40.54%) PB=1.82(5.44%)
2026-09-16 21:40:00  [103] 601688 华泰证券  完成  日J=-6.63 周J=13.09 月J=10.87 MA20=19.079 MA60=19.515 多头=0 价=18.48 涨=-0.59%  PE=8.13(0.05%) PB=0.93(27.91%)
2026-09-16 21:40:00  [104] 600487 亨通光电  完成  日J=49.13 周J=79.14 月J=27.85 MA20=64.855 MA60=67.594 多头=0 价=65.4 涨=4.77%  PE=38.53(94.28%) PB=4.79(94.94%)
2026-09-16 21:40:01  [105] 600547 山东黄金  完成  日J=12.91 周J=86.79 月J=22.95 MA20=35.975 MA60=29.729 多头=1 价=35.13 涨=2.9%  PE=29.58(10.64%) PB=4.89(73.75%)
2026-09-16 21:40:01  [106] 000776 广发证券  完成  日J=-6.48 周J=16.96 月J=44.33 MA20=21.22 MA60=21.487 多头=0 价=20.31 涨=0.0%  PE=8.42(0.09%) PB=1.15(44.99%)
2026-09-16 21:40:02  [111] 600930 华电新能  完成  日J=100.62 周J=19.44 月J=-1.72 MA20=3.939 MA60=4.259 多头=0 价=3.98 涨=0.51%  PE=34.14(78.75%) PB=1.5(6.97%)
2026-09-16 21:40:02  [107] 302132 中航成飞  完成  日J=-9.98 周J=71.9 月J=16.77 MA20=60.571 MA60=58.177 多头=1 价=59.7 涨=-0.13%  PE=49.41(71.95%) PB=7.64(61.4%)
2026-09-16 21:40:02  [101] 002352 顺丰控股  完成  日J=9.1 周J=-5.42 月J=13.11 MA20=32.128 MA60=32.811 多头=0 价=30.75 涨=-1.06%  PE=14.88(0.66%) PB=1.58(0.05%)
2026-09-16 21:40:03  [108] 601600 中国铝业  完成  日J=5.23 周J=65.29 月J=6.31 MA20=9.582 MA60=9.148 多头=1 价=9.31 涨=1.2%  PE=9.14(3.45%) PB=1.89(70.62%)
2026-09-16 21:40:03  [109] 600362 江西铜业  完成  日J=-4.31 周J=62.14 月J=10.38 MA20=46.706 MA60=44.396 多头=1 价=44.1 涨=2.63%  PE=13.18(38.13%) PB=1.74(92.24%)
2026-09-16 21:40:03  [110] 600887 伊利股份  完成  日J=6.74 周J=52.09 月J=60.02 MA20=26.353 MA60=25.991 多头=1 价=26.1 涨=-0.65%  PE=16.31(18.68%) PB=3.07(11.92%)
2026-09-16 21:40:03  全部完成，结果已写入 /home/runner/work/daily-stock-metrics/daily-stock-metrics/output/2026-09-16/metrics_2026-09-16.csv
2026-09-16 21:40:03  步骤2完成 -> /home/runner/work/daily-stock-metrics/daily-stock-metrics/output/2026-09-16/metrics_2026-09-16.csv
2026-09-16 21:40:03  步骤2.5: 获取全市场大盘温度（活跃市值指标）…
2026-09-16 21:41:14  步骤2.5完成
2026-09-16 21:41:14  步骤2.6: 本地聚合 → 行业板块温度 / 大盘宽度仪表盘 / 机会榜
2026-09-16 21:41:14    - 板块温度: 12 个行业
2026-09-16 21:41:14    - 机会榜: 超跌 30 / 超买 13
2026-09-16 21:41:14  步骤2.6完成
2026-09-16 21:41:14  步骤3: 生成 HTML 总结报告…
2026-09-16 21:41:15  步骤3完成 -> /home/runner/work/daily-stock-metrics/daily-stock-metrics/output/2026-09-16/report_2026-09-16.html
2026-09-16 21:41:15  步骤4: 生成个股股价走势图（含每日信号）…
2026-09-16 21:41:16  步骤4完成 -> /home/runner/work/daily-stock-metrics/daily-stock-metrics/output/stock_charts.html
2026-09-16 21:41:16  步骤4.5: 生成昨日推荐回顾…
2026-09-16 21:41:16  步骤4.5完成 -> 已追加昨日推荐回顾
2026-09-16 21:41:16  步骤5: 发送邮件报告…
2026-09-16 21:41:21  步骤5完成: 邮件已发送
2026-09-16 21:41:21  ===== 全部完成 2026-09-16 =====
2026-09-16 22:06:29  今日(2026-09-16)已完成，跳过。结果目录: /home/runner/work/daily-stock-metrics/daily-stock-metrics/output/2026-09-16
