2026-09-10 21:02:11  ===== 开始每日指标任务 2026-09-10 =====
2026-09-10 21:02:11  步骤1: 获取 A股市值前100…
2026-09-10 21:02:12  步骤1完成 -> /home/runner/work/daily-stock-metrics/daily-stock-metrics/output/2026-09-10/top100_2026-09-10.csv
2026-09-10 21:02:12  步骤2: 计算 KDJ-J(日/周/月) 及 PE/PB 历史分位…
2026-09-10 21:02:12  观察池: 共108只(含历史追踪8只) -> /home/runner/work/daily-stock-metrics/daily-stock-metrics/output/2026-09-10/tracked_2026-09-10.csv
2026-09-10 21:02:12  待处理 108 条，并发数 8
2026-09-10 21:02:15  [  1] 688825 长鑫科技  完成  日J=61.17 周J=81.3 月J=None MA20=57.316 MA60=None 多头=None 价=57.2 涨=0.58%  PE=47.46(17.65%) PB=28.82(79.41%)
2026-09-10 21:02:16  [  5] 600941 中国移动  完成  日J=-14.05 周J=85.0 月J=82.53 MA20=98.079 MA60=94.488 多头=1 价=97.17 涨=0.06%  PE=15.99(53.79%) PB=1.48(34.33%)
2026-09-10 21:02:16  [  4] 601288 农业银行  完成  日J=33.94 周J=92.82 月J=59.44 MA20=6.812 MA60=6.554 多头=1 价=6.94 涨=1.91%  PE=8.15(92.99%) PB=0.85(86.02%)
2026-09-10 21:02:16  [  8] 600938 中国海油  完成  日J=60.94 周J=100.5 月J=35.15 MA20=33.708 MA60=31.21 多头=1 价=34.42 涨=0.7%  PE=11.82(87.25%) PB=1.91(81.07%)
2026-09-10 21:02:16  [  7] 601857 中国石油  完成  日J=48.7 周J=95.58 月J=46.79 MA20=11.137 MA60=10.411 多头=1 价=11.27 涨=-0.44%  PE=11.72(50.9%) PB=1.26(93.22%)
2026-09-10 21:02:17  [  6] 601988 中国银行  完成  日J=46.43 周J=92.22 月J=102.38 MA20=6.278 MA60=5.979 多头=1 价=6.53 涨=1.56%  PE=8.45(99.76%) PB=0.76(94.03%)
2026-09-10 21:02:17  [  3] 601939 建设银行  完成  日J=40.86 周J=90.16 月J=102.46 MA20=10.709 MA60=10.244 多头=1 价=10.95 涨=1.2%  PE=8.27(97.63%) PB=0.8(74.36%)
2026-09-10 21:02:17  [  2] 601398 工商银行  完成  日J=39.42 周J=89.5 月J=99.67 MA20=7.911 MA60=7.624 多头=1 价=8.1 涨=1.25%  PE=7.72(95.73%) PB=0.73(69.38%)
2026-09-10 21:02:18  [  9] 600519 贵州茅台  完成  日J=-1.95 周J=67.56 月J=37.81 MA20=1301.661 MA60=1274.673 多头=1 价=1285.13 涨=-0.45%  PE=19.73(4.03%) PB=6.39(2.56%)
2026-09-10 21:02:18  [ 11] 601138 工业富联  完成  日J=57.94 周J=69.39 月J=38.39 MA20=63.669 MA60=64.405 多头=0 价=63.91 涨=-2.04%  PE=27.03(86.94%) PB=7.22(91.77%)
2026-09-10 21:02:18  [ 10] 300750 宁德时代  完成  日J=30.93 周J=11.22 月J=1.15 MA20=368.474 MA60=378.44 多头=0 价=338.06 涨=0.36%  PE=18.4(7.88%) PB=4.12(8.98%)
2026-09-10 21:02:19  [ 15] 601088 中国神华  完成  日J=36.76 周J=90.71 月J=77.99 MA20=46.949 MA60=44.033 多头=1 价=47.28 涨=-0.11%  PE=19.0(97.06%) PB=2.27(98.82%)
2026-09-10 21:02:19  [ 13] 300308 中际旭创  完成  日J=89.57 周J=10.6 月J=28.71 MA20=886.348 MA60=1020.061 多头=0 价=890.1 涨=-2.07%  PE=51.26(56.87%) PB=26.3(95.83%)
2026-09-10 21:02:19  [ 16] 688981 中芯国际  完成  日J=-8.67 周J=-2.08 月J=33.73 MA20=125.378 MA60=137.006 多头=0 价=119.18 涨=-1.1%  PE=141.59(63.48%) PB=5.95(82.94%)
2026-09-10 21:02:20  [ 14] 600036 招商银行  完成  日J=80.14 周J=103.78 月J=104.4 MA20=39.941 MA60=38.428 多头=1 价=41.57 涨=1.39%  PE=6.91(34.45%) PB=0.92(18.39%)
2026-09-10 21:02:21  [ 17] 601318 XD中国平  完成  日J=8.6 周J=94.18 月J=28.24 MA20=54.068 MA60=51.758 多头=1 价=55.52 涨=0.43%  PE=6.31(0.19%) PB=0.98(25.5%)
2026-09-10 21:02:21  [ 19] 002594 比亚迪  完成  日J=-5.27 周J=4.41 月J=23.67 MA20=88.837 MA60=88.861 多头=0 价=83.52 涨=-2.75%  PE=25.87(22.37%) PB=3.17(24.79%)
2026-09-10 21:02:21  [ 12] 601628 中国人寿  完成  日J=12.08 周J=32.19 月J=29.93 MA20=37.998 MA60=37.979 多头=1 价=38.28 涨=0.34%  PE=4.37(0.24%) PB=1.63(6.35%)
2026-09-10 21:02:22  [ 20] 600900 长江电力  完成  日J=25.21 周J=46.16 月J=84.51 MA20=28.17 MA60=27.74 多头=1 价=28.09 涨=0.14%  PE=18.99(49.43%) PB=3.18(83.51%)
2026-09-10 21:02:22  [ 23] 601328 交通银行  完成  日J=68.83 周J=100.49 月J=107.62 MA20=7.199 MA60=6.907 多头=1 价=7.44 涨=2.06%  PE=6.74(92.37%) PB=0.56(61.94%)
2026-09-10 21:02:22  [ 22] 000333 美的集团  完成  日J=26.13 周J=76.08 月J=91.74 MA20=85.788 MA60=82.845 多头=1 价=86.2 涨=0.21%  PE=14.82(53.79%) PB=3.11(50.95%)
2026-09-10 21:02:23  [ 18] 601899 紫金矿业  完成  日J=90.64 周J=93.0 月J=39.41 MA20=33.663 MA60=30.886 多头=1 价=34.11 涨=-0.84%  PE=13.41(10.76%) PB=4.49(83.84%)
2026-09-10 21:02:23  [ 24] 688256 寒武纪  完成  日J=16.41 周J=10.58 月J=35.74 MA20=1067.668 MA60=1220.056 多头=0 价=1043.84 涨=-1.05%  PE=197.0(77.56%) PB=48.43(83.79%)
2026-09-10 21:02:23  [ 25] 601658 邮储银行  完成  日J=68.23 周J=78.9 月J=89.65 MA20=5.184 MA60=5.052 多头=1 价=5.46 涨=1.11%  PE=7.31(79.13%) PB=0.63(30.69%)
2026-09-10 21:02:24  [ 21] 600028 中国石化  完成  日J=77.02 周J=98.17 月J=23.05 MA20=5.335 MA60=5.072 多头=1 价=5.56 涨=-0.89%  PE=18.7(88.01%) PB=0.8(41.71%)
2026-09-10 21:02:24  [ 26] 300502 新易盛  完成  日J=73.88 周J=16.46 月J=32.95 MA20=413.784 MA60=469.449 多头=0 价=410.9 涨=-0.94%  PE=43.67(37.73%) PB=23.58(91.9%)
2026-09-10 21:02:24  [ 28] 688041 海光信息  完成  日J=-4.24 周J=-4.62 月J=9.43 MA20=248.832 MA60=295.365 多头=0 价=232.37 涨=-1.45%  PE=171.9(59.49%) PB=21.29(73.13%)
2026-09-10 21:02:25  [ 29] 601998 中信银行  完成  日J=71.97 周J=110.3 月J=101.63 MA20=8.542 MA60=7.784 多头=1 价=8.93 涨=0.34%  PE=6.93(91.94%) PB=0.67(76.97%)
2026-09-10 21:02:25  [ 27] 601728 XD中国电  完成  日J=28.54 周J=80.26 月J=66.32 MA20=6.277 MA60=5.91 多头=1 价=6.19 涨=1.16%  PE=19.04(77.08%) PB=1.2(51.71%)
2026-09-10 21:02:25  [ 31] 002371 北方华创  完成  日J=7.96 周J=-9.7 月J=35.51 MA20=693.407 MA60=738.946 多头=0 价=638.64 涨=-1.2%  PE=81.54(41.56%) PB=11.43(76.45%)
2026-09-10 21:02:26  [ 30] 603259 药明康德  完成  日J=59.34 周J=64.98 月J=83.05 MA20=158.423 MA60=137.935 多头=1 价=154.5 涨=-0.25%  PE=21.56(30.21%) PB=5.61(48.94%)
2026-09-10 21:02:26  [ 33] 002475 立讯精密  完成  日J=6.1 周J=19.52 月J=21.15 MA20=55.876 MA60=59.752 多头=0 价=54.45 涨=-2.52%  PE=23.67(23.46%) PB=4.53(25.92%)
2026-09-10 21:02:27  [ 34] 603993 洛阳钼业  完成  日J=72.81 周J=53.92 月J=11.14 MA20=18.733 MA60=18.697 多头=1 价=19.01 涨=-0.42%  PE=14.62(13.27%) PB=4.54(91.04%)
2026-09-10 21:02:27  [ 35] 688235 百济神州  完成  日J=5.34 周J=11.4 月J=48.09 MA20=275.489 MA60=267.755 多头=1 价=253.7 涨=-1.21%  PE=91.39(88.35%) PB=11.04(68.87%)
2026-09-10 21:02:27  [ 36] 688347 华虹宏力  完成  日J=-4.23 周J=-9.28 月J=34.25 MA20=240.344 MA60=284.162 多头=0 价=224.11 涨=0.05%  PE=555.44(65.43%) PB=8.24(90.29%)
2026-09-10 21:02:28  [ 37] 601166 兴业银行  完成  日J=96.88 周J=53.05 月J=44.89 MA20=18.014 MA60=17.87 多头=1 价=18.24 涨=0.72%  PE=5.12(43.65%) PB=0.46(7.25%)
2026-09-10 21:02:28  [ 32] 600030 中信证券  完成  日J=13.5 周J=28.65 月J=76.84 MA20=27.534 MA60=28.018 多头=0 价=27.6 涨=0.99%  PE=10.87(0.33%) PB=1.46(44.69%)
2026-09-10 21:02:28  [ 38] 601869 长飞光纤  完成  日J=75.27 周J=88.26 月J=56.65 MA20=394.268 MA60=399.096 多头=0 价=435.74 涨=-1.42%  PE=104.79(88.16%) PB=22.04(97.77%)
2026-09-10 21:02:28  [ 40] 002384 东山精密  完成  日J=79.22 周J=17.15 月J=51.69 MA20=195.113 MA60=214.384 多头=0 价=193.74 涨=-1.18%  PE=98.98(89.48%) PB=14.56(96.21%)
2026-09-10 21:02:28  [ 39] 600183 生益科技  完成  日J=53.3 周J=77.24 月J=61.94 MA20=139.832 MA60=141.909 多头=0 价=146.96 涨=-0.81%  PE=68.72(97.16%) PB=19.29(98.63%)
2026-09-10 21:02:29  [ 43] 688012 中微公司  完成  日J=5.08 周J=9.94 月J=45.97 MA20=358.186 MA60=378.653 多头=0 价=334.19 涨=0.36%  PE=75.66(39.16%) PB=10.66(70.88%)
2026-09-10 21:02:30  [ 42] 601601 中国太保  完成  日J=53.51 周J=95.27 月J=22.2 MA20=31.955 MA60=30.78 多头=1 价=33.63 涨=0.6%  PE=5.74(2.94%) PB=1.01(18.06%)
2026-09-10 21:02:30  [ 44] 601211 国泰海通  完成  日J=33.68 周J=8.44 月J=46.29 MA20=17.72 MA60=18.192 多头=0 价=17.74 涨=1.26%  PE=9.65(4.64%) PB=0.94(27.54%)
2026-09-10 21:02:30  [ 41] 601319 中国人保  完成  日J=69.16 周J=85.27 月J=34.6 MA20=7.397 MA60=7.193 多头=1 价=7.94 涨=0.51%  PE=6.18(0.37%) PB=1.03(31.56%)
2026-09-10 21:02:30  [ 45] 600000 浦发银行  完成  日J=68.98 周J=73.92 月J=31.14 MA20=9.175 MA60=8.979 多头=1 价=9.35 涨=1.3%  PE=6.08(70.66%) PB=0.41(31.99%)
2026-09-10 21:02:31  [ 46] 600150 中国船舶  完成  日J=104.36 周J=106.24 月J=67.43 MA20=35.173 MA60=34.721 多头=1 价=40.82 涨=3.26%  PE=21.9(25.78%) PB=2.02(47.35%)
2026-09-10 21:02:31  [ 48] 300059 东方财富  完成  日J=8.53 周J=7.46 月J=21.56 MA20=19.127 MA60=19.814 多头=0 价=18.97 涨=0.32%  PE=20.58(1.9%) PB=3.05(9.0%)
2026-09-10 21:02:31  [ 47] 002415 海康威视  完成  日J=26.75 周J=18.32 月J=65.04 MA20=34.623 MA60=34.528 多头=1 价=33.51 涨=-0.71%  PE=18.69(6.45%) PB=3.64(16.92%)
2026-09-10 21:02:32  [ 49] 300394 天孚通信  完成  日J=80.44 周J=90.08 月J=46.36 MA20=263.909 MA60=252.128 多头=1 价=269.0 涨=4.25%  PE=126.35(95.78%) PB=46.96(97.44%)
2026-09-10 21:02:32  [ 53] 002916 深南电路  完成  日J=104.64 周J=53.9 月J=57.06 MA20=361.416 MA60=376.745 多头=0 价=392.31 涨=2.35%  PE=64.13(94.83%) PB=14.82(95.26%)
2026-09-10 21:02:32  [ 50] 600276 恒瑞医药  完成  日J=2.51 周J=-15.0 月J=-3.7 MA20=47.607 MA60=51.617 多头=0 价=42.93 涨=-3.98%  PE=36.88(0.9%) PB=4.42(0.05%)
2026-09-10 21:02:33  [ 51] 000858 五 粮 液  完成  日J=17.19 周J=16.89 月J=6.5 MA20=71.645 MA60=72.807 多头=0 价=70.48 涨=-0.96%  PE=20.91(22.99%) PB=2.31(0.33%)
2026-09-10 21:02:33  [ 55] 688808 联讯仪器  完成  日J=48.84 周J=90.0 月J=75.1 MA20=2374.395 MA60=2187.532 多头=1 价=2436.0 涨=-1.42%  PE=365.51(6.25%) PB=73.83(48.96%)
2026-09-10 21:02:33  [ 52] 603986 兆易创新  完成  日J=28.82 周J=5.76 月J=13.66 MA20=398.452 MA60=492.472 多头=0 价=380.64 涨=-0.32%  PE=33.79(11.0%) PB=7.19(41.23%)
2026-09-10 21:02:33  [ 54] 601225 陕西煤业  完成  日J=27.15 周J=79.49 月J=86.79 MA20=26.168 MA60=24.417 多头=1 价=26.09 涨=-1.7%  PE=12.4(89.29%) PB=2.5(89.34%)
2026-09-10 21:02:33  [ 56] 601919 中远海控  完成  日J=34.2 周J=69.64 月J=84.4 MA20=16.573 MA60=15.222 多头=1 价=16.38 涨=-0.97%  PE=9.35(57.96%) PB=1.07(41.9%)
2026-09-10 21:02:34  [ 57] 002379 宏桥控股  完成  日J=68.56 周J=62.42 月J=9.79 MA20=18.699 MA60=17.977 多头=1 价=18.9 涨=-3.96%  PE=9.98(63.6%) PB=4.25(81.09%)
2026-09-10 21:02:35  [ 60] 600309 万华化学  完成  日J=65.73 周J=97.34 月J=26.21 MA20=75.57 MA60=73.426 多头=1 价=77.15 涨=-2.18%  PE=14.67(37.68%) PB=2.13(11.0%)
2026-09-10 21:02:35  [ 58] 002463 沪电股份  完成  日J=94.59 周J=58.23 月J=60.01 MA20=120.333 MA60=124.562 多头=0 价=127.92 涨=0.29%  PE=48.62(94.5%) PB=13.68(98.25%)
2026-09-10 21:02:35  [ 64] 688820 盛合晶微  完成  日J=21.3 周J=4.44 月J=17.23 MA20=130.92 MA60=152.226 多头=0 价=126.38 涨=1.28%  PE=251.79(25.25%) PB=12.2(15.15%)
2026-09-10 21:02:36  [ 63] 601816 京沪高铁  完成  日J=22.42 周J=55.32 月J=77.42 MA20=4.883 MA60=4.795 多头=1 价=4.83 涨=0.63%  PE=17.34(1.36%) PB=1.13(1.86%)
2026-09-10 21:02:36  [ 62] 002142 宁波银行  完成  日J=88.24 周J=106.73 月J=100.64 MA20=33.906 MA60=31.969 多头=1 价=35.87 涨=3.49%  PE=7.61(38.82%) PB=0.98(33.93%)
2026-09-10 21:02:36  [ 61] 688008 澜起科技  完成  日J=38.67 周J=6.7 月J=29.03 MA20=201.681 MA60=226.531 多头=0 价=195.33 涨=0.02%  PE=77.56(44.98%) PB=11.08(70.42%)
2026-09-10 21:02:36  [ 59] 002714 牧原股份  完成  日J=28.63 周J=87.96 月J=53.98 MA20=41.144 MA60=38.958 多头=1 价=42.22 涨=-2.38%  PE=-217.46(13.27%) PB=3.08(11.75%)
2026-09-10 21:02:37  [ 65] 300408 三环集团  完成  日J=87.76 周J=49.79 月J=47.96 MA20=114.332 MA60=123.608 多头=0 价=117.7 涨=-0.06%  PE=70.93(96.87%) PB=10.38(97.87%)
2026-09-10 21:02:37  [ 67] 600919 江苏银行  完成  日J=88.79 周J=103.02 月J=110.29 MA20=12.09 MA60=11.58 多头=1 价=12.62 涨=2.35%  PE=6.41(89.34%) PB=0.85(93.36%)
2026-09-10 21:02:38  [ 66] 000338 潍柴动力  完成  日J=66.56 周J=42.75 月J=47.84 MA20=27.737 MA60=27.803 多头=0 价=26.83 涨=-3.66%  PE=17.85(81.52%) PB=2.41(78.82%)
2026-09-10 21:02:38  [ 68] 000001 平安银行  完成  日J=33.5 周J=96.79 月J=107.83 MA20=11.591 MA60=11.094 多头=1 价=11.85 涨=1.28%  PE=5.29(37.16%) PB=0.49(14.64%)
2026-09-10 21:02:39  [ 71] 000651 格力电器  完成  日J=62.81 周J=68.45 月J=93.37 MA20=38.873 MA60=37.889 多头=1 价=38.95 涨=0.21%  PE=7.83(31.33%) PB=1.47(4.03%)
2026-09-10 21:02:39  [ 69] 300476 胜宏科技  完成  日J=48.32 周J=44.89 月J=6.82 MA20=244.031 MA60=263.528 多头=0 价=229.95 涨=-1.52%  PE=44.97(79.91%) PB=5.96(81.56%)
2026-09-10 21:02:39  [ 70] 600188 兖矿能源  完成  日J=32.77 周J=84.45 月J=60.4 MA20=21.982 MA60=20.255 多头=1 价=21.75 涨=-1.81%  PE=20.42(95.02%) PB=2.84(86.02%)
2026-09-10 21:02:39  [ 72] 003816 中国广核  完成  日J=29.42 周J=97.15 月J=45.91 MA20=4.125 MA60=4.008 多头=1 价=4.31 涨=0.23%  PE=21.93(90.35%) PB=1.76(80.57%)
2026-09-10 21:02:40  [ 73] 688498 源杰科技  完成  日J=98.28 周J=72.76 月J=73.65 MA20=1575.248 MA60=1556.347 多头=1 价=1719.0 涨=0.06%  PE=284.7(52.82%) PB=68.12(97.56%)
2026-09-10 21:02:40  [ 74] 002938 鹏鼎控股  完成  日J=81.76 周J=38.77 月J=55.8 MA20=89.636 MA60=94.299 多头=0 价=91.85 涨=-0.65%  PE=56.19(96.95%) PB=6.19(94.63%)
2026-09-10 21:02:40  [ 77] 688836 宇树科技-W  完成  日J=2.26 周J=None 月J=None MA20=None MA60=None 多头=None 价=498.55 涨=-2.99%  PE=345.14(5.88%) PB=70.02(5.88%)
2026-09-10 21:02:41  [ 76] 000725 京东方Ａ  完成  日J=-9.59 周J=-0.72 月J=28.99 MA20=5.831 MA60=6.399 多头=0 价=5.46 涨=-1.62%  PE=25.74(45.73%) PB=1.52(64.17%)
2026-09-10 21:02:41  [ 81] 688802 沐曦股份-U  完成  日J=-3.44 周J=-10.33 月J=18.58 MA20=662.913 MA60=745.572 多头=0 价=493.8 涨=-7.18%  PE=22207.47(95.53%) PB=14.24(0.56%)
2026-09-10 21:02:41  [ 78] 300760 迈瑞医疗  完成  日J=36.06 周J=102.49 月J=51.33 MA20=160.471 MA60=150.286 多头=1 价=165.7 涨=0.3%  PE=25.53(16.35%) PB=4.95(5.05%)
2026-09-10 21:02:41  [ 79] 603288 海天味业  完成  日J=50.24 周J=3.68 月J=25.52 MA20=34.761 MA60=35.208 多头=0 价=33.9 涨=-1.34%  PE=27.11(0.57%) PB=5.07(2.18%)
2026-09-10 21:02:41  [ 80] 601898 中煤能源  完成  日J=22.23 周J=87.59 月J=33.23 MA20=14.728 MA60=13.702 多头=1 价=14.93 涨=-1.32%  PE=10.8(56.21%) PB=1.19(93.32%)
2026-09-10 21:02:41  [ 75] 603268 松发股份  完成  日J=94.53 周J=104.78 月J=99.1 MA20=187.389 MA60=166.31 多头=1 价=199.59 涨=0.96%  PE=36.2(48.29%) PB=15.57(82.75%)
2026-09-10 21:02:43  [ 82] 600690 海尔智家  完成  日J=17.21 周J=67.68 月J=34.46 MA20=21.197 MA60=20.609 多头=1 价=21.17 涨=-0.61%  PE=11.04(6.59%) PB=1.65(3.55%)
2026-09-10 21:02:43  [ 83] 601066 中信建投  完成  日J=1.96 周J=1.6 月J=43.05 MA20=25.046 MA60=26.314 多头=0 价=24.41 涨=0.66%  PE=15.06(0.75%) PB=2.16(13.81%)
2026-09-10 21:02:43  [ 84] 601985 中国核电  完成  日J=75.61 周J=84.79 月J=87.38 MA20=8.89 MA60=8.858 多头=1 价=9.08 涨=0.55%  PE=25.66(99.76%) PB=1.58(41.0%)
2026-09-10 21:02:43  [ 86] 688072 拓荆科技  完成  日J=19.59 周J=3.38 月J=45.93 MA20=667.78 MA60=693.78 多头=0 价=630.95 涨=-0.04%  PE=84.75(34.55%) PB=14.5(80.34%)
2026-09-10 21:02:44  [ 87] 600031 三一重工  完成  日J=58.33 周J=74.38 月J=42.59 MA20=19.383 MA60=19.081 多头=1 价=20.01 涨=-1.04%  PE=20.71(45.78%) PB=2.0(18.1%)
2026-09-10 21:02:44  [ 85] 601336 新华保险  完成  日J=-3.7 周J=38.68 月J=10.53 MA20=59.784 MA60=60.427 多头=0 价=59.72 涨=-0.35%  PE=4.21(0.05%) PB=1.51(43.46%)
2026-09-10 21:02:44  [ 88] 601668 中国建筑  完成  日J=61.35 周J=24.19 月J=42.79 MA20=4.394 MA60=4.425 多头=0 价=4.39 涨=0.0%  PE=5.73(78.06%) PB=0.37(0.57%)
2026-09-10 21:02:44  [ 89] 600989 宝丰能源  完成  日J=63.4 周J=101.94 月J=23.6 MA20=23.65 MA60=22.37 多头=1 价=24.7 涨=-0.84%  PE=11.79(1.12%) PB=3.28(65.51%)
2026-09-10 21:02:45  [ 90] 600025 华能水电  完成  日J=37.46 周J=28.83 月J=62.53 MA20=9.682 MA60=9.631 多头=1 价=9.72 涨=-0.31%  PE=21.89(78.15%) PB=2.59(73.22%)
2026-09-10 21:02:46  [ 93] 300433 蓝思科技  完成  日J=-7.98 周J=18.88 月J=24.7 MA20=36.939 MA60=40.217 多头=0 价=33.81 涨=-3.73%  PE=51.7(81.14%) PB=3.38(77.3%)
2026-09-10 21:02:46  [ 92] 601818 光大银行  完成  日J=81.09 周J=43.97 月J=47.78 MA20=3.03 MA60=3.029 多头=1 价=3.05 涨=0.66%  PE=5.48(63.65%) PB=0.36(1.42%)
2026-09-10 21:02:46  [ 96] 601766 中国中车  完成  日J=-5.0 周J=94.99 月J=61.64 MA20=6.142 MA60=5.775 多头=1 价=6.1 涨=-0.97%  PE=12.57(4.6%) PB=0.99(12.65%)
2026-09-10 21:02:46  [ 94] 300274 阳光电源  完成  日J=4.53 周J=-1.46 月J=-17.91 MA20=100.576 MA60=114.788 多头=0 价=85.93 涨=-1.23%  PE=16.22(25.26%) PB=3.55(31.28%)
2026-09-10 21:02:47  [ 95] 601688 华泰证券  完成  日J=37.98 周J=49.2 月J=20.72 MA20=19.097 MA60=19.624 多头=0 价=19.52 涨=1.04%  PE=8.58(0.33%) PB=0.99(37.11%)
2026-09-10 21:02:47  [ 91] 600406 国电南瑞  完成  日J=23.94 周J=29.99 月J=3.29 MA20=22.99 MA60=23.164 多头=0 价=22.49 涨=0.18%  PE=21.51(11.52%) PB=3.47(25.55%)
2026-09-10 21:02:47  [ 97] 600176 中国巨石  完成  日J=49.6 周J=30.51 月J=32.03 MA20=42.388 MA60=47.98 多头=0 价=43.46 涨=1.85%  PE=38.39(94.08%) PB=5.25(98.34%)
2026-09-10 21:02:48  [ 98] 300604 长川科技  完成  日J=35.83 周J=18.86 月J=54.0 MA20=275.848 MA60=289.272 多头=0 价=268.5 涨=2.05%  PE=92.79(39.81%) PB=30.79(97.63%)
2026-09-10 21:02:48  [101] 688795 摩尔线程-U  完成  日J=-4.52 周J=-7.87 月J=0.88 MA20=513.061 MA60=594.203 多头=0 价=364.05 涨=-5.97%  PE=-230.8(74.33%) PB=14.05(0.53%)
2026-09-10 21:02:48  [103] 301666 大普微-UW  完成  日J=-9.82 周J=4.81 月J=12.59 MA20=427.005 MA60=498.376 多头=0 价=389.14 涨=-2.06%  PE=140.63(9.8%) PB=46.55(1.96%)
2026-09-10 21:02:48  [ 99] 302132 中航成飞  完成  日J=73.43 周J=102.32 月J=26.45 MA20=60.126 MA60=58.053 多头=1 价=64.35 涨=-1.23%  PE=53.26(73.89%) PB=8.23(63.51%)
2026-09-10 21:02:49  [100] 600362 江西铜业  完成  日J=82.56 周J=99.41 月J=23.59 MA20=46.989 MA60=44.816 多头=1 价=49.64 涨=0.14%  PE=14.83(43.55%) PB=1.96(97.11%)
2026-09-10 21:02:49  [102] 002352 顺丰控股  完成  日J=-7.2 周J=3.42 月J=18.5 MA20=32.469 MA60=32.841 多头=0 价=31.41 涨=-0.66%  PE=15.2(1.37%) PB=1.61(0.09%)
2026-09-10 21:02:49  [104] 301377 鼎泰高科  完成  日J=43.62 周J=28.27 月J=39.18 MA20=409.243 MA60=448.007 多头=0 价=391.31 涨=-0.18%  PE=174.11(84.85%) PB=53.13(93.61%)
2026-09-10 21:02:49  [105] 600487 亨通光电  完成  日J=26.9 周J=54.95 月J=26.7 MA20=64.66 MA60=71.096 多头=0 价=63.91 涨=-4.07%  PE=37.65(93.98%) PB=4.68(94.17%)
2026-09-10 21:02:50  [106] 600547 山东黄金  完成  日J=32.28 周J=99.1 月J=23.79 MA20=35.163 MA60=29.133 多头=1 价=35.59 涨=-1.82%  PE=29.97(10.52%) PB=4.95(75.88%)
2026-09-10 21:02:50  [107] 000776 广发证券  完成  日J=17.3 周J=54.77 月J=58.45 MA20=21.294 MA60=21.575 多头=0 价=21.72 涨=0.37%  PE=9.0(0.19%) PB=1.23(65.17%)
2026-09-10 21:02:53  [108] 601600 中国铝业  完成  日J=78.84 周J=100.32 月J=12.21 MA20=9.6 MA60=9.141 多头=1 价=9.92 涨=-1.1%  PE=9.74(5.21%) PB=2.01(81.0%)
2026-09-10 21:02:53  全部完成，结果已写入 /home/runner/work/daily-stock-metrics/daily-stock-metrics/output/2026-09-10/metrics_2026-09-10.csv
2026-09-10 21:02:53  步骤2完成 -> /home/runner/work/daily-stock-metrics/daily-stock-metrics/output/2026-09-10/metrics_2026-09-10.csv
2026-09-10 21:02:53  步骤2.5: 获取全市场大盘温度（活跃市值指标）…
2026-09-10 21:04:12  步骤2.5完成
2026-09-10 21:04:12  步骤2.6: 本地聚合 → 行业板块温度 / 大盘宽度仪表盘 / 机会榜
2026-09-10 21:04:12    - 板块温度: 12 个行业
2026-09-10 21:04:12    - 机会榜: 超跌 27 / 超买 13
2026-09-10 21:04:12  步骤2.6完成
2026-09-10 21:04:12  步骤3: 生成 HTML 总结报告…
2026-09-10 21:04:13  步骤3完成 -> /home/runner/work/daily-stock-metrics/daily-stock-metrics/output/2026-09-10/report_2026-09-10.html
2026-09-10 21:04:13  步骤4: 生成个股股价走势图（含每日信号）…
2026-09-10 21:04:13  步骤4完成 -> /home/runner/work/daily-stock-metrics/daily-stock-metrics/output/stock_charts.html
2026-09-10 21:04:13  步骤4.5: 生成昨日推荐回顾…
2026-09-10 21:04:14  步骤4.5完成 -> 已追加昨日推荐回顾
2026-09-10 21:04:14  步骤5: 发送邮件报告…
2026-09-10 21:04:18  步骤5完成: 邮件已发送
2026-09-10 21:04:18  ===== 全部完成 2026-09-10 =====
2026-09-10 21:26:37  今日(2026-09-10)已完成，跳过。结果目录: /home/runner/work/daily-stock-metrics/daily-stock-metrics/output/2026-09-10
2026-09-10 21:46:01  今日(2026-09-10)已完成，跳过。结果目录: /home/runner/work/daily-stock-metrics/daily-stock-metrics/output/2026-09-10
