2026-09-02 20:28:06  ===== 开始每日港股通指标任务 2026-09-02 =====
2026-09-02 20:28:06  步骤1: 获取港股通总市值前100标的...
获取港股通标的列表(共取市值前 100 只)...
接口返回 100 只港股通标的
2026-09-02 20:28:07  步骤1完成 -> /home/runner/work/daily-stock-metrics/daily-stock-metrics/output_hk/2026-09-02/hk_list_2026-09-02.csv
2026-09-02 20:28:07  步骤2: 计算 KDJ-J(日/周/月)...
2026-09-02 20:28:07  步骤2: 计算指标...
2026-09-02 20:28:07  观察池: 共102只(含历史追踪2只)
2026-09-02 20:28:07  待处理 102 条，并发数 8
2026-09-02 20:28:11  [  4] 03750 宁德时代  完成  日J=-3.45 周J=9.1 月J=27.55 MA20=628.85 MA60=646.442 多头=0 价=564.5 涨=-4.65%  PE=27.11(None%) PB=5.98(None%)
2026-09-02 20:28:11  [  7] 09988 阿里巴巴-W  完成  日J=2.41 周J=59.1 月J=19.96 MA20=119.76 MA60=112.172 多头=1 价=109.9 涨=-0.45%  PE=25.72(None%) PB=1.74(None%)
2026-09-02 20:28:11  [  8] 03988 中国银行  完成  日J=102.36 周J=108.37 月J=103.18 MA20=5.466 MA60=5.303 多头=1 价=6.0 涨=0.42%  PE=6.85(None%) PB=0.61(None%)
2026-09-02 20:28:11  [  3] 01398 工商银行  完成  日J=94.99 周J=102.49 月J=98.89 MA20=7.372 MA60=7.093 多头=1 价=7.69 涨=0.07%  PE=6.47(None%) PB=0.6(None%)
2026-09-02 20:28:11  [  5] 00939 建设银行  完成  日J=103.41 周J=106.94 月J=104.08 MA20=9.081 MA60=8.722 多头=1 价=9.67 涨=0.73%  PE=6.44(None%) PB=0.61(None%)
2026-09-02 20:28:11  [  1] 00700 腾讯控股  完成  日J=16.07 周J=26.48 月J=6.48 MA20=453.01 MA60=453.58 多头=0 价=438.2 涨=-0.72%  PE=14.95(None%) PB=3.05(None%)
2026-09-02 20:28:11  [  6] 01288 农业银行  完成  日J=103.99 周J=104.78 月J=104.4 MA20=6.124 MA60=5.874 多头=1 价=6.58 涨=1.08%  PE=6.82(None%) PB=0.7(None%)
2026-09-02 20:28:11  [  2] 00005 汇丰控股  完成  日J=55.56 周J=58.02 月J=87.62 MA20=161.725 MA60=156.223 多头=1 价=162.6 涨=1.25%  PE=14.8(None%) PB=2.06(None%)
2026-09-02 20:28:13  [ 13] 03308 中际旭创  完成  日J=13.36 周J=28.82 月J=None MA20=1087.5 MA60=None 多头=None 价=996.0 涨=-3.77%  PE=50.37(None%) PB=24.2(None%)
2026-09-02 20:28:13  [  9] 00857 中国石油股份  完成  日J=49.66 周J=102.56 月J=39.18 MA20=9.841 MA60=9.619 多头=1 价=10.1 涨=-0.98%  PE=9.22(None%) PB=0.98(None%)
2026-09-02 20:28:13  [ 10] 00941 中国移动  完成  日J=8.07 周J=44.93 月J=29.04 MA20=81.222 MA60=80.559 多头=1 价=79.5 涨=0.0%  PE=11.47(None%) PB=1.03(None%)
2026-09-02 20:28:13  [ 12] 00883 中国海洋石油  完成  日J=48.44 周J=111.55 月J=33.92 MA20=24.463 MA60=23.391 多头=1 价=25.02 涨=-0.16%  PE=7.54(None%) PB=1.21(None%)
2026-09-02 20:28:13  [ 11] 03968 招商银行  完成  日J=107.32 周J=100.15 月J=86.68 MA20=49.163 MA60=47.991 多头=1 价=51.75 涨=0.58%  PE=7.58(None%) PB=0.99(None%)
2026-09-02 20:28:13  [ 14] 02318 中国平安  完成  日J=40.93 周J=65.84 月J=10.08 MA20=55.978 MA60=55.411 多头=1 价=55.45 涨=-2.29%  PE=5.54(None%) PB=0.85(None%)
2026-09-02 20:28:13  [ 16] 02899 紫金矿业  完成  日J=11.31 周J=85.43 月J=34.44 MA20=36.49 MA60=32.827 多头=1 价=35.8 涨=-1.7%  PE=12.38(None%) PB=4.09(None%)
2026-09-02 20:28:13  [ 15] 01088 中国神华  完成  日J=49.42 周J=104.1 月J=56.46 MA20=44.44 MA60=43.153 多头=1 价=45.54 涨=-1.43%  PE=15.84(None%) PB=1.87(None%)
2026-09-02 20:28:15  [ 17] 02628 中国人寿  完成  日J=95.07 周J=88.97 月J=42.2 MA20=28.316 MA60=28.43 多头=0 价=29.98 涨=-0.66%  PE=3.02(None%) PB=1.11(None%)
2026-09-02 20:28:15  [ 18] 01299 友邦保险  完成  日J=88.9 周J=61.43 月J=15.84 MA20=73.93 MA60=74.588 多头=0 价=76.0 涨=0.07%  PE=12.62(None%) PB=2.47(None%)
2026-09-02 20:28:15  [ 21] 01810 小米集团-W  完成  日J=29.42 周J=64.4 月J=36.13 MA20=27.246 MA60=26.3 多头=1 价=28.06 涨=1.81%  PE=19.32(None%) PB=2.33(None%)
2026-09-02 20:28:15  [ 20] 00300 美的集团  完成  日J=76.38 周J=95.86 月J=101.7 MA20=97.718 MA60=92.767 多头=1 价=99.95 涨=-0.45%  PE=15.08(None%) PB=3.11(None%)
2026-09-02 20:28:15  [ 24] 09999 网易  完成  日J=2.48 周J=3.78 月J=32.53 MA20=195.75 MA60=198.257 多头=0 价=186.8 涨=-1.06%  PE=16.21(None%) PB=3.12(None%)
2026-09-02 20:28:15  [ 19] 01211 比亚迪股份  完成  日J=1.43 周J=48.85 月J=42.47 MA20=90.278 MA60=86.942 多头=1 价=85.25 涨=-3.4%  PE=23.34(None%) PB=2.81(None%)
2026-09-02 20:28:15  [ 23] 01658 邮储银行  完成  日J=104.29 周J=100.95 月J=101.34 MA20=4.967 MA60=4.915 多头=1 价=5.53 涨=1.65%  PE=6.51(None%) PB=0.55(None%)
2026-09-02 20:28:15  [ 22] 03328 交通银行  完成  日J=105.94 周J=108.46 月J=109.79 MA20=7.469 MA60=7.273 多头=1 价=7.93 涨=0.63%  PE=6.34(None%) PB=0.52(None%)
2026-09-02 20:28:17  [ 29] 02513 智谱  完成  日J=73.23 周J=13.82 月J=22.49 MA20=1140.95 MA60=1379.017 多头=0 价=1117.0 涨=-5.26%  PE=-103.85(None%) PB=97.93(None%)
2026-09-02 20:28:17  [ 26] 02359 药明康德  完成  日J=15.44 周J=75.61 月J=85.27 MA20=198.245 MA60=165.275 多头=1 价=193.7 涨=0.62%  PE=23.14(None%) PB=5.98(None%)
2026-09-02 20:28:17  [ 25] 00981 中芯国际  完成  日J=33.17 周J=26.76 月J=40.75 MA20=69.585 MA60=72.978 多头=0 价=68.25 涨=-0.87%  PE=71.94(None%) PB=2.96(None%)
2026-09-02 20:28:17  [ 32] 02475 立讯精密  完成  日J=80.48 周J=84.19 月J=None MA20=61.815 MA60=None 多头=None 价=63.6 涨=0.16%  PE=24.46(None%) PB=4.34(None%)
2026-09-02 20:28:17  [ 27] 00386 中国石油化工股份  完成  日J=89.38 周J=106.59 月J=37.69 MA20=4.476 MA60=4.293 多头=1 价=4.75 涨=-0.31%  PE=14.18(None%) PB=0.59(None%)
2026-09-02 20:28:17  [ 28] 02388 中银香港  完成  日J=105.74 周J=101.17 月J=100.71 MA20=50.657 MA60=48.505 多头=1 价=52.65 涨=0.77%  PE=13.35(None%) PB=1.54(None%)
2026-09-02 20:28:17  [ 30] 00388 香港交易所  完成  日J=12.42 周J=81.64 月J=60.24 MA20=413.37 MA60=395.987 多头=1 价=404.4 涨=-0.3%  PE=25.89(None%) PB=8.45(None%)
2026-09-02 20:28:18  [ 31] 02888 渣打集团  完成  日J=30.68 周J=63.09 月J=92.35 MA20=233.36 MA60=223.442 多头=1 价=231.0 涨=1.05%  PE=11.94(None%) PB=1.39(None%)
2026-09-02 20:28:19  [ 33] 03690 美团-W  完成  日J=29.72 周J=32.04 月J=45.64 MA20=84.99 MA60=81.638 多头=1 价=78.75 涨=2.74%  PE=-11.4(None%) PB=2.5(None%)
2026-09-02 20:28:19  [ 38] 02259 紫金黄金国际  完成  日J=24.49 周J=100.01 月J=25.65 MA20=144.995 MA60=119.812 多头=1 价=149.6 涨=-1.12%  PE=20.27(None%) PB=5.47(None%)
2026-09-02 20:28:19  [ 35] 09633 农夫山泉  完成  日J=11.07 周J=51.12 月J=11.82 MA20=42.74 MA60=42.312 多头=1 价=41.8 涨=0.58%  PE=24.18(None%) PB=10.99(None%)
2026-09-02 20:28:19  [ 34] 00998 中信银行  完成  日J=100.7 周J=115.24 月J=92.27 MA20=7.806 MA60=7.432 多头=1 价=8.46 涨=0.36%  PE=5.78(None%) PB=0.55(None%)
2026-09-02 20:28:19  [ 36] 00728 中国电信  完成  日J=41.37 周J=93.07 月J=33.39 MA20=4.732 MA60=4.65 多头=1 价=4.76 涨=-3.25%  PE=12.79(None%) PB=0.8(None%)
2026-09-02 20:28:19  [ 37] 06030 中信证券  完成  日J=50.33 周J=18.75 月J=44.3 MA20=26.798 MA60=27.13 多头=0 价=26.4 涨=-3.44%  PE=9.15(None%) PB=1.15(None%)
2026-09-02 20:28:20  [ 39] 00267 中信股份  完成  日J=104.66 周J=115.55 月J=80.84 MA20=12.519 MA60=12.083 多头=1 价=13.5 涨=1.58%  PE=5.64(None%) PB=0.43(None%)
2026-09-02 20:28:20  [ 40] 02328 中国财险  完成  日J=97.27 周J=95.45 月J=95.31 MA20=16.013 MA60=15.344 多头=1 价=17.25 涨=-0.58%  PE=6.97(None%) PB=1.1(None%)
2026-09-02 20:28:21  [ 43] 06160 百济神州  完成  日J=10.23 周J=80.42 月J=80.98 MA20=218.705 MA60=192.93 多头=1 价=219.4 涨=2.91%  PE=66.04(None%) PB=8.34(None%)
2026-09-02 20:28:21  [ 45] 03986 兆易创新  完成  日J=28.3 周J=3.26 月J=10.18 MA20=499.245 MA60=652.705 多头=0 价=472.2 涨=-0.67%  PE=36.58(None%) PB=7.72(None%)
2026-09-02 20:28:21  [ 46] 06809 澜起科技  完成  日J=34.09 周J=7.2 月J=27.69 MA20=273.92 MA60=324.27 多头=0 价=261.8 涨=-0.68%  PE=91.2(None%) PB=12.92(None%)
2026-09-02 20:28:21  [ 42] 03993 洛阳钼业  完成  日J=10.91 周J=48.01 月J=1.82 MA20=17.455 MA60=16.916 多头=1 价=16.06 涨=-3.37%  PE=10.87(None%) PB=3.33(None%)
2026-09-02 20:28:21  [ 41] 00992 联想集团  完成  日J=78.38 周J=61.62 月J=91.34 MA20=30.3 MA60=25.635 多头=1 价=30.6 涨=0.07%  PE=60.79(None%) PB=6.71(None%)
2026-09-02 20:28:21  [ 47] 01276 恒瑞医药  完成  日J=6.79 周J=-3.26 月J=-7.57 MA20=51.463 MA60=55.071 多头=0 价=45.5 涨=-1.77%  PE=34.32(None%) PB=4.07(None%)
2026-09-02 20:28:22  [ 44] 00016 新鸿基地产  完成  日J=-2.53 周J=45.49 月J=26.65 MA20=119.485 MA60=118.457 多头=1 价=114.8 涨=1.06%  PE=15.12(None%) PB=0.54(None%)
2026-09-02 20:28:22  [ 48] 02601 中国太保  完成  日J=93.38 周J=89.34 月J=16.62 MA20=29.358 MA60=29.326 多头=1 价=30.52 涨=-1.29%  PE=4.58(None%) PB=0.8(None%)
2026-09-02 20:28:23  [ 51] 02611 国泰海通  完成  日J=22.14 周J=46.94 月J=37.24 MA20=14.821 MA60=14.845 多头=0 价=14.99 涨=-1.51%  PE=7.15(None%) PB=0.69(None%)
2026-09-02 20:28:23  [ 49] 00001 长和  完成  日J=23.73 周J=53.02 月J=79.66 MA20=70.73 MA60=69.838 多头=1 价=69.25 涨=0.29%  PE=7.02(None%) PB=0.46(None%)
2026-09-02 20:28:23  [ 50] 01339 中国人民保险集团  完成  日J=105.15 周J=100.76 月J=35.66 MA20=5.321 MA60=5.214 多头=1 价=5.98 涨=0.08%  PE=4.07(None%) PB=0.67(None%)
2026-09-02 20:28:23  [ 52] 02378 保诚  完成  日J=5.74 周J=6.73 月J=19.37 MA20=108.525 MA60=108.312 多头=1 价=105.1 涨=-1.41%  PE=9.25(None%) PB=1.7(None%)
2026-09-02 20:28:23  [ 53] 02338 潍柴动力  完成  日J=12.89 周J=19.49 月J=37.75 MA20=33.502 MA60=34.316 多头=0 价=30.3 涨=-4.11%  PE=17.71(None%) PB=2.37(None%)
2026-09-02 20:28:24  [ 54] 01919 中远海控  完成  日J=4.41 周J=87.67 月J=81.61 MA20=16.585 MA60=15.12 多头=1 价=16.79 涨=-2.95%  PE=8.44(None%) PB=0.95(None%)
2026-09-02 20:28:24  [ 55] 00669 创科实业  完成  日J=3.43 周J=36.07 月J=76.26 MA20=140.705 MA60=131.482 多头=1 价=130.7 涨=-0.38%  PE=23.46(None%) PB=4.09(None%)
2026-09-02 20:28:24  [ 56] 01378 中国宏桥  完成  日J=25.49 周J=72.35 月J=-4.98 MA20=23.34 MA60=23.023 多头=1 价=22.64 涨=-2.25%  PE=7.1(None%) PB=1.45(None%)
2026-09-02 20:28:25  [ 59] 06951 三环集团  完成  日J=23.38 周J=53.23 月J=None MA20=114.035 MA60=None 多头=None 价=105.6 涨=-4.0%  PE=55.98(None%) PB=7.76(None%)
2026-09-02 20:28:25  [ 60] 02714 牧原股份  完成  日J=101.35 周J=107.52 月J=32.43 MA20=34.194 MA60=32.588 多头=1 价=36.48 涨=0.83%  PE=-150.63(None%) PB=2.31(None%)
2026-09-02 20:28:25  [ 58] 03692 翰森制药  完成  日J=80.3 周J=86.81 月J=34.65 MA20=33.646 MA60=32.083 多头=1 价=35.12 涨=2.21%  PE=27.97(None%) PB=4.9(None%)
2026-09-02 20:28:25  [ 57] 02020 安踏体育  完成  日J=66.48 周J=59.73 月J=52.39 MA20=74.698 MA60=74.225 多头=1 价=76.4 涨=-2.49%  PE=11.7(None%) PB=2.59(None%)
2026-09-02 20:28:26  [ 61] 01109 华润置地  完成  日J=-0.73 周J=33.46 月J=11.42 MA20=33.319 MA60=33.144 多头=1 价=29.44 涨=1.59%  PE=7.94(None%) PB=0.62(None%)
2026-09-02 20:28:26  [ 62] 09992 泡泡玛特  完成  日J=80.99 周J=47.48 月J=3.92 MA20=154.05 MA60=159.158 多头=0 价=154.2 涨=-0.64%  PE=13.76(None%) PB=7.73(None%)
2026-09-02 20:28:26  [ 64] 02269 药明生物  完成  日J=6.03 周J=81.01 月J=82.65 MA20=47.972 MA60=39.823 多头=1 价=49.24 涨=-0.49%  PE=35.94(None%) PB=3.69(None%)
2026-09-02 20:28:26  [ 63] 01347 华虹宏力  完成  日J=81.84 周J=-0.85 月J=22.33 MA20=125.98 MA60=149.75 多头=0 价=117.5 涨=-2.81%  PE=254.49(None%) PB=3.65(None%)
2026-09-02 20:28:27  [ 66] 02476 胜宏科技  完成  日J=-3.45 周J=29.34 月J=-0.45 MA20=234.93 MA60=268.023 多头=0 价=201.8 涨=-6.14%  PE=34.71(None%) PB=4.54(None%)
2026-09-02 20:28:27  [ 67] 06690 海尔智家  完成  日J=37.73 周J=39.26 月J=16.53 MA20=21.218 MA60=21.006 多头=1 价=20.86 涨=-1.88%  PE=9.55(None%) PB=1.42(None%)
2026-09-02 20:28:27  [ 65] 00066 港铁公司  完成  日J=0.48 周J=59.7 月J=20.84 MA20=32.736 MA60=32.101 多头=1 价=32.04 涨=0.63%  PE=8.73(None%) PB=0.98(None%)
2026-09-02 20:28:28  [ 70] 01801 信达生物  完成  日J=14.48 周J=77.98 月J=79.0 MA20=99.435 MA60=89.47 多头=1 价=101.8 涨=0.2%  PE=124.26(None%) PB=7.41(None%)
2026-09-02 20:28:28  [ 68] 00002 中电控股  完成  日J=4.39 周J=62.11 月J=78.64 MA20=78.335 MA60=76.412 多头=1 价=76.6 涨=-1.61%  PE=17.85(None%) PB=1.75(None%)
2026-09-02 20:28:28  [ 69] 00175 吉利汽车  完成  日J=-4.2 周J=14.58 月J=13.82 MA20=18.227 MA60=18.51 多头=0 价=17.06 涨=-2.9%  PE=9.7(None%) PB=1.69(None%)
2026-09-02 20:28:28  [ 71] 06031 三一重工  完成  日J=57.65 周J=30.56 月J=10.2 MA20=19.127 MA60=19.685 多头=0 价=19.12 涨=-2.89%  PE=17.33(None%) PB=1.66(None%)
2026-09-02 20:28:28  [ 72] 00762 中国联通  完成  日J=19.76 周J=10.22 月J=1.02 MA20=5.978 MA60=6.422 多头=0 价=5.57 涨=-1.07%  PE=9.43(None%) PB=0.4(None%)
2026-09-02 20:28:29  [ 74] 06936 顺丰控股  完成  日J=17.21 周J=38.62 月J=35.9 MA20=32.381 MA60=31.821 多头=1 价=31.06 涨=0.52%  PE=13.22(None%) PB=1.38(None%)
2026-09-02 20:28:29  [ 73] 06818 中国光大银行  完成  日J=24.01 周J=19.29 月J=6.21 MA20=2.999 MA60=3.084 多头=0 价=2.87 涨=-0.87%  PE=4.51(None%) PB=0.29(None%)
2026-09-02 20:28:29  [ 75] 01038 长江基建集团  完成  日J=10.37 周J=87.84 月J=76.89 MA20=64.08 MA60=61.582 多头=1 价=64.8 涨=0.93%  PE=6.49(None%) PB=1.1(None%)
2026-09-02 20:28:29  [ 76] 03288 海天味业  完成  日J=-10.83 周J=1.1 月J=-3.55 MA20=31.243 MA60=31.204 多头=1 价=27.82 涨=-0.93%  PE=19.55(None%) PB=3.62(None%)
2026-09-02 20:28:30  [ 77] 00788 中国铁塔  完成  日J=28.91 周J=25.26 月J=7.42 MA20=9.355 MA60=9.414 多头=0 价=9.15 涨=-0.38%  PE=10.61(None%) PB=0.68(None%)
2026-09-02 20:28:30  [ 78] 02423 贝壳-W  完成  日J=44.38 周J=91.4 月J=74.07 MA20=45.435 MA60=42.796 多头=1 价=46.68 涨=1.04%  PE=29.62(None%) PB=2.14(None%)
2026-09-02 20:28:30  [ 79] 01113 长实集团  完成  日J=14.4 周J=51.48 月J=40.87 MA20=46.384 MA60=46.221 多头=1 价=45.74 涨=1.11%  PE=12.1(None%) PB=0.4(None%)
2026-09-02 20:28:30  [ 80] 06886 华泰证券  完成  日J=94.11 周J=94.5 月J=38.69 MA20=17.014 MA60=16.908 多头=1 价=17.61 涨=-1.12%  PE=6.82(None%) PB=0.77(None%)
2026-09-02 20:28:31  [ 81] 01988 民生银行  完成  日J=101.24 周J=72.28 月J=40.96 MA20=3.444 MA60=3.429 多头=1 价=3.58 涨=0.0%  PE=4.76(None%) PB=0.23(None%)
2026-09-02 20:28:31  [ 82] 01898 中煤能源  完成  日J=53.46 周J=102.73 月J=22.97 MA20=11.35 MA60=10.915 多头=1 价=11.69 涨=-2.01%  PE=8.88(None%) PB=0.81(None%)
2026-09-02 20:28:31  [ 85] 09973 奇瑞汽车  完成  日J=20.2 周J=62.57 月J=18.45 MA20=25.812 MA60=25.727 多头=1 价=25.56 涨=-0.08%  PE=7.32(None%) PB=2.38(None%)
2026-09-02 20:28:32  [ 83] 01816 中广核电力  完成  日J=88.05 周J=106.72 月J=22.02 MA20=2.881 MA60=2.852 多头=1 价=3.02 涨=0.33%  PE=13.45(None%) PB=1.07(None%)
2026-09-02 20:28:32  [ 84] 01766 中国中车  完成  日J=43.7 周J=102.05 月J=46.64 MA20=5.164 MA60=4.997 多头=1 价=5.28 涨=-1.58%  PE=9.56(None%) PB=0.75(None%)
2026-09-02 20:28:32  [ 86] 01336 新华保险  完成  日J=55.38 周J=72.69 月J=5.26 MA20=46.852 MA60=47.919 多头=0 价=47.48 涨=-1.62%  PE=2.95(None%) PB=1.04(None%)
2026-09-02 20:28:32  [ 87] 00027 银河娱乐  完成  日J=3.86 周J=71.35 月J=25.45 MA20=34.329 MA60=32.371 多头=1 价=33.46 涨=1.15%  PE=13.68(None%) PB=1.73(None%)
2026-09-02 20:28:33  [ 88] 02600 中国铝业  完成  日J=64.05 周J=85.95 月J=-4.83 MA20=8.484 MA60=8.354 多头=1 价=8.52 涨=-1.62%  PE=7.33(None%) PB=1.5(None%)
2026-09-02 20:28:33  [ 89] 01024 快手-W  完成  日J=47.45 周J=-1.1 月J=-8.75 MA20=37.6 MA60=41.81 多头=0 价=33.64 涨=-2.89%  PE=8.17(None%) PB=1.54(None%)
2026-09-02 20:28:33  [ 90] 03606 福耀玻璃  完成  日J=29.28 周J=62.65 月J=34.63 MA20=56.248 MA60=54.338 多头=1 价=55.35 涨=-0.63%  PE=15.03(None%) PB=3.29(None%)
2026-09-02 20:28:34  [ 92] 01776 广发证券  完成  日J=77.72 周J=85.75 月J=73.74 MA20=17.592 MA60=17.236 多头=1 价=18.16 涨=-3.4%  PE=6.61(None%) PB=0.89(None%)
2026-09-02 20:28:34  [ 91] 01888 建滔积层板  完成  日J=88.93 周J=21.06 月J=20.14 MA20=39.471 MA60=54.965 多头=0 价=45.24 涨=3.29%  PE=32.44(None%) PB=7.78(None%)
2026-09-02 20:28:34  [ 93] 00688 中国海外发展  完成  日J=10.31 周J=49.4 月J=21.58 MA20=13.531 MA60=13.492 多头=1 价=12.87 涨=4.55%  PE=11.08(None%) PB=0.31(None%)
2026-09-02 20:28:34  [ 94] 06869 长飞光纤光缆  完成  日J=72.34 周J=66.65 月J=35.83 MA20=144.82 MA60=167.364 多头=0 价=169.4 涨=3.23%  PE=35.56(None%) PB=7.44(None%)
2026-09-02 20:28:34  [ 96] 01377 鼎泰高科  完成  日J=-2.2 周J=34.67 月J=None MA20=352.74 MA60=None 多头=None 价=320.0 涨=-3.9%  PE=124.85(None%) PB=36.61(None%)
2026-09-02 20:28:34  [ 95] 01972 太古地产  完成  日J=7.23 周J=82.73 月J=47.9 MA20=24.294 MA60=22.655 多头=1 价=24.0 涨=-0.25%  PE=41.87(None%) PB=0.51(None%)
2026-09-02 20:28:35  [ 97] 01171 兖矿能源  完成  日J=60.92 周J=107.03 月J=39.75 MA20=12.875 MA60=12.217 多头=1 价=13.39 涨=-1.54%  PE=10.33(None%) PB=1.53(None%)
2026-09-02 20:28:35  [ 98] 06099 招商证券  完成  日J=66.67 周J=28.37 月J=51.48 MA20=15.195 MA60=15.802 多头=0 价=15.36 涨=-3.64%  PE=6.61(None%) PB=0.92(None%)
2026-09-02 20:28:35  [100] 06613 蓝思科技  完成  日J=73.8 周J=64.7 月J=52.71 MA20=23.132 MA60=23.619 多头=0 价=24.36 涨=0.0%  PE=33.32(None%) PB=2.12(None%)
2026-09-02 20:28:36  [ 99] 00003 香港中华煤气  完成  日J=-0.29 周J=81.47 月J=49.76 MA20=7.083 MA60=6.872 多头=1 价=7.13 涨=0.78%  PE=20.92(None%) PB=2.21(None%)
2026-09-02 20:28:36  [101] 00012 恒基地产  完成  日J=-12.15 周J=55.2 月J=2.97 MA20=27.891 MA60=27.066 多头=1 价=26.44 涨=0.46%  PE=None(None%) PB=None(None%)
2026-09-02 20:28:36  [102] 00358 江西铜业股份  完成  日J=17.35 周J=78.07 月J=17.7 MA20=37.572 MA60=34.969 多头=1 价=36.46 涨=-1.99%  PE=None(None%) PB=None(None%)
2026-09-02 20:28:37  全部完成，结果已写入 /home/runner/work/daily-stock-metrics/daily-stock-metrics/output_hk/2026-09-02/metrics_2026-09-02.csv
2026-09-02 20:28:37  步骤2完成 -> /home/runner/work/daily-stock-metrics/daily-stock-metrics/output_hk/2026-09-02/metrics_2026-09-02.csv
2026-09-02 20:28:37  步骤3: 生成 HTML 总结报告...
2026-09-02 20:28:37  步骤3完成 -> /home/runner/work/daily-stock-metrics/daily-stock-metrics/output_hk/2026-09-02/report_2026-09-02.html
2026-09-02 20:28:37  步骤4: 发送邮件报告...
2026-09-02 20:28:41  步骤4完成: 邮件已发送
2026-09-02 20:28:41  ===== 全部完成 2026-09-02 =====
2026-09-02 20:53:39  今日(2026-09-02)已完成，跳过。结果目录: /home/runner/work/daily-stock-metrics/daily-stock-metrics/output_hk/2026-09-02
2026-09-02 22:26:21  今日(2026-09-02)已完成，跳过。结果目录: /home/runner/work/daily-stock-metrics/daily-stock-metrics/output_hk/2026-09-02
2026-09-02 22:57:42  今日(2026-09-02)已完成，跳过。结果目录: /home/runner/work/daily-stock-metrics/daily-stock-metrics/output_hk/2026-09-02
