2026-09-14 23:12:58  ===== 开始每日ETF指标任务 2026-09-14 =====
2026-09-14 23:12:58  步骤1: 获取场内规模前100的ETF...
[  1] 510300 沪深300ETF华泰柏瑞  规模=1065.11亿  跟踪=沪深300指数  主题=沪深300
[  2] 588000 科创50ETF华夏  规模=904.45亿  跟踪=上证科创板50成份指数  主题=科创板
[  3] 159915 创业板ETF易方达  规模=650.31亿  跟踪=创业板指数(价格)  主题=创业板
[  4] 512880 证券ETF国泰  规模=596.3亿  跟踪=中证全指证券公司指数  主题=证券
[  5] 510310 沪深300ETF易方达  规模=501.69亿  跟踪=沪深300指数  主题=沪深300
[  6] 588200 科创芯片ETF嘉实  规模=464.58亿  跟踪=上证科创板芯片指数  主题=半导体
[  7] 515880 通信ETF国泰  规模=420.72亿  跟踪=中证全指通信设备指数  主题=通信
[  8] 588080 科创50ETF易方达  规模=415.19亿  跟踪=上证科创板50成份指数  主题=科创板
[  9] 510500 中证500ETF南方  规模=397.54亿  跟踪=中证500指数  主题=中证500
[ 10] 159516 半导体设备ETF国泰  规模=396.67亿  跟踪=中证半导体材料设备主题指数  主题=半导体
[ 11] 510330 沪深300ETF华夏  规模=395.84亿  跟踪=沪深300指数  主题=沪深300
[ 12] 588170 科创半导体ETF华夏  规模=387.33亿  跟踪=上证科创板半导体材料设备主题指数  主题=半导体
[ 13] 563360 A500ETF华泰柏瑞  规模=384.04亿  跟踪=中证A500指数  主题=中证A500
[ 14] 512000 券商ETF华宝  规模=367.42亿  跟踪=中证全指证券公司指数  主题=证券
[ 15] 159352 A500ETF南方  规模=331.79亿  跟踪=中证A500指数  主题=中证A500
[ 16] 512890 红利低波ETF华泰柏瑞  规模=317.67亿  跟踪=中证红利低波动指数  主题=红利
[ 17] 159919 沪深300ETF嘉实  规模=297.53亿  跟踪=沪深300指数  主题=沪深300
[ 18] 159361 A500ETF易方达  规模=270.28亿  跟踪=中证A500指数  主题=中证A500
[ 19] 159995 芯片ETF华夏  规模=261.69亿  跟踪=国证半导体芯片指数  主题=半导体
[ 20] 512400 有色金属ETF南方  规模=253.46亿  跟踪=有色金属  主题=有色金属
[ 21] 159338 中证A500ETF国泰  规模=251.9亿  跟踪=中证A500指数  主题=中证A500
[ 22] 159949 创业板50ETF华安  规模=242.88亿  跟踪=创业板50指数  主题=创业板
[ 23] 512170 医疗ETF华宝  规模=240.58亿  跟踪=中证医疗指数  主题=医药
[ 24] 510050 上证50ETF华夏  规模=209.26亿  跟踪=上证50指数  主题=上证50
[ 25] 159819 人工智能ETF易方达  规模=202.83亿  跟踪=中证人工智能主题指数  主题=人工智能
[ 26] 515450 红利低波50ETF南方  规模=202.13亿  跟踪=标普中国A股大盘红利低波50指数  主题=红利
[ 27] 512480 半导体ETF国联安  规模=194.57亿  跟踪=中证全指半导体产品与设备指数  主题=半导体
[ 28] 159558 半导体设备ETF易方达  规模=192.29亿  跟踪=中证半导体材料设备主题指数  主题=半导体
[ 29] 510880 红利ETF华泰柏瑞  规模=190.63亿  跟踪=上证红利指数  主题=红利
[ 30] 512050 A500ETF华夏  规模=190.63亿  跟踪=中证A500指数  主题=中证A500
[ 31] 159326 电网设备ETF华夏  规模=187.48亿  跟踪=中证电网设备主题指数  主题=其他
[ 32] 512100 中证1000ETF南方  规模=184.63亿  跟踪=中证1000指数  主题=中证1000
[ 33] 515180 红利ETF易方达  规模=181.9亿  跟踪=中证红利指数  主题=红利
[ 34] 515050 通信ETF华夏  规模=180.19亿  跟踪=中证5G通信主题指数  主题=通信
[ 35] 510180 上证180ETF华安  规模=171.86亿  跟踪=上证180指数  主题=上证180
[ 36] 562500 机器人ETF华夏  规模=169.69亿  跟踪=中证机器人指数  主题=机器人
[ 37] 159992 创新药ETF银华  规模=163.68亿  跟踪=中证创新药产业指数  主题=医药
[ 38] 159781 科创创业ETF易方达  规模=161.49亿  跟踪=中证科创创业50指数  主题=科创板
[ 39] 159201 自由现金流ETF华夏  规模=160.3亿  跟踪=国证自由现金流指数  主题=货币市场
[ 40] 159530 机器人ETF易方达  规模=159.37亿  跟踪=国证机器人产业指数  主题=机器人
[ 41] 159928 消费ETF汇添富  规模=151.56亿  跟踪=中证主要消费指数  主题=消费
[ 42] 512010 医药ETF易方达  规模=149.61亿  跟踪=沪深300医药卫生指数  主题=医药
[ 43] 510210 上证指数ETF富国  规模=148.53亿  跟踪=上证综合指数  主题=其他
[ 44] 517520 黄金股ETF永赢  规模=135.81亿  跟踪=中证沪深港黄金产业股票指数  主题=黄金
[ 45] 512690 酒ETF鹏华  规模=132.34亿  跟踪=中证酒指数  主题=白酒
[ 46] 512070 证券保险ETF易方达  规模=131.09亿  跟踪=沪深300非银行金融指数  主题=证券
[ 47] 159870 化工ETF鹏华  规模=129.91亿  跟踪=细分化工  主题=化工
[ 48] 159206 卫星ETF永赢  规模=123.66亿  跟踪=国证商用卫星通信产业指数  主题=通信
[ 49] 563020 红利低波ETF易方达  规模=120.82亿  跟踪=中证红利低波动指数  主题=红利
[ 50] 560780 半导体设备ETF广发  规模=120.06亿  跟踪=中证半导体材料设备主题指数  主题=半导体
[ 51] 513630 港股低波红利ETF摩根  规模=118.29亿  跟踪=标普港股通低波红利指数  主题=红利
[ 52] 159841 证券ETF天弘  规模=116.61亿  跟踪=中证全指证券公司指数  主题=证券
[ 53] 159952 创业板ETF广发  规模=113.03亿  跟踪=创业板指数(价格)  主题=创业板
[ 54] 515120 创新药ETF广发  规模=111.54亿  跟踪=中证创新药产业指数  主题=医药
[ 55] 515080 中证红利ETF招商  规模=108.47亿  跟踪=中证红利指数  主题=红利
[ 56] 588050 科创50ETF工银  规模=106.86亿  跟踪=上证科创板50成份指数  主题=科创板
[ 57] 563800 A500ETF广发  规模=106.26亿  跟踪=中证A500指数  主题=中证A500
[ 58] 515220 煤炭ETF国泰  规模=105.53亿  跟踪=中证煤炭指数  主题=煤炭
[ 59] 588710 科创半导体设备ETF华泰柏瑞  规模=104.11亿  跟踪=上证科创板半导体材料设备主题指数  主题=半导体
[ 60] 512760 芯片ETF国泰  规模=101.96亿  跟踪=中华交易服务半导体芯片行业人民币指数  主题=半导体
[ 61] 512800 银行ETF华宝  规模=97.86亿  跟踪=中证银行指数  主题=银行
[ 62] 159611 电力ETF广发  规模=95.18亿  跟踪=中证全指电力公用事业指数  主题=电力
[ 63] 516650 有色金属ETF华夏  规模=93.83亿  跟踪=细分有色  主题=有色金属
[ 64] 159852 软件ETF嘉实  规模=93.16亿  跟踪=中证软件服务指数  主题=计算机
[ 65] 159842 券商ETF银华  规模=90.75亿  跟踪=中证全指证券公司指数  主题=证券
[ 66] 560860 工业有色ETF万家  规模=84.95亿  跟踪=中证工业有色金属主题指数  主题=有色金属
[ 67] 159351 A500ETF嘉实  规模=84.6亿  跟踪=中证A500指数  主题=中证A500
[ 68] 159263 价值ETF易方达  规模=83.85亿  跟踪=国证价值100指数  主题=价值
[ 69] 562590 半导体设备ETF华夏  规模=82.62亿  跟踪=中证半导体材料设备主题指数  主题=半导体
[ 70] 159869 游戏ETF华夏  规模=81.72亿  跟踪=中证动漫游戏指数  主题=传媒
[ 71] 159922 中证500ETF嘉实  规模=81.18亿  跟踪=中证500指数  主题=中证500
[ 72] 515330 沪深300ETF天弘  规模=80.84亿  跟踪=沪深300指数  主题=沪深300
[ 73] 159259 成长ETF易方达  规模=80.54亿  跟踪=国证成长100指数  主题=成长
[ 74] 515070 人工智能ETF华夏  规模=79.55亿  跟踪=中证人工智能主题指数  主题=人工智能
[ 75] 588060 科创50ETF广发  规模=78.87亿  跟踪=上证科创板50成份指数  主题=科创板
[ 76] 563220 A500ETF富国  规模=77.77亿  跟踪=中证A500指数  主题=中证A500
[ 77] 512900 证券ETF南方  规模=77.52亿  跟踪=中证全指证券公司指数  主题=证券
[ 78] 512660 军工ETF国泰  规模=77.31亿  跟踪=中证军工指数  主题=军工
[ 79] 512500 中证500ETF华夏  规模=75.52亿  跟踪=中证500指数  主题=中证500
[ 80] 512710 军工龙头ETF富国  规模=70.7亿  跟踪=中证军工龙头指数  主题=军工
[ 81] 159363 创业板人工智能ETF华宝  规模=70.12亿  跟踪=创业板人工智能指数  主题=人工智能
[ 82] 588750 科创芯片ETF汇添富  规模=69.91亿  跟踪=上证科创板芯片指数  主题=半导体
[ 83] 159755 电池ETF广发  规模=68.77亿  跟踪=国证新能源车电池指数  主题=新能源
[ 84] 159307 红利低波100ETF博时  规模=68.28亿  跟踪=中证红利低波动100指数  主题=红利
[ 85] 159845 中证1000ETF华夏  规模=66.82亿  跟踪=中证1000指数  主题=中证1000
[ 86] 159157 有色金属ETF天弘  规模=65.17亿  跟踪=中证工业有色金属主题指数  主题=有色金属
[ 87] 159865 养殖ETF国泰  规模=64.15亿  跟踪=中证畜牧养殖指数  主题=农业
[ 88] 159977 创业板ETF天弘  规模=64.1亿  跟踪=创业板指数(价格)  主题=创业板
[ 89] 159813 半导体ETF鹏华  规模=62.54亿  跟踪=国证半导体芯片指数  主题=半导体
[ 90] 515980 人工智能ETF华富  规模=62.15亿  跟踪=中证人工智能产业指数  主题=人工智能
[ 91] 588220 科创100ETF鹏华  规模=62.14亿  跟踪=上证科创板100指数  主题=科创板
[ 92] 516150 稀土ETF嘉实  规模=62.14亿  跟踪=中证稀土产业指数  主题=有色金属
[ 93] 159851 金融科技ETF华宝  规模=62.13亿  跟踪=中证金融科技主题指数  主题=其他
[ 94] 560610 A500ETF招商  规模=60.56亿  跟踪=中证A500指数  主题=中证A500
[ 95] 512950 央企改革ETF华夏  规模=60.05亿  跟踪=中证央企结构调整指数  主题=央企国企
[ 96] 159562 黄金股ETF华夏  规模=59.29亿  跟踪=中证沪深港黄金产业股票指数  主题=黄金
[ 97] 159770 机器人ETF天弘  规模=57.99亿  跟踪=中证机器人指数  主题=机器人
[ 98] 560010 中证1000ETF广发  规模=57.98亿  跟踪=中证1000指数  主题=中证1000
[ 99] 159549 红利低波ETF天弘  规模=57.72亿  跟踪=中证红利低波动100指数  主题=红利
[100] 159967 创业板成长ETF华夏  规模=57.57亿  跟踪=创业板动量成长指数  主题=成长
2026-09-14 23:13:52  步骤1完成 -> /home/runner/work/daily-stock-metrics/daily-stock-metrics/output_etf/2026-09-14/etf_list_2026-09-14.csv
2026-09-14 23:13:52  步骤2: 计算 KDJ-J(日/周/月)...
2026-09-14 23:13:52  步骤2: 计算指标...
2026-09-14 23:13:52  观察池: 共63只(含历史追踪2只)
2026-09-14 23:13:52  待处理 63 条，并发数 8
2026-09-14 23:14:00  [  3] 159915 创业板ETF易方达  完成  日J=22.54 周J=15.88 月J=3.31 MA20=3.427 MA60=3.65 多头=0 价=3.3 涨=-1.23%  PE=37.6(30.36%) PB=5.25(58.76%)
2026-09-14 23:14:10  [  4] 512880 证券ETF国泰  完成  日J=-8.76 周J=-3.18 月J=24.09 MA20=1.084 MA60=1.104 多头=0 价=1.05 涨=-0.57%  PE=12.16(0.0%) PB=1.22(9.56%)
2026-09-14 23:14:10  [  7] 510500 中证500ETF南方  完成  日J=27.31 周J=34.16 月J=13.64 MA20=7.811 MA60=8.021 多头=0 价=7.6 涨=-0.14%  PE=32.49(75.6%) PB=2.35(76.28%)
2026-09-14 23:14:10  [  5] 588200 科创芯片ETF嘉实  完成  日J=6.91 周J=0.35 月J=26.99 MA20=1.148 MA60=1.269 多头=0 价=1.07 涨=-1.74%  PE=None(None%) PB=None(None%)
2026-09-14 23:14:10  [  8] 159516 半导体设备ETF国泰  完成  日J=26.63 周J=11.43 月J=34.53 MA20=0.701 MA60=0.76 多头=0 价=0.65 涨=-0.46%  PE=None(None%) PB=None(None%)
2026-09-14 23:14:10  [  1] 510300 沪深300ETF华泰柏瑞  完成  日J=11.43 周J=2.83 月J=11.99 MA20=4.645 MA60=4.74 多头=0 价=4.55 涨=-0.63%  PE=13.45(66.56%) PB=1.42(39.72%)
2026-09-14 23:14:10  [  6] 515880 通信ETF国泰  完成  日J=59.2 周J=65.14 月J=23.12 MA20=0.665 MA60=0.703 多头=0 价=0.66 涨=-2.22%  PE=None(None%) PB=None(None%)
2026-09-14 23:14:12  [ 12] 159995 芯片ETF华夏  完成  日J=9.67 周J=-1.54 月J=18.66 MA20=1.131 MA60=1.273 多头=0 价=1.06 涨=-1.58%  PE=None(None%) PB=None(None%)
2026-09-14 23:14:12  [ 14] 159949 创业板50ETF华安  完成  日J=25.4 周J=13.85 月J=-1.58 MA20=1.604 MA60=1.723 多头=0 价=1.54 涨=-1.53%  PE=None(None%) PB=None(None%)
2026-09-14 23:14:15  [  2] 588000 科创50ETF华夏  完成  日J=3.96 周J=-7.15 月J=21.08 MA20=1.717 MA60=1.883 多头=0 价=1.61 涨=-1.77%  PE=125.32(79.35%) PB=7.29(83.22%)
2026-09-14 23:14:15  [  9] 588170 科创半导体ETF华夏  完成  日J=22.42 周J=11.06 月J=35.1 MA20=0.969 MA60=1.051 多头=0 价=0.89 涨=-0.56%  PE=None(None%) PB=None(None%)
2026-09-14 23:14:18  [ 18] 515450 红利低波50ETF南方  完成  日J=52.76 周J=53.46 月J=74.94 MA20=1.398 MA60=1.38 多头=1 价=1.41 涨=0.64%  PE=8.59(79.88%) PB=0.88(63.44%)
2026-09-14 23:14:24  [ 10] 563360 A500ETF华泰柏瑞  完成  日J=19.88 周J=7.49 月J=6.46 MA20=1.278 MA60=1.312 多头=0 价=1.25 涨=-0.56%  PE=None(None%) PB=None(None%)
2026-09-14 23:14:24  [ 15] 512170 医疗ETF华宝  完成  日J=22.44 周J=33.17 月J=39.5 MA20=0.341 MA60=0.33 多头=1 价=0.33 涨=0.92%  PE=29.76(19.72%) PB=3.46(12.16%)
2026-09-14 23:14:26  [ 13] 512400 有色金属ETF南方  完成  日J=20.2 周J=60.03 月J=6.46 MA20=1.83 MA60=1.773 多头=1 价=1.74 涨=-0.8%  PE=None(None%) PB=None(None%)
2026-09-14 23:14:27  [ 16] 510050 上证50ETF华夏  完成  日J=7.96 周J=13.76 月J=27.91 MA20=3.015 MA60=3.029 多头=0 价=2.98 涨=-0.03%  PE=10.77(58.68%) PB=1.23(50.36%)
2026-09-14 23:14:29  [ 17] 159819 人工智能ETF易方达  完成  日J=2.99 周J=-2.68 月J=19.83 MA20=1.731 MA60=1.878 多头=0 价=1.66 涨=-1.94%  PE=None(None%) PB=None(None%)
2026-09-14 23:14:31  [ 19] 512480 半导体ETF国联安  完成  日J=11.52 周J=1.67 月J=21.61 MA20=1.017 MA60=1.133 多头=0 价=0.95 涨=-1.04%  PE=None(None%) PB=None(None%)
2026-09-14 23:14:34  [ 20] 510880 红利ETF华泰柏瑞  完成  日J=22.04 周J=74.46 月J=86.17 MA20=3.429 MA60=3.253 多头=1 价=3.4 涨=-0.56%  PE=9.0(97.72%) PB=0.87(63.56%)
2026-09-14 23:14:36  [ 11] 512890 红利低波ETF华泰柏瑞  完成  日J=67.11 周J=97.44 月J=99.57 MA20=1.194 MA60=1.159 多头=1 价=1.21 涨=0.58%  PE=8.59(79.88%) PB=0.88(63.44%)
2026-09-14 23:14:38  [ 21] 159326 电网设备ETF华夏  完成  日J=34.95 周J=50.32 月J=5.9 MA20=1.665 MA60=1.735 多头=0 价=1.63 涨=-0.67%  PE=None(None%) PB=None(None%)
2026-09-14 23:14:40  [ 22] 512100 中证1000ETF南方  完成  日J=33.87 周J=61.27 月J=21.87 MA20=3.087 MA60=3.14 多头=0 价=3.03 涨=0.53%  PE=42.83(68.0%) PB=2.35(42.56%)
2026-09-14 23:14:41  [ 29] 159201 自由现金流ETF华夏  完成  日J=20.13 周J=82.38 月J=22.22 MA20=1.185 MA60=1.151 多头=1 价=1.18 涨=0.08%  PE=None(None%) PB=None(None%)
2026-09-14 23:14:41  [ 24] 515050 通信ETF华夏  完成  日J=61.42 周J=57.68 月J=29.2 MA20=1.031 MA60=1.098 多头=0 价=1.02 涨=-2.58%  PE=None(None%) PB=None(None%)
2026-09-14 23:14:41  [ 23] 515180 红利ETF易方达  完成  日J=-1.62 周J=66.19 月J=71.23 MA20=1.448 MA60=1.396 多头=1 价=1.43 涨=-0.35%  PE=8.71(82.64%) PB=0.86(52.28%)
2026-09-14 23:14:42  [ 30] 159530 机器人ETF易方达  完成  日J=16.6 周J=7.93 月J=-2.42 MA20=1.321 MA60=1.404 多头=0 价=1.27 涨=0.79%  PE=None(None%) PB=None(None%)
2026-09-14 23:14:44  [ 25] 510180 上证180ETF华安  完成  日J=9.13 周J=19.37 月J=17.25 MA20=3.957 MA60=3.993 多头=0 价=3.89 涨=-0.26%  PE=11.5(63.8%) PB=1.22(38.84%)
2026-09-14 23:14:45  [ 26] 562500 机器人ETF华夏  完成  日J=13.18 周J=5.44 月J=-3.12 MA20=0.951 MA60=1.008 多头=0 价=0.91 涨=0.44%  PE=None(None%) PB=None(None%)
2026-09-14 23:14:50  [ 28] 159781 科创创业ETF易方达  完成  日J=14.55 周J=-5.83 月J=10.7 MA20=1.069 MA60=1.176 多头=0 价=1.01 涨=-1.84%  PE=None(None%) PB=None(None%)
2026-09-14 23:14:50  [ 27] 159992 创新药ETF银华  完成  日J=43.56 周J=2.48 月J=59.19 MA20=0.859 MA60=0.857 多头=1 价=0.83 涨=3.36%  PE=None(None%) PB=None(None%)
2026-09-14 23:14:52  [ 38] 159206 卫星ETF永赢  完成  日J=27.49 周J=37.97 月J=-2.38 MA20=1.354 MA60=1.438 多头=0 价=1.32 涨=-0.15%  PE=None(None%) PB=None(None%)
2026-09-14 23:14:54  [ 39] 513630 港股低波红利ETF摩根  完成  日J=20.7 周J=36.35 月J=38.28 MA20=1.593 MA60=1.559 多头=1 价=1.58 涨=0.13%  PE=None(None%) PB=None(None%)
2026-09-14 23:14:55  [ 32] 512010 医药ETF易方达  完成  日J=32.08 周J=8.4 月J=62.09 MA20=0.381 MA60=0.374 多头=1 价=0.37 涨=1.37%  PE=None(None%) PB=None(None%)
2026-09-14 23:14:56  [ 33] 510210 上证指数ETF富国  完成  日J=28.27 周J=74.69 月J=32.13 MA20=1.005 MA60=1.0 多头=1 价=1.0 涨=0.3%  PE=None(None%) PB=None(None%)
2026-09-14 23:14:57  [ 34] 517520 黄金股ETF永赢  完成  日J=23.41 周J=73.33 月J=19.6 MA20=2.191 MA60=1.933 多头=1 价=2.1 涨=-0.66%  PE=None(None%) PB=None(None%)
2026-09-14 23:14:58  [ 31] 159928 消费ETF汇添富  完成  日J=6.67 周J=22.69 月J=33.24 MA20=0.669 MA60=0.659 多头=1 价=0.66 涨=0.3%  PE=22.9(20.48%) PB=3.39(1.56%)
2026-09-14 23:14:58  [ 35] 512690 酒ETF鹏华  完成  日J=-7.85 周J=13.4 月J=19.08 MA20=0.423 MA60=0.42 多头=1 价=0.41 涨=-0.49%  PE=None(None%) PB=None(None%)
2026-09-14 23:15:01  [ 36] 512070 证券保险ETF易方达  完成  日J=-0.33 周J=29.26 月J=15.34 MA20=0.798 MA60=0.799 多头=0 价=0.79 涨=0.25%  PE=None(None%) PB=None(None%)
2026-09-14 23:15:04  [ 37] 159870 化工ETF鹏华  完成  日J=-2.67 周J=38.87 月J=6.28 MA20=0.805 MA60=0.809 多头=0 价=0.77 涨=-0.26%  PE=None(None%) PB=None(None%)
2026-09-14 23:15:06  [ 47] 159263 价值ETF易方达  完成  日J=19.29 周J=78.04 月J=55.77 MA20=1.157 MA60=1.126 多头=1 价=1.15 涨=0.17%  PE=None(None%) PB=None(None%)
2026-09-14 23:15:09  [ 40] 515220 煤炭ETF国泰  完成  日J=13.7 周J=62.58 月J=57.59 MA20=1.306 MA60=1.218 多头=1 价=1.27 涨=-1.7%  PE=19.18(85.88%) PB=1.81(97.24%)
2026-09-14 23:15:10  [ 42] 512800 银行ETF华宝  完成  日J=95.41 周J=103.37 月J=109.83 MA20=0.832 MA60=0.802 多头=1 价=0.86 涨=1.53%  PE=7.43(96.0%) PB=0.7(47.68%)
2026-09-14 23:15:11  [ 49] 159259 成长ETF易方达  完成  日J=53.54 周J=55.11 月J=27.61 MA20=1.332 MA60=1.417 多头=0 价=1.31 涨=-1.13%  PE=None(None%) PB=None(None%)
2026-09-14 23:15:11  [ 41] 512760 芯片ETF国泰  完成  日J=10.29 周J=-4.38 月J=20.96 MA20=1.078 MA60=1.207 多头=0 价=1.01 涨=-1.17%  PE=None(None%) PB=None(None%)
2026-09-14 23:15:12  [ 45] 159852 软件ETF嘉实  完成  日J=0.14 周J=8.53 月J=-4.19 MA20=0.675 MA60=0.687 多头=0 价=0.65 涨=0.46%  PE=None(None%) PB=None(None%)
2026-09-14 23:15:12  [ 43] 159611 电力ETF广发  完成  日J=77.95 周J=48.5 月J=5.99 MA20=1.042 MA60=1.048 多头=0 价=1.06 涨=0.28%  PE=None(None%) PB=None(None%)
2026-09-14 23:15:13  [ 51] 512710 军工龙头ETF富国  完成  日J=52.07 周J=86.59 月J=-0.82 MA20=0.627 MA60=0.631 多头=0 价=0.64 涨=-2.44%  PE=None(None%) PB=None(None%)
2026-09-14 23:15:13  [ 52] 159363 创业板人工智能ETF华宝  完成  日J=21.23 周J=54.07 月J=24.99 MA20=1.224 MA60=1.285 多头=0 价=1.19 涨=-1.9%  PE=None(None%) PB=None(None%)
2026-09-14 23:15:14  [ 53] 159755 电池ETF广发  完成  日J=37.29 周J=12.27 月J=-13.48 MA20=0.923 MA60=0.97 多头=0 价=0.88 涨=1.38%  PE=21.71(23.88%) PB=3.07(39.6%)
2026-09-14 23:15:16  [ 46] 560860 工业有色ETF万家  完成  日J=18.78 周J=50.19 月J=4.97 MA20=1.621 MA60=1.592 多头=1 价=1.54 涨=-1.09%  PE=None(None%) PB=None(None%)
2026-09-14 23:15:16  [ 44] 516650 有色金属ETF华夏  完成  日J=19.35 周J=59.92 月J=3.69 MA20=1.867 MA60=1.801 多头=1 价=1.77 涨=-0.73%  PE=None(None%) PB=None(None%)
2026-09-14 23:15:17  [ 57] 588220 科创100ETF鹏华  完成  日J=26.95 周J=34.89 月J=27.56 MA20=1.76 MA60=1.829 多头=0 价=1.67 涨=0.18%  PE=None(None%) PB=None(None%)
2026-09-14 23:15:21  [ 48] 159869 游戏ETF华夏  完成  日J=-4.65 周J=59.41 月J=1.57 MA20=1.096 MA60=1.096 多头=0 价=1.08 涨=-1.55%  PE=None(None%) PB=None(None%)
2026-09-14 23:15:23  [ 61] 159967 创业板成长ETF华夏  完成  日J=63.1 周J=38.96 月J=23.07 MA20=0.779 MA60=0.842 多头=0 价=0.76 涨=-1.94%  PE=None(None%) PB=None(None%)
2026-09-14 23:15:25  [ 50] 512660 军工ETF国泰  完成  日J=40.56 周J=75.81 月J=1.01 MA20=1.136 MA60=1.158 多头=0 价=1.15 涨=-1.54%  PE=60.49(38.64%) PB=3.3(56.52%)
2026-09-14 23:15:25  [ 62] 563300 中证2000ETF华泰柏瑞  完成  日J=31.79 周J=86.49 月J=34.99 MA20=1.429 MA60=1.431 多头=0 价=1.42 涨=1.14%  PE=None(None%) PB=None(None%)
2026-09-14 23:15:27  [ 63] 561980 半导体设备ETF招商  完成  日J=15.33 周J=-1.93 月J=35.72 MA20=0.677 MA60=0.739 多头=0 价=0.63 涨=-1.26%  PE=None(None%) PB=None(None%)
2026-09-14 23:15:27  [ 56] 515980 人工智能ETF华富  完成  日J=3.06 周J=11.95 月J=23.05 MA20=1.015 MA60=1.092 多头=0 价=0.98 涨=-1.41%  PE=None(None%) PB=None(None%)
2026-09-14 23:15:28  [ 55] 159865 养殖ETF国泰  完成  日J=4.72 周J=60.3 月J=31.53 MA20=0.549 MA60=0.531 多头=1 价=0.55 涨=-0.73%  PE=None(None%) PB=None(None%)
2026-09-14 23:15:28  [ 54] 159307 红利低波100ETF博时  完成  日J=28.35 周J=30.85 月J=60.44 MA20=1.019 MA60=1.007 多头=1 价=1.02 涨=0.59%  PE=None(None%) PB=None(None%)
2026-09-14 23:15:30  [ 59] 159851 金融科技ETF华宝  完成  日J=-7.52 周J=43.18 月J=2.42 MA20=0.624 MA60=0.62 多头=1 价=0.6 涨=0.33%  PE=None(None%) PB=None(None%)
2026-09-14 23:15:31  [ 58] 516150 稀土ETF嘉实  完成  日J=24.01 周J=33.38 月J=1.49 MA20=1.718 MA60=1.773 多头=0 价=1.64 涨=0.37%  PE=None(None%) PB=None(None%)
2026-09-14 23:15:36  [ 60] 512950 央企改革ETF华夏  完成  日J=11.97 周J=45.31 月J=17.06 MA20=1.504 MA60=1.518 多头=0 价=1.49 涨=-0.8%  PE=None(None%) PB=None(None%)
2026-09-14 23:15:36  全部完成，结果已写入 /home/runner/work/daily-stock-metrics/daily-stock-metrics/output_etf/2026-09-14/metrics_2026-09-14.csv
2026-09-14 23:15:36  步骤2完成 -> /home/runner/work/daily-stock-metrics/daily-stock-metrics/output_etf/2026-09-14/metrics_2026-09-14.csv
2026-09-14 23:15:36  步骤3: 生成 HTML 总结报告...
2026-09-14 23:15:37  步骤3完成 -> /home/runner/work/daily-stock-metrics/daily-stock-metrics/output_etf/2026-09-14/report_2026-09-14.html
2026-09-14 23:15:37  步骤4: 发送邮件报告...
2026-09-14 23:15:41  步骤4完成: 邮件已发送
2026-09-14 23:15:41  ===== 全部完成 2026-09-14 =====
2026-09-14 23:46:57  今日(2026-09-14)已完成，跳过。结果目录: /home/runner/work/daily-stock-metrics/daily-stock-metrics/output_etf/2026-09-14
