2026-09-07 22:24:21  ===== 开始每日ETF指标任务 2026-09-07 =====
2026-09-07 22:24:21  步骤1: 获取场内规模前100的ETF...
[  1] 510300 沪深300ETF华泰柏瑞  规模=1083.29亿  跟踪=沪深300指数  主题=沪深300
[  2] 588000 科创50ETF华夏  规模=922.33亿  跟踪=上证科创板50成份指数  主题=科创板
[  3] 159915 创业板ETF易方达  规模=685.85亿  跟踪=创业板指数(价格)  主题=创业板
[  4] 512880 证券ETF国泰  规模=605.15亿  跟踪=中证全指证券公司指数  主题=证券
[  5] 510310 沪深300ETF易方达  规模=511.46亿  跟踪=沪深300指数  主题=沪深300
[  6] 588200 科创芯片ETF嘉实  规模=494.13亿  跟踪=上证科创板芯片指数  主题=半导体
[  7] 588170 科创半导体ETF华夏  规模=424.82亿  跟踪=上证科创板半导体材料设备主题指数  主题=半导体
[  8] 588080 科创50ETF易方达  规模=423.32亿  跟踪=上证科创板50成份指数  主题=科创板
[  9] 159516 半导体设备ETF国泰  规模=421.88亿  跟踪=中证半导体材料设备主题指数  主题=半导体
[ 10] 515880 通信ETF国泰  规模=420.58亿  跟踪=中证全指通信设备指数  主题=通信
[ 11] 510500 中证500ETF南方  规模=405.6亿  跟踪=中证500指数  主题=中证500
[ 12] 510330 沪深300ETF华夏  规模=405.57亿  跟踪=沪深300指数  主题=沪深300
[ 13] 563360 A500ETF华泰柏瑞  规模=398.93亿  跟踪=中证A500指数  主题=中证A500
[ 14] 512000 券商ETF华宝  规模=374.92亿  跟踪=中证全指证券公司指数  主题=证券
[ 15] 159352 A500ETF南方  规模=336.75亿  跟踪=中证A500指数  主题=中证A500
[ 16] 512890 红利低波ETF华泰柏瑞  规模=313.52亿  跟踪=中证红利低波动指数  主题=红利
[ 17] 159919 沪深300ETF嘉实  规模=302.85亿  跟踪=沪深300指数  主题=沪深300
[ 18] 159361 A500ETF易方达  规模=290.69亿  跟踪=中证A500指数  主题=中证A500
[ 19] 159995 芯片ETF华夏  规模=277.21亿  跟踪=国证半导体芯片指数  主题=半导体
[ 20] 512400 有色金属ETF南方  规模=269.05亿  跟踪=有色金属  主题=有色金属
[ 21] 159338 中证A500ETF国泰  规模=259.8亿  跟踪=中证A500指数  主题=中证A500
[ 22] 159949 创业板50ETF华安  规模=248.24亿  跟踪=创业板50指数  主题=创业板
[ 23] 512170 医疗ETF华宝  规模=241.47亿  跟踪=中证医疗指数  主题=医药
[ 24] 159819 人工智能ETF易方达  规模=212.72亿  跟踪=中证人工智能主题指数  主题=人工智能
[ 25] 159558 半导体设备ETF易方达  规模=206.59亿  跟踪=中证半导体材料设备主题指数  主题=半导体
[ 26] 512480 半导体ETF国联安  规模=205.91亿  跟踪=中证全指半导体产品与设备指数  主题=半导体
[ 27] 510050 上证50ETF华夏  规模=205.55亿  跟踪=上证50指数  主题=上证50
[ 28] 512100 中证1000ETF南方  规模=203.08亿  跟踪=中证1000指数  主题=中证1000
[ 29] 515450 红利低波50ETF南方  规模=198.52亿  跟踪=标普中国A股大盘红利低波50指数  主题=红利
[ 30] 512050 A500ETF华夏  规模=198.07亿  跟踪=中证A500指数  主题=中证A500
[ 31] 159326 电网设备ETF华夏  规模=191.72亿  跟踪=中证电网设备主题指数  主题=其他
[ 32] 510880 红利ETF华泰柏瑞  规模=188.88亿  跟踪=上证红利指数  主题=红利
[ 33] 515050 通信ETF华夏  规模=183.76亿  跟踪=中证5G通信主题指数  主题=通信
[ 34] 515180 红利ETF易方达  规模=181.62亿  跟踪=中证红利指数  主题=红利
[ 35] 562500 机器人ETF华夏  规模=177.38亿  跟踪=中证机器人指数  主题=机器人
[ 36] 510180 上证180ETF华安  规模=174.71亿  跟踪=上证180指数  主题=上证180
[ 37] 159781 科创创业ETF易方达  规模=170.38亿  跟踪=中证科创创业50指数  主题=科创板
[ 38] 159992 创新药ETF银华  规模=169.62亿  跟踪=中证创新药产业指数  主题=医药
[ 39] 159530 机器人ETF易方达  规模=167.49亿  跟踪=国证机器人产业指数  主题=机器人
[ 40] 159201 自由现金流ETF华夏  规模=160.68亿  跟踪=国证自由现金流指数  主题=货币市场
[ 41] 159928 消费ETF汇添富  规模=157.09亿  跟踪=中证主要消费指数  主题=消费
[ 42] 512010 医药ETF易方达  规模=151.3亿  跟踪=沪深300医药卫生指数  主题=医药
[ 43] 510210 上证指数ETF富国  规模=143.6亿  跟踪=上证综合指数  主题=其他
[ 44] 517520 黄金股ETF永赢  规模=138.17亿  跟踪=中证沪深港黄金产业股票指数  主题=黄金
[ 45] 512690 酒ETF鹏华  规模=136.54亿  跟踪=中证酒指数  主题=白酒
[ 46] 159870 化工ETF鹏华  规模=134.92亿  跟踪=细分化工  主题=化工
[ 47] 512070 证券保险ETF易方达  规模=133.33亿  跟踪=沪深300非银行金融指数  主题=证券
[ 48] 560780 半导体设备ETF广发  规模=131.32亿  跟踪=中证半导体材料设备主题指数  主题=半导体
[ 49] 159206 卫星ETF永赢  规模=127.93亿  跟踪=国证商用卫星通信产业指数  主题=通信
[ 50] 563020 红利低波ETF易方达  规模=122.72亿  跟踪=中证红利低波动指数  主题=红利
[ 51] 513630 港股低波红利ETF摩根  规模=119.49亿  跟踪=标普港股通低波红利指数  主题=红利
[ 52] 159841 证券ETF天弘  规模=117.17亿  跟踪=中证全指证券公司指数  主题=证券
[ 53] 159952 创业板ETF广发  规模=116.53亿  跟踪=创业板指数(价格)  主题=创业板
[ 54] 588710 科创半导体设备ETF华泰柏瑞  规模=112.28亿  跟踪=上证科创板半导体材料设备主题指数  主题=半导体
[ 55] 515120 创新药ETF广发  规模=111.89亿  跟踪=中证创新药产业指数  主题=医药
[ 56] 588050 科创50ETF工银  规模=109.55亿  跟踪=上证科创板50成份指数  主题=科创板
[ 57] 563800 A500ETF广发  规模=109.54亿  跟踪=中证A500指数  主题=中证A500
[ 58] 515220 煤炭ETF国泰  规模=108.62亿  跟踪=中证煤炭指数  主题=煤炭
[ 59] 515080 中证红利ETF招商  规模=107.03亿  跟踪=中证红利指数  主题=红利
[ 60] 512760 芯片ETF国泰  规模=104.28亿  跟踪=中华交易服务半导体芯片行业人民币指数  主题=半导体
[ 61] 512800 银行ETF华宝  规模=97.4亿  跟踪=中证银行指数  主题=银行
[ 62] 516650 有色金属ETF华夏  规模=96.02亿  跟踪=细分有色  主题=有色金属
[ 63] 159611 电力ETF广发  规模=95.9亿  跟踪=中证全指电力公用事业指数  主题=电力
[ 64] 159852 软件ETF嘉实  规模=94.1亿  跟踪=中证软件服务指数  主题=计算机
[ 65] 159842 券商ETF银华  规模=93.51亿  跟踪=中证全指证券公司指数  主题=证券
[ 66] 159869 游戏ETF华夏  规模=89.43亿  跟踪=中证动漫游戏指数  主题=传媒
[ 67] 562590 半导体设备ETF华夏  规模=89.17亿  跟踪=中证半导体材料设备主题指数  主题=半导体
[ 68] 159351 A500ETF嘉实  规模=87.07亿  跟踪=中证A500指数  主题=中证A500
[ 69] 560860 工业有色ETF万家  规模=85.54亿  跟踪=中证工业有色金属主题指数  主题=有色金属
[ 70] 159922 中证500ETF嘉实  规模=84.83亿  跟踪=中证500指数  主题=中证500
[ 71] 515070 人工智能ETF华夏  规模=83.54亿  跟踪=中证人工智能主题指数  主题=人工智能
[ 72] 515330 沪深300ETF天弘  规模=82.48亿  跟踪=沪深300指数  主题=沪深300
[ 73] 512900 证券ETF南方  规模=82.3亿  跟踪=中证全指证券公司指数  主题=证券
[ 74] 563220 A500ETF富国  规模=80.69亿  跟踪=中证A500指数  主题=中证A500
[ 75] 588060 科创50ETF广发  规模=78.87亿  跟踪=上证科创板50成份指数  主题=科创板
[ 76] 512500 中证500ETF华夏  规模=76.95亿  跟踪=中证500指数  主题=中证500
[ 77] 512660 军工ETF国泰  规模=74.71亿  跟踪=中证军工指数  主题=军工
[ 78] 588750 科创芯片ETF汇添富  规模=74.65亿  跟踪=上证科创板芯片指数  主题=半导体
[ 79] 159263 价值ETF易方达  规模=73.77亿  跟踪=国证价值100指数  主题=价值
[ 80] 159307 红利低波100ETF博时  规模=72.77亿  跟踪=中证红利低波动100指数  主题=红利
[ 81] 159363 创业板人工智能ETF华宝  规模=72.74亿  跟踪=创业板人工智能指数  主题=人工智能
[ 82] 512710 军工龙头ETF富国  规模=71.93亿  跟踪=中证军工龙头指数  主题=军工
[ 83] 159845 中证1000ETF华夏  规模=70.37亿  跟踪=中证1000指数  主题=中证1000
[ 84] 159755 电池ETF广发  规模=70.16亿  跟踪=国证新能源车电池指数  主题=新能源
[ 85] 159259 成长ETF易方达  规模=68.53亿  跟踪=国证成长100指数  主题=成长
[ 86] 563300 中证2000ETF华泰柏瑞  规模=67.89亿  跟踪=中证2000指数  主题=中证2000
[ 87] 159865 养殖ETF国泰  规模=67.74亿  跟踪=中证畜牧养殖指数  主题=农业
[ 88] 159813 半导体ETF鹏华  规模=66.92亿  跟踪=国证半导体芯片指数  主题=半导体
[ 89] 159157 有色金属ETF天弘  规模=66.88亿  跟踪=中证工业有色金属主题指数  主题=有色金属
[ 90] 588220 科创100ETF鹏华  规模=66.69亿  跟踪=上证科创板100指数  主题=科创板
[ 91] 159977 创业板ETF天弘  规模=66.31亿  跟踪=创业板指数(价格)  主题=创业板
[ 92] 159851 金融科技ETF华宝  规模=64.9亿  跟踪=中证金融科技主题指数  主题=其他
[ 93] 515980 人工智能ETF华富  规模=64.73亿  跟踪=中证人工智能产业指数  主题=人工智能
[ 94] 516150 稀土ETF嘉实  规模=63.93亿  跟踪=中证稀土产业指数  主题=有色金属
[ 95] 560610 A500ETF招商  规模=61.89亿  跟踪=中证A500指数  主题=中证A500
[ 96] 159562 黄金股ETF华夏  规模=60.84亿  跟踪=中证沪深港黄金产业股票指数  主题=黄金
[ 97] 512950 央企改革ETF华夏  规模=60.57亿  跟踪=中证央企结构调整指数  主题=央企国企
[ 98] 159770 机器人ETF天弘  规模=60.21亿  跟踪=中证机器人指数  主题=机器人
[ 99] 560010 中证1000ETF广发  规模=59.63亿  跟踪=中证1000指数  主题=中证1000
[100] 561980 半导体设备ETF招商  规模=57.84亿  跟踪=中证半导体产业指数  主题=半导体
2026-09-07 22:25:07  步骤1完成 -> /home/runner/work/daily-stock-metrics/daily-stock-metrics/output_etf/2026-09-07/etf_list_2026-09-07.csv
2026-09-07 22:25:07  步骤2: 计算 KDJ-J(日/周/月)...
2026-09-07 22:25:07  步骤2: 计算指标...
2026-09-07 22:25:07  观察池: 共63只(含历史追踪1只)
2026-09-07 22:25:07  待处理 63 条，并发数 8
2026-09-07 22:25:11  [  3] 159915 创业板ETF易方达  完成  日J=34.49 周J=21.75 月J=9.92 MA20=3.499 MA60=3.721 多头=0 价=3.41 涨=3.18%  PE=38.86(33.76%) PB=5.44(61.92%)
2026-09-07 22:25:11  [  2] 588000 科创50ETF华夏  完成  日J=24.91 周J=0.2 月J=28.32 MA20=1.762 MA60=1.907 多头=0 价=1.71 涨=2.52%  PE=72.48(71.06%) PB=7.45(86.37%)
2026-09-07 22:25:11  [  7] 159516 半导体设备ETF国泰  完成  日J=16.57 周J=12.37 月J=38.04 MA20=0.724 MA60=0.766 多头=0 价=0.68 涨=3.5%  PE=98.81(91.72%) PB=None(None%)
2026-09-07 22:25:11  [  6] 588170 科创半导体ETF华夏  完成  日J=11.41 周J=10.81 月J=38.34 MA20=1.001 MA60=1.059 多头=0 价=0.93 涨=3.1%  PE=43.5(82.67%) PB=None(None%)
2026-09-07 22:25:11  [  4] 512880 证券ETF国泰  完成  日J=59.27 周J=36.19 月J=34.38 MA20=1.089 MA60=1.105 多头=0 价=1.09 涨=-1.27%  PE=12.88(4.78%) PB=1.27(15.6%)
2026-09-07 22:25:11  [  8] 515880 通信ETF国泰  完成  日J=54.34 周J=49.67 月J=26.64 MA20=0.666 MA60=0.721 多头=0 价=0.68 涨=6.42%  PE=44.65(87.34%) PB=None(None%)
2026-09-07 22:25:12  [  1] 510300 沪深300ETF华泰柏瑞  完成  日J=22.65 周J=22.93 月J=21.0 MA20=4.681 MA60=4.77 多头=0 价=4.63 涨=0.3%  PE=13.64(64.08%) PB=1.43(42.36%)
2026-09-07 22:25:13  [ 12] 159995 芯片ETF华夏  完成  日J=25.58 周J=5.28 月J=23.61 MA20=1.162 MA60=1.295 多头=0 价=1.12 涨=3.13%  PE=None(None%) PB=None(None%)
2026-09-07 22:25:13  [ 11] 512890 红利低波ETF华泰柏瑞  完成  日J=64.47 周J=93.61 月J=95.01 MA20=1.181 MA60=1.153 多头=1 价=1.2 涨=-0.58%  PE=7.91(71.77%) PB=0.86(60.68%)
2026-09-07 22:25:13  [ 10] 563360 A500ETF华泰柏瑞  完成  日J=29.75 周J=26.81 月J=16.27 MA20=1.291 MA60=1.322 多头=0 价=1.27 涨=0.71%  PE=15.26(49.62%) PB=None(None%)
2026-09-07 22:25:13  [ 13] 512400 有色金属ETF南方  完成  日J=8.39 周J=78.31 月J=10.1 MA20=1.919 MA60=1.869 多头=1 价=1.87 涨=-0.74%  PE=15.31(80.36%) PB=None(None%)
2026-09-07 22:25:13  [  9] 510500 中证500ETF南方  完成  日J=28.45 周J=38.46 月J=20.47 MA20=7.895 MA60=8.096 多头=0 价=7.77 涨=1.26%  PE=26.07(64.2%) PB=2.4(77.44%)
2026-09-07 22:25:14  [ 15] 512170 医疗ETF华宝  完成  日J=29.86 周J=54.84 月J=46.44 MA20=0.346 MA60=0.327 多头=1 价=0.34 涨=0.29%  PE=27.6(21.83%) PB=3.45(11.68%)
2026-09-07 22:25:14  [ 14] 159949 创业板50ETF华安  完成  日J=38.05 周J=20.21 月J=5.23 MA20=1.639 MA60=1.761 多头=0 价=1.6 涨=3.69%  PE=None(None%) PB=None(None%)
2026-09-07 22:25:15  [  5] 588200 科创芯片ETF嘉实  完成  日J=25.46 周J=8.43 月J=32.78 MA20=1.178 MA60=1.287 多头=0 价=1.14 涨=3.08%  PE=98.39(74.24%) PB=None(None%)
2026-09-07 22:25:15  [ 16] 159819 人工智能ETF易方达  完成  日J=64.71 周J=9.05 月J=27.79 MA20=1.767 MA60=1.906 多头=0 价=1.75 涨=2.64%  PE=45.48(50.98%) PB=None(None%)
2026-09-07 22:25:15  [ 17] 512480 半导体ETF国联安  完成  日J=21.18 周J=6.97 月J=26.15 MA20=1.045 MA60=1.151 多头=0 价=1.0 涨=2.46%  PE=66.52(49.84%) PB=None(None%)
2026-09-07 22:25:15  [ 20] 515450 红利低波50ETF南方  完成  日J=65.25 周J=62.47 月J=68.35 MA20=1.407 MA60=1.391 多头=1 价=1.41 涨=-0.84%  PE=8.44(77.52%) PB=0.86(60.68%)
2026-09-07 22:25:15  [ 19] 512100 中证1000ETF南方  完成  日J=48.07 周J=60.83 月J=27.95 MA20=3.109 MA60=3.177 多头=0 价=3.1 涨=1.84%  PE=30.85(66.42%) PB=2.4(46.16%)
2026-09-07 22:25:15  [ 21] 159326 电网设备ETF华夏  完成  日J=35.58 周J=48.85 月J=8.51 MA20=1.681 MA60=1.777 多头=0 价=1.65 涨=0.67%  PE=11.68(67.71%) PB=None(None%)
2026-09-07 22:25:16  [ 18] 510050 上证50ETF华夏  完成  日J=53.22 周J=52.05 月J=35.6 MA20=3.024 MA60=3.032 多头=0 价=3.02 涨=-0.56%  PE=11.07(70.2%) PB=1.24(52.32%)
2026-09-07 22:25:16  [ 22] 510880 红利ETF华泰柏瑞  完成  日J=1.09 周J=84.48 月J=84.95 MA20=3.391 MA60=3.23 多头=1 价=3.39 涨=-1.4%  PE=8.71(77.84%) PB=0.85(61.72%)
2026-09-07 22:25:17  [ 25] 562500 机器人ETF华夏  完成  日J=44.99 周J=21.06 月J=6.55 MA20=0.972 MA60=1.026 多头=0 价=0.96 涨=1.92%  PE=45.96(24.71%) PB=None(None%)
2026-09-07 22:25:17  [ 27] 159781 科创创业ETF易方达  完成  日J=27.38 周J=3.3 月J=16.87 MA20=1.097 MA60=1.201 多头=0 价=1.06 涨=2.91%  PE=39.41(56.2%) PB=None(None%)
2026-09-07 22:25:17  [ 23] 515050 通信ETF华夏  完成  日J=51.2 周J=41.64 月J=32.52 MA20=1.036 MA60=1.123 多头=0 价=1.05 涨=6.38%  PE=44.51(86.3%) PB=None(None%)
2026-09-07 22:25:17  [ 24] 515180 红利ETF易方达  完成  日J=0.38 周J=84.65 月J=74.57 MA20=1.439 MA60=1.39 多头=1 价=1.44 涨=-1.17%  PE=8.49(59.53%) PB=0.84(48.16%)
2026-09-07 22:25:17  [ 29] 159530 机器人ETF易方达  完成  日J=50.06 周J=18.79 月J=4.77 MA20=1.353 MA60=1.43 多头=0 价=1.32 涨=1.93%  PE=None(None%) PB=None(None%)
2026-09-07 22:25:17  [ 26] 510180 上证180ETF华安  完成  日J=49.57 周J=51.69 月J=25.75 MA20=3.978 MA60=4.005 多头=0 价=3.95 涨=-0.43%  PE=11.67(58.65%) PB=1.22(39.96%)
2026-09-07 22:25:18  [ 30] 159201 自由现金流ETF华夏  完成  日J=14.44 周J=97.7 月J=22.84 MA20=1.183 MA60=1.147 多头=1 价=1.18 涨=-0.42%  PE=None(None%) PB=None(None%)
2026-09-07 22:25:18  [ 28] 159992 创新药ETF银华  完成  日J=11.11 周J=11.62 月J=62.53 MA20=0.883 MA60=0.849 多头=1 价=0.84 涨=-0.47%  PE=27.06(26.42%) PB=None(None%)
2026-09-07 22:25:19  [ 35] 512690 酒ETF鹏华  完成  日J=71.47 周J=73.81 月J=27.09 MA20=0.429 MA60=0.419 多头=1 价=0.43 涨=-0.92%  PE=20.07(22.9%) PB=None(None%)
2026-09-07 22:25:19  [ 34] 517520 黄金股ETF永赢  完成  日J=39.24 周J=89.04 月J=22.05 MA20=2.161 MA60=1.91 多头=1 价=2.16 涨=-2.17%  PE=21.2(48.74%) PB=None(None%)
2026-09-07 22:25:19  [ 31] 159928 消费ETF汇添富  完成  日J=83.51 周J=87.44 月J=40.34 MA20=0.671 MA60=0.656 多头=1 价=0.68 涨=-1.02%  PE=20.48(23.43%) PB=3.51(2.8%)
2026-09-07 22:25:19  [ 38] 159206 卫星ETF永赢  完成  日J=65.98 周J=27.62 月J=-0.26 MA20=1.378 MA60=1.464 多头=0 价=1.35 涨=0.74%  PE=None(None%) PB=None(None%)
2026-09-07 22:25:19  [ 32] 512010 医药ETF易方达  完成  日J=51.1 周J=42.4 月J=69.64 MA20=0.388 MA60=0.37 多头=1 价=0.38 涨=0.0%  PE=23.41(4.11%) PB=None(None%)
2026-09-07 22:25:20  [ 37] 512070 证券保险ETF易方达  完成  日J=63.29 周J=75.71 月J=21.34 MA20=0.796 MA60=0.798 多头=0 价=0.81 涨=-1.58%  PE=7.49(0.06%) PB=None(None%)
2026-09-07 22:25:20  [ 33] 510210 上证指数ETF富国  完成  日J=45.03 周J=88.27 月J=38.66 MA20=1.006 MA60=1.002 多头=1 价=1.0 涨=-0.1%  PE=14.75(67.92%) PB=None(None%)
2026-09-07 22:25:20  [ 36] 159870 化工ETF鹏华  完成  日J=22.01 周J=60.66 月J=13.54 MA20=0.81 MA60=0.814 多头=0 价=0.8 涨=-1.0%  PE=17.65(33.31%) PB=None(None%)
2026-09-07 22:25:21  [ 39] 513630 港股低波红利ETF摩根  完成  日J=34.52 周J=68.54 月J=40.94 MA20=1.588 MA60=1.555 多头=1 价=1.59 涨=-0.38%  PE=None(None%) PB=None(None%)
2026-09-07 22:25:21  [ 40] 515220 煤炭ETF国泰  完成  日J=-7.54 周J=75.37 月J=57.59 MA20=1.293 MA60=1.209 多头=1 价=1.27 涨=-2.16%  PE=17.86(83.63%) PB=1.79(96.68%)
2026-09-07 22:25:21  [ 42] 512800 银行ETF华宝  完成  日J=72.09 周J=91.3 月J=101.19 MA20=0.82 MA60=0.796 多头=1 价=0.84 涨=-0.94%  PE=7.02(83.96%) PB=0.68(43.92%)
2026-09-07 22:25:22  [ 41] 512760 芯片ETF国泰  完成  日J=20.63 周J=2.61 月J=25.4 MA20=1.109 MA60=1.226 多头=0 价=1.06 涨=2.51%  PE=66.69(43.16%) PB=None(None%)
2026-09-07 22:25:22  [ 43] 516650 有色金属ETF华夏  完成  日J=10.88 周J=79.57 月J=7.18 MA20=1.874 MA60=1.813 多头=1 价=1.83 涨=-0.81%  PE=16.95(20.3%) PB=None(None%)
2026-09-07 22:25:22  [ 46] 159869 游戏ETF华夏  完成  日J=94.7 周J=92.88 月J=8.42 MA20=1.102 MA60=1.092 多头=1 价=1.15 涨=1.5%  PE=18.89(10.59%) PB=None(None%)
2026-09-07 22:25:22  [ 44] 159611 电力ETF广发  完成  日J=38.35 周J=37.68 月J=-0.42 MA20=1.043 MA60=1.054 多头=0 价=1.03 涨=-0.86%  PE=14.67(62.21%) PB=None(None%)
2026-09-07 22:25:22  [ 45] 159852 软件ETF嘉实  完成  日J=55.29 周J=40.39 月J=0.63 MA20=0.689 MA60=0.692 多头=0 价=0.68 涨=-0.73%  PE=60.91(57.55%) PB=None(None%)
2026-09-07 22:25:23  [ 49] 159263 价值ETF易方达  完成  日J=46.05 周J=93.98 月J=57.17 MA20=1.152 MA60=1.121 多头=1 价=1.16 涨=-0.77%  PE=None(None%) PB=None(None%)
2026-09-07 22:25:23  [ 47] 560860 工业有色ETF万家  完成  日J=11.09 周J=68.54 月J=9.59 MA20=1.632 MA60=1.609 多头=1 价=1.59 涨=-0.19%  PE=68.1(60.72%) PB=None(None%)
2026-09-07 22:25:23  [ 51] 159363 创业板人工智能ETF华宝  完成  日J=71.57 周J=52.8 月J=32.75 MA20=1.238 MA60=1.308 多头=0 价=1.25 涨=5.03%  PE=None(None%) PB=None(None%)
2026-09-07 22:25:24  [ 50] 159307 红利低波100ETF博时  完成  日J=56.98 周J=59.8 月J=59.94 MA20=1.028 MA60=1.016 多头=1 价=1.03 涨=-0.77%  PE=8.93(85.62%) PB=None(None%)
2026-09-07 22:25:24  [ 52] 512710 军工龙头ETF富国  完成  日J=77.36 周J=61.91 月J=-2.71 MA20=0.622 MA60=0.634 多头=0 价=0.63 涨=-1.56%  PE=None(None%) PB=None(None%)
2026-09-07 22:25:24  [ 53] 159755 电池ETF广发  完成  日J=4.98 周J=11.58 月J=-15.08 MA20=0.948 MA60=0.991 多头=0 价=0.9 涨=0.45%  PE=22.37(28.72%) PB=3.16(40.72%)
2026-09-07 22:25:24  [ 54] 159259 成长ETF易方达  完成  日J=52.19 周J=38.87 月J=30.97 MA20=1.339 MA60=1.45 多头=0 价=1.35 涨=5.8%  PE=None(None%) PB=None(None%)
2026-09-07 22:25:25  [ 48] 512660 军工ETF国泰  完成  日J=91.24 周J=49.33 月J=1.25 MA20=1.133 MA60=1.167 多头=0 价=1.15 涨=0.26%  PE=52.66(32.25%) PB=3.3(56.68%)
2026-09-07 22:25:25  [ 55] 563300 中证2000ETF华泰柏瑞  完成  日J=82.02 周J=83.06 月J=40.07 MA20=1.43 MA60=1.446 多头=0 价=1.45 涨=1.82%  PE=41.43(71.33%) PB=None(None%)
2026-09-07 22:25:25  [ 57] 588220 科创100ETF鹏华  完成  日J=29.3 周J=37.66 月J=34.14 MA20=1.793 MA60=1.852 多头=0 价=1.75 涨=2.88%  PE=None(None%) PB=None(None%)
2026-09-07 22:25:26  [ 56] 159865 养殖ETF国泰  完成  日J=93.78 周J=108.79 月J=41.39 MA20=0.544 MA60=0.527 多头=1 价=0.57 涨=0.7%  PE=23.21(54.71%) PB=None(None%)
2026-09-07 22:25:26  [ 58] 159851 金融科技ETF华宝  完成  日J=58.2 周J=89.91 月J=9.49 MA20=0.628 MA60=0.624 多头=1 价=0.64 涨=-1.54%  PE=32.37(8.93%) PB=None(None%)
2026-09-07 22:25:26  [ 59] 515980 人工智能ETF华富  完成  日J=70.41 周J=20.27 月J=30.87 MA20=1.033 MA60=1.107 多头=0 价=1.03 涨=3.0%  PE=47.4(76.86%) PB=None(None%)
2026-09-07 22:25:27  [ 62] 561980 半导体设备ETF招商  完成  日J=19.37 周J=5.83 月J=39.72 MA20=0.698 MA60=0.746 多头=0 价=0.66 涨=3.11%  PE=121.03(88.54%) PB=None(None%)
2026-09-07 22:25:27  [ 60] 516150 稀土ETF嘉实  完成  日J=9.85 周J=43.01 月J=5.79 MA20=1.752 MA60=1.811 多头=0 价=1.69 涨=0.84%  PE=28.17(24.83%) PB=None(None%)
2026-09-07 22:25:27  [ 61] 512950 央企改革ETF华夏  完成  日J=29.19 周J=47.65 月J=21.88 MA20=1.509 MA60=1.524 多头=0 价=1.5 涨=0.33%  PE=15.78(83.06%) PB=None(None%)
2026-09-07 22:25:27  [ 63] 159967 创业板成长ETF华夏  完成  日J=47.03 周J=30.67 月J=26.18 MA20=0.794 MA60=0.861 多头=0 价=0.78 涨=5.68%  PE=None(None%) PB=None(None%)
2026-09-07 22:25:27  全部完成，结果已写入 /home/runner/work/daily-stock-metrics/daily-stock-metrics/output_etf/2026-09-07/metrics_2026-09-07.csv
2026-09-07 22:25:27  步骤2完成 -> /home/runner/work/daily-stock-metrics/daily-stock-metrics/output_etf/2026-09-07/metrics_2026-09-07.csv
2026-09-07 22:25:27  步骤3: 生成 HTML 总结报告...
2026-09-07 22:25:28  步骤3完成 -> /home/runner/work/daily-stock-metrics/daily-stock-metrics/output_etf/2026-09-07/report_2026-09-07.html
2026-09-07 22:25:28  步骤4: 发送邮件报告...
2026-09-07 22:25:31  步骤4完成: 邮件已发送
2026-09-07 22:25:31  ===== 全部完成 2026-09-07 =====
2026-09-07 22:55:02  今日(2026-09-07)已完成，跳过。结果目录: /home/runner/work/daily-stock-metrics/daily-stock-metrics/output_etf/2026-09-07
2026-09-07 23:10:22  今日(2026-09-07)已完成，跳过。结果目录: /home/runner/work/daily-stock-metrics/daily-stock-metrics/output_etf/2026-09-07
