2026-09-01 00:19:37  ===== 开始每日ETF指标任务 2026-09-01 =====
2026-09-01 00:19:37  步骤1: 获取场内规模前100的ETF...
[  1] 510300 沪深300ETF华泰柏瑞  规模=1104.66亿  跟踪=沪深300指数  主题=沪深300
[  2] 588000 科创50ETF华夏  规模=889.31亿  跟踪=上证科创板50成份指数  主题=科创板
[  3] 159915 创业板ETF易方达  规模=649.43亿  跟踪=创业板指数(价格)  主题=创业板
[  4] 512880 证券ETF国泰  规模=633.93亿  跟踪=中证全指证券公司指数  主题=证券
[  5] 510310 沪深300ETF易方达  规模=521.23亿  跟踪=沪深300指数  主题=沪深300
[  6] 588200 科创芯片ETF嘉实  规模=504.56亿  跟踪=上证科创板芯片指数  主题=半导体
[  7] 588170 科创半导体ETF华夏  规模=443.22亿  跟踪=上证科创板半导体材料设备主题指数  主题=半导体
[  8] 159516 半导体设备ETF国泰  规模=437.35亿  跟踪=中证半导体材料设备主题指数  主题=半导体
[  9] 510500 中证500ETF南方  规模=430.77亿  跟踪=中证500指数  主题=中证500
[ 10] 588080 科创50ETF易方达  规模=424.13亿  跟踪=上证科创板50成份指数  主题=科创板
[ 11] 515880 通信ETF国泰  规模=422.12亿  跟踪=中证全指通信设备指数  主题=通信
[ 12] 563360 A500ETF华泰柏瑞  规模=411.45亿  跟踪=中证A500指数  主题=中证A500
[ 13] 510330 沪深300ETF华夏  规模=410.25亿  跟踪=沪深300指数  主题=沪深300
[ 14] 512000 券商ETF华宝  规模=385.79亿  跟踪=中证全指证券公司指数  主题=证券
[ 15] 159352 A500ETF南方  规模=342.57亿  跟踪=中证A500指数  主题=中证A500
[ 16] 512890 红利低波ETF华泰柏瑞  规模=335.01亿  跟踪=中证红利低波动指数  主题=红利
[ 17] 159919 沪深300ETF嘉实  规模=307.27亿  跟踪=沪深300指数  主题=沪深300
[ 18] 159361 A500ETF易方达  规模=292.53亿  跟踪=中证A500指数  主题=中证A500
[ 19] 159995 芯片ETF华夏  规模=281.85亿  跟踪=国证半导体芯片指数  主题=半导体
[ 20] 512400 有色金属ETF南方  规模=268.54亿  跟踪=有色金属  主题=有色金属
[ 21] 159338 中证A500ETF国泰  规模=262.62亿  跟踪=中证A500指数  主题=中证A500
[ 22] 159949 创业板50ETF华安  规模=247.81亿  跟踪=创业板50指数  主题=创业板
[ 23] 512170 医疗ETF华宝  规模=242.51亿  跟踪=中证医疗指数  主题=医药
[ 24] 159819 人工智能ETF易方达  规模=215.94亿  跟踪=中证人工智能主题指数  主题=人工智能
[ 25] 159558 半导体设备ETF易方达  规模=215.14亿  跟踪=中证半导体材料设备主题指数  主题=半导体
[ 26] 512100 中证1000ETF南方  规模=213.92亿  跟踪=中证1000指数  主题=中证1000
[ 27] 510050 上证50ETF华夏  规模=210.13亿  跟踪=上证50指数  主题=上证50
[ 28] 510880 红利ETF华泰柏瑞  规模=203.57亿  跟踪=上证红利指数  主题=红利
[ 29] 512480 半导体ETF国联安  规模=202.69亿  跟踪=中证全指半导体产品与设备指数  主题=半导体
[ 30] 515450 红利低波50ETF南方  规模=201.02亿  跟踪=标普中国A股大盘红利低波50指数  主题=红利
[ 31] 512050 A500ETF华夏  规模=200.94亿  跟踪=中证A500指数  主题=中证A500
[ 32] 159326 电网设备ETF华夏  规模=200.67亿  跟踪=中证电网设备主题指数  主题=其他
[ 33] 515180 红利ETF易方达  规模=189.07亿  跟踪=中证红利指数  主题=红利
[ 34] 515050 通信ETF华夏  规模=182.69亿  跟踪=中证5G通信主题指数  主题=通信
[ 35] 562500 机器人ETF华夏  规模=180.38亿  跟踪=中证机器人指数  主题=机器人
[ 36] 510180 上证180ETF华安  规模=176.32亿  跟踪=上证180指数  主题=上证180
[ 37] 159781 科创创业ETF易方达  规模=172.18亿  跟踪=中证科创创业50指数  主题=科创板
[ 38] 159530 机器人ETF易方达  规模=171.27亿  跟踪=国证机器人产业指数  主题=机器人
[ 39] 159201 自由现金流ETF华夏  规模=163.93亿  跟踪=国证自由现金流指数  主题=货币市场
[ 40] 159992 创新药ETF银华  规模=161.54亿  跟踪=中证创新药产业指数  主题=医药
[ 41] 510210 上证指数ETF富国  规模=154.68亿  跟踪=上证综合指数  主题=其他
[ 42] 159928 消费ETF汇添富  规模=153.66亿  跟踪=中证主要消费指数  主题=消费
[ 43] 512010 医药ETF易方达  规模=151.14亿  跟踪=沪深300医药卫生指数  主题=医药
[ 44] 517520 黄金股ETF永赢  规模=150.69亿  跟踪=中证沪深港黄金产业股票指数  主题=黄金
[ 45] 515220 煤炭ETF国泰  规模=145.36亿  跟踪=中证煤炭指数  主题=煤炭
[ 46] 159870 化工ETF鹏华  规模=137.69亿  跟踪=细分化工  主题=化工
[ 47] 560780 半导体设备ETF广发  规模=137.47亿  跟踪=中证半导体材料设备主题指数  主题=半导体
[ 48] 512690 酒ETF鹏华  规模=134.69亿  跟踪=中证酒指数  主题=白酒
[ 49] 512070 证券保险ETF易方达  规模=133.74亿  跟踪=沪深300非银行金融指数  主题=证券
[ 50] 159206 卫星ETF永赢  规模=133.08亿  跟踪=国证商用卫星通信产业指数  主题=通信
[ 51] 563020 红利低波ETF易方达  规模=130.25亿  跟踪=中证红利低波动指数  主题=红利
[ 52] 159841 证券ETF天弘  规模=121.08亿  跟踪=中证全指证券公司指数  主题=证券
[ 53] 513630 港股低波红利ETF摩根  规模=119.69亿  跟踪=标普港股通低波红利指数  主题=红利
[ 54] 588710 科创半导体设备ETF华泰柏瑞  规模=117.87亿  跟踪=上证科创板半导体材料设备主题指数  主题=半导体
[ 55] 159952 创业板ETF广发  规模=115.74亿  跟踪=创业板指数(价格)  主题=创业板
[ 56] 515080 中证红利ETF招商  规模=115.41亿  跟踪=中证红利指数  主题=红利
[ 57] 563800 A500ETF广发  规模=110.63亿  跟踪=中证A500指数  主题=中证A500
[ 58] 588050 科创50ETF工银  规模=109.87亿  跟踪=上证科创板50成份指数  主题=科创板
[ 59] 515120 创新药ETF广发  规模=107.78亿  跟踪=中证创新药产业指数  主题=医药
[ 60] 512760 芯片ETF国泰  规模=105.92亿  跟踪=中华交易服务半导体芯片行业人民币指数  主题=半导体
[ 61] 516650 有色金属ETF华夏  规模=100.35亿  跟踪=细分有色  主题=有色金属
[ 62] 512800 银行ETF华宝  规模=99.91亿  跟踪=中证银行指数  主题=银行
[ 63] 159611 电力ETF广发  规模=98.87亿  跟踪=中证全指电力公用事业指数  主题=电力
[ 64] 159852 软件ETF嘉实  规模=97.25亿  跟踪=中证软件服务指数  主题=计算机
[ 65] 159842 券商ETF银华  规模=96.19亿  跟踪=中证全指证券公司指数  主题=证券
[ 66] 562590 半导体设备ETF华夏  规模=92.31亿  跟踪=中证半导体材料设备主题指数  主题=半导体
[ 67] 159922 中证500ETF嘉实  规模=91.06亿  跟踪=中证500指数  主题=中证500
[ 68] 159869 游戏ETF华夏  规模=89.03亿  跟踪=中证动漫游戏指数  主题=传媒
[ 69] 159351 A500ETF嘉实  规模=88.19亿  跟踪=中证A500指数  主题=中证A500
[ 70] 560860 工业有色ETF万家  规模=88.12亿  跟踪=中证工业有色金属主题指数  主题=有色金属
[ 71] 515070 人工智能ETF华夏  规模=85.0亿  跟踪=中证人工智能主题指数  主题=人工智能
[ 72] 512500 中证500ETF华夏  规模=84.37亿  跟踪=中证500指数  主题=中证500
[ 73] 563220 A500ETF富国  规模=83.8亿  跟踪=中证A500指数  主题=中证A500
[ 74] 515330 沪深300ETF天弘  规模=83.24亿  跟踪=沪深300指数  主题=沪深300
[ 75] 512900 证券ETF南方  规模=81.71亿  跟踪=中证全指证券公司指数  主题=证券
[ 76] 588060 科创50ETF广发  规模=77.04亿  跟踪=上证科创板50成份指数  主题=科创板
[ 77] 588750 科创芯片ETF汇添富  规模=77.0亿  跟踪=上证科创板芯片指数  主题=半导体
[ 78] 159755 电池ETF广发  规模=75.07亿  跟踪=国证新能源车电池指数  主题=新能源
[ 79] 512710 军工龙头ETF富国  规模=73.49亿  跟踪=中证军工龙头指数  主题=军工
[ 80] 159307 红利低波100ETF博时  规模=73.25亿  跟踪=中证红利低波动100指数  主题=红利
[ 81] 159263 价值ETF易方达  规模=72.22亿  跟踪=国证价值100指数  主题=价值
[ 82] 159363 创业板人工智能ETF华宝  规模=71.67亿  跟踪=创业板人工智能指数  主题=人工智能
[ 83] 563300 中证2000ETF华泰柏瑞  规模=70.89亿  跟踪=中证2000指数  主题=中证2000
[ 84] 159845 中证1000ETF华夏  规模=70.62亿  跟踪=中证1000指数  主题=中证1000
[ 85] 159157 有色金属ETF天弘  规模=69.97亿  跟踪=中证工业有色金属主题指数  主题=有色金属
[ 86] 516150 稀土ETF嘉实  规模=67.87亿  跟踪=中证稀土产业指数  主题=有色金属
[ 87] 159865 养殖ETF国泰  规模=67.39亿  跟踪=中证畜牧养殖指数  主题=农业
[ 88] 512660 军工ETF国泰  规模=66.97亿  跟踪=中证军工指数  主题=军工
[ 89] 159813 半导体ETF鹏华  规模=66.85亿  跟踪=国证半导体芯片指数  主题=半导体
[ 90] 159977 创业板ETF天弘  规模=65.94亿  跟踪=创业板指数(价格)  主题=创业板
[ 91] 588220 科创100ETF鹏华  规模=65.45亿  跟踪=上证科创板100指数  主题=科创板
[ 92] 515980 人工智能ETF华富  规模=65.14亿  跟踪=中证人工智能产业指数  主题=人工智能
[ 93] 159851 金融科技ETF华宝  规模=64.71亿  跟踪=中证金融科技主题指数  主题=其他
[ 94] 159562 黄金股ETF华夏  规模=63.22亿  跟踪=中证沪深港黄金产业股票指数  主题=黄金
[ 95] 560610 A500ETF招商  规模=62.96亿  跟踪=中证A500指数  主题=中证A500
[ 96] 159259 成长ETF易方达  规模=62.4亿  跟踪=国证成长100指数  主题=成长
[ 97] 512950 央企改革ETF华夏  规模=61.57亿  跟踪=中证央企结构调整指数  主题=央企国企
[ 98] 159770 机器人ETF天弘  规模=61.5亿  跟踪=中证机器人指数  主题=机器人
[ 99] 560010 中证1000ETF广发  规模=60.03亿  跟踪=中证1000指数  主题=中证1000
[100] 159967 创业板成长ETF华夏  规模=58.73亿  跟踪=创业板动量成长指数  主题=成长
2026-09-01 00:20:31  步骤1完成 -> /home/runner/work/daily-stock-metrics/daily-stock-metrics/output_etf/2026-09-01/etf_list_2026-09-01.csv
2026-09-01 00:20:31  步骤2: 计算 KDJ-J(日/周/月)...
2026-09-01 00:20:31  步骤2: 计算指标...
2026-09-01 00:20:31  观察池: 共63只(含历史追踪1只)
2026-09-01 00:20:31  待处理 63 条，并发数 8
2026-09-01 00:20:37  [  3] 159915 创业板ETF易方达  完成  日J=19.11 周J=25.22 月J=26.8 MA20=3.547 MA60=3.764 多头=0 价=3.46 涨=0.38%  PE=39.52(36.4%) PB=5.53(63.56%)
2026-09-01 00:20:37  [  8] 510500 中证500ETF南方  完成  日J=73.42 周J=43.03 月J=39.05 MA20=7.916 MA60=8.117 多头=0 价=7.97 涨=0.56%  PE=28.2(73.16%) PB=2.46(78.92%)
2026-09-01 00:20:37  [  1] 510300 沪深300ETF华泰柏瑞  完成  日J=56.5 周J=30.57 月J=33.96 MA20=4.702 MA60=4.783 多头=0 价=4.68 涨=0.13%  PE=14.53(80.32%) PB=1.45(46.68%)
2026-09-01 00:20:38  [  2] 588000 科创50ETF华夏  完成  日J=62.18 周J=7.44 月J=40.45 MA20=1.784 MA60=1.91 多头=0 价=1.78 涨=1.2%  PE=79.44(86.04%) PB=7.87(93.44%)
2026-09-01 00:20:38  [  7] 159516 半导体设备ETF国泰  完成  日J=39.03 周J=20.01 月J=50.16 MA20=0.732 MA60=0.763 多头=0 价=0.72 涨=0.28%  PE=112.93(95.43%) PB=None(None%)
2026-09-01 00:20:38  [  6] 588170 科创半导体ETF华夏  完成  日J=40.81 周J=20.14 月J=51.44 MA20=1.01 MA60=1.053 多头=0 价=1.01 涨=0.7%  PE=42.39(79.91%) PB=None(None%)
2026-09-01 00:20:38  [  5] 588200 科创芯片ETF嘉实  完成  日J=62.95 周J=14.09 月J=44.07 MA20=1.188 MA60=1.289 多头=0 价=1.19 涨=1.7%  PE=122.71(81.94%) PB=None(None%)
2026-09-01 00:20:38  [  4] 512880 证券ETF国泰  完成  日J=116.41 周J=29.68 月J=35.61 MA20=1.089 MA60=1.098 多头=0 价=1.1 涨=0.09%  PE=15.36(10.79%) PB=1.29(18.96%)
2026-09-01 00:20:39  [ 10] 563360 A500ETF华泰柏瑞  完成  日J=55.56 周J=31.43 月J=31.08 MA20=1.298 MA60=1.327 多头=0 价=1.29 涨=0.0%  PE=16.49(84.39%) PB=None(None%)
2026-09-01 00:20:40  [ 12] 159995 芯片ETF华夏  完成  日J=54.89 周J=9.59 月J=35.64 MA20=1.176 MA60=1.301 多头=0 价=1.17 涨=1.21%  PE=None(None%) PB=None(None%)
2026-09-01 00:20:40  [ 14] 159949 创业板50ETF华安  完成  日J=15.65 周J=22.55 月J=19.97 MA20=1.664 MA60=1.786 多头=0 价=1.61 涨=0.06%  PE=None(None%) PB=None(None%)
2026-09-01 00:20:40  [ 11] 512890 红利低波ETF华泰柏瑞  完成  日J=87.54 周J=93.89 月J=76.27 MA20=1.172 MA60=1.15 多头=1 价=1.19 涨=0.68%  PE=8.11(75.78%) PB=0.87(62.2%)
2026-09-01 00:20:40  [  9] 515880 通信ETF国泰  完成  日J=57.13 周J=41.87 月J=35.04 MA20=0.664 MA60=0.734 多头=0 价=0.67 涨=0.6%  PE=49.47(93.53%) PB=None(None%)
2026-09-01 00:20:41  [ 13] 512400 有色金属ETF南方  完成  日J=90.79 周J=98.93 月J=10.39 MA20=1.926 MA60=1.868 多头=1 价=1.95 涨=-1.46%  PE=16.43(90.62%) PB=None(None%)
2026-09-01 00:20:41  [ 15] 512170 医疗ETF华宝  完成  日J=4.11 周J=69.63 月J=37.94 MA20=0.346 MA60=0.323 多头=1 价=0.34 涨=-0.88%  PE=28.9(26.66%) PB=3.46(11.96%)
2026-09-01 00:20:41  [ 16] 159819 人工智能ETF易方达  完成  日J=62.75 周J=11.78 月J=39.9 MA20=1.792 MA60=1.918 多头=0 价=1.78 涨=2.53%  PE=48.52(63.09%) PB=None(None%)
2026-09-01 00:20:42  [ 17] 512100 中证1000ETF南方  完成  日J=77.64 周J=53.95 月J=30.99 MA20=3.101 MA60=3.195 多头=0 价=3.15 涨=0.7%  PE=32.83(71.4%) PB=2.45(50.08%)
2026-09-01 00:20:43  [ 20] 512480 半导体ETF国联安  完成  日J=59.83 周J=13.31 月J=39.56 MA20=1.055 MA60=1.154 多头=0 价=1.06 涨=1.83%  PE=91.63(88.32%) PB=None(None%)
2026-09-01 00:20:43  [ 21] 515450 红利低波50ETF南方  完成  日J=51.22 周J=61.62 月J=68.14 MA20=1.404 MA60=1.39 多头=1 价=1.41 涨=0.21%  PE=8.54(79.52%) PB=0.87(62.2%)
2026-09-01 00:20:43  [ 18] 510050 上证50ETF华夏  完成  日J=109.08 周J=57.28 月J=38.06 MA20=3.025 MA60=3.023 多头=1 价=3.04 涨=0.13%  PE=11.88(85.84%) PB=1.25(58.32%)
2026-09-01 00:20:43  [ 19] 510880 红利ETF华泰柏瑞  完成  日J=99.11 周J=114.08 月J=85.71 MA20=3.35 MA60=3.217 多头=1 价=3.49 涨=0.81%  PE=9.0(84.37%) PB=0.87(63.24%)
2026-09-01 00:20:43  [ 22] 159326 电网设备ETF华夏  完成  日J=44.16 周J=33.79 月J=23.54 MA20=1.69 MA60=1.807 多头=0 价=1.67 涨=-0.48%  PE=12.77(89.57%) PB=None(None%)
2026-09-01 00:20:43  [ 24] 515050 通信ETF华夏  完成  日J=64.84 周J=36.63 月J=40.4 MA20=1.035 MA60=1.139 多头=0 价=1.05 涨=1.35%  PE=49.81(94.95%) PB=None(None%)
2026-09-01 00:20:44  [ 23] 515180 红利ETF易方达  完成  日J=101.69 周J=114.6 月J=69.51 MA20=1.429 MA60=1.387 多头=1 价=1.47 涨=0.41%  PE=8.75(65.48%) PB=0.86(51.76%)
2026-09-01 00:20:45  [ 28] 159530 机器人ETF易方达  完成  日J=31.53 周J=14.44 月J=11.23 MA20=1.374 MA60=1.454 多头=0 价=1.34 涨=1.67%  PE=None(None%) PB=None(None%)
2026-09-01 00:20:45  [ 29] 159201 自由现金流ETF华夏  完成  日J=96.78 周J=116.38 月J=19.72 MA20=1.18 MA60=1.146 多头=1 价=1.2 涨=-0.17%  PE=None(None%) PB=None(None%)
2026-09-01 00:20:45  [ 27] 159781 科创创业ETF易方达  完成  日J=31.11 周J=8.35 月J=31.63 MA20=1.117 MA60=1.216 多头=0 价=1.08 涨=0.18%  PE=42.57(59.59%) PB=None(None%)
2026-09-01 00:20:45  [ 25] 562500 机器人ETF华夏  完成  日J=44.07 周J=18.33 月J=16.1 MA20=0.987 MA60=1.041 多头=0 价=0.97 涨=1.99%  PE=55.04(62.83%) PB=None(None%)
2026-09-01 00:20:46  [ 30] 159992 创新药ETF银华  完成  日J=3.57 周J=40.14 月J=59.14 MA20=0.892 MA60=0.838 多头=1 价=0.85 涨=-1.62%  PE=28.53(32.42%) PB=None(None%)
2026-09-01 00:20:46  [ 26] 510180 上证180ETF华安  完成  日J=89.35 周J=53.86 月J=32.08 MA20=3.988 MA60=4.002 多头=0 价=3.99 涨=0.08%  PE=12.38(74.54%) PB=1.24(44.56%)
2026-09-01 00:20:46  [ 31] 510210 上证指数ETF富国  完成  日J=95.63 周J=94.24 月J=38.0 MA20=1.002 MA60=1.002 多头=0 价=1.02 涨=0.79%  PE=15.61(78.3%) PB=None(None%)
2026-09-01 00:20:46  [ 32] 159928 消费ETF汇添富  完成  日J=72.56 周J=72.02 月J=31.73 MA20=0.671 MA60=0.654 多头=1 价=0.67 涨=-0.75%  PE=19.7(18.74%) PB=3.45(2.0%)
2026-09-01 00:20:48  [ 35] 515220 煤炭ETF国泰  完成  日J=103.24 周J=121.03 月J=61.41 MA20=1.271 MA60=1.212 多头=1 价=1.38 涨=2.07%  PE=20.2(89.48%) PB=1.93(99.52%)
2026-09-01 00:20:48  [ 34] 517520 黄金股ETF永赢  完成  日J=62.97 周J=101.72 月J=13.22 MA20=2.122 MA60=1.872 多头=1 价=2.21 涨=-3.19%  PE=21.2(48.72%) PB=None(None%)
2026-09-01 00:20:48  [ 33] 512010 医药ETF易方达  完成  日J=8.56 周J=53.36 月J=62.58 MA20=0.391 MA60=0.366 多头=1 价=0.38 涨=-1.83%  PE=23.21(3.69%) PB=None(None%)
2026-09-01 00:20:48  [ 36] 159870 化工ETF鹏华  完成  日J=103.92 周J=70.02 月J=24.67 MA20=0.812 MA60=0.815 多头=0 价=0.83 涨=-0.48%  PE=23.02(61.6%) PB=None(None%)
2026-09-01 00:20:48  [ 39] 159206 卫星ETF永赢  完成  日J=38.9 周J=28.87 月J=5.14 MA20=1.388 MA60=1.485 多头=0 价=1.4 涨=4.26%  PE=None(None%) PB=None(None%)
2026-09-01 00:20:49  [ 40] 513630 港股低波红利ETF摩根  完成  日J=42.92 周J=76.1 月J=36.49 MA20=1.585 MA60=1.555 多头=1 价=1.59 涨=-0.44%  PE=None(None%) PB=None(None%)
2026-09-01 00:20:49  [ 37] 512690 酒ETF鹏华  完成  日J=18.12 周J=60.98 月J=21.66 MA20=0.432 MA60=0.419 多头=1 价=0.42 涨=-0.95%  PE=19.01(14.55%) PB=None(None%)
2026-09-01 00:20:49  [ 38] 512070 证券保险ETF易方达  完成  日J=111.13 周J=61.61 月J=17.58 MA20=0.793 MA60=0.794 多头=0 价=0.81 涨=-0.12%  PE=9.82(2.62%) PB=None(None%)
2026-09-01 00:20:51  [ 41] 512760 芯片ETF国泰  完成  日J=57.59 周J=10.01 月J=38.87 MA20=1.123 MA60=1.23 多头=0 价=1.12 涨=1.63%  PE=90.04(77.8%) PB=None(None%)
2026-09-01 00:20:51  [ 43] 512800 银行ETF华宝  完成  日J=83.54 周J=92.53 月J=85.56 MA20=0.81 MA60=0.793 多头=1 价=0.83 涨=1.47%  PE=7.0(83.23%) PB=0.69(44.52%)
2026-09-01 00:20:51  [ 48] 159755 电池ETF广发  完成  日J=18.1 周J=28.18 月J=-2.56 MA20=0.965 MA60=1.004 多头=0 价=0.94 涨=-1.58%  PE=23.2(32.04%) PB=3.28(42.76%)
2026-09-01 00:20:51  [ 42] 516650 有色金属ETF华夏  完成  日J=87.8 周J=100.63 月J=6.68 MA20=1.88 MA60=1.808 多头=1 价=1.9 涨=-1.55%  PE=19.9(26.79%) PB=None(None%)
2026-09-01 00:20:51  [ 46] 159869 游戏ETF华夏  完成  日J=85.09 周J=66.7 月J=-0.11 MA20=1.11 MA60=1.089 多头=1 价=1.1 涨=1.85%  PE=19.69(17.01%) PB=None(None%)
2026-09-01 00:20:51  [ 47] 560860 工业有色ETF万家  完成  日J=93.26 周J=86.97 月J=13.7 MA20=1.643 MA60=1.609 多头=1 价=1.66 涨=-1.14%  PE=62.64(34.82%) PB=None(None%)
2026-09-01 00:20:51  [ 45] 159852 软件ETF嘉实  完成  日J=84.62 周J=52.91 月J=0.14 MA20=0.702 MA60=0.693 多头=1 价=0.69 涨=1.31%  PE=56.18(51.16%) PB=None(None%)
2026-09-01 00:20:52  [ 44] 159611 电力ETF广发  完成  日J=75.48 周J=38.1 月J=5.74 MA20=1.049 MA60=1.061 多头=0 价=1.03 涨=-0.58%  PE=16.59(74.89%) PB=None(None%)
2026-09-01 00:20:53  [ 49] 512710 军工龙头ETF富国  完成  日J=82.55 周J=44.31 月J=-6.4 MA20=0.619 MA60=0.636 多头=0 价=0.63 涨=0.8%  PE=None(None%) PB=None(None%)
2026-09-01 00:20:53  [ 52] 159363 创业板人工智能ETF华宝  完成  日J=55.08 周J=45.42 月J=44.44 MA20=1.242 MA60=1.321 多头=0 价=1.25 涨=2.3%  PE=None(None%) PB=None(None%)
2026-09-01 00:20:53  [ 51] 159263 价值ETF易方达  完成  日J=97.07 周J=95.83 月J=54.05 MA20=1.148 MA60=1.119 多头=1 价=1.16 涨=0.17%  PE=None(None%) PB=None(None%)
2026-09-01 00:20:53  [ 50] 159307 红利低波100ETF博时  完成  日J=77.85 周J=63.33 月J=56.8 MA20=1.028 MA60=1.015 多头=1 价=1.03 涨=0.1%  PE=8.85(84.42%) PB=None(None%)
2026-09-01 00:20:54  [ 53] 563300 中证2000ETF华泰柏瑞  完成  日J=93.56 周J=66.18 月J=36.07 MA20=1.414 MA60=1.453 多头=0 价=1.45 涨=0.9%  PE=40.56(70.32%) PB=None(None%)
2026-09-01 00:20:54  [ 54] 516150 稀土ETF嘉实  完成  日J=61.46 周J=44.24 月J=12.13 MA20=1.77 MA60=1.83 多头=0 价=1.76 涨=0.4%  PE=30.02(33.86%) PB=None(None%)
2026-09-01 00:20:54  [ 55] 159865 养殖ETF国泰  完成  日J=96.84 周J=106.27 月J=24.1 MA20=0.538 MA60=0.523 多头=1 价=0.55 涨=0.18%  PE=23.88(57.54%) PB=None(None%)
2026-09-01 00:20:55  [ 56] 512660 军工ETF国泰  完成  日J=67.65 周J=37.85 月J=-1.96 MA20=1.132 MA60=1.174 多头=0 价=1.14 涨=1.69%  PE=47.13(16.64%) PB=3.27(54.08%)
2026-09-01 00:20:55  [ 57] 588220 科创100ETF鹏华  完成  日J=53.25 周J=41.45 月J=44.99 MA20=1.789 MA60=1.856 多头=0 价=1.82 涨=2.48%  PE=None(None%) PB=None(None%)
2026-09-01 00:20:56  [ 58] 515980 人工智能ETF华富  完成  日J=69.57 周J=20.61 月J=41.06 MA20=1.044 MA60=1.113 多头=0 价=1.04 涨=2.65%  PE=52.11(83.69%) PB=None(None%)
2026-09-01 00:20:56  [ 60] 159259 成长ETF易方达  完成  日J=76.57 周J=36.84 月J=41.03 MA20=1.338 MA60=1.465 多头=0 价=1.37 涨=2.39%  PE=None(None%) PB=None(None%)
2026-09-01 00:20:57  [ 59] 159851 金融科技ETF华宝  完成  日J=97.73 周J=84.2 月J=4.52 MA20=0.63 MA60=0.622 多头=1 价=0.64 涨=0.16%  PE=33.08(12.27%) PB=None(None%)
2026-09-01 00:20:57  [ 63] 561980 半导体设备ETF招商  完成  日J=44.94 周J=13.96 月J=52.56 MA20=0.708 MA60=0.743 多头=0 价=0.7 涨=0.87%  PE=None(None%) PB=None(None%)
2026-09-01 00:20:57  [ 62] 159967 创业板成长ETF华夏  完成  日J=31.3 周J=28.68 月J=35.8 MA20=0.802 MA60=0.874 多头=0 价=0.79 涨=0.9%  PE=None(None%) PB=None(None%)
2026-09-01 00:20:57  [ 61] 512950 央企改革ETF华夏  完成  日J=88.73 周J=54.53 月J=39.14 MA20=1.511 MA60=1.525 多头=0 价=1.52 涨=0.53%  PE=16.0(86.35%) PB=None(None%)
2026-09-01 00:20:57  全部完成，结果已写入 /home/runner/work/daily-stock-metrics/daily-stock-metrics/output_etf/2026-09-01/metrics_2026-09-01.csv
2026-09-01 00:20:57  步骤2完成 -> /home/runner/work/daily-stock-metrics/daily-stock-metrics/output_etf/2026-09-01/metrics_2026-09-01.csv
2026-09-01 00:20:57  步骤3: 生成 HTML 总结报告...
2026-09-01 00:20:58  步骤3完成 -> /home/runner/work/daily-stock-metrics/daily-stock-metrics/output_etf/2026-09-01/report_2026-09-01.html
2026-09-01 00:20:58  步骤4: 发送邮件报告...
2026-09-01 00:21:01  步骤4完成: 邮件已发送
2026-09-01 00:21:01  ===== 全部完成 2026-09-01 =====
2026-09-01 01:52:06  今日(2026-09-01)已完成，跳过。结果目录: /home/runner/work/daily-stock-metrics/daily-stock-metrics/output_etf/2026-09-01
