2026-08-26 18:31:20  ===== 开始每日ETF指标任务 2026-08-26 =====
2026-08-26 18:31:20  步骤1: 获取场内规模前100的ETF...
[  1] 510300 沪深300ETF华泰柏瑞  规模=1107.6亿  跟踪=沪深300指数  主题=沪深300
[  2] 588000 科创50ETF华夏  规模=878.32亿  跟踪=上证科创板50成份指数  主题=科创板
[  3] 512880 证券ETF国泰  规模=643.0亿  跟踪=中证全指证券公司指数  主题=证券
[  4] 159915 创业板ETF易方达  规模=628.62亿  跟踪=创业板指数(价格)  主题=创业板
[  5] 510310 沪深300ETF易方达  规模=520.04亿  跟踪=沪深300指数  主题=沪深300
[  6] 588200 科创芯片ETF嘉实  规模=489.82亿  跟踪=上证科创板芯片指数  主题=半导体
[  7] 588170 科创半导体ETF华夏  规模=436.42亿  跟踪=上证科创板半导体材料设备主题指数  主题=半导体
[  8] 159516 半导体设备ETF国泰  规模=430.13亿  跟踪=中证半导体材料设备主题指数  主题=半导体
[  9] 588080 科创50ETF易方达  规模=417.46亿  跟踪=上证科创板50成份指数  主题=科创板
[ 10] 510330 沪深300ETF华夏  规模=408.44亿  跟踪=沪深300指数  主题=沪深300
[ 11] 563360 A500ETF华泰柏瑞  规模=408.15亿  跟踪=中证A500指数  主题=中证A500
[ 12] 515880 通信ETF国泰  规模=408.04亿  跟踪=中证全指通信设备指数  主题=通信
[ 13] 512000 券商ETF华宝  规模=390.36亿  跟踪=中证全指证券公司指数  主题=证券
[ 14] 510500 中证500ETF南方  规模=383.73亿  跟踪=中证500指数  主题=中证500
[ 15] 159352 A500ETF南方  规模=342.03亿  跟踪=中证A500指数  主题=中证A500
[ 16] 512890 红利低波ETF华泰柏瑞  规模=334.27亿  跟踪=中证红利低波动指数  主题=红利
[ 17] 159919 沪深300ETF嘉实  规模=305.02亿  跟踪=沪深300指数  主题=沪深300
[ 18] 159361 A500ETF易方达  规模=282.62亿  跟踪=中证A500指数  主题=中证A500
[ 19] 159995 芯片ETF华夏  规模=273.83亿  跟踪=国证半导体芯片指数  主题=半导体
[ 20] 512400 有色金属ETF南方  规模=260.05亿  跟踪=有色金属  主题=有色金属
[ 21] 159338 中证A500ETF国泰  规模=256.75亿  跟踪=中证A500指数  主题=中证A500
[ 22] 512170 医疗ETF华宝  规模=247.18亿  跟踪=中证医疗指数  主题=医药
[ 23] 159949 创业板50ETF华安  规模=241.43亿  跟踪=创业板50指数  主题=创业板
[ 24] 510050 上证50ETF华夏  规模=226.61亿  跟踪=上证50指数  主题=上证50
[ 25] 159558 半导体设备ETF易方达  规模=213.46亿  跟踪=中证半导体材料设备主题指数  主题=半导体
[ 26] 159326 电网设备ETF华夏  规模=207.0亿  跟踪=中证电网设备主题指数  主题=其他
[ 27] 159819 人工智能ETF易方达  规模=206.44亿  跟踪=中证人工智能主题指数  主题=人工智能
[ 28] 510880 红利ETF华泰柏瑞  规模=202.36亿  跟踪=上证红利指数  主题=红利
[ 29] 515450 红利低波50ETF南方  规模=200.66亿  跟踪=标普中国A股大盘红利低波50指数  主题=红利
[ 30] 512050 A500ETF华夏  规模=198.78亿  跟踪=中证A500指数  主题=中证A500
[ 31] 512480 半导体ETF国联安  规模=197.07亿  跟踪=中证全指半导体产品与设备指数  主题=半导体
[ 32] 512100 中证1000ETF南方  规模=196.91亿  跟踪=中证1000指数  主题=中证1000
[ 33] 515180 红利ETF易方达  规模=185.35亿  跟踪=中证红利指数  主题=红利
[ 34] 562500 机器人ETF华夏  规模=178.09亿  跟踪=中证机器人指数  主题=机器人
[ 35] 515050 通信ETF华夏  规模=175.97亿  跟踪=中证5G通信主题指数  主题=通信
[ 36] 510180 上证180ETF华安  规模=174.56亿  跟踪=上证180指数  主题=上证180
[ 37] 159530 机器人ETF易方达  规模=170.23亿  跟踪=国证机器人产业指数  主题=机器人
[ 38] 159992 创新药ETF银华  规模=169.4亿  跟踪=中证创新药产业指数  主题=医药
[ 39] 159781 科创创业ETF易方达  规模=169.27亿  跟踪=中证科创创业50指数  主题=科创板
[ 40] 159201 自由现金流ETF华夏  规模=163.65亿  跟踪=国证自由现金流指数  主题=货币市场
[ 41] 517520 黄金股ETF永赢  规模=163.18亿  跟踪=中证沪深港黄金产业股票指数  主题=黄金
[ 42] 510210 上证指数ETF富国  规模=159.17亿  跟踪=上证综合指数  主题=其他
[ 43] 512010 医药ETF易方达  规模=156.09亿  跟踪=沪深300医药卫生指数  主题=医药
[ 44] 159928 消费ETF汇添富  规模=153.51亿  跟踪=中证主要消费指数  主题=消费
[ 45] 515220 煤炭ETF国泰  规模=142.89亿  跟踪=中证煤炭指数  主题=煤炭
[ 46] 560780 半导体设备ETF广发  规模=136.15亿  跟踪=中证半导体材料设备主题指数  主题=半导体
[ 47] 512070 证券保险ETF易方达  规模=136.04亿  跟踪=沪深300非银行金融指数  主题=证券
[ 48] 512690 酒ETF鹏华  规模=135.8亿  跟踪=中证酒指数  主题=白酒
[ 49] 159870 化工ETF鹏华  规模=133.89亿  跟踪=细分化工  主题=化工
[ 50] 563020 红利低波ETF易方达  规模=128.43亿  跟踪=中证红利低波动指数  主题=红利
[ 51] 159206 卫星ETF永赢  规模=127.76亿  跟踪=国证商用卫星通信产业指数  主题=通信
[ 52] 159841 证券ETF天弘  规模=122.75亿  跟踪=中证全指证券公司指数  主题=证券
[ 53] 513630 港股低波红利ETF摩根  规模=120.08亿  跟踪=标普港股通低波红利指数  主题=红利
[ 54] 588710 科创半导体设备ETF华泰柏瑞  规模=115.98亿  跟踪=上证科创板半导体材料设备主题指数  主题=半导体
[ 55] 515080 中证红利ETF招商  规模=113.74亿  跟踪=中证红利指数  主题=红利
[ 56] 515120 创新药ETF广发  规模=113.26亿  跟踪=中证创新药产业指数  主题=医药
[ 57] 159952 创业板ETF广发  规模=111.48亿  跟踪=创业板指数(价格)  主题=创业板
[ 58] 563800 A500ETF广发  规模=109.1亿  跟踪=中证A500指数  主题=中证A500
[ 59] 588050 科创50ETF工银  规模=107.56亿  跟踪=上证科创板50成份指数  主题=科创板
[ 60] 512800 银行ETF华宝  规模=104.12亿  跟踪=中证银行指数  主题=银行
[ 61] 512760 芯片ETF国泰  规模=103.8亿  跟踪=中华交易服务半导体芯片行业人民币指数  主题=半导体
[ 62] 159611 电力ETF广发  规模=99.94亿  跟踪=中证全指电力公用事业指数  主题=电力
[ 63] 516650 有色金属ETF华夏  规模=99.16亿  跟踪=细分有色  主题=有色金属
[ 64] 159842 券商ETF银华  规模=95.93亿  跟踪=中证全指证券公司指数  主题=证券
[ 65] 159852 软件ETF嘉实  规模=93.58亿  跟踪=中证软件服务指数  主题=计算机
[ 66] 560860 工业有色ETF万家  规模=92.68亿  跟踪=中证工业有色金属主题指数  主题=有色金属
[ 67] 562590 半导体设备ETF华夏  规模=91.95亿  跟踪=中证半导体材料设备主题指数  主题=半导体
[ 68] 159351 A500ETF嘉实  规模=87.22亿  跟踪=中证A500指数  主题=中证A500
[ 69] 159869 游戏ETF华夏  规模=85.93亿  跟踪=中证动漫游戏指数  主题=传媒
[ 70] 159922 中证500ETF嘉实  规模=85.17亿  跟踪=中证500指数  主题=中证500
[ 71] 563220 A500ETF富国  规模=84.63亿  跟踪=中证A500指数  主题=中证A500
[ 72] 515330 沪深300ETF天弘  规模=82.55亿  跟踪=沪深300指数  主题=沪深300
[ 73] 512900 证券ETF南方  规模=81.24亿  跟踪=中证全指证券公司指数  主题=证券
[ 74] 515070 人工智能ETF华夏  规模=80.74亿  跟踪=中证人工智能主题指数  主题=人工智能
[ 75] 512500 中证500ETF华夏  规模=79.77亿  跟踪=中证500指数  主题=中证500
[ 76] 159755 电池ETF广发  规模=77.38亿  跟踪=国证新能源车电池指数  主题=新能源
[ 77] 588060 科创50ETF广发  规模=76.17亿  跟踪=上证科创板50成份指数  主题=科创板
[ 78] 588750 科创芯片ETF汇添富  规模=74.89亿  跟踪=上证科创板芯片指数  主题=半导体
[ 79] 159307 红利低波100ETF博时  规模=73.9亿  跟踪=中证红利低波动100指数  主题=红利
[ 80] 512710 军工龙头ETF富国  规模=71.06亿  跟踪=中证军工龙头指数  主题=军工
[ 81] 159263 价值ETF易方达  规模=70.08亿  跟踪=国证价值100指数  主题=价值
[ 82] 159157 有色金属ETF天弘  规模=69.19亿  跟踪=中证工业有色金属主题指数  主题=有色金属
[ 83] 159363 创业板人工智能ETF华宝  规模=68.87亿  跟踪=创业板人工智能指数  主题=人工智能
[ 84] 516150 稀土ETF嘉实  规模=66.22亿  跟踪=中证稀土产业指数  主题=有色金属
[ 85] 159865 养殖ETF国泰  规模=66.06亿  跟踪=中证畜牧养殖指数  主题=农业
[ 86] 159813 半导体ETF鹏华  规模=65.95亿  跟踪=国证半导体芯片指数  主题=半导体
[ 87] 159845 中证1000ETF华夏  规模=65.63亿  跟踪=中证1000指数  主题=中证1000
[ 88] 512660 军工ETF国泰  规模=64.82亿  跟踪=中证军工指数  主题=军工
[ 89] 588220 科创100ETF鹏华  规模=64.39亿  跟踪=上证科创板100指数  主题=科创板
[ 90] 560610 A500ETF招商  规模=63.53亿  跟踪=中证A500指数  主题=中证A500
[ 91] 159977 创业板ETF天弘  规模=62.58亿  跟踪=创业板指数(价格)  主题=创业板
[ 92] 159851 金融科技ETF华宝  规模=62.05亿  跟踪=中证金融科技主题指数  主题=其他
[ 93] 515980 人工智能ETF华富  规模=61.97亿  跟踪=中证人工智能产业指数  主题=人工智能
[ 94] 159562 黄金股ETF华夏  规模=61.3亿  跟踪=中证沪深港黄金产业股票指数  主题=黄金
[ 95] 512950 央企改革ETF华夏  规模=60.56亿  跟踪=中证央企结构调整指数  主题=央企国企
[ 96] 159770 机器人ETF天弘  规模=60.4亿  跟踪=中证机器人指数  主题=机器人
[ 97] 563300 中证2000ETF华泰柏瑞  规模=58.65亿  跟踪=中证2000指数  主题=中证2000
[ 98] 560010 中证1000ETF广发  规模=58.41亿  跟踪=中证1000指数  主题=中证1000
[ 99] 159549 红利低波ETF天弘  规模=57.15亿  跟踪=中证红利低波动100指数  主题=红利
[100] 561980 半导体设备ETF招商  规模=57.15亿  跟踪=中证半导体产业指数  主题=半导体
2026-08-26 18:32:05  步骤1完成 -> C:\Users\hailo\Desktop\每周自动指标\output_etf\2026-08-26\etf_list_2026-08-26.csv
2026-08-26 18:32:05  步骤2: 计算 KDJ-J(日/周/月)...
2026-08-26 18:32:10  [  1] 510300 沪深300ETF华泰柏瑞  完成  日J=8.7 周J=19.06 月J=29.46 价=4.65 涨=0.74%  PE=14.35(76.61%) PB=1.44(45.28%)
2026-08-26 18:32:11  [  2] 588000 科创50ETF华夏  完成  日J=8.21 周J=0.01 月J=36.1 价=1.72 涨=1.59%  PE=76.4(80.84%) PB=7.3(83.94%)
2026-08-26 18:32:13  [  3] 512880 证券ETF国泰  完成  日J=65.99 周J=16.06 月J=33.24 价=1.1 涨=2.72%  PE=15.19(9.59%) PB=1.25(12.92%)
2026-08-26 18:32:14  [  4] 159915 创业板ETF易方达  完成  日J=-4.68 周J=20.44 月J=25.14 价=3.43 涨=0.32%  PE=38.53(32.4%) PB=5.51(63.24%)
2026-08-26 18:32:15  [  5] 588200 科创芯片ETF嘉实  完成  日J=9.42 周J=6.08 月J=40.85 价=1.15 涨=1.77%  PE=117.2(79.37%) PB=None(None%)
2026-08-26 18:32:17  [  6] 588170 科创半导体ETF华夏  完成  日J=8.05 周J=16.36 月J=49.92 价=0.99 涨=1.43%  PE=42.93(80.96%) PB=None(None%)
2026-08-26 18:32:18  [  7] 159516 半导体设备ETF国泰  完成  日J=11.69 周J=15.89 月J=50.16 价=0.72 涨=2.13%  PE=111.56(95.06%) PB=None(None%)
2026-08-26 18:32:20  [  8] 563360 A500ETF华泰柏瑞  完成  日J=9.75 周J=21.63 月J=27.68 价=1.28 涨=0.71%  PE=16.29(74.61%) PB=None(None%)
2026-08-26 18:32:22  [  9] 515880 通信ETF国泰  完成  日J=5.11 周J=26.69 月J=31.94 价=0.65 涨=0.31%  PE=47.5(89.23%) PB=None(None%)
2026-08-26 18:32:23  [ 10] 510500 中证500ETF南方  完成  日J=11.67 周J=27.78 月J=32.99 价=7.79 涨=0.83%  PE=27.58(71.46%) PB=2.42(77.64%)
2026-08-26 18:32:25  [ 11] 512890 红利低波ETF华泰柏瑞  完成  日J=106.7 周J=93.45 月J=76.27 价=1.19 涨=0.42%  PE=7.98(73.19%) PB=0.87(62.0%)
2026-08-26 18:32:27  [ 12] 159995 芯片ETF华夏  完成  日J=6.09 周J=2.99 月J=32.34 价=1.13 涨=1.07%  PE=None(None%) PB=None(None%)
2026-08-26 18:32:29  [ 13] 512400 有色金属ETF南方  完成  日J=61.48 周J=87.14 月J=9.67 价=1.94 涨=2.32%  PE=16.28(89.28%) PB=None(None%)
2026-08-26 18:32:31  [ 14] 512170 医疗ETF华宝  完成  日J=30.52 周J=87.69 月J=44.89 价=0.35 涨=0.86%  PE=29.33(29.43%) PB=3.56(15.36%)
2026-08-26 18:32:32  [ 15] 159949 创业板50ETF华安  完成  日J=-5.87 周J=19.56 月J=19.97 价=1.61 涨=0.62%  PE=None(None%) PB=None(None%)
2026-08-26 18:32:34  [ 16] 510050 上证50ETF华夏  完成  日J=32.12 周J=42.85 月J=32.3 价=3.01 涨=0.94%  PE=11.67(80.85%) PB=1.24(55.16%)
2026-08-26 18:32:35  [ 17] 159326 电网设备ETF华夏  完成  日J=22.95 周J=28.03 月J=24.69 价=1.68 涨=0.72%  PE=12.66(86.79%) PB=None(None%)
2026-08-26 18:32:37  [ 18] 159819 人工智能ETF易方达  完成  日J=0.89 周J=1.44 月J=31.79 价=1.69 涨=0.42%  PE=46.3(54.51%) PB=None(None%)
2026-08-26 18:32:38  [ 19] 510880 红利ETF华泰柏瑞  完成  日J=93.87 周J=114.22 月J=84.28 价=3.44 涨=0.91%  PE=8.82(80.66%) PB=0.86(62.68%)
2026-08-26 18:32:40  [ 20] 515450 红利低波50ETF南方  完成  日J=106.57 周J=75.19 月J=72.53 价=1.42 涨=0.35%  PE=8.49(79.0%) PB=0.87(62.0%)
2026-08-26 18:32:42  [ 21] 512480 半导体ETF国联安  完成  日J=9.11 周J=5.32 月J=36.0 价=1.02 涨=1.19%  PE=87.78(82.65%) PB=None(None%)
2026-08-26 18:32:43  [ 22] 512100 中证1000ETF南方  完成  日J=13.06 周J=39.57 月J=23.17 价=3.06 涨=0.39%  PE=31.9(68.58%) PB=2.39(45.4%)
2026-08-26 18:32:46  [ 23] 515180 红利ETF易方达  完成  日J=104.06 周J=114.74 月J=66.17 价=1.46 涨=1.04%  PE=8.61(62.05%) PB=0.85(50.8%)
2026-08-26 18:32:47  [ 24] 562500 机器人ETF华夏  完成  日J=6.08 周J=11.59 月J=10.11 价=0.95 涨=-0.21%  PE=51.7(47.09%) PB=None(None%)
2026-08-26 18:32:49  [ 25] 515050 通信ETF华夏  完成  日J=7.95 周J=23.49 月J=36.36 价=1.01 涨=0.4%  PE=47.74(90.93%) PB=None(None%)
2026-08-26 18:32:50  [ 26] 510180 上证180ETF华安  完成  日J=20.22 周J=40.15 月J=26.42 价=3.95 涨=0.82%  PE=12.17(69.71%) PB=1.23(42.16%)
2026-08-26 18:32:52  [ 27] 159530 机器人ETF易方达  完成  日J=4.69 周J=10.84 月J=7.5 价=1.32 涨=-0.45%  PE=None(None%) PB=None(None%)
2026-08-26 18:32:53  [ 28] 159992 创新药ETF银华  完成  日J=4.97 周J=71.93 月J=65.21 价=0.87 涨=0.0%  PE=29.08(34.81%) PB=None(None%)
2026-08-26 18:32:55  [ 29] 159781 科创创业ETF易方达  完成  日J=0.4 周J=5.14 月J=30.26 价=1.07 涨=1.13%  PE=42.09(59.22%) PB=None(None%)
2026-08-26 18:32:56  [ 30] 159201 自由现金流ETF华夏  完成  日J=77.14 周J=110.22 月J=17.84 价=1.19 涨=0.17%  PE=None(None%) PB=None(None%)
2026-08-26 18:32:58  [ 31] 517520 黄金股ETF永赢  完成  日J=73.99 周J=105.97 月J=13.51 价=2.22 涨=0.14%  PE=21.26(49.81%) PB=None(None%)
2026-08-26 18:33:01  [ 32] 510210 上证指数ETF富国  完成  日J=20.56 周J=62.37 月J=24.93 价=1.0 涨=0.4%  PE=15.33(73.1%) PB=None(None%)
2026-08-26 18:33:03  [ 33] 512010 医药ETF易方达  完成  日J=2.81 周J=76.2 月J=62.58 价=0.38 涨=-0.78%  PE=23.55(4.55%) PB=None(None%)
2026-08-26 18:33:05  [ 34] 159928 消费ETF汇添富  完成  日J=41.93 周J=77.39 月J=31.73 价=0.67 涨=0.9%  PE=19.76(19.1%) PB=3.45(2.0%)
2026-08-26 18:33:07  [ 35] 515220 煤炭ETF国泰  完成  日J=84.37 周J=112.24 月J=48.89 价=1.31 涨=0.54%  PE=19.3(88.31%) PB=1.82(98.12%)
2026-08-26 18:33:09  [ 36] 512070 证券保险ETF易方达  完成  日J=107.11 周J=52.35 月J=17.58 价=0.81 涨=2.66%  PE=9.78(2.45%) PB=None(None%)
2026-08-26 18:33:11  [ 37] 512690 酒ETF鹏华  完成  日J=-2.24 周J=71.31 月J=21.66 价=0.42 涨=-0.47%  PE=19.14(15.79%) PB=None(None%)
2026-08-26 18:33:12  [ 38] 159870 化工ETF鹏华  完成  日J=22.88 周J=48.28 月J=15.2 价=0.8 涨=1.78%  PE=21.98(55.29%) PB=None(None%)
2026-08-26 18:33:13  [ 39] 159206 卫星ETF永赢  完成  日J=-3.03 周J=21.95 月J=-0.63 价=1.32 涨=-0.45%  PE=None(None%) PB=None(None%)
2026-08-26 18:33:15  [ 40] 513630 港股低波红利ETF摩根  完成  日J=98.19 周J=89.12 月J=41.8 价=1.6 涨=0.06%  PE=None(None%) PB=None(None%)
2026-08-26 18:33:17  [ 41] 512800 银行ETF华宝  完成  日J=103.46 周J=92.61 月J=85.56 价=0.83 涨=1.1%  PE=6.91(80.54%) PB=0.69(44.0%)
2026-08-26 18:33:18  [ 42] 512760 芯片ETF国泰  完成  日J=7.56 周J=2.65 月J=35.34 价=1.08 涨=1.31%  PE=86.42(69.79%) PB=None(None%)
2026-08-26 18:33:20  [ 43] 159611 电力ETF广发  完成  日J=53.93 周J=42.89 月J=9.53 价=1.05 涨=1.26%  PE=16.0(71.04%) PB=None(None%)
2026-08-26 18:33:22  [ 44] 516650 有色金属ETF华夏  完成  日J=64.28 周J=91.85 月J=6.35 价=1.9 涨=2.26%  PE=19.81(26.44%) PB=None(None%)
2026-08-26 18:33:24  [ 45] 159852 软件ETF嘉实  完成  日J=9.37 周J=38.79 月J=-4.51 价=0.67 涨=0.45%  PE=53.57(45.49%) PB=None(None%)
2026-08-26 18:33:26  [ 46] 560860 工业有色ETF万家  完成  日J=46.82 周J=72.86 月J=12.76 价=1.65 涨=3.07%  PE=60.36(27.44%) PB=None(None%)
2026-08-26 18:33:28  [ 47] 159869 游戏ETF华夏  完成  日J=17.01 周J=63.95 月J=-2.43 价=1.08 涨=-0.28%  PE=19.28(13.26%) PB=None(None%)
2026-08-26 18:33:29  [ 48] 159755 电池ETF广发  完成  日J=6.89 周J=31.72 月J=0.2 价=0.95 涨=0.96%  PE=24.46(35.16%) PB=3.36(45.4%)
2026-08-26 18:33:31  [ 49] 159307 红利低波100ETF博时  完成  日J=101.33 周J=75.26 月J=56.8 价=1.03 涨=0.49%  PE=8.79(82.49%) PB=None(None%)
2026-08-26 18:33:32  [ 50] 512710 军工龙头ETF富国  完成  日J=23.5 周J=29.6 月J=-10.19 价=0.61 涨=1.33%  PE=None(None%) PB=None(None%)
2026-08-26 18:33:34  [ 51] 159263 价值ETF易方达  完成  日J=101.41 周J=95.39 月J=53.36 价=1.16 涨=0.43%  PE=None(None%) PB=None(None%)
2026-08-26 18:33:35  [ 52] 159363 创业板人工智能ETF华宝  完成  日J=-5.04 周J=32.58 月J=38.0 价=1.19 涨=-0.59%  PE=None(None%) PB=None(None%)
2026-08-26 18:33:36  [ 53] 516150 稀土ETF嘉实  完成  日J=20.22 周J=35.54 月J=8.7 价=1.73 涨=0.35%  PE=29.36(31.25%) PB=None(None%)
2026-08-26 18:33:38  [ 54] 159865 养殖ETF国泰  完成  日J=44.01 周J=96.57 月J=19.93 价=0.54 涨=0.19%  PE=23.06(53.98%) PB=None(None%)
2026-08-26 18:33:39  [ 55] 512660 军工ETF国泰  完成  日J=8.82 周J=27.29 月J=-6.88 价=1.1 涨=0.55%  PE=45.46(12.56%) PB=3.19(49.56%)
2026-08-26 18:33:41  [ 56] 588220 科创100ETF鹏华  完成  日J=4.19 周J=30.55 月J=39.48 价=1.75 涨=0.0%  PE=None(None%) PB=None(None%)
2026-08-26 18:33:43  [ 57] 159851 金融科技ETF华宝  完成  日J=63.19 周J=67.54 月J=2.75 价=0.63 涨=2.77%  PE=32.59(10.14%) PB=None(None%)
2026-08-26 18:33:44  [ 58] 515980 人工智能ETF华富  完成  日J=5.46 周J=8.89 月J=33.4 价=0.99 涨=0.2%  PE=49.61(79.77%) PB=None(None%)
2026-08-26 18:33:46  [ 59] 512950 央企改革ETF华夏  完成  日J=16.75 周J=35.75 月J=31.36 价=1.5 涨=0.4%  PE=15.72(82.54%) PB=None(None%)
2026-08-26 18:33:47  [ 60] 563300 中证2000ETF华泰柏瑞  完成  日J=27.71 周J=53.21 月J=29.57 价=1.41 涨=-0.07%  PE=39.49(67.34%) PB=None(None%)
2026-08-26 18:33:49  [ 61] 561980 半导体设备ETF招商  完成  日J=9.47 周J=9.9 月J=51.29 价=0.69 涨=1.63%  PE=129.2(93.81%) PB=None(None%)
2026-08-26 18:33:49  全部完成，结果已写入 C:\Users\hailo\Desktop\每周自动指标\output_etf\2026-08-26\metrics_2026-08-26.csv
2026-08-26 18:33:49  步骤2完成 -> C:\Users\hailo\Desktop\每周自动指标\output_etf\2026-08-26\metrics_2026-08-26.csv
2026-08-26 18:33:49  步骤3: 生成 HTML 总结报告...
2026-08-26 18:33:49  步骤3完成 -> C:\Users\hailo\Desktop\每周自动指标\output_etf\2026-08-26\report_2026-08-26.html
2026-08-26 18:33:49  步骤4: 发送邮件报告...
2026-08-26 18:33:50  步骤4完成: 邮件已发送
2026-08-26 18:33:50  ===== 全部完成 2026-08-26 =====
2026-08-26 19:00:14  ===== 开始每日ETF指标任务 2026-08-26 =====
2026-08-26 19:00:14  步骤1已存在，跳过 -> C:\Users\hailo\Desktop\每周自动指标\output_etf\2026-08-26\etf_list_2026-08-26.csv
2026-08-26 19:00:14  步骤2: 计算 KDJ-J(日/周/月)...
2026-08-26 19:00:15  检测到已完成 61 条，跳过续跑
2026-08-26 19:00:15  全部完成，结果已写入 C:\Users\hailo\Desktop\每周自动指标\output_etf\2026-08-26\metrics_2026-08-26.csv
2026-08-26 19:00:15  步骤2完成 -> C:\Users\hailo\Desktop\每周自动指标\output_etf\2026-08-26\metrics_2026-08-26.csv
2026-08-26 19:00:15  步骤3: 生成 HTML 总结报告...
2026-08-26 19:00:15  步骤3完成 -> C:\Users\hailo\Desktop\每周自动指标\output_etf\2026-08-26\report_2026-08-26.html
2026-08-26 19:00:15  步骤4: 发送邮件报告...
2026-08-26 19:00:16  步骤4完成: 邮件已发送
2026-08-26 19:00:16  ===== 全部完成 2026-08-26 =====
2026-08-26 19:47:39  ===== 开始每日ETF指标任务 2026-08-26 =====
2026-08-26 19:47:39  步骤1已存在，跳过 -> /home/runner/work/daily-stock-metrics/daily-stock-metrics/output_etf/2026-08-26/etf_list_2026-08-26.csv
2026-08-26 19:47:39  步骤2: 计算 KDJ-J(日/周/月)...
2026-08-26 19:47:39  检测到已完成 61 条，跳过续跑
2026-08-26 19:47:39  全部完成，结果已写入 /home/runner/work/daily-stock-metrics/daily-stock-metrics/output_etf/2026-08-26/metrics_2026-08-26.csv
2026-08-26 19:47:39  步骤2完成 -> /home/runner/work/daily-stock-metrics/daily-stock-metrics/output_etf/2026-08-26/metrics_2026-08-26.csv
2026-08-26 19:47:39  步骤3: 生成 HTML 总结报告...
2026-08-26 19:47:39  步骤3完成 -> /home/runner/work/daily-stock-metrics/daily-stock-metrics/output_etf/2026-08-26/report_2026-08-26.html
2026-08-26 19:47:39  步骤4: 发送邮件报告...
2026-08-26 19:47:43  步骤4完成: 邮件已发送
2026-08-26 19:47:43  ===== 全部完成 2026-08-26 =====
2026-08-26 20:14:19  今日(2026-08-26)已完成，跳过。结果目录: /home/runner/work/daily-stock-metrics/daily-stock-metrics/output_etf/2026-08-26
2026-08-26 20:23:45  今日(2026-08-26)已完成，跳过。结果目录: /home/runner/work/daily-stock-metrics/daily-stock-metrics/output_etf/2026-08-26
2026-08-26 21:03:19  今日(2026-08-26)已完成，跳过。结果目录: /home/runner/work/daily-stock-metrics/daily-stock-metrics/output_etf/2026-08-26
2026-08-26 21:25:00  今日(2026-08-26)已完成，跳过。结果目录: /home/runner/work/daily-stock-metrics/daily-stock-metrics/output_etf/2026-08-26
2026-08-26 21:52:15  今日(2026-08-26)已完成，跳过。结果目录: /home/runner/work/daily-stock-metrics/daily-stock-metrics/output_etf/2026-08-26
