2026-08-14 17:32:34  ===== 开始每日港股通指标任务 2026-08-14 =====
2026-08-14 17:32:34  步骤1: 获取港股通总市值前100标的...
获取港股通标的列表(共取市值前 100 只)...
接口返回 100 只港股通标的
2026-08-14 17:32:35  步骤1完成 -> C:\Users\hailo\Desktop\每周自动指标\output_hk\2026-08-14\hk_list_2026-08-14.csv
2026-08-14 17:32:35  步骤2: 计算 KDJ-J(日/周/月)...
2026-08-14 17:32:38  [  1] 00700 腾讯控股  完成  日J=-15.33 周J=58.18 月J=3.42 价=440.0 涨=-0.23%  PE=15.01(None%) PB=3.06(None%)
2026-08-14 17:32:39  [  2] 03750 宁德时代  完成  日J=28.59 周J=27.7 月J=52.81 价=641.5 涨=-1.69%  PE=30.81(None%) PB=6.8(None%)
2026-08-14 17:32:47  [  3] 00005 汇丰控股  完成  日J=24.17 周J=69.67 月J=91.0 价=160.8 涨=-1.35%  PE=14.65(None%) PB=2.04(None%)
2026-08-14 17:32:48  [  4] 01398 工商银行  完成  日J=8.87 周J=74.87 月J=71.05 价=7.17 涨=-0.62%  PE=6.15(None%) PB=0.57(None%)
2026-08-14 17:32:49  [  5] 09988 阿里巴巴-W  完成  日J=2.66 周J=95.03 月J=23.37 价=119.9 涨=-1.64%  PE=19.6(None%) PB=1.9(None%)
2026-08-14 17:32:51  [  6] 00939 建设银行  完成  日J=4.94 周J=75.14 月J=72.45 价=8.74 涨=-0.96%  PE=5.98(None%) PB=0.57(None%)
2026-08-14 17:32:52  [  7] 01288 农业银行  完成  日J=17.08 周J=62.92 月J=57.96 价=5.84 涨=-0.85%  PE=6.2(None%) PB=0.64(None%)
2026-08-14 17:32:53  [  8] 00941 中国移动  完成  日J=8.94 周J=81.81 月J=50.04 价=82.05 涨=1.05%  PE=11.84(None%) PB=1.06(None%)
2026-08-14 17:32:54  [  9] 00857 中国石油股份  完成  日J=19.84 周J=66.91 月J=24.54 价=9.46 涨=0.59%  PE=9.75(None%) PB=0.94(None%)
2026-08-14 17:32:55  [ 10] 03988 中国银行  完成  日J=13.24 周J=64.0 月J=77.26 价=5.25 涨=-0.66%  PE=6.17(None%) PB=0.55(None%)
2026-08-14 17:32:57  [ 11] 03968 招商银行  完成  日J=-2.17 周J=75.0 月J=47.39 价=47.96 涨=-0.87%  PE=7.17(None%) PB=0.94(None%)
2026-08-14 17:32:58  [ 12] 00883 中国海洋石油  完成  日J=77.94 周J=81.29 月J=19.29 价=23.82 涨=-0.17%  PE=8.09(None%) PB=1.19(None%)
2026-08-14 17:32:59  [ 13] 02318 中国平安  完成  日J=-12.74 周J=76.9 月J=5.37 价=54.6 涨=-1.62%  PE=6.67(None%) PB=0.86(None%)
2026-08-14 17:33:00  [ 14] 01088 中国神华  完成  日J=38.53 周J=69.78 月J=30.13 价=43.04 涨=0.75%  PE=15.82(None%) PB=1.67(None%)
2026-08-14 17:33:02  [ 15] 02899 紫金矿业  完成  日J=30.78 周J=96.95 月J=19.39 价=34.8 涨=0.99%  PE=13.4(None%) PB=4.14(None%)
2026-08-14 17:33:03  [ 16] 01211 比亚迪股份  完成  日J=-3.4 周J=86.99 月J=47.64 价=88.25 涨=-0.17%  PE=26.11(None%) PB=3.06(None%)
2026-08-14 17:33:04  [ 17] 02628 中国人寿  完成  日J=-11.25 周J=20.57 月J=16.73 价=26.8 涨=-2.9%  PE=4.69(None%) PB=1.12(None%)
2026-08-14 17:33:05  [ 18] 00300 美的集团  完成  日J=16.03 周J=94.46 月J=83.18 价=95.9 涨=-0.52%  PE=14.77(None%) PB=2.77(None%)
2026-08-14 17:33:06  [ 19] 01299 友邦保险  完成  日J=-4.21 周J=29.43 月J=-2.58 价=70.4 涨=-2.96%  PE=15.01(None%) PB=2.2(None%)
2026-08-14 17:33:08  [ 20] 01810 小米集团-W  完成  日J=-4.19 周J=55.79 月J=18.71 价=25.62 涨=-1.0%  PE=16.66(None%) PB=2.21(None%)
2026-08-14 17:33:09  [ 21] 03328 交通银行  完成  日J=17.6 周J=63.58 月J=68.24 价=7.25 涨=-0.69%  PE=5.93(None%) PB=0.49(None%)
2026-08-14 17:33:10  [ 22] 09999 网易  完成  日J=-5.81 周J=42.88 月J=44.45 价=193.6 涨=0.99%  PE=16.22(None%) PB=3.31(None%)
2026-08-14 17:33:11  [ 23] 00981 中芯国际  完成  日J=94.34 周J=15.27 月J=46.5 价=70.8 涨=4.81%  PE=74.63(None%) PB=3.07(None%)
2026-08-14 17:33:12  [ 24] 02513 智谱  完成  日J=87.44 周J=6.25 月J=30.25 价=1270.0 涨=-3.57%  PE=-113.68(None%) PB=-5.71(None%)
2026-08-14 17:33:14  [ 25] 02359 药明康德  完成  日J=83.99 周J=101.23 月J=96.04 价=197.4 涨=-2.85%  PE=23.47(None%) PB=6.1(None%)
2026-08-14 17:33:15  [ 26] 01658 邮储银行  完成  日J=-0.32 周J=51.02 月J=27.39 价=4.79 涨=-0.42%  PE=5.84(None%) PB=0.49(None%)
2026-08-14 17:33:16  [ 27] 03690 美团-W  完成  日J=0.51 周J=96.46 月J=63.52 价=87.2 涨=-4.44%  PE=-12.1(None%) PB=3.17(None%)
2026-08-14 17:33:17  [ 28] 02388 中银香港  完成  日J=37.5 周J=88.32 月J=83.91 价=50.2 涨=-1.08%  PE=13.23(None%) PB=1.48(None%)
2026-08-14 17:33:19  [ 29] 00388 香港交易所  完成  日J=19.17 周J=104.43 月J=45.34 价=406.4 涨=-0.44%  PE=27.31(None%) PB=9.34(None%)
2026-08-14 17:33:20  [ 30] 02888 渣打集团  完成  日J=75.84 周J=87.61 月J=96.93 价=234.2 涨=-1.93%  PE=12.13(None%) PB=1.41(None%)
2026-08-14 17:33:21  [ 31] 00386 中国石油化工股份  完成  日J=1.11 周J=78.53 月J=1.92 价=4.24 涨=0.36%  PE=12.54(None%) PB=0.54(None%)
2026-08-14 17:33:22  [ 32] 09633 农夫山泉  完成  日J=31.23 周J=59.08 月J=10.58 价=42.7 涨=0.38%  PE=27.33(None%) PB=10.99(None%)
2026-08-14 17:33:23  [ 33] 02475 立讯精密  完成  日J=54.52 周J=64.48 月J=None 价=60.4 涨=-0.17%  PE=24.31(None%) PB=4.4(None%)
2026-08-14 17:33:25  [ 34] 00728 中国电信  完成  日J=73.39 周J=62.22 月J=22.88 价=4.72 涨=4.07%  PE=12.19(None%) PB=0.82(None%)
2026-08-14 17:33:26  [ 35] 00992 联想集团  完成  日J=89.88 周J=87.05 月J=102.21 价=33.6 涨=-3.72%  PE=66.75(None%) PB=7.37(None%)
2026-08-14 17:33:28  [ 36] 00998 中信银行  完成  日J=17.49 周J=79.76 月J=35.34 价=7.4 涨=-0.6%  PE=5.16(None%) PB=0.49(None%)
2026-08-14 17:33:29  [ 37] 06030 中信证券  完成  日J=11.35 周J=21.34 月J=38.6 价=26.22 涨=-2.82%  PE=10.86(None%) PB=1.18(None%)
2026-08-14 17:33:30  [ 38] 03993 洛阳钼业  完成  日J=5.01 周J=60.58 月J=6.19 价=17.01 涨=-1.85%  PE=13.46(None%) PB=3.62(None%)
2026-08-14 17:33:31  [ 39] 03986 兆易创新  完成  日J=75.5 周J=-4.27 月J=21.8 价=511.0 涨=2.0%  PE=111.18(None%) PB=12.52(None%)
2026-08-14 17:33:32  [ 40] 01276 恒瑞医药  完成  日J=-1.48 周J=31.97 月J=-0.68 价=52.8 涨=-3.74%  PE=38.55(None%) PB=4.86(None%)
2026-08-14 17:33:34  [ 41] 00267 中信股份  完成  日J=26.46 周J=54.48 月J=32.2 价=11.94 涨=0.42%  PE=5.34(None%) PB=0.4(None%)
2026-08-14 17:33:35  [ 42] 06809 澜起科技  完成  日J=81.25 周J=3.85 月J=40.77 价=283.8 涨=-1.05%  PE=120.88(None%) PB=14.69(None%)
2026-08-14 17:33:36  [ 43] 02259 紫金黄金国际  完成  日J=32.35 周J=94.69 月J=5.01 价=127.5 涨=-0.55%  PE=27.38(None%) PB=5.24(None%)
2026-08-14 17:33:37  [ 44] 02328 中国财险  完成  日J=-9.49 周J=67.2 月J=34.84 价=15.31 涨=-0.2%  PE=8.07(None%) PB=1.02(None%)
2026-08-14 17:33:38  [ 45] 00016 新鸿基地产  完成  日J=33.71 周J=44.37 月J=33.52 价=116.5 涨=-0.94%  PE=15.34(None%) PB=0.54(None%)
2026-08-14 17:33:39  [ 46] 06160 百济神州  完成  日J=77.71 周J=99.27 月J=68.07 价=211.2 涨=-3.74%  PE=63.57(None%) PB=9.59(None%)
2026-08-14 17:33:41  [ 47] 02338 潍柴动力  完成  日J=54.7 周J=45.41 月J=57.27 价=35.02 涨=-1.74%  PE=23.9(None%) PB=2.82(None%)
2026-08-14 17:33:42  [ 48] 02601 中国太保  完成  日J=-1.46 周J=46.87 月J=0.1 价=28.36 涨=-1.6%  PE=4.53(None%) PB=0.75(None%)
2026-08-14 17:33:43  [ 49] 00001 长和  完成  日J=30.19 周J=79.18 月J=84.5 价=70.05 涨=-3.11%  PE=7.1(None%) PB=0.46(None%)
2026-08-14 17:33:44  [ 50] 02378 保诚  完成  日J=-3.76 周J=47.46 月J=26.71 价=106.8 涨=-0.28%  PE=8.63(None%) PB=1.74(None%)
2026-08-14 17:33:46  [ 51] 00669 创科实业  完成  日J=66.48 周J=87.45 月J=97.26 价=142.4 涨=-1.73%  PE=25.56(None%) PB=4.46(None%)
2026-08-14 17:33:47  [ 52] 06951 三环集团  完成  日J=92.1 周J=89.55 月J=None 价=129.4 涨=-1.07%  PE=80.3(None%) PB=9.78(None%)
2026-08-14 17:33:48  [ 53] 02611 国泰海通  完成  日J=29.67 周J=10.86 月J=21.29 价=14.24 涨=-1.25%  PE=10.11(None%) PB=0.68(None%)
2026-08-14 17:33:49  [ 54] 01109 华润置地  完成  日J=76.65 周J=59.77 月J=49.28 价=34.2 涨=0.23%  PE=8.67(None%) PB=0.76(None%)
2026-08-14 17:33:51  [ 55] 02476 胜宏科技  完成  日J=78.74 周J=24.25 月J=10.78 价=241.0 涨=1.01%  PE=45.24(None%) PB=10.67(None%)
2026-08-14 17:33:52  [ 56] 01919 中远海控  完成  日J=56.94 周J=104.41 月J=67.95 价=15.49 涨=1.71%  PE=8.4(None%) PB=0.89(None%)
2026-08-14 17:33:53  [ 57] 01347 华虹宏力  完成  日J=41.59 周J=-8.26 月J=41.36 价=130.2 涨=-11.55%  PE=281.99(None%) PB=4.04(None%)
2026-08-14 17:33:54  [ 58] 01339 中国人民保险集团  完成  日J=-14.63 周J=65.44 月J=1.11 价=5.06 涨=-1.08%  PE=4.74(None%) PB=0.62(None%)
2026-08-14 17:33:55  [ 59] 01378 中国宏桥  完成  日J=7.73 周J=54.39 月J=-6.16 价=22.7 涨=0.0%  PE=8.89(None%) PB=1.54(None%)
2026-08-14 17:33:57  [ 60] 00066 港铁公司  完成  日J=65.58 周J=92.31 月J=36.16 价=33.24 涨=2.85%  PE=9.06(None%) PB=1.01(None%)
2026-08-14 17:33:58  [ 61] 09992 泡泡玛特  完成  日J=22.96 周J=17.41 月J=2.66 价=154.1 涨=-0.06%  PE=14.51(None%) PB=8.39(None%)
2026-08-14 17:33:59  [ 62] 03692 翰森制药  完成  日J=49.9 周J=74.14 月J=13.8 价=33.3 涨=-1.65%  PE=32.83(None%) PB=5.15(None%)
2026-08-14 17:34:00  [ 63] 02020 安踏体育  完成  日J=-0.61 周J=54.52 月J=31.56 价=71.95 涨=-0.55%  PE=13.38(None%) PB=2.76(None%)
2026-08-14 17:34:01  [ 64] 00002 中电控股  完成  日J=112.31 周J=110.38 月J=101.5 价=78.95 涨=0.38%  PE=18.4(None%) PB=1.81(None%)
2026-08-14 17:34:03  [ 65] 06690 海尔智家  完成  日J=21.97 周J=55.66 月J=15.94 价=21.08 涨=-0.09%  PE=9.43(None%) PB=1.39(None%)
2026-08-14 17:34:04  [ 66] 02714 牧原股份  完成  日J=97.95 周J=97.31 月J=15.37 价=34.0 涨=-1.9%  PE=18.0(None%) PB=2.01(None%)
2026-08-14 17:34:05  [ 67] 00762 中国联通  完成  日J=3.2 周J=26.08 月J=6.35 价=6.33 涨=1.12%  PE=8.75(None%) PB=0.48(None%)
2026-08-14 17:34:07  [ 68] 00175 吉利汽车  完成  日J=-0.92 周J=47.0 月J=23.67 价=17.82 涨=-0.5%  PE=11.16(None%) PB=1.78(None%)
2026-08-14 17:34:08  [ 69] 03288 海天味业  完成  日J=38.97 周J=81.16 月J=36.93 价=32.16 涨=-0.43%  PE=23.02(None%) PB=3.95(None%)
2026-08-14 17:34:09  [ 70] 02269 药明生物  完成  日J=62.81 周J=97.62 月J=72.96 价=45.14 涨=-1.27%  PE=34.43(None%) PB=3.57(None%)
2026-08-14 17:34:10  [ 71] 06818 中国光大银行  完成  日J=-5.99 周J=23.75 月J=9.69 价=2.97 涨=-0.34%  PE=4.13(None%) PB=0.31(None%)
2026-08-14 17:34:11  [ 72] 01024 快手-W  完成  日J=-17.3 周J=21.42 月J=-10.82 价=40.06 涨=-1.86%  PE=8.85(None%) PB=1.87(None%)
2026-08-14 17:34:13  [ 73] 06936 顺丰控股  完成  日J=2.97 周J=88.71 月J=49.43 价=32.22 涨=-0.62%  PE=13.29(None%) PB=1.43(None%)
2026-08-14 17:34:14  [ 74] 06031 三一重工  完成  日J=-11.07 周J=36.18 月J=3.08 价=18.34 涨=-1.34%  PE=17.86(None%) PB=1.64(None%)
2026-08-14 17:34:15  [ 75] 00788 中国铁塔  完成  日J=8.84 周J=71.58 月J=8.14 价=9.3 涨=-0.11%  PE=10.78(None%) PB=0.69(None%)
2026-08-14 17:34:16  [ 76] 01801 信达生物  完成  日J=73.11 周J=84.77 月J=67.25 价=93.8 涨=-1.42%  PE=181.58(None%) PB=7.59(None%)
2026-08-14 17:34:17  [ 77] 01038 长江基建集团  完成  日J=98.08 周J=105.89 月J=70.6 价=64.15 涨=1.58%  PE=6.42(None%) PB=1.09(None%)
2026-08-14 17:34:19  [ 78] 01113 长实集团  完成  日J=31.68 周J=55.1 月J=44.0 价=45.0 涨=-6.44%  PE=11.91(None%) PB=0.39(None%)
2026-08-14 17:34:20  [ 79] 01377 鼎泰高科  完成  日J=46.72 周J=55.12 月J=None 价=367.6 涨=4.73%  PE=223.78(None%) PB=45.86(None%)
2026-08-14 17:34:21  [ 80] 00027 银河娱乐  完成  日J=94.45 周J=108.19 月J=24.13 价=34.74 涨=-0.57%  PE=14.2(None%) PB=1.8(None%)
2026-08-14 17:34:22  [ 81] 06886 华泰证券  完成  日J=77.39 周J=46.24 月J=22.16 价=16.84 涨=-0.47%  PE=7.74(None%) PB=0.75(None%)
2026-08-14 17:34:23  [ 82] 02423 贝壳-W  完成  日J=26.18 周J=84.12 月J=51.14 价=43.88 涨=-1.61%  PE=39.88(None%) PB=2.12(None%)
2026-08-14 17:34:25  [ 83] 01988 民生银行  完成  日J=3.09 周J=70.84 月J=22.59 价=3.39 涨=-0.59%  PE=4.49(None%) PB=0.23(None%)
2026-08-14 17:34:26  [ 84] 09973 奇瑞汽车  完成  日J=1.03 周J=60.28 月J=20.86 价=25.52 涨=1.11%  PE=7.15(None%) PB=2.37(None%)
2026-08-14 17:34:27  [ 85] 00688 中国海外发展  完成  日J=69.27 周J=33.79 月J=36.19 价=13.48 涨=0.0%  PE=10.5(None%) PB=0.34(None%)
2026-08-14 17:34:28  [ 86] 03606 福耀玻璃  完成  日J=19.97 周J=85.28 月J=34.67 价=56.35 涨=1.71%  PE=14.63(None%) PB=3.32(None%)
2026-08-14 17:34:30  [ 87] 01898 中煤能源  完成  日J=61.19 周J=54.96 月J=4.32 价=10.98 涨=1.57%  PE=9.04(None%) PB=0.78(None%)
2026-08-14 17:34:31  [ 88] 01766 中国中车  完成  日J=-8.45 周J=58.13 月J=19.92 价=4.94 涨=-0.1%  PE=9.38(None%) PB=0.71(None%)
2026-08-14 17:34:32  [ 89] 01336 新华保险  完成  日J=-10.82 周J=35.86 月J=-3.01 价=45.42 涨=-0.96%  PE=3.44(None%) PB=1.01(None%)
2026-08-14 17:34:33  [ 90] 01816 中广核电力  完成  日J=-2.59 周J=54.52 月J=0.54 价=2.79 涨=-0.89%  PE=13.27(None%) PB=0.99(None%)
2026-08-14 17:34:34  [ 91] 02600 中国铝业  完成  日J=2.17 周J=33.41 月J=-10.22 价=8.19 涨=-0.61%  PE=8.53(None%) PB=1.54(None%)
2026-08-14 17:34:36  [ 92] 01972 太古地产  完成  日J=61.81 周J=101.61 月J=35.85 价=23.66 涨=-1.42%  PE=41.28(None%) PB=0.5(None%)
2026-08-14 17:34:37  [ 93] 02057 中通快递-W  完成  日J=-11.27 周J=52.67 月J=45.0 价=178.2 涨=-1.22%  PE=13.22(None%) PB=1.95(None%)
2026-08-14 17:34:38  [ 94] 01776 广发证券  完成  日J=36.02 周J=39.84 月J=43.28 价=16.98 涨=-0.93%  PE=7.59(None%) PB=0.85(None%)
2026-08-14 17:34:39  [ 95] 00012 恒基地产  完成  日J=8.99 周J=62.79 月J=5.92 价=26.78 涨=-1.03%  PE=22.94(None%) PB=0.4(None%)
2026-08-14 17:34:40  [ 96] 06099 招商证券  完成  日J=18.27 周J=1.57 月J=38.93 价=14.66 涨=-1.48%  PE=8.57(None%) PB=0.91(None%)
2026-08-14 17:34:42  [ 97] 00006 电能实业  完成  日J=95.31 周J=101.53 月J=47.56 价=59.65 涨=1.02%  PE=7.1(None%) PB=1.23(None%)
2026-08-14 17:34:43  [ 98] 09987 百胜中国  完成  日J=0.62 周J=92.04 月J=33.05 价=370.2 涨=-1.65%  PE=16.72(None%) PB=3.04(None%)
2026-08-14 17:34:44  [ 99] 06618 京东健康  完成  日J=41.09 周J=96.75 月J=2.07 价=39.5 涨=-0.05%  PE=17.84(None%) PB=1.79(None%)
2026-08-14 17:34:45  [100] 00003 香港中华煤气  完成  日J=1.82 周J=60.36 月J=15.93 价=6.75 涨=-0.44%  PE=22.13(None%) PB=2.12(None%)
2026-08-14 17:34:46  全部完成，结果已写入 C:\Users\hailo\Desktop\每周自动指标\output_hk\2026-08-14\metrics_2026-08-14.csv
2026-08-14 17:34:46  步骤2完成 -> C:\Users\hailo\Desktop\每周自动指标\output_hk\2026-08-14\metrics_2026-08-14.csv
2026-08-14 17:34:46  步骤3: 生成 HTML 总结报告...
2026-08-14 17:34:46  步骤3完成 -> C:\Users\hailo\Desktop\每周自动指标\output_hk\2026-08-14\report_2026-08-14.html
2026-08-14 17:34:46  步骤4: 发送邮件报告...
2026-08-14 17:34:49  步骤4完成: 邮件已发送
2026-08-14 17:34:49  ===== 全部完成 2026-08-14 =====
2026-08-14 19:00:17  今日(2026-08-14)已完成，跳过。结果目录: C:\Users\hailo\Desktop\每周自动指标\output_hk\2026-08-14
