2026-08-28 16:53:41  ===== 开始每日ETF指标任务 2026-08-28 =====
2026-08-28 16:53:41  步骤1: 获取场内规模前100的ETF...
[  1] 510300 沪深300ETF华泰柏瑞  规模=1103.25亿  跟踪=沪深300指数  主题=沪深300
[  2] 588000 科创50ETF华夏  规模=878.8亿  跟踪=上证科创板50成份指数  主题=科创板
[  3] 159915 创业板ETF易方达  规模=646.99亿  跟踪=创业板指数(价格)  主题=创业板
[  4] 512880 证券ETF国泰  规模=633.36亿  跟踪=中证全指证券公司指数  主题=证券
[  5] 510310 沪深300ETF易方达  规模=520.89亿  跟踪=沪深300指数  主题=沪深300
[  6] 588200 科创芯片ETF嘉实  规模=496.11亿  跟踪=上证科创板芯片指数  主题=半导体
[  7] 588170 科创半导体ETF华夏  规模=440.13亿  跟踪=上证科创板半导体材料设备主题指数  主题=半导体
[  8] 159516 半导体设备ETF国泰  规模=436.14亿  跟踪=中证半导体材料设备主题指数  主题=半导体
[  9] 510500 中证500ETF南方  规模=428.39亿  跟踪=中证500指数  主题=中证500
[ 10] 588080 科创50ETF易方达  规模=419.94亿  跟踪=上证科创板50成份指数  主题=科创板
[ 11] 515880 通信ETF国泰  规模=419.61亿  跟踪=中证全指通信设备指数  主题=通信
[ 12] 563360 A500ETF华泰柏瑞  规模=411.45亿  跟踪=中证A500指数  主题=中证A500
[ 13] 510330 沪深300ETF华夏  规模=409.83亿  跟踪=沪深300指数  主题=沪深300
[ 14] 512000 券商ETF华宝  规模=385.79亿  跟踪=中证全指证券公司指数  主题=证券
[ 15] 159352 A500ETF南方  规模=342.03亿  跟踪=中证A500指数  主题=中证A500
[ 16] 512890 红利低波ETF华泰柏瑞  规模=332.76亿  跟踪=中证红利低波动指数  主题=红利
[ 17] 159919 沪深300ETF嘉实  规模=307.08亿  跟踪=沪深300指数  主题=沪深300
[ 18] 159361 A500ETF易方达  规模=292.77亿  跟踪=中证A500指数  主题=中证A500
[ 19] 159995 芯片ETF华夏  规模=278.47亿  跟踪=国证半导体芯片指数  主题=半导体
[ 20] 512400 有色金属ETF南方  规模=272.53亿  跟踪=有色金属  主题=有色金属
[ 21] 159338 中证A500ETF国泰  规模=262.4亿  跟踪=中证A500指数  主题=中证A500
[ 22] 159949 创业板50ETF华安  规模=247.66亿  跟踪=创业板50指数  主题=创业板
[ 23] 512170 医疗ETF华宝  规模=244.65亿  跟踪=中证医疗指数  主题=医药
[ 24] 159558 半导体设备ETF易方达  规模=214.38亿  跟踪=中证半导体材料设备主题指数  主题=半导体
[ 25] 512100 中证1000ETF南方  规模=212.42亿  跟踪=中证1000指数  主题=中证1000
[ 26] 159819 人工智能ETF易方达  规模=210.6亿  跟踪=中证人工智能主题指数  主题=人工智能
[ 27] 510050 上证50ETF华夏  规模=209.86亿  跟踪=上证50指数  主题=上证50
[ 28] 510880 红利ETF华泰柏瑞  规模=201.94亿  跟踪=上证红利指数  主题=红利
[ 29] 159326 电网设备ETF华夏  规模=201.63亿  跟踪=中证电网设备主题指数  主题=其他
[ 30] 512050 A500ETF华夏  规模=200.78亿  跟踪=中证A500指数  主题=中证A500
[ 31] 515450 红利低波50ETF南方  规模=200.59亿  跟踪=标普中国A股大盘红利低波50指数  主题=红利
[ 32] 512480 半导体ETF国联安  规模=199.05亿  跟踪=中证全指半导体产品与设备指数  主题=半导体
[ 33] 515180 红利ETF易方达  规模=188.3亿  跟踪=中证红利指数  主题=红利
[ 34] 515050 通信ETF华夏  规模=180.26亿  跟踪=中证5G通信主题指数  主题=通信
[ 35] 562500 机器人ETF华夏  规模=176.85亿  跟踪=中证机器人指数  主题=机器人
[ 36] 510180 上证180ETF华安  规模=176.19亿  跟踪=上证180指数  主题=上证180
[ 37] 159781 科创创业ETF易方达  规模=171.86亿  跟踪=中证科创创业50指数  主题=科创板
[ 38] 159530 机器人ETF易方达  规模=168.46亿  跟踪=国证机器人产业指数  主题=机器人
[ 39] 159992 创新药ETF银华  规模=164.21亿  跟踪=中证创新药产业指数  主题=医药
[ 40] 159201 自由现金流ETF华夏  规模=164.21亿  跟踪=国证自由现金流指数  主题=货币市场
[ 41] 517520 黄金股ETF永赢  规模=155.66亿  跟踪=中证沪深港黄金产业股票指数  主题=黄金
[ 42] 159928 消费ETF汇添富  规模=154.82亿  跟踪=中证主要消费指数  主题=消费
[ 43] 512010 医药ETF易方达  规模=153.95亿  跟踪=沪深300医药卫生指数  主题=医药
[ 44] 510210 上证指数ETF富国  规模=153.46亿  跟踪=上证综合指数  主题=其他
[ 45] 515220 煤炭ETF国泰  规模=142.41亿  跟踪=中证煤炭指数  主题=煤炭
[ 46] 159870 化工ETF鹏华  规模=138.35亿  跟踪=细分化工  主题=化工
[ 47] 560780 半导体设备ETF广发  规模=137.08亿  跟踪=中证半导体材料设备主题指数  主题=半导体
[ 48] 512690 酒ETF鹏华  规模=135.98亿  跟踪=中证酒指数  主题=白酒
[ 49] 512070 证券保险ETF易方达  规模=133.9亿  跟踪=沪深300非银行金融指数  主题=证券
[ 50] 563020 红利低波ETF易方达  规模=129.37亿  跟踪=中证红利低波动指数  主题=红利
[ 51] 159206 卫星ETF永赢  规模=127.64亿  跟踪=国证商用卫星通信产业指数  主题=通信
[ 52] 159841 证券ETF天弘  规模=120.96亿  跟踪=中证全指证券公司指数  主题=证券
[ 53] 513630 港股低波红利ETF摩根  规模=120.21亿  跟踪=标普港股通低波红利指数  主题=红利
[ 54] 588710 科创半导体设备ETF华泰柏瑞  规模=117.08亿  跟踪=上证科创板半导体材料设备主题指数  主题=半导体
[ 55] 159952 创业板ETF广发  规模=115.36亿  跟踪=创业板指数(价格)  主题=创业板
[ 56] 515080 中证红利ETF招商  规模=114.84亿  跟踪=中证红利指数  主题=红利
[ 57] 563800 A500ETF广发  规模=110.63亿  跟踪=中证A500指数  主题=中证A500
[ 58] 515120 创新药ETF广发  规模=109.65亿  跟踪=中证创新药产业指数  主题=医药
[ 59] 588050 科创50ETF工银  规模=108.72亿  跟踪=上证科创板50成份指数  主题=科创板
[ 60] 512760 芯片ETF国泰  规模=104.21亿  跟踪=中华交易服务半导体芯片行业人民币指数  主题=半导体
[ 61] 516650 有色金属ETF华夏  规模=101.93亿  跟踪=细分有色  主题=有色金属
[ 62] 159611 电力ETF广发  规模=99.44亿  跟踪=中证全指电力公用事业指数  主题=电力
[ 63] 512800 银行ETF华宝  规模=98.46亿  跟踪=中证银行指数  主题=银行
[ 64] 159842 券商ETF银华  规模=96.0亿  跟踪=中证全指证券公司指数  主题=证券
[ 65] 159852 软件ETF嘉实  规模=95.99亿  跟踪=中证软件服务指数  主题=计算机
[ 66] 562590 半导体设备ETF华夏  规模=92.12亿  跟踪=中证半导体材料设备主题指数  主题=半导体
[ 67] 159922 中证500ETF嘉实  规模=90.53亿  跟踪=中证500指数  主题=中证500
[ 68] 560860 工业有色ETF万家  规模=89.13亿  跟踪=中证工业有色金属主题指数  主题=有色金属
[ 69] 159351 A500ETF嘉实  规模=88.12亿  跟踪=中证A500指数  主题=中证A500
[ 70] 159869 游戏ETF华夏  规模=87.41亿  跟踪=中证动漫游戏指数  主题=传媒
[ 71] 512500 中证500ETF华夏  规模=83.92亿  跟踪=中证500指数  主题=中证500
[ 72] 563220 A500ETF富国  规模=83.74亿  跟踪=中证A500指数  主题=中证A500
[ 73] 515330 沪深300ETF天弘  规模=83.12亿  跟踪=沪深300指数  主题=沪深300
[ 74] 515070 人工智能ETF华夏  规模=82.81亿  跟踪=中证人工智能主题指数  主题=人工智能
[ 75] 512900 证券ETF南方  规模=81.79亿  跟踪=中证全指证券公司指数  主题=证券
[ 76] 159755 电池ETF广发  规模=76.27亿  跟踪=国证新能源车电池指数  主题=新能源
[ 77] 588060 科创50ETF广发  规模=76.17亿  跟踪=上证科创板50成份指数  主题=科创板
[ 78] 588750 科创芯片ETF汇添富  规模=75.64亿  跟踪=上证科创板芯片指数  主题=半导体
[ 79] 159307 红利低波100ETF博时  规模=73.18亿  跟踪=中证红利低波动100指数  主题=红利
[ 80] 512710 军工龙头ETF富国  规模=72.9亿  跟踪=中证军工龙头指数  主题=军工
[ 81] 159263 价值ETF易方达  规模=72.1亿  跟踪=国证价值100指数  主题=价值
[ 82] 159157 有色金属ETF天弘  规模=70.7亿  跟踪=中证工业有色金属主题指数  主题=有色金属
[ 83] 563300 中证2000ETF华泰柏瑞  规模=70.25亿  跟踪=中证2000指数  主题=中证2000
[ 84] 159845 中证1000ETF华夏  规模=70.12亿  跟踪=中证1000指数  主题=中证1000
[ 85] 159363 创业板人工智能ETF华宝  规模=70.06亿  跟踪=创业板人工智能指数  主题=人工智能
[ 86] 516150 稀土ETF嘉实  规模=67.6亿  跟踪=中证稀土产业指数  主题=有色金属
[ 87] 159865 养殖ETF国泰  规模=67.27亿  跟踪=中证畜牧养殖指数  主题=农业
[ 88] 159813 半导体ETF鹏华  规模=65.96亿  跟踪=国证半导体芯片指数  主题=半导体
[ 89] 512660 军工ETF国泰  规模=65.85亿  跟踪=中证军工指数  主题=军工
[ 90] 159977 创业板ETF天弘  规模=65.76亿  跟踪=创业板指数(价格)  主题=创业板
[ 91] 159562 黄金股ETF华夏  规模=65.26亿  跟踪=中证沪深港黄金产业股票指数  主题=黄金
[ 92] 159851 金融科技ETF华宝  规模=64.6亿  跟踪=中证金融科技主题指数  主题=其他
[ 93] 588220 科创100ETF鹏华  规模=63.87亿  跟踪=上证科创板100指数  主题=科创板
[ 94] 515980 人工智能ETF华富  规模=63.45亿  跟踪=中证人工智能产业指数  主题=人工智能
[ 95] 560610 A500ETF招商  规模=62.85亿  跟踪=中证A500指数  主题=中证A500
[ 96] 512950 央企改革ETF华夏  规模=61.24亿  跟踪=中证央企结构调整指数  主题=央企国企
[ 97] 159259 成长ETF易方达  规模=60.95亿  跟踪=国证成长100指数  主题=成长
[ 98] 159770 机器人ETF天弘  规模=60.29亿  跟踪=中证机器人指数  主题=机器人
[ 99] 560010 中证1000ETF广发  规模=59.62亿  跟踪=中证1000指数  主题=中证1000
[100] 159967 创业板成长ETF华夏  规模=58.21亿  跟踪=创业板动量成长指数  主题=成长
2026-08-28 16:54:32  步骤1完成 -> /home/runner/work/daily-stock-metrics/daily-stock-metrics/output_etf/2026-08-28/etf_list_2026-08-28.csv
2026-08-28 16:54:32  步骤2: 计算 KDJ-J(日/周/月)...
2026-08-28 16:54:32  步骤2: 计算指标...
2026-08-28 16:54:32  观察池: 共63只(含历史追踪1只)
2026-08-28 16:54:32  待处理 63 条，并发数 8
2026-08-28 16:54:35  [  3] 159915 创业板ETF易方达  完成  日J=9.27 周J=20.96 月J=25.69 MA20=3.541 MA60=3.772 多头=0 价=3.44 涨=-1.55%  PE=40.12(38.56%) PB=5.64(65.6%)
2026-08-28 16:54:35  [  6] 588170 科创半导体ETF华夏  完成  日J=33.14 周J=17.09 月J=50.68 MA20=1.001 MA60=1.05 多头=0 价=1.0 涨=-3.01%  PE=43.41(82.42%) PB=None(None%)
2026-08-28 16:54:35  [  7] 159516 半导体设备ETF国泰  完成  日J=32.09 周J=15.89 月J=50.16 MA20=0.726 MA60=0.761 多头=0 价=0.72 涨=-3.1%  PE=115.59(96.47%) PB=None(None%)
2026-08-28 16:54:35  [  2] 588000 科创50ETF华夏  完成  日J=43.97 周J=4.03 月J=39.0 MA20=1.777 MA60=1.91 多头=0 价=1.76 涨=-1.57%  PE=79.33(85.9%) PB=7.7(90.9%)
2026-08-28 16:54:35  [  4] 512880 证券ETF国泰  完成  日J=112.55 周J=20.67 月J=35.35 MA20=1.089 MA60=1.097 多头=0 价=1.1 涨=-0.18%  PE=15.36(10.73%) PB=1.3(20.28%)
2026-08-28 16:54:35  [  1] 510300 沪深300ETF华泰柏瑞  完成  日J=39.25 周J=23.57 月J=32.84 MA20=4.698 MA60=4.786 多头=0 价=4.68 涨=-0.23%  PE=14.44(78.95%) PB=1.46(49.84%)
2026-08-28 16:54:36  [  5] 588200 科创芯片ETF嘉实  完成  日J=40.48 周J=8.69 月J=42.46 MA20=1.18 MA60=1.288 多头=0 价=1.17 涨=-2.74%  PE=122.39(81.37%) PB=None(None%)
2026-08-28 16:54:36  [ 12] 159995 芯片ETF华夏  完成  日J=34.45 周J=5.06 月J=33.99 MA20=1.169 MA60=1.301 多头=0 价=1.15 涨=-2.62%  PE=None(None%) PB=None(None%)
2026-08-28 16:54:36  [ 10] 563360 A500ETF华泰柏瑞  完成  日J=38.59 周J=25.66 月J=31.08 MA20=1.297 MA60=1.328 多头=0 价=1.29 涨=-0.31%  PE=16.41(79.11%) PB=None(None%)
2026-08-28 16:54:36  [ 11] 512890 红利低波ETF华泰柏瑞  完成  日J=77.58 周J=87.67 月J=71.15 MA20=1.172 MA60=1.149 多头=1 价=1.18 涨=-0.25%  PE=7.91(71.9%) PB=0.87(61.24%)
2026-08-28 16:54:36  [ 14] 159949 创业板50ETF华安  完成  日J=4.77 周J=19.43 月J=19.86 MA20=1.662 MA60=1.792 多头=0 价=1.61 涨=-1.47%  PE=None(None%) PB=None(None%)
2026-08-28 16:54:37  [  9] 515880 通信ETF国泰  完成  日J=37.76 周J=31.35 月J=35.04 MA20=0.66 MA60=0.737 多头=0 价=0.67 涨=-1.18%  PE=49.59(93.83%) PB=None(None%)
2026-08-28 16:54:37  [ 13] 512400 有色金属ETF南方  完成  日J=100.11 周J=93.74 月J=12.58 MA20=1.917 MA60=1.867 多头=1 价=1.98 涨=0.66%  PE=16.28(89.28%) PB=None(None%)
2026-08-28 16:54:37  [  8] 510500 中证500ETF南方  完成  日J=50.37 周J=33.04 月J=37.37 MA20=7.889 MA60=8.121 多头=0 价=7.92 涨=-0.66%  PE=28.17(73.07%) PB=2.48(79.6%)
2026-08-28 16:54:37  [ 15] 512170 医疗ETF华宝  完成  日J=9.33 周J=82.44 月J=37.94 MA20=0.346 MA60=0.322 多头=1 价=0.34 涨=-1.73%  PE=29.45(30.29%) PB=3.54(14.76%)
2026-08-28 16:54:37  [ 16] 512100 中证1000ETF南方  完成  日J=55.29 周J=45.65 月J=29.25 MA20=3.087 MA60=3.198 多头=0 价=3.13 涨=-0.22%  PE=32.66(70.91%) PB=2.44(49.92%)
2026-08-28 16:54:37  [ 20] 159326 电网设备ETF华夏  完成  日J=35.06 周J=27.38 月J=24.25 MA20=1.687 MA60=1.814 多头=0 价=1.68 涨=-0.94%  PE=12.62(84.86%) PB=None(None%)
2026-08-28 16:54:38  [ 18] 510050 上证50ETF华夏  完成  日J=95.65 周J=52.89 月J=38.06 MA20=3.022 MA60=3.021 多头=1 价=3.04 涨=0.0%  PE=11.7(81.71%) PB=1.25(59.48%)
2026-08-28 16:54:38  [ 21] 515450 红利低波50ETF南方  完成  日J=52.05 周J=66.4 月J=63.75 MA20=1.406 MA60=1.39 多头=1 价=1.4 涨=-0.28%  PE=8.41(77.28%) PB=0.87(61.24%)
2026-08-28 16:54:38  [ 19] 510880 红利ETF华泰柏瑞  完成  日J=93.94 周J=113.51 月J=83.57 MA20=3.34 MA60=3.214 多头=1 价=3.46 涨=0.17%  PE=8.78(79.82%) PB=0.86(62.44%)
2026-08-28 16:54:38  [ 17] 159819 人工智能ETF易方达  完成  日J=30.66 周J=6.94 月J=35.85 MA20=1.789 MA60=1.921 多头=0 价=1.74 涨=-0.97%  PE=47.78(60.49%) PB=None(None%)
2026-08-28 16:54:38  [ 23] 515180 红利ETF易方达  完成  日J=94.53 周J=112.11 月J=66.17 MA20=1.427 MA60=1.386 多头=1 价=1.46 涨=0.07%  PE=8.56(60.78%) PB=0.85(49.92%)
2026-08-28 16:54:38  [ 24] 515050 通信ETF华夏  完成  日J=40.4 周J=27.67 月J=39.39 MA20=1.028 MA60=1.142 多头=0 价=1.04 涨=-0.95%  PE=49.6(94.84%) PB=None(None%)
2026-08-28 16:54:38  [ 28] 159530 机器人ETF易方达  完成  日J=18.16 周J=11.53 月J=8.19 MA20=1.374 MA60=1.459 多头=0 价=1.32 涨=-1.12%  PE=None(None%) PB=None(None%)
2026-08-28 16:54:39  [ 29] 159201 自由现金流ETF华夏  完成  日J=96.57 周J=115.74 月J=20.14 MA20=1.179 MA60=1.146 多头=1 价=1.2 涨=0.93%  PE=None(None%) PB=None(None%)
2026-08-28 16:54:39  [ 22] 512480 半导体ETF国联安  完成  日J=38.45 周J=8.12 月J=37.78 MA20=1.048 MA60=1.154 多头=0 价=1.04 涨=-2.16%  PE=91.56(88.23%) PB=None(None%)
2026-08-28 16:54:39  [ 27] 159781 科创创业ETF易方达  完成  日J=20.94 周J=6.63 月J=31.38 MA20=1.114 MA60=1.219 多头=0 价=1.08 涨=-1.55%  PE=42.92(60.12%) PB=None(None%)
2026-08-28 16:54:39  [ 25] 562500 机器人ETF华夏  完成  日J=24.55 周J=13.22 月J=11.72 MA20=0.986 MA60=1.044 多头=0 价=0.95 涨=-1.14%  PE=53.02(54.03%) PB=None(None%)
2026-08-28 16:54:39  [ 30] 159992 创新药ETF银华  完成  日J=10.94 周J=69.67 月J=63.39 MA20=0.891 MA60=0.836 多头=1 价=0.86 涨=-1.49%  PE=29.33(36.45%) PB=None(None%)
2026-08-28 16:54:39  [ 26] 510180 上证180ETF华安  完成  日J=66.75 周J=48.77 月J=32.08 MA20=3.984 MA60=4.002 多头=0 价=3.99 涨=0.0%  PE=12.24(71.12%) PB=1.24(45.72%)
2026-08-28 16:54:40  [ 32] 159928 消费ETF汇添富  完成  日J=73.75 周J=80.99 月J=31.73 MA20=0.672 MA60=0.654 多头=1 价=0.67 涨=0.75%  PE=19.68(18.53%) PB=3.45(2.08%)
2026-08-28 16:54:40  [ 31] 517520 黄金股ETF永赢  完成  日J=76.5 周J=112.33 月J=16.3 MA20=2.105 MA60=1.865 多头=1 价=2.29 涨=1.74%  PE=21.25(49.53%) PB=None(None%)
2026-08-28 16:54:40  [ 33] 512010 医药ETF易方达  完成  日J=15.43 周J=72.4 月J=62.58 MA20=0.391 MA60=0.365 多头=1 价=0.38 涨=-1.55%  PE=23.64(5.0%) PB=None(None%)
2026-08-28 16:54:40  [ 36] 159870 化工ETF鹏华  完成  日J=98.84 周J=64.85 月J=25.85 MA20=0.809 MA60=0.815 多头=0 价=0.83 涨=1.83%  PE=22.61(58.89%) PB=None(None%)
2026-08-28 16:54:40  [ 39] 159206 卫星ETF永赢  完成  日J=17.25 周J=24.45 月J=0.98 MA20=1.382 MA60=1.49 多头=0 价=1.34 涨=-1.04%  PE=None(None%) PB=None(None%)
2026-08-28 16:54:41  [ 35] 515220 煤炭ETF国泰  完成  日J=102.68 周J=118.02 月J=56.04 MA20=1.261 MA60=1.212 多头=1 价=1.35 涨=0.67%  PE=19.69(88.87%) PB=1.86(98.8%)
2026-08-28 16:54:41  [ 37] 512690 酒ETF鹏华  完成  日J=16.12 周J=68.28 月J=21.66 MA20=0.433 MA60=0.419 多头=1 价=0.42 涨=-0.24%  PE=18.99(14.45%) PB=None(None%)
2026-08-28 16:54:41  [ 34] 510210 上证指数ETF富国  完成  日J=67.56 周J=71.01 月J=31.46 MA20=1.0 MA60=1.002 多头=0 价=1.01 涨=0.0%  PE=15.49(75.92%) PB=None(None%)
2026-08-28 16:54:41  [ 38] 512070 证券保险ETF易方达  完成  日J=122.29 周J=57.45 月J=17.58 MA20=0.793 MA60=0.793 多头=0 价=0.81 涨=-0.12%  PE=9.82(2.57%) PB=None(None%)
2026-08-28 16:54:41  [ 40] 513630 港股低波红利ETF摩根  完成  日J=55.57 周J=83.62 月J=36.49 MA20=1.586 MA60=1.555 多头=1 价=1.59 涨=-0.19%  PE=None(None%) PB=None(None%)
2026-08-28 16:54:42  [ 42] 516650 有色金属ETF华夏  完成  日J=100.62 周J=98.5 月J=8.65 MA20=1.872 MA60=1.807 多头=1 价=1.93 涨=0.57%  PE=20.05(27.15%) PB=None(None%)
2026-08-28 16:54:42  [ 43] 159611 电力ETF广发  完成  日J=91.14 周J=38.15 月J=7.49 MA20=1.051 MA60=1.064 多头=0 价=1.04 涨=-0.29%  PE=16.17(71.76%) PB=None(None%)
2026-08-28 16:54:42  [ 48] 159755 电池ETF广发  完成  日J=20.38 周J=32.04 月J=0.4 MA20=0.965 MA60=1.006 多头=0 价=0.95 涨=-0.31%  PE=24.51(35.36%) PB=3.38(45.92%)
2026-08-28 16:54:42  [ 46] 560860 工业有色ETF万家  完成  日J=95.48 周J=79.54 月J=15.48 MA20=1.636 MA60=1.609 多头=1 价=1.67 涨=0.36%  PE=61.59(31.84%) PB=None(None%)
2026-08-28 16:54:42  [ 45] 159852 软件ETF嘉实  完成  日J=53.96 周J=51.11 月J=-1.35 MA20=0.703 MA60=0.694 多头=1 价=0.69 涨=0.88%  PE=54.96(48.64%) PB=None(None%)
2026-08-28 16:54:42  [ 47] 159869 游戏ETF华夏  完成  日J=37.13 周J=65.2 月J=-2.13 MA20=1.112 MA60=1.09 多头=1 价=1.08 涨=0.09%  PE=19.35(14.0%) PB=None(None%)
2026-08-28 16:54:42  [ 44] 512800 银行ETF华宝  完成  日J=74.19 周J=86.42 月J=79.03 MA20=0.811 MA60=0.792 多头=1 价=0.82 涨=0.12%  PE=6.83(78.12%) PB=0.68(43.48%)
2026-08-28 16:54:42  [ 51] 159263 价值ETF易方达  完成  日J=97.63 周J=95.39 月J=53.36 MA20=1.148 MA60=1.118 多头=1 价=1.16 涨=0.0%  PE=None(None%) PB=None(None%)
2026-08-28 16:54:43  [ 41] 512760 芯片ETF国泰  完成  日J=36.06 周J=5.06 月J=37.1 MA20=1.117 MA60=1.23 多头=0 价=1.1 涨=-2.14%  PE=89.93(77.48%) PB=None(None%)
2026-08-28 16:54:43  [ 50] 512710 军工龙头ETF富国  完成  日J=60.54 周J=38.71 月J=-8.3 MA20=0.619 MA60=0.637 多头=0 价=0.62 涨=0.49%  PE=None(None%) PB=None(None%)
2026-08-28 16:54:43  [ 53] 159363 创业板人工智能ETF华宝  完成  日J=22.33 周J=37.1 月J=41.22 MA20=1.235 MA60=1.323 多头=0 价=1.22 涨=-0.97%  PE=None(None%) PB=None(None%)
2026-08-28 16:54:43  [ 49] 159307 红利低波100ETF博时  完成  日J=86.43 周J=73.57 月J=56.8 MA20=1.03 MA60=1.015 多头=1 价=1.03 涨=0.29%  PE=8.71(79.7%) PB=None(None%)
2026-08-28 16:54:44  [ 54] 516150 稀土ETF嘉实  完成  日J=47.21 周J=39.32 月J=11.44 MA20=1.764 MA60=1.834 多头=0 价=1.75 涨=-0.68%  PE=30.09(34.19%) PB=None(None%)
2026-08-28 16:54:44  [ 58] 588220 科创100ETF鹏华  完成  日J=29.21 周J=33.32 月J=41.62 MA20=1.774 MA60=1.855 多头=0 价=1.78 涨=-1.99%  PE=None(None%) PB=None(None%)
2026-08-28 16:54:44  [ 57] 159851 金融科技ETF华宝  完成  日J=102.81 周J=75.02 月J=4.52 MA20=0.629 MA60=0.622 多头=1 价=0.64 涨=-0.31%  PE=33.38(13.5%) PB=None(None%)
2026-08-28 16:54:44  [ 56] 512660 军工ETF国泰  完成  日J=43.76 周J=33.19 月J=-4.24 MA20=1.13 MA60=1.177 多头=0 价=1.12 涨=0.18%  PE=46.39(14.97%) PB=3.25(53.36%)
2026-08-28 16:54:44  [ 52] 563300 中证2000ETF华泰柏瑞  完成  日J=66.76 周J=57.89 月J=34.01 MA20=1.406 MA60=1.455 多头=0 价=1.44 涨=0.07%  PE=40.24(69.3%) PB=None(None%)
2026-08-28 16:54:44  [ 55] 159865 养殖ETF国泰  完成  日J=91.17 周J=106.67 月J=23.72 MA20=0.537 MA60=0.523 多头=1 价=0.55 涨=0.74%  PE=23.41(55.72%) PB=None(None%)
2026-08-28 16:54:44  [ 59] 515980 人工智能ETF华富  完成  日J=37.72 周J=15.28 月J=38.0 MA20=1.041 MA60=1.114 多头=0 价=1.02 涨=-0.68%  PE=51.3(82.15%) PB=None(None%)
2026-08-28 16:54:44  [ 62] 159967 创业板成长ETF华夏  完成  日J=14.4 周J=22.3 月J=34.28 MA20=0.798 MA60=0.876 多头=0 价=0.78 涨=-1.52%  PE=None(None%) PB=None(None%)
2026-08-28 16:54:45  [ 63] 561980 半导体设备ETF招商  完成  日J=32.52 周J=10.74 月J=51.29 MA20=0.703 MA60=0.741 多头=0 价=0.69 涨=-2.95%  PE=None(None%) PB=None(None%)
2026-08-28 16:54:45  [ 61] 159259 成长ETF易方达  完成  日J=40.36 周J=26.08 月J=38.25 MA20=1.328 MA60=1.467 多头=0 价=1.34 涨=-1.62%  PE=None(None%) PB=None(None%)
2026-08-28 16:54:45  [ 60] 512950 央企改革ETF华夏  完成  日J=58.02 周J=43.48 月J=36.65 MA20=1.509 MA60=1.525 多头=0 价=1.51 涨=-0.26%  PE=15.89(84.41%) PB=None(None%)
2026-08-28 16:54:45  全部完成，结果已写入 /home/runner/work/daily-stock-metrics/daily-stock-metrics/output_etf/2026-08-28/metrics_2026-08-28.csv
2026-08-28 16:54:45  步骤2完成 -> /home/runner/work/daily-stock-metrics/daily-stock-metrics/output_etf/2026-08-28/metrics_2026-08-28.csv
2026-08-28 16:54:45  步骤3: 生成 HTML 总结报告...
2026-08-28 16:54:46  步骤3完成 -> /home/runner/work/daily-stock-metrics/daily-stock-metrics/output_etf/2026-08-28/report_2026-08-28.html
2026-08-28 16:54:46  步骤4: 发送邮件报告...
2026-08-28 16:54:49  步骤4完成: 邮件已发送
2026-08-28 16:54:49  ===== 全部完成 2026-08-28 =====
