2026-09-04 20:55:25  ===== 开始每日港股通指标任务 2026-09-04 =====
2026-09-04 20:55:25  步骤1: 获取港股通总市值前100标的...
获取港股通标的列表(共取市值前 100 只)...
接口返回 100 只港股通标的
2026-09-04 20:55:26  步骤1完成 -> /home/runner/work/daily-stock-metrics/daily-stock-metrics/output_hk/2026-09-04/hk_list_2026-09-04.csv
2026-09-04 20:55:26  步骤2: 计算 KDJ-J(日/周/月)...
2026-09-04 20:55:26  步骤2: 计算指标...
2026-09-04 20:55:26  观察池: 共102只(含历史追踪2只)
2026-09-04 20:55:26  待处理 102 条，并发数 8
2026-09-04 20:55:29  [  4] 03750 宁德时代  完成  日J=6.64 周J=15.15 月J=29.85 MA20=622.925 MA60=643.067 多头=0 价=574.5 涨=1.23%  PE=27.59(None%) PB=6.09(None%)
2026-09-04 20:55:30  [  7] 09988 阿里巴巴-W  完成  日J=19.75 周J=59.51 月J=20.14 MA20=118.23 MA60=111.956 多头=1 价=110.1 涨=2.42%  PE=25.77(None%) PB=1.74(None%)
2026-09-04 20:55:30  [  1] 00700 腾讯控股  完成  日J=14.95 周J=31.42 月J=8.05 MA20=448.9 MA60=452.863 多头=0 价=442.8 涨=2.26%  PE=15.1(None%) PB=3.08(None%)
2026-09-04 20:55:30  [  5] 00939 建设银行  完成  日J=89.42 周J=105.73 月J=102.95 MA20=9.165 MA60=8.753 多头=1 价=9.76 涨=2.04%  PE=6.5(None%) PB=0.62(None%)
2026-09-04 20:55:30  [  6] 01288 农业银行  完成  日J=75.87 周J=98.97 月J=99.18 MA20=6.181 MA60=5.898 多头=1 价=6.54 涨=2.27%  PE=6.78(None%) PB=0.7(None%)
2026-09-04 20:55:30  [  3] 01398 工商银行  完成  日J=75.31 周J=101.16 月J=97.8 MA20=7.417 MA60=7.115 多头=1 价=7.7 涨=1.99%  PE=6.47(None%) PB=0.6(None%)
2026-09-04 20:55:30  [  8] 03988 中国银行  完成  日J=89.63 周J=105.99 月J=101.31 MA20=5.541 MA60=5.323 多头=1 价=6.07 涨=1.93%  PE=6.92(None%) PB=0.62(None%)
2026-09-04 20:55:30  [  2] 00005 汇丰控股  完成  日J=93.05 周J=73.8 月J=93.85 MA20=162.17 MA60=157.103 多头=1 价=166.7 涨=1.96%  PE=15.18(None%) PB=2.11(None%)
2026-09-04 20:55:32  [ 13] 03308 中际旭创  完成  日J=13.36 周J=30.59 月J=None MA20=1074.5 MA60=None 多头=None 价=1006.0 涨=1.11%  PE=50.88(None%) PB=24.45(None%)
2026-09-04 20:55:32  [  9] 00857 中国石油股份  完成  日J=41.95 周J=104.97 月J=40.26 MA20=9.905 MA60=9.616 多头=1 价=10.16 涨=1.4%  PE=9.28(None%) PB=0.99(None%)
2026-09-04 20:55:32  [ 10] 00941 中国移动  完成  日J=31.36 周J=46.25 月J=29.97 MA20=80.955 MA60=80.462 多头=1 价=79.65 涨=0.5%  PE=11.5(None%) PB=1.03(None%)
2026-09-04 20:55:32  [ 16] 02899 紫金矿业  完成  日J=26.95 周J=90.88 月J=37.49 MA20=36.552 MA60=33.037 多头=1 价=36.6 涨=0.72%  PE=12.66(None%) PB=4.19(None%)
2026-09-04 20:55:32  [ 11] 03968 招商银行  完成  日J=102.29 周J=99.31 月J=98.81 MA20=49.546 MA60=48.138 多头=1 价=53.35 涨=2.79%  PE=7.82(None%) PB=1.02(None%)
2026-09-04 20:55:32  [ 14] 02318 中国平安  完成  日J=65.47 周J=84.59 月J=15.43 MA20=55.96 MA60=55.411 多头=1 价=57.15 涨=0.35%  PE=5.71(None%) PB=0.87(None%)
2026-09-04 20:55:32  [ 15] 01088 中国神华  完成  日J=20.85 周J=106.18 月J=57.88 MA20=44.675 MA60=43.138 多头=1 价=45.74 涨=2.14%  PE=15.91(None%) PB=1.88(None%)
2026-09-04 20:55:32  [ 12] 00883 中国海洋石油  完成  日J=35.14 周J=112.17 月J=34.2 MA20=24.655 MA60=23.35 多头=1 价=25.06 涨=1.29%  PE=7.55(None%) PB=1.21(None%)
2026-09-04 20:55:34  [ 17] 02628 中国人寿  完成  日J=81.23 周J=90.53 月J=48.06 MA20=28.465 MA60=28.517 多头=0 价=30.9 涨=3.28%  PE=3.11(None%) PB=1.14(None%)
2026-09-04 20:55:34  [ 18] 01299 友邦保险  完成  日J=81.47 周J=73.16 月J=20.89 MA20=74.305 MA60=74.814 多头=0 价=77.5 涨=0.26%  PE=12.87(None%) PB=2.51(None%)
2026-09-04 20:55:34  [ 20] 00300 美的集团  完成  日J=77.43 周J=100.3 月J=104.45 MA20=98.123 MA60=93.108 多头=1 价=100.8 涨=0.3%  PE=15.2(None%) PB=3.13(None%)
2026-09-04 20:55:34  [ 21] 01810 小米集团-W  完成  日J=45.97 周J=67.41 月J=37.67 MA20=27.344 MA60=26.34 多头=1 价=28.44 涨=3.64%  PE=19.59(None%) PB=2.36(None%)
2026-09-04 20:55:34  [ 19] 01211 比亚迪股份  完成  日J=1.69 周J=53.45 月J=44.14 MA20=89.87 MA60=86.89 多头=1 价=86.15 涨=0.53%  PE=23.59(None%) PB=2.84(None%)
2026-09-04 20:55:34  [ 23] 01658 邮储银行  完成  日J=87.21 周J=94.14 月J=94.6 MA20=5.025 MA60=4.927 多头=1 价=5.48 涨=1.86%  PE=6.45(None%) PB=0.55(None%)
2026-09-04 20:55:34  [ 24] 09999 网易  完成  日J=13.11 周J=12.2 月J=35.33 MA20=193.945 MA60=198.097 多头=0 价=189.1 涨=3.33%  PE=16.41(None%) PB=3.15(None%)
2026-09-04 20:55:34  [ 22] 03328 交通银行  完成  日J=83.94 周J=103.72 月J=105.47 MA20=7.534 MA60=7.288 多头=1 价=7.99 涨=1.59%  PE=6.38(None%) PB=0.52(None%)
2026-09-04 20:55:36  [ 27] 02359 药明康德  完成  日J=19.08 周J=72.64 月J=83.5 MA20=198.81 MA60=167.71 多头=1 价=191.1 涨=-0.57%  PE=22.94(None%) PB=5.9(None%)
2026-09-04 20:55:36  [ 25] 00386 中国石油化工股份  完成  日J=74.39 周J=110.45 月J=39.5 MA20=4.521 MA60=4.315 多头=1 价=4.79 涨=1.38%  PE=14.3(None%) PB=0.6(None%)
2026-09-04 20:55:36  [ 31] 03690 美团-W  完成  日J=79.41 周J=40.93 月J=50.9 MA20=83.74 MA60=81.691 多头=1 价=81.75 涨=5.28%  PE=-11.83(None%) PB=2.59(None%)
2026-09-04 20:55:36  [ 32] 02513 智谱  完成  日J=43.08 周J=11.46 月J=21.34 MA20=1133.45 MA60=1379.0 多头=0 价=1075.0 涨=-2.98%  PE=-99.94(None%) PB=94.24(None%)
2026-09-04 20:55:36  [ 26] 00981 中芯国际  完成  日J=21.79 周J=23.65 月J=38.88 MA20=69.735 MA60=72.777 多头=0 价=67.2 涨=-1.25%  PE=70.84(None%) PB=2.92(None%)
2026-09-04 20:55:36  [ 28] 02388 中银香港  完成  日J=98.0 周J=100.08 月J=99.93 MA20=50.874 MA60=48.684 多头=1 价=52.85 涨=1.44%  PE=13.4(None%) PB=1.55(None%)
2026-09-04 20:55:36  [ 29] 00388 香港交易所  完成  日J=12.46 周J=88.24 月J=64.28 MA20=412.9 MA60=396.74 多头=1 价=408.8 涨=1.34%  PE=26.17(None%) PB=8.54(None%)
2026-09-04 20:55:36  [ 30] 02888 渣打集团  完成  日J=76.64 周J=79.77 月J=97.28 MA20=233.57 MA60=224.818 多头=1 价=237.4 涨=1.71%  PE=12.27(None%) PB=1.43(None%)
2026-09-04 20:55:38  [ 35] 02475 立讯精密  完成  日J=28.94 周J=60.73 月J=None MA20=61.56 MA60=None 多头=None 价=59.0 涨=-2.07%  PE=22.69(None%) PB=4.03(None%)
2026-09-04 20:55:38  [ 36] 02259 紫金黄金国际  完成  日J=72.3 周J=113.15 月J=31.28 MA20=147.725 MA60=121.667 多头=1 价=162.9 涨=1.69%  PE=22.07(None%) PB=5.95(None%)
2026-09-04 20:55:38  [ 33] 09633 农夫山泉  完成  日J=23.88 周J=58.09 月J=15.52 MA20=42.698 MA60=42.296 多头=1 价=42.4 涨=2.12%  PE=24.53(None%) PB=11.14(None%)
2026-09-04 20:55:38  [ 34] 00998 中信银行  完成  日J=82.16 周J=112.75 月J=93.2 MA20=7.908 MA60=7.457 多头=1 价=8.48 涨=1.56%  PE=5.79(None%) PB=0.55(None%)
2026-09-04 20:55:38  [ 37] 06030 中信证券  完成  日J=58.61 周J=40.97 月J=53.35 MA20=26.807 MA60=27.197 多头=0 价=27.28 涨=1.87%  PE=9.45(None%) PB=1.19(None%)
2026-09-04 20:55:38  [ 38] 00728 中国电信  完成  日J=-8.69 周J=80.0 月J=28.44 MA20=4.744 MA60=4.638 多头=1 价=4.66 涨=0.54%  PE=12.51(None%) PB=0.78(None%)
2026-09-04 20:55:38  [ 39] 00267 中信股份  完成  日J=88.9 周J=114.61 月J=88.9 MA20=12.687 MA60=12.096 多头=1 价=13.91 涨=4.82%  PE=5.81(None%) PB=0.44(None%)
2026-09-04 20:55:38  [ 40] 00992 联想集团  完成  日J=93.32 周J=70.31 月J=96.4 MA20=30.745 MA60=25.877 多头=1 价=32.4 涨=6.09%  PE=64.42(None%) PB=7.11(None%)
2026-09-04 20:55:40  [ 41] 02328 中国财险  完成  日J=89.89 周J=95.2 月J=95.78 MA20=16.154 MA60=15.426 多头=1 价=17.55 涨=0.57%  PE=7.09(None%) PB=1.12(None%)
2026-09-04 20:55:40  [ 42] 03993 洛阳钼业  完成  日J=25.26 周J=53.56 月J=4.56 MA20=17.212 MA60=16.919 多头=1 价=16.45 涨=-1.02%  PE=11.14(None%) PB=3.41(None%)
2026-09-04 20:55:40  [ 45] 03986 兆易创新  完成  日J=18.24 周J=2.31 月J=9.62 MA20=494.705 MA60=645.548 多头=0 价=464.8 涨=-0.43%  PE=36.0(None%) PB=7.6(None%)
2026-09-04 20:55:40  [ 43] 00016 新鸿基地产  完成  日J=29.78 周J=65.8 月J=33.42 MA20=119.655 MA60=118.48 多头=1 价=119.5 涨=3.64%  PE=15.74(None%) PB=0.56(None%)
2026-09-04 20:55:40  [ 46] 06809 澜起科技  完成  日J=26.01 周J=7.1 月J=27.65 MA20=273.41 MA60=321.177 多头=0 价=261.6 涨=1.24%  PE=91.13(None%) PB=12.91(None%)
2026-09-04 20:55:40  [ 47] 01276 恒瑞医药  完成  日J=33.65 周J=1.13 月J=-5.4 MA20=50.352 MA60=54.836 多头=0 价=46.5 涨=0.74%  PE=35.08(None%) PB=4.16(None%)
2026-09-04 20:55:40  [ 44] 06160 百济神州  完成  日J=29.23 周J=82.39 月J=82.3 MA20=220.18 MA60=194.868 多头=1 价=220.8 涨=1.19%  PE=66.46(None%) PB=8.39(None%)
2026-09-04 20:55:41  [ 48] 02601 中国太保  完成  日J=87.46 周J=97.91 月J=21.97 MA20=29.517 MA60=29.304 多头=1 价=31.48 涨=1.16%  PE=4.73(None%) PB=0.82(None%)
2026-09-04 20:55:42  [ 52] 02611 国泰海通  完成  日J=38.94 周J=61.87 月J=43.0 MA20=14.911 MA60=14.884 多头=1 价=15.42 涨=1.72%  PE=7.36(None%) PB=0.71(None%)
2026-09-04 20:55:42  [ 49] 02338 潍柴动力  完成  日J=62.18 周J=34.27 月J=43.09 MA20=33.203 MA60=34.182 多头=0 价=32.14 涨=2.82%  PE=18.79(None%) PB=2.52(None%)
2026-09-04 20:55:42  [ 50] 01339 中国人民保险集团  完成  日J=97.84 周J=99.2 月J=42.66 MA20=5.405 MA60=5.249 多头=1 价=6.25 涨=1.71%  PE=4.25(None%) PB=0.7(None%)
2026-09-04 20:55:42  [ 51] 02378 保诚  完成  日J=57.34 周J=31.04 月J=30.22 MA20=108.525 MA60=108.648 多头=0 价=110.1 涨=2.99%  PE=9.69(None%) PB=1.78(None%)
2026-09-04 20:55:42  [ 54] 01919 中远海控  完成  日J=-2.92 周J=78.34 月J=73.03 MA20=16.72 MA60=15.202 多头=1 价=16.22 涨=-4.76%  PE=8.16(None%) PB=0.92(None%)
2026-09-04 20:55:42  [ 53] 00001 长和  完成  日J=40.53 周J=57.34 月J=81.81 MA20=70.392 MA60=69.932 多头=1 价=69.85 涨=1.38%  PE=7.08(None%) PB=0.46(None%)
2026-09-04 20:55:42  [ 55] 00669 创科实业  完成  日J=31.41 周J=46.84 月J=81.57 MA20=139.38 MA60=132.088 多头=1 价=134.8 涨=3.22%  PE=24.19(None%) PB=4.22(None%)
2026-09-04 20:55:43  [ 56] 01378 中国宏桥  完成  日J=54.59 周J=82.92 月J=-2.26 MA20=23.286 MA60=22.911 多头=1 价=23.4 涨=0.6%  PE=7.34(None%) PB=1.5(None%)
2026-09-04 20:55:44  [ 57] 02714 牧原股份  完成  日J=101.95 周J=112.4 月J=41.11 MA20=34.763 MA60=32.768 多头=1 价=39.12 涨=9.21%  PE=-161.53(None%) PB=2.48(None%)
2026-09-04 20:55:44  [ 60] 06951 三环集团  完成  日J=26.46 周J=56.81 月J=None MA20=114.405 MA60=None 多头=None 价=107.9 涨=-2.18%  PE=57.19(None%) PB=7.93(None%)
2026-09-04 20:55:44  [ 58] 03692 翰森制药  完成  日J=94.16 周J=98.68 月J=40.04 MA20=34.026 MA60=32.322 多头=1 价=36.24 涨=0.78%  PE=28.86(None%) PB=5.05(None%)
2026-09-04 20:55:44  [ 59] 01109 华润置地  完成  日J=28.4 周J=43.66 月J=17.96 MA20=33.083 MA60=32.969 多头=1 价=30.5 涨=0.13%  PE=8.22(None%) PB=0.65(None%)
2026-09-04 20:55:44  [ 62] 09992 泡泡玛特  完成  日J=27.1 周J=47.0 月J=3.8 MA20=153.665 MA60=158.588 多头=0 价=154.0 涨=0.39%  PE=13.74(None%) PB=7.72(None%)
2026-09-04 20:55:44  [ 61] 02020 安踏体育  完成  日J=49.6 周J=57.3 月J=51.32 MA20=74.845 MA60=74.247 多头=1 价=76.1 涨=0.33%  PE=11.66(None%) PB=2.58(None%)
2026-09-04 20:55:45  [ 63] 00066 港铁公司  完成  日J=44.79 周J=80.66 月J=29.28 MA20=32.779 MA60=32.141 多头=1 价=32.94 涨=2.43%  PE=8.98(None%) PB=1.0(None%)
2026-09-04 20:55:45  [ 64] 02269 药明生物  完成  日J=13.82 周J=80.77 月J=82.47 MA20=48.604 MA60=40.494 多头=1 价=49.18 涨=-3.0%  PE=35.97(None%) PB=3.68(None%)
2026-09-04 20:55:46  [ 65] 06690 海尔智家  完成  日J=68.22 周J=57.4 月J=22.99 MA20=21.252 MA60=21.02 多头=1 价=21.62 涨=2.08%  PE=9.89(None%) PB=1.47(None%)
2026-09-04 20:55:46  [ 67] 02476 胜宏科技  完成  日J=-5.73 周J=26.89 月J=-1.53 MA20=230.495 MA60=262.335 多头=0 价=197.5 涨=-1.74%  PE=33.97(None%) PB=4.45(None%)
2026-09-04 20:55:46  [ 66] 00002 中电控股  完成  日J=18.71 周J=70.67 月J=83.55 MA20=78.333 MA60=76.546 多头=1 价=77.25 涨=0.85%  PE=18.0(None%) PB=1.77(None%)
2026-09-04 20:55:46  [ 70] 06031 三一重工  完成  日J=81.53 周J=50.11 月J=17.99 MA20=19.057 MA60=19.634 多头=0 价=20.06 涨=2.5%  PE=18.19(None%) PB=1.74(None%)
2026-09-04 20:55:46  [ 68] 01347 华虹宏力  完成  日J=44.11 周J=-6.21 月J=18.19 MA20=123.56 MA60=148.952 多头=0 价=109.7 涨=-8.43%  PE=237.59(None%) PB=3.41(None%)
2026-09-04 20:55:47  [ 69] 00175 吉利汽车  完成  日J=10.95 周J=18.74 月J=15.42 MA20=18.104 MA60=18.454 多头=0 价=17.28 涨=0.35%  PE=9.82(None%) PB=1.71(None%)
2026-09-04 20:55:47  [ 71] 01801 信达生物  完成  日J=16.42 周J=79.57 月J=80.08 MA20=100.395 MA60=90.428 多头=1 价=102.4 涨=-0.19%  PE=124.99(None%) PB=7.45(None%)
2026-09-04 20:55:47  [ 72] 00762 中国联通  完成  日J=26.43 周J=13.33 月J=2.65 MA20=5.896 MA60=6.363 多头=0 价=5.63 涨=0.45%  PE=9.54(None%) PB=0.4(None%)
2026-09-04 20:55:47  [ 74] 03288 海天味业  完成  日J=4.64 周J=9.39 月J=1.35 MA20=30.867 MA60=31.088 多头=0 价=28.5 涨=1.93%  PE=20.02(None%) PB=3.71(None%)
2026-09-04 20:55:48  [ 73] 06818 中国光大银行  完成  日J=20.8 周J=19.29 月J=6.21 MA20=2.974 MA60=3.07 多头=0 价=2.87 涨=1.78%  PE=4.51(None%) PB=0.29(None%)
2026-09-04 20:55:48  [ 75] 06936 顺丰控股  完成  日J=32.95 周J=51.01 月J=40.74 MA20=32.25 MA60=31.818 多头=1 价=31.64 涨=2.39%  PE=13.46(None%) PB=1.41(None%)
2026-09-04 20:55:48  [ 76] 01113 长实集团  完成  日J=76.86 周J=72.08 月J=50.44 MA20=46.385 MA60=46.284 多头=1 价=47.34 涨=2.11%  PE=12.52(None%) PB=0.41(None%)
2026-09-04 20:55:48  [ 77] 02423 贝壳-W  完成  日J=49.97 周J=99.93 月J=79.85 MA20=45.78 MA60=42.986 多头=1 价=47.96 涨=3.27%  PE=30.43(None%) PB=2.2(None%)
2026-09-04 20:55:49  [ 78] 01038 长江基建集团  完成  日J=29.2 周J=90.09 月J=78.42 MA20=64.458 MA60=61.845 多头=1 价=65.05 涨=0.08%  PE=6.51(None%) PB=1.11(None%)
2026-09-04 20:55:49  [ 79] 06886 华泰证券  完成  日J=94.0 周J=102.36 月J=43.92 MA20=17.116 MA60=16.956 多头=1 价=18.07 涨=2.96%  PE=6.99(None%) PB=0.79(None%)
2026-09-04 20:55:49  [ 80] 00788 中国铁塔  完成  日J=25.5 周J=19.7 月J=5.17 MA20=9.29 MA60=9.395 多头=0 价=9.06 涨=-1.15%  PE=10.5(None%) PB=0.67(None%)
2026-09-04 20:55:50  [ 81] 01988 民生银行  完成  日J=95.06 周J=77.62 月J=43.27 MA20=3.457 MA60=3.432 多头=1 价=3.61 涨=1.83%  PE=4.81(None%) PB=0.24(None%)
2026-09-04 20:55:50  [ 82] 01336 新华保险  完成  日J=88.79 周J=91.74 月J=15.72 MA20=47.019 MA60=47.984 多头=0 价=50.6 涨=2.93%  PE=3.15(None%) PB=1.11(None%)
2026-09-04 20:55:50  [ 83] 01816 中广核电力  完成  日J=93.35 周J=112.91 月J=27.01 MA20=2.904 MA60=2.853 多头=1 价=3.09 涨=1.31%  PE=13.78(None%) PB=1.1(None%)
2026-09-04 20:55:51  [ 84] 01766 中国中车  完成  日J=45.31 周J=108.78 月J=50.6 MA20=5.189 MA60=4.996 多头=1 价=5.37 涨=2.09%  PE=9.72(None%) PB=0.76(None%)
2026-09-04 20:55:51  [ 85] 02600 中国铝业  完成  日J=77.32 周J=96.15 月J=-2.57 MA20=8.51 MA60=8.315 多头=1 价=8.76 涨=0.0%  PE=7.53(None%) PB=1.54(None%)
2026-09-04 20:55:51  [ 88] 09973 奇瑞汽车  完成  日J=15.15 周J=58.48 月J=16.96 MA20=25.788 MA60=25.683 多头=1 价=25.36 涨=-0.39%  PE=7.26(None%) PB=2.36(None%)
2026-09-04 20:55:51  [ 86] 01898 中煤能源  完成  日J=3.67 周J=90.74 月J=17.5 MA20=11.412 MA60=10.887 多头=1 价=11.3 涨=-1.22%  PE=8.59(None%) PB=0.78(None%)
2026-09-04 20:55:51  [ 87] 00027 银河娱乐  完成  日J=35.22 周J=77.0 月J=27.65 MA20=34.375 MA60=32.458 多头=1 价=33.9 涨=1.38%  PE=13.86(None%) PB=1.75(None%)
2026-09-04 20:55:52  [ 89] 03606 福耀玻璃  完成  日J=70.74 周J=69.45 月J=38.29 MA20=56.182 MA60=54.376 多头=1 价=56.35 涨=1.62%  PE=15.3(None%) PB=3.35(None%)
2026-09-04 20:55:52  [ 91] 01024 快手-W  完成  日J=31.94 周J=-1.0 月J=-8.72 MA20=36.5 MA60=41.411 多头=0 价=33.66 涨=2.75%  PE=8.17(None%) PB=1.54(None%)
2026-09-04 20:55:52  [ 90] 01776 广发证券  完成  日J=66.88 周J=91.53 月J=81.82 MA20=17.724 MA60=17.318 多头=1 价=18.75 涨=2.29%  PE=6.83(None%) PB=0.92(None%)
2026-09-04 20:55:53  [ 96] 01377 鼎泰高科  完成  日J=10.31 周J=34.67 月J=None MA20=346.19 MA60=None 多头=None 价=320.0 涨=2.24%  PE=124.85(None%) PB=36.61(None%)
2026-09-04 20:55:53  [ 92] 00688 中国海外发展  完成  日J=36.64 周J=58.01 月J=25.95 MA20=13.53 MA60=13.413 多头=1 价=13.17 涨=0.0%  PE=11.34(None%) PB=0.32(None%)
2026-09-04 20:55:53  [ 94] 01888 建滔积层板  完成  日J=81.5 周J=19.85 月J=19.3 MA20=40.353 MA60=54.41 多头=0 价=44.22 涨=-5.27%  PE=31.71(None%) PB=7.6(None%)
2026-09-04 20:55:53  [ 93] 01972 太古地产  完成  日J=53.37 周J=94.41 月J=56.02 MA20=24.419 MA60=22.751 多头=1 价=24.76 涨=2.65%  PE=43.2(None%) PB=0.53(None%)
2026-09-04 20:55:53  [ 95] 06099 招商证券  完成  日J=63.07 周J=35.32 月J=56.63 MA20=15.241 MA60=15.819 多头=0 价=15.76 涨=2.01%  PE=6.78(None%) PB=0.95(None%)
2026-09-04 20:55:54  [ 97] 01171 兖矿能源  完成  日J=30.55 周J=105.18 月J=38.86 MA20=12.969 MA60=12.182 多头=1 价=13.3 涨=0.83%  PE=10.26(None%) PB=1.52(None%)
2026-09-04 20:55:54  [ 99] 06869 长飞光纤光缆  完成  日J=50.85 周J=60.12 月J=32.83 MA20=148.92 MA60=164.641 多头=0 价=159.4 涨=-2.8%  PE=33.46(None%) PB=7.0(None%)
2026-09-04 20:55:54  [ 98] 00003 香港中华煤气  完成  日J=-7.86 周J=79.19 月J=47.76 MA20=7.114 MA60=6.882 多头=1 价=7.1 涨=0.07%  PE=20.82(None%) PB=2.2(None%)
2026-09-04 20:55:54  [101] 06613 蓝思科技  完成  日J=36.9 周J=58.92 月J=50.31 MA20=23.324 MA60=23.595 多头=0 价=23.84 涨=0.42%  PE=None(None%) PB=None(None%)
2026-09-04 20:55:55  [100] 00012 恒基地产  完成  日J=-4.12 周J=58.89 月J=4.94 MA20=27.814 MA60=27.045 多头=1 价=26.72 涨=2.38%  PE=18.93(None%) PB=0.4(None%)
2026-09-04 20:55:55  [102] 00358 江西铜业股份  完成  日J=15.2 周J=78.82 月J=18.07 MA20=37.353 MA60=35.101 多头=1 价=36.58 涨=-1.56%  PE=None(None%) PB=None(None%)
2026-09-04 20:55:55  全部完成，结果已写入 /home/runner/work/daily-stock-metrics/daily-stock-metrics/output_hk/2026-09-04/metrics_2026-09-04.csv
2026-09-04 20:55:55  步骤2完成 -> /home/runner/work/daily-stock-metrics/daily-stock-metrics/output_hk/2026-09-04/metrics_2026-09-04.csv
2026-09-04 20:55:55  步骤3: 生成 HTML 总结报告...
2026-09-04 20:55:56  步骤3完成 -> /home/runner/work/daily-stock-metrics/daily-stock-metrics/output_hk/2026-09-04/report_2026-09-04.html
2026-09-04 20:55:56  步骤4: 发送邮件报告...
2026-09-04 20:56:00  步骤4完成: 邮件已发送
2026-09-04 20:56:00  ===== 全部完成 2026-09-04 =====
2026-09-04 21:18:29  今日(2026-09-04)已完成，跳过。结果目录: /home/runner/work/daily-stock-metrics/daily-stock-metrics/output_hk/2026-09-04
