2026-08-25 17:27:36  ===== 开始每日指标任务 2026-08-25 =====
2026-08-25 17:27:36  步骤1: 获取 A股市值前100…
2026-08-25 17:27:37  步骤1完成 -> C:\Users\hailo\Desktop\每周自动指标\output\2026-08-25\top100_2026-08-25.csv
2026-08-25 17:27:37  步骤2: 计算 KDJ-J(日/周/月) 及 PE/PB 历史分位…
2026-08-25 17:27:40  [  1] 688825 长鑫科技  完成  日J=43.03 周J=81.6 月J=None 价=56.5 涨=-0.18%  PE=134.02(72.73%) PB=46.24(72.73%)
2026-08-25 17:27:41  [  2] 601398 工商银行  完成  日J=101.96 周J=77.26 月J=83.23 价=7.9 涨=0.13%  PE=7.58(93.76%) PB=0.71(65.11%)
2026-08-25 17:27:43  [  3] 601939 建设银行  完成  日J=95.01 周J=82.98 月J=94.92 价=10.66 涨=0.0%  PE=8.16(97.62%) PB=0.79(73.12%)
2026-08-25 17:27:44  [  4] 601288 农业银行  完成  日J=102.74 周J=85.5 月J=36.31 价=6.85 涨=-0.15%  PE=8.15(92.99%) PB=0.85(85.41%)
2026-08-25 17:27:45  [  5] 600941 中国移动  完成  日J=97.05 周J=105.36 月J=65.11 价=98.86 涨=1.36%  PE=16.27(65.12%) PB=1.51(38.35%)
2026-08-25 17:27:47  [  6] 601857 中国石油  完成  日J=90.4 周J=108.98 月J=37.99 价=11.19 涨=0.18%  PE=12.95(57.2%) PB=1.26(93.47%)
2026-08-25 17:27:48  [  7] 601988 中国银行  完成  日J=94.53 周J=96.66 月J=99.61 价=6.14 涨=0.16%  PE=8.07(99.43%) PB=0.72(88.23%)
2026-08-25 17:27:49  [  8] 300750 宁德时代  完成  日J=2.59 周J=69.35 月J=31.27 价=376.73 涨=-2.88%  PE=20.51(13.4%) PB=4.59(23.73%)
2026-08-25 17:27:51  [  9] 600519 贵州茅台  完成  日J=26.96 周J=81.27 月J=40.59 价=1304.0 涨=-0.05%  PE=20.02(6.91%) PB=6.49(3.05%)
2026-08-25 17:27:52  [ 10] 600938 中国海油  完成  日J=64.63 周J=109.9 月J=23.51 价=33.51 涨=-0.62%  PE=12.78(91.18%) PB=1.9(79.81%)
2026-08-25 17:27:53  [ 11] 601138 工业富联  完成  日J=-0.9 周J=42.16 月J=28.04 价=60.15 涨=-0.41%  PE=25.44(86.11%) PB=6.79(90.07%)
2026-08-25 17:27:55  [ 12] 601628 中国人寿  完成  日J=91.45 周J=42.09 月J=22.04 价=37.6 涨=-0.11%  PE=7.34(5.48%) PB=1.78(16.54%)
2026-08-25 17:27:56  [ 13] 688981 中芯国际  完成  日J=-7.78 周J=-1.38 月J=39.97 价=120.0 涨=-0.48%  PE=203.61(86.11%) PB=6.86(91.3%)
2026-08-25 17:27:58  [ 14] 601088 中国神华  完成  日J=96.91 周J=110.71 月J=63.04 价=47.17 涨=0.6%  PE=19.84(99.33%) PB=2.13(97.9%)
2026-08-25 17:27:59  [ 15] 600036 招商银行  完成  日J=100.63 周J=85.78 月J=69.69 价=39.5 涨=-0.2%  PE=6.61(27.03%) PB=0.88(11.96%)
2026-08-25 17:28:01  [ 16] 601318 中国平安  完成  日J=114.34 周J=97.18 月J=15.76 价=55.01 涨=0.16%  PE=6.25(0.14%) PB=0.97(23.88%)
2026-08-25 17:28:03  [ 17] 300308 中际旭创  完成  日J=-0.68 周J=4.82 月J=35.01 价=846.0 涨=-2.78%  PE=48.38(52.24%) PB=24.83(95.28%)
2026-08-25 17:28:04  [ 18] 601899 紫金矿业  完成  日J=73.36 周J=101.39 月J=28.88 价=33.68 涨=-2.49%  PE=13.24(9.82%) PB=4.43(82.94%)
2026-08-25 17:28:06  [ 19] 002594 比亚迪  完成  日J=104.68 周J=78.76 月J=44.66 价=91.36 涨=0.77%  PE=30.24(29.65%) PB=3.59(30.89%)
2026-08-25 17:28:07  [ 20] 600900 长江电力  完成  日J=62.26 周J=64.04 月J=88.26 价=28.21 涨=0.21%  PE=19.13(51.1%) PB=3.03(72.83%)
2026-08-25 17:28:08  [ 21] 000333 美的集团  完成  日J=101.98 周J=78.95 月J=89.23 价=86.69 涨=0.81%  PE=14.96(54.86%) PB=2.85(45.47%)
2026-08-25 17:28:10  [ 22] 600028 中国石化  完成  日J=106.77 周J=98.68 月J=10.82 价=5.36 涨=0.56%  PE=18.03(86.89%) PB=0.77(38.27%)
2026-08-25 17:28:11  [ 23] 688256 寒武纪  完成  日J=12.49 周J=-3.76 月J=40.39 价=1010.48 涨=4.28%  PE=190.71(77.92%) PB=46.88(81.97%)
2026-08-25 17:28:12  [ 24] 601328 交通银行  完成  日J=97.7 周J=90.66 月J=81.26 价=7.16 涨=-0.56%  PE=6.56(90.51%) PB=0.54(54.77%)
2026-08-25 17:28:14  [ 25] 601658 邮储银行  完成  日J=109.29 周J=60.53 月J=43.21 价=5.04 涨=0.0%  PE=6.89(63.37%) PB=0.59(11.12%)
2026-08-25 17:28:15  [ 26] 601728 中国电信  完成  日J=41.38 周J=102.76 月J=61.43 价=6.45 涨=-0.31%  PE=19.84(82.37%) PB=1.25(65.98%)
2026-08-25 17:28:16  [ 27] 300502 新易盛  完成  日J=-0.72 周J=15.43 月J=40.52 价=400.87 涨=-2.7%  PE=42.6(35.13%) PB=23.0(91.66%)
2026-08-25 17:28:18  [ 28] 688041 海光信息  完成  日J=-6.74 周J=-10.29 月J=23.45 价=232.06 涨=0.54%  PE=171.67(60.02%) PB=21.26(73.82%)
2026-08-25 17:28:19  [ 29] 002371 北方华创  完成  日J=-0.07 周J=11.05 月J=50.91 价=700.4 涨=-1.06%  PE=91.15(44.8%) PB=12.54(80.65%)
2026-08-25 17:28:20  [ 30] 603259 药明康德  完成  日J=11.09 周J=85.9 月J=90.78 价=161.0 涨=3.31%  PE=22.17(31.98%) PB=5.76(50.27%)
2026-08-25 17:28:22  [ 31] 601998 中信银行  完成  日J=100.04 周J=108.26 月J=79.51 价=8.51 涨=-0.58%  PE=6.65(88.56%) PB=0.64(73.02%)
2026-08-25 17:28:23  [ 32] 002475 立讯精密  完成  日J=22.13 周J=9.48 月J=27.93 价=54.86 涨=2.12%  PE=23.85(24.83%) PB=4.56(27.17%)
2026-08-25 17:28:25  [ 33] 688235 百济神州  完成  日J=-4.77 周J=66.11 月J=55.37 价=275.1 涨=-0.57%  PE=99.1(89.37%) PB=12.84(78.47%)
2026-08-25 17:28:27  [ 34] 600030 中信证券  完成  日J=24.69 周J=-0.53 月J=72.92 价=27.15 涨=-0.44%  PE=10.7(0.1%) PB=1.44(42.28%)
2026-08-25 17:28:28  [ 35] 603993 洛阳钼业  完成  日J=46.4 周J=43.46 月J=7.58 价=18.42 涨=-3.0%  PE=14.17(11.96%) PB=4.39(89.08%)
2026-08-25 17:28:32  [ 36] 688347 华虹宏力  完成  日J=-5.51 周J=-10.73 月J=41.39 价=226.56 涨=-1.08%  PE=797.91(76.76%) PB=8.7(92.57%)
2026-08-25 17:28:33  [ 37] 601166 兴业银行  完成  日J=70.49 周J=64.12 月J=43.07 价=18.02 涨=-1.42%  PE=4.92(32.65%) PB=0.46(6.15%)
2026-08-25 17:28:35  [ 38] 002384 东山精密  完成  日J=3.17 周J=18.63 月J=53.13 价=190.84 涨=-1.43%  PE=97.5(89.42%) PB=14.35(96.38%)
2026-08-25 17:28:36  [ 39] 688012 中微公司  完成  日J=-1.63 周J=16.64 月J=57.17 价=354.0 涨=-1.02%  PE=80.15(45.35%) PB=11.29(72.07%)
2026-08-25 17:28:37  [ 40] 601869 长飞光纤  完成  日J=70.22 周J=40.02 月J=49.83 价=394.5 涨=4.04%  PE=94.87(87.89%) PB=19.96(96.44%)
2026-08-25 17:28:39  [ 41] 002415 海康威视  完成  日J=36.15 周J=41.25 月J=80.38 价=34.75 涨=1.76%  PE=19.38(8.53%) PB=3.78(22.12%)
2026-08-25 17:28:40  [ 42] 601319 中国人保  完成  日J=114.89 周J=52.85 月J=9.63 价=7.1 涨=0.85%  PE=7.37(8.11%) PB=0.98(21.58%)
2026-08-25 17:28:42  [ 43] 600183 生益科技  完成  日J=4.05 周J=31.36 月J=47.23 价=129.0 涨=2.14%  PE=60.32(95.0%) PB=16.94(97.71%)
2026-08-25 17:28:43  [ 44] 600276 恒瑞医药  完成  日J=-8.06 周J=-3.09 月J=9.64 价=46.49 涨=-0.58%  PE=39.94(2.34%) PB=4.79(0.05%)
2026-08-25 17:28:44  [ 45] 601211 国泰海通  完成  日J=8.76 周J=-8.14 月J=39.25 价=17.31 涨=-1.87%  PE=9.41(2.86%) PB=0.92(22.59%)
2026-08-25 17:28:46  [ 46] 601601 中国太保  完成  日J=109.33 周J=77.28 月J=8.42 价=31.48 涨=1.45%  PE=5.62(1.76%) PB=0.95(10.49%)
2026-08-25 17:28:47  [ 47] 600000 浦发银行  完成  日J=62.15 周J=66.26 月J=22.2 价=9.08 涨=-1.52%  PE=5.9(64.59%) PB=0.4(26.64%)
2026-08-25 17:28:48  [ 48] 300059 东方财富  完成  日J=17.55 周J=2.84 月J=21.54 价=18.93 涨=0.05%  PE=20.54(1.57%) PB=3.04(8.72%)
2026-08-25 17:28:50  [ 49] 300394 天孚通信  完成  日J=21.59 周J=71.48 月J=41.63 价=257.1 涨=3.05%  PE=120.76(95.28%) PB=44.88(96.57%)
2026-08-25 17:28:51  [ 50] 000858 五 粮 液  完成  日J=7.07 周J=40.45 月J=9.64 价=71.52 涨=0.06%  PE=22.03(28.03%) PB=2.17(0.24%)
2026-08-25 17:28:52  [ 51] 603986 兆易创新  完成  日J=6.88 周J=-0.87 月J=26.18 价=395.51 涨=3.63%  PE=35.0(11.53%) PB=7.44(43.71%)
2026-08-25 17:28:54  [ 52] 688802 沐曦股份-U  完成  日J=-10.37 周J=-5.75 月J=49.32 价=655.25 涨=-1.32%  PE=-399.78(47.31%) PB=20.01(40.72%)
2026-08-25 17:28:55  [ 53] 601919 中远海控  完成  日J=94.29 周J=104.11 月J=79.29 价=17.07 涨=-2.01%  PE=10.4(62.63%) PB=1.11(43.66%)
2026-08-25 17:28:56  [ 54] 601225 陕西煤业  完成  日J=85.15 周J=107.6 月J=78.65 价=26.52 涨=0.08%  PE=15.9(99.48%) PB=2.52(90.42%)
2026-08-25 17:28:58  [ 55] 600150 中国船舶  完成  日J=76.29 周J=33.34 月J=29.69 价=33.84 涨=0.12%  PE=22.52(26.5%) PB=1.7(21.69%)
2026-08-25 17:28:59  [ 56] 688795 摩尔线程-U  完成  日J=5.3 周J=-0.55 月J=14.85 价=532.88 涨=0.99%  PE=-337.83(35.43%) PB=20.57(1.14%)
2026-08-25 17:29:00  [ 57] 688836 C宇树-W  完成  日J=-1.43 周J=None 月J=None 价=602.8 涨=-0.05%  PE=417.32(20.0%) PB=84.66(20.0%)
2026-08-25 17:29:02  [ 58] 300476 胜宏科技  完成  日J=-2.86 周J=44.39 月J=12.58 价=244.99 涨=-0.0%  PE=51.45(83.98%) PB=13.83(88.94%)
2026-08-25 17:29:03  [ 59] 601816 京沪高铁  完成  日J=26.34 周J=76.65 月J=75.21 价=4.87 涨=-0.81%  PE=17.85(2.06%) PB=1.13(2.06%)
2026-08-25 17:29:04  [ 60] 688008 澜起科技  完成  日J=1.17 周J=0.57 月J=38.27 价=194.42 涨=1.35%  PE=92.78(66.72%) PB=11.38(73.23%)
2026-08-25 17:29:06  [ 61] 002379 宏桥控股  完成  日J=13.03 周J=63.54 月J=4.62 价=17.93 涨=-2.87%  PE=9.47(61.73%) PB=4.04(79.36%)
2026-08-25 17:29:07  [ 62] 000338 潍柴动力  完成  日J=-4.62 周J=60.86 月J=53.88 价=27.02 涨=0.11%  PE=20.65(91.56%) PB=2.45(80.98%)
2026-08-25 17:29:09  [ 63] 000651 格力电器  完成  日J=103.15 周J=88.07 月J=100.76 价=41.62 涨=0.41%  PE=7.99(38.66%) PB=1.53(6.72%)
2026-08-25 17:29:10  [ 64] 002916 深南电路  完成  日J=-4.47 周J=25.5 月J=47.22 价=341.0 涨=-0.77%  PE=63.91(94.71%) PB=12.84(90.71%)
2026-08-25 17:29:12  [ 65] 002714 牧原股份  完成  日J=57.02 周J=90.35 月J=33.09 价=39.93 涨=2.83%  PE=-205.67(13.06%) PB=2.91(7.2%)
2026-08-25 17:29:13  [ 66] 600309 万华化学  完成  日J=9.92 周J=64.14 月J=15.87 价=72.87 涨=-0.44%  PE=13.85(29.08%) PB=2.01(7.29%)
2026-08-25 17:29:15  [ 67] 300274 阳光电源  完成  日J=-6.87 周J=17.83 月J=-3.05 价=109.59 涨=-1.71%  PE=19.05(36.13%) PB=4.67(44.61%)
2026-08-25 17:29:16  [ 68] 688808 联讯仪器  完成  日J=15.99 周J=71.43 月J=57.25 价=2209.0 涨=-2.52%  PE=830.05(70.24%) PB=221.02(70.24%)
2026-08-25 17:29:18  [ 69] 688820 盛合晶微  完成  日J=-12.82 周J=-2.35 月J=18.09 价=121.12 涨=-1.08%  PE=241.31(18.39%) PB=11.69(5.75%)
2026-08-25 17:29:19  [ 70] 000001 平安银行  完成  日J=115.39 周J=101.55 月J=100.51 价=11.59 涨=0.26%  PE=5.18(33.22%) PB=0.48(11.82%)
2026-08-25 17:29:20  [ 71] 002142 宁波银行  完成  日J=81.89 周J=101.57 月J=84.9 价=33.56 涨=-1.0%  PE=7.12(33.32%) PB=0.91(29.36%)
2026-08-25 17:29:22  [ 72] 600919 江苏银行  完成  日J=86.46 周J=97.87 月J=104.01 价=12.04 涨=-0.74%  PE=6.11(82.17%) PB=0.81(89.56%)
2026-08-25 17:29:23  [ 73] 002463 沪电股份  完成  日J=1.76 周J=28.03 月J=49.47 价=114.29 涨=-1.11%  PE=51.12(95.95%) PB=12.23(97.0%)
2026-08-25 17:29:24  [ 74] 600188 兖矿能源  完成  日J=19.91 周J=92.26 月J=52.29 价=21.71 涨=-0.55%  PE=22.81(98.0%) PB=2.85(86.51%)
2026-08-25 17:29:26  [ 75] 300408 三环集团  完成  日J=0.39 周J=20.09 月J=50.74 价=109.1 涨=0.15%  PE=75.73(97.38%) PB=9.73(97.38%)
2026-08-25 17:29:27  [ 76] 000725 京东方Ａ  完成  日J=4.08 周J=-1.55 月J=37.9 价=5.74 涨=-0.17%  PE=35.74(56.43%) PB=1.56(69.4%)
2026-08-25 17:29:29  [ 77] 603288 海天味业  完成  日J=80.56 周J=54.52 月J=52.56 价=35.96 涨=0.81%  PE=28.9(2.34%) PB=5.01(2.43%)
2026-08-25 17:29:30  [ 78] 002938 鹏鼎控股  完成  日J=0.53 周J=25.52 月J=52.77 价=87.44 涨=-0.58%  PE=53.49(96.57%) PB=5.89(91.26%)
2026-08-25 17:29:31  [ 79] 300433 蓝思科技  完成  日J=70.58 周J=16.36 月J=34.6 价=37.9 涨=-0.13%  PE=57.96(83.65%) PB=3.79(85.32%)
2026-08-25 17:29:33  [ 80] 003816 中国广核  完成  日J=75.36 周J=42.75 月J=19.63 价=3.96 涨=2.06%  PE=21.09(88.16%) PB=1.59(62.23%)
2026-08-25 17:29:34  [ 81] 601898 中煤能源  完成  日J=92.29 周J=109.29 月J=20.43 价=15.08 涨=1.82%  PE=10.91(57.44%) PB=1.2(94.42%)
2026-08-25 17:29:35  [ 82] 600690 海尔智家  完成  日J=86.71 周J=65.76 月J=28.2 价=21.23 涨=1.38%  PE=10.64(3.91%) PB=1.59(3.1%)
2026-08-25 17:29:37  [ 83] 300760 迈瑞医疗  完成  日J=108.49 周J=105.17 月J=38.52 价=162.12 涨=2.17%  PE=25.07(13.72%) PB=4.9(4.66%)
2026-08-25 17:29:38  [ 84] 603268 松发股份  完成  日J=88.0 周J=107.27 月J=93.96 价=191.2 涨=5.68%  PE=34.68(47.62%) PB=14.91(82.17%)
2026-08-25 17:29:39  [ 85] 688498 源杰科技  完成  日J=46.22 周J=56.05 月J=63.87 价=1553.0 涨=0.78%  PE=543.05(72.73%) PB=76.58(97.08%)
2026-08-25 17:29:41  [ 86] 601066 中信建投  完成  日J=3.22 周J=-12.75 月J=47.64 价=24.64 涨=-0.61%  PE=15.2(0.7%) PB=2.18(13.99%)
2026-08-25 17:29:42  [ 87] 688072 拓荆科技  完成  日J=0.53 周J=12.87 月J=55.32 价=654.99 涨=-4.26%  PE=87.53(38.07%) PB=14.97(83.33%)
2026-08-25 17:29:43  [ 88] 600406 国电南瑞  完成  日J=21.09 周J=55.94 月J=11.28 价=23.15 涨=-0.52%  PE=22.35(17.49%) PB=3.48(26.02%)
2026-08-25 17:29:45  [ 89] 601336 新华保险  完成  日J=94.32 周J=31.87 月J=5.7 价=59.36 涨=-0.12%  PE=5.02(1.14%) PB=1.5(42.85%)
2026-08-25 17:29:46  [ 90] 601668 中国建筑  完成  日J=79.87 周J=61.95 月J=46.32 价=4.47 涨=1.13%  PE=4.87(49.57%) PB=0.37(0.76%)
2026-08-25 17:29:48  [ 91] 600025 华能水电  完成  日J=79.69 周J=63.1 月J=68.7 价=9.79 涨=1.14%  PE=21.36(74.45%) PB=2.57(72.93%)
2026-08-25 17:29:49  [ 92] 601985 中国核电  完成  日J=80.71 周J=35.3 月J=72.52 价=8.84 涨=0.8%  PE=22.09(84.37%) PB=1.52(28.65%)
2026-08-25 17:29:50  [ 93] 601818 光大银行  完成  日J=102.35 周J=64.46 月J=44.99 价=3.07 涨=0.0%  PE=4.8(38.56%) PB=0.36(1.38%)
2026-08-25 17:29:52  [ 94] 601766 中国中车  完成  日J=66.88 周J=99.52 月J=45.84 价=6.13 涨=0.82%  PE=12.63(5.24%) PB=1.0(13.3%)
2026-08-25 17:29:53  [ 95] 600031 三一重工  完成  日J=48.43 周J=59.45 月J=24.38 价=18.95 涨=1.83%  PE=20.7(45.57%) PB=1.92(11.68%)
2026-08-25 17:29:54  [ 96] 002352 顺丰控股  完成  日J=67.48 周J=54.94 月J=35.21 价=32.92 涨=-0.06%  PE=15.19(1.29%) PB=1.73(1.29%)
2026-08-25 17:29:56  [ 97] 301666 大普微-UW  完成  日J=-2.59 周J=-1.18 月J=15.62 价=396.0 涨=-3.1%  PE=143.11(11.11%) PB=47.37(3.33%)
2026-08-25 17:29:57  [ 98] 600989 宝丰能源  完成  日J=47.39 周J=88.13 月J=15.88 价=23.24 涨=0.09%  PE=11.1(0.28%) PB=3.09(53.05%)
2026-08-25 17:29:58  [ 99] 300604 长川科技  完成  日J=1.81 周J=14.6 月J=59.35 价=263.62 涨=-2.76%  PE=108.2(48.76%) PB=33.42(98.05%)
2026-08-25 17:30:00  [100] 601688 华泰证券  完成  日J=34.79 周J=-4.37 月J=8.79 价=18.59 涨=-0.27%  PE=9.57(5.77%) PB=0.94(29.27%)
2026-08-25 17:30:00  全部完成，结果已写入 C:\Users\hailo\Desktop\每周自动指标\output\2026-08-25\metrics_2026-08-25.csv
2026-08-25 17:30:00  步骤2完成 -> C:\Users\hailo\Desktop\每周自动指标\output\2026-08-25\metrics_2026-08-25.csv
2026-08-25 17:30:00  步骤3: 生成 HTML 总结报告…
2026-08-25 17:30:00  步骤3完成 -> C:\Users\hailo\Desktop\每周自动指标\output\2026-08-25\report_2026-08-25.html
2026-08-25 17:30:00  步骤4: 生成个股股价走势图（含每日信号）…
2026-08-25 17:30:01  步骤4完成 -> C:\Users\hailo\Desktop\每周自动指标\output\stock_charts.html
2026-08-25 17:30:01  步骤5: 发送邮件报告…
2026-08-25 17:30:02  步骤5完成: 邮件已发送
2026-08-25 17:30:02  ===== 全部完成 2026-08-25 =====
