2026-09-10 21:05:58  ===== 开始每日港股通指标任务 2026-09-10 =====
2026-09-10 21:05:58  步骤1: 获取港股通总市值前100标的...
获取港股通标的列表(共取市值前 100 只)...
接口返回 100 只港股通标的
2026-09-10 21:06:00  步骤1完成 -> /home/runner/work/daily-stock-metrics/daily-stock-metrics/output_hk/2026-09-10/hk_list_2026-09-10.csv
2026-09-10 21:06:00  步骤2: 计算 KDJ-J(日/周/月)...
2026-09-10 21:06:00  步骤2: 计算指标...
2026-09-10 21:06:00  观察池: 共103只(含历史追踪3只)
2026-09-10 21:06:00  待处理 103 条，并发数 8
2026-09-10 21:06:03  [  4] 03750 宁德时代  完成  日J=25.77 周J=7.6 月J=26.85 MA20=605.875 MA60=634.775 多头=0 价=561.5 涨=-0.09%  PE=26.97(None%) PB=5.95(None%)
2026-09-10 21:06:03  [  7] 09988 阿里巴巴-W  完成  日J=26.42 周J=18.3 月J=17.23 MA20=115.14 MA60=111.987 多头=1 价=106.9 涨=-2.64%  PE=25.02(None%) PB=1.69(None%)
2026-09-10 21:06:03  [  8] 03988 中国银行  完成  日J=61.96 周J=99.34 月J=97.18 MA20=5.675 MA60=5.353 多头=1 价=5.97 涨=0.93%  PE=6.81(None%) PB=0.61(None%)
2026-09-10 21:06:03  [  1] 00700 腾讯控股  完成  日J=-5.33 周J=3.0 月J=2.18 MA20=442.83 MA60=451.29 多头=0 价=425.6 涨=-1.94%  PE=14.52(None%) PB=2.96(None%)
2026-09-10 21:06:03  [  5] 00939 建设银行  完成  日J=75.04 周J=105.81 月J=101.35 MA20=9.325 MA60=8.803 多头=1 价=9.77 涨=1.61%  PE=6.5(None%) PB=0.62(None%)
2026-09-10 21:06:03  [  2] 00005 汇丰控股  完成  日J=74.74 周J=71.29 月J=90.81 MA20=162.9 MA60=158.605 多头=1 价=164.7 涨=-0.78%  PE=14.99(None%) PB=2.09(None%)
2026-09-10 21:06:03  [  6] 01288 农业银行  完成  日J=22.82 周J=92.11 月J=91.23 MA20=6.278 MA60=5.919 多头=1 价=6.38 涨=1.27%  PE=6.61(None%) PB=0.68(None%)
2026-09-10 21:06:03  [  3] 01398 工商银行  完成  日J=48.96 周J=97.65 月J=93.97 MA20=7.486 MA60=7.142 多头=1 价=7.61 涨=0.86%  PE=6.4(None%) PB=0.59(None%)
2026-09-10 21:06:05  [ 11] 03308 中际旭创  完成  日J=76.11 周J=43.11 月J=None MA20=1092.3 MA60=None 多头=None 价=1121.0 涨=-4.43%  PE=56.69(None%) PB=27.24(None%)
2026-09-10 21:06:05  [  9] 00857 中国石油股份  完成  日J=50.1 周J=90.2 月J=39.01 MA20=10.035 MA60=9.624 多头=1 价=10.09 涨=-3.26%  PE=9.21(None%) PB=0.98(None%)
2026-09-10 21:06:05  [ 10] 00941 中国移动  完成  日J=13.64 周J=14.24 月J=24.99 MA20=80.412 MA60=80.278 多头=1 价=78.85 涨=-0.13%  PE=11.38(None%) PB=1.02(None%)
2026-09-10 21:06:05  [ 12] 03968 招商银行  完成  日J=66.99 周J=96.46 月J=89.72 MA20=50.249 MA60=48.316 多头=1 价=52.15 涨=0.58%  PE=7.64(None%) PB=1.0(None%)
2026-09-10 21:06:05  [ 13] 00883 中国海洋石油  完成  日J=47.09 周J=97.56 月J=33.92 MA20=24.961 MA60=23.42 多头=1 价=25.02 涨=-3.1%  PE=7.54(None%) PB=1.21(None%)
2026-09-10 21:06:05  [ 14] 01088 中国神华  完成  日J=84.35 周J=106.69 月J=63.16 MA20=45.167 MA60=43.252 多头=1 价=46.48 涨=-0.81%  PE=16.17(None%) PB=1.91(None%)
2026-09-10 21:06:05  [ 15] 02318 中国平安  完成  日J=-1.06 周J=55.54 月J=8.19 MA20=55.865 MA60=55.307 多头=1 价=54.85 涨=-1.08%  PE=5.48(None%) PB=0.84(None%)
2026-09-10 21:06:05  [ 16] 02899 紫金矿业  完成  日J=90.58 周J=85.79 月J=40.31 MA20=36.777 MA60=33.377 多头=1 价=37.34 涨=-0.69%  PE=12.91(None%) PB=4.27(None%)
2026-09-10 21:06:07  [ 17] 02628 中国人寿  完成  日J=21.37 周J=89.22 月J=43.22 MA20=28.959 MA60=28.515 多头=1 价=30.14 涨=2.24%  PE=3.04(None%) PB=1.11(None%)
2026-09-10 21:06:07  [ 19] 00300 美的集团  完成  日J=27.98 周J=91.06 月J=99.6 MA20=98.562 MA60=93.655 多头=1 价=99.3 涨=0.66%  PE=14.98(None%) PB=3.08(None%)
2026-09-10 21:06:07  [ 18] 01299 友邦保险  完成  日J=34.01 周J=64.38 月J=13.48 MA20=74.99 MA60=74.918 多头=1 价=75.3 涨=-2.14%  PE=12.51(None%) PB=2.44(None%)
2026-09-10 21:06:07  [ 22] 01810 小米集团-W  完成  日J=-2.36 周J=27.2 月J=27.51 MA20=27.354 MA60=26.386 多头=1 价=25.92 涨=-1.74%  PE=17.85(None%) PB=2.15(None%)
2026-09-10 21:06:07  [ 23] 01658 邮储银行  完成  日J=57.09 周J=91.07 月J=86.43 MA20=5.13 MA60=4.941 多头=1 价=5.37 涨=0.66%  PE=6.31(None%) PB=0.53(None%)
2026-09-10 21:06:08  [ 20] 01211 比亚迪股份  完成  日J=-6.23 周J=10.83 月J=31.92 MA20=88.355 MA60=86.699 多头=1 价=79.55 涨=-2.75%  PE=21.78(None%) PB=2.63(None%)
2026-09-10 21:06:08  [ 24] 09999 网易  完成  日J=22.07 周J=-0.8 月J=28.02 MA20=191.425 MA60=197.243 多头=0 价=183.1 涨=-0.05%  PE=15.89(None%) PB=3.05(None%)
2026-09-10 21:06:08  [ 21] 03328 交通银行  完成  日J=86.26 周J=110.04 月J=108.88 MA20=7.66 MA60=7.309 多头=1 价=8.06 涨=2.15%  PE=6.44(None%) PB=0.53(None%)
2026-09-10 21:06:09  [ 26] 02359 药明康德  完成  日J=46.54 周J=64.18 月J=83.43 MA20=197.415 MA60=172.238 多头=1 价=191.0 涨=-1.14%  PE=23.04(None%) PB=5.9(None%)
2026-09-10 21:06:09  [ 25] 00386 中国石油化工股份  完成  日J=77.0 周J=107.8 月J=41.99 MA20=4.636 MA60=4.355 多头=1 价=4.84 涨=-1.52%  PE=14.47(None%) PB=0.61(None%)
2026-09-10 21:06:09  [ 27] 02388 中银香港  完成  日J=43.15 周J=91.41 月J=93.83 MA20=51.206 MA60=48.937 多头=1 价=51.7 涨=-0.48%  PE=13.11(None%) PB=1.52(None%)
2026-09-10 21:06:10  [ 28] 00981 中芯国际  完成  日J=-4.89 周J=10.98 月J=32.2 MA20=69.517 MA60=72.218 多头=0 价=63.45 涨=-2.38%  PE=66.89(None%) PB=2.75(None%)
2026-09-10 21:06:10  [ 32] 03690 美团-W  完成  日J=25.57 周J=3.93 月J=38.63 MA20=80.907 MA60=81.752 多头=0 价=74.75 涨=-3.92%  PE=-10.82(None%) PB=2.37(None%)
2026-09-10 21:06:10  [ 29] 02888 渣打集团  完成  日J=100.76 周J=86.07 月J=97.93 MA20=234.58 MA60=227.41 多头=1 价=241.8 涨=-0.33%  PE=12.49(None%) PB=1.46(None%)
2026-09-10 21:06:10  [ 30] 00388 香港交易所  完成  日J=-8.8 周J=50.88 月J=53.45 MA20=411.22 MA60=398.007 多头=1 价=397.0 涨=-0.85%  PE=25.42(None%) PB=8.3(None%)
2026-09-10 21:06:10  [ 31] 00998 中信银行  完成  日J=58.83 周J=108.61 月J=91.16 MA20=8.098 MA60=7.506 多头=1 价=8.43 涨=0.48%  PE=5.76(None%) PB=0.55(None%)
2026-09-10 21:06:11  [ 33] 02475 立讯精密  完成  日J=-0.04 周J=48.21 月J=None MA20=61.233 MA60=None 多头=None 价=58.2 涨=-5.98%  PE=22.38(None%) PB=3.97(None%)
2026-09-10 21:06:11  [ 35] 02259 紫金黄金国际  完成  日J=90.79 周J=112.02 月J=31.87 MA20=153.005 MA60=124.972 多头=1 价=164.3 涨=0.67%  PE=22.26(None%) PB=6.0(None%)
2026-09-10 21:06:11  [ 34] 09633 农夫山泉  完成  日J=-5.94 周J=19.96 月J=-1.85 MA20=42.22 MA60=42.099 多头=1 价=39.58 涨=-2.46%  PE=22.9(None%) PB=10.4(None%)
2026-09-10 21:06:12  [ 40] 02513 智谱  完成  日J=-11.78 周J=0.58 月J=14.39 MA20=1068.325 MA60=1355.292 多头=0 价=819.0 涨=-10.34%  PE=-76.14(None%) PB=71.8(None%)
2026-09-10 21:06:12  [ 37] 06030 中信证券  完成  日J=7.19 周J=21.95 月J=39.36 MA20=26.585 MA60=27.159 多头=0 价=25.92 涨=0.39%  PE=8.98(None%) PB=1.13(None%)
2026-09-10 21:06:12  [ 36] 00728 中国电信  完成  日J=1.27 周J=45.31 月J=26.08 MA20=4.749 MA60=4.617 多头=1 价=4.61 涨=1.21%  PE=12.37(None%) PB=0.78(None%)
2026-09-10 21:06:12  [ 39] 00267 中信股份  完成  日J=80.56 周J=112.53 月J=84.72 MA20=13.03 MA60=12.137 多头=1 价=13.72 涨=-0.44%  PE=5.73(None%) PB=0.43(None%)
2026-09-10 21:06:12  [ 38] 00992 联想集团  完成  日J=85.61 周J=73.12 月J=96.01 MA20=31.041 MA60=26.416 多头=1 价=32.26 涨=-0.49%  PE=64.14(None%) PB=7.07(None%)
2026-09-10 21:06:13  [ 41] 02328 中国财险  完成  日J=35.81 周J=92.26 月J=86.43 MA20=16.439 MA60=15.534 多头=1 价=17.04 涨=1.25%  PE=6.88(None%) PB=1.08(None%)
2026-09-10 21:06:13  [ 42] 03993 洛阳钼业  完成  日J=92.21 周J=57.82 月J=10.81 MA20=17.058 MA60=16.827 多头=1 价=17.34 涨=-2.58%  PE=11.74(None%) PB=3.59(None%)
2026-09-10 21:06:13  [ 43] 00016 新鸿基地产  完成  日J=67.29 周J=45.15 月J=29.39 MA20=119.94 MA60=118.568 多头=1 价=116.7 涨=-1.35%  PE=15.78(None%) PB=0.53(None%)
2026-09-10 21:06:13  [ 44] 03986 兆易创新  完成  日J=48.94 周J=12.9 月J=10.5 MA20=491.055 MA60=631.123 多头=0 价=476.4 涨=-0.83%  PE=36.9(None%) PB=7.79(None%)
2026-09-10 21:06:14  [ 45] 06809 澜起科技  完成  日J=51.88 周J=14.73 月J=29.4 MA20=273.73 MA60=314.74 多头=0 价=270.4 涨=-0.37%  PE=94.19(None%) PB=13.34(None%)
2026-09-10 21:06:14  [ 47] 01276 恒瑞医药  完成  日J=10.07 周J=-6.19 月J=-8.36 MA20=48.187 MA60=54.292 多头=0 价=43.96 涨=-4.31%  PE=33.16(None%) PB=3.93(None%)
2026-09-10 21:06:14  [ 46] 06160 百济神州  完成  日J=-0.08 周J=56.72 月J=69.31 MA20=218.96 MA60=198.377 多头=1 价=207.0 涨=-0.77%  PE=62.31(None%) PB=7.86(None%)
2026-09-10 21:06:14  [ 48] 02601 中国太保  完成  日J=-8.89 周J=78.35 月J=11.49 MA20=29.673 MA60=29.166 多头=1 价=29.6 涨=1.02%  PE=4.44(None%) PB=0.77(None%)
2026-09-10 21:06:15  [ 49] 02338 潍柴动力  完成  日J=67.82 周J=31.26 月J=41.58 MA20=32.53 MA60=33.945 多头=0 价=31.62 涨=-7.05%  PE=18.48(None%) PB=2.48(None%)
2026-09-10 21:06:15  [ 51] 02611 国泰海通  完成  日J=26.59 周J=57.43 月J=37.91 MA20=15.048 MA60=14.902 多头=1 价=15.04 涨=0.0%  PE=7.17(None%) PB=0.7(None%)
2026-09-10 21:06:15  [ 50] 00001 长和  完成  日J=74.89 周J=37.75 月J=81.99 MA20=69.878 MA60=69.962 多头=0 价=69.9 涨=-0.64%  PE=7.08(None%) PB=0.46(None%)
2026-09-10 21:06:16  [ 52] 01339 中国人民保险集团  完成  日J=35.38 周J=86.28 月J=34.75 MA20=5.561 MA60=5.282 多头=1 价=5.95 涨=1.54%  PE=4.04(None%) PB=0.67(None%)
2026-09-10 21:06:16  [ 55] 09888 百度集团-W  完成  日J=-0.74 周J=14.16 月J=-8.83 MA20=93.565 MA60=102.957 多头=0 价=89.15 涨=-3.31%  PE=-66.46(None%) PB=0.78(None%)
2026-09-10 21:06:16  [ 53] 02378 保诚  完成  日J=9.74 周J=2.09 月J=16.98 MA20=108.22 MA60=108.887 多头=0 价=104.0 涨=-2.53%  PE=9.14(None%) PB=1.68(None%)
2026-09-10 21:06:16  [ 54] 01919 中远海控  完成  日J=41.83 周J=69.52 月J=79.05 MA20=16.963 MA60=15.366 多头=1 价=16.62 涨=-1.6%  PE=8.36(None%) PB=0.94(None%)
2026-09-10 21:06:16  [ 56] 06951 三环集团  完成  日J=74.48 周J=67.2 月J=None MA20=114.37 MA60=None 多头=None 价=119.6 涨=2.75%  PE=63.4(None%) PB=8.79(None%)
2026-09-10 21:06:17  [ 59] 02714 牧原股份  完成  日J=69.64 周J=97.85 月J=37.23 MA20=35.737 MA60=33.256 多头=1 价=37.94 涨=-3.75%  PE=-156.65(None%) PB=2.4(None%)
2026-09-10 21:06:17  [ 57] 00669 创科实业  完成  日J=22.81 周J=25.24 月J=73.67 MA20=136.545 MA60=132.81 多头=1 价=128.7 涨=-2.28%  PE=23.1(None%) PB=4.03(None%)
2026-09-10 21:06:17  [ 58] 01378 中国宏桥  完成  日J=71.84 周J=76.12 月J=-2.12 MA20=23.237 MA60=22.753 多头=1 价=23.44 涨=-4.17%  PE=7.35(None%) PB=1.5(None%)
2026-09-10 21:06:18  [ 60] 01109 华润置地  完成  日J=34.28 周J=24.34 月J=14.63 MA20=32.363 MA60=32.552 多头=0 价=29.96 涨=-0.33%  PE=8.08(None%) PB=0.64(None%)
2026-09-10 21:06:18  [ 63] 03692 翰森制药  完成  日J=3.89 周J=63.43 月J=26.09 MA20=34.215 MA60=32.686 多头=1 价=33.34 涨=-4.2%  PE=26.55(None%) PB=4.65(None%)
2026-09-10 21:06:18  [ 62] 09992 泡泡玛特  完成  日J=14.99 周J=44.01 月J=3.05 MA20=154.085 MA60=157.048 多头=0 价=152.7 涨=-2.18%  PE=13.62(None%) PB=7.66(None%)
2026-09-10 21:06:18  [ 61] 00066 港铁公司  完成  日J=118.09 周J=91.21 月J=35.09 MA20=32.918 MA60=32.246 多头=1 价=33.56 涨=1.39%  PE=9.15(None%) PB=1.02(None%)
2026-09-10 21:06:18  [ 64] 02020 安踏体育  完成  日J=-5.41 周J=19.01 月J=36.97 MA20=74.958 MA60=74.212 多头=1 价=72.05 涨=-1.97%  PE=11.04(None%) PB=2.44(None%)
2026-09-10 21:06:19  [ 65] 02476 胜宏科技  完成  日J=33.39 周J=37.29 月J=0.26 MA20=222.965 MA60=249.925 多头=0 价=204.6 涨=-3.22%  PE=35.2(None%) PB=4.61(None%)
2026-09-10 21:06:19  [ 67] 02269 药明生物  完成  日J=7.4 周J=66.1 月J=77.44 MA20=49.134 MA60=41.697 多头=1 价=47.5 涨=-2.74%  PE=34.77(None%) PB=3.56(None%)
2026-09-10 21:06:20  [ 70] 06031 三一重工  完成  日J=69.47 周J=56.49 月J=15.5 MA20=19.213 MA60=19.563 多头=0 价=19.76 涨=-2.47%  PE=17.91(None%) PB=1.71(None%)
2026-09-10 21:06:20  [ 66] 00002 中电控股  完成  日J=110.18 周J=81.74 月J=99.4 MA20=78.328 MA60=76.874 多头=1 价=79.35 涨=0.38%  PE=18.49(None%) PB=1.81(None%)
2026-09-10 21:06:20  [ 69] 06690 海尔智家  完成  日J=11.47 周J=41.53 月J=16.19 MA20=21.218 MA60=20.99 多头=1 价=20.82 涨=-1.14%  PE=9.53(None%) PB=1.42(None%)
2026-09-10 21:06:20  [ 68] 01347 华虹宏力  完成  日J=17.03 周J=-2.34 月J=19.95 MA20=118.055 MA60=146.823 多头=0 价=113.0 涨=1.25%  PE=244.74(None%) PB=3.51(None%)
2026-09-10 21:06:20  [ 71] 00762 中国联通  完成  日J=95.88 周J=23.61 月J=9.04 MA20=5.783 MA60=6.262 多头=0 价=5.87 涨=1.56%  PE=9.93(None%) PB=0.42(None%)
2026-09-10 21:06:20  [ 72] 00175 吉利汽车  完成  日J=7.5 周J=-0.66 月J=7.03 MA20=17.767 MA60=18.259 多头=0 价=16.13 涨=-2.83%  PE=9.17(None%) PB=1.6(None%)
2026-09-10 21:06:21  [ 73] 01113 长实集团  完成  日J=107.6 周J=81.64 月J=53.78 MA20=46.467 MA60=46.363 多头=1 价=47.9 涨=-0.42%  PE=12.67(None%) PB=0.42(None%)
2026-09-10 21:06:22  [ 74] 06818 中国光大银行  完成  日J=29.16 周J=9.32 月J=2.73 MA20=2.937 MA60=3.032 多头=0 价=2.83 涨=0.53%  PE=4.45(None%) PB=0.29(None%)
2026-09-10 21:06:22  [ 78] 03288 海天味业  完成  日J=6.65 周J=-8.19 月J=-5.0 MA20=29.967 MA60=30.842 多头=0 价=27.2 涨=-2.58%  PE=19.11(None%) PB=3.54(None%)
2026-09-10 21:06:22  [ 76] 01801 信达生物  完成  日J=-8.95 周J=48.74 月J=65.57 MA20=100.92 MA60=91.943 多头=1 价=94.35 涨=-3.92%  PE=115.23(None%) PB=6.87(None%)
2026-09-10 21:06:22  [ 77] 00788 中国铁塔  完成  日J=36.32 周J=2.29 月J=5.17 MA20=9.208 MA60=9.358 多头=0 价=9.06 涨=-0.55%  PE=10.5(None%) PB=0.67(None%)
2026-09-10 21:06:22  [ 75] 01038 长江基建集团  完成  日J=107.61 周J=94.16 月J=85.49 MA20=65.328 MA60=62.37 多头=1 价=66.2 涨=-0.15%  PE=6.63(None%) PB=1.13(None%)
2026-09-10 21:06:22  [ 79] 06886 华泰证券  完成  日J=28.95 周J=94.94 月J=38.46 MA20=17.305 MA60=16.994 多头=1 价=17.59 涨=-0.51%  PE=6.81(None%) PB=0.77(None%)
2026-09-10 21:06:23  [ 80] 01816 中广核电力  完成  日J=89.55 周J=117.1 月J=28.34 MA20=2.953 MA60=2.859 多头=1 价=3.11 涨=0.16%  PE=13.87(None%) PB=1.1(None%)
2026-09-10 21:06:23  [ 81] 01988 民生银行  完成  日J=67.27 周J=80.8 月J=40.3 MA20=3.478 MA60=3.432 多头=1 价=3.56 涨=3.03%  PE=4.75(None%) PB=0.23(None%)
2026-09-10 21:06:23  [ 82] 06936 顺丰控股  完成  日J=-0.1 周J=8.78 月J=23.55 MA20=31.789 MA60=31.808 多头=0 价=29.58 涨=-3.9%  PE=12.58(None%) PB=1.32(None%)
2026-09-10 21:06:24  [ 84] 02423 贝壳-W  完成  日J=-7.25 周J=60.92 月J=62.41 MA20=45.791 MA60=43.139 多头=1 价=44.1 涨=-1.91%  PE=27.98(None%) PB=2.02(None%)
2026-09-10 21:06:24  [ 83] 01888 建滔积层板  完成  日J=74.43 周J=50.37 月J=22.91 MA20=42.461 MA60=52.596 多头=0 价=48.62 涨=1.29%  PE=34.86(None%) PB=8.36(None%)
2026-09-10 21:06:24  [ 85] 01898 中煤能源  完成  日J=29.42 周J=80.8 月J=18.62 MA20=11.475 MA60=10.858 多头=1 价=11.38 涨=-1.64%  PE=8.65(None%) PB=0.79(None%)
2026-09-10 21:06:24  [ 86] 01336 新华保险  完成  日J=41.76 周J=85.72 月J=8.14 MA20=47.456 MA60=47.764 多头=0 价=48.34 涨=0.5%  PE=3.0(None%) PB=1.06(None%)
2026-09-10 21:06:25  [ 87] 02600 中国铝业  完成  日J=60.98 周J=95.86 月J=-2.62 MA20=8.571 MA60=8.262 多头=1 价=8.76 涨=-1.63%  PE=7.53(None%) PB=1.54(None%)
2026-09-10 21:06:25  [ 88] 01766 中国中车  完成  日J=34.17 周J=98.2 月J=44.45 MA20=5.26 MA60=4.993 多头=1 价=5.23 涨=-2.88%  PE=9.47(None%) PB=0.74(None%)
2026-09-10 21:06:25  [ 90] 09973 奇瑞汽车  完成  日J=20.13 周J=39.08 月J=13.54 MA20=25.688 MA60=25.592 多头=1 价=24.9 涨=-1.35%  PE=7.13(None%) PB=2.32(None%)
2026-09-10 21:06:25  [ 89] 06869 长飞光纤光缆  完成  日J=53.28 周J=87.47 月J=38.22 MA20=158.9 MA60=160.858 多头=0 价=177.4 涨=-3.38%  PE=37.24(None%) PB=7.8(None%)
2026-09-10 21:06:26  [ 91] 03606 福耀玻璃  完成  日J=44.54 周J=57.85 月J=32.8 MA20=56.078 MA60=54.514 多头=1 价=54.85 涨=-1.35%  PE=14.89(None%) PB=3.26(None%)
2026-09-10 21:06:26  [ 92] 01776 广发证券  完成  日J=9.95 周J=82.86 月J=74.43 MA20=17.928 MA60=17.411 多头=1 价=18.21 涨=0.33%  PE=6.63(None%) PB=0.9(None%)
2026-09-10 21:06:26  [ 93] 01972 太古地产  完成  日J=92.39 周J=88.8 月J=54.73 MA20=24.55 MA60=22.962 多头=1 价=24.64 涨=-0.81%  PE=42.99(None%) PB=0.52(None%)
2026-09-10 21:06:26  [ 94] 00027 银河娱乐  完成  日J=24.21 周J=38.25 月J=18.54 MA20=34.249 MA60=32.613 多头=1 价=32.08 涨=-3.43%  PE=13.11(None%) PB=1.66(None%)
2026-09-10 21:06:27  [ 95] 00688 中国海外发展  完成  日J=34.5 周J=37.38 月J=20.27 MA20=13.434 MA60=13.237 多头=1 价=12.78 涨=-1.39%  PE=11.0(None%) PB=0.31(None%)
2026-09-10 21:06:27  [ 96] 01024 快手-W  完成  日J=6.02 周J=-4.37 月J=-9.88 MA20=34.584 MA60=40.558 多头=0 价=31.66 涨=-2.04%  PE=7.69(None%) PB=1.45(None%)
2026-09-10 21:06:27  [ 98] 01377 鼎泰高科  完成  日J=36.43 周J=28.59 月J=None MA20=341.65 MA60=None 多头=None 价=319.2 涨=-2.68%  PE=124.54(None%) PB=36.52(None%)
2026-09-10 21:06:27  [ 97] 00003 香港中华煤气  完成  日J=97.93 周J=78.43 月J=59.2 MA20=7.21 MA60=6.917 多头=1 价=7.3 涨=-0.41%  PE=21.4(None%) PB=2.26(None%)
2026-09-10 21:06:28  [ 99] 00358 江西铜业股份  完成  日J=84.44 周J=82.98 月J=24.09 MA20=37.438 MA60=35.309 多头=1 价=38.5 涨=-1.99%  PE=9.86(None%) PB=1.32(None%)
2026-09-10 21:06:28  [101] 00012 恒基地产  完成  日J=21.81 周J=36.42 月J=5.22 MA20=27.684 MA60=27.028 多头=1 价=26.76 涨=1.06%  PE=None(None%) PB=None(None%)
2026-09-10 21:06:28  [100] 01171 兖矿能源  完成  日J=46.96 周J=98.7 月J=38.67 MA20=13.126 MA60=12.175 多头=1 价=13.28 涨=-3.7%  PE=10.24(None%) PB=1.52(None%)
2026-09-10 21:06:28  [102] 06099 招商证券  完成  日J=2.84 周J=39.77 月J=48.53 MA20=15.26 MA60=15.732 多头=0 价=15.13 涨=0.67%  PE=None(None%) PB=None(None%)
2026-09-10 21:06:29  [103] 06613 蓝思科技  完成  日J=-6.5 周J=62.53 月J=45.44 MA20=23.751 MA60=23.459 多头=1 价=22.78 涨=-2.98%  PE=None(None%) PB=None(None%)
2026-09-10 21:06:29  全部完成，结果已写入 /home/runner/work/daily-stock-metrics/daily-stock-metrics/output_hk/2026-09-10/metrics_2026-09-10.csv
2026-09-10 21:06:29  步骤2完成 -> /home/runner/work/daily-stock-metrics/daily-stock-metrics/output_hk/2026-09-10/metrics_2026-09-10.csv
2026-09-10 21:06:29  步骤3: 生成 HTML 总结报告...
2026-09-10 21:06:29  步骤3完成 -> /home/runner/work/daily-stock-metrics/daily-stock-metrics/output_hk/2026-09-10/report_2026-09-10.html
2026-09-10 21:06:29  步骤4: 发送邮件报告...
2026-09-10 21:06:33  步骤4完成: 邮件已发送
2026-09-10 21:06:33  ===== 全部完成 2026-09-10 =====
2026-09-10 21:26:38  今日(2026-09-10)已完成，跳过。结果目录: /home/runner/work/daily-stock-metrics/daily-stock-metrics/output_hk/2026-09-10
2026-09-10 21:46:02  今日(2026-09-10)已完成，跳过。结果目录: /home/runner/work/daily-stock-metrics/daily-stock-metrics/output_hk/2026-09-10
2026-09-10 22:48:32  今日(2026-09-10)已完成，跳过。结果目录: /home/runner/work/daily-stock-metrics/daily-stock-metrics/output_hk/2026-09-10
