2026-09-04 20:53:52  ===== 开始每日ETF指标任务 2026-09-04 =====
2026-09-04 20:53:52  步骤1: 获取场内规模前100的ETF...
[  1] 510300 沪深300ETF华泰柏瑞  规模=1067.25亿  跟踪=沪深300指数  主题=沪深300
[  2] 588000 科创50ETF华夏  规模=871.64亿  跟踪=上证科创板50成份指数  主题=科创板
[  3] 159915 创业板ETF易方达  规模=655.33亿  跟踪=创业板指数(价格)  主题=创业板
[  4] 512880 证券ETF国泰  规模=620.59亿  跟踪=中证全指证券公司指数  主题=证券
[  5] 510310 沪深300ETF易方达  规模=506.65亿  跟踪=沪深300指数  主题=沪深300
[  6] 588200 科创芯片ETF嘉实  规模=475.0亿  跟踪=上证科创板芯片指数  主题=半导体
[  7] 159516 半导体设备ETF国泰  规模=408.54亿  跟踪=中证半导体材料设备主题指数  主题=半导体
[  8] 588080 科创50ETF易方达  规模=408.15亿  跟踪=上证科创板50成份指数  主题=科创板
[  9] 588170 科创半导体ETF华夏  规模=404.63亿  跟踪=上证科创板半导体材料设备主题指数  主题=半导体
[ 10] 510330 沪深300ETF华夏  规模=402.08亿  跟踪=沪深300指数  主题=沪深300
[ 11] 515880 通信ETF国泰  规模=399.68亿  跟踪=中证全指通信设备指数  主题=通信
[ 12] 563360 A500ETF华泰柏瑞  规模=395.25亿  跟踪=中证A500指数  主题=中证A500
[ 13] 510500 中证500ETF南方  规模=388.21亿  跟踪=中证500指数  主题=中证500
[ 14] 512000 券商ETF华宝  规模=379.99亿  跟踪=中证全指证券公司指数  主题=证券
[ 15] 159352 A500ETF南方  规模=331.94亿  跟踪=中证A500指数  主题=中证A500
[ 16] 512890 红利低波ETF华泰柏瑞  规模=319.24亿  跟踪=中证红利低波动指数  主题=红利
[ 17] 159919 沪深300ETF嘉实  规模=300.55亿  跟踪=沪深300指数  主题=沪深300
[ 18] 159361 A500ETF易方达  规模=285.57亿  跟踪=中证A500指数  主题=中证A500
[ 19] 159995 芯片ETF华夏  规模=265.59亿  跟踪=国证半导体芯片指数  主题=半导体
[ 20] 512400 有色金属ETF南方  规模=264.83亿  跟踪=有色金属  主题=有色金属
[ 21] 159338 中证A500ETF国泰  规模=252.58亿  跟踪=中证A500指数  主题=中证A500
[ 22] 512170 医疗ETF华宝  规模=242.89亿  跟踪=中证医疗指数  主题=医药
[ 23] 159949 创业板50ETF华安  规模=239.47亿  跟踪=创业板50指数  主题=创业板
[ 24] 159819 人工智能ETF易方达  规模=206.6亿  跟踪=中证人工智能主题指数  主题=人工智能
[ 25] 515450 红利低波50ETF南方  规模=200.55亿  跟踪=标普中国A股大盘红利低波50指数  主题=红利
[ 26] 510050 上证50ETF华夏  规模=199.25亿  跟踪=上证50指数  主题=上证50
[ 27] 159558 半导体设备ETF易方达  规模=197.98亿  跟踪=中证半导体材料设备主题指数  主题=半导体
[ 28] 512480 半导体ETF国联安  规模=193.07亿  跟踪=中证全指半导体产品与设备指数  主题=半导体
[ 29] 512050 A500ETF华夏  规模=192.75亿  跟踪=中证A500指数  主题=中证A500
[ 30] 510880 红利ETF华泰柏瑞  规模=192.29亿  跟踪=上证红利指数  主题=红利
[ 31] 159326 电网设备ETF华夏  规模=190.74亿  跟踪=中证电网设备主题指数  主题=其他
[ 32] 512100 中证1000ETF南方  规模=186.03亿  跟踪=中证1000指数  主题=中证1000
[ 33] 515180 红利ETF易方达  规模=183.84亿  跟踪=中证红利指数  主题=红利
[ 34] 510180 上证180ETF华安  规模=175.17亿  跟踪=上证180指数  主题=上证180
[ 35] 562500 机器人ETF华夏  规模=173.41亿  跟踪=中证机器人指数  主题=机器人
[ 36] 515050 通信ETF华夏  规模=172.3亿  跟踪=中证5G通信主题指数  主题=通信
[ 37] 159992 创新药ETF银华  规模=168.72亿  跟踪=中证创新药产业指数  主题=医药
[ 38] 159781 科创创业ETF易方达  规模=164.05亿  跟踪=中证科创创业50指数  主题=科创板
[ 39] 159530 机器人ETF易方达  规模=163.84亿  跟踪=国证机器人产业指数  主题=机器人
[ 40] 159201 自由现金流ETF华夏  规模=161.84亿  跟踪=国证自由现金流指数  主题=货币市场
[ 41] 159928 消费ETF汇添富  规模=158.61亿  跟踪=中证主要消费指数  主题=消费
[ 42] 512010 医药ETF易方达  规模=152.27亿  跟踪=沪深300医药卫生指数  主题=医药
[ 43] 510210 上证指数ETF富国  规模=142.41亿  跟踪=上证综合指数  主题=其他
[ 44] 517520 黄金股ETF永赢  规模=139.5亿  跟踪=中证沪深港黄金产业股票指数  主题=黄金
[ 45] 512690 酒ETF鹏华  规模=137.5亿  跟踪=中证酒指数  主题=白酒
[ 46] 159870 化工ETF鹏华  规模=136.45亿  跟踪=细分化工  主题=化工
[ 47] 512070 证券保险ETF易方达  规模=134.57亿  跟踪=沪深300非银行金融指数  主题=证券
[ 48] 159206 卫星ETF永赢  规模=127.24亿  跟踪=国证商用卫星通信产业指数  主题=通信
[ 49] 563020 红利低波ETF易方达  规模=125.3亿  跟踪=中证红利低波动指数  主题=红利
[ 50] 560780 半导体设备ETF广发  规模=125.27亿  跟踪=中证半导体材料设备主题指数  主题=半导体
[ 51] 513630 港股低波红利ETF摩根  规模=120.02亿  跟踪=标普港股通低波红利指数  主题=红利
[ 52] 159841 证券ETF天弘  规模=119.51亿  跟踪=中证全指证券公司指数  主题=证券
[ 53] 515220 煤炭ETF国泰  规模=116.43亿  跟踪=中证煤炭指数  主题=煤炭
[ 54] 515120 创新药ETF广发  规模=111.21亿  跟踪=中证创新药产业指数  主题=医药
[ 55] 159952 创业板ETF广发  规模=110.66亿  跟踪=创业板指数(价格)  主题=创业板
[ 56] 515080 中证红利ETF招商  规模=108.46亿  跟踪=中证红利指数  主题=红利
[ 57] 588710 科创半导体设备ETF华泰柏瑞  规模=108.11亿  跟踪=上证科创板半导体材料设备主题指数  主题=半导体
[ 58] 563800 A500ETF广发  规模=107.9亿  跟踪=中证A500指数  主题=中证A500
[ 59] 588050 科创50ETF工银  规模=106.33亿  跟踪=上证科创板50成份指数  主题=科创板
[ 60] 512760 芯片ETF国泰  规模=100.4亿  跟踪=中华交易服务半导体芯片行业人民币指数  主题=半导体
[ 61] 512800 银行ETF华宝  规模=99.54亿  跟踪=中证银行指数  主题=银行
[ 62] 159611 电力ETF广发  规模=97.64亿  跟踪=中证全指电力公用事业指数  主题=电力
[ 63] 516650 有色金属ETF华夏  规模=96.64亿  跟踪=细分有色  主题=有色金属
[ 64] 159852 软件ETF嘉实  规模=94.9亿  跟踪=中证软件服务指数  主题=计算机
[ 65] 159842 券商ETF银华  规模=94.77亿  跟踪=中证全指证券公司指数  主题=证券
[ 66] 159869 游戏ETF华夏  规模=90.85亿  跟踪=中证动漫游戏指数  主题=传媒
[ 67] 159351 A500ETF嘉实  规模=85.99亿  跟踪=中证A500指数  主题=中证A500
[ 68] 560860 工业有色ETF万家  规模=85.44亿  跟踪=中证工业有色金属主题指数  主题=有色金属
[ 69] 562590 半导体设备ETF华夏  规模=85.37亿  跟踪=中证半导体材料设备主题指数  主题=半导体
[ 70] 159922 中证500ETF嘉实  规模=84.01亿  跟踪=中证500指数  主题=中证500
[ 71] 515330 沪深300ETF天弘  规模=82.11亿  跟踪=沪深300指数  主题=沪深300
[ 72] 512900 证券ETF南方  规模=81.63亿  跟踪=中证全指证券公司指数  主题=证券
[ 73] 515070 人工智能ETF华夏  规模=81.38亿  跟踪=中证人工智能主题指数  主题=人工智能
[ 74] 563220 A500ETF富国  规模=79.86亿  跟踪=中证A500指数  主题=中证A500
[ 75] 512500 中证500ETF华夏  规模=75.31亿  跟踪=中证500指数  主题=中证500
[ 76] 512660 军工ETF国泰  规模=74.63亿  跟踪=中证军工指数  主题=军工
[ 77] 588060 科创50ETF广发  规模=74.13亿  跟踪=上证科创板50成份指数  主题=科创板
[ 78] 512710 军工龙头ETF富国  规模=74.05亿  跟踪=中证军工龙头指数  主题=军工
[ 79] 159263 价值ETF易方达  规模=73.88亿  跟踪=国证价值100指数  主题=价值
[ 80] 159307 红利低波100ETF博时  规模=73.48亿  跟踪=中证红利低波动100指数  主题=红利
[ 81] 588750 科创芯片ETF汇添富  规模=71.86亿  跟踪=上证科创板芯片指数  主题=半导体
[ 82] 159755 电池ETF广发  规模=70.3亿  跟踪=国证新能源车电池指数  主题=新能源
[ 83] 159865 养殖ETF国泰  规模=69.43亿  跟踪=中证畜牧养殖指数  主题=农业
[ 84] 159363 创业板人工智能ETF华宝  规模=69.42亿  跟踪=创业板人工智能指数  主题=人工智能
[ 85] 159157 有色金属ETF天弘  规模=66.94亿  跟踪=中证工业有色金属主题指数  主题=有色金属
[ 86] 563300 中证2000ETF华泰柏瑞  规模=65.46亿  跟踪=中证2000指数  主题=中证2000
[ 87] 159851 金融科技ETF华宝  规模=65.07亿  跟踪=中证金融科技主题指数  主题=其他
[ 88] 588220 科创100ETF鹏华  规模=64.41亿  跟踪=上证科创板100指数  主题=科创板
[ 89] 159259 成长ETF易方达  规模=64.33亿  跟踪=国证成长100指数  主题=成长
[ 90] 516150 稀土ETF嘉实  规模=63.78亿  跟踪=中证稀土产业指数  主题=有色金属
[ 91] 159977 创业板ETF天弘  规模=63.7亿  跟踪=创业板指数(价格)  主题=创业板
[ 92] 159813 半导体ETF鹏华  规模=63.19亿  跟踪=国证半导体芯片指数  主题=半导体
[ 93] 515980 人工智能ETF华富  规模=63.05亿  跟踪=中证人工智能产业指数  主题=人工智能
[ 94] 159562 黄金股ETF华夏  规模=62.09亿  跟踪=中证沪深港黄金产业股票指数  主题=黄金
[ 95] 159845 中证1000ETF华夏  规模=61.42亿  跟踪=中证1000指数  主题=中证1000
[ 96] 560610 A500ETF招商  规模=61.29亿  跟踪=中证A500指数  主题=中证A500
[ 97] 512950 央企改革ETF华夏  规模=60.39亿  跟踪=中证央企结构调整指数  主题=央企国企
[ 98] 159770 机器人ETF天弘  规模=58.86亿  跟踪=中证机器人指数  主题=机器人
[ 99] 560010 中证1000ETF广发  规模=57.69亿  跟踪=中证1000指数  主题=中证1000
[100] 159549 红利低波ETF天弘  规模=57.25亿  跟踪=中证红利低波动100指数  主题=红利
2026-09-04 20:54:50  步骤1完成 -> /home/runner/work/daily-stock-metrics/daily-stock-metrics/output_etf/2026-09-04/etf_list_2026-09-04.csv
2026-09-04 20:54:50  步骤2: 计算 KDJ-J(日/周/月)...
2026-09-04 20:54:50  步骤2: 计算指标...
2026-09-04 20:54:50  观察池: 共63只(含历史追踪2只)
2026-09-04 20:54:50  待处理 63 条，并发数 8
2026-09-04 20:54:57  [  3] 159915 创业板ETF易方达  完成  日J=2.84 周J=12.25 月J=3.91 MA20=3.507 MA60=3.728 多头=0 价=3.31 涨=-0.6%  PE=37.73(30.64%) PB=5.28(59.2%)
2026-09-04 20:54:57  [  8] 515880 通信ETF国泰  完成  日J=14.36 周J=32.89 月J=19.6 MA20=0.664 MA60=0.723 多头=0 价=0.64 涨=-0.93%  PE=42.06(86.62%) PB=None(None%)
2026-09-04 20:54:57  [  7] 588170 科创半导体ETF华夏  完成  日J=-2.38 周J=6.86 月J=35.91 MA20=1.007 MA60=1.059 多头=0 价=0.9 涨=-3.74%  PE=42.81(80.22%) PB=None(None%)
2026-09-04 20:54:58  [  4] 512880 证券ETF国泰  完成  日J=79.56 周J=29.68 月J=38.07 MA20=1.089 MA60=1.104 多头=0 价=1.1 涨=0.64%  PE=13.06(5.48%) PB=1.29(19.08%)
2026-09-04 20:54:58  [  5] 588200 科创芯片ETF嘉实  完成  日J=19.62 周J=3.74 月J=30.3 MA20=1.182 MA60=1.288 多头=0 价=1.11 涨=-2.2%  PE=96.05(72.96%) PB=None(None%)
2026-09-04 20:54:58  [  6] 159516 半导体设备ETF国泰  完成  日J=1.26 周J=7.17 月J=35.7 MA20=0.728 MA60=0.766 多头=0 价=0.66 涨=-2.65%  PE=95.05(91.02%) PB=None(None%)
2026-09-04 20:54:58  [  2] 588000 科创50ETF华夏  完成  日J=16.97 周J=-3.64 月J=25.42 MA20=1.769 MA60=1.908 多头=0 价=1.67 涨=-1.94%  PE=71.28(68.92%) PB=7.38(84.89%)
2026-09-04 20:54:58  [  1] 510300 沪深300ETF华泰柏瑞  完成  日J=26.46 周J=18.33 月J=19.88 MA20=4.688 MA60=4.774 多头=0 价=4.62 涨=-0.02%  PE=13.64(64.08%) PB=1.44(43.24%)
2026-09-04 20:55:00  [  9] 563360 A500ETF华泰柏瑞  完成  日J=18.34 周J=18.89 月J=13.12 MA20=1.293 MA60=1.323 多头=0 价=1.27 涨=-0.31%  PE=15.24(49.52%) PB=None(None%)
2026-09-04 20:55:00  [ 10] 510500 中证500ETF南方  完成  日J=25.05 周J=28.56 月J=16.45 MA20=7.909 MA60=8.101 多头=0 价=7.67 涨=-1.43%  PE=25.77(62.86%) PB=2.37(76.76%)
2026-09-04 20:55:00  [ 12] 159995 芯片ETF华夏  完成  日J=13.87 周J=-0.04 月J=21.14 MA20=1.167 MA60=1.296 多头=0 价=1.09 涨=-2.24%  PE=None(None%) PB=None(None%)
2026-09-04 20:55:01  [ 15] 159949 创业板50ETF华安  完成  日J=2.72 周J=10.57 月J=-1.47 MA20=1.641 MA60=1.765 多头=0 价=1.54 涨=-0.52%  PE=None(None%) PB=None(None%)
2026-09-04 20:55:01  [ 11] 512890 红利低波ETF华泰柏瑞  完成  日J=79.25 周J=99.65 月J=100.06 MA20=1.179 MA60=1.152 多头=1 价=1.21 涨=0.83%  PE=8.04(74.61%) PB=0.88(63.04%)
2026-09-04 20:55:01  [ 14] 512170 医疗ETF华宝  完成  日J=26.74 周J=69.63 月J=46.44 MA20=0.347 MA60=0.326 多头=1 价=0.34 涨=0.29%  PE=27.71(22.46%) PB=3.46(12.08%)
2026-09-04 20:55:01  [ 13] 512400 有色金属ETF南方  完成  日J=20.2 周J=86.27 月J=10.83 MA20=1.926 MA60=1.871 多头=1 价=1.88 涨=-1.73%  PE=15.51(81.58%) PB=None(None%)
2026-09-04 20:55:02  [ 16] 159819 人工智能ETF易方达  完成  日J=54.02 周J=2.09 月J=23.63 MA20=1.77 MA60=1.908 多头=0 价=1.71 涨=-1.56%  PE=44.0(45.02%) PB=None(None%)
2026-09-04 20:55:02  [ 17] 515450 红利低波50ETF南方  完成  日J=92.93 周J=72.26 月J=77.14 MA20=1.407 MA60=1.391 多头=1 价=1.43 涨=0.85%  PE=8.58(79.8%) PB=0.88(63.04%)
2026-09-04 20:55:03  [ 18] 510050 上证50ETF华夏  完成  日J=76.7 周J=55.79 月J=39.44 MA20=3.027 MA60=3.031 多头=0 价=3.04 涨=0.3%  PE=11.18(71.65%) PB=1.25(57.64%)
2026-09-04 20:55:03  [ 19] 512480 半导体ETF国联安  完成  日J=15.0 周J=3.08 月J=24.34 MA20=1.05 MA60=1.152 多头=0 价=0.98 涨=-2.39%  PE=64.72(46.35%) PB=None(None%)
2026-09-04 20:55:04  [ 20] 510880 红利ETF华泰柏瑞  完成  日J=23.01 周J=100.59 月J=91.03 MA20=3.388 MA60=3.228 多头=1 价=3.44 涨=0.12%  PE=8.87(82.03%) PB=0.87(62.96%)
2026-09-04 20:55:04  [ 23] 515180 红利ETF易方达  完成  日J=15.68 周J=101.11 月J=77.91 MA20=1.439 MA60=1.39 多头=1 价=1.45 涨=0.0%  PE=8.64(62.6%) PB=0.86(51.96%)
2026-09-04 20:55:05  [ 21] 159326 电网设备ETF华夏  完成  日J=30.3 周J=29.52 月J=7.41 MA20=1.684 MA60=1.783 多头=0 价=1.64 涨=-0.48%  PE=11.8(69.78%) PB=None(None%)
2026-09-04 20:55:05  [ 22] 512100 中证1000ETF南方  完成  日J=41.55 周J=43.78 月J=22.74 MA20=3.11 MA60=3.18 多头=0 价=3.04 涨=-1.49%  PE=30.29(65.07%) PB=2.36(43.16%)
2026-09-04 20:55:05  [ 25] 562500 机器人ETF华夏  完成  日J=36.06 周J=9.44 月J=2.4 MA20=0.975 MA60=1.028 多头=0 价=0.94 涨=-1.68%  PE=45.86(24.32%) PB=None(None%)
2026-09-04 20:55:06  [ 26] 515050 通信ETF华夏  完成  日J=15.5 周J=25.84 月J=25.88 MA20=1.035 MA60=1.125 多头=0 价=0.99 涨=-1.39%  PE=41.78(83.18%) PB=None(None%)
2026-09-04 20:55:06  [ 27] 159992 创新药ETF银华  完成  日J=16.63 周J=38.61 月J=63.74 MA20=0.887 MA60=0.847 多头=1 价=0.84 涨=-0.71%  PE=27.1(26.54%) PB=None(None%)
2026-09-04 20:55:06  [ 24] 510180 上证180ETF华安  完成  日J=72.19 周J=48.76 月J=28.58 MA20=3.984 MA60=4.005 多头=0 价=3.97 涨=0.23%  PE=11.75(59.94%) PB=1.23(42.8%)
2026-09-04 20:55:06  [ 28] 159781 科创创业ETF易方达  完成  日J=3.36 周J=-2.11 月J=13.01 MA20=1.101 MA60=1.204 多头=0 价=1.03 涨=-0.96%  PE=38.44(53.86%) PB=None(None%)
2026-09-04 20:55:07  [ 30] 159201 自由现金流ETF华夏  完成  日J=16.11 周J=107.44 月J=23.89 MA20=1.183 MA60=1.147 多头=1 价=1.19 涨=0.85%  PE=None(None%) PB=None(None%)
2026-09-04 20:55:07  [ 29] 159530 机器人ETF易方达  完成  日J=41.29 周J=7.84 月J=1.31 MA20=1.356 MA60=1.434 多头=0 价=1.3 涨=-2.11%  PE=None(None%) PB=None(None%)
2026-09-04 20:55:08  [ 31] 159928 消费ETF汇添富  完成  日J=90.11 周J=90.17 月J=43.9 MA20=0.671 MA60=0.656 多头=1 价=0.69 涨=3.76%  PE=20.58(23.87%) PB=3.53(2.92%)
2026-09-04 20:55:09  [ 38] 159206 卫星ETF永赢  完成  日J=73.54 周J=23.06 月J=-1.0 MA20=1.383 MA60=1.469 多头=0 价=1.34 涨=-1.18%  PE=None(None%) PB=None(None%)
2026-09-04 20:55:09  [ 34] 517520 黄金股ETF永赢  完成  日J=47.27 周J=101.21 月J=24.08 MA20=2.161 MA60=1.904 多头=1 价=2.21 涨=-0.72%  PE=21.27(50.0%) PB=None(None%)
2026-09-04 20:55:10  [ 37] 512070 证券保险ETF易方达  完成  日J=83.5 周J=79.42 月J=24.35 MA20=0.796 MA60=0.798 多头=0 价=0.82 涨=0.24%  PE=7.63(0.12%) PB=None(None%)
2026-09-04 20:55:10  [ 36] 159870 化工ETF鹏华  完成  日J=38.55 周J=56.82 月J=15.96 MA20=0.812 MA60=0.815 多头=0 价=0.8 涨=-0.86%  PE=17.9(34.78%) PB=None(None%)
2026-09-04 20:55:10  [ 33] 510210 上证指数ETF富国  完成  日J=61.22 周J=86.98 月J=38.66 MA20=1.006 MA60=1.002 多头=1 价=1.01 涨=-0.2%  PE=14.75(67.92%) PB=None(None%)
2026-09-04 20:55:10  [ 35] 512690 酒ETF鹏华  完成  日J=55.04 周J=76.53 月J=27.09 MA20=0.429 MA60=0.419 多头=1 价=0.43 涨=2.14%  PE=20.24(24.27%) PB=None(None%)
2026-09-04 20:55:10  [ 32] 512010 医药ETF易方达  完成  日J=44.1 周J=58.0 月J=69.64 MA20=0.39 MA60=0.37 多头=1 价=0.38 涨=0.26%  PE=23.51(4.54%) PB=None(None%)
2026-09-04 20:55:11  [ 39] 513630 港股低波红利ETF摩根  完成  日J=40.12 周J=80.44 月J=43.59 MA20=1.588 MA60=1.555 多头=1 价=1.6 涨=1.01%  PE=None(None%) PB=None(None%)
2026-09-04 20:55:12  [ 40] 515220 煤炭ETF国泰  完成  日J=0.35 周J=96.58 月J=63.0 MA20=1.292 MA60=1.21 多头=1 价=1.3 涨=0.0%  PE=18.37(85.58%) PB=1.84(98.48%)
2026-09-04 20:55:12  [ 41] 512760 芯片ETF国泰  完成  日J=15.85 周J=-0.32 月J=23.62 MA20=1.114 MA60=1.227 多头=0 价=1.04 涨=-2.44%  PE=65.03(41.77%) PB=None(None%)
2026-09-04 20:55:13  [ 42] 512800 银行ETF华宝  完成  日J=87.26 周J=97.68 月J=107.36 MA20=0.819 MA60=0.796 多头=1 价=0.85 涨=1.19%  PE=7.14(88.46%) PB=0.7(45.52%)
2026-09-04 20:55:13  [ 46] 159869 游戏ETF华夏  完成  日J=90.82 周J=79.66 月J=6.71 MA20=1.102 MA60=1.09 多头=1 价=1.13 涨=3.01%  PE=18.63(8.51%) PB=None(None%)
2026-09-04 20:55:13  [ 43] 159611 电力ETF广发  完成  日J=76.51 周J=44.18 月J=2.2 MA20=1.045 MA60=1.055 多头=0 价=1.04 涨=-0.29%  PE=14.96(64.96%) PB=None(None%)
2026-09-04 20:55:14  [ 47] 560860 工业有色ETF万家  完成  日J=22.38 周J=73.63 月J=9.87 MA20=1.639 MA60=1.611 多头=1 价=1.6 涨=-1.72%  PE=68.98(63.21%) PB=None(None%)
2026-09-04 20:55:14  [ 44] 516650 有色金属ETF华夏  完成  日J=25.05 周J=89.03 月J=8.17 MA20=1.881 MA60=1.814 多头=1 价=1.84 涨=-1.39%  PE=17.07(20.57%) PB=None(None%)
2026-09-04 20:55:14  [ 45] 159852 软件ETF嘉实  完成  日J=66.24 周J=46.43 月J=1.46 MA20=0.691 MA60=0.692 多头=0 价=0.68 涨=1.03%  PE=61.43(57.94%) PB=None(None%)
2026-09-04 20:55:14  [ 49] 512710 军工龙头ETF富国  完成  日J=96.03 周J=52.21 月J=-0.82 MA20=0.622 MA60=0.635 多头=0 价=0.64 涨=0.63%  PE=None(None%) PB=None(None%)
2026-09-04 20:55:15  [ 50] 159263 价值ETF易方达  完成  日J=65.97 周J=100.02 月J=60.31 MA20=1.151 MA60=1.121 多头=1 价=1.17 涨=0.69%  PE=None(None%) PB=None(None%)
2026-09-04 20:55:15  [ 52] 159755 电池ETF广发  完成  日J=-0.56 周J=14.01 月J=-15.87 MA20=0.953 MA60=0.994 多头=0 价=0.89 涨=-1.22%  PE=22.36(28.64%) PB=3.16(40.68%)
2026-09-04 20:55:15  [ 48] 512660 军工ETF国泰  完成  日J=95.33 周J=39.46 月J=0.89 MA20=1.134 MA60=1.169 多头=0 价=1.15 涨=0.7%  PE=52.67(32.26%) PB=3.3(57.0%)
2026-09-04 20:55:16  [ 51] 159307 红利低波100ETF博时  完成  日J=88.62 周J=70.26 月J=64.99 MA20=1.028 MA60=1.016 多头=1 价=1.04 涨=0.58%  PE=9.05(86.57%) PB=None(None%)
2026-09-04 20:55:16  [ 54] 159363 创业板人工智能ETF华宝  完成  日J=30.72 周J=36.68 月J=24.99 MA20=1.236 MA60=1.31 多头=0 价=1.19 涨=-0.67%  PE=None(None%) PB=None(None%)
2026-09-04 20:55:17  [ 53] 159865 养殖ETF国泰  完成  日J=81.23 周J=106.59 月J=39.88 MA20=0.542 MA60=0.526 多头=1 价=0.57 涨=4.6%  PE=23.17(54.55%) PB=None(None%)
2026-09-04 20:55:17  [ 56] 159851 金融科技ETF华宝  完成  日J=74.26 周J=91.38 月J=11.26 MA20=0.628 MA60=0.623 多头=1 价=0.65 涨=2.52%  PE=32.99(11.88%) PB=None(None%)
2026-09-04 20:55:17  [ 57] 588220 科创100ETF鹏华  完成  日J=12.92 周J=28.34 月J=30.0 MA20=1.795 MA60=1.853 多头=0 价=1.7 涨=-2.47%  PE=None(None%) PB=None(None%)
2026-09-04 20:55:18  [ 55] 563300 中证2000ETF华泰柏瑞  完成  日J=74.34 周J=61.2 月J=35.94 MA20=1.428 MA60=1.447 多头=0 价=1.43 涨=-1.38%  PE=40.74(70.34%) PB=None(None%)
2026-09-04 20:55:18  [ 58] 159259 成长ETF易方达  完成  日J=18.23 周J=23.97 月J=23.87 MA20=1.339 MA60=1.452 多头=0 价=1.27 涨=-2.75%  PE=None(None%) PB=None(None%)
2026-09-04 20:55:18  [ 59] 516150 稀土ETF嘉实  完成  日J=11.24 周J=32.1 月J=4.42 MA20=1.759 MA60=1.816 多头=0 价=1.67 涨=-1.65%  PE=27.93(23.92%) PB=None(None%)
2026-09-04 20:55:19  [ 62] 561980 半导体设备ETF招商  完成  日J=3.72 周J=1.97 月J=37.06 MA20=0.702 MA60=0.745 多头=0 价=0.64 涨=-2.72%  PE=None(None%) PB=None(None%)
2026-09-04 20:55:19  [ 61] 512950 央企改革ETF华夏  完成  日J=37.55 周J=38.98 月J=20.02 MA20=1.51 MA60=1.524 多头=0 价=1.49 涨=-0.13%  PE=15.83(83.78%) PB=None(None%)
2026-09-04 20:55:19  [ 60] 515980 人工智能ETF华富  完成  日J=61.01 周J=11.07 月J=26.18 MA20=1.034 MA60=1.108 多头=0 价=1.0 涨=-1.87%  PE=45.72(73.8%) PB=None(None%)
2026-09-04 20:55:19  [ 63] 159967 创业板成长ETF华夏  完成  日J=5.57 周J=17.11 月J=19.97 MA20=0.794 MA60=0.863 多头=0 价=0.74 涨=-1.86%  PE=None(None%) PB=None(None%)
2026-09-04 20:55:19  全部完成，结果已写入 /home/runner/work/daily-stock-metrics/daily-stock-metrics/output_etf/2026-09-04/metrics_2026-09-04.csv
2026-09-04 20:55:19  步骤2完成 -> /home/runner/work/daily-stock-metrics/daily-stock-metrics/output_etf/2026-09-04/metrics_2026-09-04.csv
2026-09-04 20:55:19  步骤3: 生成 HTML 总结报告...
2026-09-04 20:55:21  步骤3完成 -> /home/runner/work/daily-stock-metrics/daily-stock-metrics/output_etf/2026-09-04/report_2026-09-04.html
2026-09-04 20:55:21  步骤4: 发送邮件报告...
2026-09-04 20:55:24  步骤4完成: 邮件已发送
2026-09-04 20:55:24  ===== 全部完成 2026-09-04 =====
