2026-08-05 17:02:18  ===== 开始每日港股通指标任务 2026-08-05 =====
2026-08-05 17:02:18  步骤1: 获取港股通总市值前100标的...
获取港股通标的列表(共取市值前 100 只)...
接口返回 100 只港股通标的
2026-08-05 17:02:19  步骤1完成 -> C:\Users\hailo\Desktop\每周自动指标\output_hk\2026-08-05\hk_list_2026-08-05.csv
2026-08-05 17:02:19  步骤2: 计算 KDJ-J(日/周/月)...
2026-08-05 17:02:21  [  1] 00700 腾讯控股  完成  日J=110.13 周J=100.36 月J=21.22 价=492.2 涨=0.94%  PE=17.02(None%) PB=3.52(None%)
2026-08-05 17:02:23  [  2] 03750 宁德时代  完成  日J=97.0 周J=30.76 月J=57.77 价=663.0 涨=2.08%  PE=31.84(None%) PB=7.02(None%)
2026-08-05 17:02:24  [  3] 00005 汇丰控股  完成  日J=33.37 周J=88.41 月J=92.66 价=162.1 涨=-2.64%  PE=14.77(None%) PB=2.05(None%)
2026-08-05 17:02:25  [  4] 01398 工商银行  完成  日J=9.34 周J=85.93 月J=72.88 价=7.21 涨=-0.76%  PE=6.18(None%) PB=0.58(None%)
2026-08-05 17:02:27  [  5] 09988 阿里巴巴-W  完成  日J=106.66 周J=103.39 月J=30.83 价=128.1 涨=1.83%  PE=20.94(None%) PB=2.02(None%)
2026-08-05 17:02:28  [  6] 00939 建设银行  完成  日J=11.81 周J=82.81 月J=74.8 价=8.8 涨=-1.01%  PE=6.02(None%) PB=0.57(None%)
2026-08-05 17:02:29  [  7] 01288 农业银行  完成  日J=9.91 周J=76.78 月J=63.36 价=5.94 涨=-1.0%  PE=6.31(None%) PB=0.65(None%)
2026-08-05 17:02:31  [  8] 00941 中国移动  完成  日J=33.26 周J=86.41 月J=54.04 价=82.7 涨=0.24%  PE=11.81(None%) PB=1.08(None%)
2026-08-05 17:02:32  [  9] 00857 中国石油股份  完成  日J=-2.77 周J=61.92 月J=25.16 价=9.49 涨=-1.61%  PE=9.79(None%) PB=0.94(None%)
2026-08-05 17:02:33  [ 10] 03988 中国银行  完成  日J=2.54 周J=71.75 月J=78.45 价=5.27 涨=-1.22%  PE=6.19(None%) PB=0.55(None%)
2026-08-05 17:02:34  [ 11] 03968 招商银行  完成  日J=18.94 周J=90.14 月J=53.4 价=48.76 涨=-1.42%  PE=7.29(None%) PB=0.96(None%)
2026-08-05 17:02:36  [ 12] 00883 中国海洋石油  完成  日J=22.28 周J=53.18 月J=13.24 价=22.96 涨=-2.63%  PE=7.8(None%) PB=1.15(None%)
2026-08-05 17:02:37  [ 13] 02318 中国平安  完成  日J=61.02 周J=103.1 月J=16.08 价=58.0 涨=0.26%  PE=7.08(None%) PB=0.91(None%)
2026-08-05 17:02:38  [ 14] 02899 紫金矿业  完成  日J=80.74 周J=109.09 月J=20.91 价=35.2 涨=6.41%  PE=13.56(None%) PB=4.19(None%)
2026-08-05 17:02:39  [ 15] 01088 中国神华  完成  日J=-0.72 周J=48.5 月J=24.0 价=42.14 涨=-0.09%  PE=15.49(None%) PB=1.63(None%)
2026-08-05 17:02:41  [ 16] 01211 比亚迪股份  完成  日J=72.0 周J=107.9 月J=57.92 价=93.8 涨=0.37%  PE=27.75(None%) PB=3.26(None%)
2026-08-05 17:02:42  [ 17] 02628 中国人寿  完成  日J=88.68 周J=54.72 月J=32.39 价=29.26 涨=2.74%  PE=5.12(None%) PB=1.22(None%)
2026-08-05 17:02:44  [ 18] 01299 友邦保险  完成  日J=29.75 周J=89.35 月J=22.17 价=77.75 涨=-0.38%  PE=16.58(None%) PB=2.43(None%)
2026-08-05 17:02:45  [ 19] 00300 美的集团  完成  日J=49.64 周J=106.83 月J=88.99 价=97.55 涨=0.62%  PE=15.02(None%) PB=2.82(None%)
2026-08-05 17:02:46  [ 20] 01810 小米集团-W  完成  日J=6.88 周J=75.83 月J=25.74 价=27.64 涨=-1.14%  PE=18.03(None%) PB=2.38(None%)
2026-08-05 17:02:47  [ 21] 09999 网易  完成  日J=86.38 周J=58.81 月J=55.43 价=202.6 涨=-1.46%  PE=16.97(None%) PB=3.46(None%)
2026-08-05 17:02:49  [ 22] 03328 交通银行  完成  日J=17.78 周J=72.15 月J=72.97 价=7.33 涨=-0.68%  PE=6.0(None%) PB=0.49(None%)
2026-08-05 17:02:50  [ 23] 01658 邮储银行  完成  日J=1.85 周J=66.07 月J=32.95 价=4.87 涨=-1.42%  PE=5.93(None%) PB=0.5(None%)
2026-08-05 17:02:51  [ 24] 00981 中芯国际  完成  日J=46.37 周J=3.32 月J=41.51 价=68.0 涨=4.13%  PE=107.48(None%) PB=3.21(None%)
2026-08-05 17:02:53  [ 25] 03690 美团-W  完成  日J=85.59 周J=115.71 月J=73.78 价=93.05 涨=0.38%  PE=-12.92(None%) PB=3.38(None%)
2026-08-05 17:02:54  [ 26] 02359 药明康德  完成  日J=98.08 周J=99.74 月J=97.56 价=183.5 涨=1.33%  PE=21.82(None%) PB=5.67(None%)
2026-08-05 17:02:55  [ 27] 02388 中银香港  完成  日J=51.42 周J=96.18 月J=86.09 价=50.65 涨=-0.49%  PE=13.35(None%) PB=1.49(None%)
2026-08-05 17:02:57  [ 28] 00388 香港交易所  完成  日J=98.26 周J=116.7 月J=52.86 价=414.6 涨=1.62%  PE=27.86(None%) PB=9.53(None%)
2026-08-05 17:02:58  [ 29] 00386 中国石油化工股份  完成  日J=34.91 周J=93.72 月J=5.99 价=4.33 涨=-0.46%  PE=12.81(None%) PB=0.55(None%)
2026-08-05 17:02:59  [ 30] 02888 渣打集团  完成  日J=83.28 周J=93.97 月J=96.75 价=234.0 涨=-0.43%  PE=12.14(None%) PB=1.41(None%)
2026-08-05 17:03:00  [ 31] 02513 智谱  完成  日J=39.0 周J=-7.43 月J=24.03 价=1041.0 涨=3.07%  PE=-93.19(None%) PB=-4.68(None%)
2026-08-05 17:03:02  [ 32] 09633 农夫山泉  完成  日J=42.66 周J=52.67 月J=6.39 价=42.02 涨=-1.45%  PE=26.9(None%) PB=10.81(None%)
2026-08-05 17:03:03  [ 33] 00728 中国电信  完成  日J=9.2 周J=44.02 月J=17.38 价=4.59 涨=-0.54%  PE=11.86(None%) PB=0.79(None%)
2026-08-05 17:03:05  [ 34] 00998 中信银行  完成  日J=21.11 周J=91.36 月J=39.05 价=7.5 涨=-0.99%  PE=5.23(None%) PB=0.5(None%)
2026-08-05 17:03:06  [ 35] 06030 中信证券  完成  日J=13.22 周J=61.41 月J=49.5 价=27.28 涨=0.74%  PE=10.72(None%) PB=1.22(None%)
2026-08-05 17:03:07  [ 36] 03993 洛阳钼业  完成  日J=77.1 周J=63.35 月J=16.45 价=18.47 涨=8.65%  PE=14.62(None%) PB=3.93(None%)
2026-08-05 17:03:08  [ 37] 01276 恒瑞医药  完成  日J=64.6 周J=66.86 月J=13.75 价=58.3 涨=1.13%  PE=42.56(None%) PB=5.37(None%)
2026-08-05 17:03:10  [ 38] 02328 中国财险  完成  日J=60.38 周J=83.92 月J=47.65 价=16.0 涨=-0.93%  PE=8.43(None%) PB=1.07(None%)
2026-08-05 17:03:11  [ 39] 00016 新鸿基地产  完成  日J=54.15 周J=74.68 月J=40.72 价=121.7 涨=-0.73%  PE=16.03(None%) PB=0.57(None%)
2026-08-05 17:03:12  [ 40] 00267 中信股份  完成  日J=23.98 周J=51.98 月J=33.99 价=12.02 涨=0.08%  PE=5.38(None%) PB=0.4(None%)
2026-08-05 17:03:13  [ 41] 02259 紫金黄金国际  完成  日J=67.34 周J=103.93 月J=5.65 价=129.0 涨=10.16%  PE=27.7(None%) PB=5.3(None%)
2026-08-05 17:03:15  [ 42] 03986 兆易创新  完成  日J=44.23 周J=-12.23 月J=19.9 价=486.0 涨=5.7%  PE=105.74(None%) PB=11.9(None%)
2026-08-05 17:03:16  [ 43] 06809 澜起科技  完成  日J=17.59 周J=-0.89 月J=38.1 价=270.4 涨=2.97%  PE=115.17(None%) PB=14.0(None%)
2026-08-05 17:03:17  [ 44] 00992 联想集团  完成  日J=93.53 周J=76.76 月J=104.73 价=26.28 涨=4.45%  PE=21.76(None%) PB=5.45(None%)
2026-08-05 17:03:19  [ 45] 06160 百济神州  完成  日J=49.08 周J=105.12 月J=54.92 价=198.7 涨=2.63%  PE=76.52(None%) PB=9.02(None%)
2026-08-05 17:03:20  [ 46] 02338 潍柴动力  完成  日J=98.73 周J=36.97 月J=58.14 价=35.32 涨=4.87%  PE=24.11(None%) PB=2.85(None%)
2026-08-05 17:03:22  [ 47] 02601 中国太保  完成  日J=30.08 周J=73.09 月J=11.69 价=30.44 涨=0.86%  PE=4.87(None%) PB=0.81(None%)
2026-08-05 17:03:23  [ 48] 02378 保诚  完成  日J=52.35 周J=95.78 月J=41.68 价=113.7 涨=-0.87%  PE=9.2(None%) PB=1.85(None%)
2026-08-05 17:03:24  [ 49] 00001 长和  完成  日J=80.9 周J=105.78 月J=97.49 价=73.7 涨=-0.41%  PE=23.84(None%) PB=0.5(None%)
2026-08-05 17:03:26  [ 50] 00669 创科实业  完成  日J=101.88 周J=95.82 月J=105.11 价=143.8 涨=8.12%  PE=25.81(None%) PB=4.5(None%)
2026-08-05 17:03:27  [ 51] 02611 国泰海通  完成  日J=7.85 周J=46.9 月J=26.52 价=14.63 涨=0.62%  PE=10.42(None%) PB=0.7(None%)
2026-08-05 17:03:28  [ 52] 01347 华虹宏力  完成  日J=50.3 周J=-2.81 月J=47.03 价=141.5 涨=4.74%  PE=437.58(None%) PB=4.66(None%)
2026-08-05 17:03:29  [ 53] 01339 中国人民保险集团  完成  日J=54.54 周J=96.44 月J=10.7 价=5.43 涨=0.74%  PE=5.09(None%) PB=0.66(None%)
2026-08-05 17:03:30  [ 54] 01378 中国宏桥  完成  日J=57.03 周J=61.33 月J=-1.38 价=24.04 涨=2.3%  PE=9.42(None%) PB=1.63(None%)
2026-08-05 17:03:32  [ 55] 01109 华润置地  完成  日J=17.32 周J=44.57 月J=42.67 价=33.08 涨=-1.02%  PE=8.38(None%) PB=0.74(None%)
2026-08-05 17:03:33  [ 56] 01919 中远海控  完成  日J=-4.39 周J=101.53 月J=61.69 价=15.19 涨=-0.26%  PE=8.24(None%) PB=0.87(None%)
2026-08-05 17:03:34  [ 57] 02476 胜宏科技  完成  日J=74.17 周J=5.28 月J=5.81 价=221.2 涨=16.18%  PE=41.52(None%) PB=9.79(None%)
2026-08-05 17:03:35  [ 58] 09992 泡泡玛特  完成  日J=12.69 周J=35.09 月J=6.89 价=161.4 涨=0.75%  PE=15.2(None%) PB=8.79(None%)
2026-08-05 17:03:37  [ 59] 02020 安踏体育  完成  日J=-3.36 周J=86.74 月J=44.31 价=75.55 涨=0.2%  PE=14.04(None%) PB=2.9(None%)
2026-08-05 17:03:38  [ 60] 00175 吉利汽车  完成  日J=33.82 周J=84.24 月J=35.42 价=19.43 涨=1.83%  PE=12.16(None%) PB=1.94(None%)
2026-08-05 17:03:40  [ 61] 00762 中国联通  完成  日J=2.63 周J=36.7 月J=12.59 价=6.59 涨=-0.75%  PE=9.1(None%) PB=0.49(None%)
2026-08-05 17:03:41  [ 62] 00066 港铁公司  完成  日J=7.75 周J=82.77 月J=26.42 价=32.2 涨=-0.37%  PE=13.66(None%) PB=1.04(None%)
2026-08-05 17:03:42  [ 63] 06690 海尔智家  完成  日J=-9.35 周J=70.86 月J=15.77 价=21.06 涨=0.0%  PE=9.42(None%) PB=1.39(None%)
2026-08-05 17:03:44  [ 64] 01024 快手-W  完成  日J=104.95 周J=63.78 月J=-1.55 价=45.48 涨=-0.09%  PE=10.05(None%) PB=2.13(None%)
2026-08-05 17:03:45  [ 65] 06031 三一重工  完成  日J=71.37 周J=84.65 月J=26.46 价=21.16 涨=0.67%  PE=20.6(None%) PB=1.9(None%)
2026-08-05 17:03:46  [ 66] 00002 中电控股  完成  日J=3.02 周J=90.88 月J=88.37 价=76.45 涨=-0.59%  PE=18.45(None%) PB=1.79(None%)
2026-08-05 17:03:48  [ 67] 03692 翰森制药  完成  日J=12.6 周J=60.77 月J=4.75 价=31.42 涨=0.06%  PE=30.98(None%) PB=4.86(None%)
2026-08-05 17:03:50  [ 68] 03288 海天味业  完成  日J=33.92 周J=90.47 月J=38.34 价=32.34 涨=0.31%  PE=23.15(None%) PB=3.98(None%)
2026-08-05 17:03:51  [ 69] 06818 中国光大银行  完成  日J=3.8 周J=46.15 月J=21.4 价=3.11 涨=-0.8%  PE=4.33(None%) PB=0.32(None%)
2026-08-05 17:03:52  [ 70] 02714 牧原股份  完成  日J=10.59 周J=73.89 月J=6.83 价=31.4 涨=-0.7%  PE=16.62(None%) PB=1.86(None%)
2026-08-05 17:03:54  [ 71] 00788 中国铁塔  完成  日J=63.79 周J=107.84 月J=20.39 价=9.96 涨=0.81%  PE=13.62(None%) PB=0.78(None%)
2026-08-05 17:03:55  [ 72] 06936 顺丰控股  完成  日J=28.01 周J=108.73 月J=56.28 价=33.04 涨=-0.06%  PE=13.63(None%) PB=1.46(None%)
2026-08-05 17:03:56  [ 73] 01113 长实集团  完成  日J=35.23 周J=98.1 月J=61.61 价=48.18 涨=0.58%  PE=15.55(None%) PB=0.43(None%)
2026-08-05 17:03:58  [ 74] 02269 药明生物  完成  日J=87.08 周J=103.62 月J=69.97 价=40.62 涨=0.4%  PE=30.97(None%) PB=3.21(None%)
2026-08-05 17:03:59  [ 75] 01801 信达生物  完成  日J=61.35 周J=70.9 月J=58.43 价=90.3 涨=4.15%  PE=174.53(None%) PB=7.31(None%)
2026-08-05 17:04:01  [ 76] 01038 长江基建集团  完成  日J=14.34 周J=99.95 月J=59.29 价=61.75 涨=-0.32%  PE=18.82(None%) PB=1.22(None%)
2026-08-05 17:04:02  [ 77] 01377 鼎泰高科  完成  日J=94.49 周J=36.01 月J=None 价=366.0 涨=7.65%  PE=222.81(None%) PB=45.66(None%)
2026-08-05 17:04:03  [ 78] 02423 贝壳-W  完成  日J=107.15 周J=86.29 月J=54.4 价=44.6 涨=-0.36%  PE=40.54(None%) PB=2.16(None%)
2026-08-05 17:04:05  [ 79] 09973 奇瑞汽车  完成  日J=92.04 周J=76.04 月J=28.45 价=26.54 涨=-0.52%  PE=7.43(None%) PB=2.47(None%)
2026-08-05 17:04:10  [ 80] 01336 新华保险  完成  日J=72.35 周J=56.82 月J=9.2 价=49.06 涨=2.25%  PE=3.72(None%) PB=1.09(None%)
2026-08-05 17:04:11  [ 81] 01988 民生银行  完成  日J=4.44 周J=95.25 月J=27.99 价=3.48 涨=-1.13%  PE=4.61(None%) PB=0.23(None%)
2026-08-05 17:04:12  [ 82] 06886 华泰证券  完成  日J=32.32 周J=50.36 月J=22.85 价=16.9 涨=0.66%  PE=7.77(None%) PB=0.76(None%)
2026-08-05 17:04:14  [ 83] 03606 福耀玻璃  完成  日J=57.98 周J=100.28 月J=40.15 价=57.85 涨=0.35%  PE=15.02(None%) PB=3.41(None%)
2026-08-05 17:04:15  [ 84] 01766 中国中车  完成  日J=66.12 周J=76.54 月J=30.58 价=5.2 涨=0.19%  PE=9.87(None%) PB=0.75(None%)
2026-08-05 17:04:16  [ 85] 02600 中国铝业  完成  日J=81.6 周J=37.63 月J=-5.89 价=8.64 涨=3.04%  PE=9.01(None%) PB=1.62(None%)
2026-08-05 17:04:18  [ 86] 00027 银河娱乐  完成  日J=66.75 周J=106.7 月J=18.43 价=33.6 涨=0.96%  PE=13.79(None%) PB=1.77(None%)
2026-08-05 17:04:19  [ 87] 02057 中通快递-W  完成  日J=75.55 周J=90.52 月J=65.85 价=190.8 涨=-0.42%  PE=14.15(None%) PB=2.09(None%)
2026-08-05 17:04:20  [ 88] 01816 中广核电力  完成  日J=35.14 周J=65.31 月J=6.19 价=2.88 涨=-1.87%  PE=13.67(None%) PB=1.02(None%)
2026-08-05 17:04:22  [ 89] 00688 中国海外发展  完成  日J=1.86 周J=26.85 月J=32.12 价=13.2 涨=-0.38%  PE=10.28(None%) PB=0.34(None%)
2026-08-05 17:04:23  [ 90] 01898 中煤能源  完成  日J=-3.73 周J=27.38 月J=-3.26 价=10.44 涨=-0.29%  PE=8.6(None%) PB=0.75(None%)
2026-08-05 17:04:24  [ 91] 01972 太古地产  完成  日J=80.41 周J=108.95 月J=39.48 价=24.0 涨=-0.17%  PE=-90.14(None%) PB=0.51(None%)
2026-08-05 17:04:26  [ 92] 00012 恒基地产  完成  日J=47.5 周J=86.39 月J=16.31 价=28.26 涨=0.86%  PE=24.2(None%) PB=0.42(None%)
2026-08-05 17:04:27  [ 93] 01776 广发证券  完成  日J=52.96 周J=50.71 月J=47.25 价=17.27 涨=1.23%  PE=7.72(None%) PB=0.87(None%)
2026-08-05 17:04:28  [ 94] 00358 江西铜业股份  完成  日J=78.99 周J=69.86 月J=16.75 价=38.08 涨=7.33%  PE=14.27(None%) PB=1.38(None%)
2026-08-05 17:04:29  [ 95] 09903 天数智芯  完成  日J=48.15 周J=8.18 月J=47.24 价=484.2 涨=1.04%  PE=-117.29(None%) PB=42.54(None%)
2026-08-05 17:04:31  [ 96] 09987 百胜中国  完成  日J=79.78 周J=97.93 月J=37.92 价=379.0 涨=-0.47%  PE=17.14(None%) PB=3.11(None%)
2026-08-05 17:04:32  [ 97] 06099 招商证券  完成  日J=54.58 周J=2.04 月J=42.66 价=14.95 涨=1.01%  PE=8.74(None%) PB=0.92(None%)
2026-08-05 17:04:33  [ 98] 00003 香港中华煤气  完成  日J=-16.58 周J=75.36 月J=20.8 价=6.83 涨=-1.09%  PE=22.41(None%) PB=2.15(None%)
2026-08-05 17:04:35  [ 99] 06618 京东健康  完成  日J=70.47 周J=104.42 月J=1.8 价=39.36 涨=0.41%  PE=21.09(None%) PB=1.9(None%)
2026-08-05 17:04:36  [100] 00006 电能实业  完成  日J=8.67 周J=83.21 月J=40.81 价=58.2 涨=0.0%  PE=19.89(None%) PB=1.37(None%)
2026-08-05 17:04:36  全部完成，结果已写入 C:\Users\hailo\Desktop\每周自动指标\output_hk\2026-08-05\metrics_2026-08-05.csv
2026-08-05 17:04:36  步骤2完成 -> C:\Users\hailo\Desktop\每周自动指标\output_hk\2026-08-05\metrics_2026-08-05.csv
2026-08-05 17:04:36  步骤3: 生成 HTML 总结报告...
2026-08-05 17:04:36  步骤3完成 -> C:\Users\hailo\Desktop\每周自动指标\output_hk\2026-08-05\report_2026-08-05.html
2026-08-05 17:04:36  步骤4: 发送邮件报告...
2026-08-05 17:04:38  步骤4完成: 邮件已发送
2026-08-05 17:04:38  ===== 全部完成 2026-08-05 =====
2026-08-05 19:00:13  今日(2026-08-05)已完成，跳过。结果目录: C:\Users\hailo\Desktop\每周自动指标\output_hk\2026-08-05
