2026-09-16 21:41:21  ===== 开始每日ETF指标任务 2026-09-16 =====
2026-09-16 21:41:21  步骤1: 获取场内规模前100的ETF...
[  1] 510300 沪深300ETF华泰柏瑞  规模=1071.19亿  跟踪=沪深300指数  主题=沪深300
[  2] 588000 科创50ETF华夏  规模=950.39亿  跟踪=上证科创板50成份指数  主题=科创板
[  3] 159915 创业板ETF易方达  规模=676.17亿  跟踪=创业板指数(价格)  主题=创业板
[  4] 512880 证券ETF国泰  规模=597.14亿  跟踪=中证全指证券公司指数  主题=证券
[  5] 510310 沪深300ETF易方达  规模=501.81亿  跟踪=沪深300指数  主题=沪深300
[  6] 588200 科创芯片ETF嘉实  规模=491.3亿  跟踪=上证科创板芯片指数  主题=半导体
[  7] 515880 通信ETF国泰  规模=438.11亿  跟踪=中证全指通信设备指数  主题=通信
[  8] 588080 科创50ETF易方达  规模=436.32亿  跟踪=上证科创板50成份指数  主题=科创板
[  9] 510500 中证500ETF南方  规模=424.8亿  跟踪=中证500指数  主题=中证500
[ 10] 159516 半导体设备ETF国泰  规模=422.64亿  跟踪=中证半导体材料设备主题指数  主题=半导体
[ 11] 588170 科创半导体ETF华夏  规模=411.02亿  跟踪=上证科创板半导体材料设备主题指数  主题=半导体
[ 12] 510330 沪深300ETF华夏  规模=395.55亿  跟踪=沪深300指数  主题=沪深300
[ 13] 563360 A500ETF华泰柏瑞  规模=389.3亿  跟踪=中证A500指数  主题=中证A500
[ 14] 512000 券商ETF华宝  规模=366.26亿  跟踪=中证全指证券公司指数  主题=证券
[ 15] 159352 A500ETF南方  规模=330.85亿  跟踪=中证A500指数  主题=中证A500
[ 16] 512890 红利低波ETF华泰柏瑞  规模=311.65亿  跟踪=中证红利低波动指数  主题=红利
[ 17] 159919 沪深300ETF嘉实  规模=300.95亿  跟踪=沪深300指数  主题=沪深300
[ 18] 159995 芯片ETF华夏  规模=277.47亿  跟踪=国证半导体芯片指数  主题=半导体
[ 19] 159361 A500ETF易方达  规模=270.68亿  跟踪=中证A500指数  主题=中证A500
[ 20] 159338 中证A500ETF国泰  规模=253.5亿  跟踪=中证A500指数  主题=中证A500
[ 21] 512400 有色金属ETF南方  规模=251.76亿  跟踪=有色金属  主题=有色金属
[ 22] 159949 创业板50ETF华安  规模=250.0亿  跟踪=创业板50指数  主题=创业板
[ 23] 512170 医疗ETF华宝  规模=240.57亿  跟踪=中证医疗指数  主题=医药
[ 24] 510050 上证50ETF华夏  规模=214.26亿  跟踪=上证50指数  主题=上证50
[ 25] 159819 人工智能ETF易方达  规模=210.02亿  跟踪=中证人工智能主题指数  主题=人工智能
[ 26] 159558 半导体设备ETF易方达  规模=204.77亿  跟踪=中证半导体材料设备主题指数  主题=半导体
[ 27] 512480 半导体ETF国联安  规模=203.8亿  跟踪=中证全指半导体产品与设备指数  主题=半导体
[ 28] 515450 红利低波50ETF南方  规模=199.83亿  跟踪=标普中国A股大盘红利低波50指数  主题=红利
[ 29] 510880 红利ETF华泰柏瑞  规模=191.3亿  跟踪=上证红利指数  主题=红利
[ 30] 512050 A500ETF华夏  规模=191.15亿  跟踪=中证A500指数  主题=中证A500
[ 31] 159326 电网设备ETF华夏  规模=187.85亿  跟踪=中证电网设备主题指数  主题=其他
[ 32] 515050 通信ETF华夏  规模=185.8亿  跟踪=中证5G通信主题指数  主题=通信
[ 33] 512100 中证1000ETF南方  规模=180.52亿  跟踪=中证1000指数  主题=中证1000
[ 34] 515180 红利ETF易方达  规模=180.03亿  跟踪=中证红利指数  主题=红利
[ 35] 510180 上证180ETF华安  规模=171.87亿  跟踪=上证180指数  主题=上证180
[ 36] 562500 机器人ETF华夏  规模=169.41亿  跟踪=中证机器人指数  主题=机器人
[ 37] 159781 科创创业ETF易方达  规模=165.3亿  跟踪=中证科创创业50指数  主题=科创板
[ 38] 159992 创新药ETF银华  规模=161.08亿  跟踪=中证创新药产业指数  主题=医药
[ 39] 159530 机器人ETF易方达  规模=158.95亿  跟踪=国证机器人产业指数  主题=机器人
[ 40] 159201 自由现金流ETF华夏  规模=156.94亿  跟踪=国证自由现金流指数  主题=货币市场
[ 41] 510210 上证指数ETF富国  规模=150.08亿  跟踪=上证综合指数  主题=其他
[ 42] 159928 消费ETF汇添富  规模=149.23亿  跟踪=中证主要消费指数  主题=消费
[ 43] 512010 医药ETF易方达  规模=147.62亿  跟踪=沪深300医药卫生指数  主题=医药
[ 44] 517520 黄金股ETF永赢  规模=137.11亿  跟踪=中证沪深港黄金产业股票指数  主题=黄金
[ 45] 512690 酒ETF鹏华  规模=131.73亿  跟踪=中证酒指数  主题=白酒
[ 46] 512070 证券保险ETF易方达  规模=128.9亿  跟踪=沪深300非银行金融指数  主题=证券
[ 47] 560780 半导体设备ETF广发  规模=127.75亿  跟踪=中证半导体材料设备主题指数  主题=半导体
[ 48] 159206 卫星ETF永赢  规模=126.83亿  跟踪=国证商用卫星通信产业指数  主题=通信
[ 49] 159870 化工ETF鹏华  规模=126.51亿  跟踪=细分化工  主题=化工
[ 50] 563020 红利低波ETF易方达  规模=119.91亿  跟踪=中证红利低波动指数  主题=红利
[ 51] 159841 证券ETF天弘  规模=117.67亿  跟踪=中证全指证券公司指数  主题=证券
[ 52] 159952 创业板ETF广发  规模=116.21亿  跟踪=创业板指数(价格)  主题=创业板
[ 53] 513630 港股低波红利ETF摩根  规模=115.78亿  跟踪=标普港股通低波红利指数  主题=红利
[ 54] 588050 科创50ETF工银  规模=112.67亿  跟踪=上证科创板50成份指数  主题=科创板
[ 55] 588710 科创半导体设备ETF华泰柏瑞  规模=109.27亿  跟踪=上证科创板半导体材料设备主题指数  主题=半导体
[ 56] 512760 芯片ETF国泰  规模=108.71亿  跟踪=中华交易服务半导体芯片行业人民币指数  主题=半导体
[ 57] 515120 创新药ETF广发  规模=108.41亿  跟踪=中证创新药产业指数  主题=医药
[ 58] 515080 XD中证红利ETF招商  规模=108.24亿  跟踪=中证红利指数  主题=红利
[ 59] 563800 A500ETF广发  规模=107.01亿  跟踪=中证A500指数  主题=中证A500
[ 60] 515220 煤炭ETF国泰  规模=103.35亿  跟踪=中证煤炭指数  主题=煤炭
[ 61] 512800 银行ETF华宝  规模=98.29亿  跟踪=中证银行指数  主题=银行
[ 62] 159611 电力ETF广发  规模=95.79亿  跟踪=中证全指电力公用事业指数  主题=电力
[ 63] 516650 有色金属ETF华夏  规模=95.18亿  跟踪=细分有色  主题=有色金属
[ 64] 159852 软件ETF嘉实  规模=92.95亿  跟踪=中证软件服务指数  主题=计算机
[ 65] 159842 券商ETF银华  规模=90.63亿  跟踪=中证全指证券公司指数  主题=证券
[ 66] 562590 半导体设备ETF华夏  规模=88.49亿  跟踪=中证半导体材料设备主题指数  主题=半导体
[ 67] 159259 成长ETF易方达  规模=86.38亿  跟踪=国证成长100指数  主题=成长
[ 68] 159351 A500ETF嘉实  规模=85.49亿  跟踪=中证A500指数  主题=中证A500
[ 69] 159263 价值ETF易方达  规模=85.06亿  跟踪=国证价值100指数  主题=价值
[ 70] 560860 工业有色ETF万家  规模=84.53亿  跟踪=中证工业有色金属主题指数  主题=有色金属
[ 71] 588060 科创50ETF广发  规模=83.51亿  跟踪=上证科创板50成份指数  主题=科创板
[ 72] 159922 中证500ETF嘉实  规模=83.27亿  跟踪=中证500指数  主题=中证500
[ 73] 515070 人工智能ETF华夏  规模=82.28亿  跟踪=中证人工智能主题指数  主题=人工智能
[ 74] 159869 游戏ETF华夏  规模=82.03亿  跟踪=中证动漫游戏指数  主题=传媒
[ 75] 515330 沪深300ETF天弘  规模=80.53亿  跟踪=沪深300指数  主题=沪深300
[ 76] 512500 中证500ETF华夏  规模=78.76亿  跟踪=中证500指数  主题=中证500
[ 77] 563220 A500ETF富国  规模=78.47亿  跟踪=中证A500指数  主题=中证A500
[ 78] 512660 军工ETF国泰  规模=77.6亿  跟踪=中证军工指数  主题=军工
[ 79] 512900 证券ETF南方  规模=77.46亿  跟踪=中证全指证券公司指数  主题=证券
[ 80] 588750 科创芯片ETF汇添富  规模=74.21亿  跟踪=上证科创板芯片指数  主题=半导体
[ 81] 159363 创业板人工智能ETF华宝  规模=72.29亿  跟踪=创业板人工智能指数  主题=人工智能
[ 82] 512710 军工龙头ETF富国  规模=70.06亿  跟踪=中证军工龙头指数  主题=军工
[ 83] 159755 电池ETF广发  规模=67.61亿  跟踪=国证新能源车电池指数  主题=新能源
[ 84] 159307 红利低波100ETF博时  规模=67.56亿  跟踪=中证红利低波动100指数  主题=红利
[ 85] 159845 中证1000ETF华夏  规模=66.58亿  跟踪=中证1000指数  主题=中证1000
[ 86] 159813 半导体ETF鹏华  规模=66.37亿  跟踪=国证半导体芯片指数  主题=半导体
[ 87] 159157 有色金属ETF天弘  规模=66.08亿  跟踪=中证工业有色金属主题指数  主题=有色金属
[ 88] 159977 创业板ETF天弘  规模=65.18亿  跟踪=创业板指数(价格)  主题=创业板
[ 89] 159865 养殖ETF国泰  规模=63.75亿  跟踪=中证畜牧养殖指数  主题=农业
[ 90] 588220 科创100ETF鹏华  规模=63.63亿  跟踪=上证科创板100指数  主题=科创板
[ 91] 515980 人工智能ETF华富  规模=63.5亿  跟踪=中证人工智能产业指数  主题=人工智能
[ 92] 516150 稀土ETF嘉实  规模=63.18亿  跟踪=中证稀土产业指数  主题=有色金属
[ 93] 159851 金融科技ETF华宝  规模=62.91亿  跟踪=中证金融科技主题指数  主题=其他
[ 94] 560610 A500ETF招商  规模=60.59亿  跟踪=中证A500指数  主题=中证A500
[ 95] 512950 央企改革ETF华夏  规模=60.53亿  跟踪=中证央企结构调整指数  主题=央企国企
[ 96] 159562 黄金股ETF华夏  规模=60.13亿  跟踪=中证沪深港黄金产业股票指数  主题=黄金
[ 97] 560010 中证1000ETF广发  规模=58.88亿  跟踪=中证1000指数  主题=中证1000
[ 98] 561980 半导体设备ETF招商  规模=57.97亿  跟踪=中证半导体产业指数  主题=半导体
[ 99] 159967 创业板成长ETF华夏  规模=57.78亿  跟踪=创业板动量成长指数  主题=成长
[100] 159770 机器人ETF天弘  规模=57.75亿  跟踪=中证机器人指数  主题=机器人
2026-09-16 21:42:14  步骤1完成 -> /home/runner/work/daily-stock-metrics/daily-stock-metrics/output_etf/2026-09-16/etf_list_2026-09-16.csv
2026-09-16 21:42:14  步骤2: 计算 KDJ-J(日/周/月)...
2026-09-16 21:42:14  步骤2: 计算指标...
2026-09-16 21:42:14  观察池: 共63只(含历史追踪1只)
2026-09-16 21:42:14  待处理 63 条，并发数 8
2026-09-16 21:42:20  [  3] 159915 创业板ETF易方达  完成  日J=28.91 周J=19.34 月J=5.12 MA20=3.396 MA60=3.619 多头=0 价=3.33 涨=1.9%  PE=37.8(30.92%) PB=5.28(59.36%)
2026-09-16 21:42:20  [  8] 159516 半导体设备ETF国泰  完成  日J=97.09 周J=34.57 月J=41.56 MA20=0.694 MA60=0.756 多头=0 价=0.71 涨=6.13%  PE=101.73(92.6%) PB=None(None%)
2026-09-16 21:42:20  [  5] 588200 科创芯片ETF嘉实  完成  日J=75.17 周J=18.69 月J=33.61 MA20=1.137 MA60=1.259 多头=0 价=1.15 涨=5.31%  PE=105.1(76.18%) PB=None(None%)
2026-09-16 21:42:20  [  1] 510300 沪深300ETF华泰柏瑞  完成  日J=19.52 周J=11.5 月J=11.99 MA20=4.627 MA60=4.726 多头=0 价=4.55 涨=0.6%  PE=13.4(59.78%) PB=1.41(37.76%)
2026-09-16 21:42:21  [  7] 510500 中证500ETF南方  完成  日J=48.48 周J=42.84 月J=18.06 MA20=7.776 MA60=7.984 多头=0 价=7.71 涨=1.61%  PE=25.94(63.55%) PB=2.38(77.2%)
2026-09-16 21:42:21  [  2] 588000 科创50ETF华夏  完成  日J=70.84 周J=10.47 月J=28.32 MA20=1.702 MA60=1.87 多头=0 价=1.71 涨=4.4%  PE=75.89(79.59%) PB=7.68(90.55%)
2026-09-16 21:42:21  [  4] 512880 证券ETF国泰  完成  日J=0.55 周J=6.45 月J=24.62 MA20=1.082 MA60=1.102 多头=0 价=1.05 涨=0.67%  PE=12.4(3.39%) PB=1.22(9.6%)
2026-09-16 21:42:23  [ 10] 563360 A500ETF华泰柏瑞  完成  日J=24.41 周J=13.87 月J=8.21 MA20=1.273 MA60=1.307 多头=0 价=1.25 涨=1.05%  PE=15.04(48.4%) PB=None(None%)
2026-09-16 21:42:23  [ 12] 159995 芯片ETF华夏  完成  日J=70.42 周J=13.15 月J=23.61 MA20=1.12 MA60=1.261 多头=0 价=1.12 涨=3.99%  PE=None(None%) PB=None(None%)
2026-09-16 21:42:23  [  9] 588170 科创半导体ETF华夏  完成  日J=90.88 周J=35.24 月J=42.4 MA20=0.958 MA60=1.046 多头=0 价=0.98 涨=6.29%  PE=43.41(82.26%) PB=None(None%)
2026-09-16 21:42:23  [ 14] 159949 创业板50ETF华安  完成  日J=26.15 周J=16.08 月J=-0.64 MA20=1.589 MA60=1.706 多头=0 价=1.55 涨=2.04%  PE=None(None%) PB=None(None%)
2026-09-16 21:42:23  [ 11] 512890 红利低波ETF华泰柏瑞  完成  日J=15.46 周J=78.52 月J=89.54 MA20=1.196 MA60=1.162 多头=1 价=1.19 涨=-0.5%  PE=7.92(71.74%) PB=0.87(61.32%)
2026-09-16 21:42:23  [  6] 515880 通信ETF国泰  完成  日J=79.15 周J=77.3 月J=28.4 MA20=0.663 MA60=0.695 多头=0 价=0.69 涨=5.67%  PE=44.64(87.34%) PB=None(None%)
2026-09-16 21:42:24  [ 15] 512170 医疗ETF华宝  完成  日J=83.89 周J=42.14 月J=46.44 MA20=0.34 MA60=0.331 多头=1 价=0.34 涨=2.41%  PE=27.37(20.57%) PB=3.46(12.16%)
2026-09-16 21:42:24  [ 13] 512400 有色金属ETF南方  完成  日J=18.23 周J=62.59 月J=7.19 MA20=1.822 MA60=1.768 多头=1 价=1.75 涨=1.45%  PE=14.94(78.12%) PB=None(None%)
2026-09-16 21:42:25  [ 17] 159819 人工智能ETF易方达  完成  日J=42.52 周J=8.57 月J=25.29 MA20=1.72 MA60=1.866 多头=0 价=1.72 涨=3.42%  PE=44.87(49.07%) PB=None(None%)
2026-09-16 21:42:26  [ 16] 510050 上证50ETF华夏  完成  日J=12.09 周J=20.25 月J=27.91 MA20=3.009 MA60=3.028 多头=0 价=2.98 涨=0.74%  PE=10.97(68.74%) PB=1.23(48.2%)
2026-09-16 21:42:26  [ 19] 515450 红利低波50ETF南方  完成  日J=37.33 周J=39.24 月J=70.55 MA20=1.4 MA60=1.382 多头=1 价=1.4 涨=-0.28%  PE=8.44(77.48%) PB=0.87(61.32%)
2026-09-16 21:42:26  [ 18] 512480 半导体ETF国联安  完成  日J=74.24 周J=17.71 月J=27.06 MA20=1.006 MA60=1.123 多头=0 价=1.01 涨=4.77%  PE=67.39(51.19%) PB=None(None%)
2026-09-16 21:42:27  [ 21] 159326 电网设备ETF华夏  完成  日J=38.06 周J=54.21 月J=7.31 MA20=1.658 MA60=1.717 多头=0 价=1.64 涨=1.23%  PE=11.51(64.13%) PB=None(None%)
2026-09-16 21:42:27  [ 20] 510880 红利ETF华泰柏瑞  完成  日J=4.93 周J=67.78 月J=82.51 MA20=3.431 MA60=3.263 多头=1 价=3.37 涨=-0.35%  PE=8.75(78.78%) PB=0.86(62.32%)
2026-09-16 21:42:28  [ 24] 515180 红利ETF易方达  完成  日J=-1.93 周J=56.76 月J=67.9 MA20=1.448 MA60=1.399 多头=1 价=1.42 涨=-0.14%  PE=8.48(59.21%) PB=0.84(48.92%)
2026-09-16 21:42:28  [ 23] 512100 中证1000ETF南方  完成  日J=57.81 周J=68.67 月J=26.21 MA20=3.079 MA60=3.124 多头=0 价=3.08 涨=1.85%  PE=30.74(66.04%) PB=2.39(45.44%)
2026-09-16 21:42:29  [ 25] 510180 上证180ETF华安  完成  日J=10.06 周J=19.71 月J=17.25 MA20=3.945 MA60=3.987 多头=0 价=3.89 涨=0.41%  PE=11.54(56.29%) PB=1.21(37.6%)
2026-09-16 21:42:29  [ 27] 159781 科创创业ETF易方达  完成  日J=46.44 周J=5.02 月J=14.69 MA20=1.058 MA60=1.164 多头=0 价=1.04 涨=3.26%  PE=41.87(59.08%) PB=None(None%)
2026-09-16 21:42:29  [ 29] 159530 机器人ETF易方达  完成  日J=19.88 周J=7.93 月J=-2.42 MA20=1.307 MA60=1.393 多头=0 价=1.27 涨=1.03%  PE=None(None%) PB=None(None%)
2026-09-16 21:42:30  [ 28] 159992 创新药ETF银华  完成  日J=57.63 周J=0.49 月J=57.97 MA20=0.851 MA60=0.859 多头=0 价=0.83 涨=0.49%  PE=26.56(24.01%) PB=None(None%)
2026-09-16 21:42:30  [ 22] 515050 通信ETF华夏  完成  日J=64.83 周J=67.77 月J=32.52 MA20=1.028 MA60=1.087 多头=0 价=1.05 涨=3.86%  PE=44.28(86.14%) PB=None(None%)
2026-09-16 21:42:30  [ 30] 159201 自由现金流ETF华夏  完成  日J=9.45 周J=68.47 月J=18.67 MA20=1.184 MA60=1.153 多头=1 价=1.16 涨=-0.6%  PE=None(None%) PB=None(None%)
2026-09-16 21:42:31  [ 31] 510210 上证指数ETF富国  完成  日J=21.82 周J=80.01 月J=32.13 MA20=1.004 MA60=0.998 多头=1 价=1.0 涨=0.91%  PE=14.62(66.74%) PB=None(None%)
2026-09-16 21:42:32  [ 33] 512010 医药ETF易方达  完成  日J=42.6 周J=8.4 月J=62.09 MA20=0.378 MA60=0.375 多头=1 价=0.37 涨=0.27%  PE=22.79(2.75%) PB=None(None%)
2026-09-16 21:42:32  [ 37] 159206 卫星ETF永赢  完成  日J=64.08 周J=46.88 月J=0.39 MA20=1.346 MA60=1.428 多头=0 价=1.36 涨=2.87%  PE=None(None%) PB=None(None%)
2026-09-16 21:42:32  [ 32] 159928 消费ETF汇添富  完成  日J=-2.88 周J=18.82 月J=29.69 MA20=0.667 MA60=0.66 多头=1 价=0.65 涨=-0.61%  PE=19.54(17.91%) PB=3.35(1.32%)
2026-09-16 21:42:33  [ 34] 517520 黄金股ETF永赢  完成  日J=20.35 周J=76.77 月J=20.99 MA20=2.194 MA60=1.946 多头=1 价=2.13 涨=3.84%  PE=20.54(39.18%) PB=None(None%)
2026-09-16 21:42:33  [ 36] 512070 证券保险ETF易方达  完成  日J=-2.62 周J=23.08 月J=12.33 MA20=0.799 MA60=0.799 多头=0 价=0.78 涨=0.13%  PE=7.21(0.03%) PB=None(None%)
2026-09-16 21:42:33  [ 35] 512690 酒ETF鹏华  完成  日J=-10.22 周J=10.02 月J=19.08 MA20=0.422 MA60=0.42 多头=1 价=0.41 涨=0.0%  PE=19.07(15.15%) PB=None(None%)
2026-09-16 21:42:34  [ 38] 159870 化工ETF鹏华  完成  日J=2.49 周J=38.87 月J=6.28 MA20=0.801 MA60=0.805 多头=0 价=0.77 涨=0.39%  PE=17.13(29.32%) PB=None(None%)
2026-09-16 21:42:35  [ 39] 513630 港股低波红利ETF摩根  完成  日J=0.45 周J=23.39 月J=32.97 MA20=1.591 MA60=1.562 多头=1 价=1.56 涨=0.19%  PE=None(None%) PB=None(None%)
2026-09-16 21:42:35  [ 40] 512760 芯片ETF国泰  完成  日J=72.32 周J=10.29 月J=26.29 MA20=1.067 MA60=1.196 多头=0 价=1.07 涨=4.49%  PE=67.52(43.86%) PB=None(None%)
2026-09-16 21:42:35  [ 41] 515220 煤炭ETF国泰  完成  日J=11.8 周J=62.28 月J=57.59 MA20=1.306 MA60=1.222 多头=1 价=1.27 涨=0.0%  PE=17.97(83.98%) PB=1.8(96.84%)
2026-09-16 21:42:35  [ 42] 512800 银行ETF华宝  完成  日J=29.9 周J=86.63 月J=98.04 MA20=0.835 MA60=0.804 多头=1 价=0.84 涨=-0.36%  PE=7.09(86.62%) PB=0.69(45.04%)
2026-09-16 21:42:36  [ 26] 562500 机器人ETF华夏  完成  日J=15.33 周J=4.35 月J=-3.58 MA20=0.943 MA60=1.0 多头=0 价=0.91 涨=0.66%  PE=44.24(20.61%) PB=None(None%)
2026-09-16 21:42:36  [ 43] 159611 电力ETF广发  完成  日J=57.12 周J=45.08 月J=4.82 MA20=1.044 MA60=1.047 多头=0 价=1.05 涨=-0.09%  PE=14.52(60.95%) PB=None(None%)
2026-09-16 21:42:36  [ 44] 516650 有色金属ETF华夏  完成  日J=17.48 周J=62.39 月J=4.55 MA20=1.859 MA60=1.797 多头=1 价=1.79 涨=1.65%  PE=16.57(19.71%) PB=None(None%)
2026-09-16 21:42:37  [ 46] 159259 成长ETF易方达  完成  日J=78.06 周J=68.27 月J=32.89 MA20=1.328 MA60=1.403 多头=0 价=1.37 涨=3.95%  PE=None(None%) PB=None(None%)
2026-09-16 21:42:37  [ 45] 159852 软件ETF嘉实  完成  日J=8.06 周J=7.88 月J=-4.36 MA20=0.67 MA60=0.685 多头=0 价=0.65 涨=0.31%  PE=58.35(54.87%) PB=None(None%)
2026-09-16 21:42:37  [ 47] 159263 价值ETF易方达  完成  日J=5.78 周J=62.86 月J=50.19 MA20=1.156 MA60=1.128 多头=1 价=1.14 涨=-0.26%  PE=None(None%) PB=None(None%)
2026-09-16 21:42:38  [ 49] 159869 游戏ETF华夏  完成  日J=-11.79 周J=57.74 月J=1.17 MA20=1.094 MA60=1.096 多头=0 价=1.07 涨=0.09%  PE=17.4(2.46%) PB=None(None%)
2026-09-16 21:42:39  [ 51] 159363 创业板人工智能ETF华宝  完成  日J=36.65 周J=63.62 月J=30.16 MA20=1.218 MA60=1.274 多头=0 价=1.23 涨=3.89%  PE=None(None%) PB=None(None%)
2026-09-16 21:42:39  [ 52] 512710 军工龙头ETF富国  完成  日J=16.85 周J=84.78 月J=-0.82 MA20=0.629 MA60=0.63 多头=0 价=0.64 涨=1.27%  PE=None(None%) PB=None(None%)
2026-09-16 21:42:39  [ 50] 512660 军工ETF国泰  完成  日J=8.99 周J=76.31 月J=1.13 MA20=1.136 MA60=1.154 多头=0 价=1.15 涨=0.97%  PE=52.5(31.7%) PB=3.29(55.88%)
2026-09-16 21:42:39  [ 53] 159755 电池ETF广发  完成  日J=35.78 周J=8.31 月J=-14.83 MA20=0.913 MA60=0.961 多头=0 价=0.87 涨=0.0%  PE=20.94(18.52%) PB=2.96(37.12%)
2026-09-16 21:42:39  [ 48] 560860 工业有色ETF万家  完成  日J=17.3 周J=53.18 月J=6.2 MA20=1.613 MA60=1.587 多头=1 价=1.56 涨=1.3%  PE=67.84(59.14%) PB=None(None%)
2026-09-16 21:42:40  [ 55] 159865 养殖ETF国泰  完成  日J=-17.08 周J=47.34 月J=27.36 MA20=0.549 MA60=0.533 多头=1 价=0.54 涨=-1.29%  PE=22.07(49.27%) PB=None(None%)
2026-09-16 21:42:41  [ 56] 588220 科创100ETF鹏华  完成  日J=72.43 周J=47.76 月J=33.72 MA20=1.745 MA60=1.818 多头=0 价=1.74 涨=3.75%  PE=None(None%) PB=None(None%)
2026-09-16 21:42:41  [ 57] 515980 人工智能ETF华富  完成  日J=22.4 周J=17.5 月J=26.18 MA20=1.008 MA60=1.084 多头=0 价=1.0 涨=2.46%  PE=45.25(72.28%) PB=None(None%)
2026-09-16 21:42:42  [ 59] 159851 金融科技ETF华宝  完成  日J=3.06 周J=43.91 月J=2.42 MA20=0.622 MA60=0.618 多头=1 价=0.6 涨=1.87%  PE=30.79(5.27%) PB=None(None%)
2026-09-16 21:42:42  [ 61] 561980 半导体设备ETF招商  完成  日J=86.06 周J=19.54 月J=42.39 MA20=0.67 MA60=0.735 多头=0 价=0.68 涨=5.1%  PE=123.23(89.95%) PB=None(None%)
2026-09-16 21:42:42  [ 58] 516150 稀土ETF嘉实  完成  日J=49.1 周J=38.41 月J=3.74 MA20=1.704 MA60=1.759 多头=0 价=1.67 涨=1.46%  PE=27.77(23.05%) PB=None(None%)
2026-09-16 21:42:42  [ 60] 512950 央企改革ETF华夏  完成  日J=29.19 周J=54.37 月J=21.5 MA20=1.501 MA60=1.515 多头=0 价=1.5 涨=0.94%  PE=15.76(82.62%) PB=None(None%)
2026-09-16 21:42:43  [ 54] 159307 红利低波100ETF博时  完成  日J=3.53 周J=16.03 月J=55.39 MA20=1.018 MA60=1.008 多头=1 价=1.0 涨=-0.69%  PE=8.58(76.13%) PB=None(None%)
2026-09-16 21:42:43  [ 62] 159967 创业板成长ETF华夏  完成  日J=64.88 周J=45.38 月J=26.18 MA20=0.773 MA60=0.833 多头=0 价=0.78 涨=2.92%  PE=None(None%) PB=None(None%)
2026-09-16 21:42:45  [ 63] 563300 中证2000ETF华泰柏瑞  完成  日J=40.83 周J=89.43 月J=36.74 MA20=1.429 MA60=1.424 多头=1 价=1.43 涨=2.14%  PE=None(None%) PB=None(None%)
2026-09-16 21:42:45  全部完成，结果已写入 /home/runner/work/daily-stock-metrics/daily-stock-metrics/output_etf/2026-09-16/metrics_2026-09-16.csv
2026-09-16 21:42:45  步骤2完成 -> /home/runner/work/daily-stock-metrics/daily-stock-metrics/output_etf/2026-09-16/metrics_2026-09-16.csv
2026-09-16 21:42:45  步骤3: 生成 HTML 总结报告...
2026-09-16 21:42:46  步骤3完成 -> /home/runner/work/daily-stock-metrics/daily-stock-metrics/output_etf/2026-09-16/report_2026-09-16.html
2026-09-16 21:42:46  步骤4: 发送邮件报告...
2026-09-16 21:42:50  步骤4完成: 邮件已发送
2026-09-16 21:42:50  ===== 全部完成 2026-09-16 =====
2026-09-16 22:06:29  今日(2026-09-16)已完成，跳过。结果目录: /home/runner/work/daily-stock-metrics/daily-stock-metrics/output_etf/2026-09-16
2026-09-16 22:18:32  今日(2026-09-16)已完成，跳过。结果目录: /home/runner/work/daily-stock-metrics/daily-stock-metrics/output_etf/2026-09-16
2026-09-16 23:19:27  今日(2026-09-16)已完成，跳过。结果目录: /home/runner/work/daily-stock-metrics/daily-stock-metrics/output_etf/2026-09-16
