2026-08-07 15:56:27  ===== 开始每日ETF指标任务 2026-08-07 =====
2026-08-07 15:56:27  步骤1: 获取场内规模前100的ETF...
[  1] 510300 沪深300ETF华泰柏瑞  规模=1221.26亿  跟踪=沪深300指数  主题=沪深300
[  2] 588000 科创50ETF华夏  规模=925.31亿  跟踪=上证科创板50成份指数  主题=科创板
[  3] 159915 创业板ETF易方达  规模=673.04亿  跟踪=创业板指数(价格)  主题=创业板
[  4] 512880 证券ETF国泰  规模=636.02亿  跟踪=中证全指证券公司指数  主题=证券
[  5] 510310 沪深300ETF易方达  规模=536.55亿  跟踪=沪深300指数  主题=沪深300
[  6] 588200 科创芯片ETF嘉实  规模=525.83亿  跟踪=上证科创板芯片指数  主题=半导体
[  7] 510500 中证500ETF南方  规模=457.83亿  跟踪=中证500指数  主题=中证500
[  8] 563360 A500ETF华泰柏瑞  规模=441.67亿  跟踪=中证A500指数  主题=中证A500
[  9] 510330 沪深300ETF华夏  规模=432.94亿  跟踪=沪深300指数  主题=沪深300
[ 10] 588080 科创50ETF易方达  规模=429.34亿  跟踪=上证科创板50成份指数  主题=科创板
[ 11] 515880 通信ETF国泰  规模=410.87亿  跟踪=中证全指通信设备指数  主题=通信
[ 12] 159516 半导体设备ETF国泰  规模=407.37亿  跟踪=中证半导体材料设备主题指数  主题=半导体
[ 13] 512000 券商ETF华宝  规模=397.51亿  跟踪=中证全指证券公司指数  主题=证券
[ 14] 588170 科创半导体ETF华夏  规模=392.54亿  跟踪=上证科创板半导体材料设备主题指数  主题=半导体
[ 15] 159352 A500ETF南方  规模=354.82亿  跟踪=中证A500指数  主题=中证A500
[ 16] 512100 中证1000ETF南方  规模=328.44亿  跟踪=中证1000指数  主题=中证1000
[ 17] 512890 红利低波ETF华泰柏瑞  规模=322.31亿  跟踪=中证红利低波动指数  主题=红利
[ 18] 159919 沪深300ETF嘉实  规模=321.56亿  跟踪=沪深300指数  主题=沪深300
[ 19] 159361 A500ETF易方达  规模=289.97亿  跟踪=中证A500指数  主题=中证A500
[ 20] 159338 中证A500ETF国泰  规模=287.14亿  跟踪=中证A500指数  主题=中证A500
[ 21] 159995 芯片ETF华夏  规模=283.56亿  跟踪=国证半导体芯片指数  主题=半导体
[ 22] 512170 医疗ETF华宝  规模=270.34亿  跟踪=中证医疗指数  主题=医药
[ 23] 512400 有色金属ETF南方  规模=262.7亿  跟踪=有色金属  主题=有色金属
[ 24] 159949 创业板50ETF华安  规模=260.22亿  跟踪=创业板50指数  主题=创业板
[ 25] 510050 上证50ETF华夏  规模=217.93亿  跟踪=上证50指数  主题=上证50
[ 26] 159819 人工智能ETF易方达  规模=217.67亿  跟踪=中证人工智能主题指数  主题=人工智能
[ 27] 512050 A500ETF华夏  规模=213.59亿  跟踪=中证A500指数  主题=中证A500
[ 28] 510880 红利ETF华泰柏瑞  规模=212.83亿  跟踪=上证红利指数  主题=红利
[ 29] 159326 电网设备ETF华夏  规模=212.32亿  跟踪=中证电网设备主题指数  主题=其他
[ 30] 512480 半导体ETF国联安  规模=205.49亿  跟踪=中证全指半导体产品与设备指数  主题=半导体
[ 31] 159558 半导体设备ETF易方达  规模=195.45亿  跟踪=中证半导体材料设备主题指数  主题=半导体
[ 32] 515450 红利低波50ETF南方  规模=193.29亿  跟踪=标普中国A股大盘红利低波50指数  主题=红利
[ 33] 562500 机器人ETF华夏  规模=189.81亿  跟踪=中证机器人指数  主题=机器人
[ 34] 159530 机器人ETF易方达  规模=187.63亿  跟踪=国证机器人产业指数  主题=机器人
[ 35] 159992 创新药ETF银华  规模=187.51亿  跟踪=中证创新药产业指数  主题=医药
[ 36] 510210 上证指数ETF富国  规模=185.68亿  跟踪=上证综合指数  主题=其他
[ 37] 159781 科创创业ETF易方达  规模=180.81亿  跟踪=中证科创创业50指数  主题=科创板
[ 38] 510180 上证180ETF华安  规模=178.96亿  跟踪=上证180指数  主题=上证180
[ 39] 515180 红利ETF易方达  规模=178.88亿  跟踪=中证红利指数  主题=红利
[ 40] 515050 通信ETF华夏  规模=178.53亿  跟踪=中证5G通信主题指数  主题=通信
[ 41] 512010 医药ETF易方达  规模=176.43亿  跟踪=沪深300医药卫生指数  主题=医药
[ 42] 159201 自由现金流ETF华夏  规模=169.24亿  跟踪=国证自由现金流指数  主题=货币市场
[ 43] 159928 消费ETF汇添富  规模=159.24亿  跟踪=中证主要消费指数  主题=消费
[ 44] 517520 黄金股ETF永赢  规模=158.63亿  跟踪=中证沪深港黄金产业股票指数  主题=黄金
[ 45] 159206 卫星ETF永赢  规模=157.85亿  跟踪=国证商用卫星通信产业指数  主题=通信
[ 46] 159870 化工ETF鹏华  规模=151.42亿  跟踪=细分化工  主题=化工
[ 47] 512070 证券保险ETF易方达  规模=149.64亿  跟踪=沪深300非银行金融指数  主题=证券
[ 48] 512690 酒ETF鹏华  规模=144.85亿  跟踪=中证酒指数  主题=白酒
[ 49] 159845 中证1000ETF华夏  规模=141.35亿  跟踪=中证1000指数  主题=中证1000
[ 50] 515220 煤炭ETF国泰  规模=133.22亿  跟踪=中证煤炭指数  主题=煤炭
[ 51] 515120 创新药ETF广发  规模=128.92亿  跟踪=中证创新药产业指数  主题=医药
[ 52] 563020 红利低波ETF易方达  规模=124.56亿  跟踪=中证红利低波动指数  主题=红利
[ 53] 560780 半导体设备ETF广发  规模=120.64亿  跟踪=中证半导体材料设备主题指数  主题=半导体
[ 54] 159841 证券ETF天弘  规模=119.98亿  跟踪=中证全指证券公司指数  主题=证券
[ 55] 513630 港股低波红利ETF摩根  规模=117.94亿  跟踪=标普港股通低波红利指数  主题=红利
[ 56] 515080 中证红利ETF招商  规模=117.61亿  跟踪=中证红利指数  主题=红利
[ 57] 159952 创业板ETF广发  规模=115.7亿  跟踪=创业板指数(价格)  主题=创业板
[ 58] 588050 科创50ETF工银  规模=111.44亿  跟踪=上证科创板50成份指数  主题=科创板
[ 59] 563800 A500ETF广发  规模=111.0亿  跟踪=中证A500指数  主题=中证A500
[ 60] 512760 芯片ETF国泰  规模=110.47亿  跟踪=中华交易服务半导体芯片行业人民币指数  主题=半导体
[ 61] 159611 电力ETF广发  规模=107.07亿  跟踪=中证全指电力公用事业指数  主题=电力
[ 62] 516650 有色金属ETF华夏  规模=102.31亿  跟踪=细分有色  主题=有色金属
[ 63] 588710 科创半导体设备ETF华泰柏瑞  规模=101.66亿  跟踪=上证科创板半导体材料设备主题指数  主题=半导体
[ 64] 159842 券商ETF银华  规模=99.97亿  跟踪=中证全指证券公司指数  主题=证券
[ 65] 560860 工业有色ETF万家  规模=99.06亿  跟踪=中证工业有色金属主题指数  主题=有色金属
[ 66] 512800 银行ETF华宝  规模=97.32亿  跟踪=中证银行指数  主题=银行
[ 67] 159922 中证500ETF嘉实  规模=95.96亿  跟踪=中证500指数  主题=中证500
[ 68] 159852 软件ETF嘉实  规模=91.98亿  跟踪=中证软件服务指数  主题=计算机
[ 69] 159869 游戏ETF华夏  规模=90.14亿  跟踪=中证动漫游戏指数  主题=传媒
[ 70] 159755 电池ETF广发  规模=89.97亿  跟踪=国证新能源车电池指数  主题=新能源
[ 71] 515330 沪深300ETF天弘  规模=89.7亿  跟踪=沪深300指数  主题=沪深300
[ 72] 159351 A500ETF嘉实  规模=86.79亿  跟踪=中证A500指数  主题=中证A500
[ 73] 512500 中证500ETF华夏  规模=86.25亿  跟踪=中证500指数  主题=中证500
[ 74] 515070 人工智能ETF华夏  规模=85.82亿  跟踪=中证人工智能主题指数  主题=人工智能
[ 75] 563300 中证2000ETF华泰柏瑞  规模=85.35亿  跟踪=中证2000指数  主题=中证2000
[ 76] 563220 A500ETF富国  规模=84.16亿  跟踪=中证A500指数  主题=中证A500
[ 77] 562590 半导体设备ETF华夏  规模=83.8亿  跟踪=中证半导体材料设备主题指数  主题=半导体
[ 78] 512900 证券ETF南方  规模=81.45亿  跟踪=中证全指证券公司指数  主题=证券
[ 79] 588060 科创50ETF广发  规模=81.1亿  跟踪=上证科创板50成份指数  主题=科创板
[ 80] 560010 中证1000ETF广发  规模=75.83亿  跟踪=中证1000指数  主题=中证1000
[ 81] 588750 科创芯片ETF汇添富  规模=75.08亿  跟踪=上证科创板芯片指数  主题=半导体
[ 82] 159363 创业板人工智能ETF华宝  规模=74.67亿  跟踪=创业板人工智能指数  主题=人工智能
[ 83] 512710 军工龙头ETF富国  规模=74.43亿  跟踪=中证军工龙头指数  主题=军工
[ 84] 159157 有色金属ETF天弘  规模=72.6亿  跟踪=中证工业有色金属主题指数  主题=有色金属
[ 85] 159307 红利低波100ETF博时  规模=71.66亿  跟踪=中证红利低波动100指数  主题=红利
[ 86] 516150 稀土ETF嘉实  规模=70.8亿  跟踪=中证稀土产业指数  主题=有色金属
[ 87] 159813 半导体ETF鹏华  规模=69.19亿  跟踪=国证半导体芯片指数  主题=半导体
[ 88] 159851 金融科技ETF华宝  规模=67.38亿  跟踪=中证金融科技主题指数  主题=其他
[ 89] 512660 军工ETF国泰  规模=67.21亿  跟踪=中证军工指数  主题=军工
[ 90] 159263 价值ETF易方达  规模=65.12亿  跟踪=国证价值100指数  主题=价值
[ 91] 159770 机器人ETF天弘  规模=64.44亿  跟踪=中证机器人指数  主题=机器人
[ 92] 159977 创业板ETF天弘  规模=64.06亿  跟踪=创业板指数(价格)  主题=创业板
[ 93] 560610 A500ETF招商  规模=64.0亿  跟踪=中证A500指数  主题=中证A500
[ 94] 515980 人工智能ETF华富  规模=63.54亿  跟踪=中证人工智能产业指数  主题=人工智能
[ 95] 159865 养殖ETF国泰  规模=63.3亿  跟踪=中证畜牧养殖指数  主题=农业
[ 96] 512950 央企改革ETF华夏  规模=61.88亿  跟踪=中证央企结构调整指数  主题=央企国企
[ 97] 159783 科创创业50ETF华夏  规模=61.41亿  跟踪=中证科创创业50指数  主题=科创板
[ 98] 159796 电池ETF汇添富  规模=60.75亿  跟踪=中证电池主题指数  主题=新能源
[ 99] 159967 创业板成长ETF华夏  规模=59.59亿  跟踪=创业板动量成长指数  主题=成长
[100] 159549 红利低波ETF天弘  规模=58.24亿  跟踪=中证红利低波动100指数  主题=红利
2026-08-07 15:57:14  步骤1完成 -> C:\Users\hailo\Desktop\每周自动指标\output_etf\2026-08-07\etf_list_2026-08-07.csv
2026-08-07 15:57:14  步骤2: 计算 KDJ-J(日/周/月)...
2026-08-07 15:57:18  [  1] 510300 沪深300ETF华泰柏瑞  完成  日J=103.2 周J=21.5 月J=40.73 价=4.75 涨=0.87%  PE=14.39(77.64%) PB=1.46(51.04%)
2026-08-07 15:57:20  [  2] 588000 科创50ETF华夏  完成  日J=83.03 周J=5.45 月J=44.8 价=1.84 涨=2.56%  PE=80.71(89.36%) PB=8.05(95.63%)
2026-08-07 15:57:21  [  3] 159915 创业板ETF易方达  完成  日J=106.15 周J=10.75 月J=34.04 价=3.59 涨=1.41%  PE=44.3(55.36%) PB=5.83(68.96%)
2026-08-07 15:57:22  [  4] 512880 证券ETF国泰  完成  日J=46.45 周J=56.24 月J=33.24 价=1.1 涨=0.0%  PE=15.25(9.71%) PB=1.3(20.4%)
2026-08-07 15:57:24  [  5] 588200 科创芯片ETF嘉实  完成  日J=83.69 周J=3.21 月J=46.48 价=1.22 涨=3.39%  PE=122.7(82.39%) PB=None(None%)
2026-08-07 15:57:25  [  6] 510500 中证500ETF南方  完成  日J=118.01 周J=17.76 月J=39.73 价=7.99 涨=2.02%  PE=27.87(72.5%) PB=2.48(79.48%)
2026-08-07 15:57:26  [  7] 563360 A500ETF华泰柏瑞  完成  日J=113.19 周J=21.31 月J=39.91 价=1.32 涨=1.39%  PE=16.34(77.09%) PB=None(None%)
2026-08-07 15:57:28  [  8] 515880 通信ETF国泰  完成  日J=106.12 周J=3.62 月J=33.49 价=0.66 涨=1.23%  PE=49.27(93.47%) PB=None(None%)
2026-08-07 15:57:29  [  9] 159516 半导体设备ETF国泰  完成  日J=85.17 周J=15.11 月J=52.36 价=0.74 涨=3.06%  PE=112.39(96.77%) PB=None(None%)
2026-08-07 15:57:31  [ 10] 588170 科创半导体ETF华夏  完成  日J=84.14 周J=16.26 月J=52.21 价=1.02 涨=4.4%  PE=41.55(81.0%) PB=None(None%)
2026-08-07 15:57:33  [ 11] 512100 中证1000ETF南方  完成  日J=118.19 周J=20.9 月J=27.52 价=3.11 涨=2.0%  PE=31.8(68.46%) PB=2.42(47.44%)
2026-08-07 15:57:34  [ 12] 512890 红利低波ETF华泰柏瑞  完成  日J=-2.27 周J=92.86 月J=60.92 价=1.16 涨=-0.51%  PE=7.65(66.79%) PB=0.84(55.28%)
2026-08-07 15:57:35  [ 13] 159995 芯片ETF华夏  完成  日J=82.1 周J=0.72 月J=38.94 价=1.21 涨=2.8%  PE=None(None%) PB=None(None%)
2026-08-07 15:57:37  [ 14] 512170 医疗ETF华宝  完成  日J=100.94 周J=109.49 月J=44.89 价=0.35 涨=5.74%  PE=27.99(23.99%) PB=3.4(10.44%)
2026-08-07 15:57:38  [ 15] 512400 有色金属ETF南方  完成  日J=105.8 周J=59.69 月J=13.3 价=1.99 涨=3.81%  PE=16.33(89.67%) PB=None(None%)
2026-08-07 15:57:39  [ 16] 159949 创业板50ETF华安  完成  日J=100.83 周J=8.21 月J=27.56 价=1.68 涨=0.9%  PE=None(None%) PB=None(None%)
2026-08-07 15:57:41  [ 17] 510050 上证50ETF华夏  完成  日J=83.83 周J=77.97 月J=43.82 价=3.07 涨=1.35%  PE=11.56(78.51%) PB=1.24(55.92%)
2026-08-07 15:57:43  [ 18] 159819 人工智能ETF易方达  完成  日J=102.26 周J=13.85 月J=47.83 价=1.87 涨=1.14%  PE=51.06(76.36%) PB=None(None%)
2026-08-07 15:57:45  [ 19] 510880 红利ETF华泰柏瑞  完成  日J=57.51 周J=101.14 月J=66.79 价=3.28 涨=-0.24%  PE=8.41(70.4%) PB=0.82(58.56%)
2026-08-07 15:57:46  [ 20] 159326 电网设备ETF华夏  完成  日J=111.56 周J=9.73 月J=26.02 价=1.7 涨=1.31%  PE=12.6(84.34%) PB=None(None%)
2026-08-07 15:57:48  [ 21] 512480 半导体ETF国联安  完成  日J=87.71 周J=0.46 月J=41.34 价=1.08 涨=3.15%  PE=91.64(88.56%) PB=None(None%)
2026-08-07 15:57:49  [ 22] 515450 红利低波50ETF南方  完成  日J=-8.24 周J=87.05 月J=63.75 价=1.4 涨=-0.43%  PE=8.21(72.6%) PB=0.84(55.28%)
2026-08-07 15:57:51  [ 23] 562500 机器人ETF华夏  完成  日J=119.05 周J=15.53 月J=27.14 价=1.02 涨=1.19%  PE=55.73(65.9%) PB=None(None%)
2026-08-07 15:57:52  [ 24] 159530 机器人ETF易方达  完成  日J=119.53 周J=12.41 月J=21.47 价=1.42 涨=1.07%  PE=None(None%) PB=None(None%)
2026-08-07 15:57:54  [ 25] 159992 创新药ETF银华  完成  日J=105.94 周J=90.41 月J=83.19 价=0.91 涨=6.56%  PE=28.73(33.33%) PB=None(None%)
2026-08-07 15:57:55  [ 26] 510210 上证指数ETF富国  完成  日J=99.65 周J=38.37 月J=24.93 价=1.0 涨=0.5%  PE=15.26(72.12%) PB=None(None%)
2026-08-07 15:57:56  [ 27] 159781 科创创业ETF易方达  完成  日J=93.88 周J=2.82 月J=39.11 价=1.15 涨=1.6%  PE=44.12(63.12%) PB=None(None%)
2026-08-07 15:57:58  [ 28] 510180 上证180ETF华安  完成  日J=109.42 周J=54.41 月J=40.58 价=4.05 涨=1.35%  PE=12.14(69.22%) PB=1.23(43.24%)
2026-08-07 15:58:00  [ 29] 515180 红利ETF易方达  完成  日J=47.95 周J=100.13 月J=49.48 价=1.41 涨=-0.49%  PE=8.27(55.07%) PB=0.82(43.68%)
2026-08-07 15:58:01  [ 30] 515050 通信ETF华夏  完成  日J=104.77 周J=4.24 月J=39.39 价=1.04 涨=2.56%  PE=49.08(94.28%) PB=None(None%)
2026-08-07 15:58:03  [ 31] 512010 医药ETF易方达  完成  日J=96.12 周J=111.29 月J=77.69 价=0.4 涨=5.54%  PE=23.6(4.75%) PB=None(None%)
2026-08-07 15:58:04  [ 32] 159201 自由现金流ETF华夏  完成  日J=37.69 周J=96.86 月J=13.46 价=1.17 涨=-0.09%  PE=None(None%) PB=None(None%)
2026-08-07 15:58:05  [ 33] 159928 消费ETF汇添富  完成  日J=14.06 周J=98.52 月J=31.73 价=0.67 涨=0.15%  PE=19.96(20.15%) PB=3.54(3.04%)
2026-08-07 15:58:07  [ 34] 517520 黄金股ETF永赢  完成  日J=90.79 周J=107.33 月J=8.95 价=2.11 涨=3.99%  PE=21.76(55.96%) PB=None(None%)
2026-08-07 15:58:08  [ 35] 159206 卫星ETF永赢  完成  日J=118.61 周J=23.1 月J=9.01 价=1.45 涨=3.58%  PE=None(None%) PB=None(None%)
2026-08-07 15:58:10  [ 36] 159870 化工ETF鹏华  完成  日J=106.19 周J=45.31 月J=23.19 价=0.83 涨=0.98%  PE=22.45(57.77%) PB=None(None%)
2026-08-07 15:58:11  [ 37] 512070 证券保险ETF易方达  完成  日J=20.62 周J=85.08 月J=14.58 价=0.8 涨=0.25%  PE=9.73(1.94%) PB=None(None%)
2026-08-07 15:58:13  [ 38] 512690 酒ETF鹏华  完成  日J=47.61 周J=101.75 月J=29.07 价=0.44 涨=1.38%  PE=19.36(17.34%) PB=None(None%)
2026-08-07 15:58:14  [ 39] 515220 煤炭ETF国泰  完成  日J=84.33 周J=44.7 月J=34.59 价=1.23 涨=-1.05%  PE=18.23(85.75%) PB=1.73(93.84%)
2026-08-07 15:58:15  [ 40] 513630 港股低波红利ETF摩根  完成  日J=-15.63 周J=77.02 月J=28.0 价=1.56 涨=-0.76%  PE=None(None%) PB=None(None%)
2026-08-07 15:58:17  [ 41] 512760 芯片ETF国泰  完成  日J=82.93 周J=2.62 月J=42.39 价=1.16 涨=3.02%  PE=91.28(80.13%) PB=None(None%)
2026-08-07 15:58:19  [ 42] 159611 电力ETF广发  完成  日J=24.35 周J=30.27 月J=12.74 价=1.06 涨=0.0%  PE=15.36(67.65%) PB=None(None%)
2026-08-07 15:58:20  [ 43] 516650 有色金属ETF华夏  完成  日J=103.88 周J=66.54 月J=8.52 价=1.93 涨=3.32%  PE=19.69(26.19%) PB=None(None%)
2026-08-07 15:58:22  [ 44] 560860 工业有色ETF万家  完成  日J=104.89 周J=47.81 月J=18.37 价=1.71 涨=3.9%  PE=63.3(35.89%) PB=None(None%)
2026-08-07 15:58:23  [ 45] 512800 银行ETF华宝  完成  日J=-2.16 周J=88.51 月J=65.95 价=0.8 涨=-0.62%  PE=6.61(67.95%) PB=0.66(36.12%)
2026-08-07 15:58:25  [ 46] 159852 软件ETF嘉实  完成  日J=91.5 周J=73.88 月J=6.12 价=0.73 涨=-1.08%  PE=59.31(55.83%) PB=None(None%)
2026-08-07 15:58:26  [ 47] 159869 游戏ETF华夏  完成  日J=87.83 周J=81.27 月J=3.11 价=1.13 涨=-0.35%  PE=20.19(19.34%) PB=None(None%)
2026-08-07 15:58:27  [ 48] 159755 电池ETF广发  完成  日J=100.31 周J=23.67 月J=5.14 价=0.97 涨=1.46%  PE=25.53(37.4%) PB=3.47(49.4%)
2026-08-07 15:58:29  [ 49] 563300 中证2000ETF华泰柏瑞  完成  日J=117.05 周J=27.26 月J=28.14 价=1.4 涨=1.67%  PE=38.93(67.15%) PB=None(None%)
2026-08-07 15:58:30  [ 50] 159363 创业板人工智能ETF华宝  完成  日J=110.51 周J=15.7 月J=43.37 价=1.24 涨=0.65%  PE=None(None%) PB=None(None%)
2026-08-07 15:58:31  [ 51] 512710 军工龙头ETF富国  完成  日J=108.2 周J=37.94 月J=-6.4 价=0.63 涨=1.61%  PE=None(None%) PB=None(None%)
2026-08-07 15:58:32  [ 52] 159307 红利低波100ETF博时  完成  日J=-0.33 周J=94.04 月J=56.8 价=1.03 涨=-0.1%  PE=8.56(76.51%) PB=None(None%)
2026-08-07 15:58:34  [ 53] 516150 稀土ETF嘉实  完成  日J=109.36 周J=22.45 月J=17.8 价=1.82 涨=3.53%  PE=30.15(34.16%) PB=None(None%)
2026-08-07 15:58:35  [ 54] 159851 金融科技ETF华宝  完成  日J=93.51 周J=61.48 月J=6.28 价=0.65 涨=-0.46%  PE=34.07(15.07%) PB=None(None%)
2026-08-07 15:58:37  [ 55] 512660 军工ETF国泰  完成  日J=111.29 周J=32.21 月J=-0.53 价=1.15 涨=1.67%  PE=46.65(15.58%) PB=3.32(58.56%)
2026-08-07 15:58:38  [ 56] 159263 价值ETF易方达  完成  日J=12.22 周J=98.61 月J=46.38 价=1.14 涨=-0.61%  PE=None(None%) PB=None(None%)
2026-08-07 15:58:40  [ 57] 515980 人工智能ETF华富  完成  日J=104.99 周J=15.08 月J=47.18 价=1.08 涨=1.31%  PE=54.64(87.78%) PB=None(None%)
2026-08-07 15:58:41  [ 58] 159865 养殖ETF国泰  完成  日J=55.6 周J=94.0 月J=17.27 价=0.53 涨=-0.38%  PE=22.8(53.02%) PB=None(None%)
2026-08-07 15:58:42  [ 59] 512950 央企改革ETF华夏  完成  日J=108.96 周J=37.36 月J=40.38 价=1.53 涨=1.33%  PE=15.65(81.74%) PB=None(None%)
2026-08-07 15:58:44  [ 60] 159796 电池ETF汇添富  完成  日J=101.11 周J=19.09 月J=9.56 价=0.87 涨=1.4%  PE=None(None%) PB=None(None%)
2026-08-07 15:58:45  [ 61] 159967 创业板成长ETF华夏  完成  日J=102.8 周J=6.66 月J=38.85 价=0.81 涨=2.02%  PE=None(None%) PB=None(None%)
2026-08-07 15:58:45  全部完成，结果已写入 C:\Users\hailo\Desktop\每周自动指标\output_etf\2026-08-07\metrics_2026-08-07.csv
2026-08-07 15:58:45  步骤2完成 -> C:\Users\hailo\Desktop\每周自动指标\output_etf\2026-08-07\metrics_2026-08-07.csv
2026-08-07 15:58:45  步骤3: 生成 HTML 总结报告...
2026-08-07 15:58:45  步骤3完成 -> C:\Users\hailo\Desktop\每周自动指标\output_etf\2026-08-07\report_2026-08-07.html
2026-08-07 15:58:45  步骤4: 发送邮件报告...
2026-08-07 15:58:47  步骤4完成: 邮件已发送
2026-08-07 15:58:47  ===== 全部完成 2026-08-07 =====
2026-08-07 19:00:13  今日(2026-08-07)已完成，跳过。结果目录: C:\Users\hailo\Desktop\每周自动指标\output_etf\2026-08-07
2026-08-07 20:35:34  今日(2026-08-07)已完成，跳过。结果目录: C:\Users\hailo\Desktop\每周自动指标\output_etf\2026-08-07
2026-08-07 20:35:50  今日(2026-08-07)已完成，跳过。结果目录: C:\Users\hailo\Desktop\每周自动指标\output_etf\2026-08-07
