2026-08-17 19:04:54  ===== 开始每日港股通指标任务 2026-08-17 =====
2026-08-17 19:04:54  步骤1: 获取港股通总市值前100标的...
获取港股通标的列表(共取市值前 100 只)...
接口返回 100 只港股通标的
2026-08-17 19:04:54  步骤1完成 -> C:\Users\hailo\Desktop\每周自动指标\output_hk\2026-08-17\hk_list_2026-08-17.csv
2026-08-17 19:04:54  步骤2: 计算 KDJ-J(日/周/月)...
2026-08-17 19:04:57  [  1] 00700 腾讯控股  完成  日J=-6.55 周J=47.75 月J=5.6 价=446.4 涨=1.45%  PE=15.23(None%) PB=3.1(None%)
2026-08-17 19:04:58  [  2] 03750 宁德时代  完成  日J=33.02 周J=36.91 月J=55.23 价=652.0 涨=1.64%  PE=31.31(None%) PB=6.91(None%)
2026-08-17 19:05:00  [  3] 00005 汇丰控股  完成  日J=55.14 周J=68.29 月J=94.44 价=163.5 涨=1.68%  PE=14.9(None%) PB=2.07(None%)
2026-08-17 19:05:01  [  4] 01398 工商银行  完成  日J=47.75 周J=73.49 月J=73.57 价=7.22 涨=0.77%  PE=6.2(None%) PB=0.58(None%)
2026-08-17 19:05:02  [  5] 09988 阿里巴巴-W  完成  日J=8.57 周J=97.06 月J=25.46 价=122.2 涨=1.92%  PE=19.97(None%) PB=1.93(None%)
2026-08-17 19:05:03  [  6] 00939 建设银行  完成  日J=57.09 周J=78.03 月J=78.71 价=8.9 涨=1.83%  PE=6.08(None%) PB=0.58(None%)
2026-08-17 19:05:05  [  7] 01288 农业银行  完成  日J=48.51 周J=60.8 月J=61.2 价=5.9 涨=1.03%  PE=6.27(None%) PB=0.65(None%)
2026-08-17 19:05:06  [  8] 00941 中国移动  完成  日J=31.2 周J=84.38 月J=52.19 价=82.4 涨=0.43%  PE=11.89(None%) PB=1.07(None%)
2026-08-17 19:05:07  [  9] 00857 中国石油股份  完成  日J=36.76 周J=72.44 月J=26.5 价=9.56 涨=1.16%  PE=9.86(None%) PB=0.95(None%)
2026-08-17 19:05:08  [ 10] 03988 中国银行  完成  日J=62.38 周J=68.31 月J=80.53 价=5.3 涨=1.05%  PE=6.23(None%) PB=0.55(None%)
2026-08-17 19:05:10  [ 11] 03968 招商银行  完成  日J=-3.55 周J=65.27 月J=46.34 价=47.82 涨=-0.29%  PE=7.15(None%) PB=0.94(None%)
2026-08-17 19:05:11  [ 12] 00883 中国海洋石油  完成  日J=79.18 周J=96.63 月J=19.99 价=23.92 涨=0.42%  PE=8.13(None%) PB=1.2(None%)
2026-08-17 19:05:12  [ 13] 02318 中国平安  完成  日J=-7.57 周J=67.39 月J=6.0 价=54.8 涨=0.37%  PE=6.69(None%) PB=0.86(None%)
2026-08-17 19:05:13  [ 14] 02899 紫金矿业  完成  日J=38.07 周J=97.51 月J=23.66 价=35.92 涨=3.22%  PE=13.83(None%) PB=4.27(None%)
2026-08-17 19:05:15  [ 15] 01088 中国神华  完成  日J=43.03 周J=79.28 月J=31.62 价=43.26 涨=0.51%  PE=15.9(None%) PB=1.67(None%)
2026-08-17 19:05:16  [ 16] 01211 比亚迪股份  完成  日J=21.44 周J=85.98 月J=50.98 价=90.05 涨=2.04%  PE=26.64(None%) PB=3.13(None%)
2026-08-17 19:05:17  [ 17] 02628 中国人寿  完成  日J=16.16 周J=29.1 月J=24.24 价=27.98 涨=4.4%  PE=4.9(None%) PB=1.17(None%)
2026-08-17 19:05:19  [ 18] 01299 友邦保险  完成  日J=20.31 周J=33.43 月J=7.52 价=73.4 涨=4.26%  PE=15.65(None%) PB=2.29(None%)
2026-08-17 19:05:20  [ 19] 00300 美的集团  完成  日J=7.64 周J=89.12 月J=81.77 价=95.5 涨=-0.42%  PE=14.7(None%) PB=2.76(None%)
2026-08-17 19:05:21  [ 20] 01810 小米集团-W  完成  日J=4.54 周J=48.63 月J=19.61 价=25.88 涨=1.01%  PE=16.83(None%) PB=2.23(None%)
2026-08-17 19:05:22  [ 21] 03328 交通银行  完成  日J=43.88 周J=70.41 月J=71.13 价=7.3 涨=0.76%  PE=5.97(None%) PB=0.49(None%)
2026-08-17 19:05:24  [ 22] 00981 中芯国际  完成  日J=101.1 周J=34.81 月J=54.25 价=75.15 涨=6.14%  PE=79.22(None%) PB=3.26(None%)
2026-08-17 19:05:25  [ 23] 09999 网易  完成  日J=0.5 周J=33.94 月J=45.18 价=194.2 涨=0.31%  PE=16.27(None%) PB=3.32(None%)
2026-08-17 19:05:26  [ 24] 02359 药明康德  完成  日J=85.92 周J=102.26 月J=98.56 价=203.4 涨=3.04%  PE=24.19(None%) PB=6.28(None%)
2026-08-17 19:05:28  [ 25] 01658 邮储银行  完成  日J=18.3 周J=51.79 月J=29.24 价=4.82 涨=0.52%  PE=5.87(None%) PB=0.49(None%)
2026-08-17 19:05:29  [ 26] 02513 智谱  完成  日J=61.64 周J=8.12 月J=28.43 价=1203.0 涨=-5.28%  PE=-107.69(None%) PB=-5.41(None%)
2026-08-17 19:05:30  [ 27] 03690 美团-W  完成  日J=-1.51 周J=87.17 月J=64.31 价=87.65 涨=0.52%  PE=-12.17(None%) PB=3.19(None%)
2026-08-17 19:05:31  [ 28] 02388 中银香港  完成  日J=63.88 周J=86.7 月J=84.88 价=50.4 涨=0.4%  PE=13.28(None%) PB=1.49(None%)
2026-08-17 19:05:33  [ 29] 02888 渣打集团  完成  日J=88.47 周J=92.89 月J=100.38 价=238.0 涨=1.62%  PE=12.32(None%) PB=1.44(None%)
2026-08-17 19:05:34  [ 30] 00386 中国石油化工股份  完成  日J=28.92 周J=74.85 月J=4.41 价=4.29 涨=1.3%  PE=12.7(None%) PB=0.55(None%)
2026-08-17 19:05:35  [ 31] 00388 香港交易所  完成  日J=17.77 周J=97.89 月J=45.15 价=406.2 涨=-0.05%  PE=27.3(None%) PB=9.34(None%)
2026-08-17 19:05:36  [ 32] 02475 立讯精密  完成  日J=64.85 周J=76.75 月J=None 价=63.4 涨=4.97%  PE=25.52(None%) PB=4.62(None%)
2026-08-17 19:05:37  [ 33] 09633 农夫山泉  完成  日J=29.23 周J=57.58 月J=9.47 价=42.52 涨=-0.42%  PE=27.22(None%) PB=10.94(None%)
2026-08-17 19:05:39  [ 34] 00728 中国电信  完成  日J=70.41 周J=78.26 月J=20.97 价=4.68 涨=-0.95%  PE=12.08(None%) PB=0.81(None%)
2026-08-17 19:05:40  [ 35] 06030 中信证券  完成  日J=18.53 周J=14.64 月J=43.95 价=26.74 涨=1.98%  PE=11.08(None%) PB=1.2(None%)
2026-08-17 19:05:42  [ 36] 00998 中信银行  完成  日J=46.91 周J=80.09 月J=37.38 价=7.46 涨=0.74%  PE=5.2(None%) PB=0.49(None%)
2026-08-17 19:05:43  [ 37] 00992 联想集团  完成  日J=76.5 周J=85.53 月J=100.58 价=33.02 涨=-1.73%  PE=65.6(None%) PB=7.24(None%)
2026-08-17 19:05:44  [ 38] 03986 兆易创新  完成  日J=100.57 周J=3.44 月J=25.05 价=554.0 涨=8.41%  PE=120.54(None%) PB=13.57(None%)
2026-08-17 19:05:45  [ 39] 06809 澜起科技  完成  日J=105.73 周J=16.55 月J=46.2 价=311.0 涨=9.58%  PE=132.47(None%) PB=16.1(None%)
2026-08-17 19:05:47  [ 40] 03993 洛阳钼业  完成  日J=6.49 周J=66.81 月J=10.62 价=17.64 涨=3.7%  PE=13.96(None%) PB=3.75(None%)
2026-08-17 19:05:48  [ 41] 02259 紫金黄金国际  完成  日J=40.76 周J=96.71 月J=8.23 价=135.1 涨=5.96%  PE=18.3(None%) PB=4.94(None%)
2026-08-17 19:05:49  [ 42] 01276 恒瑞医药  完成  日J=6.31 周J=19.98 月J=1.69 价=53.7 涨=1.7%  PE=39.2(None%) PB=4.95(None%)
2026-08-17 19:05:50  [ 43] 00267 中信股份  完成  日J=67.26 周J=82.15 月J=36.45 价=12.13 涨=1.59%  PE=5.43(None%) PB=0.41(None%)
2026-08-17 19:05:51  [ 44] 02328 中国财险  完成  日J=3.71 周J=61.62 月J=37.25 价=15.44 涨=0.85%  PE=8.14(None%) PB=1.03(None%)
2026-08-17 19:05:53  [ 45] 00016 新鸿基地产  完成  日J=43.45 周J=45.4 月J=34.49 价=117.2 涨=0.6%  PE=15.44(None%) PB=0.55(None%)
2026-08-17 19:05:54  [ 46] 06160 百济神州  完成  日J=71.85 周J=96.91 月J=71.18 价=214.0 涨=1.33%  PE=64.41(None%) PB=9.71(None%)
2026-08-17 19:05:55  [ 47] 02338 潍柴动力  完成  日J=58.1 周J=54.31 月J=59.23 价=35.7 涨=1.94%  PE=24.37(None%) PB=2.88(None%)
2026-08-17 19:05:56  [ 48] 02601 中国太保  完成  日J=13.62 周J=49.24 月J=2.22 价=28.74 涨=1.34%  PE=4.59(None%) PB=0.76(None%)
2026-08-17 19:05:58  [ 49] 02378 保诚  完成  日J=24.86 周J=45.42 月J=34.09 价=110.2 涨=3.18%  PE=8.9(None%) PB=1.79(None%)
2026-08-17 19:05:59  [ 50] 00001 长和  完成  日J=31.85 周J=67.0 月J=84.68 价=70.1 涨=0.07%  PE=7.1(None%) PB=0.46(None%)
2026-08-17 19:06:00  [ 51] 00669 创科实业  完成  日J=50.95 周J=81.31 月J=96.77 价=142.0 涨=-0.28%  PE=25.49(None%) PB=4.45(None%)
2026-08-17 19:06:02  [ 52] 06951 三环集团  完成  日J=84.44 周J=99.89 月J=None 价=127.6 涨=-1.39%  PE=79.19(None%) PB=9.64(None%)
2026-08-17 19:06:03  [ 53] 02611 国泰海通  完成  日J=41.81 周J=1.13 月J=22.76 价=14.35 涨=0.77%  PE=10.19(None%) PB=0.68(None%)
2026-08-17 19:06:04  [ 54] 02476 胜宏科技  完成  日J=88.82 周J=33.16 月J=14.71 价=256.6 涨=6.47%  PE=48.17(None%) PB=11.36(None%)
2026-08-17 19:06:05  [ 55] 01919 中远海控  完成  日J=93.25 周J=112.36 月J=87.76 价=16.44 涨=6.13%  PE=8.92(None%) PB=0.94(None%)
2026-08-17 19:06:07  [ 56] 01347 华虹宏力  完成  日J=44.93 周J=-1.01 月J=46.23 价=139.9 涨=7.45%  PE=303.0(None%) PB=4.34(None%)
2026-08-17 19:06:08  [ 57] 01109 华润置地  完成  日J=70.61 周J=77.81 月J=47.86 价=33.96 涨=-0.7%  PE=8.61(None%) PB=0.76(None%)
2026-08-17 19:06:09  [ 58] 01378 中国宏桥  完成  日J=19.21 周J=71.87 月J=-3.95 价=23.32 涨=2.73%  PE=9.14(None%) PB=1.58(None%)
2026-08-17 19:06:11  [ 59] 01339 中国人民保险集团  完成  日J=-3.57 周J=58.81 月J=2.66 价=5.12 涨=1.19%  PE=4.8(None%) PB=0.63(None%)
2026-08-17 19:06:12  [ 60] 09992 泡泡玛特  完成  日J=24.44 周J=18.5 月J=2.31 价=153.5 涨=-0.39%  PE=14.45(None%) PB=8.36(None%)
2026-08-17 19:06:13  [ 61] 00066 港铁公司  完成  日J=61.66 周J=88.85 月J=31.85 价=32.78 涨=-1.38%  PE=8.93(None%) PB=1.0(None%)
2026-08-17 19:06:14  [ 62] 02020 安踏体育  完成  日J=3.9 周J=41.87 月J=32.27 价=72.15 涨=0.28%  PE=13.41(None%) PB=2.77(None%)
2026-08-17 19:06:16  [ 63] 00175 吉利汽车  完成  日J=34.98 周J=51.12 月J=29.88 价=18.67 涨=4.77%  PE=10.61(None%) PB=1.85(None%)
2026-08-17 19:06:17  [ 64] 03692 翰森制药  完成  日J=38.5 周J=67.91 月J=12.07 价=32.94 涨=-1.08%  PE=32.48(None%) PB=5.09(None%)
2026-08-17 19:06:18  [ 65] 00002 中电控股  完成  日J=100.32 周J=105.25 月J=97.77 价=78.5 涨=-0.57%  PE=18.29(None%) PB=1.8(None%)
2026-08-17 19:06:19  [ 66] 06690 海尔智家  完成  日J=10.39 周J=43.72 月J=14.07 价=20.86 涨=-1.04%  PE=9.33(None%) PB=1.38(None%)
2026-08-17 19:06:21  [ 67] 00762 中国联通  完成  日J=12.47 周J=32.87 月J=6.23 价=6.33 涨=-0.08%  PE=8.74(None%) PB=0.48(None%)
2026-08-17 19:06:22  [ 68] 02714 牧原股份  完成  日J=78.54 周J=97.16 月J=13.13 价=33.32 涨=-2.0%  PE=17.64(None%) PB=1.97(None%)
2026-08-17 19:06:23  [ 69] 02269 药明生物  完成  日J=66.51 周J=95.27 月J=76.87 价=46.16 涨=2.26%  PE=35.21(None%) PB=3.65(None%)
2026-08-17 19:06:25  [ 70] 03288 海天味业  完成  日J=25.52 周J=74.92 月J=34.73 价=31.88 涨=-0.87%  PE=22.82(None%) PB=3.92(None%)
2026-08-17 19:06:26  [ 71] 06818 中国光大银行  完成  日J=5.88 周J=25.6 月J=11.37 价=2.99 涨=0.67%  PE=4.16(None%) PB=0.31(None%)
2026-08-17 19:06:27  [ 72] 01024 快手-W  完成  日J=-12.12 周J=7.06 月J=-10.58 价=40.08 涨=0.05%  PE=8.85(None%) PB=1.87(None%)
2026-08-17 19:06:29  [ 73] 06031 三一重工  完成  日J=1.38 周J=28.69 月J=6.56 价=18.76 涨=2.29%  PE=18.27(None%) PB=1.68(None%)
2026-08-17 19:06:31  [ 74] 06936 顺丰控股  完成  日J=-4.4 周J=80.16 月J=48.6 价=32.12 涨=-0.31%  PE=13.25(None%) PB=1.42(None%)
2026-08-17 19:06:33  [ 75] 01801 信达生物  完成  日J=72.15 周J=89.2 月J=71.16 价=95.35 涨=1.65%  PE=184.58(None%) PB=7.72(None%)
2026-08-17 19:06:36  [ 76] 00788 中国铁塔  完成  日J=25.75 周J=65.2 月J=10.73 价=9.45 涨=1.5%  PE=10.95(None%) PB=0.7(None%)
2026-08-17 19:06:37  [ 77] 01038 长江基建集团  完成  日J=99.05 周J=103.85 月J=71.31 价=64.3 涨=0.23%  PE=6.44(None%) PB=1.1(None%)
2026-08-17 19:06:39  [ 78] 01113 长实集团  完成  日J=35.07 周J=52.68 月J=48.99 价=45.9 涨=2.0%  PE=12.14(None%) PB=0.4(None%)
2026-08-17 19:06:40  [ 79] 01377 鼎泰高科  完成  日J=44.38 周J=60.5 月J=None 价=370.8 涨=0.87%  PE=225.73(None%) PB=46.26(None%)
2026-08-17 19:06:41  [ 80] 06886 华泰证券  完成  日J=95.24 周J=51.3 月J=23.98 价=17.0 涨=0.95%  PE=7.82(None%) PB=0.76(None%)
2026-08-17 19:06:43  [ 81] 02423 贝壳-W  完成  日J=21.25 周J=85.91 月J=52.68 价=44.22 涨=0.77%  PE=39.88(None%) PB=2.14(None%)
2026-08-17 19:06:44  [ 82] 00027 银河娱乐  完成  日J=83.93 周J=104.21 月J=23.13 价=34.54 涨=-0.58%  PE=14.12(None%) PB=1.79(None%)
2026-08-17 19:06:45  [ 83] 09973 奇瑞汽车  完成  日J=25.46 周J=66.0 月J=23.69 价=25.9 涨=1.49%  PE=7.25(None%) PB=2.41(None%)
2026-08-17 19:06:46  [ 84] 01988 民生银行  完成  日J=9.88 周J=61.21 月J=22.88 价=3.4 涨=0.15%  PE=4.49(None%) PB=0.23(None%)
2026-08-17 19:06:48  [ 85] 03606 福耀玻璃  完成  日J=38.14 周J=83.22 月J=35.58 价=56.6 涨=0.44%  PE=14.7(None%) PB=3.33(None%)
2026-08-17 19:06:49  [ 86] 00688 中国海外发展  完成  日J=62.87 周J=62.31 月J=35.32 价=13.42 涨=-0.45%  PE=10.45(None%) PB=0.34(None%)
2026-08-17 19:06:50  [ 87] 02600 中国铝业  完成  日J=23.38 周J=65.14 月J=-6.69 价=8.56 涨=4.58%  PE=8.92(None%) PB=1.61(None%)
2026-08-17 19:06:51  [ 88] 01898 中煤能源  完成  日J=68.48 周J=84.08 月J=5.59 价=11.07 涨=0.82%  PE=9.12(None%) PB=0.79(None%)
2026-08-17 19:06:53  [ 89] 01336 新华保险  完成  日J=6.55 周J=33.56 月J=0.01 价=46.32 涨=1.98%  PE=3.51(None%) PB=1.03(None%)
2026-08-17 19:06:54  [ 90] 01766 中国中车  完成  日J=16.99 周J=68.93 月J=23.47 价=5.03 涨=1.72%  PE=9.54(None%) PB=0.72(None%)
2026-08-17 19:06:56  [ 91] 01816 中广核电力  完成  日J=-4.2 周J=56.03 月J=0.21 价=2.79 涨=-0.18%  PE=13.24(None%) PB=0.99(None%)
2026-08-17 19:06:59  [ 92] 01972 太古地产  完成  日J=82.77 周J=111.37 月J=42.26 价=24.26 涨=2.54%  PE=42.33(None%) PB=0.52(None%)
2026-08-17 19:07:00  [ 93] 02057 中通快递-W  完成  日J=-0.09 周J=44.82 月J=48.31 价=180.2 涨=1.12%  PE=13.37(None%) PB=1.97(None%)
2026-08-17 19:07:02  [ 94] 01776 广发证券  完成  日J=45.74 周J=42.47 月J=47.94 价=17.32 涨=2.0%  PE=7.74(None%) PB=0.87(None%)
2026-08-17 19:07:03  [ 95] 01888 建滔积层板  完成  日J=104.15 周J=2.92 月J=22.89 价=42.12 涨=9.12%  PE=54.35(None%) PB=8.08(None%)
2026-08-17 19:07:04  [ 96] 00012 恒基地产  完成  日J=18.94 周J=67.07 月J=7.88 价=27.06 涨=1.05%  PE=23.17(None%) PB=0.41(None%)
2026-08-17 19:07:05  [ 97] 06099 招商证券  完成  日J=27.0 周J=6.98 月J=43.95 价=15.05 涨=2.66%  PE=8.8(None%) PB=0.93(None%)
2026-08-17 19:07:07  [ 98] 00358 江西铜业股份  完成  日J=24.48 周J=78.19 月J=14.99 价=37.52 涨=3.82%  PE=14.06(None%) PB=1.36(None%)
2026-08-17 19:07:08  [ 99] 00006 电能实业  完成  日J=102.92 周J=106.79 月J=50.82 价=60.35 涨=1.17%  PE=7.19(None%) PB=1.25(None%)
2026-08-17 19:07:09  [100] 09987 百胜中国  完成  日J=3.25 周J=88.03 月J=33.6 价=371.2 涨=0.27%  PE=16.76(None%) PB=3.05(None%)
2026-08-17 19:07:09  全部完成，结果已写入 C:\Users\hailo\Desktop\每周自动指标\output_hk\2026-08-17\metrics_2026-08-17.csv
2026-08-17 19:07:09  步骤2完成 -> C:\Users\hailo\Desktop\每周自动指标\output_hk\2026-08-17\metrics_2026-08-17.csv
2026-08-17 19:07:09  步骤3: 生成 HTML 总结报告...
2026-08-17 19:07:10  步骤3完成 -> C:\Users\hailo\Desktop\每周自动指标\output_hk\2026-08-17\report_2026-08-17.html
2026-08-17 19:07:10  步骤4: 发送邮件报告...
2026-08-17 19:07:11  步骤4完成: 邮件已发送
2026-08-17 19:07:11  ===== 全部完成 2026-08-17 =====
