2026-08-12 17:17:09  ===== 开始每日指标任务 2026-08-12 =====
2026-08-12 17:17:09  步骤1: 获取 A股市值前100…
2026-08-12 17:17:10  步骤1完成 -> C:\Users\hailo\Desktop\每周自动指标\output\2026-08-12\top100_2026-08-12.csv
2026-08-12 17:17:10  步骤2: 计算 KDJ-J(日/周/月) 及 PE/PB 历史分位…
2026-08-12 17:17:13  [  1] 688825 长鑫科技  完成  日J=13.65 周J=None 月J=None 价=53.52 涨=6.19%  PE=126.95(69.23%) PB=43.8(69.23%)
2026-08-12 17:17:14  [  2] 601398 工商银行  完成  日J=0.26 周J=56.01 月J=63.24 价=7.52 涨=-1.05%  PE=7.22(87.22%) PB=0.68(51.22%)
2026-08-12 17:17:16  [  3] 601939 建设银行  完成  日J=29.15 周J=63.78 月J=82.65 价=10.24 涨=0.1%  PE=7.84(96.22%) PB=0.76(69.51%)
2026-08-12 17:17:17  [  4] 601288 农业银行  完成  日J=-3.93 周J=62.71 月J=20.76 价=6.44 涨=-0.62%  PE=7.66(88.61%) PB=0.8(74.39%)
2026-08-12 17:17:19  [  5] 600941 中国移动  完成  日J=21.5 周J=91.67 月J=54.87 价=96.22 涨=-0.21%  PE=15.37(41.26%) PB=1.47(31.84%)
2026-08-12 17:17:20  [  6] 601857 中国石油  完成  日J=25.2 周J=101.79 月J=29.49 价=10.66 涨=-3.62%  PE=12.33(54.0%) PB=1.2(85.11%)
2026-08-12 17:17:22  [  7] 601988 中国银行  完成  日J=29.71 周J=60.85 月J=78.73 价=5.83 涨=-0.85%  PE=7.66(94.21%) PB=0.69(76.83%)
2026-08-12 17:17:23  [  8] 300750 宁德时代  完成  日J=27.45 周J=81.18 月J=40.65 价=393.93 涨=0.9%  PE=21.44(16.33%) PB=4.8(31.05%)
2026-08-12 17:17:25  [  9] 600519 贵州茅台  完成  日J=69.13 周J=108.53 月J=48.39 价=1343.0 涨=-0.26%  PE=20.3(9.67%) PB=6.2(2.78%)
2026-08-12 17:17:26  [ 10] 600938 中国海油  完成  日J=88.16 周J=92.94 月J=20.68 价=32.85 涨=-2.52%  PE=12.52(90.82%) PB=1.87(77.63%)
2026-08-12 17:17:28  [ 11] 601138 工业富联  完成  日J=79.32 周J=47.14 月J=39.32 价=65.6 涨=-0.62%  PE=27.75(87.71%) PB=7.41(93.4%)
2026-08-12 17:17:29  [ 12] 688981 中芯国际  完成  日J=72.56 周J=5.71 月J=47.25 价=127.96 涨=2.03%  PE=217.12(92.06%) PB=7.31(93.83%)
2026-08-12 17:17:31  [ 13] 300308 中际旭创  完成  日J=40.81 周J=4.48 月J=41.41 价=921.0 涨=3.84%  PE=72.07(77.69%) PB=30.27(97.27%)
2026-08-12 17:17:32  [ 14] 601628 中国人寿  完成  日J=9.02 周J=63.39 月J=20.97 价=37.33 涨=0.48%  PE=7.29(4.64%) PB=1.76(14.55%)
2026-08-12 17:17:33  [ 15] 600036 招商银行  完成  日J=-0.31 周J=84.52 月J=61.23 价=38.7 涨=-0.64%  PE=6.47(23.36%) PB=0.86(8.14%)
2026-08-12 17:17:35  [ 16] 601088 中国神华  完成  日J=62.28 周J=75.76 月J=43.68 价=44.07 涨=-1.41%  PE=18.54(96.55%) PB=1.99(89.04%)
2026-08-12 17:17:36  [ 17] 601318 中国平安  完成  日J=-11.59 周J=85.36 月J=8.62 价=52.6 涨=0.1%  PE=7.17(4.88%) PB=0.94(17.23%)
2026-08-12 17:17:38  [ 18] 601899 紫金矿业  完成  日J=41.89 周J=105.49 月J=26.87 价=33.58 涨=1.21%  PE=14.47(17.42%) PB=4.53(84.63%)
2026-08-12 17:17:39  [ 19] 002594 比亚迪  完成  日J=13.05 周J=84.6 月J=42.5 价=90.41 涨=0.32%  PE=29.92(28.67%) PB=3.55(29.87%)
2026-08-12 17:17:40  [ 20] 688256 寒武纪  完成  日J=52.78 周J=4.17 月J=47.99 价=1105.38 涨=1.35%  PE=208.43(78.67%) PB=51.23(89.06%)
2026-08-12 17:17:42  [ 21] 600900 长江电力  完成  日J=26.3 周J=67.06 月J=85.41 价=28.02 涨=-1.02%  PE=19.0(49.83%) PB=3.01(70.61%)
2026-08-12 17:17:43  [ 22] 688041 海光信息  完成  日J=86.67 周J=10.52 月J=45.16 价=287.66 涨=0.23%  PE=245.27(89.89%) PB=28.46(93.4%)
2026-08-12 17:17:44  [ 23] 000333 美的集团  完成  日J=22.08 周J=75.72 月J=80.71 价=84.34 涨=-1.49%  PE=14.56(51.65%) PB=2.77(40.26%)
2026-08-12 17:17:46  [ 24] 600028 中国石化  完成  日J=20.19 周J=90.62 月J=4.06 价=5.05 涨=-1.17%  PE=17.18(85.11%) PB=0.73(33.22%)
2026-08-12 17:17:47  [ 25] 601328 交通银行  完成  日J=0.09 周J=76.27 月J=65.23 价=6.91 涨=-0.14%  PE=6.33(83.96%) PB=0.52(47.87%)
2026-08-12 17:17:49  [ 26] 300502 新易盛  完成  日J=73.74 周J=12.72 月J=46.2 价=428.2 涨=3.11%  PE=55.59(57.44%) PB=29.3(96.65%)
2026-08-12 17:17:50  [ 27] 601658 邮储银行  完成  日J=-5.85 周J=59.18 月J=32.99 价=4.93 涨=-0.6%  PE=6.74(56.37%) PB=0.57(5.38%)
2026-08-12 17:17:52  [ 28] 601728 中国电信  完成  日J=25.44 周J=95.82 月J=56.0 价=6.3 涨=-0.32%  PE=18.2(65.56%) PB=1.23(61.74%)
2026-08-12 17:17:53  [ 29] 002371 北方华创  完成  日J=100.54 周J=28.78 月J=59.4 价=760.0 涨=1.86%  PE=98.91(47.73%) PB=14.04(87.36%)
2026-08-12 17:17:54  [ 30] 688347 华虹宏力  完成  日J=110.48 周J=12.36 月J=52.86 价=273.2 涨=4.08%  PE=962.17(80.57%) PB=10.49(96.17%)
2026-08-12 17:17:56  [ 31] 603259 药明康德  完成  日J=88.96 周J=99.59 月J=94.6 价=159.04 涨=-0.73%  PE=21.9(31.23%) PB=5.69(50.0%)
2026-08-12 17:17:58  [ 32] 688235 百济神州  完成  日J=82.4 周J=93.55 月J=68.05 价=293.65 涨=-2.21%  PE=105.78(90.79%) PB=13.71(84.85%)
2026-08-12 17:17:59  [ 33] 002475 立讯精密  完成  日J=50.95 周J=12.5 月J=33.14 价=57.35 涨=3.09%  PE=25.78(34.94%) PB=5.02(40.16%)
2026-08-12 17:18:01  [ 34] 600030 中信证券  完成  日J=-1.57 周J=43.99 月J=79.48 价=27.7 涨=-0.14%  PE=12.85(9.53%) PB=1.48(47.06%)
2026-08-12 17:18:03  [ 35] 601998 中信银行  完成  日J=21.61 周J=81.69 月J=45.64 价=7.6 涨=1.06%  PE=5.94(66.01%) PB=0.57(57.11%)
2026-08-12 17:18:04  [ 36] 603993 洛阳钼业  完成  日J=12.6 周J=66.23 月J=11.2 价=19.0 涨=-0.68%  PE=16.83(23.98%) PB=4.57(92.05%)
2026-08-12 17:18:06  [ 37] 601166 兴业银行  完成  日J=-15.74 周J=78.78 月J=44.6 价=18.1 涨=-0.66%  PE=4.94(33.17%) PB=0.46(6.27%)
2026-08-12 17:18:07  [ 38] 002384 东山精密  完成  日J=105.05 周J=12.49 月J=56.53 价=200.19 涨=3.26%  PE=179.73(96.74%) PB=16.2(97.37%)
2026-08-12 17:18:09  [ 39] 688012 中微公司  完成  日J=101.16 周J=31.71 月J=63.55 价=380.95 涨=4.92%  PE=133.71(72.21%) PB=15.01(78.34%)
2026-08-12 17:18:11  [ 40] 600276 恒瑞医药  完成  日J=79.48 周J=79.34 月J=39.69 价=54.36 涨=-1.11%  PE=44.44(6.13%) PB=5.67(4.31%)
2026-08-12 17:18:12  [ 41] 600183 生益科技  完成  日J=110.23 周J=29.88 月J=55.05 价=143.23 涨=5.86%  PE=88.56(98.71%) PB=19.41(98.71%)
2026-08-12 17:18:15  [ 42] 002415 海康威视  完成  日J=17.36 周J=84.24 月J=88.42 价=36.47 涨=0.27%  PE=20.34(13.93%) PB=3.96(27.67%)
2026-08-12 17:18:16  [ 43] 601211 国泰海通  完成  日J=24.26 周J=34.13 月J=46.67 价=18.02 涨=-0.44%  PE=14.43(58.5%) PB=0.97(30.73%)
2026-08-12 17:18:18  [ 44] 300059 东方财富  完成  日J=6.84 周J=53.51 月J=29.89 价=19.83 涨=-0.05%  PE=23.94(5.41%) PB=3.28(11.82%)
2026-08-12 17:18:19  [ 45] 601319 中国人保  完成  日J=-2.1 周J=67.49 月J=7.11 价=6.98 涨=-0.14%  PE=7.24(5.75%) PB=0.97(16.14%)
2026-08-12 17:18:21  [ 46] 600000 浦发银行  完成  日J=-7.45 周J=82.72 月J=23.95 价=9.17 涨=-0.43%  PE=6.07(70.42%) PB=0.41(28.1%)
2026-08-12 17:18:22  [ 47] 601601 中国太保  完成  日J=-12.72 周J=82.87 月J=4.57 价=30.48 涨=-0.13%  PE=5.44(0.86%) PB=0.92(7.56%)
2026-08-12 17:18:24  [ 48] 000858 五 粮 液  完成  日J=14.58 周J=85.73 月J=16.06 价=75.28 涨=0.37%  PE=23.19(34.23%) PB=2.28(1.39%)
2026-08-12 17:18:26  [ 49] 603986 兆易创新  完成  日J=106.1 周J=-5.42 月J=28.28 价=413.17 涨=2.7%  PE=100.86(52.37%) PB=11.47(76.4%)
2026-08-12 17:18:27  [ 50] 601869 长飞光纤  完成  日J=108.31 周J=9.79 月J=42.49 价=345.79 涨=2.94%  PE=247.4(94.38%) PB=20.12(96.17%)
2026-08-12 17:18:29  [ 51] 688802 沐曦股份-U  完成  日J=78.76 周J=4.41 月J=57.75 价=715.29 涨=1.77%  PE=-436.41(33.54%) PB=21.85(57.59%)
2026-08-12 17:18:30  [ 52] 002379 宏桥控股  完成  日J=69.56 周J=108.5 月J=18.16 价=21.34 涨=10.0%  PE=14.11(74.82%) PB=5.32(84.83%)
2026-08-12 17:18:32  [ 53] 300476 胜宏科技  完成  日J=112.41 周J=48.24 月J=24.49 价=279.39 涨=1.77%  PE=58.67(87.84%) PB=15.78(93.11%)
2026-08-12 17:18:33  [ 54] 000338 潍柴动力  完成  日J=84.66 周J=90.71 月J=69.62 价=31.31 涨=0.55%  PE=23.93(98.09%) PB=2.84(95.98%)
2026-08-12 17:18:34  [ 55] 688795 摩尔线程-U  完成  日J=48.33 周J=12.45 月J=21.89 价=572.49 涨=0.09%  PE=-362.94(22.89%) PB=22.1(6.02%)
2026-08-12 17:18:36  [ 56] 688008 澜起科技  完成  日J=77.95 周J=9.78 月J=45.69 价=215.43 涨=4.22%  PE=102.81(77.41%) PB=12.61(82.14%)
2026-08-12 17:18:38  [ 57] 002916 深南电路  完成  日J=103.4 周J=35.09 月J=58.66 价=385.8 涨=1.34%  PE=72.31(98.37%) PB=14.53(94.49%)
2026-08-12 17:18:39  [ 58] 300394 天孚通信  完成  日J=100.76 周J=34.14 月J=36.66 价=240.05 涨=7.89%  PE=120.57(95.6%) PB=43.79(96.27%)
2026-08-12 17:18:41  [ 59] 688820 盛合晶微  完成  日J=102.35 周J=6.77 月J=26.28 价=138.0 涨=0.31%  PE=260.82(29.49%) PB=17.77(29.49%)
2026-08-12 17:18:42  [ 60] 300408 三环集团  完成  日J=72.24 周J=31.0 月J=61.26 价=127.97 涨=-1.6%  PE=88.83(98.9%) PB=11.41(98.9%)
2026-08-12 17:18:43  [ 61] 600150 中国船舶  完成  日J=2.46 周J=42.47 月J=29.98 价=33.89 涨=-0.24%  PE=22.56(26.23%) PB=1.71(21.45%)
2026-08-12 17:18:45  [ 62] 601816 京沪高铁  完成  日J=36.29 周J=102.32 月J=88.17 价=5.01 涨=-0.6%  PE=18.36(4.08%) PB=1.16(5.53%)
2026-08-12 17:18:47  [ 63] 601225 陕西煤业  完成  日J=81.73 周J=89.8 月J=65.07 价=25.2 涨=-2.82%  PE=15.11(98.42%) PB=2.39(85.02%)
2026-08-12 17:18:49  [ 64] 300274 阳光电源  完成  日J=97.66 周J=19.98 月J=3.66 价=117.53 涨=-2.12%  PE=20.43(42.94%) PB=5.01(50.55%)
2026-08-12 17:18:50  [ 65] 002463 沪电股份  完成  日J=96.12 周J=30.83 月J=56.71 价=123.01 涨=1.66%  PE=55.03(97.94%) PB=14.1(98.18%)
2026-08-12 17:18:52  [ 66] 601919 中远海控  完成  日J=42.73 周J=105.8 月J=62.0 价=15.42 涨=-0.39%  PE=9.4(58.54%) PB=1.0(32.07%)
2026-08-12 17:18:54  [ 67] 600309 万华化学  完成  日J=39.4 周J=93.87 月J=21.47 价=75.06 涨=-0.78%  PE=17.85(63.91%) PB=2.11(9.91%)
2026-08-12 17:18:55  [ 68] 002938 鹏鼎控股  完成  日J=98.06 周J=40.91 月J=66.03 价=101.0 涨=4.48%  PE=61.78(98.33%) PB=6.81(98.33%)
2026-08-12 17:18:56  [ 69] 688808 联讯仪器  完成  日J=98.37 周J=45.95 月J=58.7 价=2248.0 涨=9.02%  PE=844.7(82.67%) PB=224.93(82.67%)
2026-08-12 17:18:58  [ 70] 002714 牧原股份  完成  日J=90.98 周J=95.76 月J=33.09 价=39.93 涨=-0.45%  PE=23.57(69.79%) PB=2.67(2.68%)
2026-08-12 17:18:59  [ 71] 000651 格力电器  完成  日J=10.58 周J=76.11 月J=83.35 价=40.23 涨=-0.76%  PE=7.72(26.52%) PB=1.48(4.74%)
2026-08-12 17:19:01  [ 72] 600188 兖矿能源  完成  日J=105.33 周J=78.84 月J=54.29 价=22.09 涨=-0.05%  PE=23.21(98.76%) PB=2.9(89.28%)
2026-08-12 17:19:03  [ 73] 000725 京东方Ａ  完成  日J=82.59 周J=-2.43 月J=40.49 价=5.93 涨=0.34%  PE=36.92(57.54%) PB=1.61(72.86%)
2026-08-12 17:19:04  [ 74] 000001 平安银行  完成  日J=11.18 周J=90.16 月J=84.68 价=11.25 涨=-0.09%  PE=5.07(29.44%) PB=0.47(7.75%)
2026-08-12 17:19:06  [ 75] 600919 江苏银行  完成  日J=56.78 周J=95.15 月J=101.27 价=11.67 涨=-0.68%  PE=5.93(77.41%) PB=0.81(88.7%)
2026-08-12 17:19:07  [ 76] 603288 海天味业  完成  日J=-2.18 周J=79.98 月J=54.73 价=36.24 涨=0.19%  PE=29.13(2.2%) PB=5.05(2.44%)
2026-08-12 17:19:09  [ 77] 002142 宁波银行  完成  日J=59.81 周J=88.05 月J=80.92 价=32.04 涨=-0.31%  PE=7.03(32.17%) PB=0.91(28.63%)
2026-08-12 17:19:10  [ 78] 688072 拓荆科技  完成  日J=101.99 周J=26.8 月J=60.98 价=703.03 涨=0.43%  PE=124.28(80.32%) PB=28.2(97.23%)
2026-08-12 17:19:12  [ 79] 600690 海尔智家  完成  日J=-3.54 周J=74.64 月J=25.16 价=21.75 涨=-1.14%  PE=10.9(5.12%) PB=1.63(3.59%)
2026-08-12 17:19:13  [ 80] 601066 中信建投  完成  日J=51.44 周J=4.06 月J=54.19 价=25.7 涨=-0.04%  PE=17.7(7.03%) PB=2.31(19.26%)
2026-08-12 17:19:14  [ 81] 003816 中国广核  完成  日J=6.86 周J=34.64 月J=17.69 价=3.93 涨=-1.26%  PE=20.93(86.61%) PB=1.58(59.89%)
2026-08-12 17:19:16  [ 82] 600406 国电南瑞  完成  日J=0.08 周J=89.63 月J=18.13 价=24.06 涨=0.29%  PE=23.23(26.81%) PB=3.61(33.99%)
2026-08-12 17:19:17  [ 83] 301666 大普微-UW  完成  日J=94.48 周J=0.38 月J=20.3 价=439.2 涨=1.41%  PE=14758.47(29.63%) PB=238.87(29.63%)
2026-08-12 17:19:19  [ 84] 301377 鼎泰高科  完成  日J=95.61 周J=18.71 月J=51.55 价=449.57 涨=4.79%  PE=306.68(97.34%) PB=65.7(97.34%)
2026-08-12 17:19:20  [ 85] 601898 中煤能源  完成  日J=81.5 周J=56.54 月J=11.17 价=14.15 涨=-1.32%  PE=10.57(52.8%) PB=1.14(88.8%)
2026-08-12 17:19:22  [ 86] 300760 迈瑞医疗  完成  日J=36.36 周J=90.83 月J=30.43 价=153.6 涨=0.07%  PE=23.75(6.95%) PB=4.64(2.53%)
2026-08-12 17:19:23  [ 87] 300433 蓝思科技  完成  日J=84.5 周J=-2.48 月J=28.46 价=35.25 涨=1.88%  PE=54.1(82.86%) PB=3.41(78.94%)
2026-08-12 17:19:25  [ 88] 601668 中国建筑  完成  日J=-5.99 周J=85.5 月J=48.53 价=4.5 涨=-0.44%  PE=4.9(51.12%) PB=0.37(0.53%)
2026-08-12 17:19:26  [ 89] 300604 长川科技  完成  日J=107.14 周J=28.45 月J=65.06 价=287.11 涨=2.16%  PE=117.84(53.23%) PB=36.39(98.95%)
2026-08-12 17:19:28  [ 90] 601336 新华保险  完成  日J=13.44 周J=57.6 月J=4.36 价=58.83 涨=0.81%  PE=4.97(0.67%) PB=1.49(41.74%)
2026-08-12 17:19:29  [ 91] 601985 中国核电  完成  日J=5.64 周J=41.64 月J=70.14 价=8.81 涨=-0.79%  PE=22.01(83.53%) PB=1.51(27.19%)
2026-08-12 17:19:31  [ 92] 600025 华能水电  完成  日J=2.64 周J=70.5 月J=64.41 价=9.69 涨=-0.92%  PE=21.14(72.14%) PB=2.54(70.99%)
2026-08-12 17:19:32  [ 93] 601818 光大银行  完成  日J=-11.0 周J=71.53 月J=40.17 价=3.03 涨=0.33%  PE=4.73(36.62%) PB=0.35(0.43%)
2026-08-12 17:19:34  [ 94] 688498 源杰科技  完成  日J=106.44 周J=25.44 月J=57.88 价=1429.0 涨=5.77%  PE=499.69(68.03%) PB=70.47(96.6%)
2026-08-12 17:19:35  [ 95] 001399 惠科股份  完成  日J=76.75 周J=-1.99 月J=None 价=23.95 涨=-0.42%  PE=46.87(26.47%) PB=6.72(26.47%)
2026-08-12 17:19:37  [ 96] 300033 同花顺  完成  日J=54.25 周J=52.37 月J=33.86 价=234.0 涨=-0.84%  PE=52.72(52.08%) PB=25.2(94.97%)
2026-08-12 17:19:38  [ 97] 600930 华电新能  完成  日J=14.53 周J=5.27 月J=0.43 价=4.21 涨=0.0%  PE=27.43(2.29%) PB=1.59(2.29%)
2026-08-12 17:19:39  [ 98] 301308 江波龙  完成  日J=98.33 周J=5.41 月J=29.32 价=414.3 涨=-0.77%  PE=14.62(46.2%) PB=9.43(80.49%)
2026-08-12 17:19:41  [ 99] 601688 华泰证券  完成  日J=26.86 周J=4.8 月J=12.58 价=19.39 涨=0.83%  PE=9.98(14.94%) PB=0.98(36.19%)
2026-08-12 17:19:42  [100] 002352 顺丰控股  完成  日J=-5.54 周J=75.97 月J=37.74 价=33.23 涨=-1.07%  PE=15.34(1.2%) PB=1.74(1.2%)
2026-08-12 17:19:43  全部完成，结果已写入 C:\Users\hailo\Desktop\每周自动指标\output\2026-08-12\metrics_2026-08-12.csv
2026-08-12 17:19:43  步骤2完成 -> C:\Users\hailo\Desktop\每周自动指标\output\2026-08-12\metrics_2026-08-12.csv
2026-08-12 17:19:43  步骤3: 生成 HTML 总结报告…
2026-08-12 17:19:43  步骤3完成 -> C:\Users\hailo\Desktop\每周自动指标\output\2026-08-12\report_2026-08-12.html
2026-08-12 17:19:43  步骤4: 生成个股股价走势图（含每日信号）…
2026-08-12 17:19:43  步骤4完成 -> C:\Users\hailo\Desktop\每周自动指标\output\stock_charts.html
2026-08-12 17:19:43  步骤5: 发送邮件报告…
2026-08-12 17:19:45  步骤5完成: 邮件已发送
2026-08-12 17:19:45  ===== 全部完成 2026-08-12 =====
2026-08-12 19:00:15  今日(2026-08-12)已完成，跳过。结果目录: C:\Users\hailo\Desktop\每周自动指标\output\2026-08-12
