2026-08-17 19:02:35  ===== 开始每日ETF指标任务 2026-08-17 =====
2026-08-17 19:02:35  步骤1: 获取场内规模前100的ETF...
[  1] 510300 沪深300ETF华泰柏瑞  规模=1193.59亿  跟踪=沪深300指数  主题=沪深300
[  2] 588000 科创50ETF华夏  规模=935.97亿  跟踪=上证科创板50成份指数  主题=科创板
[  3] 159915 创业板ETF易方达  规模=697.66亿  跟踪=创业板指数(价格)  主题=创业板
[  4] 512880 证券ETF国泰  规模=634.34亿  跟踪=中证全指证券公司指数  主题=证券
[  5] 588200 科创芯片ETF嘉实  规模=545.44亿  跟踪=上证科创板芯片指数  主题=半导体
[  6] 510310 沪深300ETF易方达  规模=537.0亿  跟踪=沪深300指数  主题=沪深300
[  7] 515880 通信ETF国泰  规模=443.59亿  跟踪=中证全指通信设备指数  主题=通信
[  8] 563360 A500ETF华泰柏瑞  规模=443.44亿  跟踪=中证A500指数  主题=中证A500
[  9] 510500 中证500ETF南方  规模=439.86亿  跟踪=中证500指数  主题=中证500
[ 10] 159516 半导体设备ETF国泰  规模=438.77亿  跟踪=中证半导体材料设备主题指数  主题=半导体
[ 11] 510330 沪深300ETF华夏  规模=436.5亿  跟踪=沪深300指数  主题=沪深300
[ 12] 588080 科创50ETF易方达  规模=435.28亿  跟踪=上证科创板50成份指数  主题=科创板
[ 13] 588170 科创半导体ETF华夏  规模=413.22亿  跟踪=上证科创板半导体材料设备主题指数  主题=半导体
[ 14] 512000 券商ETF华宝  规模=392.98亿  跟踪=中证全指证券公司指数  主题=证券
[ 15] 159352 A500ETF南方  规模=361.84亿  跟踪=中证A500指数  主题=中证A500
[ 16] 512890 红利低波ETF华泰柏瑞  规模=318.46亿  跟踪=中证红利低波动指数  主题=红利
[ 17] 159919 沪深300ETF嘉实  规模=317.65亿  跟踪=沪深300指数  主题=沪深300
[ 18] 159995 芯片ETF华夏  规模=294.48亿  跟踪=国证半导体芯片指数  主题=半导体
[ 19] 159361 A500ETF易方达  规模=293.65亿  跟踪=中证A500指数  主题=中证A500
[ 20] 159338 中证A500ETF国泰  规模=284.05亿  跟踪=中证A500指数  主题=中证A500
[ 21] 159949 创业板50ETF华安  规模=275.37亿  跟踪=创业板50指数  主题=创业板
[ 22] 512170 医疗ETF华宝  规模=263.52亿  跟踪=中证医疗指数  主题=医药
[ 23] 512100 中证1000ETF南方  规模=258.94亿  跟踪=中证1000指数  主题=中证1000
[ 24] 512400 有色金属ETF南方  规模=258.44亿  跟踪=有色金属  主题=有色金属
[ 25] 159819 人工智能ETF易方达  规模=223.59亿  跟踪=中证人工智能主题指数  主题=人工智能
[ 26] 159326 电网设备ETF华夏  规模=223.29亿  跟踪=中证电网设备主题指数  主题=其他
[ 27] 512050 A500ETF华夏  规模=215.14亿  跟踪=中证A500指数  主题=中证A500
[ 28] 512480 半导体ETF国联安  规模=213.47亿  跟踪=中证全指半导体产品与设备指数  主题=半导体
[ 29] 159558 半导体设备ETF易方达  规模=210.65亿  跟踪=中证半导体材料设备主题指数  主题=半导体
[ 30] 510880 红利ETF华泰柏瑞  规模=207.93亿  跟踪=上证红利指数  主题=红利
[ 31] 510050 上证50ETF华夏  规模=206.88亿  跟踪=上证50指数  主题=上证50
[ 32] 515450 红利低波50ETF南方  规模=193.97亿  跟踪=标普中国A股大盘红利低波50指数  主题=红利
[ 33] 515050 通信ETF华夏  规模=192.96亿  跟踪=中证5G通信主题指数  主题=通信
[ 34] 562500 机器人ETF华夏  规模=190.29亿  跟踪=中证机器人指数  主题=机器人
[ 35] 159530 机器人ETF易方达  规模=189.87亿  跟踪=国证机器人产业指数  主题=机器人
[ 36] 159781 科创创业ETF易方达  规模=186.47亿  跟踪=中证科创创业50指数  主题=科创板
[ 37] 159992 创新药ETF银华  规模=186.27亿  跟踪=中证创新药产业指数  主题=医药
[ 38] 510180 上证180ETF华安  规模=178.59亿  跟踪=上证180指数  主题=上证180
[ 39] 515180 红利ETF易方达  规模=177.13亿  跟踪=中证红利指数  主题=红利
[ 40] 510210 上证指数ETF富国  规模=175.6亿  跟踪=上证综合指数  主题=其他
[ 41] 517520 黄金股ETF永赢  规模=170.65亿  跟踪=中证沪深港黄金产业股票指数  主题=黄金
[ 42] 512010 医药ETF易方达  规模=167.78亿  跟踪=沪深300医药卫生指数  主题=医药
[ 43] 159201 自由现金流ETF华夏  规模=166.63亿  跟踪=国证自由现金流指数  主题=货币市场
[ 44] 159206 卫星ETF永赢  规模=161.1亿  跟踪=国证商用卫星通信产业指数  主题=通信
[ 45] 159928 消费ETF汇添富  规模=157.68亿  跟踪=中证主要消费指数  主题=消费
[ 46] 159870 化工ETF鹏华  规模=149.59亿  跟踪=细分化工  主题=化工
[ 47] 512070 证券保险ETF易方达  规模=146.34亿  跟踪=沪深300非银行金融指数  主题=证券
[ 48] 512690 酒ETF鹏华  规模=143.23亿  跟踪=中证酒指数  主题=白酒
[ 49] 515220 煤炭ETF国泰  规模=140.02亿  跟踪=中证煤炭指数  主题=煤炭
[ 50] 560780 半导体设备ETF广发  规模=129.95亿  跟踪=中证半导体材料设备主题指数  主题=半导体
[ 51] 515120 创新药ETF广发  规模=125.63亿  跟踪=中证创新药产业指数  主题=医药
[ 52] 563020 红利低波ETF易方达  规模=122.67亿  跟踪=中证红利低波动指数  主题=红利
[ 53] 159952 创业板ETF广发  规模=121.06亿  跟踪=创业板指数(价格)  主题=创业板
[ 54] 159841 证券ETF天弘  规模=120.06亿  跟踪=中证全指证券公司指数  主题=证券
[ 55] 513630 港股低波红利ETF摩根  规模=118.8亿  跟踪=标普港股通低波红利指数  主题=红利
[ 56] 515080 中证红利ETF招商  规模=115.49亿  跟踪=中证红利指数  主题=红利
[ 57] 588050 科创50ETF工银  规模=114.78亿  跟踪=上证科创板50成份指数  主题=科创板
[ 58] 512760 芯片ETF国泰  规模=114.08亿  跟踪=中华交易服务半导体芯片行业人民币指数  主题=半导体
[ 59] 563800 A500ETF广发  规模=112.47亿  跟踪=中证A500指数  主题=中证A500
[ 60] 159845 中证1000ETF华夏  规模=105.63亿  跟踪=中证1000指数  主题=中证1000
[ 61] 159611 电力ETF广发  规模=103.89亿  跟踪=中证全指电力公用事业指数  主题=电力
[ 62] 516650 有色金属ETF华夏  规模=100.59亿  跟踪=细分有色  主题=有色金属
[ 63] 512800 银行ETF华宝  规模=99.12亿  跟踪=中证银行指数  主题=银行
[ 64] 560860 工业有色ETF万家  规模=99.01亿  跟踪=中证工业有色金属主题指数  主题=有色金属
[ 65] 159842 券商ETF银华  规模=98.26亿  跟踪=中证全指证券公司指数  主题=证券
[ 66] 159922 中证500ETF嘉实  规模=93.38亿  跟踪=中证500指数  主题=中证500
[ 67] 159852 软件ETF嘉实  规模=92.09亿  跟踪=中证软件服务指数  主题=计算机
[ 68] 159869 游戏ETF华夏  规模=91.7亿  跟踪=中证动漫游戏指数  主题=传媒
[ 69] 159755 电池ETF广发  规模=90.38亿  跟踪=国证新能源车电池指数  主题=新能源
[ 70] 515330 沪深300ETF天弘  规模=89.95亿  跟踪=沪深300指数  主题=沪深300
[ 71] 562590 半导体设备ETF华夏  规模=89.08亿  跟踪=中证半导体材料设备主题指数  主题=半导体
[ 72] 159351 A500ETF嘉实  规模=88.81亿  跟踪=中证A500指数  主题=中证A500
[ 73] 515070 人工智能ETF华夏  规模=88.05亿  跟踪=中证人工智能主题指数  主题=人工智能
[ 74] 512500 中证500ETF华夏  规模=86.95亿  跟踪=中证500指数  主题=中证500
[ 75] 563220 A500ETF富国  规模=85.11亿  跟踪=中证A500指数  主题=中证A500
[ 76] 563300 中证2000ETF华泰柏瑞  规模=82.56亿  跟踪=中证2000指数  主题=中证2000
[ 77] 588060 科创50ETF广发  规模=81.6亿  跟踪=上证科创板50成份指数  主题=科创板
[ 78] 512900 证券ETF南方  规模=81.26亿  跟踪=中证全指证券公司指数  主题=证券
[ 79] 588750 科创芯片ETF汇添富  规模=78.72亿  跟踪=上证科创板芯片指数  主题=半导体
[ 80] 159363 创业板人工智能ETF华宝  规模=77.43亿  跟踪=创业板人工智能指数  主题=人工智能
[ 81] 512710 军工龙头ETF富国  规模=74.7亿  跟踪=中证军工龙头指数  主题=军工
[ 82] 159813 半导体ETF鹏华  规模=71.91亿  跟踪=国证半导体芯片指数  主题=半导体
[ 83] 159307 红利低波100ETF博时  规模=71.39亿  跟踪=中证红利低波动100指数  主题=红利
[ 84] 516150 稀土ETF嘉实  规模=70.79亿  跟踪=中证稀土产业指数  主题=有色金属
[ 85] 159157 有色金属ETF天弘  规模=70.18亿  跟踪=中证工业有色金属主题指数  主题=有色金属
[ 86] 560010 中证1000ETF广发  规模=69.33亿  跟踪=中证1000指数  主题=中证1000
[ 87] 512660 军工ETF国泰  规模=68.04亿  跟踪=中证军工指数  主题=军工
[ 88] 159977 创业板ETF天弘  规模=67.27亿  跟踪=创业板指数(价格)  主题=创业板
[ 89] 159851 金融科技ETF华宝  规模=65.4亿  跟踪=中证金融科技主题指数  主题=其他
[ 90] 515980 人工智能ETF华富  规模=65.39亿  跟踪=中证人工智能产业指数  主题=人工智能
[ 91] 159263 价值ETF易方达  规模=65.29亿  跟踪=国证价值100指数  主题=价值
[ 92] 159770 机器人ETF天弘  规模=64.88亿  跟踪=中证机器人指数  主题=机器人
[ 93] 159865 养殖ETF国泰  规模=63.69亿  跟踪=中证畜牧养殖指数  主题=农业
[ 94] 560610 A500ETF招商  规模=63.54亿  跟踪=中证A500指数  主题=中证A500
[ 95] 159967 创业板成长ETF华夏  规模=63.52亿  跟踪=创业板动量成长指数  主题=成长
[ 96] 159783 科创创业50ETF华夏  规模=63.41亿  跟踪=中证科创创业50指数  主题=科创板
[ 97] 512950 央企改革ETF华夏  规模=62.31亿  跟踪=中证央企结构调整指数  主题=央企国企
[ 98] 159796 电池ETF汇添富  规模=62.22亿  跟踪=中证电池主题指数  主题=新能源
[ 99] 588220 科创100ETF鹏华  规模=60.13亿  跟踪=上证科创板100指数  主题=科创板
[100] 588290 科创芯片ETF华安  规模=59.5亿  跟踪=上证科创板芯片指数  主题=半导体
2026-08-17 19:03:21  步骤1完成 -> C:\Users\hailo\Desktop\每周自动指标\output_etf\2026-08-17\etf_list_2026-08-17.csv
2026-08-17 19:03:21  步骤2: 计算 KDJ-J(日/周/月)...
2026-08-17 19:03:25  [  1] 510300 沪深300ETF华泰柏瑞  完成  日J=93.22 周J=40.04 月J=46.36 价=4.8 涨=1.57%  PE=14.57(81.09%) PB=1.48(57.36%)
2026-08-17 19:03:26  [  2] 588000 科创50ETF华夏  完成  日J=101.72 周J=17.9 月J=48.42 价=1.89 涨=4.19%  PE=84.14(93.1%) PB=8.39(97.08%)
2026-08-17 19:03:28  [  3] 159915 创业板ETF易方达  完成  日J=101.27 周J=39.48 月J=43.5 价=3.76 涨=3.16%  PE=45.67(57.92%) PB=6.18(74.96%)
2026-08-17 19:03:29  [  4] 512880 证券ETF国泰  完成  日J=23.14 周J=28.75 月J=32.45 价=1.09 涨=0.55%  PE=15.19(9.37%) PB=1.3(20.16%)
2026-08-17 19:03:31  [  5] 588200 科创芯片ETF嘉实  完成  日J=104.34 周J=19.92 月J=51.31 价=1.28 涨=5.61%  PE=130.74(89.66%) PB=None(None%)
2026-08-17 19:03:32  [  6] 515880 通信ETF国泰  完成  日J=108.36 周J=34.75 月J=42.78 价=0.72 涨=4.35%  PE=53.32(96.41%) PB=None(None%)
2026-08-17 19:03:33  [  7] 563360 A500ETF华泰柏瑞  完成  日J=92.59 周J=42.47 月J=45.34 价=1.33 涨=1.91%  PE=16.64(90.57%) PB=None(None%)
2026-08-17 19:03:35  [  8] 510500 中证500ETF南方  完成  日J=96.79 周J=43.35 月J=46.81 价=8.2 涨=2.53%  PE=28.96(74.74%) PB=2.59(83.6%)
2026-08-17 19:03:36  [  9] 159516 半导体设备ETF国泰  完成  日J=104.65 周J=25.17 月J=56.78 价=0.78 涨=5.12%  PE=121.84(98.1%) PB=None(None%)
2026-08-17 19:03:38  [ 10] 588170 科创半导体ETF华夏  完成  日J=105.33 周J=24.72 月J=56.79 价=1.08 涨=5.78%  PE=45.77(83.61%) PB=None(None%)
2026-08-17 19:03:39  [ 11] 512890 红利低波ETF华泰柏瑞  完成  日J=20.67 周J=74.09 月J=60.92 价=1.16 涨=0.43%  PE=7.62(66.06%) PB=0.84(55.32%)
2026-08-17 19:03:40  [ 12] 159995 芯片ETF华夏  完成  日J=105.63 周J=16.32 月J=43.06 价=1.26 涨=4.74%  PE=None(None%) PB=None(None%)
2026-08-17 19:03:42  [ 13] 159949 创业板50ETF华安  完成  日J=100.94 周J=36.04 月J=37.3 价=1.76 涨=3.1%  PE=None(None%) PB=None(None%)
2026-08-17 19:03:43  [ 14] 512170 医疗ETF华宝  完成  日J=64.06 周J=106.11 月J=44.89 价=0.35 涨=-0.28%  PE=30.01(32.43%) PB=3.66(18.32%)
2026-08-17 19:03:44  [ 15] 512100 中证1000ETF南方  完成  日J=98.47 周J=52.67 月J=37.94 价=3.23 涨=2.7%  PE=33.61(72.72%) PB=2.55(57.0%)
2026-08-17 19:03:46  [ 16] 512400 有色金属ETF南方  完成  日J=47.86 周J=70.29 月J=10.39 价=1.95 涨=3.17%  PE=15.92(85.53%) PB=None(None%)
2026-08-17 19:03:47  [ 17] 159819 人工智能ETF易方达  完成  日J=97.06 周J=30.91 月J=51.24 价=1.9 涨=2.98%  PE=52.46(80.24%) PB=None(None%)
2026-08-17 19:03:49  [ 18] 159326 电网设备ETF华夏  完成  日J=94.96 周J=29.39 月J=31.41 价=1.76 涨=2.63%  PE=12.61(84.68%) PB=None(None%)
2026-08-17 19:03:50  [ 19] 512480 半导体ETF国联安  完成  日J=105.17 周J=17.82 月J=45.78 价=1.13 涨=4.92%  PE=98.01(93.63%) PB=None(None%)
2026-08-17 19:03:51  [ 20] 510880 红利ETF华泰柏瑞  完成  日J=62.07 周J=107.0 月J=69.82 价=3.3 涨=0.12%  PE=8.42(70.61%) PB=0.83(59.84%)
2026-08-17 19:03:53  [ 21] 510050 上证50ETF华夏  完成  日J=58.18 周J=66.24 月J=39.98 价=3.05 涨=0.96%  PE=11.59(79.03%) PB=1.25(57.52%)
2026-08-17 19:03:54  [ 22] 515450 红利低波50ETF南方  完成  日J=3.22 周J=64.72 月J=59.35 价=1.39 涨=-0.43%  PE=8.24(73.2%) PB=0.84(55.32%)
2026-08-17 19:03:56  [ 23] 515050 通信ETF华夏  完成  日J=106.64 周J=33.85 月J=47.48 价=1.12 涨=4.28%  PE=53.15(96.6%) PB=None(None%)
2026-08-17 19:03:57  [ 24] 562500 机器人ETF华夏  完成  日J=70.74 周J=31.66 月J=27.6 价=1.02 涨=2.2%  PE=57.07(71.52%) PB=None(None%)
2026-08-17 19:03:58  [ 25] 159530 机器人ETF易方达  完成  日J=73.62 周J=29.33 月J=23.97 价=1.44 涨=2.65%  PE=None(None%) PB=None(None%)
2026-08-17 19:04:00  [ 26] 159781 科创创业ETF易方达  完成  日J=102.75 周J=23.58 月J=44.59 价=1.19 涨=3.48%  PE=46.55(72.79%) PB=None(None%)
2026-08-17 19:04:01  [ 27] 159992 创新药ETF银华  完成  日J=82.07 周J=101.08 月J=83.97 价=0.93 涨=0.98%  PE=31.21(48.77%) PB=None(None%)
2026-08-17 19:04:03  [ 28] 510180 上证180ETF华安  完成  日J=65.72 周J=64.06 月J=39.17 价=4.04 涨=1.18%  PE=12.18(69.92%) PB=1.24(45.4%)
2026-08-17 19:04:04  [ 29] 515180 红利ETF易方达  完成  日J=36.15 周J=102.12 月J=49.48 价=1.41 涨=0.14%  PE=8.24(53.98%) PB=0.82(44.68%)
2026-08-17 19:04:05  [ 30] 510210 上证指数ETF富国  完成  日J=94.08 周J=72.94 月J=38.0 价=1.02 涨=1.69%  PE=15.55(77.13%) PB=None(None%)
2026-08-17 19:04:07  [ 31] 517520 黄金股ETF永赢  完成  日J=41.53 周J=96.36 月J=7.34 价=2.07 涨=3.65%  PE=21.63(54.3%) PB=None(None%)
2026-08-17 19:04:08  [ 32] 512010 医药ETF易方达  完成  日J=58.27 周J=100.59 月J=77.69 价=0.4 涨=1.27%  PE=24.51(8.85%) PB=None(None%)
2026-08-17 19:04:10  [ 33] 159201 自由现金流ETF华夏  完成  日J=45.86 周J=108.37 月J=17.01 价=1.18 涨=1.03%  PE=None(None%) PB=None(None%)
2026-08-17 19:04:11  [ 34] 159206 卫星ETF永赢  完成  日J=99.4 周J=42.7 月J=11.13 价=1.48 涨=2.78%  PE=None(None%) PB=None(None%)
2026-08-17 19:04:13  [ 35] 159928 消费ETF汇添富  完成  日J=28.22 周J=87.47 月J=31.73 价=0.67 涨=-0.45%  PE=19.76(19.05%) PB=3.45(1.88%)
2026-08-17 19:04:14  [ 36] 159870 化工ETF鹏华  完成  日J=37.06 周J=53.12 月J=20.23 价=0.82 涨=1.75%  PE=22.32(57.15%) PB=None(None%)
2026-08-17 19:04:16  [ 37] 512070 证券保险ETF易方达  完成  日J=24.18 周J=47.04 月J=11.58 价=0.79 涨=1.02%  PE=9.57(1.65%) PB=None(None%)
2026-08-17 19:04:17  [ 38] 512690 酒ETF鹏华  完成  日J=20.07 周J=91.16 月J=25.37 价=0.43 涨=-2.49%  PE=19.16(15.89%) PB=None(None%)
2026-08-17 19:04:19  [ 39] 515220 煤炭ETF国泰  完成  日J=84.04 周J=99.4 月J=39.95 价=1.26 涨=0.0%  PE=18.51(86.49%) PB=1.76(95.64%)
2026-08-17 19:04:20  [ 40] 513630 港股低波红利ETF摩根  完成  日J=68.79 周J=78.18 月J=35.96 价=1.59 涨=1.02%  PE=None(None%) PB=None(None%)
2026-08-17 19:04:21  [ 41] 512760 芯片ETF国泰  完成  日J=104.4 周J=17.07 月J=46.8 价=1.21 涨=5.15%  PE=96.77(89.75%) PB=None(None%)
2026-08-17 19:04:23  [ 42] 159611 电力ETF广发  完成  日J=9.47 周J=44.27 月J=8.95 价=1.05 涨=-0.19%  PE=15.52(68.43%) PB=None(None%)
2026-08-17 19:04:24  [ 43] 516650 有色金属ETF华夏  完成  日J=44.72 周J=77.74 月J=6.15 价=1.9 涨=2.99%  PE=19.86(26.59%) PB=None(None%)
2026-08-17 19:04:26  [ 44] 512800 银行ETF华宝  完成  日J=29.18 周J=67.86 月J=65.95 价=0.8 涨=0.38%  PE=6.59(66.88%) PB=0.66(36.32%)
2026-08-17 19:04:27  [ 45] 560860 工业有色ETF万家  完成  日J=50.76 周J=60.79 月J=15.94 价=1.68 涨=3.13%  PE=64.33(39.52%) PB=None(None%)
2026-08-17 19:04:29  [ 46] 159852 软件ETF嘉实  完成  日J=5.98 周J=82.24 月J=3.3 价=0.71 涨=0.14%  PE=57.36(53.72%) PB=None(None%)
2026-08-17 19:04:30  [ 47] 159869 游戏ETF华夏  完成  日J=30.97 周J=98.05 月J=2.41 价=1.12 涨=-2.01%  PE=20.02(18.42%) PB=None(None%)
2026-08-17 19:04:32  [ 48] 159755 电池ETF广发  完成  日J=92.35 周J=41.55 月J=10.27 价=1.0 涨=2.04%  PE=26.15(38.72%) PB=3.57(52.96%)
2026-08-17 19:04:33  [ 49] 563300 中证2000ETF华泰柏瑞  完成  日J=99.48 周J=60.39 月J=38.46 价=1.47 涨=2.16%  PE=41.31(70.69%) PB=None(None%)
2026-08-17 19:04:34  [ 50] 159363 创业板人工智能ETF华宝  完成  日J=102.62 周J=49.98 月J=54.1 价=1.34 涨=3.96%  PE=None(None%) PB=None(None%)
2026-08-17 19:04:35  [ 51] 512710 军工龙头ETF富国  完成  日J=84.06 周J=53.72 月J=-4.5 价=0.64 涨=1.75%  PE=None(None%) PB=None(None%)
2026-08-17 19:04:37  [ 52] 159307 红利低波100ETF博时  完成  日J=4.73 周J=72.51 月J=51.75 价=1.02 涨=-0.39%  PE=8.51(75.45%) PB=None(None%)
2026-08-17 19:04:38  [ 53] 516150 稀土ETF嘉实  完成  日J=70.55 周J=43.54 月J=20.15 价=1.84 涨=1.66%  PE=31.48(36.53%) PB=None(None%)
2026-08-17 19:04:40  [ 54] 512660 军工ETF国泰  完成  日J=88.69 周J=50.87 月J=1.63 价=1.17 涨=1.74%  PE=48.23(19.24%) PB=3.43(65.04%)
2026-08-17 19:04:41  [ 55] 159851 金融科技ETF华宝  完成  日J=1.69 周J=61.59 月J=2.75 价=0.63 涨=0.48%  PE=33.05(11.86%) PB=None(None%)
2026-08-17 19:04:43  [ 56] 515980 人工智能ETF华富  完成  日J=99.56 周J=36.23 月J=53.31 价=1.12 涨=3.7%  PE=56.4(90.69%) PB=None(None%)
2026-08-17 19:04:44  [ 57] 159263 价值ETF易方达  完成  日J=5.83 周J=85.81 月J=45.34 价=1.14 涨=0.18%  PE=None(None%) PB=None(None%)
2026-08-17 19:04:46  [ 58] 159865 养殖ETF国泰  完成  日J=35.87 周J=99.5 月J=19.55 价=0.54 涨=0.56%  PE=22.88(53.31%) PB=None(None%)
2026-08-17 19:04:47  [ 59] 159967 创业板成长ETF华夏  完成  日J=104.76 周J=36.29 月J=48.0 价=0.87 涨=4.32%  PE=None(None%) PB=None(None%)
2026-08-17 19:04:48  [ 60] 512950 央企改革ETF华夏  完成  日J=85.49 周J=53.99 月J=44.12 价=1.54 涨=1.58%  PE=15.84(83.98%) PB=None(None%)
2026-08-17 19:04:50  [ 61] 159796 电池ETF汇添富  完成  日J=93.97 周J=40.68 月J=16.6 价=0.91 涨=2.14%  PE=None(None%) PB=None(None%)
2026-08-17 19:04:51  [ 62] 588220 科创100ETF鹏华  完成  日J=103.91 周J=42.26 月J=51.73 价=1.91 涨=3.86%  PE=None(None%) PB=None(None%)
2026-08-17 19:04:52  全部完成，结果已写入 C:\Users\hailo\Desktop\每周自动指标\output_etf\2026-08-17\metrics_2026-08-17.csv
2026-08-17 19:04:52  步骤2完成 -> C:\Users\hailo\Desktop\每周自动指标\output_etf\2026-08-17\metrics_2026-08-17.csv
2026-08-17 19:04:52  步骤3: 生成 HTML 总结报告...
2026-08-17 19:04:52  步骤3完成 -> C:\Users\hailo\Desktop\每周自动指标\output_etf\2026-08-17\report_2026-08-17.html
2026-08-17 19:04:52  步骤4: 发送邮件报告...
2026-08-17 19:04:53  步骤4完成: 邮件已发送
2026-08-17 19:04:53  ===== 全部完成 2026-08-17 =====
