2026-08-25 17:30:03  ===== 开始每日ETF指标任务 2026-08-25 =====
2026-08-25 17:30:03  步骤1: 获取场内规模前100的ETF...
[  1] 510300 沪深300ETF华泰柏瑞  规模=1099.03亿  跟踪=沪深300指数  主题=沪深300
[  2] 588000 科创50ETF华夏  规模=864.03亿  跟踪=上证科创板50成份指数  主题=科创板
[  3] 159915 创业板ETF易方达  规模=626.24亿  跟踪=创业板指数(价格)  主题=创业板
[  4] 512880 证券ETF国泰  规模=625.99亿  跟踪=中证全指证券公司指数  主题=证券
[  5] 510310 沪深300ETF易方达  规模=515.78亿  跟踪=沪深300指数  主题=沪深300
[  6] 588200 科创芯片ETF嘉实  规模=482.14亿  跟踪=上证科创板芯片指数  主题=半导体
[  7] 588170 科创半导体ETF华夏  规模=428.52亿  跟踪=上证科创板半导体材料设备主题指数  主题=半导体
[  8] 159516 半导体设备ETF国泰  规模=422.93亿  跟踪=中证半导体材料设备主题指数  主题=半导体
[  9] 588080 科创50ETF易方达  规模=410.46亿  跟踪=上证科创板50成份指数  主题=科创板
[ 10] 515880 通信ETF国泰  规模=408.04亿  跟踪=中证全指通信设备指数  主题=通信
[ 11] 563360 A500ETF华泰柏瑞  规模=405.28亿  跟踪=中证A500指数  主题=中证A500
[ 12] 510330 沪深300ETF华夏  规模=405.07亿  跟踪=沪深300指数  主题=沪深300
[ 13] 510500 中证500ETF南方  规模=380.63亿  跟踪=中证500指数  主题=中证500
[ 14] 512000 券商ETF华宝  规模=379.91亿  跟踪=中证全指证券公司指数  主题=证券
[ 15] 159352 A500ETF南方  规模=339.86亿  跟踪=中证A500指数  主题=中证A500
[ 16] 512890 红利低波ETF华泰柏瑞  规模=332.58亿  跟踪=中证红利低波动指数  主题=红利
[ 17] 159919 沪深300ETF嘉实  规模=302.57亿  跟踪=沪深300指数  主题=沪深300
[ 18] 159361 A500ETF易方达  规模=280.34亿  跟踪=中证A500指数  主题=中证A500
[ 19] 159995 芯片ETF华夏  规模=270.68亿  跟踪=国证半导体芯片指数  主题=半导体
[ 20] 159338 中证A500ETF国泰  规模=254.64亿  跟踪=中证A500指数  主题=中证A500
[ 21] 512400 有色金属ETF南方  规模=253.63亿  跟踪=有色金属  主题=有色金属
[ 22] 512170 医疗ETF华宝  规模=248.61亿  跟踪=中证医疗指数  主题=医药
[ 23] 159949 创业板50ETF华安  规模=239.93亿  跟踪=创业板50指数  主题=创业板
[ 24] 510050 上证50ETF华夏  规模=224.28亿  跟踪=上证50指数  主题=上证50
[ 25] 159558 半导体设备ETF易方达  规模=210.05亿  跟踪=中证半导体材料设备主题指数  主题=半导体
[ 26] 159819 人工智能ETF易方达  规模=205.59亿  跟踪=中证人工智能主题指数  主题=人工智能
[ 27] 159326 电网设备ETF华夏  规模=205.52亿  跟踪=中证电网设备主题指数  主题=其他
[ 28] 510880 红利ETF华泰柏瑞  规模=200.54亿  跟踪=上证红利指数  主题=红利
[ 29] 515450 红利低波50ETF南方  规模=199.95亿  跟踪=标普中国A股大盘红利低波50指数  主题=红利
[ 30] 512050 A500ETF华夏  规模=197.14亿  跟踪=中证A500指数  主题=中证A500
[ 31] 512100 中证1000ETF南方  规模=196.21亿  跟踪=中证1000指数  主题=中证1000
[ 32] 512480 半导体ETF国联安  规模=195.33亿  跟踪=中证全指半导体产品与设备指数  主题=半导体
[ 33] 515180 红利ETF易方达  规模=184.07亿  跟踪=中证红利指数  主题=红利
[ 34] 562500 机器人ETF华夏  规模=178.46亿  跟踪=中证机器人指数  主题=机器人
[ 35] 515050 通信ETF华夏  规模=175.28亿  跟踪=中证5G通信主题指数  主题=通信
[ 36] 510180 上证180ETF华安  规模=173.06亿  跟踪=上证180指数  主题=上证180
[ 37] 159530 机器人ETF易方达  规模=171.01亿  跟踪=国证机器人产业指数  主题=机器人
[ 38] 159992 创新药ETF银华  规模=169.4亿  跟踪=中证创新药产业指数  主题=医药
[ 39] 159781 科创创业ETF易方达  规模=167.38亿  跟踪=中证科创创业50指数  主题=科创板
[ 40] 159201 自由现金流ETF华夏  规模=163.37亿  跟踪=国证自由现金流指数  主题=货币市场
[ 41] 517520 黄金股ETF永赢  规模=162.96亿  跟踪=中证沪深港黄金产业股票指数  主题=黄金
[ 42] 510210 上证指数ETF富国  规模=158.54亿  跟踪=上证综合指数  主题=其他
[ 43] 512010 医药ETF易方达  规模=155.68亿  跟踪=沪深300医药卫生指数  主题=医药
[ 44] 159928 消费ETF汇添富  规模=153.28亿  跟踪=中证主要消费指数  主题=消费
[ 45] 515220 煤炭ETF国泰  规模=142.35亿  跟踪=中证煤炭指数  主题=煤炭
[ 46] 512690 酒ETF鹏华  规模=135.48亿  跟踪=中证酒指数  主题=白酒
[ 47] 560780 半导体设备ETF广发  规模=134.09亿  跟踪=中证半导体材料设备主题指数  主题=半导体
[ 48] 512070 证券保险ETF易方达  规模=133.17亿  跟踪=沪深300非银行金融指数  主题=证券
[ 49] 159870 化工ETF鹏华  规模=131.55亿  跟踪=细分化工  主题=化工
[ 50] 159206 卫星ETF永赢  规模=128.34亿  跟踪=国证商用卫星通信产业指数  主题=通信
[ 51] 563020 红利低波ETF易方达  规模=127.89亿  跟踪=中证红利低波动指数  主题=红利
[ 52] 513630 港股低波红利ETF摩根  规模=120.0亿  跟踪=标普港股通低波红利指数  主题=红利
[ 53] 159841 证券ETF天弘  规模=119.66亿  跟踪=中证全指证券公司指数  主题=证券
[ 54] 588710 科创半导体设备ETF华泰柏瑞  规模=113.83亿  跟踪=上证科创板半导体材料设备主题指数  主题=半导体
[ 55] 515120 创新药ETF广发  规模=113.09亿  跟踪=中证创新药产业指数  主题=医药
[ 56] 515080 中证红利ETF招商  规模=112.89亿  跟踪=中证红利指数  主题=红利
[ 57] 159952 创业板ETF广发  规模=110.84亿  跟踪=创业板指数(价格)  主题=创业板
[ 58] 563800 A500ETF广发  规模=108.38亿  跟踪=中证A500指数  主题=中证A500
[ 59] 588050 科创50ETF工银  规模=105.63亿  跟踪=上证科创板50成份指数  主题=科创板
[ 60] 512800 银行ETF华宝  规模=103.12亿  跟踪=中证银行指数  主题=银行
[ 61] 512760 芯片ETF国泰  规模=102.46亿  跟踪=中华交易服务半导体芯片行业人民币指数  主题=半导体
[ 62] 159611 电力ETF广发  规模=98.7亿  跟踪=中证全指电力公用事业指数  主题=电力
[ 63] 516650 有色金属ETF华夏  规模=96.96亿  跟踪=细分有色  主题=有色金属
[ 64] 159842 券商ETF银华  规模=93.44亿  跟踪=中证全指证券公司指数  主题=证券
[ 65] 159852 软件ETF嘉实  规模=93.16亿  跟踪=中证软件服务指数  主题=计算机
[ 66] 562590 半导体设备ETF华夏  规模=90.59亿  跟踪=中证半导体材料设备主题指数  主题=半导体
[ 67] 560860 工业有色ETF万家  规模=89.92亿  跟踪=中证工业有色金属主题指数  主题=有色金属
[ 68] 159351 A500ETF嘉实  规模=86.35亿  跟踪=中证A500指数  主题=中证A500
[ 69] 159869 游戏ETF华夏  规模=86.17亿  跟踪=中证动漫游戏指数  主题=传媒
[ 70] 159922 中证500ETF嘉实  规模=84.64亿  跟踪=中证500指数  主题=中证500
[ 71] 563220 A500ETF富国  规模=84.1亿  跟踪=中证A500指数  主题=中证A500
[ 72] 515330 沪深300ETF天弘  规模=81.87亿  跟踪=沪深300指数  主题=沪深300
[ 73] 515070 人工智能ETF华夏  规模=80.37亿  跟踪=中证人工智能主题指数  主题=人工智能
[ 74] 512500 中证500ETF华夏  规模=79.19亿  跟踪=中证500指数  主题=中证500
[ 75] 512900 证券ETF南方  规模=79.07亿  跟踪=中证全指证券公司指数  主题=证券
[ 76] 159755 电池ETF广发  规模=76.64亿  跟踪=国证新能源车电池指数  主题=新能源
[ 77] 588060 科创50ETF广发  规模=74.92亿  跟踪=上证科创板50成份指数  主题=科创板
[ 78] 588750 科创芯片ETF汇添富  规模=73.59亿  跟踪=上证科创板芯片指数  主题=半导体
[ 79] 159307 红利低波100ETF博时  规模=73.54亿  跟踪=中证红利低波动100指数  主题=红利
[ 80] 512710 军工龙头ETF富国  规模=70.71亿  跟踪=中证军工龙头指数  主题=军工
[ 81] 159263 价值ETF易方达  规模=69.78亿  跟踪=国证价值100指数  主题=价值
[ 82] 159363 创业板人工智能ETF华宝  规模=69.28亿  跟踪=创业板人工智能指数  主题=人工智能
[ 83] 159157 有色金属ETF天弘  规模=67.1亿  跟踪=中证工业有色金属主题指数  主题=有色金属
[ 84] 516150 稀土ETF嘉实  规模=65.99亿  跟踪=中证稀土产业指数  主题=有色金属
[ 85] 159865 养殖ETF国泰  规模=65.94亿  跟踪=中证畜牧养殖指数  主题=农业
[ 86] 159845 中证1000ETF华夏  规模=65.52亿  跟踪=中证1000指数  主题=中证1000
[ 87] 159813 半导体ETF鹏华  规模=65.32亿  跟踪=国证半导体芯片指数  主题=半导体
[ 88] 512660 军工ETF国泰  规模=64.46亿  跟踪=中证军工指数  主题=军工
[ 89] 588220 科创100ETF鹏华  规模=64.39亿  跟踪=上证科创板100指数  主题=科创板
[ 90] 560610 A500ETF招商  规模=62.89亿  跟踪=中证A500指数  主题=中证A500
[ 91] 159977 创业板ETF天弘  规模=62.34亿  跟踪=创业板指数(价格)  主题=创业板
[ 92] 515980 人工智能ETF华富  规模=61.84亿  跟踪=中证人工智能产业指数  主题=人工智能
[ 93] 159562 黄金股ETF华夏  规模=60.97亿  跟踪=中证沪深港黄金产业股票指数  主题=黄金
[ 94] 159851 金融科技ETF华宝  规模=60.67亿  跟踪=中证金融科技主题指数  主题=其他
[ 95] 159770 机器人ETF天弘  规模=60.59亿  跟踪=中证机器人指数  主题=机器人
[ 96] 512950 央企改革ETF华夏  规模=60.31亿  跟踪=中证央企结构调整指数  主题=央企国企
[ 97] 563300 中证2000ETF华泰柏瑞  规模=58.69亿  跟踪=中证2000指数  主题=中证2000
[ 98] 560010 中证1000ETF广发  规模=58.36亿  跟踪=中证1000指数  主题=中证1000
[ 99] 159549 红利低波ETF天弘  规模=56.77亿  跟踪=中证红利低波动100指数  主题=红利
[100] 561980 半导体设备ETF招商  规模=56.23亿  跟踪=中证半导体产业指数  主题=半导体
2026-08-25 17:30:48  步骤1完成 -> C:\Users\hailo\Desktop\每周自动指标\output_etf\2026-08-25\etf_list_2026-08-25.csv
2026-08-25 17:30:48  步骤2: 计算 KDJ-J(日/周/月)...
2026-08-25 17:30:52  [  1] 510300 沪深300ETF华泰柏瑞  完成  日J=-3.06 周J=13.96 月J=26.07 价=4.62 涨=-0.15%  PE=14.27(74.34%) PB=1.45(45.84%)
2026-08-25 17:30:54  [  2] 588000 科创50ETF华夏  完成  日J=-5.83 周J=-2.87 月J=33.93 价=1.69 涨=-0.06%  PE=75.13(77.44%) PB=7.35(84.74%)
2026-08-25 17:30:55  [  3] 159915 创业板ETF易方达  完成  日J=-6.91 周J=19.59 月J=24.58 价=3.42 涨=-1.07%  PE=39.38(35.8%) PB=5.59(64.28%)
2026-08-25 17:30:56  [  4] 512880 证券ETF国泰  完成  日J=15.06 周J=-0.65 月J=25.59 价=1.07 涨=0.0%  PE=14.79(8.34%) PB=1.26(13.32%)
2026-08-25 17:30:58  [  5] 588200 科创芯片ETF嘉实  完成  日J=-5.18 周J=3.94 月J=39.24 价=1.13 涨=-0.35%  PE=115.97(78.25%) PB=None(None%)
2026-08-25 17:30:59  [  6] 588170 科创半导体ETF华夏  完成  日J=2.28 周J=14.18 月J=49.15 价=0.98 涨=-2.49%  PE=43.47(82.7%) PB=None(None%)
2026-08-25 17:31:01  [  7] 159516 半导体设备ETF国泰  完成  日J=2.33 周J=13.29 月J=49.05 价=0.71 涨=-1.8%  PE=112.9(95.52%) PB=None(None%)
2026-08-25 17:31:02  [  8] 515880 通信ETF国泰  完成  日J=5.81 周J=26.69 月J=31.94 价=0.65 涨=0.31%  PE=47.67(89.78%) PB=None(None%)
2026-08-25 17:31:03  [  9] 563360 A500ETF华泰柏瑞  完成  日J=-1.75 周J=18.01 月J=24.62 价=1.27 涨=-0.16%  PE=16.19(69.65%) PB=None(None%)
2026-08-25 17:31:05  [ 10] 510500 中证500ETF南方  完成  日J=1.03 周J=25.24 月J=30.96 价=7.73 涨=-0.13%  PE=27.4(70.81%) PB=2.43(77.8%)
2026-08-25 17:31:06  [ 11] 512890 红利低波ETF华泰柏瑞  完成  日J=119.0 周J=90.3 月J=76.27 价=1.19 涨=0.08%  PE=7.96(72.92%) PB=0.87(61.8%)
2026-08-25 17:31:08  [ 12] 159995 芯片ETF华夏  完成  日J=-2.29 周J=1.57 月J=31.52 价=1.12 涨=0.27%  PE=None(None%) PB=None(None%)
2026-08-25 17:31:09  [ 13] 512400 有色金属ETF南方  完成  日J=46.41 周J=78.34 月J=6.76 价=1.9 涨=-2.51%  PE=16.15(87.89%) PB=None(None%)
2026-08-25 17:31:10  [ 14] 512170 医疗ETF华宝  完成  日J=23.9 周J=89.79 月J=44.89 价=0.35 涨=3.24%  PE=28.74(26.15%) PB=3.5(12.92%)
2026-08-25 17:31:12  [ 15] 159949 创业板50ETF华安  完成  日J=-8.31 周J=18.27 月J=18.84 价=1.6 涨=-1.17%  PE=None(None%) PB=None(None%)
2026-08-25 17:31:13  [ 16] 510050 上证50ETF华夏  完成  日J=0.41 周J=31.31 月J=26.54 价=2.98 涨=0.03%  PE=11.58(78.85%) PB=1.24(54.72%)
2026-08-25 17:31:14  [ 17] 159819 人工智能ETF易方达  完成  日J=-4.41 周J=0.56 月J=31.15 价=1.69 涨=0.54%  PE=46.05(53.71%) PB=None(None%)
2026-08-25 17:31:16  [ 18] 159326 电网设备ETF华夏  完成  日J=9.78 周J=26.48 月J=23.63 价=1.67 涨=0.91%  PE=12.64(85.47%) PB=None(None%)
2026-08-25 17:31:17  [ 19] 510880 红利ETF华泰柏瑞  完成  日J=90.92 周J=109.9 月J=80.1 价=3.41 涨=-0.87%  PE=8.82(80.65%) PB=0.86(62.72%)
2026-08-25 17:31:19  [ 20] 515450 红利低波50ETF南方  完成  日J=90.98 周J=72.12 月J=68.14 价=1.41 涨=0.14%  PE=8.49(78.88%) PB=0.87(61.8%)
2026-08-25 17:31:20  [ 21] 512100 中证1000ETF南方  完成  日J=5.54 周J=38.52 月J=22.3 价=3.05 涨=0.33%  PE=31.71(68.09%) PB=2.39(45.16%)
2026-08-25 17:31:22  [ 22] 512480 半导体ETF国联安  完成  日J=-0.62 周J=4.22 月J=35.11 价=1.01 涨=0.0%  PE=87.48(82.46%) PB=None(None%)
2026-08-25 17:31:23  [ 23] 515180 红利ETF易方达  完成  日J=93.16 周J=110.63 月J=62.83 价=1.45 涨=-0.55%  PE=8.59(61.66%) PB=0.85(51.08%)
2026-08-25 17:31:25  [ 24] 562500 机器人ETF华夏  完成  日J=-0.46 周J=12.06 月J=10.57 价=0.95 涨=1.82%  PE=51.4(45.71%) PB=None(None%)
2026-08-25 17:31:26  [ 25] 515050 通信ETF华夏  完成  日J=4.97 周J=22.94 月J=36.36 价=1.01 涨=0.3%  PE=47.51(90.4%) PB=None(None%)
2026-08-25 17:31:28  [ 26] 510180 上证180ETF华安  完成  日J=0.66 周J=32.44 月J=22.17 价=3.92 涨=0.15%  PE=12.09(67.83%) PB=1.23(42.28%)
2026-08-25 17:31:29  [ 27] 159530 机器人ETF易方达  完成  日J=-1.34 周J=11.67 月J=8.33 价=1.32 涨=2.4%  PE=None(None%) PB=None(None%)
2026-08-25 17:31:31  [ 28] 159992 创新药ETF银华  完成  日J=-0.12 周J=71.93 月J=65.21 价=0.87 涨=2.12%  PE=28.56(32.71%) PB=None(None%)
2026-08-25 17:31:32  [ 29] 159781 科创创业ETF易方达  完成  日J=-6.72 周J=3.15 月J=28.76 价=1.06 涨=-0.47%  PE=42.04(59.16%) PB=None(None%)
2026-08-25 17:31:34  [ 30] 159201 自由现金流ETF华夏  完成  日J=62.96 周J=109.21 月J=17.42 价=1.18 涨=0.42%  PE=None(None%) PB=None(None%)
2026-08-25 17:31:35  [ 31] 517520 黄金股ETF永赢  完成  日J=81.58 周J=105.69 月J=13.38 价=2.22 涨=-3.31%  PE=21.07(46.57%) PB=None(None%)
2026-08-25 17:31:37  [ 32] 510210 上证指数ETF富国  完成  日J=5.12 周J=58.91 月J=24.93 价=1.0 涨=0.3%  PE=15.22(71.54%) PB=None(None%)
2026-08-25 17:31:38  [ 33] 512010 医药ETF易方达  完成  日J=1.85 周J=75.25 月J=62.58 价=0.38 涨=1.06%  PE=23.2(3.67%) PB=None(None%)
2026-08-25 17:31:44  [ 34] 159928 消费ETF汇添富  完成  日J=5.6 周J=76.67 月J=28.49 价=0.66 涨=0.0%  PE=19.7(18.71%) PB=3.45(1.92%)
2026-08-25 17:31:45  [ 35] 515220 煤炭ETF国泰  完成  日J=79.07 周J=110.79 月J=47.1 价=1.3 涨=-0.61%  PE=19.26(88.27%) PB=1.82(98.0%)
2026-08-25 17:31:47  [ 36] 512690 酒ETF鹏华  完成  日J=-7.29 周J=70.3 月J=21.66 价=0.42 涨=-0.24%  PE=19.16(15.97%) PB=None(None%)
2026-08-25 17:31:48  [ 37] 512070 证券保险ETF易方达  完成  日J=76.51 周J=30.67 月J=11.58 价=0.79 涨=0.13%  PE=9.55(1.76%) PB=None(None%)
2026-08-25 17:31:50  [ 38] 159870 化工ETF鹏华  完成  日J=-1.29 周J=41.83 月J=11.06 价=0.79 涨=-1.38%  PE=22.0(55.43%) PB=None(None%)
2026-08-25 17:31:51  [ 39] 159206 卫星ETF永赢  完成  日J=-7.37 周J=22.63 月J=-0.19 价=1.32 涨=0.76%  PE=None(None%) PB=None(None%)
2026-08-25 17:31:53  [ 40] 513630 港股低波红利ETF摩根  完成  日J=101.13 周J=88.75 月J=39.15 价=1.6 涨=-0.06%  PE=None(None%) PB=None(None%)
2026-08-25 17:31:54  [ 41] 512800 银行ETF华宝  完成  日J=95.91 周J=87.11 月J=79.03 价=0.82 涨=-0.85%  PE=6.89(80.15%) PB=0.69(44.36%)
2026-08-25 17:31:55  [ 42] 512760 芯片ETF国泰  完成  日J=-1.65 周J=0.95 月J=34.46 价=1.07 涨=0.38%  PE=85.59(67.93%) PB=None(None%)
2026-08-25 17:31:57  [ 43] 159611 电力ETF广发  完成  日J=24.95 周J=34.09 月J=5.74 价=1.03 涨=0.19%  PE=16.1(71.53%) PB=None(None%)
2026-08-25 17:31:58  [ 44] 516650 有色金属ETF华夏  完成  日J=48.36 周J=83.86 月J=3.59 价=1.86 涨=-2.77%  PE=19.92(26.77%) PB=None(None%)
2026-08-25 17:32:00  [ 45] 159852 软件ETF嘉实  完成  日J=0.84 周J=36.85 月J=-5.01 价=0.66 涨=0.61%  PE=53.0(43.85%) PB=None(None%)
2026-08-25 17:32:01  [ 46] 560860 工业有色ETF万家  完成  日J=17.74 周J=61.59 月J=8.18 价=1.6 涨=-2.44%  PE=59.71(23.61%) PB=None(None%)
2026-08-25 17:32:03  [ 47] 159869 游戏ETF华夏  完成  日J=8.87 周J=65.2 月J=-2.13 价=1.08 涨=1.6%  PE=19.13(12.09%) PB=None(None%)
2026-08-25 17:32:04  [ 48] 159755 电池ETF广发  完成  日J=-2.49 周J=28.79 月J=-1.57 价=0.94 涨=-1.67%  PE=25.02(36.76%) PB=3.42(47.28%)
2026-08-25 17:32:06  [ 49] 159307 红利低波100ETF博时  完成  日J=83.54 周J=72.44 月J=56.8 价=1.03 涨=0.39%  PE=8.76(81.64%) PB=None(None%)
2026-08-25 17:32:07  [ 50] 512710 军工龙头ETF富国  完成  日J=2.05 周J=27.78 月J=-12.09 价=0.6 涨=0.0%  PE=None(None%) PB=None(None%)
2026-08-25 17:32:08  [ 51] 159263 价值ETF易方达  完成  日J=97.11 周J=92.9 月J=51.61 价=1.15 涨=-0.09%  PE=None(None%) PB=None(None%)
2026-08-25 17:32:10  [ 52] 159363 创业板人工智能ETF华宝  完成  日J=-5.08 周J=33.54 月J=38.0 价=1.19 涨=-0.67%  PE=None(None%) PB=None(None%)
2026-08-25 17:32:11  [ 53] 516150 稀土ETF嘉实  完成  日J=11.14 周J=34.73 月J=8.12 价=1.72 涨=-0.98%  PE=29.5(31.75%) PB=None(None%)
2026-08-25 17:32:13  [ 54] 159865 养殖ETF国泰  完成  日J=28.89 周J=95.56 月J=19.55 价=0.54 涨=1.71%  PE=22.71(52.37%) PB=None(None%)
2026-08-25 17:32:14  [ 55] 512660 军工ETF国泰  完成  日J=-1.94 周J=25.68 月J=-7.6 价=1.09 涨=0.46%  PE=45.22(12.06%) PB=3.19(49.4%)
2026-08-25 17:32:15  [ 56] 588220 科创100ETF鹏华  完成  日J=2.33 周J=30.55 月J=39.48 价=1.75 涨=-0.46%  PE=None(None%) PB=None(None%)
2026-08-25 17:32:17  [ 57] 515980 人工智能ETF华富  完成  日J=3.16 周J=8.49 月J=33.4 价=0.99 涨=1.02%  PE=49.34(79.31%) PB=None(None%)
2026-08-25 17:32:18  [ 58] 159851 金融科技ETF华宝  完成  日J=15.02 周J=54.83 月J=-0.79 价=0.61 涨=1.16%  PE=31.58(6.28%) PB=None(None%)
2026-08-25 17:32:20  [ 59] 512950 央企改革ETF华夏  完成  日J=4.79 周J=33.02 月J=29.49 价=1.49 涨=0.27%  PE=15.68(81.99%) PB=None(None%)
2026-08-25 17:32:21  [ 60] 563300 中证2000ETF华泰柏瑞  完成  日J=19.77 周J=53.38 月J=29.73 价=1.41 涨=1.36%  PE=38.99(66.67%) PB=None(None%)
2026-08-25 17:32:22  [ 61] 561980 半导体设备ETF招商  完成  日J=-2.43 周J=7.6 月J=50.01 价=0.68 涨=-1.6%  PE=128.85(93.46%) PB=None(None%)
2026-08-25 17:32:23  全部完成，结果已写入 C:\Users\hailo\Desktop\每周自动指标\output_etf\2026-08-25\metrics_2026-08-25.csv
2026-08-25 17:32:23  步骤2完成 -> C:\Users\hailo\Desktop\每周自动指标\output_etf\2026-08-25\metrics_2026-08-25.csv
2026-08-25 17:32:23  步骤3: 生成 HTML 总结报告...
2026-08-25 17:32:23  步骤3完成 -> C:\Users\hailo\Desktop\每周自动指标\output_etf\2026-08-25\report_2026-08-25.html
2026-08-25 17:32:23  步骤4: 发送邮件报告...
2026-08-25 17:32:24  步骤4完成: 邮件已发送
2026-08-25 17:32:24  ===== 全部完成 2026-08-25 =====
