2026-08-01 20:44:04  ===== 开始每日指标任务 2026-08-01 =====
2026-08-01 20:44:04  步骤1: 获取 A股市值前100…
2026-08-01 20:44:05  步骤1完成 -> C:\Users\hailo\Desktop\每周自动指标\output\2026-08-01\top100_2026-08-01.csv
2026-08-01 20:44:05  步骤2: 计算 KDJ-J(日/周/月) 及 PE/PB 历史分位…
2026-08-01 20:44:08  [  1] 688825 C长鑫  完成  日J=80.69 周J=None 月J=None 价=53.97 涨=2.08%  PE=128.02(100.0%) PB=44.17(100.0%)
2026-08-01 20:44:09  [  2] 601398 工商银行  完成  日J=86.49 周J=98.16 月J=65.7 价=7.99 涨=-1.96%  PE=7.67(95.24%) PB=0.72(67.76%)
2026-08-01 20:44:11  [  3] 601939 建设银行  完成  日J=96.19 周J=93.88 月J=90.43 价=10.85 涨=-1.09%  PE=8.3(97.89%) PB=0.8(74.39%)
2026-08-01 20:44:12  [  4] 601288 农业银行  完成  日J=82.88 周J=95.2 月J=13.57 价=6.9 涨=-2.95%  PE=8.21(93.8%) PB=0.85(87.03%)
2026-08-01 20:44:14  [  5] 600941 中国移动  完成  日J=83.56 周J=90.04 月J=40.42 价=97.41 涨=-1.31%  PE=15.55(44.17%) PB=1.48(34.42%)
2026-08-01 20:44:15  [  6] 601857 中国石油  完成  日J=82.89 周J=112.34 月J=28.93 价=11.08 涨=-1.69%  PE=12.82(56.32%) PB=1.25(91.98%)
2026-08-01 20:44:17  [  7] 601988 中国银行  完成  日J=85.94 周J=88.2 月J=84.11 价=6.06 涨=-1.3%  PE=7.96(98.89%) PB=0.71(84.72%)
2026-08-01 20:44:18  [  8] 300750 宁德时代  完成  日J=88.62 周J=47.75 月J=45.2 价=395.3 涨=-1.64%  PE=21.52(16.3%) PB=4.82(31.78%)
2026-08-01 20:44:20  [  9] 600519 贵州茅台  完成  日J=92.58 周J=107.48 月J=37.09 价=1350.6 涨=-0.82%  PE=20.41(10.72%) PB=6.23(2.69%)
2026-08-01 20:44:21  [ 10] 600938 中国海油  完成  日J=55.06 周J=66.54 月J=16.2 价=32.26 涨=-0.89%  PE=12.3(90.37%) PB=1.83(75.43%)
2026-08-01 20:44:23  [ 11] 601138 工业富联  完成  日J=19.88 周J=-3.73 月J=34.58 价=56.7 涨=5.39%  PE=27.68(87.91%) PB=6.39(89.28%)
2026-08-01 20:44:25  [ 12] 601628 中国人寿  完成  日J=18.48 周J=95.18 月J=16.2 价=39.52 涨=-0.55%  PE=7.72(6.68%) PB=1.87(28.02%)
2026-08-01 20:44:26  [ 13] 688981 中芯国际  完成  日J=-4.29 周J=9.0 月J=59.31 价=123.99 涨=0.81%  PE=210.37(89.5%) PB=7.09(93.11%)
2026-08-01 20:44:27  [ 14] 300308 中际旭创  完成  日J=22.16 周J=-3.51 月J=58.78 价=902.01 涨=4.4%  PE=70.58(76.45%) PB=29.65(97.36%)
2026-08-01 20:44:29  [ 15] 600036 招商银行  完成  日J=78.28 周J=107.2 月J=44.8 价=39.62 涨=-2.29%  PE=6.63(27.29%) PB=0.88(11.97%)
2026-08-01 20:44:30  [ 16] 601318 中国平安  完成  日J=85.05 周J=99.49 月J=3.99 价=54.9 涨=-1.61%  PE=7.49(9.61%) PB=0.98(24.56%)
2026-08-01 20:44:32  [ 17] 601088 中国神华  完成  日J=56.03 周J=72.19 月J=44.99 价=45.69 涨=-0.02%  PE=19.22(98.51%) PB=2.06(95.05%)
2026-08-01 20:44:33  [ 18] 601899 紫金矿业  完成  日J=81.72 周J=100.94 月J=13.67 价=32.95 涨=0.76%  PE=14.2(15.19%) PB=4.44(83.42%)
2026-08-01 20:44:35  [ 19] 002594 比亚迪  完成  日J=93.55 周J=105.22 月J=43.25 价=95.77 涨=-0.08%  PE=31.7(31.14%) PB=3.77(32.77%)
2026-08-01 20:44:36  [ 20] 600900 长江电力  完成  日J=70.8 周J=99.04 月J=87.1 价=29.09 涨=-1.36%  PE=19.73(57.28%) PB=3.12(81.36%)
2026-08-01 20:44:38  [ 21] 688256 寒武纪  完成  日J=17.78 周J=-5.43 月J=64.81 价=1106.0 涨=6.1%  PE=255.76(81.69%) PB=53.99(91.53%)
2026-08-01 20:44:39  [ 22] 000333 美的集团  完成  日J=77.78 周J=99.94 月J=83.06 价=87.6 涨=-1.52%  PE=15.12(55.84%) PB=2.88(46.13%)
2026-08-01 20:44:43  [ 23] 688041 海光信息  完成  日J=7.87 周J=15.01 月J=57.96 价=277.0 涨=1.31%  PE=236.18(86.99%) PB=27.4(92.3%)
2026-08-01 20:44:45  [ 24] 600028 中国石化  完成  日J=87.12 周J=120.06 月J=-0.74 价=5.26 涨=-0.19%  PE=17.89(86.35%) PB=0.76(37.19%)
2026-08-01 20:44:47  [ 25] 601328 交通银行  完成  日J=84.63 周J=104.45 月J=54.29 价=7.18 涨=-1.91%  PE=6.58(90.73%) PB=0.54(55.02%)
2026-08-01 20:44:48  [ 26] 601658 邮储银行  完成  日J=88.3 周J=107.29 月J=29.85 价=5.18 涨=-0.77%  PE=7.08(73.23%) PB=0.6(17.95%)
2026-08-01 20:44:49  [ 27] 601728 中国电信  完成  日J=77.62 周J=94.95 月J=38.98 价=6.3 涨=-2.93%  PE=18.2(65.5%) PB=1.23(61.65%)
2026-08-01 20:44:51  [ 28] 300502 新易盛  完成  日J=11.07 周J=5.2 月J=62.19 价=396.01 涨=6.71%  PE=51.41(50.94%) PB=27.09(95.05%)
2026-08-01 20:44:53  [ 29] 002371 北方华创  完成  日J=19.85 周J=20.98 月J=65.7 价=687.0 涨=2.83%  PE=89.41(44.35%) PB=12.69(81.69%)
2026-08-01 20:44:55  [ 30] 002475 立讯精密  完成  日J=26.4 周J=1.29 月J=47.48 价=57.48 涨=-1.49%  PE=25.79(34.79%) PB=5.03(40.03%)
2026-08-01 20:44:57  [ 31] 601998 中信银行  完成  日J=86.44 周J=98.42 月J=42.98 价=7.82 涨=-1.39%  PE=6.11(72.18%) PB=0.59(62.95%)
2026-08-01 20:44:58  [ 32] 600030 中信证券  完成  日J=72.62 周J=69.44 月J=80.77 价=28.43 涨=-0.21%  PE=12.51(6.78%) PB=1.45(42.86%)
2026-08-01 20:45:00  [ 33] 603993 洛阳钼业  完成  日J=53.51 周J=55.05 月J=16.35 价=19.52 涨=2.95%  PE=17.29(26.19%) PB=4.7(93.95%)
2026-08-01 20:45:01  [ 34] 688347 华虹宏力  完成  日J=-9.67 周J=21.12 月J=60.85 价=237.9 涨=3.43%  PE=837.85(79.25%) PB=9.14(95.3%)
2026-08-01 20:45:03  [ 35] 601166 兴业银行  完成  日J=92.89 周J=100.04 月J=37.54 价=18.9 涨=-1.05%  PE=5.16(45.56%) PB=0.48(12.97%)
2026-08-01 20:45:04  [ 36] 688235 百济神州  完成  日J=16.0 周J=76.28 月J=36.44 价=257.05 涨=-0.95%  PE=125.27(94.02%) PB=12.0(75.91%)
2026-08-01 20:45:06  [ 37] 603259 药明康德  完成  日J=76.12 周J=89.11 月J=89.1 价=128.43 涨=2.35%  PE=19.04(20.7%) PB=4.55(34.05%)
2026-08-01 20:45:07  [ 38] 600276 恒瑞医药  完成  日J=42.48 周J=80.65 月J=27.32 价=54.08 涨=-1.04%  PE=44.21(5.67%) PB=5.64(3.84%)
2026-08-01 20:45:09  [ 39] 002415 海康威视  完成  日J=75.92 周J=103.42 月J=92.46 价=37.65 涨=5.7%  PE=21.0(20.04%) PB=4.09(28.98%)
2026-08-01 20:45:10  [ 40] 688012 中微公司  完成  日J=11.4 周J=31.17 月J=69.3 价=344.0 涨=-0.72%  PE=120.74(66.98%) PB=13.55(75.78%)
2026-08-01 20:45:12  [ 41] 601319 XD中国人  完成  日J=57.26 周J=103.22 月J=3.83 价=7.37 涨=-0.61%  PE=7.65(11.02%) PB=1.02(28.25%)
2026-08-01 20:45:13  [ 42] 601211 国泰海通  完成  日J=13.55 周J=71.81 月J=40.02 价=18.36 涨=-3.52%  PE=14.74(60.69%) PB=0.99(33.97%)
2026-08-01 20:45:15  [ 43] 300059 东方财富  完成  日J=70.56 周J=63.47 月J=26.6 价=20.17 涨=0.9%  PE=24.35(7.3%) PB=3.34(13.98%)
2026-08-01 20:45:16  [ 44] 600000 浦发银行  完成  日J=87.6 周J=99.04 月J=16.38 价=9.51 涨=-2.06%  PE=6.3(75.16%) PB=0.42(32.68%)
2026-08-01 20:45:18  [ 45] 002384 东山精密  完成  日J=0.95 周J=-7.68 月J=62.52 价=171.48 涨=5.98%  PE=153.96(95.48%) PB=13.87(96.78%)
2026-08-01 20:45:19  [ 46] 601601 中国太保  完成  日J=68.1 周J=102.15 月J=1.59 价=32.36 涨=-1.34%  PE=5.77(1.87%) PB=0.97(12.54%)
2026-08-01 20:45:21  [ 47] 000858 五 粮 液  完成  日J=89.57 周J=74.19 月J=13.07 价=78.0 涨=-0.71%  PE=24.03(36.23%) PB=2.37(1.49%)
2026-08-01 20:45:22  [ 48] 688802 沐曦股份-U  完成  日J=-0.96 周J=18.05 月J=68.52 价=688.87 涨=2.51%  PE=-420.29(39.33%) PB=21.04(48.67%)
2026-08-01 20:45:24  [ 49] 002379 宏桥控股  完成  日J=72.01 周J=92.09 月J=6.89 价=20.77 涨=-1.1%  PE=13.73(73.52%) PB=5.18(84.05%)
2026-08-01 20:45:25  [ 50] 688795 摩尔线程-U  完成  日J=25.95 周J=4.92 月J=32.97 价=570.48 涨=5.64%  PE=-312.18(39.87%) PB=23.28(17.09%)
2026-08-01 20:45:26  [ 51] 603986 兆易创新  完成  日J=19.94 周J=-12.32 月J=47.83 价=378.6 涨=2.02%  PE=92.42(48.87%) PB=10.51(70.25%)
2026-08-01 20:45:28  [ 52] 600150 中国船舶  完成  日J=114.28 周J=37.85 月J=37.7 价=35.18 涨=1.59%  PE=23.42(26.81%) PB=1.77(25.66%)
2026-08-01 20:45:29  [ 53] 600183 生益科技  完成  日J=12.23 周J=-9.35 月J=52.8 价=105.64 涨=5.56%  PE=65.32(97.5%) PB=14.31(97.69%)
2026-08-01 20:45:31  [ 54] 601816 京沪高铁  完成  日J=82.37 周J=104.38 月J=63.54 价=5.13 涨=-1.54%  PE=18.8(6.5%) PB=1.19(10.29%)
2026-08-01 20:45:32  [ 55] 688008 澜起科技  完成  日J=40.68 周J=3.25 月J=60.01 价=204.9 涨=4.13%  PE=97.78(72.49%) PB=12.0(78.36%)
2026-08-01 20:45:34  [ 56] 000338 潍柴动力  完成  日J=79.82 周J=22.74 月J=65.35 价=27.95 涨=7.67%  PE=21.36(94.62%) PB=2.53(86.02%)
2026-08-01 20:45:35  [ 57] 601225 陕西煤业  完成  日J=46.81 周J=72.26 月J=52.37 价=24.8 涨=0.24%  PE=14.87(97.98%) PB=2.35(83.57%)
2026-08-01 20:45:37  [ 58] 601919 中远海控  完成  日J=95.96 周J=117.27 月J=41.94 价=15.63 涨=-0.45%  PE=9.53(58.91%) PB=1.01(34.41%)
2026-08-01 20:45:38  [ 59] 000651 格力电器  完成  日J=96.87 周J=108.65 月J=85.86 价=42.3 涨=-0.4%  PE=8.12(42.19%) PB=1.56(7.16%)
2026-08-01 20:45:40  [ 60] 600309 万华化学  完成  日J=77.63 周J=82.01 月J=26.94 价=74.51 涨=-2.68%  PE=17.72(63.33%) PB=2.09(9.47%)
2026-08-01 20:45:41  [ 61] 688820 盛合晶微  完成  日J=12.72 周J=-8.37 月J=None 价=122.9 涨=4.17%  PE=232.28(17.14%) PB=15.83(17.14%)
2026-08-01 20:45:43  [ 62] 002714 牧原股份  完成  日J=30.79 周J=94.73 月J=18.71 价=39.26 涨=-1.65%  PE=23.17(68.33%) PB=2.63(1.92%)
2026-08-01 20:45:44  [ 63] 000001 平安银行  完成  日J=103.2 周J=106.76 月J=72.1 价=11.63 涨=0.17%  PE=5.24(35.32%) PB=0.49(12.16%)
2026-08-01 20:45:46  [ 64] 603288 海天味业  完成  日J=89.2 周J=105.67 月J=55.91 价=38.44 涨=-0.57%  PE=30.9(3.7%) PB=5.35(4.81%)
2026-08-01 20:45:47  [ 65] 601869 长飞光纤  完成  日J=4.37 周J=-19.51 月J=52.15 价=271.5 涨=3.37%  PE=194.25(93.84%) PB=15.79(95.64%)
2026-08-01 20:45:49  [ 66] 300408 三环集团  完成  日J=86.45 周J=2.3 月J=68.3 价=111.68 涨=6.06%  PE=77.18(98.27%) PB=9.91(98.27%)
2026-08-01 20:45:50  [ 67] 600690 海尔智家  完成  日J=90.92 周J=107.27 月J=24.11 价=23.19 涨=-0.34%  PE=11.62(9.08%) PB=1.74(4.04%)
2026-08-01 20:45:52  [ 68] 600919 江苏银行  完成  日J=104.76 周J=98.42 月J=96.54 价=11.83 涨=0.08%  PE=6.15(82.75%) PB=0.82(91.01%)
2026-08-01 20:45:53  [ 69] 300274 阳光电源  完成  日J=10.91 周J=-4.83 月J=8.79 价=103.37 涨=-0.33%  PE=17.97(31.62%) PB=4.4(40.75%)
2026-08-01 20:45:55  [ 70] 002142 宁波银行  完成  日J=59.78 周J=90.88 月J=69.72 价=31.88 涨=-3.1%  PE=6.99(31.28%) PB=0.91(27.92%)
2026-08-01 20:45:56  [ 71] 002916 深南电路  完成  日J=20.37 周J=-6.52 月J=58.15 价=308.0 涨=8.26%  PE=57.72(88.56%) PB=11.6(86.98%)
2026-08-01 20:45:58  [ 72] 003816 中国广核  完成  日J=69.94 周J=41.65 月J=33.87 价=4.13 涨=-0.72%  PE=21.99(90.83%) PB=1.66(69.82%)
2026-08-01 20:45:59  [ 73] 000725 京东方Ａ  完成  日J=15.97 周J=-1.1 月J=52.36 价=5.51 涨=2.8%  PE=34.3(54.2%) PB=1.5(63.09%)
2026-08-01 20:46:01  [ 74] 600188 兖矿能源  完成  日J=18.88 周J=22.85 月J=46.98 价=20.19 涨=-0.39%  PE=21.21(96.92%) PB=2.65(78.14%)
2026-08-01 20:46:03  [ 75] 601066 中信建投  完成  日J=22.27 周J=22.49 月J=59.16 价=25.77 涨=-0.27%  PE=17.75(7.21%) PB=2.32(19.54%)
2026-08-01 20:46:04  [ 76] 002463 沪电股份  完成  日J=18.45 周J=-1.77 月J=61.58 价=103.75 涨=7.46%  PE=46.41(94.04%) PB=11.89(97.16%)
2026-08-01 20:46:06  [ 77] 601336 新华保险  完成  日J=15.98 周J=82.89 月J=2.69 价=63.14 涨=0.69%  PE=5.34(2.84%) PB=1.59(49.21%)
2026-08-01 20:46:07  [ 78] 600406 国电南瑞  完成  日J=91.39 周J=81.22 月J=18.36 价=24.35 涨=0.12%  PE=23.51(29.31%) PB=3.66(37.53%)
2026-08-01 20:46:08  [ 79] 601668 中国建筑  完成  日J=77.59 周J=116.27 月J=36.68 价=4.7 涨=-0.42%  PE=5.12(62.18%) PB=0.39(1.49%)
2026-08-01 20:46:10  [ 80] 688072 拓荆科技  完成  日J=17.93 周J=39.85 月J=69.21 价=664.97 涨=3.58%  PE=117.56(71.8%) PB=26.67(97.02%)
2026-08-01 20:46:11  [ 81] 300760 迈瑞医疗  完成  日J=90.23 周J=97.62 月J=23.46 价=158.88 涨=-1.7%  PE=24.58(9.94%) PB=4.8(3.28%)
2026-08-01 20:46:13  [ 82] 600031 三一重工  完成  日J=93.43 周J=105.54 月J=21.34 价=20.55 涨=-1.34%  PE=22.44(50.41%) PB=2.09(25.85%)
2026-08-01 20:46:15  [ 83] 002938 鹏鼎控股  完成  日J=9.79 周J=-4.47 月J=59.27 价=81.5 涨=7.17%  PE=50.88(97.11%) PB=5.45(85.99%)
2026-08-01 20:46:16  [ 84] 600025 华能水电  完成  日J=47.82 周J=99.82 月J=63.41 价=10.12 涨=-0.2%  PE=22.08(79.05%) PB=2.66(75.83%)
2026-08-01 20:46:17  [ 85] 601818 光大银行  完成  日J=88.65 周J=104.21 月J=32.03 价=3.17 涨=-0.63%  PE=4.95(44.79%) PB=0.37(2.79%)
2026-08-01 20:46:19  [ 86] 300476 胜宏科技  完成  日J=7.23 周J=-8.13 月J=17.47 价=190.4 涨=5.57%  PE=39.99(75.4%) PB=10.75(87.31%)
2026-08-01 20:46:20  [ 87] 300394 天孚通信  完成  日J=11.25 周J=-10.44 月J=37.98 价=171.01 涨=6.81%  PE=85.89(89.62%) PB=31.19(93.13%)
2026-08-01 20:46:22  [ 88] 601985 中国核电  完成  日J=73.85 周J=67.54 月J=81.84 价=9.06 涨=-0.11%  PE=22.64(88.23%) PB=1.55(35.51%)
2026-08-01 20:46:23  [ 89] 002352 顺丰控股  完成  日J=92.4 周J=97.11 月J=33.81 价=34.99 涨=-0.37%  PE=16.15(2.64%) PB=1.84(3.17%)
2026-08-01 20:46:25  [ 90] 601898 中煤能源  完成  日J=41.92 周J=31.56 月J=12.17 价=13.8 涨=-1.64%  PE=10.3(49.69%) PB=1.12(85.54%)
2026-08-01 20:46:26  [ 91] 600930 华电新能  完成  日J=60.1 周J=1.49 月J=3.83 价=4.25 涨=0.71%  PE=27.69(2.36%) PB=1.61(2.36%)
2026-08-01 20:46:28  [ 92] 601688 华泰证券  完成  日J=-3.53 周J=42.26 月J=12.41 价=19.62 涨=-0.41%  PE=10.1(18.02%) PB=0.99(37.87%)
2026-08-01 20:46:30  [ 93] 300033 同花顺  完成  日J=90.17 周J=47.34 月J=32.12 价=234.96 涨=4.02%  PE=52.94(52.38%) PB=25.3(95.58%)
2026-08-01 20:46:31  [ 94] 601766 中国中车  完成  日J=72.56 周J=102.18 月J=18.78 价=6.16 涨=-2.69%  PE=13.09(8.84%) PB=1.01(14.08%)
2026-08-01 20:46:32  [ 95] 301666 大普微-UW  完成  日J=4.05 周J=-14.21 月J=None 价=403.0 涨=3.07%  PE=13542.04(19.18%) PB=219.18(19.18%)
2026-08-01 20:46:34  [ 96] 300124 汇川技术  完成  日J=99.54 周J=12.91 月J=19.65 价=64.06 涨=0.87%  PE=36.59(27.49%) PB=4.77(2.59%)
2026-08-01 20:46:36  [ 97] 600887 伊利股份  完成  日J=72.88 周J=98.0 月J=46.74 价=27.1 涨=-2.13%  PE=14.18(6.58%) PB=2.88(5.05%)
2026-08-01 20:46:37  [ 98] 001248 华润新能  完成  日J=45.84 周J=4.46 月J=None 价=13.18 涨=0.84%  PE=31.9(36.36%) PB=1.85(36.36%)
2026-08-01 20:46:38  [ 99] 600989 宝丰能源  完成  日J=49.3 周J=73.55 月J=15.45 价=23.29 涨=-2.47%  PE=13.58(8.74%) PB=3.28(64.65%)
2026-08-01 20:46:40  [100] 601995 中金公司  完成  日J=30.82 周J=55.48 月J=54.83 价=35.32 涨=0.34%  PE=15.05(2.72%) PB=1.66(11.76%)
2026-08-01 20:46:40  全部完成，结果已写入 C:\Users\hailo\Desktop\每周自动指标\output\2026-08-01\metrics_2026-08-01.csv
2026-08-01 20:46:40  步骤2完成 -> C:\Users\hailo\Desktop\每周自动指标\output\2026-08-01\metrics_2026-08-01.csv
2026-08-01 20:46:40  步骤3: 生成 HTML 总结报告…
2026-08-01 20:46:40  步骤3完成 -> C:\Users\hailo\Desktop\每周自动指标\output\2026-08-01\report_2026-08-01.html
2026-08-01 20:46:40  步骤4: 发送邮件报告…
2026-08-01 20:46:42  步骤4完成: 邮件已发送
2026-08-01 20:46:42  ===== 全部完成 2026-08-01 =====
