2026-09-02 20:23:28  ===== 开始每日指标任务 2026-09-02 =====
2026-09-02 20:23:28  步骤1: 获取 A股市值前100…
2026-09-02 20:23:29  步骤1完成 -> /home/runner/work/daily-stock-metrics/daily-stock-metrics/output/2026-09-02/top100_2026-09-02.csv
2026-09-02 20:23:29  步骤2: 计算 KDJ-J(日/周/月) 及 PE/PB 历史分位…
2026-09-02 20:23:29  观察池: 共104只(含历史追踪4只) -> /home/runner/work/daily-stock-metrics/daily-stock-metrics/output/2026-09-02/tracked_2026-09-02.csv
2026-09-02 20:23:29  待处理 104 条，并发数 8
2026-09-02 20:23:33  [  1] 688825 长鑫科技  完成  日J=8.84 周J=77.12 月J=None MA20=55.879 MA60=None 多头=None 价=54.32 涨=-3.86%  PE=45.07(3.57%) PB=27.37(53.57%)
2026-09-02 20:23:33  [  2] 601398 工商银行  完成  日J=94.34 周J=94.02 月J=105.47 MA20=7.766 MA60=7.577 多头=1 价=8.22 涨=0.86%  PE=7.83(96.67%) PB=0.74(71.96%)
2026-09-02 20:23:33  [  7] 601857 中国石油  完成  日J=66.04 周J=103.31 月J=46.63 MA20=11.001 MA60=10.278 多头=1 价=11.26 涨=-1.49%  PE=11.7(50.76%) PB=1.26(93.2%)
2026-09-02 20:23:33  [  3] 601939 建设银行  完成  日J=98.33 周J=99.25 月J=108.32 MA20=10.509 MA60=10.18 多头=1 价=11.14 涨=0.45%  PE=8.41(98.0%) PB=0.81(75.33%)
2026-09-02 20:23:33  [  5] 600941 中国移动  完成  日J=104.63 周J=108.56 月J=100.42 MA20=97.373 MA60=94.105 多头=1 价=100.8 涨=0.91%  PE=16.59(74.51%) PB=1.54(42.57%)
2026-09-02 20:23:33  [  4] 601288 农业银行  完成  日J=96.08 周J=99.71 月J=64.69 MA20=6.699 MA60=6.535 多头=1 价=7.06 涨=0.14%  PE=8.29(94.53%) PB=0.86(89.31%)
2026-09-02 20:23:33  [  6] 601988 中国银行  完成  日J=99.62 周J=106.05 月J=110.06 MA20=6.085 MA60=5.933 多头=1 价=6.68 涨=0.15%  PE=8.64(100.0%) PB=0.78(94.72%)
2026-09-02 20:23:33  [  8] 600519 贵州茅台  完成  日J=68.66 周J=73.24 月J=40.29 MA20=1310.722 MA60=1268.26 多头=1 价=1297.5 涨=-0.16%  PE=19.92(6.13%) PB=6.46(2.99%)
2026-09-02 20:23:35  [ 10] 600938 中国海油  完成  日J=58.98 周J=105.3 月J=32.36 MA20=33.234 MA60=31.042 多头=1 价=33.77 涨=-2.14%  PE=11.6(85.86%) PB=1.87(78.42%)
2026-09-02 20:23:35  [  9] 300750 宁德时代  完成  日J=-4.49 周J=21.26 月J=6.73 MA20=382.907 MA60=383.418 多头=0 价=348.29 涨=-2.74%  PE=18.96(9.95%) PB=4.25(12.96%)
2026-09-02 20:23:35  [ 11] 601138 工业富联  完成  日J=53.84 周J=57.25 月J=34.03 MA20=64.424 MA60=65.046 多头=0 价=61.8 涨=-1.81%  PE=26.14(86.5%) PB=6.98(90.65%)
2026-09-02 20:23:35  [ 13] 688981 中芯国际  完成  日J=58.42 周J=3.07 月J=36.81 MA20=126.947 MA60=137.716 多头=0 价=122.55 涨=-2.82%  PE=145.57(64.54%) PB=6.12(85.36%)
2026-09-02 20:23:36  [ 14] 601088 中国神华  完成  日J=56.17 周J=105.02 月J=82.8 MA20=46.114 MA60=43.702 多头=1 价=48.05 涨=-0.52%  PE=19.31(98.29%) PB=2.31(99.19%)
2026-09-02 20:23:36  [ 16] 601318 中国平安  完成  日J=94.3 周J=104.02 月J=28.63 MA20=53.902 MA60=52.384 多头=1 价=56.63 涨=-1.05%  PE=6.44(0.48%) PB=1.0(29.23%)
2026-09-02 20:23:36  [ 15] 600036 招商银行  完成  日J=103.56 周J=98.45 月J=105.02 MA20=39.231 MA60=38.085 多头=1 价=40.87 涨=0.02%  PE=6.79(31.94%) PB=0.9(16.4%)
2026-09-02 20:23:36  [ 12] 601628 中国人寿  完成  日J=67.13 周J=32.61 月J=29.41 MA20=37.747 MA60=37.613 多头=1 价=38.15 涨=-2.35%  PE=4.35(0.05%) PB=1.62(6.08%)
2026-09-02 20:23:37  [ 17] 300308 中际旭创  完成  日J=6.21 周J=0.53 月J=22.94 MA20=898.428 MA60=1052.768 多头=0 价=822.4 涨=-4.29%  PE=47.36(50.1%) PB=24.3(94.87%)
2026-09-02 20:23:38  [ 21] 688256 寒武纪  完成  日J=100.11 周J=12.57 月J=40.88 MA20=1086.241 MA60=1240.561 多头=0 价=1108.0 涨=-0.09%  PE=209.11(78.61%) PB=51.4(89.11%)
2026-09-02 20:23:38  [ 18] 601899 紫金矿业  完成  日J=22.21 周J=91.4 月J=34.93 MA20=33.645 MA60=30.377 多头=1 价=32.95 涨=-2.31%  PE=12.95(7.84%) PB=4.34(81.56%)
2026-09-02 20:23:38  [ 20] 600900 长江电力  完成  日J=89.31 周J=70.8 月J=93.95 MA20=28.14 MA60=27.609 多头=1 价=28.72 涨=1.13%  PE=19.41(53.99%) PB=3.25(87.21%)
2026-09-02 20:23:38  [ 19] 002594 比亚迪  完成  日J=-9.45 周J=38.73 月J=31.12 MA20=90.021 MA60=89.199 多头=1 价=86.8 涨=-2.15%  PE=26.89(23.38%) PB=3.3(26.05%)
2026-09-02 20:23:38  [ 22] 601658 邮储银行  完成  日J=101.09 周J=83.39 月J=98.67 MA20=5.043 MA60=5.009 多头=1 价=5.56 涨=1.46%  PE=7.45(80.28%) PB=0.64(37.66%)
2026-09-02 20:23:39  [ 24] 600028 中国石化  完成  日J=79.23 周J=93.33 月J=20.21 MA20=5.205 MA60=5.0 多头=1 价=5.43 涨=-1.63%  PE=18.26(87.02%) PB=0.78(39.35%)
2026-09-02 20:23:39  [ 23] 000333 美的集团  完成  日J=76.98 周J=79.44 月J=94.57 MA20=85.278 MA60=82.025 多头=1 价=86.98 涨=-0.58%  PE=14.95(54.75%) PB=3.13(51.62%)
2026-09-02 20:23:40  [ 26] 601728 中国电信  完成  日J=53.84 周J=95.02 月J=70.66 MA20=6.425 MA60=6.043 多头=1 价=6.47 涨=0.0%  PE=19.9(82.87%) PB=1.25(66.64%)
2026-09-02 20:23:40  [ 27] 688041 海光信息  完成  日J=83.02 周J=-0.6 月J=15.43 MA20=263.845 MA60=300.663 多头=0 价=247.21 涨=-1.29%  PE=182.88(65.14%) PB=22.65(77.95%)
2026-09-02 20:23:40  [ 25] 601328 交通银行  完成  日J=95.03 周J=99.03 月J=108.74 MA20=7.071 MA60=6.855 多头=1 价=7.43 涨=0.95%  PE=6.74(92.25%) PB=0.56(61.31%)
2026-09-02 20:23:41  [ 29] 601998 中信银行  完成  日J=82.76 周J=111.22 月J=100.47 MA20=8.152 MA60=7.661 多头=1 价=8.86 涨=0.57%  PE=6.87(91.21%) PB=0.66(75.67%)
2026-09-02 20:23:41  [ 28] 300502 新易盛  完成  日J=11.46 周J=9.9 月J=27.89 MA20=418.072 MA60=482.796 多头=0 价=386.7 涨=-4.0%  PE=41.1(32.41%) PB=22.19(90.4%)
2026-09-02 20:23:41  [ 30] 002371 北方华创  完成  日J=14.22 周J=3.4 月J=39.55 MA20=723.987 MA60=740.452 多头=0 价=667.0 涨=-0.1%  PE=85.16(42.4%) PB=11.94(78.61%)
2026-09-02 20:23:42  [ 31] 603259 药明康德  完成  日J=21.76 周J=72.49 月J=83.92 MA20=159.356 MA60=132.738 多头=1 价=155.99 涨=1.03%  PE=21.58(30.25%) PB=5.61(49.04%)
2026-09-02 20:23:42  [ 32] 002475 立讯精密  完成  日J=91.7 周J=32.75 月J=26.64 MA20=56.173 MA60=60.818 多头=0 价=57.08 涨=0.28%  PE=24.82(30.13%) PB=4.74(33.65%)
2026-09-02 20:23:43  [ 34] 688347 华虹宏力  完成  日J=81.26 周J=-0.72 月J=39.08 MA20=251.976 MA60=284.639 多头=0 价=243.2 涨=-2.85%  PE=602.75(67.96%) PB=8.94(93.16%)
2026-09-02 20:23:43  [ 33] 600030 中信证券  完成  日J=74.81 周J=12.0 月J=75.29 MA20=27.599 MA60=27.903 多头=0 价=27.47 涨=-1.96%  PE=10.82(0.19%) PB=1.45(43.82%)
2026-09-02 20:23:43  [ 36] 603993 洛阳钼业  完成  日J=28.02 周J=50.42 月J=7.12 MA20=19.119 MA60=18.821 多头=1 价=18.46 涨=-3.15%  PE=14.2(11.98%) PB=4.4(89.12%)
2026-09-02 20:23:43  [ 35] 688235 百济神州  完成  日J=7.87 周J=37.97 月J=58.01 MA20=284.416 MA60=262.818 多头=1 价=268.21 涨=0.57%  PE=96.61(88.9%) PB=11.68(73.78%)
2026-09-02 20:23:44  [ 38] 600183 生益科技  完成  日J=78.12 周J=66.33 月J=60.86 MA20=137.623 MA60=143.636 多头=0 价=144.98 涨=0.39%  PE=67.79(97.2%) PB=19.03(98.48%)
2026-09-02 20:23:44  [ 39] 601319 中国人保  完成  日J=100.88 周J=80.64 月J=34.18 MA20=7.135 MA60=7.08 多头=1 价=7.92 涨=0.13%  PE=6.16(0.16%) PB=1.03(31.03%)
2026-09-02 20:23:44  [ 37] 601166 兴业银行  完成  日J=42.08 周J=43.14 月J=38.39 MA20=18.061 MA60=17.882 多头=1 价=17.9 涨=-0.28%  PE=5.02(37.4%) PB=0.45(5.13%)
2026-09-02 20:23:44  [ 40] 601869 长飞光纤  完成  日J=61.84 周J=66.32 月J=52.25 MA20=372.273 MA60=403.053 多头=0 价=407.8 涨=1.94%  PE=98.07(87.87%) PB=20.63(96.55%)
2026-09-02 20:23:45  [ 41] 002384 东山精密  完成  日J=7.58 周J=14.63 月J=47.92 MA20=197.136 MA60=218.742 多头=0 价=183.43 涨=-2.79%  PE=93.72(88.93%) PB=13.79(95.91%)
2026-09-02 20:23:46  [ 42] 688012 中微公司  完成  日J=8.25 周J=14.12 月J=48.37 MA20=368.691 MA60=376.361 多头=0 价=343.88 涨=-1.89%  PE=77.85(42.25%) PB=10.97(71.35%)
2026-09-02 20:23:46  [ 43] 002415 海康威视  完成  日J=84.35 周J=40.47 月J=77.57 MA20=35.207 MA60=34.144 多头=1 价=35.18 涨=-2.06%  PE=19.62(10.36%) PB=3.82(24.0%)
2026-09-02 20:23:46  [ 45] 601211 国泰海通  完成  日J=73.21 周J=-1.58 月J=44.93 MA20=17.841 MA60=18.144 多头=0 价=17.61 涨=-1.84%  PE=9.58(3.8%) PB=0.94(26.47%)
2026-09-02 20:23:46  [ 44] 601601 中国太保  完成  日J=93.4 周J=93.96 月J=19.11 MA20=31.125 MA60=30.553 多头=1 价=32.83 涨=-0.73%  PE=5.6(1.81%) PB=0.99(14.97%)
2026-09-02 20:23:46  [ 47] 600276 恒瑞医药  完成  日J=0.51 周J=-11.83 月J=-2.89 MA20=50.227 MA60=51.836 多头=0 价=45.57 涨=-1.43%  PE=39.15(2.09%) PB=4.69(0.05%)
2026-09-02 20:23:47  [ 46] 600000 浦发银行  完成  日J=85.55 周J=69.83 月J=29.77 MA20=9.153 MA60=8.958 多头=1 价=9.28 涨=-0.75%  PE=6.03(69.63%) PB=0.41(30.42%)
2026-09-02 20:23:47  [ 48] 300059 东方财富  完成  日J=53.94 周J=2.43 月J=21.01 MA20=19.407 MA60=19.752 多头=0 价=18.91 涨=-2.53%  PE=20.52(1.47%) PB=3.04(8.6%)
2026-09-02 20:23:48  [ 52] 688802 沐曦股份-U  完成  日J=30.48 周J=-5.13 月J=42.49 MA20=707.355 MA60=759.571 多头=0 价=664.15 涨=-1.28%  PE=29868.55(98.84%) PB=19.16(39.31%)
2026-09-02 20:23:48  [ 50] 603986 兆易创新  完成  日J=58.86 周J=2.97 月J=14.68 MA20=405.254 MA60=505.699 多头=0 价=388.86 涨=-1.05%  PE=34.52(11.22%) PB=7.34(42.49%)
2026-09-02 20:23:48  [ 49] 000858 五 粮 液  完成  日J=22.59 周J=29.88 月J=7.15 MA20=72.833 MA60=73.331 多头=0 价=70.82 涨=-1.41%  PE=21.01(23.53%) PB=2.32(0.33%)
2026-09-02 20:23:49  [ 51] 300394 天孚通信  完成  日J=16.39 周J=79.11 月J=40.32 MA20=256.341 MA60=256.746 多头=0 价=250.0 涨=-0.7%  PE=117.43(94.77%) PB=43.64(95.82%)
2026-09-02 20:23:49  [ 56] 688795 摩尔线程-U  完成  日J=53.13 周J=-1.19 月J=9.6 MA20=556.828 MA60=613.118 多头=0 价=532.99 涨=0.15%  PE=-337.9(35.91%) PB=20.57(2.76%)
2026-09-02 20:23:49  [ 53] 600150 中国船舶  完成  日J=67.31 周J=40.35 月J=27.49 MA20=34.004 MA60=34.416 多头=0 价=33.93 涨=-1.45%  PE=18.21(25.43%) PB=1.68(20.29%)
2026-09-02 20:23:49  [ 55] 601919 中远海控  完成  日J=6.26 周J=84.98 月J=85.63 MA20=16.318 MA60=14.983 多头=1 价=16.45 涨=-3.12%  PE=9.39(58.17%) PB=1.07(42.11%)
2026-09-02 20:23:49  [ 54] 601225 陕西煤业  完成  日J=40.51 周J=93.52 月J=86.89 MA20=25.951 MA60=24.281 多头=1 价=26.1 涨=-2.32%  PE=12.4(89.45%) PB=2.5(89.5%)
2026-09-02 20:23:49  [ 57] 688808 联讯仪器  完成  日J=81.42 周J=92.44 月J=73.75 MA20=2262.702 MA60=2152.73 多头=1 价=2399.8 涨=0.03%  PE=360.08(5.56%) PB=72.73(51.11%)
2026-09-02 20:23:50  [ 60] 688820 盛合晶微  完成  日J=61.22 周J=4.33 月J=18.45 MA20=134.171 MA60=156.506 多头=0 价=128.91 涨=-0.42%  PE=256.83(30.11%) PB=12.45(21.51%)
2026-09-02 20:23:51  [ 59] 601816 京沪高铁  完成  日J=63.14 周J=73.33 月J=85.96 MA20=4.928 MA60=4.79 多头=1 价=4.92 涨=0.2%  PE=17.66(1.62%) PB=1.15(3.8%)
2026-09-02 20:23:51  [ 61] 002379 宏桥控股  完成  日J=63.31 周J=62.64 月J=7.33 MA20=18.947 MA60=17.785 多头=1 价=18.28 涨=-2.25%  PE=9.66(62.12%) PB=4.11(79.85%)
2026-09-02 20:23:51  [ 58] 002714 牧原股份  完成  日J=97.28 周J=102.98 月J=53.22 MA20=40.074 MA60=38.121 多头=1 价=42.03 涨=-0.87%  PE=-216.48(13.12%) PB=3.06(11.31%)
2026-09-02 20:23:52  [ 63] 688008 澜起科技  完成  日J=25.95 周J=5.74 月J=28.22 MA20=206.748 MA60=230.984 多头=0 价=193.1 涨=-2.65%  PE=76.67(44.04%) PB=10.95(68.87%)
2026-09-02 20:23:52  [ 65] 000001 平安银行  完成  日J=95.92 周J=104.94 月J=113.28 MA20=11.426 MA60=11.012 多头=1 价=11.91 涨=-0.08%  PE=5.32(37.45%) PB=0.49(15.3%)
2026-09-02 20:23:52  [ 64] 600309 万华化学  完成  日J=70.58 周J=85.34 月J=21.08 MA20=74.901 MA60=72.679 多头=1 价=75.18 涨=-2.39%  PE=14.29(33.17%) PB=2.07(9.7%)
2026-09-02 20:23:52  [ 62] 002916 深南电路  完成  日J=46.31 周J=33.37 月J=44.68 MA20=364.27 MA60=379.916 多头=0 价=348.39 涨=-1.68%  PE=56.95(86.17%) PB=13.16(91.25%)
2026-09-02 20:23:53  [ 66] 002463 沪电股份  完成  日J=52.6 周J=44.4 月J=52.1 MA20=120.308 MA60=125.774 多头=0 价=118.39 涨=-1.93%  PE=45.0(92.25%) PB=12.66(97.34%)
2026-09-02 20:23:53  [ 68] 600919 江苏银行  完成  日J=79.81 周J=99.63 月J=108.34 MA20=11.916 MA60=11.499 多头=1 价=12.24 涨=-0.41%  PE=6.22(84.84%) PB=0.83(91.73%)
2026-09-02 20:23:54  [ 67] 002142 宁波银行  完成  日J=82.68 周J=107.8 月J=99.95 MA20=33.079 MA60=31.631 多头=1 价=34.3 涨=0.0%  PE=7.28(35.41%) PB=0.93(31.13%)
2026-09-02 20:23:54  [ 69] 000338 潍柴动力  完成  日J=13.61 周J=42.22 月J=43.97 MA20=28.759 MA60=27.91 多头=1 价=25.88 涨=-5.37%  PE=17.22(78.61%) PB=2.33(75.05%)
2026-09-02 20:23:55  [ 70] 300476 胜宏科技  完成  日J=-0.64 周J=41.56 月J=5.17 MA20=257.712 MA60=274.806 多头=0 价=225.18 涨=-3.35%  PE=44.03(78.71%) PB=5.84(81.56%)
2026-09-02 20:24:01  [ 72] 600188 兖矿能源  完成  日J=49.7 周J=97.67 月J=61.46 MA20=22.012 MA60=20.257 多头=1 价=21.95 涨=-2.36%  PE=20.61(95.29%) PB=2.87(87.55%)
2026-09-02 20:24:02  [ 73] 003816 中国广核  完成  日J=106.83 周J=104.93 月J=47.22 MA20=4.007 MA60=3.995 多头=1 价=4.33 涨=0.46%  PE=22.03(91.02%) PB=1.77(81.8%)
2026-09-02 20:24:10  [ 74] 000651 格力电器  完成  日J=-0.59 周J=65.91 月J=87.48 MA20=38.738 MA60=37.602 多头=1 价=38.48 涨=-0.18%  PE=7.73(27.14%) PB=1.45(3.14%)
2026-09-02 20:24:13  [ 81] 603288 海天味业  完成  日J=4.58 周J=12.44 月J=25.29 MA20=35.427 MA60=35.201 多头=1 价=33.87 涨=-0.38%  PE=27.08(0.48%) PB=5.07(2.14%)
2026-09-02 20:24:23  [ 82] 300433 蓝思科技  失败: 'str' object has no attribute 'get'
2026-09-02 20:24:23  [ 71] 688836 宇树科技-W  完成  日J=0.95 周J=None 月J=None MA20=None MA60=None 多头=None 价=546.02 涨=-4.39%  PE=378.01(9.09%) PB=76.68(9.09%)
2026-09-02 20:24:24  [ 78] 601898 中煤能源  完成  日J=53.22 周J=96.81 月J=None MA20=14.436 MA60=13.711 多头=1 价=15.01 涨=-2.72%  PE=10.86(56.84%) PB=1.2(93.92%)
2026-09-02 20:24:24  [ 76] 000725 京东方Ａ  完成  日J=61.34 周J=4.66 月J=None MA20=5.934 MA60=6.437 多头=0 价=5.79 涨=-2.03%  PE=27.3(48.19%) PB=1.61(72.15%)
2026-09-02 20:24:25  [ 83] 601066 中信建投  失败: 'str' object has no attribute 'get'
2026-09-02 20:24:25  [ 75] 300408 三环集团  失败: HTTPSConnectionPool(host='ifzq.gtimg.cn', port=443): Read timed out. (read timeout=15)
2026-09-02 20:24:25  [ 87] 301666 大普微-UW  失败: 'str' object has no attribute 'get'
2026-09-02 20:24:25  [ 77] 300760 迈瑞医疗  完成  日J=84.94 周J=105.06 月J=None MA20=157.082 MA60=149.325 多头=1 价=167.92 涨=-0.69%  PE=25.88(17.7%) PB=5.02(5.17%)
2026-09-02 20:24:28  [ 86] 603268 松发股份  完成  日J=31.75 周J=90.02 月J=91.04 MA20=182.236 MA60=161.952 多头=1 价=183.55 涨=0.04%  PE=33.29(47.34%) PB=14.32(81.42%)
2026-09-02 20:24:30  [ 91] 600406 国电南瑞  完成  日J=8.75 周J=39.81 月J=4.05 MA20=23.431 MA60=23.18 多头=1 价=22.59 涨=-1.44%  PE=21.6(12.26%) PB=3.48(25.9%)
2026-09-02 20:24:33  [ 92] 600031 三一重工  完成  日J=76.11 周J=60.51 月J=38.71 MA20=19.169 MA60=18.942 多头=1 价=19.63 涨=-2.92%  PE=20.32(44.15%) PB=1.96(14.54%)
2026-09-02 20:24:33  [ 79] 002938 鹏鼎控股  失败: HTTPSConnectionPool(host='ifzq.gtimg.cn', port=443): Read timed out. (read timeout=15)
2026-09-02 20:24:34  [ 80] 600690 海尔智家  失败: HTTPSConnectionPool(host='ifzq.gtimg.cn', port=443): Read timed out. (read timeout=15)
2026-09-02 20:24:37  [ 94] 300274 阳光电源  完成  日J=-8.17 周J=-1.05 月J=-18.32 MA20=108.84 MA60=120.868 多头=0 价=86.4 涨=-3.28%  PE=16.31(25.76%) PB=3.57(31.8%)
2026-09-02 20:24:37  [ 95] 601668 中国建筑  完成  日J=8.83 周J=33.97 月J=37.06 MA20=4.435 MA60=4.434 多头=1 价=4.32 涨=-0.92%  PE=5.64(77.57%) PB=0.36(0.05%)
2026-09-02 20:24:38  [ 96] 601766 中国中车  失败: 'str' object has no attribute 'get'
2026-09-02 20:24:41  [ 89] 600025 华能水电  失败: HTTPSConnectionPool(host='ifzq.gtimg.cn', port=443): Read timed out. (read timeout=15)
2026-09-02 20:24:49  [ 93] 601818 光大银行  失败: 'str' object has no attribute 'get'
2026-09-02 20:24:53  [100] 600547 山东黄金  完成  日J=85.95 周J=112.49 月J=27.95 MA20=33.273 MA60=28.219 多头=1 价=37.89 涨=2.71%  PE=31.91(11.17%) PB=5.27(83.79%)
2026-09-02 20:24:55  [ 84] 601336 新华保险  失败: HTTPSConnectionPool(host='ifzq.gtimg.cn', port=443): Read timed out. (read timeout=15)
2026-09-02 20:24:56  [ 85] 688072 拓荆科技  失败: HTTPSConnectionPool(host='ifzq.gtimg.cn', port=443): Read timed out. (read timeout=15)
2026-09-02 20:24:57  [ 90] 688498 源杰科技  失败: HTTPSConnectionPool(host='ifzq.gtimg.cn', port=443): Read timed out. (read timeout=15)
2026-09-02 20:24:57  [ 88] 601985 中国核电  失败: HTTPSConnectionPool(host='ifzq.gtimg.cn', port=443): Read timed out. (read timeout=15)
2026-09-02 20:24:58  [ 99] 300604 长川科技  失败: 'str' object has no attribute 'get'
2026-09-02 20:24:58  [103] 301377 鼎泰高科  失败: 'str' object has no attribute 'get'
2026-09-02 20:24:59  [102] 601688 华泰证券  完成  日J=88.65 周J=21.27 月J=17.88 MA20=18.967 MA60=19.639 多头=0 价=19.22 涨=-1.84%  PE=8.45(0.05%) PB=0.97(34.03%)
2026-09-02 20:25:00  [104] 600487 亨通光电  完成  日J=67.49 周J=40.79 月J=29.0 MA20=62.875 MA60=75.051 多头=0 价=66.9 涨=-0.65%  PE=39.41(94.49%) PB=4.9(95.2%)
2026-09-02 20:25:08  [ 97] 600989 宝丰能源  失败: HTTPSConnectionPool(host='ifzq.gtimg.cn', port=443): Read timed out. (read timeout=15)
2026-09-02 20:25:10  [ 98] 600176 中国巨石  失败: HTTPSConnectionPool(host='ifzq.gtimg.cn', port=443): Read timed out. (read timeout=15)
2026-09-02 20:25:24  [101] 002352 顺丰控股  失败: HTTPSConnectionPool(host='ifzq.gtimg.cn', port=443): Read timed out. (read timeout=15)
2026-09-02 20:25:24  全部完成，结果已写入 /home/runner/work/daily-stock-metrics/daily-stock-metrics/output/2026-09-02/metrics_2026-09-02.csv
2026-09-02 20:25:24  步骤2完成 -> /home/runner/work/daily-stock-metrics/daily-stock-metrics/output/2026-09-02/metrics_2026-09-02.csv
2026-09-02 20:25:24  步骤2.5: 获取全市场大盘温度（活跃市值指标）…
2026-09-02 20:26:38  步骤2.5完成
2026-09-02 20:26:38  步骤2.6: 本地聚合 → 行业板块温度 / 大盘宽度仪表盘 / 机会榜
2026-09-02 20:26:38    - 板块温度: 12 个行业
2026-09-02 20:26:38    - 机会榜: 超跌 10 / 超买 17
2026-09-02 20:26:38  步骤2.6完成
2026-09-02 20:26:38  步骤3: 生成 HTML 总结报告…
2026-09-02 20:26:39  步骤3完成 -> /home/runner/work/daily-stock-metrics/daily-stock-metrics/output/2026-09-02/report_2026-09-02.html
2026-09-02 20:26:39  步骤4: 生成个股股价走势图（含每日信号）…
2026-09-02 20:26:39  步骤4完成 -> /home/runner/work/daily-stock-metrics/daily-stock-metrics/output/stock_charts.html
2026-09-02 20:26:39  步骤4.5: 生成昨日推荐回顾…
2026-09-02 20:26:39  步骤4.5完成 -> 已追加昨日推荐回顾
2026-09-02 20:26:39  步骤5: 发送邮件报告…
2026-09-02 20:26:43  步骤5完成: 邮件已发送
2026-09-02 20:26:43  ===== 全部完成 2026-09-02 =====
2026-09-02 20:53:39  今日(2026-09-02)已完成，跳过。结果目录: /home/runner/work/daily-stock-metrics/daily-stock-metrics/output/2026-09-02
2026-09-02 22:26:20  今日(2026-09-02)已完成，跳过。结果目录: /home/runner/work/daily-stock-metrics/daily-stock-metrics/output/2026-09-02
