2026-09-07 22:25:32  ===== 开始每日港股通指标任务 2026-09-07 =====
2026-09-07 22:25:32  步骤1: 获取港股通总市值前100标的...
获取港股通标的列表(共取市值前 100 只)...
接口返回 100 只港股通标的
2026-09-07 22:25:33  步骤1完成 -> /home/runner/work/daily-stock-metrics/daily-stock-metrics/output_hk/2026-09-07/hk_list_2026-09-07.csv
2026-09-07 22:25:33  步骤2: 计算 KDJ-J(日/周/月)...
2026-09-07 22:25:33  步骤2: 计算指标...
2026-09-07 22:25:33  观察池: 共103只(含历史追踪3只)
2026-09-07 22:25:33  待处理 103 条，并发数 8
2026-09-07 22:25:35  [  4] 03750 宁德时代  完成  日J=10.55 周J=5.03 月J=29.39 MA20=619.5 MA60=641.575 多头=0 价=572.5 涨=-0.35%  PE=27.49(None%) PB=6.06(None%)
2026-09-07 22:25:35  [  7] 09988 阿里巴巴-W  完成  日J=25.79 周J=23.16 月J=19.69 MA20=117.375 MA60=111.993 多头=1 价=109.6 涨=-0.45%  PE=25.65(None%) PB=1.73(None%)
2026-09-07 22:25:35  [  5] 00939 建设银行  完成  日J=67.51 周J=95.87 月J=93.73 MA20=9.198 MA60=8.767 多头=1 价=9.54 涨=-2.31%  PE=6.35(None%) PB=0.61(None%)
2026-09-07 22:25:35  [  1] 00700 腾讯控股  完成  日J=13.28 周J=9.93 月J=6.55 MA20=446.75 MA60=452.55 多头=0 价=438.4 涨=-0.99%  PE=14.95(None%) PB=3.05(None%)
2026-09-07 22:25:35  [  8] 03988 中国银行  完成  日J=75.94 周J=97.59 月J=96.09 MA20=5.574 MA60=5.332 多头=1 价=5.95 涨=-1.98%  PE=6.78(None%) PB=0.6(None%)
2026-09-07 22:25:35  [  6] 01288 农业银行  完成  日J=55.86 周J=92.11 月J=91.23 MA20=6.205 MA60=5.906 多头=1 价=6.38 涨=-2.45%  PE=6.61(None%) PB=0.68(None%)
2026-09-07 22:25:35  [  3] 01398 工商银行  完成  日J=46.34 周J=90.33 月J=89.23 MA20=7.431 MA60=7.124 多头=1 价=7.5 涨=-2.47%  PE=6.31(None%) PB=0.59(None%)
2026-09-07 22:25:35  [  2] 00005 汇丰控股  完成  日J=106.47 周J=83.55 月J=95.22 MA20=162.425 MA60=157.588 多头=1 价=167.6 涨=0.54%  PE=15.25(None%) PB=2.12(None%)
2026-09-07 22:25:36  [ 11] 03308 中际旭创  完成  日J=79.08 周J=57.64 月J=None MA20=1083.0 MA60=None 多头=None 价=1203.0 涨=19.58%  PE=60.84(None%) PB=29.23(None%)
2026-09-07 22:25:37  [  9] 00857 中国石油股份  完成  日J=22.67 周J=85.93 月J=36.69 MA20=9.924 MA60=9.612 多头=1 价=9.96 涨=-1.97%  PE=9.09(None%) PB=0.97(None%)
2026-09-07 22:25:37  [ 10] 00941 中国移动  完成  日J=19.94 周J=17.17 月J=26.55 MA20=80.808 MA60=80.416 多头=1 价=79.1 涨=-0.69%  PE=11.42(None%) PB=1.02(None%)
2026-09-07 22:25:37  [ 12] 03968 招商银行  完成  日J=81.24 周J=94.18 月J=87.82 MA20=49.691 MA60=48.2 多头=1 价=51.9 涨=-2.72%  PE=7.6(None%) PB=0.99(None%)
2026-09-07 22:25:37  [ 13] 00883 中国海洋石油  完成  日J=30.64 周J=100.03 月J=32.94 MA20=24.729 MA60=23.353 多头=1 价=24.88 涨=-0.72%  PE=7.5(None%) PB=1.2(None%)
2026-09-07 22:25:37  [ 14] 02318 中国平安  完成  日J=50.38 周J=71.79 月J=12.6 MA20=55.935 MA60=55.401 多头=1 价=56.25 涨=-1.57%  PE=5.62(None%) PB=0.86(None%)
2026-09-07 22:25:37  [ 15] 01088 中国神华  完成  日J=5.37 周J=85.56 月J=50.19 MA20=44.699 MA60=43.129 多头=1 价=44.66 涨=-2.36%  PE=15.53(None%) PB=1.83(None%)
2026-09-07 22:25:37  [ 16] 02899 紫金矿业  完成  日J=22.24 周J=75.89 月J=34.9 MA20=36.47 MA60=33.15 多头=1 价=35.92 涨=-1.86%  PE=12.42(None%) PB=4.11(None%)
2026-09-07 22:25:38  [ 17] 02628 中国人寿  完成  日J=73.11 周J=95.39 月J=45.89 MA20=28.59 MA60=28.556 多头=1 价=30.56 涨=-1.1%  PE=3.08(None%) PB=1.13(None%)
2026-09-07 22:25:38  [ 18] 01299 友邦保险  完成  日J=70.39 周J=78.45 月J=19.54 MA20=74.435 MA60=74.87 多头=0 价=77.1 涨=-0.52%  PE=12.81(None%) PB=2.5(None%)
2026-09-07 22:25:38  [ 20] 00300 美的集团  完成  日J=54.99 周J=93.08 月J=100.73 MA20=98.222 MA60=93.259 多头=1 价=99.65 涨=-1.14%  PE=15.03(None%) PB=3.1(None%)
2026-09-07 22:25:38  [ 21] 01810 小米集团-W  完成  日J=27.53 周J=44.31 月J=33.88 MA20=27.338 MA60=26.367 多头=1 价=27.5 涨=-3.31%  PE=18.94(None%) PB=2.28(None%)
2026-09-07 22:25:39  [ 19] 01211 比亚迪股份  完成  日J=-3.82 周J=21.0 月J=41.08 MA20=89.48 MA60=86.882 多头=1 价=84.5 涨=-1.92%  PE=23.14(None%) PB=2.79(None%)
2026-09-07 22:25:39  [ 23] 01658 邮储银行  完成  日J=74.79 周J=91.93 月J=87.14 MA20=5.05 MA60=4.932 多头=1 价=5.38 涨=-1.92%  PE=6.32(None%) PB=0.54(None%)
2026-09-07 22:25:39  [ 24] 09999 网易  完成  日J=17.86 周J=6.19 月J=33.63 MA20=193.05 MA60=197.928 多头=0 价=187.7 涨=-0.74%  PE=16.29(None%) PB=3.13(None%)
2026-09-07 22:25:39  [ 22] 03328 交通银行  完成  日J=72.92 周J=99.19 月J=100.69 MA20=7.563 MA60=7.294 多头=1 价=7.88 涨=-1.31%  PE=6.3(None%) PB=0.52(None%)
2026-09-07 22:25:40  [ 26] 02359 药明康德  完成  日J=21.4 周J=65.04 月J=83.91 MA20=198.495 MA60=168.848 多头=1 价=191.7 涨=0.31%  PE=23.05(None%) PB=5.92(None%)
2026-09-07 22:25:40  [ 25] 00981 中芯国际  完成  日J=26.1 周J=27.03 月J=40.84 MA20=69.84 MA60=72.693 多头=0 价=68.3 涨=1.64%  PE=72.0(None%) PB=2.96(None%)
2026-09-07 22:25:40  [ 32] 02475 立讯精密  完成  日J=26.77 周J=64.53 月J=None MA20=61.525 MA60=None 多头=None 价=61.4 涨=4.07%  PE=23.61(None%) PB=4.19(None%)
2026-09-07 22:25:40  [ 27] 00386 中国石油化工股份  完成  日J=47.46 周J=104.13 月J=36.56 MA20=4.541 MA60=4.325 多头=1 价=4.72 涨=-1.36%  PE=14.11(None%) PB=0.59(None%)
2026-09-07 22:25:40  [ 31] 03690 美团-W  完成  日J=92.72 周J=22.49 月J=47.92 MA20=83.047 MA60=81.723 多头=1 价=80.05 涨=-2.08%  PE=-11.59(None%) PB=2.54(None%)
2026-09-07 22:25:40  [ 28] 02388 中银香港  完成  日J=99.21 周J=102.49 月J=99.66 MA20=50.987 MA60=48.779 多头=1 价=52.8 涨=-0.09%  PE=13.39(None%) PB=1.55(None%)
2026-09-07 22:25:40  [ 29] 02888 渣打集团  完成  日J=97.57 周J=89.95 月J=99.25 MA20=233.75 MA60=225.592 多头=1 价=239.6 涨=0.93%  PE=12.38(None%) PB=1.45(None%)
2026-09-07 22:25:40  [ 30] 00388 香港交易所  完成  日J=7.02 周J=62.92 月J=59.87 MA20=412.26 MA60=397.24 多头=1 价=404.0 涨=-1.17%  PE=25.87(None%) PB=8.44(None%)
2026-09-07 22:25:41  [ 33] 02513 智谱  完成  日J=10.93 周J=13.18 月J=19.8 MA20=1121.75 MA60=1378.283 多头=0 价=1018.0 涨=-5.3%  PE=-94.64(None%) PB=89.25(None%)
2026-09-07 22:25:41  [ 34] 09633 农夫山泉  完成  日J=22.5 周J=46.2 月J=12.07 MA20=42.574 MA60=42.285 多头=1 价=41.84 涨=-1.32%  PE=24.2(None%) PB=11.0(None%)
2026-09-07 22:25:41  [ 36] 02259 紫金黄金国际  完成  日J=73.08 周J=107.22 月J=29.93 MA20=148.51 MA60=122.625 多头=1 价=159.7 涨=-1.96%  PE=21.64(None%) PB=5.84(None%)
2026-09-07 22:25:42  [ 35] 00998 中信银行  完成  日J=58.48 周J=102.09 月J=85.6 MA20=7.951 MA60=7.47 多头=1 价=8.28 涨=-2.42%  PE=5.65(None%) PB=0.54(None%)
2026-09-07 22:25:42  [ 38] 06030 中信证券  完成  日J=46.03 周J=33.67 月J=48.2 MA20=26.774 MA60=27.23 多头=0 价=26.78 涨=-1.83%  PE=9.28(None%) PB=1.17(None%)
2026-09-07 22:25:42  [ 37] 00728 中国电信  完成  日J=-12.28 周J=41.3 月J=24.91 MA20=4.748 MA60=4.631 多头=1 价=4.58 涨=-1.61%  PE=12.31(None%) PB=0.77(None%)
2026-09-07 22:25:42  [ 39] 00992 联想集团  完成  日J=95.41 周J=73.63 月J=96.29 MA20=30.913 MA60=26.035 多头=1 价=32.36 涨=-0.12%  PE=64.34(None%) PB=7.1(None%)
2026-09-07 22:25:42  [ 40] 00267 中信股份  完成  日J=77.69 周J=109.51 月J=82.07 MA20=12.765 MA60=12.11 多头=1 价=13.6 涨=-2.23%  PE=5.68(None%) PB=0.43(None%)
2026-09-07 22:25:43  [ 43] 03986 兆易创新  完成  日J=49.65 周J=16.27 月J=11.65 MA20=494.235 MA60=642.292 多头=0 价=491.6 涨=5.77%  PE=38.08(None%) PB=8.04(None%)
2026-09-07 22:25:43  [ 41] 02328 中国财险  完成  日J=73.84 周J=95.83 月J=89.91 MA20=16.224 MA60=15.462 多头=1 价=17.23 涨=-1.82%  PE=6.96(None%) PB=1.1(None%)
2026-09-07 22:25:43  [ 42] 03993 洛阳钼业  完成  日J=24.28 周J=43.64 月J=4.0 MA20=17.087 MA60=16.913 多头=1 价=16.37 涨=-0.49%  PE=11.08(None%) PB=3.39(None%)
2026-09-07 22:25:43  [ 45] 06809 澜起科技  完成  日J=43.51 周J=19.9 月J=31.12 MA20=274.48 MA60=319.743 多头=0 价=279.0 涨=6.65%  PE=97.19(None%) PB=13.76(None%)
2026-09-07 22:25:43  [ 47] 01276 恒瑞医药  完成  日J=48.27 周J=2.7 月J=-4.45 MA20=49.801 MA60=54.743 多头=0 价=46.94 涨=0.95%  PE=35.41(None%) PB=4.2(None%)
2026-09-07 22:25:43  [ 46] 06160 百济神州  完成  日J=15.93 周J=68.21 月J=77.03 MA20=220.28 MA60=195.865 多头=1 价=215.2 涨=-2.54%  PE=64.77(None%) PB=8.18(None%)
2026-09-07 22:25:44  [ 44] 00016 新鸿基地产  完成  日J=49.62 周J=55.96 月J=32.99 MA20=119.78 MA60=118.547 多头=1 价=119.2 涨=-0.25%  PE=15.7(None%) PB=0.56(None%)
2026-09-07 22:25:44  [ 48] 02601 中国太保  完成  日J=50.6 周J=88.45 月J=15.28 MA20=29.568 MA60=29.274 多头=1 价=30.28 涨=-3.81%  PE=4.54(None%) PB=0.79(None%)
2026-09-07 22:25:45  [ 49] 02338 潍柴动力  完成  日J=94.65 周J=44.15 月J=45.47 MA20=33.032 MA60=34.161 多头=0 价=32.96 涨=2.55%  PE=19.27(None%) PB=2.58(None%)
2026-09-07 22:25:45  [ 50] 02378 保诚  完成  日J=61.25 周J=23.48 月J=26.53 MA20=108.415 MA60=108.783 多头=0 价=108.4 涨=-1.54%  PE=9.53(None%) PB=1.75(None%)
2026-09-07 22:25:45  [ 51] 01339 中国人民保险集团  完成  日J=75.87 周J=91.5 月J=37.6 MA20=5.444 MA60=5.262 多头=1 价=6.05 涨=-3.12%  PE=4.12(None%) PB=0.68(None%)
2026-09-07 22:25:45  [ 52] 02611 国泰海通  完成  日J=29.62 周J=59.89 月J=38.71 MA20=14.942 MA60=14.899 多头=1 价=15.1 涨=-2.08%  PE=7.2(None%) PB=0.7(None%)
2026-09-07 22:25:45  [ 54] 09888 百度集团-W  完成  日J=39.06 周J=19.97 月J=-6.49 MA20=95.5 MA60=104.126 多头=0 价=91.4 涨=-4.69%  PE=-67.85(None%) PB=0.8(None%)
2026-09-07 22:25:45  [ 53] 00001 长和  完成  日J=37.48 周J=30.58 月J=79.66 MA20=70.205 MA60=69.961 多头=1 价=69.25 涨=-0.86%  PE=7.02(None%) PB=0.46(None%)
2026-09-07 22:25:45  [ 55] 01919 中远海控  完成  日J=-3.2 周J=63.07 月J=73.79 MA20=16.758 MA60=15.242 多头=1 价=16.27 涨=0.31%  PE=8.18(None%) PB=0.92(None%)
2026-09-07 22:25:45  [ 56] 00669 创科实业  完成  日J=39.29 周J=37.86 月J=79.88 MA20=138.66 MA60=132.39 多头=1 价=133.5 涨=-0.96%  PE=23.96(None%) PB=4.18(None%)
2026-09-07 22:25:46  [ 57] 06951 三环集团  完成  日J=74.62 周J=69.38 月J=None MA20=115.1 MA60=None 多头=None 价=121.0 涨=12.14%  PE=64.14(None%) PB=8.89(None%)
2026-09-07 22:25:46  [ 58] 02714 牧原股份  完成  日J=106.35 周J=113.8 月J=43.6 MA20=35.072 MA60=32.904 多头=1 价=39.88 涨=1.94%  PE=-164.67(None%) PB=2.53(None%)
2026-09-07 22:25:46  [ 62] 02476 胜宏科技  完成  日J=18.6 周J=46.28 月J=3.17 MA20=228.545 MA60=259.625 多头=0 价=216.2 涨=9.47%  PE=37.19(None%) PB=4.87(None%)
2026-09-07 22:25:46  [ 60] 03692 翰森制药  完成  日J=94.42 周J=99.05 月J=40.24 MA20=34.113 MA60=32.44 多头=1 价=36.28 涨=0.11%  PE=28.89(None%) PB=5.06(None%)
2026-09-07 22:25:46  [ 59] 01378 中国宏桥  完成  日J=52.17 周J=71.13 月J=-3.12 MA20=23.225 MA60=22.851 多头=1 价=23.16 涨=-1.03%  PE=7.26(None%) PB=1.48(None%)
2026-09-07 22:25:47  [ 61] 01109 华润置地  完成  日J=26.74 周J=23.57 月J=14.14 MA20=32.932 MA60=32.852 多头=1 价=29.88 涨=-2.03%  PE=8.06(None%) PB=0.63(None%)
2026-09-07 22:25:47  [ 64] 09992 泡泡玛特  完成  日J=38.88 周J=52.44 月J=5.08 MA20=153.755 MA60=158.22 多头=0 价=156.2 涨=1.43%  PE=13.93(None%) PB=7.84(None%)
2026-09-07 22:25:47  [ 63] 02020 安踏体育  完成  日J=45.1 周J=49.96 月J=50.44 MA20=74.865 MA60=74.267 多头=1 价=75.85 涨=-0.33%  PE=11.62(None%) PB=2.57(None%)
2026-09-07 22:25:48  [ 66] 02269 药明生物  完成  日J=2.65 周J=70.23 月J=80.37 MA20=48.722 MA60=40.803 多头=1 价=48.48 涨=-1.42%  PE=35.47(None%) PB=3.63(None%)
2026-09-07 22:25:48  [ 65] 00066 港铁公司  完成  日J=83.07 周J=80.77 月J=30.96 MA20=32.796 MA60=32.174 多头=1 价=33.12 涨=0.55%  PE=9.03(None%) PB=1.01(None%)
2026-09-07 22:25:48  [ 68] 06690 海尔智家  完成  日J=51.05 周J=48.69 月J=18.74 MA20=21.248 MA60=21.015 多头=1 价=21.12 涨=-2.31%  PE=9.66(None%) PB=1.44(None%)
2026-09-07 22:25:48  [ 70] 06031 三一重工  完成  日J=81.31 周J=57.32 月J=15.83 MA20=19.051 MA60=19.631 多头=0 价=19.8 涨=-1.3%  PE=17.95(None%) PB=1.72(None%)
2026-09-07 22:25:48  [ 67] 01347 华虹宏力  完成  日J=39.3 周J=-0.44 月J=21.06 MA20=122.44 MA60=148.548 多头=0 价=115.1 涨=4.92%  PE=249.29(None%) PB=3.57(None%)
2026-09-07 22:25:48  [ 69] 00002 中电控股  完成  日J=28.81 周J=42.85 月J=82.79 MA20=78.292 MA60=76.614 多头=1 价=77.15 涨=-0.13%  PE=17.98(None%) PB=1.76(None%)
2026-09-07 22:25:48  [ 72] 01801 信达生物  完成  日J=4.85 周J=67.19 月J=78.1 MA20=100.595 MA60=90.901 多头=1 价=101.3 涨=-1.07%  PE=123.72(None%) PB=7.37(None%)
2026-09-07 22:25:49  [ 71] 00175 吉利汽车  完成  日J=1.68 周J=-0.59 月J=11.85 MA20=17.992 MA60=18.41 多头=0 价=16.79 涨=-2.84%  PE=9.54(None%) PB=1.66(None%)
2026-09-07 22:25:49  [ 73] 00762 中国联通  完成  日J=41.25 周J=13.24 月J=3.6 MA20=5.861 MA60=6.335 多头=0 价=5.67 涨=0.62%  PE=9.6(None%) PB=0.4(None%)
2026-09-07 22:25:49  [ 75] 03288 海天味业  完成  日J=8.75 周J=0.61 月J=0.19 MA20=30.647 MA60=31.029 多头=0 价=28.34 涨=-0.56%  PE=19.91(None%) PB=3.68(None%)
2026-09-07 22:25:49  [ 74] 01038 长江基建集团  完成  日J=74.27 周J=90.16 月J=83.34 MA20=64.68 MA60=61.987 多头=1 价=65.85 涨=1.23%  PE=6.59(None%) PB=1.12(None%)
2026-09-07 22:25:50  [ 78] 06936 顺丰控股  完成  日J=27.5 周J=22.37 月J=36.23 MA20=32.142 MA60=31.822 多头=1 价=31.1 涨=-1.71%  PE=13.23(None%) PB=1.38(None%)
2026-09-07 22:25:50  [ 76] 06818 中国光大银行  完成  日J=11.97 周J=6.3 月J=0.99 MA20=2.961 MA60=3.062 多头=0 价=2.81 涨=-2.09%  PE=4.42(None%) PB=0.28(None%)
2026-09-07 22:25:50  [ 77] 01113 长实集团  完成  日J=85.19 周J=65.95 月J=47.92 MA20=46.376 MA60=46.307 多头=1 价=46.92 涨=-0.89%  PE=12.41(None%) PB=0.41(None%)
2026-09-07 22:25:50  [ 79] 00788 中国铁塔  完成  日J=43.17 周J=8.43 月J=7.42 MA20=9.26 MA60=9.387 多头=0 价=9.15 涨=0.99%  PE=10.61(None%) PB=0.68(None%)
2026-09-07 22:25:50  [ 80] 06886 华泰证券  完成  日J=75.92 周J=98.52 月J=39.71 MA20=17.166 MA60=16.974 多头=1 价=17.7 涨=-2.05%  PE=6.85(None%) PB=0.78(None%)
2026-09-07 22:25:51  [ 81] 02423 贝壳-W  完成  日J=24.82 周J=75.37 月J=70.0 MA20=45.793 MA60=43.049 多头=1 价=45.78 涨=-4.55%  PE=29.05(None%) PB=2.1(None%)
2026-09-07 22:25:51  [ 82] 01766 中国中车  完成  日J=73.25 周J=112.78 月J=53.01 MA20=5.207 MA60=4.998 多头=1 价=5.42 涨=1.02%  PE=9.82(None%) PB=0.77(None%)
2026-09-07 22:25:51  [ 83] 01988 民生银行  完成  日J=82.28 周J=76.17 月J=38.66 MA20=3.461 MA60=3.433 多头=1 价=3.54 涨=-1.94%  PE=4.71(None%) PB=0.23(None%)
2026-09-07 22:25:51  [ 84] 01816 中广核电力  完成  日J=80.02 周J=104.59 月J=23.69 MA20=2.913 MA60=2.853 多头=1 价=3.04 涨=-1.62%  PE=13.56(None%) PB=1.08(None%)
2026-09-07 22:25:51  [ 85] 01336 新华保险  完成  日J=75.62 周J=92.59 月J=10.69 MA20=47.124 MA60=47.987 多头=0 价=49.1 涨=-2.96%  PE=3.05(None%) PB=1.08(None%)
2026-09-07 22:25:51  [ 86] 02600 中国铝业  完成  日J=82.77 周J=100.84 月J=-1.96 MA20=8.515 MA60=8.297 多头=1 价=8.82 涨=0.74%  PE=7.59(None%) PB=1.56(None%)
2026-09-07 22:25:52  [ 87] 01888 建滔积层板  完成  日J=85.87 周J=48.38 月J=22.14 MA20=40.951 MA60=54.084 多头=0 价=47.68 涨=7.82%  PE=34.19(None%) PB=8.19(None%)
2026-09-07 22:25:52  [ 88] 03606 福耀玻璃  完成  日J=87.76 周J=69.4 月J=39.03 MA20=56.163 MA60=54.44 多头=1 价=56.55 涨=0.35%  PE=15.35(None%) PB=3.36(None%)
2026-09-07 22:25:52  [ 90] 01377 鼎泰高科  完成  日J=52.74 周J=39.91 月J=None MA20=345.43 MA60=None 多头=None 价=347.2 涨=8.5%  PE=135.47(None%) PB=39.72(None%)
2026-09-07 22:25:52  [ 89] 00027 银河娱乐  完成  日J=46.39 周J=61.75 月J=26.65 MA20=34.404 MA60=32.503 多头=1 价=33.7 涨=-0.59%  PE=13.78(None%) PB=1.74(None%)
2026-09-07 22:25:53  [ 91] 01024 快手-W  完成  日J=42.56 周J=1.22 月J=-8.24 MA20=35.983 MA60=41.217 多头=0 价=33.98 涨=0.95%  PE=8.25(None%) PB=1.55(None%)
2026-09-07 22:25:53  [ 93] 09973 奇瑞汽车  完成  日J=9.92 周J=45.22 月J=15.77 MA20=25.74 MA60=25.67 多头=1 价=25.2 涨=-0.63%  PE=7.22(None%) PB=2.35(None%)
2026-09-07 22:25:53  [ 92] 01898 中煤能源  完成  日J=-6.62 周J=70.66 月J=13.99 MA20=11.403 MA60=10.869 多头=1 价=11.05 涨=-2.21%  PE=8.4(None%) PB=0.76(None%)
2026-09-07 22:25:53  [ 94] 06869 长飞光纤光缆  完成  日J=62.63 周J=91.18 月J=37.56 MA20=151.45 MA60=163.718 多头=0 价=175.2 涨=9.91%  PE=36.78(None%) PB=7.7(None%)
2026-09-07 22:25:53  [ 95] 01776 广发证券  完成  日J=48.08 周J=86.43 月J=76.62 MA20=17.782 MA60=17.355 多头=1 价=18.37 涨=-2.03%  PE=6.69(None%) PB=0.9(None%)
2026-09-07 22:25:53  [ 96] 00688 中国海外发展  完成  日J=33.67 周J=41.11 月J=22.16 MA20=13.516 MA60=13.367 多头=1 价=12.91 涨=-1.97%  PE=11.11(None%) PB=0.31(None%)
2026-09-07 22:25:54  [ 97] 01972 太古地产  完成  日J=63.22 周J=85.38 月J=52.38 MA20=24.438 MA60=22.801 多头=1 价=24.42 涨=-1.37%  PE=42.61(None%) PB=0.52(None%)
2026-09-07 22:25:54  [ 98] 00003 香港中华煤气  完成  日J=7.63 周J=69.32 月J=52.34 MA20=7.132 MA60=6.888 多头=1 价=7.18 涨=1.13%  PE=21.05(None%) PB=2.23(None%)
2026-09-07 22:25:54  [ 99] 06099 招商证券  完成  日J=37.06 周J=43.92 月J=50.45 MA20=15.245 MA60=15.819 多头=0 价=15.28 涨=-3.05%  PE=6.57(None%) PB=0.92(None%)
2026-09-07 22:25:54  [100] 01171 兖矿能源  完成  日J=12.38 周J=92.1 月J=35.51 MA20=12.983 MA60=12.165 多头=1 价=12.96 涨=-2.56%  PE=10.0(None%) PB=1.48(None%)
2026-09-07 22:25:54  [102] 06613 蓝思科技  完成  日J=34.0 周J=84.51 月J=52.61 MA20=23.473 MA60=23.596 多头=0 价=24.34 涨=2.1%  PE=None(None%) PB=None(None%)
2026-09-07 22:25:55  [101] 00012 恒基地产  完成  日J=1.62 周J=33.53 月J=3.81 MA20=27.773 MA60=27.043 多头=1 价=26.56 涨=-0.6%  PE=None(None%) PB=None(None%)
2026-09-07 22:25:55  [103] 00358 江西铜业股份  完成  日J=13.88 周J=70.73 月J=18.14 MA20=37.233 MA60=35.183 多头=1 价=36.6 涨=0.05%  PE=None(None%) PB=None(None%)
2026-09-07 22:25:55  全部完成，结果已写入 /home/runner/work/daily-stock-metrics/daily-stock-metrics/output_hk/2026-09-07/metrics_2026-09-07.csv
2026-09-07 22:25:55  步骤2完成 -> /home/runner/work/daily-stock-metrics/daily-stock-metrics/output_hk/2026-09-07/metrics_2026-09-07.csv
2026-09-07 22:25:55  步骤3: 生成 HTML 总结报告...
2026-09-07 22:25:56  步骤3完成 -> /home/runner/work/daily-stock-metrics/daily-stock-metrics/output_hk/2026-09-07/report_2026-09-07.html
2026-09-07 22:25:56  步骤4: 发送邮件报告...
2026-09-07 22:25:59  步骤4完成: 邮件已发送
2026-09-07 22:25:59  ===== 全部完成 2026-09-07 =====
2026-09-07 22:55:02  今日(2026-09-07)已完成，跳过。结果目录: /home/runner/work/daily-stock-metrics/daily-stock-metrics/output_hk/2026-09-07
2026-09-07 23:10:22  今日(2026-09-07)已完成，跳过。结果目录: /home/runner/work/daily-stock-metrics/daily-stock-metrics/output_hk/2026-09-07
