2026-08-12 17:22:19  ===== 开始每日港股通指标任务 2026-08-12 =====
2026-08-12 17:22:19  步骤1: 获取港股通总市值前100标的...
获取港股通标的列表(共取市值前 100 只)...
接口返回 100 只港股通标的
2026-08-12 17:22:20  步骤1完成 -> C:\Users\hailo\Desktop\每周自动指标\output_hk\2026-08-12\hk_list_2026-08-12.csv
2026-08-12 17:22:20  步骤2: 计算 KDJ-J(日/周/月)...
2026-08-12 17:22:22  [  1] 00700 腾讯控股  完成  日J=7.64 周J=77.53 月J=10.78 价=461.6 涨=-1.95%  PE=15.71(None%) PB=3.21(None%)
2026-08-12 17:22:23  [  2] 03750 宁德时代  完成  日J=46.55 周J=32.82 月J=55.69 价=654.0 涨=0.38%  PE=31.41(None%) PB=6.93(None%)
2026-08-12 17:22:25  [  3] 00005 汇丰控股  完成  日J=19.49 周J=71.45 月J=91.77 价=161.4 涨=-0.19%  PE=14.71(None%) PB=2.04(None%)
2026-08-12 17:22:26  [  4] 01398 工商银行  完成  日J=-2.03 周J=74.58 月J=70.82 价=7.16 涨=-0.42%  PE=6.14(None%) PB=0.57(None%)
2026-08-12 17:22:27  [  5] 09988 阿里巴巴-W  完成  日J=65.65 周J=100.07 月J=25.83 价=122.6 涨=-3.01%  PE=20.04(None%) PB=1.94(None%)
2026-08-12 17:22:28  [  6] 00939 建设银行  完成  日J=-0.49 周J=75.61 月J=72.84 价=8.75 涨=-0.85%  PE=5.98(None%) PB=0.57(None%)
2026-08-12 17:22:30  [  7] 01288 农业银行  完成  日J=-6.66 周J=60.18 月J=55.26 价=5.79 涨=-1.03%  PE=6.15(None%) PB=0.63(None%)
2026-08-12 17:22:31  [  8] 00941 中国移动  完成  日J=-8.73 周J=78.91 月J=47.89 价=81.7 涨=0.0%  PE=11.67(None%) PB=1.07(None%)
2026-08-12 17:22:32  [  9] 00857 中国石油股份  完成  日J=27.4 周J=69.12 月J=25.52 价=9.51 涨=-2.31%  PE=9.81(None%) PB=0.95(None%)
2026-08-12 17:22:33  [ 10] 03988 中国银行  完成  日J=-7.8 周J=59.93 月J=74.59 价=5.21 涨=-1.05%  PE=6.11(None%) PB=0.54(None%)
2026-08-12 17:22:35  [ 11] 03968 招商银行  完成  日J=-9.4 周J=75.58 月J=47.84 价=48.02 涨=-0.66%  PE=7.18(None%) PB=0.94(None%)
2026-08-12 17:22:36  [ 12] 00883 中国海洋石油  完成  日J=82.62 周J=83.5 月J=20.27 价=23.96 涨=-1.16%  PE=8.14(None%) PB=1.2(None%)
2026-08-12 17:22:37  [ 13] 02318 中国平安  完成  日J=-12.58 周J=85.11 月J=8.36 价=55.55 涨=-0.63%  PE=6.78(None%) PB=0.87(None%)
2026-08-12 17:22:38  [ 14] 02899 紫金矿业  完成  日J=63.76 周J=104.55 月J=23.66 价=35.92 涨=1.53%  PE=13.83(None%) PB=4.27(None%)
2026-08-12 17:22:40  [ 15] 01088 中国神华  完成  日J=60.06 周J=69.26 月J=29.85 价=43.0 涨=-2.01%  PE=15.81(None%) PB=1.66(None%)
2026-08-12 17:22:41  [ 16] 01211 比亚迪股份  完成  日J=-1.32 周J=91.15 月J=50.14 价=89.6 涨=-0.11%  PE=26.51(None%) PB=3.11(None%)
2026-08-12 17:22:42  [ 17] 02628 中国人寿  完成  日J=-13.83 周J=24.4 月J=18.39 价=27.06 涨=-0.51%  PE=4.74(None%) PB=1.13(None%)
2026-08-12 17:22:43  [ 18] 01299 友邦保险  完成  日J=11.53 周J=45.63 月J=5.0 价=72.65 涨=-0.27%  PE=15.49(None%) PB=2.27(None%)
2026-08-12 17:22:45  [ 19] 00300 美的集团  完成  日J=18.87 周J=95.18 月J=83.88 价=96.1 涨=-0.93%  PE=14.8(None%) PB=2.78(None%)
2026-08-12 17:22:46  [ 20] 01810 小米集团-W  完成  日J=-1.61 周J=60.97 月J=21.28 价=26.36 涨=-1.13%  PE=17.14(None%) PB=2.27(None%)
2026-08-12 17:22:47  [ 21] 03328 交通银行  完成  日J=13.42 周J=64.16 月J=68.76 价=7.25 涨=-0.68%  PE=5.94(None%) PB=0.49(None%)
2026-08-12 17:22:48  [ 22] 09999 网易  完成  日J=2.95 周J=40.53 月J=43.11 价=192.5 涨=-5.08%  PE=16.13(None%) PB=3.29(None%)
2026-08-12 17:22:49  [ 23] 02359 药明康德  完成  日J=96.25 周J=102.64 月J=97.13 价=198.9 涨=-0.1%  PE=23.65(None%) PB=6.14(None%)
2026-08-12 17:22:51  [ 24] 01658 邮储银行  完成  日J=0.39 周J=53.07 月J=28.87 价=4.81 涨=-0.72%  PE=5.86(None%) PB=0.49(None%)
2026-08-12 17:22:52  [ 25] 00981 中芯国际  完成  日J=81.85 周J=6.52 月J=40.45 价=67.4 涨=3.22%  PE=106.53(None%) PB=3.18(None%)
2026-08-12 17:22:53  [ 26] 03690 美团-W  完成  日J=37.78 周J=107.01 月J=71.33 价=91.65 涨=-1.5%  PE=-12.72(None%) PB=3.33(None%)
2026-08-12 17:22:54  [ 27] 02513 智谱  完成  日J=91.23 周J=3.99 月J=28.56 价=1208.0 涨=1.34%  PE=-108.13(None%) PB=-5.43(None%)
2026-08-12 17:22:55  [ 28] 02388 中银香港  完成  日J=19.41 周J=85.54 月J=82.08 价=49.82 涨=-1.05%  PE=13.13(None%) PB=1.47(None%)
2026-08-12 17:22:57  [ 29] 00388 香港交易所  完成  日J=21.2 周J=104.69 月J=45.52 价=406.6 涨=0.3%  PE=27.33(None%) PB=9.35(None%)
2026-08-12 17:22:58  [ 30] 00386 中国石油化工股份  完成  日J=4.27 周J=81.64 月J=2.83 价=4.25 涨=-1.28%  PE=12.6(None%) PB=0.55(None%)
2026-08-12 17:22:59  [ 31] 02888 渣打集团  完成  日J=62.05 周J=86.77 月J=96.57 价=233.8 涨=-0.34%  PE=12.11(None%) PB=1.41(None%)
2026-08-12 17:23:00  [ 32] 02475 立讯精密  完成  日J=83.76 周J=81.11 月J=None 价=63.65 涨=3.33%  PE=25.62(None%) PB=4.64(None%)
2026-08-12 17:23:01  [ 33] 09633 农夫山泉  完成  日J=28.5 周J=58.85 月J=10.45 价=42.68 涨=-1.02%  PE=27.32(None%) PB=10.98(None%)
2026-08-12 17:23:03  [ 34] 00728 中国电信  完成  日J=21.36 周J=49.61 月J=17.8 价=4.61 涨=0.88%  PE=11.88(None%) PB=0.79(None%)
2026-08-12 17:23:04  [ 35] 06030 中信证券  完成  日J=40.04 周J=36.9 月J=46.01 价=26.94 涨=-1.32%  PE=11.16(None%) PB=1.21(None%)
2026-08-12 17:23:06  [ 36] 00998 中信银行  完成  日J=5.87 周J=80.6 月J=35.9 价=7.42 涨=0.14%  PE=5.17(None%) PB=0.49(None%)
2026-08-12 17:23:07  [ 37] 03993 洛阳钼业  完成  日J=55.79 周J=73.94 月J=13.85 价=18.1 涨=1.12%  PE=14.33(None%) PB=3.85(None%)
2026-08-12 17:23:08  [ 38] 01276 恒瑞医药  完成  日J=21.06 周J=53.15 月J=7.85 价=56.05 涨=-2.69%  PE=40.92(None%) PB=5.16(None%)
2026-08-12 17:23:09  [ 39] 02259 紫金黄金国际  完成  日J=66.13 周J=104.41 月J=8.44 价=135.6 涨=1.35%  PE=29.12(None%) PB=5.57(None%)
2026-08-12 17:23:11  [ 40] 03986 兆易创新  完成  日J=69.09 周J=-3.91 月J=22.1 价=515.0 涨=5.1%  PE=112.05(None%) PB=12.61(None%)
2026-08-12 17:23:12  [ 41] 00992 联想集团  完成  日J=104.53 周J=96.58 月J=108.15 价=29.04 涨=1.75%  PE=24.04(None%) PB=6.02(None%)
2026-08-12 17:23:13  [ 42] 00267 中信股份  完成  日J=10.39 周J=53.16 月J=31.09 价=11.89 涨=-0.42%  PE=5.32(None%) PB=0.4(None%)
2026-08-12 17:23:14  [ 43] 06809 澜起科技  完成  日J=56.79 周J=3.59 月J=40.62 价=283.0 涨=7.6%  PE=120.54(None%) PB=14.65(None%)
2026-08-12 17:23:16  [ 44] 02328 中国财险  完成  日J=-8.82 周J=72.42 月J=38.74 价=15.52 涨=-0.58%  PE=8.18(None%) PB=1.04(None%)
2026-08-12 17:23:17  [ 45] 00016 新鸿基地产  完成  日J=32.81 周J=49.15 月J=35.04 价=117.6 涨=1.03%  PE=15.49(None%) PB=0.55(None%)
2026-08-12 17:23:18  [ 46] 06160 百济神州  完成  日J=93.18 周J=105.63 月J=74.07 价=216.6 涨=-1.01%  PE=65.2(None%) PB=9.83(None%)
2026-08-12 17:23:20  [ 47] 02338 潍柴动力  完成  日J=86.67 周J=53.97 月J=61.24 价=36.4 涨=2.25%  PE=24.84(None%) PB=2.94(None%)
2026-08-12 17:23:21  [ 48] 02601 中国太保  完成  日J=-10.62 周J=51.54 月J=2.11 价=28.72 涨=-0.14%  PE=4.59(None%) PB=0.76(None%)
2026-08-12 17:23:22  [ 49] 00001 长和  完成  日J=21.45 周J=87.82 月J=88.77 价=71.25 涨=-1.86%  PE=23.05(None%) PB=0.48(None%)
2026-08-12 17:23:23  [ 50] 02378 保诚  完成  日J=-5.83 周J=48.71 月J=27.36 价=107.1 涨=-0.28%  PE=8.65(None%) PB=1.74(None%)
2026-08-12 17:23:25  [ 51] 00669 创科实业  完成  日J=79.26 周J=93.28 月J=100.25 价=144.8 涨=0.21%  PE=25.99(None%) PB=4.53(None%)
2026-08-12 17:23:26  [ 52] 02611 国泰海通  完成  日J=10.46 周J=11.21 月J=21.42 价=14.25 涨=0.49%  PE=10.12(None%) PB=0.68(None%)
2026-08-12 17:23:27  [ 53] 01109 华润置地  完成  日J=71.12 周J=67.87 月J=54.0 价=35.0 涨=6.97%  PE=8.87(None%) PB=0.78(None%)
2026-08-12 17:23:28  [ 54] 02476 胜宏科技  完成  日J=101.45 周J=28.01 月J=14.0 价=253.8 涨=4.88%  PE=47.64(None%) PB=11.23(None%)
2026-08-12 17:23:29  [ 55] 01347 华虹宏力  完成  日J=85.05 周J=1.86 月J=47.69 价=142.8 涨=7.13%  PE=441.6(None%) PB=4.7(None%)
2026-08-12 17:23:31  [ 56] 01378 中国宏桥  完成  日J=70.76 周J=70.6 月J=0.05 价=24.44 涨=1.66%  PE=9.58(None%) PB=1.65(None%)
2026-08-12 17:23:32  [ 57] 06951 三环集团  完成  日J=99.42 周J=95.1 月J=None 价=120.0 涨=2.21%  PE=74.47(None%) PB=9.07(None%)
2026-08-12 17:23:33  [ 58] 01919 中远海控  完成  日J=40.62 周J=99.11 月J=63.57 价=15.28 涨=-0.97%  PE=8.29(None%) PB=0.88(None%)
2026-08-12 17:23:35  [ 59] 01339 中国人民保险集团  完成  日J=-11.84 周J=69.72 月J=2.53 价=5.12 涨=-0.39%  PE=4.79(None%) PB=0.63(None%)
2026-08-12 17:23:36  [ 60] 02020 安踏体育  完成  日J=6.66 周J=59.23 月J=34.57 价=72.8 涨=-2.28%  PE=13.53(None%) PB=2.8(None%)
2026-08-12 17:23:37  [ 61] 03692 翰森制药  完成  日J=68.48 周J=76.0 月J=14.76 价=33.5 涨=-3.79%  PE=33.03(None%) PB=5.18(None%)
2026-08-12 17:23:38  [ 62] 09992 泡泡玛特  完成  日J=-3.17 周J=11.26 月J=0.86 价=151.0 涨=-1.11%  PE=14.22(None%) PB=8.22(None%)
2026-08-12 17:23:40  [ 63] 00066 港铁公司  完成  日J=33.95 周J=74.71 月J=27.35 价=32.3 涨=-0.8%  PE=13.7(None%) PB=1.05(None%)
2026-08-12 17:23:41  [ 64] 02714 牧原股份  完成  日J=104.63 周J=101.99 月J=16.94 价=34.48 涨=0.12%  PE=18.26(None%) PB=2.04(None%)
2026-08-12 17:23:42  [ 65] 06690 海尔智家  完成  日J=9.99 周J=55.66 月J=15.94 价=21.08 涨=-2.04%  PE=9.43(None%) PB=1.39(None%)
2026-08-12 17:23:44  [ 66] 00002 中电控股  完成  日J=95.8 周J=103.8 月J=97.89 价=77.9 涨=-0.64%  PE=18.15(None%) PB=1.78(None%)
2026-08-12 17:23:46  [ 67] 00175 吉利汽车  完成  日J=-1.47 周J=51.13 月J=25.43 价=18.06 涨=-0.77%  PE=11.31(None%) PB=1.81(None%)
2026-08-12 17:23:48  [ 68] 00762 中国联通  完成  日J=-11.72 周J=25.48 月J=6.11 价=6.33 涨=-0.24%  PE=8.74(None%) PB=0.47(None%)
2026-08-12 17:23:49  [ 69] 03288 海天味业  完成  日J=32.37 周J=84.84 月J=38.97 价=32.42 涨=0.37%  PE=23.21(None%) PB=3.99(None%)
2026-08-12 17:23:50  [ 70] 02269 药明生物  完成  日J=78.09 周J=99.84 月J=75.1 价=45.7 涨=-0.61%  PE=34.86(None%) PB=3.61(None%)
2026-08-12 17:23:51  [ 71] 01024 快手-W  完成  日J=-4.12 周J=34.32 月J=-8.29 价=41.54 涨=-2.58%  PE=9.18(None%) PB=1.94(None%)
2026-08-12 17:23:53  [ 72] 06818 中国光大银行  完成  日J=-8.42 周J=26.34 月J=11.37 价=2.99 涨=-0.33%  PE=4.16(None%) PB=0.31(None%)
2026-08-12 17:23:54  [ 73] 06031 三一重工  完成  日J=-6.39 周J=47.8 月J=8.55 价=19.0 涨=-0.26%  PE=18.5(None%) PB=1.7(None%)
2026-08-12 17:23:55  [ 74] 06936 顺丰控股  完成  日J=33.25 周J=95.75 月J=53.77 价=32.74 涨=-1.5%  PE=13.5(None%) PB=1.45(None%)
2026-08-12 17:23:56  [ 75] 01801 信达生物  完成  日J=95.52 周J=89.61 月J=71.66 价=95.55 涨=0.0%  PE=184.97(None%) PB=7.73(None%)
2026-08-12 17:23:58  [ 76] 00788 中国铁塔  完成  日J=3.29 周J=72.11 月J=8.32 价=9.31 涨=-4.17%  PE=10.8(None%) PB=0.69(None%)
2026-08-12 17:23:59  [ 77] 01113 长实集团  完成  日J=9.15 周J=73.38 月J=51.87 价=46.42 涨=-0.56%  PE=14.98(None%) PB=0.41(None%)
2026-08-12 17:24:00  [ 78] 02423 贝壳-W  完成  日J=79.43 周J=94.78 月J=58.46 价=45.5 涨=1.52%  PE=41.36(None%) PB=2.2(None%)
2026-08-12 17:24:02  [ 79] 01038 长江基建集团  完成  日J=15.57 周J=81.32 月J=55.75 价=61.0 涨=-0.49%  PE=18.6(None%) PB=1.04(None%)
2026-08-12 17:24:03  [ 80] 01377 鼎泰高科  完成  日J=53.48 周J=50.43 月J=None 价=356.0 涨=1.08%  PE=216.72(None%) PB=44.41(None%)
2026-08-12 17:24:04  [ 81] 02600 中国铝业  完成  日J=59.82 周J=46.44 月J=-4.62 价=8.78 涨=2.69%  PE=9.15(None%) PB=1.65(None%)
2026-08-12 17:24:05  [ 82] 00688 中国海外发展  完成  日J=67.13 周J=39.37 月J=40.27 价=13.76 涨=4.48%  PE=10.72(None%) PB=0.35(None%)
2026-08-12 17:24:07  [ 83] 06886 华泰证券  完成  日J=28.64 周J=38.83 月J=19.66 价=16.62 涨=1.09%  PE=7.64(None%) PB=0.74(None%)
2026-08-12 17:24:08  [ 84] 00027 银河娱乐  完成  日J=48.28 周J=108.27 月J=21.43 价=34.2 涨=3.7%  PE=13.98(None%) PB=1.77(None%)
2026-08-12 17:24:10  [ 85] 01988 民生银行  完成  日J=4.24 周J=74.86 月J=24.3 价=3.42 涨=0.0%  PE=4.53(None%) PB=0.23(None%)
2026-08-12 17:24:11  [ 86] 09973 奇瑞汽车  完成  日J=4.51 周J=57.83 月J=19.97 价=25.4 涨=-0.55%  PE=7.11(None%) PB=2.36(None%)
2026-08-12 17:24:12  [ 87] 03606 福耀玻璃  完成  日J=4.08 周J=84.37 月J=34.12 价=56.2 涨=0.18%  PE=14.6(None%) PB=3.31(None%)
2026-08-12 17:24:13  [ 88] 01898 中煤能源  完成  日J=77.08 周J=53.32 月J=3.62 价=10.93 涨=-2.41%  PE=9.0(None%) PB=0.78(None%)
2026-08-12 17:24:15  [ 89] 01766 中国中车  完成  日J=-5.66 周J=62.99 月J=22.85 价=5.01 涨=0.1%  PE=9.51(None%) PB=0.72(None%)
2026-08-12 17:24:16  [ 90] 01336 新华保险  完成  日J=-6.37 周J=39.39 月J=-1.2 价=45.96 涨=0.48%  PE=3.48(None%) PB=1.02(None%)
2026-08-12 17:24:17  [ 91] 01816 中广核电力  完成  日J=6.5 周J=58.75 月J=2.2 价=2.82 涨=-1.4%  PE=13.38(None%) PB=1.0(None%)
2026-08-12 17:24:18  [ 92] 02057 中通快递-W  完成  日J=5.36 周J=64.58 月J=52.12 价=182.5 涨=-1.46%  PE=13.54(None%) PB=2.0(None%)
2026-08-12 17:24:20  [ 93] 01972 太古地产  完成  日J=74.36 周J=108.87 月J=40.33 价=24.08 涨=0.67%  PE=42.01(None%) PB=0.51(None%)
2026-08-12 17:24:21  [ 94] 01776 广发证券  完成  日J=55.44 周J=45.41 月J=46.43 价=17.21 涨=1.24%  PE=7.69(None%) PB=0.86(None%)
2026-08-12 17:24:22  [ 95] 00012 恒基地产  完成  日J=20.93 周J=72.87 月J=9.85 价=27.34 涨=0.22%  PE=23.41(None%) PB=0.41(None%)
2026-08-12 17:24:23  [ 96] 00358 江西铜业股份  完成  日J=64.84 周J=85.67 月J=16.43 价=37.98 涨=0.9%  PE=14.24(None%) PB=1.38(None%)
2026-08-12 17:24:24  [ 97] 06099 招商证券  完成  日J=55.52 周J=6.92 月J=43.05 价=14.98 涨=0.2%  PE=8.76(None%) PB=0.93(None%)
2026-08-12 17:24:26  [ 98] 09987 百胜中国  完成  日J=23.17 周J=96.91 月J=35.93 价=375.4 涨=-0.16%  PE=16.96(None%) PB=3.08(None%)
2026-08-12 17:24:27  [ 99] 06990 科伦博泰生物  完成  日J=87.8 周J=90.28 月J=79.65 价=528.5 涨=0.0%  PE=-298.71(None%) PB=22.87(None%)
2026-08-12 17:24:28  [100] 00003 香港中华煤气  完成  日J=-3.18 周J=61.36 月J=16.51 价=6.75 涨=-0.95%  PE=22.16(None%) PB=2.12(None%)
2026-08-12 17:24:29  全部完成，结果已写入 C:\Users\hailo\Desktop\每周自动指标\output_hk\2026-08-12\metrics_2026-08-12.csv
2026-08-12 17:24:29  步骤2完成 -> C:\Users\hailo\Desktop\每周自动指标\output_hk\2026-08-12\metrics_2026-08-12.csv
2026-08-12 17:24:29  步骤3: 生成 HTML 总结报告...
2026-08-12 17:24:29  步骤3完成 -> C:\Users\hailo\Desktop\每周自动指标\output_hk\2026-08-12\report_2026-08-12.html
2026-08-12 17:24:29  步骤4: 发送邮件报告...
2026-08-12 17:24:32  步骤4完成: 邮件已发送
2026-08-12 17:24:32  ===== 全部完成 2026-08-12 =====
2026-08-12 19:00:17  今日(2026-08-12)已完成，跳过。结果目录: C:\Users\hailo\Desktop\每周自动指标\output_hk\2026-08-12
