2026-07-28 19:23:21  ===== 开始每日指标任务 2026-07-28 =====
2026-07-28 19:23:21  步骤1: 获取 A股市值前100…
2026-07-28 19:23:23  步骤1完成 -> C:\Users\hailo\Desktop\每周自动指标\output\2026-07-28\top100_2026-07-28.csv
2026-07-28 19:23:23  步骤2: 计算 KDJ-J(日/周/月) 及 PE/PB 历史分位…
2026-07-28 19:23:26  [  1] 688825 C长鑫  完成  日J=None 周J=None 月J=None  PE=111.48(50.0%) PB=38.46(50.0%)
2026-07-28 19:23:28  [  2] 601398 工商银行  完成  日J=96.57 周J=109.08 月J=68.01 价=7.97 涨=3.1%  PE=7.65(95.04%) PB=0.72(67.28%)
2026-07-28 19:23:29  [  3] 601939 建设银行  完成  日J=89.98 周J=97.37 月J=92.91 价=10.64 涨=2.7%  PE=8.14(97.59%) PB=0.78(72.86%)
2026-07-28 19:23:30  [  4] 601288 农业银行  完成  日J=100.52 周J=107.58 月J=15.34 价=6.96 涨=3.57%  PE=8.28(94.32%) PB=0.86(88.88%)
2026-07-28 19:23:32  [  5] 600941 中国移动  完成  日J=77.36 周J=86.34 月J=36.68 价=96.35 涨=2.08%  PE=15.38(41.58%) PB=1.47(32.07%)
2026-07-28 19:23:33  [  6] 601857 中国石油  完成  日J=89.88 周J=115.45 月J=29.25 价=11.1 涨=1.83%  PE=12.84(56.4%) PB=1.25(92.3%)
2026-07-28 19:23:35  [  7] 601988 中国银行  完成  日J=85.86 周J=92.19 月J=87.04 价=6.1 涨=1.67%  PE=8.01(99.18%) PB=0.72(86.67%)
2026-07-28 19:23:36  [  8] 300750 宁德时代  完成  日J=88.84 周J=43.99 月J=42.78 价=390.86 涨=-2.28%  PE=21.27(15.81%) PB=4.77(29.95%)
2026-07-28 19:23:37  [  9] 600519 贵州茅台  完成  日J=67.35 周J=101.76 月J=30.97 价=1320.0 涨=2.37%  PE=19.95(6.02%) PB=6.09(2.26%)
2026-07-28 19:23:39  [ 10] 600938 中国海油  完成  日J=45.15 周J=59.77 月J=12.17 价=31.32 涨=-0.73%  PE=11.94(89.18%) PB=1.78(70.63%)
2026-07-28 19:23:40  [ 11] 688981 中芯国际  完成  日J=6.17 周J=26.55 月J=70.92 价=136.7 涨=-4.92%  PE=231.94(94.4%) PB=7.81(94.33%)
2026-07-28 19:23:41  [ 12] 601138 工业富联  完成  日J=47.59 周J=-4.35 月J=37.43 价=58.08 涨=-5.64%  PE=28.35(88.45%) PB=6.54(90.02%)
2026-07-28 19:23:43  [ 13] 601628 中国人寿  完成  日J=46.0 周J=100.31 月J=18.9 价=40.2 涨=1.18%  PE=7.85(7.12%) PB=1.9(31.67%)
2026-07-28 19:23:44  [ 14] 300308 中际旭创  完成  日J=15.0 周J=-15.89 月J=59.26 价=908.0 涨=-15.69%  PE=67.74(74.59%) PB=28.46(97.35%)
2026-07-28 19:23:45  [ 15] 600036 招商银行  完成  日J=97.86 周J=118.73 月J=44.49 价=39.59 涨=1.51%  PE=6.62(27.09%) PB=0.88(11.74%)
2026-07-28 19:23:47  [ 16] 601088 中国神华  完成  日J=57.44 周J=70.63 月J=43.43 价=45.44 涨=1.36%  PE=19.11(98.32%) PB=2.05(94.18%)
2026-07-28 19:23:48  [ 17] 601318 中国平安  完成  日J=88.37 周J=93.48 月J=1.92 价=54.2 涨=1.48%  PE=7.39(8.04%) PB=0.96(21.7%)
2026-07-28 19:23:50  [ 18] 002594 比亚迪  完成  日J=36.42 周J=94.02 月J=36.94 价=93.35 涨=1.03%  PE=30.89(30.27%) PB=3.67(31.42%)
2026-07-28 19:23:51  [ 19] 601899 紫金矿业  完成  日J=62.49 周J=90.36 月J=8.8 价=31.69 涨=-0.25%  PE=13.66(11.6%) PB=4.27(81.09%)
2026-07-28 19:23:52  [ 20] 600900 长江电力  完成  日J=62.76 周J=99.17 月J=87.21 价=29.07 涨=2.54%  PE=19.71(57.12%) PB=3.12(81.23%)
2026-07-28 19:23:54  [ 21] 688256 寒武纪  完成  日J=17.49 周J=-12.14 月J=66.57 价=1128.0 涨=-9.11%  PE=260.85(81.79%) PB=55.06(92.06%)
2026-07-28 19:23:55  [ 22] 688041 海光信息  完成  日J=14.58 周J=26.88 月J=66.27 价=298.28 涨=-4.88%  PE=254.32(92.69%) PB=29.51(94.99%)
2026-07-28 19:23:56  [ 23] 000333 美的集团  完成  日J=80.46 周J=105.38 月J=87.55 价=85.37 涨=1.47%  PE=14.73(53.32%) PB=2.8(42.93%)
2026-07-28 19:23:58  [ 24] 601328 交通银行  完成  日J=94.85 周J=114.19 月J=49.91 价=7.11 涨=1.43%  PE=6.52(89.89%) PB=0.54(53.22%)
2026-07-28 19:24:00  [ 25] 600028 中国石化  完成  日J=62.18 周J=113.62 月J=-2.48 价=5.18 涨=0.58%  PE=17.62(85.95%) PB=0.75(35.9%)
2026-07-28 19:24:01  [ 26] 601658 邮储银行  完成  日J=69.82 周J=110.1 月J=31.28 价=5.2 涨=2.16%  PE=7.11(74.61%) PB=0.6(18.92%)
2026-07-28 19:24:02  [ 27] 601728 中国电信  完成  日J=87.96 周J=102.01 月J=38.98 价=6.3 涨=2.94%  PE=18.2(65.49%) PB=1.23(61.64%)
2026-07-28 19:24:04  [ 28] 300502 新易盛  完成  日J=-0.08 周J=-7.74 月J=64.23 价=406.9 涨=-17.13%  PE=52.83(52.79%) PB=27.84(95.48%)
2026-07-28 19:24:05  [ 29] 002371 北方华创  完成  日J=61.57 周J=26.43 月J=69.44 价=715.0 涨=-7.14%  PE=93.05(45.77%) PB=13.2(83.97%)
2026-07-28 19:24:06  [ 30] 688347 华虹宏力  完成  日J=-4.2 周J=37.43 月J=71.46 价=281.0 涨=-8.88%  PE=989.64(80.69%) PB=10.79(96.53%)
2026-07-28 19:24:08  [ 31] 002475 立讯精密  完成  日J=75.62 周J=10.21 月J=52.96 价=60.1 涨=-4.44%  PE=26.97(40.09%) PB=5.26(44.23%)
2026-07-28 19:24:09  [ 32] 601998 中信银行  完成  日J=91.33 周J=103.61 月J=40.48 价=7.77 涨=0.78%  PE=6.07(71.37%) PB=0.58(62.22%)
2026-07-28 19:24:10  [ 33] 600030 中信证券  完成  日J=48.54 周J=64.23 月J=76.72 价=28.09 涨=-0.6%  PE=12.36(5.63%) PB=1.43(41.19%)
2026-07-28 19:24:12  [ 34] 603993 洛阳钼业  完成  日J=57.72 周J=47.77 月J=13.4 价=19.0 涨=-1.86%  PE=16.83(24.01%) PB=4.57(92.44%)
2026-07-28 19:24:14  [ 35] 688235 百济神州  完成  日J=55.78 周J=81.99 月J=40.63 价=263.18 涨=-3.95%  PE=128.26(94.9%) PB=12.28(77.01%)
2026-07-28 19:24:15  [ 36] 601166 兴业银行  完成  日J=96.69 周J=103.45 月J=32.23 价=18.6 涨=1.64%  PE=5.08(41.0%) PB=0.47(9.91%)
2026-07-28 19:24:17  [ 37] 603259 药明康德  完成  日J=39.16 周J=80.13 月J=80.63 价=123.02 涨=-1.32%  PE=18.23(16.68%) PB=4.36(31.8%)
2026-07-28 19:24:18  [ 38] 688012 中微公司  完成  日J=85.33 周J=43.9 月J=78.54 价=383.0 涨=-4.19%  PE=134.43(72.39%) PB=15.09(78.38%)
2026-07-28 19:24:19  [ 39] 600276 恒瑞医药  完成  日J=2.82 周J=75.83 月J=24.3 价=53.29 涨=-0.58%  PE=43.56(4.62%) PB=5.56(3.13%)
2026-07-28 19:24:21  [ 40] 002384 东山精密  完成  日J=-3.62 周J=-12.49 月J=69.37 价=190.71 涨=-10.0%  PE=171.22(96.54%) PB=15.43(97.21%)
2026-07-28 19:24:22  [ 41] 601211 国泰海通  完成  日J=76.27 周J=80.46 月J=46.51 价=18.98 涨=0.16%  PE=15.24(65.26%) PB=1.02(38.16%)
2026-07-28 19:24:23  [ 42] 002415 海康威视  完成  日J=78.82 周J=89.32 月J=80.98 价=36.14 涨=-2.3%  PE=20.15(12.46%) PB=3.93(27.05%)
2026-07-28 19:24:25  [ 43] 601319 中国人保  完成  日J=59.22 周J=100.93 月J=3.1 价=7.48 涨=0.54%  PE=7.76(12.59%) PB=1.04(30.81%)
2026-07-28 19:24:26  [ 44] 300059 东方财富  完成  日J=13.58 周J=51.17 月J=19.65 价=19.42 涨=-1.17%  PE=23.44(4.28%) PB=3.21(10.44%)
2026-07-28 19:24:27  [ 45] 600000 浦发银行  完成  日J=83.62 周J=101.98 月J=10.14 价=9.19 涨=1.55%  PE=6.09(71.08%) PB=0.41(28.54%)
2026-07-28 19:24:29  [ 46] 601601 中国太保  完成  日J=62.11 周J=93.64 月J=-0.95 价=31.7 涨=0.25%  PE=5.66(1.49%) PB=0.95(10.64%)
2026-07-28 19:24:30  [ 47] 688802 沐曦股份-U  完成  日J=17.08 周J=30.37 月J=77.39 价=752.05 涨=-9.41%  PE=-458.84(23.81%) PB=22.97(70.07%)
2026-07-28 19:24:31  [ 48] 000858 五 粮 液  完成  日J=53.21 周J=55.7 月J=8.04 价=74.8 涨=1.22%  PE=23.04(33.69%) PB=2.27(1.06%)
2026-07-28 19:24:33  [ 49] 600183 生益科技  完成  日J=2.03 周J=-16.05 月J=57.06 价=113.39 涨=-10.0%  PE=70.11(97.79%) PB=15.36(97.83%)
2026-07-28 19:24:34  [ 50] 603986 兆易创新  完成  日J=6.48 周J=-17.96 月J=49.22 价=390.63 涨=-10.0%  PE=95.36(49.47%) PB=10.85(72.43%)
2026-07-28 19:24:35  [ 51] 688795 摩尔线程-U  完成  日J=1.97 周J=-6.98 月J=31.7 价=563.3 涨=-7.02%  PE=-308.25(40.65%) PB=22.98(12.9%)
2026-07-28 19:24:37  [ 52] 600150 中国船舶  完成  日J=94.37 周J=16.44 月J=27.91 价=33.49 涨=-0.12%  PE=22.29(26.08%) PB=1.69(20.31%)
2026-07-28 19:24:38  [ 53] 002379 宏桥控股  完成  日J=65.31 周J=83.86 月J=1.21 价=19.34 涨=-0.87%  PE=12.79(72.86%) PB=4.82(83.4%)
2026-07-28 19:24:40  [ 54] 688008 澜起科技  完成  日J=54.26 周J=3.63 月J=60.27 价=206.04 涨=-9.41%  PE=98.33(72.74%) PB=12.06(78.79%)
2026-07-28 19:24:41  [ 55] 601869 长飞光纤  完成  日J=-2.48 周J=-23.11 月J=56.69 价=302.3 涨=-10.0%  PE=216.28(94.09%) PB=17.59(95.84%)
2026-07-28 19:24:42  [ 56] 601816 京沪高铁  完成  日J=92.75 周J=108.92 月J=59.36 价=5.08 涨=1.8%  PE=18.62(5.88%) PB=1.18(7.78%)
2026-07-28 19:24:44  [ 57] 688820 盛合晶微  完成  日J=23.0 周J=-6.74 月J=None 价=128.5 涨=-9.93%  PE=242.87(17.91%) PB=16.55(17.91%)
2026-07-28 19:24:45  [ 58] 601225 陕西煤业  完成  日J=29.9 周J=67.98 月J=48.26 价=24.4 涨=-0.65%  PE=14.63(97.31%) PB=2.32(81.18%)
2026-07-28 19:24:46  [ 59] 601919 中远海控  完成  日J=100.18 周J=119.35 月J=37.44 价=15.43 涨=0.78%  PE=9.4(58.71%) PB=1.0(32.19%)
2026-07-28 19:24:48  [ 60] 300274 阳光电源  完成  日J=83.97 周J=2.94 月J=14.98 价=112.08 涨=-3.55%  PE=19.48(38.21%) PB=4.78(46.68%)
2026-07-28 19:24:49  [ 61] 600309 万华化学  完成  日J=85.72 周J=79.81 月J=26.27 价=74.2 涨=0.07%  PE=17.65(62.85%) PB=2.09(9.24%)
2026-07-28 19:24:50  [ 62] 000651 格力电器  完成  日J=72.32 周J=106.23 月J=83.44 价=40.8 涨=1.02%  PE=7.83(30.94%) PB=1.5(5.77%)
2026-07-28 19:24:52  [ 63] 002714 牧原股份  完成  日J=18.6 周J=95.05 月J=18.87 价=39.3 涨=-0.08%  PE=23.2(68.53%) PB=2.63(1.88%)
2026-07-28 19:24:53  [ 64] 000338 潍柴动力  完成  日J=84.46 周J=11.23 月J=58.96 价=26.19 涨=-7.94%  PE=20.02(90.09%) PB=2.37(78.06%)
2026-07-28 19:24:55  [ 65] 000001 平安银行  完成  日J=98.32 周J=103.67 月J=51.71 价=11.2 涨=0.81%  PE=5.05(28.68%) PB=0.47(6.98%)
2026-07-28 19:24:56  [ 66] 002916 深南电路  完成  日J=36.71 周J=-6.31 月J=60.73 价=318.1 涨=-10.0%  PE=59.62(91.48%) PB=11.98(88.45%)
2026-07-28 19:24:58  [ 67] 603288 海天味业  完成  日J=57.87 周J=103.15 月J=44.84 价=37.01 涨=2.75%  PE=29.75(2.5%) PB=5.15(3.46%)
2026-07-28 19:24:59  [ 68] 600919 江苏银行  完成  日J=77.23 周J=85.13 月J=89.42 价=11.57 涨=0.78%  PE=6.01(80.27%) PB=0.8(87.92%)
2026-07-28 19:25:00  [ 69] 002142 宁波银行  完成  日J=49.45 周J=93.2 月J=69.11 价=31.82 涨=-0.22%  PE=6.98(31.14%) PB=0.9(27.77%)
2026-07-28 19:25:02  [ 70] 600690 海尔智家  完成  日J=92.55 周J=111.55 月J=17.32 价=22.4 涨=2.42%  PE=11.22(6.69%) PB=1.68(3.9%)
2026-07-28 19:25:03  [ 71] 000725 京东方Ａ  完成  日J=11.43 周J=0.13 月J=53.31 价=5.58 涨=-6.53%  PE=34.74(54.96%) PB=1.52(65.06%)
2026-07-28 19:25:04  [ 72] 300476 胜宏科技  完成  日J=17.28 周J=-11.06 月J=14.79 价=210.18 涨=-11.93%  PE=44.14(79.45%) PB=11.87(87.82%)
2026-07-28 19:25:06  [ 73] 688072 拓荆科技  完成  日J=57.16 周J=47.86 月J=74.48 价=710.0 涨=-10.34%  PE=125.52(81.08%) PB=28.48(97.39%)
2026-07-28 19:25:07  [ 74] 002463 沪电股份  完成  日J=7.78 周J=-10.6 月J=63.15 价=105.75 涨=-10.0%  PE=47.3(94.42%) PB=12.12(97.45%)
2026-07-28 19:25:08  [ 75] 003816 中国广核  完成  日J=41.41 周J=32.74 月J=26.74 价=4.02 涨=-0.25%  PE=21.41(89.09%) PB=1.61(65.83%)
2026-07-28 19:25:10  [ 76] 300408 三环集团  完成  日J=66.67 周J=-6.64 月J=62.25 价=100.83 涨=-9.63%  PE=69.68(97.88%) PB=8.95(97.88%)
2026-07-28 19:25:11  [ 77] 600188 兖矿能源  完成  日J=16.25 周J=19.96 月J=44.93 价=19.8 涨=-0.85%  PE=20.8(96.54%) PB=2.6(75.99%)
2026-07-28 19:25:13  [ 78] 300394 天孚通信  完成  日J=4.1 周J=-15.32 月J=40.98 价=181.56 涨=-13.21%  PE=91.19(91.77%) PB=33.12(93.55%)
2026-07-28 19:25:14  [ 79] 601066 中信建投  完成  日J=7.3 周J=19.06 月J=56.72 价=25.44 涨=-3.82%  PE=17.52(6.25%) PB=2.29(18.15%)
2026-07-28 19:25:15  [ 80] 601336 新华保险  完成  日J=11.28 周J=80.49 月J=1.78 价=62.78 涨=-0.82%  PE=5.31(2.21%) PB=1.59(48.41%)
2026-07-28 19:25:17  [ 81] 002938 鹏鼎控股  完成  日J=12.0 周J=-9.41 月J=61.61 价=83.96 涨=-10.0%  PE=52.41(97.21%) PB=5.62(88.02%)
2026-07-28 19:25:18  [ 82] 601668 中国建筑  完成  日J=63.87 周J=109.9 月J=32.79 价=4.64 涨=0.22%  PE=5.05(59.24%) PB=0.39(1.01%)
2026-07-28 19:25:19  [ 83] 301666 大普微-UW  完成  日J=28.3 周J=-13.81 月J=None 价=438.66 涨=-10.32%  PE=14740.32(20.0%) PB=238.57(20.0%)
2026-07-28 19:25:21  [ 84] 688808 联讯仪器  完成  日J=69.86 周J=7.69 月J=None 价=1850.0 涨=-14.0%  PE=695.15(40.62%) PB=185.1(40.62%)
2026-07-28 19:25:22  [ 85] 600406 国电南瑞  完成  日J=72.24 周J=64.74 月J=12.41 价=23.56 涨=-1.42%  PE=22.74(20.36%) PB=3.54(29.11%)
2026-07-28 19:25:24  [ 86] 601818 光大银行  完成  日J=75.62 周J=99.24 月J=25.76 价=3.18 涨=0.32%  PE=4.97(45.43%) PB=0.37(3.22%)
2026-07-28 19:25:25  [ 87] 600025 华能水电  完成  日J=28.32 周J=93.09 月J=56.97 价=9.97 涨=0.81%  PE=21.75(77.67%) PB=2.62(74.45%)
2026-07-28 19:25:26  [ 88] 001248 华润新能  完成  日J=102.07 周J=9.15 月J=None 价=14.27 涨=2.15%  PE=34.54(63.16%) PB=2.0(63.16%)
2026-07-28 19:25:28  [ 89] 300760 迈瑞医疗  完成  日J=44.23 周J=88.6 月J=15.62 价=150.54 涨=1.33%  PE=23.29(4.55%) PB=4.55(1.91%)
2026-07-28 19:25:29  [ 90] 002352 顺丰控股  完成  日J=81.71 周J=91.41 月J=30.74 价=34.58 涨=2.43%  PE=15.96(2.45%) PB=1.81(2.69%)
2026-07-28 19:25:30  [ 91] 601985 中国核电  完成  日J=30.86 周J=44.21 月J=65.17 价=8.85 涨=-0.11%  PE=22.11(84.65%) PB=1.52(28.59%)
2026-07-28 19:25:32  [ 92] 601898 中煤能源  完成  日J=59.56 周J=30.45 月J=11.37 价=13.72 涨=-0.87%  PE=10.24(48.94%) PB=1.11(84.6%)
2026-07-28 19:25:33  [ 93] 601688 华泰证券  完成  日J=32.13 周J=51.96 月J=16.86 价=20.09 涨=-0.94%  PE=10.34(24.83%) PB=1.02(40.76%)
2026-07-28 19:25:34  [ 94] 600031 三一重工  完成  日J=70.87 周J=100.23 月J=12.65 价=19.7 涨=1.55%  PE=21.51(47.45%) PB=2.0(17.23%)
2026-07-28 19:25:36  [ 95] 001399 惠科股份  完成  日J=47.39 周J=-2.88 月J=None 价=24.74 涨=-5.61%  PE=47.7(8.7%) PB=6.84(8.7%)
2026-07-28 19:25:37  [ 96] 300433 蓝思科技  完成  日J=43.1 周J=-9.15 月J=44.74 价=33.86 涨=-7.56%  PE=51.97(82.15%) PB=3.27(74.88%)
2026-07-28 19:25:38  [ 97] 300604 长川科技  完成  日J=44.86 周J=36.61 月J=75.63 价=276.4 涨=-9.29%  PE=111.48(50.58%) PB=34.43(98.85%)
2026-07-28 19:25:40  [ 98] 600930 华电新能  完成  日J=17.01 周J=-0.47 月J=2.59 价=4.19 涨=-1.18%  PE=27.3(0.8%) PB=1.58(0.8%)
2026-07-28 19:25:41  [ 99] 601766 中国中车  完成  日J=74.12 周J=105.55 月J=14.28 价=6.0 涨=1.35%  PE=12.75(5.97%) PB=0.98(10.11%)
2026-07-28 19:25:42  [100] 600989 宝丰能源  完成  日J=42.9 周J=68.59 月J=14.02 价=22.94 涨=0.48%  PE=13.38(7.49%) PB=3.23(62.24%)
2026-07-28 19:25:42  全部完成，结果已写入 C:\Users\hailo\Desktop\每周自动指标\output\2026-07-28\metrics_2026-07-28.csv
2026-07-28 19:25:42  步骤2完成 -> C:\Users\hailo\Desktop\每周自动指标\output\2026-07-28\metrics_2026-07-28.csv
2026-07-28 19:25:42  步骤3: 生成 HTML 总结报告…
2026-07-28 19:25:42  步骤3完成 -> C:\Users\hailo\Desktop\每周自动指标\output\2026-07-28\report_2026-07-28.html
2026-07-28 19:25:42  步骤4: 发送邮件报告…
2026-07-28 19:25:44  步骤4完成
2026-07-28 19:25:44  ===== 全部完成 2026-07-28 =====
