2026-08-21 19:05:03  ===== 开始每日港股通指标任务 2026-08-21 =====
2026-08-21 19:05:03  步骤1: 获取港股通总市值前100标的...
获取港股通标的列表(共取市值前 100 只)...
接口返回 100 只港股通标的
2026-08-21 19:05:04  步骤1完成 -> C:\Users\hailo\Desktop\每周自动指标\output_hk\2026-08-21\hk_list_2026-08-21.csv
2026-08-21 19:05:04  步骤2: 计算 KDJ-J(日/周/月)...
2026-08-21 19:05:07  [  1] 00700 腾讯控股  完成  日J=38.27 周J=57.25 月J=9.21 价=457.0 涨=1.24%  PE=15.59(None%) PB=3.18(None%)
2026-08-21 19:05:08  [  2] 03750 宁德时代  完成  日J=39.11 周J=37.11 月J=55.35 价=652.5 涨=3.74%  PE=31.33(None%) PB=6.91(None%)
2026-08-21 19:05:09  [  3] 00005 汇丰控股  完成  日J=61.46 周J=66.37 月J=93.68 价=162.9 涨=1.62%  PE=14.84(None%) PB=2.06(None%)
2026-08-21 19:05:10  [  4] 01398 工商银行  完成  日J=104.09 周J=87.97 月J=85.23 价=7.47 涨=0.0%  PE=6.41(None%) PB=0.6(None%)
2026-08-21 19:05:12  [  5] 00939 建设银行  完成  日J=112.42 周J=94.1 月J=92.19 价=9.24 涨=0.49%  PE=6.32(None%) PB=0.6(None%)
2026-08-21 19:05:13  [  6] 09988 阿里巴巴-W  完成  日J=45.56 周J=98.55 月J=26.19 价=123.0 涨=-2.54%  PE=27.76(None%) PB=1.94(None%)
2026-08-21 19:05:14  [  7] 01288 农业银行  完成  日J=109.87 周J=81.61 月J=81.72 价=6.28 涨=0.16%  PE=6.67(None%) PB=0.69(None%)
2026-08-21 19:05:15  [  8] 00857 中国石油股份  完成  日J=103.47 周J=92.66 月J=36.58 价=10.13 涨=1.0%  PE=10.45(None%) PB=1.01(None%)
2026-08-21 19:05:17  [  9] 00941 中国移动  完成  日J=58.38 周J=87.69 月J=54.65 价=82.8 涨=0.49%  PE=11.95(None%) PB=1.07(None%)
2026-08-21 19:05:18  [ 10] 03988 中国银行  完成  日J=115.04 周J=87.05 月J=92.4 价=5.5 涨=1.19%  PE=6.47(None%) PB=0.57(None%)
2026-08-21 19:05:19  [ 11] 03968 招商银行  完成  日J=110.33 周J=80.81 月J=58.5 价=49.44 涨=0.9%  PE=7.39(None%) PB=0.97(None%)
2026-08-21 19:05:20  [ 12] 00883 中国海洋石油  完成  日J=106.66 周J=108.49 月J=28.85 价=25.18 涨=2.11%  PE=8.56(None%) PB=1.26(None%)
2026-08-21 19:05:21  [ 13] 02899 紫金矿业  完成  日J=88.72 周J=111.9 月J=33.72 价=38.56 涨=4.9%  PE=14.85(None%) PB=4.59(None%)
2026-08-21 19:05:23  [ 14] 02318 中国平安  完成  日J=61.75 周J=79.49 月J=10.41 价=56.2 涨=3.88%  PE=5.62(None%) PB=0.86(None%)
2026-08-21 19:05:24  [ 15] 01088 中国神华  完成  日J=104.07 周J=102.46 月J=43.61 价=45.02 涨=1.31%  PE=16.55(None%) PB=1.74(None%)
2026-08-21 19:05:25  [ 16] 01211 比亚迪股份  完成  日J=100.65 周J=95.53 月J=56.72 价=93.15 涨=1.47%  PE=27.56(None%) PB=3.23(None%)
2026-08-21 19:05:26  [ 17] 02628 中国人寿  完成  日J=63.54 周J=30.49 月J=24.75 价=28.06 涨=5.09%  PE=4.91(None%) PB=1.17(None%)
2026-08-21 19:05:28  [ 18] 01299 友邦保险  完成  日J=95.48 周J=46.03 月J=13.42 价=75.15 涨=3.3%  PE=12.48(None%) PB=2.44(None%)
2026-08-21 19:05:29  [ 19] 01810 小米集团-W  完成  日J=111.24 周J=70.63 月J=30.55 价=29.02 涨=4.54%  PE=19.98(None%) PB=2.41(None%)
2026-08-21 19:05:30  [ 20] 00300 美的集团  完成  日J=70.95 周J=94.15 月J=86.7 价=96.9 涨=-0.36%  PE=14.92(None%) PB=2.8(None%)
2026-08-21 19:05:31  [ 21] 03328 交通银行  完成  日J=115.47 周J=87.4 月J=84.79 价=7.56 涨=1.07%  PE=6.19(None%) PB=0.51(None%)
2026-08-21 19:05:32  [ 22] 09999 网易  完成  日J=46.0 周J=50.6 月J=54.69 价=202.0 涨=4.45%  PE=17.53(None%) PB=3.37(None%)
2026-08-21 19:05:34  [ 23] 00981 中芯国际  完成  日J=58.81 周J=28.0 月J=49.53 价=72.5 涨=0.55%  PE=76.42(None%) PB=3.15(None%)
2026-08-21 19:05:35  [ 24] 02359 药明康德  完成  日J=60.33 周J=99.62 月J=96.55 价=205.8 涨=-0.39%  PE=24.47(None%) PB=6.36(None%)
2026-08-21 19:05:36  [ 25] 01658 邮储银行  完成  日J=106.33 周J=65.83 月J=38.13 价=4.93 涨=0.61%  PE=6.01(None%) PB=0.51(None%)
2026-08-21 19:05:37  [ 26] 02388 中银香港  完成  日J=89.54 周J=91.09 月J=87.78 价=51.0 涨=1.69%  PE=13.44(None%) PB=1.5(None%)
2026-08-21 19:05:39  [ 27] 00388 香港交易所  完成  日J=98.79 周J=111.24 月J=58.73 价=421.0 涨=0.77%  PE=26.95(None%) PB=8.8(None%)
2026-08-21 19:05:40  [ 28] 00386 中国石油化工股份  完成  日J=105.02 周J=92.74 月J=9.61 价=4.41 涨=0.8%  PE=13.04(None%) PB=0.56(None%)
2026-08-21 19:05:41  [ 29] 02513 智谱  完成  日J=7.35 周J=5.43 月J=26.42 价=1129.0 涨=10.36%  PE=-101.06(None%) PB=-5.08(None%)
2026-08-21 19:05:42  [ 30] 03690 美团-W  完成  日J=3.32 周J=80.89 月J=59.66 价=85.0 涨=-0.99%  PE=-11.8(None%) PB=3.09(None%)
2026-08-21 19:05:43  [ 31] 02888 渣打集团  完成  日J=22.58 周J=83.23 月J=96.75 价=234.0 涨=1.56%  PE=12.11(None%) PB=1.41(None%)
2026-08-21 19:05:45  [ 32] 09633 农夫山泉  完成  日J=21.68 周J=57.81 月J=9.59 价=42.54 涨=0.71%  PE=27.23(None%) PB=10.95(None%)
2026-08-21 19:05:46  [ 33] 02475 立讯精密  完成  日J=27.57 周J=64.98 月J=None 价=61.1 涨=3.04%  PE=24.59(None%) PB=4.45(None%)
2026-08-21 19:05:47  [ 34] 00728 中国电信  完成  日J=102.55 周J=100.84 月J=29.64 价=4.88 涨=3.28%  PE=13.13(None%) PB=0.82(None%)
2026-08-21 19:05:49  [ 35] 00998 中信银行  完成  日J=118.71 周J=103.79 月J=57.75 价=8.01 涨=1.59%  PE=5.58(None%) PB=0.53(None%)
2026-08-21 19:05:50  [ 36] 02259 紫金黄金国际  完成  日J=90.04 周J=111.6 月J=18.89 价=160.3 涨=8.09%  PE=21.72(None%) PB=5.86(None%)
2026-08-21 19:05:51  [ 37] 06030 中信证券  完成  日J=5.95 周J=5.36 月J=38.81 价=26.24 涨=1.47%  PE=9.09(None%) PB=1.14(None%)
2026-08-21 19:05:52  [ 38] 00267 中信股份  完成  日J=112.32 周J=94.41 月J=60.14 价=13.19 涨=6.2%  PE=5.9(None%) PB=0.44(None%)
2026-08-21 19:05:53  [ 39] 00016 新鸿基地产  完成  日J=115.2 周J=88.54 月J=49.73 价=128.2 涨=2.81%  PE=16.89(None%) PB=0.6(None%)
2026-08-21 19:05:55  [ 40] 00992 联想集团  完成  日J=7.55 周J=69.88 月J=91.46 价=29.78 涨=0.2%  PE=59.16(None%) PB=6.53(None%)
2026-08-21 19:05:56  [ 41] 03993 洛阳钼业  完成  日J=7.83 周J=58.06 月J=6.12 价=17.0 涨=1.67%  PE=11.51(None%) PB=3.52(None%)
2026-08-21 19:05:57  [ 42] 02328 中国财险  完成  日J=94.87 周J=77.77 月J=49.32 价=16.09 涨=3.61%  PE=8.48(None%) PB=1.08(None%)
2026-08-21 19:05:58  [ 43] 03986 兆易创新  完成  日J=28.17 周J=-1.24 月J=21.19 价=503.0 涨=2.61%  PE=38.84(None%) PB=8.22(None%)
2026-08-21 19:06:00  [ 44] 06160 百济神州  完成  日J=73.26 周J=100.0 月J=74.03 价=228.0 涨=0.09%  PE=68.63(None%) PB=10.35(None%)
2026-08-21 19:06:01  [ 45] 06809 澜起科技  完成  日J=23.28 周J=3.76 月J=38.42 价=272.0 涨=1.27%  PE=115.85(None%) PB=14.08(None%)
2026-08-21 19:06:02  [ 46] 01276 恒瑞医药  完成  日J=2.29 周J=9.32 月J=-3.21 价=48.2 涨=-2.94%  PE=36.36(None%) PB=4.31(None%)
2026-08-21 19:06:03  [ 47] 02338 潍柴动力  完成  日J=5.24 周J=40.17 月J=52.67 价=33.42 涨=4.11%  PE=22.81(None%) PB=2.7(None%)
2026-08-21 19:06:04  [ 48] 02601 中国太保  完成  日J=79.34 周J=60.48 月J=6.23 价=29.46 涨=3.3%  PE=4.71(None%) PB=0.78(None%)
2026-08-21 19:06:06  [ 49] 01919 中远海控  完成  日J=112.26 周J=112.58 月J=91.09 价=17.95 涨=5.4%  PE=9.74(None%) PB=1.03(None%)
2026-08-21 19:06:07  [ 50] 02378 保诚  完成  日J=80.68 周J=43.34 月J=33.0 价=109.7 涨=1.57%  PE=8.85(None%) PB=1.79(None%)
2026-08-21 19:06:08  [ 51] 00001 长和  完成  日J=53.09 周J=72.04 月J=87.17 价=70.8 涨=1.58%  PE=7.18(None%) PB=0.47(None%)
2026-08-21 19:06:09  [ 52] 02611 国泰海通  完成  日J=106.31 周J=24.64 月J=31.88 价=15.03 涨=1.9%  PE=7.17(None%) PB=0.7(None%)
2026-08-21 19:06:10  [ 53] 00669 创科实业  完成  日J=32.4 周J=84.23 月J=98.26 价=143.2 涨=1.34%  PE=25.7(None%) PB=4.48(None%)
2026-08-21 19:06:12  [ 54] 01109 华润置地  完成  日J=80.75 周J=85.95 月J=56.24 价=35.38 涨=0.4%  PE=8.97(None%) PB=0.79(None%)
2026-08-21 19:06:13  [ 55] 01339 中国人民保险集团  完成  日J=76.18 周J=71.24 月J=6.68 价=5.28 涨=4.15%  PE=4.94(None%) PB=0.64(None%)
2026-08-21 19:06:14  [ 56] 02476 胜宏科技  完成  日J=13.86 周J=26.42 月J=8.92 价=233.6 涨=3.0%  PE=43.85(None%) PB=10.34(None%)
2026-08-21 19:06:15  [ 57] 01378 中国宏桥  完成  日J=17.25 周J=69.92 月J=-4.45 价=23.18 涨=3.48%  PE=9.08(None%) PB=1.57(None%)
2026-08-21 19:06:16  [ 58] 06951 三环集团  完成  日J=9.55 周J=78.25 月J=None 价=113.7 涨=3.18%  PE=70.56(None%) PB=8.59(None%)
2026-08-21 19:06:18  [ 59] 02269 药明生物  完成  日J=89.36 周J=103.96 月J=85.05 价=51.0 涨=2.74%  PE=38.9(None%) PB=4.03(None%)
2026-08-21 19:06:19  [ 60] 00066 港铁公司  完成  日J=107.74 周J=109.95 月J=42.53 价=33.92 涨=1.44%  PE=9.24(None%) PB=1.03(None%)
2026-08-21 19:06:20  [ 61] 02020 安踏体育  完成  日J=81.4 周J=52.67 月J=39.18 价=74.1 涨=-1.07%  PE=13.78(None%) PB=2.85(None%)
2026-08-21 19:06:21  [ 62] 00175 吉利汽车  完成  日J=78.23 周J=52.5 月J=30.46 价=18.75 涨=1.13%  PE=10.66(None%) PB=1.86(None%)
2026-08-21 19:06:23  [ 63] 00002 中电控股  完成  日J=98.77 周J=111.77 月J=101.5 价=79.8 涨=1.2%  PE=18.6(None%) PB=1.83(None%)
2026-08-21 19:06:24  [ 64] 03692 翰森制药  完成  日J=14.57 周J=69.21 月J=12.74 价=33.08 涨=-1.78%  PE=32.61(None%) PB=5.12(None%)
2026-08-21 19:06:25  [ 65] 06690 海尔智家  完成  日J=71.96 周J=54.64 月J=18.15 价=21.34 涨=0.38%  PE=9.54(None%) PB=1.41(None%)
2026-08-21 19:06:26  [ 66] 01347 华虹宏力  完成  日J=-0.39 周J=-10.27 月J=33.62 价=114.8 涨=2.59%  PE=248.64(None%) PB=3.56(None%)
2026-08-21 19:06:28  [ 67] 09992 泡泡玛特  完成  日J=54.0 周J=20.26 月J=-0.3 价=149.0 涨=-3.06%  PE=13.29(None%) PB=7.47(None%)
2026-08-21 19:06:29  [ 68] 02714 牧原股份  完成  日J=39.38 周J=94.26 月J=14.38 价=33.7 涨=-5.07%  PE=-139.17(None%) PB=2.13(None%)
2026-08-21 19:06:30  [ 69] 03288 海天味业  完成  日J=44.45 周J=77.18 月J=35.99 价=32.04 涨=-0.5%  PE=22.93(None%) PB=3.94(None%)
2026-08-21 19:06:31  [ 70] 06818 中国光大银行  完成  日J=67.3 周J=35.79 月J=15.97 价=3.04 涨=-0.16%  PE=4.24(None%) PB=0.31(None%)
2026-08-21 19:06:32  [ 71] 01801 信达生物  完成  日J=74.4 周J=96.78 月J=77.98 价=102.4 涨=1.19%  PE=198.23(None%) PB=8.29(None%)
2026-08-21 19:06:34  [ 72] 00762 中国联通  完成  日J=33.44 周J=26.87 月J=6.9 价=5.81 涨=2.02%  PE=9.84(None%) PB=0.41(None%)
2026-08-21 19:06:35  [ 73] 06031 三一重工  完成  日J=36.66 周J=34.72 月J=8.97 价=19.05 涨=1.76%  PE=18.55(None%) PB=1.71(None%)
2026-08-21 19:06:36  [ 74] 06936 顺丰控股  完成  日J=46.77 周J=86.93 月J=52.77 价=32.62 涨=-0.06%  PE=13.45(None%) PB=1.45(None%)
2026-08-21 19:06:37  [ 75] 01038 长江基建集团  完成  日J=111.61 周J=112.7 月J=81.91 价=66.55 涨=1.99%  PE=6.66(None%) PB=1.13(None%)
2026-08-21 19:06:39  [ 76] 01113 长实集团  完成  日J=71.62 周J=70.97 月J=56.85 价=47.32 涨=1.63%  PE=12.52(None%) PB=0.41(None%)
2026-08-21 19:06:40  [ 77] 00788 中国铁塔  完成  日J=23.47 周J=60.18 月J=8.97 价=9.35 涨=1.63%  PE=10.84(None%) PB=0.69(None%)
2026-08-21 19:06:41  [ 78] 00027 银河娱乐  完成  日J=105.88 周J=115.5 月J=30.44 价=36.0 涨=1.75%  PE=14.72(None%) PB=1.86(None%)
2026-08-21 19:06:42  [ 79] 09973 奇瑞汽车  完成  日J=76.15 周J=87.58 月J=31.57 价=26.96 涨=5.56%  PE=7.72(None%) PB=2.51(None%)
2026-08-21 19:06:43  [ 80] 02423 贝壳-W  完成  日J=50.17 周J=93.54 月J=57.92 价=45.38 涨=2.86%  PE=28.79(None%) PB=2.08(None%)
2026-08-21 19:06:45  [ 81] 00688 中国海外发展  完成  日J=70.25 周J=66.99 月J=45.22 价=14.1 涨=-0.35%  PE=10.98(None%) PB=0.36(None%)
2026-08-21 19:06:46  [ 82] 01988 民生银行  完成  日J=107.72 周J=75.29 月J=28.84 价=3.5 涨=1.16%  PE=4.63(None%) PB=0.24(None%)
2026-08-21 19:06:47  [ 83] 06886 华泰证券  完成  日J=74.71 周J=50.29 月J=23.64 价=16.97 涨=2.41%  PE=7.8(None%) PB=0.76(None%)
2026-08-21 19:06:48  [ 84] 01766 中国中车  完成  日J=89.22 周J=83.53 月J=32.46 价=5.24 涨=-0.76%  PE=9.49(None%) PB=0.74(None%)
2026-08-21 19:06:50  [ 85] 03606 福耀玻璃  完成  日J=65.09 周J=88.1 月J=38.5 价=57.4 涨=-0.43%  PE=15.58(None%) PB=3.41(None%)
2026-08-21 19:06:51  [ 86] 01336 新华保险  完成  日J=84.78 周J=43.79 月J=5.11 价=47.84 涨=3.64%  PE=3.63(None%) PB=1.07(None%)
2026-08-21 19:06:52  [ 87] 01024 快手-W  完成  日J=2.61 周J=9.04 月J=-9.57 价=34.42 涨=2.32%  PE=8.36(None%) PB=1.57(None%)
2026-08-21 19:06:53  [ 88] 01898 中煤能源  完成  日J=69.59 周J=87.61 月J=7.27 价=11.19 涨=-0.18%  PE=8.5(None%) PB=0.77(None%)
2026-08-21 19:06:55  [ 89] 01377 鼎泰高科  完成  日J=7.56 周J=50.88 月J=None 价=347.0 涨=4.71%  PE=135.39(None%) PB=39.7(None%)
2026-08-21 19:06:56  [ 90] 01972 太古地产  完成  日J=94.97 周J=109.74 月J=54.44 价=25.4 涨=1.28%  PE=44.32(None%) PB=0.54(None%)
2026-08-21 19:06:57  [ 91] 00012 恒基地产  完成  日J=108.97 周J=95.51 月J=29.92 价=30.2 涨=7.17%  PE=21.39(None%) PB=0.45(None%)
2026-08-21 19:06:58  [ 92] 01816 中广核电力  完成  日J=79.28 周J=73.53 月J=6.19 价=2.88 涨=2.67%  PE=13.67(None%) PB=1.02(None%)
2026-08-21 19:07:00  [ 93] 02600 中国铝业  完成  日J=14.53 周J=58.37 月J=-8.2 价=8.4 涨=3.96%  PE=8.75(None%) PB=1.58(None%)
2026-08-21 19:07:01  [ 94] 00003 香港中华煤气  完成  日J=123.28 周J=96.17 月J=59.11 价=7.5 涨=1.49%  PE=21.99(None%) PB=2.33(None%)
2026-08-21 19:07:02  [ 95] 01776 广发证券  完成  日J=67.21 周J=49.01 月J=51.63 价=17.59 涨=3.65%  PE=7.86(None%) PB=0.88(None%)
2026-08-21 19:07:03  [ 96] 01929 周大福  完成  日J=91.3 周J=94.46 月J=46.66 价=13.54 涨=1.12%  PE=14.84(None%) PB=4.31(None%)
2026-08-21 19:07:05  [ 97] 00006 电能实业  完成  日J=116.47 周J=115.01 月J=60.6 价=62.45 涨=1.79%  PE=7.44(None%) PB=1.29(None%)
2026-08-21 19:07:06  [ 98] 01308 海丰国际  完成  日J=92.8 周J=108.93 月J=94.41 价=49.06 涨=5.41%  PE=13.47(None%) PB=5.99(None%)
2026-08-21 19:07:07  [ 99] 09987 百胜中国  完成  日J=83.03 周J=103.59 月J=42.79 价=387.8 涨=2.59%  PE=17.5(None%) PB=3.19(None%)
2026-08-21 19:07:08  [100] 00358 江西铜业股份  完成  日J=29.3 周J=77.7 月J=14.74 价=37.44 涨=3.54%  PE=14.03(None%) PB=1.36(None%)
2026-08-21 19:07:09  全部完成，结果已写入 C:\Users\hailo\Desktop\每周自动指标\output_hk\2026-08-21\metrics_2026-08-21.csv
2026-08-21 19:07:09  步骤2完成 -> C:\Users\hailo\Desktop\每周自动指标\output_hk\2026-08-21\metrics_2026-08-21.csv
2026-08-21 19:07:09  步骤3: 生成 HTML 总结报告...
2026-08-21 19:07:09  步骤3完成 -> C:\Users\hailo\Desktop\每周自动指标\output_hk\2026-08-21\report_2026-08-21.html
2026-08-21 19:07:09  步骤4: 发送邮件报告...
2026-08-21 19:07:10  步骤4完成: 邮件已发送
2026-08-21 19:07:10  ===== 全部完成 2026-08-21 =====
