2026-09-09 21:05:19  ===== 开始每日指标任务 2026-09-09 =====
2026-09-09 21:05:19  步骤1: 获取 A股市值前100…
2026-09-09 21:05:20  步骤1完成 -> /home/runner/work/daily-stock-metrics/daily-stock-metrics/output/2026-09-09/top100_2026-09-09.csv
2026-09-09 21:05:20  步骤2: 计算 KDJ-J(日/周/月) 及 PE/PB 历史分位…
2026-09-09 21:05:20  观察池: 共107只(含历史追踪7只) -> /home/runner/work/daily-stock-metrics/daily-stock-metrics/output/2026-09-09/tracked_2026-09-09.csv
2026-09-09 21:05:20  待处理 107 条，并发数 8
2026-09-09 21:05:23  [  1] 688825 长鑫科技  完成  日J=62.8 周J=80.22 月J=None MA20=57.1 MA60=None 多头=None 价=56.87 涨=-2.6%  PE=47.19(15.15%) PB=28.66(75.76%)
2026-09-09 21:05:24  [  7] 601857 中国石油  完成  日J=47.78 周J=97.25 月J=47.6 MA20=11.101 MA60=10.382 多头=1 价=11.32 涨=0.18%  PE=11.77(51.3%) PB=1.26(93.55%)
2026-09-09 21:05:24  [  3] 601939 建设银行  完成  日J=26.0 周J=83.46 月J=98.99 MA20=10.677 MA60=10.227 多头=1 价=10.82 涨=1.31%  PE=8.17(97.34%) PB=0.79(73.49%)
2026-09-09 21:05:24  [  4] 601288 农业银行  完成  日J=5.27 周J=81.71 月J=53.76 MA20=6.793 MA60=6.547 多头=1 价=6.81 涨=0.74%  PE=8.0(91.13%) PB=0.83(82.5%)
2026-09-09 21:05:24  [  5] 600941 中国移动  完成  日J=-4.96 周J=84.6 月J=82.23 MA20=98.026 MA60=94.418 多头=1 价=97.11 涨=-0.6%  PE=15.98(53.3%) PB=1.48(33.92%)
2026-09-09 21:05:24  [  8] 600938 中国海油  完成  日J=50.33 周J=97.93 月J=34.12 MA20=33.618 MA60=31.152 多头=1 价=34.18 涨=-0.61%  PE=11.74(86.68%) PB=1.9(79.74%)
2026-09-09 21:05:24  [  6] 601988 中国银行  完成  日J=40.07 周J=84.67 月J=97.57 MA20=6.248 MA60=5.967 多头=1 价=6.43 涨=0.63%  PE=8.32(99.57%) PB=0.75(93.08%)
2026-09-09 21:05:24  [  2] 601398 工商银行  完成  日J=26.21 周J=81.72 月J=94.84 MA20=7.886 MA60=7.611 多头=1 价=8.0 涨=0.76%  PE=7.62(94.03%) PB=0.72(67.14%)
2026-09-09 21:05:26  [  9] 600519 贵州茅台  完成  日J=17.9 周J=70.14 月J=38.96 MA20=1305.169 MA60=1273.454 多头=1 价=1290.88 涨=-1.41%  PE=19.82(4.88%) PB=6.42(2.66%)
2026-09-09 21:05:26  [ 10] 300750 宁德时代  完成  日J=22.41 周J=10.07 月J=0.49 MA20=371.385 MA60=379.433 多头=0 价=336.84 涨=0.4%  PE=18.34(7.58%) PB=4.11(8.48%)
2026-09-09 21:05:27  [ 12] 601628 中国人寿  完成  日J=6.83 周J=30.35 月J=29.41 MA20=37.957 MA60=37.927 多头=1 价=38.15 涨=0.24%  PE=4.35(0.14%) PB=1.62(6.16%)
2026-09-09 21:05:27  [ 14] 600036 招商银行  完成  日J=64.63 周J=95.04 月J=98.49 MA20=39.801 MA60=38.356 多头=1 价=41.0 涨=0.24%  PE=6.82(32.43%) PB=0.9(16.79%)
2026-09-09 21:05:27  [ 13] 300308 中际旭创  完成  日J=97.05 周J=14.12 月J=30.32 MA20=887.894 MA60=1026.495 多头=0 价=908.9 涨=0.72%  PE=52.34(58.13%) PB=26.86(96.59%)
2026-09-09 21:05:27  [ 11] 601138 工业富联  完成  日J=78.31 周J=75.01 月J=41.15 MA20=63.735 MA60=64.54 多头=0 价=65.24 涨=0.76%  PE=27.6(87.48%) PB=7.37(93.02%)
2026-09-09 21:05:27  [ 16] 601088 中国神华  完成  日J=26.27 周J=91.16 月J=78.3 MA20=46.802 MA60=43.926 多头=1 价=47.33 涨=2.18%  PE=19.02(97.34%) PB=2.28(98.86%)
2026-09-09 21:05:27  [ 15] 688981 中芯国际  完成  日J=-1.07 周J=-0.27 月J=34.95 MA20=125.891 MA60=137.264 多头=0 价=120.51 涨=-0.83%  PE=143.16(63.65%) PB=6.02(83.94%)
2026-09-09 21:05:28  [ 17] 601318 中国平安  完成  日J=5.97 周J=92.4 月J=27.53 MA20=54.863 MA60=52.675 多头=1 价=56.26 涨=1.01%  PE=6.39(0.47%) PB=0.99(28.17%)
2026-09-09 21:05:29  [ 18] 601899 紫金矿业  完成  日J=79.29 周J=95.47 月J=40.53 MA20=33.547 MA60=30.811 多头=1 价=34.4 涨=1.59%  PE=13.52(11.38%) PB=4.53(84.59%)
2026-09-09 21:05:29  [ 23] 000333 美的集团  完成  日J=16.33 周J=74.82 月J=91.09 MA20=85.688 MA60=82.667 多头=1 价=86.02 涨=1.02%  PE=14.79(53.49%) PB=3.1(50.64%)
2026-09-09 21:05:29  [ 19] 002594 比亚迪  完成  日J=-0.71 周J=7.31 月J=29.03 MA20=89.146 MA60=88.921 多头=1 价=85.88 涨=-0.8%  PE=26.6(23.0%) PB=3.26(25.65%)
2026-09-09 21:05:29  [ 22] 688256 寒武纪  完成  日J=30.3 周J=12.14 月J=36.63 MA20=1070.751 MA60=1224.659 多头=0 价=1054.96 涨=-0.38%  PE=199.1(77.88%) PB=48.94(84.38%)
2026-09-09 21:05:30  [ 21] 600028 中国石化  完成  日J=83.46 周J=102.64 月J=24.14 MA20=5.307 MA60=5.06 多头=1 价=5.61 涨=0.36%  PE=18.87(88.34%) PB=0.8(42.29%)
2026-09-09 21:05:30  [ 24] 601658 邮储银行  完成  日J=63.79 周J=72.33 月J=84.71 MA20=5.159 MA60=5.042 多头=1 价=5.4 涨=-0.37%  PE=7.23(77.96%) PB=0.62(27.11%)
2026-09-09 21:05:30  [ 20] 600900 长江电力  完成  日J=17.57 周J=44.94 月J=83.91 MA20=28.177 MA60=27.709 多头=1 价=28.05 涨=0.65%  PE=18.96(48.93%) PB=3.18(83.21%)
2026-09-09 21:05:31  [ 25] 601328 交通银行  完成  日J=50.07 周J=87.94 月J=98.7 MA20=7.173 MA60=6.896 多头=1 价=7.29 涨=0.14%  PE=6.61(90.9%) PB=0.55(57.61%)
2026-09-09 21:05:31  [ 26] 300502 新易盛  完成  日J=80.51 周J=17.77 月J=33.76 MA20=414.734 MA60=471.898 多头=0 价=414.8 涨=-0.38%  PE=44.08(38.45%) PB=23.8(92.41%)
2026-09-09 21:05:32  [ 28] 688041 海光信息  完成  日J=6.03 周J=-2.77 月J=10.82 MA20=251.513 MA60=296.626 多头=0 价=235.8 涨=-0.46%  PE=174.44(60.67%) PB=21.6(74.12%)
2026-09-09 21:05:32  [ 29] 601998 中信银行  完成  日J=73.35 周J=110.24 月J=101.58 MA20=8.48 MA60=7.761 多头=1 价=8.9 涨=-0.11%  PE=6.9(91.37%) PB=0.66(76.29%)
2026-09-09 21:05:32  [ 27] 601728 中国电信  完成  日J=16.64 周J=75.15 月J=63.78 MA20=6.441 MA60=6.061 多头=1 价=6.28 涨=-0.48%  PE=19.31(78.61%) PB=1.22(58.12%)
2026-09-09 21:05:32  [ 30] 002371 北方华创  完成  日J=13.74 周J=-6.38 月J=36.62 MA20=698.404 MA60=740.026 多头=0 价=646.4 涨=-0.23%  PE=82.53(41.73%) PB=11.57(77.1%)
2026-09-09 21:05:32  [ 32] 002475 立讯精密  完成  日J=26.75 周J=28.42 月J=24.09 MA20=55.956 MA60=59.964 多头=0 价=55.86 涨=1.45%  PE=24.29(27.36%) PB=4.64(30.01%)
2026-09-09 21:05:33  [ 31] 603259 药明康德  完成  日J=52.91 周J=65.51 月J=83.39 MA20=158.789 MA60=136.988 多头=1 价=154.88 涨=-0.94%  PE=21.61(30.42%) PB=5.62(49.06%)
2026-09-09 21:05:33  [ 33] 600030 中信证券  完成  日J=0.11 周J=17.83 月J=73.62 MA20=27.546 MA60=28.014 多头=0 价=27.33 涨=-0.04%  PE=10.77(0.19%) PB=1.45(43.15%)
2026-09-09 21:05:34  [ 34] 603993 XD洛阳钼  完成  日J=52.76 周J=55.29 月J=11.64 MA20=18.699 MA60=18.715 多头=0 价=19.09 涨=1.3%  PE=14.68(13.56%) PB=4.55(91.56%)
2026-09-09 21:05:34  [ 36] 688347 华虹宏力  完成  日J=-2.85 周J=-9.32 月J=34.22 MA20=242.988 MA60=284.772 多头=0 价=224.0 涨=-0.36%  PE=555.17(65.38%) PB=8.23(90.28%)
2026-09-09 21:05:35  [ 35] 688235 百济神州  完成  日J=8.66 周J=14.89 月J=50.21 MA20=277.413 MA60=267.055 多头=1 价=256.8 涨=-1.27%  PE=92.5(88.42%) PB=11.18(69.8%)
2026-09-09 21:05:35  [ 38] 601869 长飞光纤  完成  日J=68.82 周J=90.67 月J=57.64 MA20=389.342 MA60=399.504 多头=0 价=442.03 涨=6.04%  PE=106.31(88.56%) PB=22.36(98.03%)
2026-09-09 21:05:35  [ 40] 002384 东山精密  完成  日J=58.4 周J=18.67 月J=52.53 MA20=195.531 MA60=215.437 多头=0 价=196.06 涨=5.17%  PE=100.17(89.66%) PB=14.74(96.44%)
2026-09-09 21:05:35  [ 37] 601166 兴业银行  完成  日J=88.15 周J=47.73 月J=42.4 MA20=18.011 MA60=17.864 多头=1 价=18.11 涨=-0.33%  PE=5.08(41.63%) PB=0.46(6.4%)
2026-09-09 21:05:35  [ 39] 600183 生益科技  完成  日J=57.92 周J=78.72 月J=62.6 MA20=139.57 MA60=142.462 多头=0 价=148.16 涨=1.29%  PE=69.28(97.25%) PB=19.45(98.81%)
2026-09-09 21:05:36  [ 41] 601319 中国人保  完成  日J=67.62 周J=83.06 月J=33.76 MA20=7.352 MA60=7.175 多头=1 价=7.9 涨=1.02%  PE=6.14(0.21%) PB=1.03(30.42%)
2026-09-09 21:05:37  [ 42] 601601 中国太保  完成  日J=52.14 周J=93.09 月J=21.43 MA20=31.794 MA60=30.737 多头=1 价=33.43 涨=-0.39%  PE=5.7(2.56%) PB=1.01(17.35%)
2026-09-09 21:05:37  [ 44] 002415 海康威视  完成  日J=28.29 周J=21.18 月J=66.84 MA20=34.703 MA60=34.5 多头=1 价=33.75 涨=0.3%  PE=18.82(6.69%) PB=3.67(17.73%)
2026-09-09 21:05:37  [ 43] 688012 中微公司  完成  日J=1.79 周J=9.27 月J=45.67 MA20=359.998 MA60=378.933 多头=0 价=333.0 涨=-0.9%  PE=75.39(38.78%) PB=10.62(70.74%)
2026-09-09 21:05:38  [ 47] 300059 东方财富  完成  日J=-0.04 周J=4.99 月J=21.01 MA20=19.167 MA60=19.815 多头=0 价=18.91 涨=0.37%  PE=20.52(1.56%) PB=3.04(8.68%)
2026-09-09 21:05:38  [ 45] 601211 国泰海通  完成  日J=7.64 周J=0.52 月J=43.99 MA20=17.74 MA60=18.187 多头=0 价=17.52 涨=0.11%  PE=9.53(3.65%) PB=0.93(25.37%)
2026-09-09 21:05:38  [ 48] 600150 中国船舶  完成  日J=103.74 周J=107.64 月J=59.95 MA20=34.821 MA60=34.654 多头=1 价=39.53 涨=1.15%  PE=21.21(25.7%) PB=1.95(44.62%)
2026-09-09 21:05:38  [ 49] 600276 恒瑞医药  完成  日J=10.84 周J=-15.15 月J=-3.82 MA20=48.148 MA60=51.685 多头=0 价=44.71 涨=-2.19%  PE=38.41(1.8%) PB=4.6(0.05%)
2026-09-09 21:05:39  [ 50] 300394 天孚通信  完成  日J=61.17 周J=83.96 月J=42.87 MA20=263.317 MA60=253.133 多头=1 价=258.03 涨=-0.18%  PE=121.2(95.12%) PB=45.04(96.49%)
2026-09-09 21:05:39  [ 46] 600000 浦发银行  完成  日J=57.77 周J=65.67 月J=28.8 MA20=9.167 MA60=8.97 多头=1 价=9.23 涨=-0.54%  PE=6.0(68.18%) PB=0.41(29.54%)
2026-09-09 21:05:40  [ 52] 603986 兆易创新  完成  日J=30.02 周J=6.12 月J=13.81 MA20=399.644 MA60=495.895 多头=0 价=381.87 涨=-1.06%  PE=33.9(11.0%) PB=7.21(41.44%)
2026-09-09 21:05:40  [ 56] 688808 联讯仪器  完成  日J=67.7 周J=92.14 月J=76.4 MA20=2363.195 MA60=2185.532 多头=1 价=2471.0 涨=-6.86%  PE=370.76(8.42%) PB=74.89(51.58%)
2026-09-09 21:05:40  [ 51] 000858 五 粮 液  完成  日J=48.91 周J=22.51 月J=7.81 MA20=71.876 MA60=72.881 多头=0 价=71.16 涨=-0.68%  PE=21.11(23.8%) PB=2.33(0.57%)
2026-09-09 21:05:41  [ 53] 002916 深南电路  完成  日J=92.81 周J=49.53 月J=54.52 MA20=360.7 MA60=377.612 多头=0 价=383.3 涨=0.21%  PE=62.65(93.88%) PB=14.48(94.36%)
2026-09-09 21:05:41  [ 55] 002379 宏桥控股  完成  日J=86.57 周J=70.79 月J=12.89 MA20=18.764 MA60=17.945 多头=1 价=19.68 涨=3.52%  PE=10.39(66.1%) PB=4.43(82.6%)
2026-09-09 21:05:41  [ 54] 601225 陕西煤业  完成  日J=26.02 周J=86.36 月J=91.13 MA20=26.117 MA60=24.36 多头=1 价=26.54 涨=3.23%  PE=12.61(90.66%) PB=2.54(91.23%)
2026-09-09 21:05:41  [ 58] 002714 牧原股份  完成  日J=74.36 周J=99.34 月J=58.06 MA20=41.04 MA60=38.832 多头=1 价=43.25 涨=0.05%  PE=-222.77(13.09%) PB=3.15(13.28%)
2026-09-09 21:05:42  [ 57] 601919 中远海控  完成  日J=28.02 周J=73.09 月J=87.2 MA20=16.517 MA60=15.176 多头=1 价=16.54 涨=2.48%  PE=9.44(58.46%) PB=1.08(42.48%)
2026-09-09 21:05:42  [ 59] 600309 万华化学  完成  日J=91.33 周J=107.79 月J=30.69 MA20=75.367 MA60=73.32 多头=1 价=78.87 涨=1.0%  PE=14.99(40.64%) PB=2.17(11.95%)
2026-09-09 21:05:42  [ 61] 000338 潍柴动力  完成  日J=86.72 周J=52.01 月J=51.99 MA20=27.901 MA60=27.838 多头=1 价=27.85 涨=4.66%  PE=18.53(83.97%) PB=2.5(83.97%)
2026-09-09 21:05:43  [ 60] 002463 沪电股份  完成  日J=87.17 周J=57.64 月J=59.7 MA20=119.969 MA60=124.873 多头=0 价=127.55 涨=2.12%  PE=48.48(94.4%) PB=13.64(98.2%)
2026-09-09 21:05:43  [ 63] 300408 三环集团  完成  日J=86.92 周J=49.89 月J=48.0 MA20=114.867 MA60=124.237 多头=0 价=117.77 涨=2.26%  PE=70.97(96.92%) PB=10.38(97.91%)
2026-09-09 21:05:43  [ 65] 688820 盛合晶微  完成  日J=23.23 周J=2.96 月J=16.45 MA20=131.369 MA60=153.151 多头=0 价=124.78 涨=-3.64%  PE=248.6(23.47%) PB=12.05(12.24%)
2026-09-09 21:05:43  [ 62] 688008 澜起科技  完成  日J=22.82 周J=6.67 月J=29.02 MA20=202.425 MA60=227.644 多头=0 价=195.3 涨=-0.18%  PE=77.55(44.95%) PB=11.08(70.4%)
2026-09-09 21:05:44  [ 64] 601816 京沪高铁  完成  日J=9.89 周J=51.37 月J=74.57 MA20=4.891 MA60=4.792 多头=1 价=4.8 涨=-0.41%  PE=17.23(1.12%) PB=1.12(1.43%)
2026-09-09 21:05:45  [ 68] 000001 平安银行  完成  日J=26.61 周J=89.93 月J=102.25 MA20=11.56 MA60=11.076 多头=1 价=11.7 涨=-0.68%  PE=5.22(34.9%) PB=0.48(12.66%)
2026-09-09 21:05:45  [ 67] 002142 宁波银行  完成  日J=71.38 周J=103.77 月J=98.72 MA20=33.727 MA60=31.88 多头=1 价=34.66 涨=0.0%  PE=7.35(36.42%) PB=0.94(31.82%)
2026-09-09 21:05:45  [ 66] 300476 胜宏科技  完成  日J=36.91 周J=47.25 月J=8.05 MA20=246.098 MA60=265.724 多头=0 价=233.51 涨=1.96%  PE=45.66(80.61%) PB=6.05(81.89%)
2026-09-09 21:05:45  [ 71] 000651 格力电器  完成  日J=38.69 周J=67.03 月J=92.37 MA20=38.837 MA60=37.825 多头=1 价=38.87 涨=1.51%  PE=7.81(30.63%) PB=1.47(3.84%)
2026-09-09 21:05:46  [ 72] 003816 中国广核  完成  日J=41.1 周J=95.93 月J=45.26 MA20=4.105 MA60=4.005 多头=1 价=4.3 涨=-0.23%  PE=21.88(90.16%) PB=1.76(80.33%)
2026-09-09 21:05:46  [ 69] 600919 江苏银行  完成  日J=67.49 周J=99.9 月J=108.92 MA20=12.043 MA60=11.558 多头=1 价=12.33 涨=0.57%  PE=6.26(86.06%) PB=0.83(92.27%)
2026-09-09 21:05:46  [ 70] 600188 兖矿能源  完成  日J=30.43 周J=89.26 月J=62.52 MA20=21.97 MA60=20.221 多头=1 价=22.15 涨=3.02%  PE=20.79(95.5%) PB=2.89(89.14%)
2026-09-09 21:05:46  [ 76] 688836 宇树科技-W  完成  日J=6.61 周J=None 月J=None MA20=None MA60=None 多头=None 价=513.93 涨=-1.86%  PE=355.79(6.25%) PB=72.18(6.25%)
2026-09-09 21:05:47  [ 73] 002938 鹏鼎控股  完成  日J=84.25 周J=40.24 月J=56.41 MA20=89.829 MA60=94.752 多头=0 价=92.45 涨=3.34%  PE=56.55(97.05%) PB=6.23(95.14%)
2026-09-09 21:05:47  [ 75] 688802 沐曦股份-U  完成  日J=-1.07 周J=-10.56 月J=23.94 MA20=675.572 MA60=749.55 多头=0 价=532.0 涨=-4.31%  PE=23925.42(96.07%) PB=15.35(2.25%)
2026-09-09 21:05:47  [ 74] 688498 源杰科技  完成  日J=95.88 周J=72.68 月J=73.59 MA20=1564.332 MA60=1554.564 多头=1 价=1718.0 涨=0.17%  PE=284.53(52.77%) PB=68.08(97.56%)
2026-09-09 21:05:47  [ 77] 000725 京东方Ａ  完成  日J=-5.43 周J=2.58 月J=30.22 MA20=5.851 MA60=6.419 多头=0 价=5.55 涨=-0.18%  PE=26.16(46.66%) PB=1.54(66.86%)
2026-09-09 21:05:48  [ 78] 603268 松发股份  完成  日J=88.24 周J=105.52 月J=99.51 MA20=186.073 MA60=165.506 多头=1 价=197.7 涨=2.75%  PE=35.86(47.98%) PB=15.42(82.6%)
2026-09-09 21:05:48  [ 79] 603288 海天味业  完成  日J=64.29 周J=9.96 月J=29.08 MA20=34.877 MA60=35.198 多头=0 价=34.36 涨=0.88%  PE=27.48(1.38%) PB=5.14(3.22%)
2026-09-09 21:05:49  [ 80] 601898 中煤能源  完成  日J=21.9 周J=91.44 月J=35.22 MA20=14.667 MA60=13.683 多头=1 价=15.13 涨=1.54%  PE=10.94(57.61%) PB=1.21(94.5%)
2026-09-09 21:05:49  [ 81] 300760 迈瑞医疗  完成  日J=60.45 周J=101.34 月J=50.85 MA20=159.79 MA60=149.891 多头=1 价=165.2 涨=-2.79%  PE=25.46(15.89%) PB=4.94(4.95%)
2026-09-09 21:05:49  [ 82] 600690 海尔智家  完成  日J=45.14 周J=70.59 月J=35.8 MA20=21.184 MA60=20.583 多头=1 价=21.3 涨=-0.56%  PE=11.11(6.83%) PB=1.66(3.75%)
2026-09-09 21:05:49  [ 83] 601066 中信建投  完成  日J=-4.72 周J=-1.71 月J=41.86 MA20=25.115 MA60=26.336 多头=0 价=24.25 涨=-0.45%  PE=14.96(0.65%) PB=2.15(13.31%)
2026-09-09 21:05:50  [ 84] 601336 新华保险  完成  日J=5.18 周J=40.94 月J=11.06 MA20=59.723 MA60=60.426 多头=0 价=59.93 涨=-0.22%  PE=4.22(0.09%) PB=1.51(43.76%)
2026-09-09 21:05:50  [ 85] 600031 三一重工  完成  日J=80.02 周J=79.98 月J=44.74 MA20=19.319 MA60=19.06 多头=1 价=20.22 涨=1.25%  PE=20.93(46.42%) PB=2.02(20.2%)
2026-09-09 21:05:51  [ 86] 601985 中国核电  完成  日J=58.54 周J=78.42 月J=83.41 MA20=8.877 MA60=8.86 多头=1 价=9.03 涨=1.12%  PE=25.52(99.72%) PB=1.57(39.54%)
2026-09-09 21:05:51  [ 90] 688795 摩尔线程-U  完成  日J=2.68 周J=-4.73 月J=3.99 MA20=524.074 MA60=598.785 多头=0 价=387.15 涨=-3.24%  PE=-245.44(72.58%) PB=14.94(0.54%)
2026-09-09 21:05:51  [ 87] 300433 蓝思科技  完成  日J=-6.81 周J=27.01 月J=27.74 MA20=36.981 MA60=40.499 多头=0 价=35.12 涨=1.5%  PE=53.71(81.98%) PB=3.51(80.32%)
2026-09-09 21:05:51  [ 88] 688072 拓荆科技  完成  日J=18.3 周J=3.43 月J=45.96 MA20=670.488 MA60=693.517 多头=0 价=631.18 涨=-0.13%  PE=84.78(34.68%) PB=14.5(80.41%)
2026-09-09 21:05:51  [ 89] 600989 宝丰能源  完成  日J=69.51 周J=107.31 月J=24.55 MA20=23.535 MA60=22.32 多头=1 价=24.91 涨=2.13%  PE=11.89(1.46%) PB=3.31(67.28%)
2026-09-09 21:05:52  [ 92] 601668 中国建筑  完成  日J=52.11 周J=24.19 月J=42.79 MA20=4.397 MA60=4.426 多头=0 价=4.39 涨=0.46%  PE=5.73(78.05%) PB=0.37(0.52%)
2026-09-09 21:05:53  [ 93] 300274 阳光电源  完成  日J=6.45 周J=-0.54 月J=-17.6 MA20=102.186 MA60=115.842 多头=0 价=87.0 涨=-0.97%  PE=16.42(26.13%) PB=3.6(32.05%)
2026-09-09 21:05:53  [ 95] 601818 光大银行  完成  日J=70.82 周J=38.6 月J=44.93 MA20=3.029 MA60=3.029 多头=0 价=3.03 涨=-0.33%  PE=5.44(62.54%) PB=0.35(1.0%)
2026-09-09 21:05:53  [ 97] 601688 华泰证券  完成  日J=21.56 周J=42.29 月J=18.83 MA20=19.079 MA60=19.632 多头=0 价=19.32 涨=0.26%  PE=8.5(0.14%) PB=0.98(34.9%)
2026-09-09 21:05:54  [ 96] 601766 中国中车  完成  日J=10.47 周J=99.35 月J=63.99 MA20=6.132 MA60=5.767 多头=1 价=6.16 涨=-0.48%  PE=12.69(5.93%) PB=1.0(13.89%)
2026-09-09 21:05:54  [ 99] 301666 大普微-UW  完成  日J=-5.85 周J=7.99 月J=13.47 MA20=429.048 MA60=503.441 多头=0 价=397.32 涨=-3.02%  PE=143.59(11.88%) PB=47.53(4.95%)
2026-09-09 21:05:55  [ 94] 600406 国电南瑞  完成  日J=14.89 周J=29.2 月J=2.99 MA20=23.05 MA60=23.17 多头=0 价=22.45 涨=0.18%  PE=21.47(11.33%) PB=3.46(25.23%)
2026-09-09 21:05:55  [ 91] 600025 华能水电  完成  日J=33.19 周J=31.49 月J=63.82 MA20=9.681 MA60=9.623 多头=1 价=9.75 涨=1.46%  PE=21.96(78.57%) PB=2.6(73.54%)
2026-09-09 21:05:55  [ 98] 302132 中航成飞  完成  日J=73.48 周J=106.57 月J=28.11 MA20=59.783 MA60=57.984 多头=1 价=65.15 涨=4.73%  PE=53.92(74.21%) PB=8.33(63.73%)
2026-09-09 21:05:55  [100] 601600 中国铝业  完成  日J=80.46 周J=103.99 月J=13.28 MA20=9.565 MA60=9.14 多头=1 价=10.03 涨=2.98%  PE=9.85(5.41%) PB=2.04(82.03%)
2026-09-09 21:05:56  [102] 002352 顺丰控股  完成  日J=-2.86 周J=5.01 月J=20.21 MA20=32.547 MA60=32.854 多头=0 价=31.62 涨=-0.69%  PE=15.3(1.61%) PB=1.62(0.14%)
2026-09-09 21:05:56  [103] 301377 鼎泰高科  完成  日J=47.08 周J=28.56 月J=39.28 MA20=411.927 MA60=451.318 多头=0 价=392.0 涨=-1.75%  PE=174.42(84.94%) PB=53.22(93.72%)
2026-09-09 21:05:56  [101] 300604 长川科技  完成  日J=28.4 周J=15.74 月J=52.57 MA20=276.508 MA60=289.197 多头=0 价=263.11 涨=-1.63%  PE=90.93(38.36%) PB=30.17(97.44%)
2026-09-09 21:05:57  [105] 600176 中国巨石  完成  日J=33.92 周J=27.75 月J=31.01 MA20=42.309 MA60=48.166 多头=0 价=42.67 涨=3.09%  PE=37.69(93.74%) PB=5.15(97.96%)
2026-09-09 21:05:57  [106] 600547 山东黄金  完成  日J=43.06 周J=102.39 月J=24.98 MA20=34.854 MA60=29.006 多头=1 价=36.25 涨=0.67%  PE=30.53(10.62%) PB=5.04(78.0%)
2026-09-09 21:05:58  [104] 600487 亨通光电  完成  日J=26.72 周J=61.66 月J=28.78 MA20=64.326 MA60=71.876 多头=0 价=66.62 涨=5.56%  PE=39.25(94.45%) PB=4.87(95.12%)
2026-09-09 21:05:58  [107] 000776 广发证券  完成  日J=22.57 周J=52.42 月J=57.65 MA20=21.27 MA60=21.562 多头=0 价=21.64 涨=0.05%  PE=8.97(0.14%) PB=1.23(64.25%)
2026-09-09 21:05:58  全部完成，结果已写入 /home/runner/work/daily-stock-metrics/daily-stock-metrics/output/2026-09-09/metrics_2026-09-09.csv
2026-09-09 21:05:58  步骤2完成 -> /home/runner/work/daily-stock-metrics/daily-stock-metrics/output/2026-09-09/metrics_2026-09-09.csv
2026-09-09 21:05:58  步骤2.5: 获取全市场大盘温度（活跃市值指标）…
2026-09-09 21:07:12  步骤2.5完成
2026-09-09 21:07:12  步骤2.6: 本地聚合 → 行业板块温度 / 大盘宽度仪表盘 / 机会榜
2026-09-09 21:07:12    - 板块温度: 12 个行业
2026-09-09 21:07:12    - 机会榜: 超跌 22 / 超买 12
2026-09-09 21:07:12  步骤2.6完成
2026-09-09 21:07:12  步骤3: 生成 HTML 总结报告…
2026-09-09 21:07:13  步骤3完成 -> /home/runner/work/daily-stock-metrics/daily-stock-metrics/output/2026-09-09/report_2026-09-09.html
2026-09-09 21:07:13  步骤4: 生成个股股价走势图（含每日信号）…
2026-09-09 21:07:13  步骤4完成 -> /home/runner/work/daily-stock-metrics/daily-stock-metrics/output/stock_charts.html
2026-09-09 21:07:13  步骤4.5: 生成昨日推荐回顾…
2026-09-09 21:07:13  步骤4.5完成 -> 已追加昨日推荐回顾
2026-09-09 21:07:13  步骤5: 发送邮件报告…
2026-09-09 21:07:17  步骤5完成: 邮件已发送
2026-09-09 21:07:17  ===== 全部完成 2026-09-09 =====
2026-09-09 21:34:59  今日(2026-09-09)已完成，跳过。结果目录: /home/runner/work/daily-stock-metrics/daily-stock-metrics/output/2026-09-09
2026-09-09 21:51:39  今日(2026-09-09)已完成，跳过。结果目录: /home/runner/work/daily-stock-metrics/daily-stock-metrics/output/2026-09-09
2026-09-09 23:00:30  今日(2026-09-09)已完成，跳过。结果目录: /home/runner/work/daily-stock-metrics/daily-stock-metrics/output/2026-09-09
