2026-09-03 20:55:38  ===== 开始每日港股通指标任务 2026-09-03 =====
2026-09-03 20:55:38  步骤1: 获取港股通总市值前100标的...
获取港股通标的列表(共取市值前 100 只)...
接口返回 100 只港股通标的
2026-09-03 20:55:40  步骤1完成 -> /home/runner/work/daily-stock-metrics/daily-stock-metrics/output_hk/2026-09-03/hk_list_2026-09-03.csv
2026-09-03 20:55:40  步骤2: 计算 KDJ-J(日/周/月)...
2026-09-03 20:55:40  步骤2: 计算指标...
2026-09-03 20:55:40  观察池: 共102只(含历史追踪2只)
2026-09-03 20:55:40  待处理 102 条，并发数 8
2026-09-03 20:55:42  [  4] 03750 宁德时代  完成  日J=-2.27 周J=10.91 月J=28.24 MA20=625.825 MA60=644.383 多头=0 价=567.5 涨=0.53%  PE=27.25(None%) PB=6.01(None%)
2026-09-03 20:55:43  [  5] 00939 建设银行  完成  日J=81.9 周J=98.95 月J=96.64 MA20=9.116 MA60=8.736 多头=1 价=9.56 涨=-1.09%  PE=6.37(None%) PB=0.61(None%)
2026-09-03 20:55:43  [  7] 09988 阿里巴巴-W  完成  日J=1.46 周J=54.16 月J=17.78 MA20=118.915 MA60=112.013 多头=1 价=107.5 涨=-2.18%  PE=25.16(None%) PB=1.7(None%)
2026-09-03 20:55:43  [  3] 01398 工商银行  完成  日J=63.35 周J=92.86 月J=91.03 MA20=7.389 MA60=7.103 多头=1 价=7.54 涨=-1.89%  PE=6.35(None%) PB=0.59(None%)
2026-09-03 20:55:43  [  2] 00005 汇丰控股  完成  日J=75.7 周J=61.48 月J=88.99 MA20=161.895 MA60=156.58 多头=1 价=163.5 涨=0.55%  PE=14.89(None%) PB=2.07(None%)
2026-09-03 20:55:43  [  8] 03988 中国银行  完成  日J=89.64 周J=103.12 月J=99.14 MA20=5.499 MA60=5.312 多头=1 价=5.95 涨=-0.83%  PE=6.79(None%) PB=0.61(None%)
2026-09-03 20:55:43  [  1] 00700 腾讯控股  完成  日J=-3.01 周J=20.9 月J=4.71 MA20=450.7 MA60=453.243 多头=0 价=433.0 涨=-1.19%  PE=14.77(None%) PB=3.01(None%)
2026-09-03 20:55:43  [  6] 01288 农业银行  完成  日J=71.74 周J=90.94 月J=91.97 MA20=6.147 MA60=5.885 多头=1 价=6.39 涨=-2.81%  PE=6.63(None%) PB=0.68(None%)
2026-09-03 20:55:44  [ 13] 03308 中际旭创  完成  日J=7.39 周J=28.64 月J=None MA20=1079.7 MA60=None 多头=None 价=995.0 涨=-0.1%  PE=50.32(None%) PB=24.18(None%)
2026-09-03 20:55:44  [  9] 00857 中国石油股份  完成  日J=31.96 周J=99.33 月J=37.76 MA20=9.872 MA60=9.616 多头=1 价=10.02 涨=-0.79%  PE=9.15(None%) PB=0.97(None%)
2026-09-03 20:55:44  [ 10] 00941 中国移动  完成  日J=6.17 周J=42.73 月J=27.48 MA20=81.065 MA60=80.508 多头=1 价=79.25 涨=-0.31%  PE=11.44(None%) PB=1.02(None%)
2026-09-03 20:55:45  [ 11] 03968 招商银行  完成  日J=97.18 周J=93.69 月J=87.82 MA20=49.312 MA60=48.057 多头=1 价=51.9 涨=0.29%  PE=7.6(None%) PB=0.99(None%)
2026-09-03 20:55:45  [ 12] 00883 中国海洋石油  完成  日J=25.71 周J=107.14 月J=31.95 MA20=24.565 MA60=23.359 多头=1 价=24.74 涨=-1.12%  PE=7.46(None%) PB=1.19(None%)
2026-09-03 20:55:45  [ 14] 02318 中国平安  完成  日J=57.04 周J=82.39 月J=14.8 MA20=55.96 MA60=55.412 多头=1 价=56.95 涨=2.71%  PE=5.69(None%) PB=0.87(None%)
2026-09-03 20:55:45  [ 15] 01088 中国神华  完成  日J=8.35 周J=96.19 月J=51.05 MA20=44.537 MA60=43.13 多头=1 价=44.78 涨=-1.67%  PE=15.57(None%) PB=1.84(None%)
2026-09-03 20:55:45  [ 16] 02899 紫金矿业  完成  日J=16.47 周J=89.11 月J=36.5 MA20=36.542 MA60=32.922 多头=1 价=36.34 涨=1.51%  PE=12.57(None%) PB=4.16(None%)
2026-09-03 20:55:46  [ 17] 02628 中国人寿  完成  日J=81.65 周J=86.44 月J=41.82 MA20=28.36 MA60=28.472 多头=0 价=29.92 涨=-0.2%  PE=3.01(None%) PB=1.11(None%)
2026-09-03 20:55:46  [ 21] 01810 小米集团-W  完成  日J=15.11 周J=59.49 月J=33.64 MA20=27.275 MA60=26.304 多头=1 价=27.44 涨=-2.21%  PE=18.9(None%) PB=2.28(None%)
2026-09-03 20:55:46  [ 20] 00300 美的集团  完成  日J=77.61 周J=98.73 月J=103.48 MA20=97.868 MA60=92.939 多头=1 价=100.5 涨=0.55%  PE=15.16(None%) PB=3.12(None%)
2026-09-03 20:55:46  [ 18] 01299 友邦保险  完成  日J=90.96 周J=71.6 月J=20.21 MA20=74.138 MA60=74.693 多头=0 价=77.3 涨=1.71%  PE=12.84(None%) PB=2.51(None%)
2026-09-03 20:55:46  [ 19] 01211 比亚迪股份  完成  日J=-1.89 周J=51.15 月J=43.3 MA20=90.07 MA60=86.898 多头=1 价=85.7 涨=0.53%  PE=23.47(None%) PB=2.83(None%)
2026-09-03 20:55:47  [ 24] 09999 网易  完成  日J=-3.45 周J=-1.52 月J=27.9 MA20=194.75 MA60=198.185 多头=0 价=183.0 涨=-2.03%  PE=15.88(None%) PB=3.05(None%)
2026-09-03 20:55:47  [ 23] 01658 邮储银行  完成  日J=86.2 周J=86.97 月J=87.49 MA20=4.993 MA60=4.921 多头=1 价=5.38 涨=-2.71%  PE=6.33(None%) PB=0.54(None%)
2026-09-03 20:55:47  [ 22] 03328 交通银行  完成  日J=81.79 周J=97.49 月J=99.78 MA20=7.497 MA60=7.279 多头=1 价=7.86 涨=-0.88%  PE=6.28(None%) PB=0.52(None%)
2026-09-03 20:55:48  [ 29] 02513 智谱  完成  日J=59.4 周J=13.31 月J=22.24 MA20=1142.0 MA60=1378.55 多头=0 价=1108.0 涨=-0.81%  PE=-103.01(None%) PB=97.14(None%)
2026-09-03 20:55:48  [ 26] 02359 药明康德  完成  日J=20.02 周J=73.9 月J=84.25 MA20=198.87 MA60=166.532 多头=1 价=192.2 涨=-0.77%  PE=23.02(None%) PB=5.94(None%)
2026-09-03 20:55:48  [ 25] 00981 中芯国际  完成  日J=31.31 周J=26.17 月J=40.39 MA20=69.72 MA60=72.862 多头=0 价=68.05 涨=-0.29%  PE=71.73(None%) PB=2.95(None%)
2026-09-03 20:55:48  [ 27] 00386 中国石油化工股份  完成  日J=77.3 周J=104.17 月J=36.56 MA20=4.499 MA60=4.303 多头=1 价=4.72 涨=-0.53%  PE=14.11(None%) PB=0.59(None%)
2026-09-03 20:55:48  [ 28] 02388 中银香港  完成  日J=91.6 周J=95.2 月J=96.45 MA20=50.742 MA60=48.575 多头=1 价=52.1 涨=-1.04%  PE=13.21(None%) PB=1.53(None%)
2026-09-03 20:55:48  [ 32] 03690 美团-W  完成  日J=37.82 周J=28.78 月J=43.71 MA20=84.263 MA60=81.645 多头=1 价=77.65 涨=-1.4%  PE=-11.24(None%) PB=2.46(None%)
2026-09-03 20:55:48  [ 30] 00388 香港交易所  完成  日J=0.56 周J=80.14 月J=59.32 MA20=413.04 MA60=396.31 多头=1 价=403.4 涨=-0.25%  PE=25.83(None%) PB=8.43(None%)
2026-09-03 20:55:49  [ 31] 02888 渣打集团  完成  日J=55.57 周J=70.33 月J=94.53 MA20=233.31 MA60=224.017 多头=1 价=233.4 涨=1.04%  PE=12.06(None%) PB=1.41(None%)
2026-09-03 20:55:50  [ 34] 02475 立讯精密  完成  日J=52.7 周J=67.1 月J=None MA20=61.777 MA60=None 多头=None 价=60.25 涨=-5.27%  PE=23.17(None%) PB=4.11(None%)
2026-09-03 20:55:50  [ 33] 09633 农夫山泉  完成  日J=8.61 周J=47.87 月J=10.1 MA20=42.693 MA60=42.299 多头=1 价=41.52 涨=-0.67%  PE=24.02(None%) PB=10.91(None%)
2026-09-03 20:55:50  [ 36] 02259 紫金黄金国际  完成  日J=51.72 周J=111.19 月J=30.14 MA20=146.435 MA60=120.673 多头=1 价=160.2 涨=7.09%  PE=21.7(None%) PB=5.85(None%)
2026-09-03 20:55:50  [ 35] 00998 中信银行  完成  日J=78.46 周J=107.7 月J=88.38 MA20=7.851 MA60=7.444 多头=1 价=8.36 涨=-1.24%  PE=5.71(None%) PB=0.54(None%)
2026-09-03 20:55:50  [ 37] 00728 中国电信  完成  日J=2.75 周J=76.89 月J=27.26 MA20=4.736 MA60=4.645 多头=1 价=4.63 涨=-2.73%  PE=12.44(None%) PB=0.78(None%)
2026-09-03 20:55:50  [ 38] 06030 中信证券  完成  日J=44.59 周J=28.34 月J=48.2 MA20=26.798 MA60=27.16 多头=0 价=26.78 涨=1.44%  PE=9.28(None%) PB=1.17(None%)
2026-09-03 20:55:50  [ 39] 02328 中国财险  完成  日J=95.79 周J=97.6 月J=98.13 MA20=16.074 MA60=15.388 多头=1 价=17.45 涨=1.16%  PE=7.05(None%) PB=1.11(None%)
2026-09-03 20:55:51  [ 40] 00267 中信股份  完成  日J=74.09 周J=104.43 月J=75.7 MA20=12.586 MA60=12.079 多头=1 价=13.27 涨=-1.7%  PE=5.54(None%) PB=0.42(None%)
2026-09-03 20:55:52  [ 43] 06160 百济神州  完成  日J=15.65 周J=78.74 月J=79.85 MA20=219.64 MA60=193.905 多头=1 价=218.2 涨=-0.55%  PE=65.68(None%) PB=8.29(None%)
2026-09-03 20:55:52  [ 41] 00992 联想集团  完成  日J=68.04 周J=61.33 月J=91.17 MA20=30.53 MA60=25.721 多头=1 价=30.54 涨=-0.2%  PE=60.67(None%) PB=6.7(None%)
2026-09-03 20:55:52  [ 42] 03993 洛阳钼业  完成  日J=23.4 周J=55.97 月J=5.75 MA20=17.345 MA60=16.916 多头=1 价=16.62 涨=3.49%  PE=11.25(None%) PB=3.44(None%)
2026-09-03 20:55:52  [ 45] 03986 兆易创新  完成  日J=17.59 周J=2.56 月J=9.77 MA20=497.865 MA60=648.702 多头=0 价=466.8 涨=-1.14%  PE=36.16(None%) PB=7.63(None%)
2026-09-03 20:55:52  [ 46] 06809 澜起科技  完成  日J=25.6 周J=5.64 月J=27.01 MA20=273.79 MA60=322.57 多头=0 价=258.4 涨=-1.3%  PE=90.01(None%) PB=12.75(None%)
2026-09-03 20:55:52  [ 47] 01276 恒瑞医药  完成  日J=20.33 周J=-0.36 月J=-6.14 MA20=50.951 MA60=54.959 多头=0 价=46.16 涨=1.45%  PE=34.82(None%) PB=4.13(None%)
2026-09-03 20:55:52  [ 44] 00016 新鸿基地产  完成  日J=5.43 周J=47.65 月J=27.37 MA20=119.45 MA60=118.425 多头=1 价=115.3 涨=0.44%  PE=15.19(None%) PB=0.54(None%)
2026-09-03 20:55:53  [ 48] 02601 中国太保  完成  日J=88.63 周J=97.38 月J=19.96 MA20=29.419 MA60=29.317 多头=1 价=31.12 涨=1.97%  PE=4.67(None%) PB=0.81(None%)
2026-09-03 20:55:54  [ 49] 01339 中国人民保险集团  完成  日J=101.19 周J=99.59 月J=39.94 MA20=5.358 MA60=5.232 多头=1 价=6.14 涨=2.76%  PE=4.18(None%) PB=0.69(None%)
2026-09-03 20:55:54  [ 50] 02338 潍柴动力  完成  日J=24.21 周J=27.2 月J=40.54 MA20=33.348 MA60=34.223 多头=0 价=31.26 涨=3.17%  PE=18.27(None%) PB=2.45(None%)
2026-09-03 20:55:54  [ 52] 02611 国泰海通  完成  日J=21.71 周J=52.84 月J=39.51 MA20=14.861 MA60=14.864 多头=0 价=15.16 涨=1.13%  PE=7.23(None%) PB=0.7(None%)
2026-09-03 20:55:54  [ 51] 02378 保诚  完成  日J=18.57 周J=15.48 月J=23.28 MA20=108.445 MA60=108.431 多头=1 价=106.9 涨=1.71%  PE=9.41(None%) PB=1.73(None%)
2026-09-03 20:55:54  [ 54] 01919 中远海控  完成  日J=7.48 周J=91.6 月J=85.22 MA20=16.68 MA60=15.164 多头=1 价=17.03 涨=1.43%  PE=8.56(None%) PB=0.97(None%)
2026-09-03 20:55:54  [ 55] 00669 创科实业  完成  日J=5.59 周J=35.81 月J=76.13 MA20=139.97 MA60=131.74 多头=1 价=130.6 涨=-0.08%  PE=23.44(None%) PB=4.09(None%)
2026-09-03 20:55:54  [ 53] 00001 长和  完成  日J=13.32 周J=50.5 月J=78.41 MA20=70.562 MA60=69.872 多头=1 价=68.9 涨=-0.51%  PE=6.98(None%) PB=0.46(None%)
2026-09-03 20:55:55  [ 56] 01378 中国宏桥  完成  日J=41.11 周J=80.98 月J=-2.76 MA20=23.325 MA60=22.964 多头=1 价=23.26 涨=2.74%  PE=7.29(None%) PB=1.49(None%)
2026-09-03 20:55:55  [ 57] 06951 三环集团  完成  日J=31.57 周J=60.55 月J=None MA20=114.36 MA60=None 多头=None 价=110.3 涨=4.45%  PE=58.47(None%) PB=8.11(None%)
2026-09-03 20:55:55  [ 58] 03692 翰森制药  完成  日J=89.37 周J=97.32 月J=38.7 MA20=33.86 MA60=32.206 多头=1 价=35.96 涨=2.39%  PE=28.63(None%) PB=5.01(None%)
2026-09-03 20:55:56  [ 59] 01109 华润置地  完成  日J=17.52 周J=43.28 月J=17.72 MA20=33.199 MA60=33.06 多头=1 价=30.46 涨=3.46%  PE=8.21(None%) PB=0.65(None%)
2026-09-03 20:55:56  [ 60] 02020 安踏体育  完成  日J=53.82 周J=55.27 月J=50.44 MA20=74.765 MA60=74.234 多头=1 价=75.85 涨=-0.72%  PE=11.62(None%) PB=2.57(None%)
2026-09-03 20:55:56  [ 61] 02269 药明生物  完成  日J=22.13 周J=86.98 月J=87.02 MA20=48.438 MA60=40.169 多头=1 价=50.7 涨=2.97%  PE=37.03(None%) PB=3.8(None%)
2026-09-03 20:55:56  [ 63] 02714 牧原股份  完成  日J=90.8 周J=99.49 月J=30.27 MA20=34.409 MA60=32.653 多头=1 价=35.82 涨=-1.81%  PE=-147.9(None%) PB=2.27(None%)
2026-09-03 20:55:56  [ 62] 01347 华虹宏力  完成  日J=83.75 周J=0.73 月J=23.55 MA20=125.135 MA60=149.412 多头=0 价=119.8 涨=1.96%  PE=259.47(None%) PB=3.72(None%)
2026-09-03 20:55:56  [ 64] 09992 泡泡玛特  完成  日J=55.57 周J=45.55 月J=3.46 MA20=153.855 MA60=158.907 多头=0 价=153.4 涨=-0.52%  PE=13.68(None%) PB=7.69(None%)
2026-09-03 20:55:57  [ 66] 02476 胜宏科技  完成  日J=-3.65 周J=28.89 月J=-0.65 MA20=233.43 MA60=265.027 多头=0 价=201.0 涨=-0.4%  PE=34.58(None%) PB=4.53(None%)
2026-09-03 20:55:57  [ 65] 00066 港铁公司  完成  日J=12.2 周J=62.5 月J=21.97 MA20=32.727 MA60=32.116 多头=1 价=32.16 涨=0.37%  PE=8.76(None%) PB=0.98(None%)
2026-09-03 20:55:57  [ 70] 06031 三一重工  完成  日J=63.02 周J=39.92 月J=13.93 MA20=19.071 MA60=19.648 多头=0 价=19.57 涨=2.35%  PE=17.74(None%) PB=1.7(None%)
2026-09-03 20:55:57  [ 67] 06690 海尔智家  完成  日J=42.16 周J=46.9 月J=19.25 MA20=21.22 MA60=21.014 多头=1 价=21.18 涨=1.53%  PE=9.69(None%) PB=1.44(None%)
2026-09-03 20:55:58  [ 68] 00002 中电控股  完成  日J=3.21 周J=62.11 月J=78.64 MA20=78.35 MA60=76.476 多头=1 价=76.6 涨=0.0%  PE=17.85(None%) PB=1.75(None%)
2026-09-03 20:55:58  [ 69] 00175 吉利汽车  完成  日J=3.65 周J=17.6 月J=14.98 MA20=18.161 MA60=18.488 多头=0 价=17.22 涨=0.94%  PE=9.79(None%) PB=1.71(None%)
2026-09-03 20:55:58  [ 71] 01801 信达生物  完成  日J=15.35 周J=80.1 月J=80.44 MA20=100.017 MA60=89.961 多头=1 价=102.6 涨=0.79%  PE=125.24(None%) PB=7.47(None%)
2026-09-03 20:55:58  [ 72] 00762 中国联通  完成  日J=18.64 周J=12.04 月J=1.97 MA20=5.934 MA60=6.394 多头=0 价=5.61 涨=0.63%  PE=9.49(None%) PB=0.4(None%)
2026-09-03 20:55:59  [ 75] 03288 海天味业  完成  日J=-6.73 周J=2.81 月J=-2.54 MA20=31.032 MA60=31.14 多头=0 价=27.96 涨=0.5%  PE=19.64(None%) PB=3.64(None%)
2026-09-03 20:55:59  [ 73] 06818 中国光大银行  完成  日J=13.66 周J=11.74 月J=1.86 MA20=2.983 MA60=3.077 多头=0 价=2.81 涨=-1.75%  PE=4.43(None%) PB=0.28(None%)
2026-09-03 20:55:59  [ 76] 06936 顺丰控股  完成  日J=12.17 周J=35.2 月J=34.56 MA20=32.287 MA60=31.819 多头=1 价=30.9 涨=-0.52%  PE=13.15(None%) PB=1.37(None%)
2026-09-03 20:55:59  [ 74] 01038 长江基建集团  完成  日J=21.05 周J=89.64 月J=78.11 MA20=64.265 MA60=61.71 多头=1 价=65.0 涨=0.31%  PE=6.51(None%) PB=1.11(None%)
2026-09-03 20:55:59  [ 78] 00788 中国铁塔  完成  日J=33.78 周J=26.18 月J=7.8 MA20=9.323 MA60=9.406 多头=0 价=9.16 涨=0.16%  PE=10.62(None%) PB=0.68(None%)
2026-09-03 20:56:00  [ 79] 02423 贝壳-W  完成  日J=31.11 周J=89.8 月J=72.98 MA20=45.58 MA60=42.878 多头=1 价=46.44 涨=-0.51%  PE=29.47(None%) PB=2.13(None%)
2026-09-03 20:56:00  [ 77] 01113 长实集团  完成  日J=34.82 周J=59.46 月J=44.58 MA20=46.362 MA60=46.246 多头=1 价=46.36 涨=1.36%  PE=12.27(None%) PB=0.41(None%)
2026-09-03 20:56:00  [ 80] 06886 华泰证券  完成  日J=81.33 周J=91.05 月J=38.0 MA20=17.053 MA60=16.931 多头=1 价=17.55 涨=-0.34%  PE=6.79(None%) PB=0.77(None%)
2026-09-03 20:56:01  [ 82] 01816 中广核电力  完成  日J=86.21 周J=107.43 月J=24.35 MA20=2.891 MA60=2.852 多头=1 价=3.05 涨=1.16%  PE=13.61(None%) PB=1.08(None%)
2026-09-03 20:56:01  [ 81] 01988 民生银行  完成  日J=90.77 周J=67.7 月J=38.99 MA20=3.448 MA60=3.431 多头=1 价=3.54 涨=-0.84%  PE=4.72(None%) PB=0.23(None%)
2026-09-03 20:56:01  [ 83] 01336 新华保险  完成  日J=71.66 周J=86.52 月J=10.89 MA20=46.912 MA60=47.951 多头=0 价=49.16 涨=3.54%  PE=3.06(None%) PB=1.08(None%)
2026-09-03 20:56:01  [ 84] 01898 中煤能源  完成  日J=15.25 周J=95.04 月J=19.46 MA20=11.385 MA60=10.898 多头=1 价=11.44 涨=-2.14%  PE=8.69(None%) PB=0.79(None%)
2026-09-03 20:56:01  [ 87] 09973 奇瑞汽车  完成  日J=14.35 周J=60.52 月J=17.71 MA20=25.812 MA60=25.703 多头=1 价=25.46 涨=-0.39%  PE=7.29(None%) PB=2.37(None%)
2026-09-03 20:56:01  [ 85] 01766 中国中车  完成  日J=22.95 周J=100.55 月J=45.76 MA20=5.172 MA60=4.996 多头=1 价=5.26 涨=-0.38%  PE=9.53(None%) PB=0.74(None%)
2026-09-03 20:56:01  [ 86] 02600 中国铝业  完成  日J=73.18 周J=96.15 月J=-2.57 MA20=8.502 MA60=8.331 多头=1 价=8.76 涨=2.82%  PE=7.53(None%) PB=1.54(None%)
2026-09-03 20:56:02  [ 88] 01888 建滔积层板  完成  日J=96.39 周J=22.78 月J=21.32 MA20=40.06 MA60=54.692 多头=0 价=46.68 涨=3.18%  PE=33.47(None%) PB=8.02(None%)
2026-09-03 20:56:03  [ 90] 03606 福耀玻璃  完成  日J=41.28 周J=63.33 月J=35.0 MA20=56.165 MA60=54.34 多头=1 价=55.45 涨=0.18%  PE=15.05(None%) PB=3.29(None%)
2026-09-03 20:56:03  [ 89] 00027 银河娱乐  完成  日J=12.67 周J=71.1 月J=25.35 MA20=34.324 MA60=32.413 多头=1 价=33.44 涨=-0.06%  PE=13.67(None%) PB=1.73(None%)
2026-09-03 20:56:03  [ 91] 00688 中国海外发展  完成  日J=27.39 周J=58.01 月J=25.95 MA20=13.529 MA60=13.453 多头=1 价=13.17 涨=2.33%  PE=11.34(None%) PB=0.32(None%)
2026-09-03 20:56:03  [ 93] 01024 快手-W  完成  日J=24.2 周J=-5.47 月J=-10.04 MA20=37.026 MA60=41.617 多头=0 价=32.76 涨=-2.62%  PE=7.96(None%) PB=1.5(None%)
2026-09-03 20:56:03  [ 92] 01776 广发证券  完成  日J=66.95 周J=90.08 月J=76.07 MA20=17.651 MA60=17.276 多头=1 价=18.33 涨=0.94%  PE=6.67(None%) PB=0.9(None%)
2026-09-03 20:56:03  [ 94] 01972 太古地产  完成  日J=19.7 周J=84.58 月J=49.18 MA20=24.35 MA60=22.696 多头=1 价=24.12 涨=0.5%  PE=42.08(None%) PB=0.51(None%)
2026-09-03 20:56:03  [ 95] 06869 长飞光纤光缆  完成  日J=64.18 周J=63.12 月J=34.21 MA20=147.155 MA60=165.841 多头=0 价=164.0 涨=-3.19%  PE=34.43(None%) PB=7.21(None%)
2026-09-03 20:56:04  [ 96] 06099 招商证券  完成  日J=54.36 周J=29.93 月J=52.64 MA20=15.216 MA60=15.812 多头=0 价=15.45 涨=0.59%  PE=6.65(None%) PB=0.93(None%)
2026-09-03 20:56:04  [ 97] 01377 鼎泰高科  完成  日J=-2.08 周J=31.84 月J=None MA20=349.69 MA60=None 多头=None 价=313.0 涨=-2.19%  PE=122.12(None%) PB=35.81(None%)
2026-09-03 20:56:05  [ 99] 01171 兖矿能源  完成  日J=35.91 周J=102.91 月J=37.78 MA20=12.918 MA60=12.194 多头=1 价=13.19 涨=-1.49%  PE=10.17(None%) PB=1.51(None%)
2026-09-03 20:56:05  [100] 00358 江西铜业股份  完成  日J=20.2 周J=82.45 月J=19.89 MA20=37.515 MA60=35.033 多头=1 价=37.16 涨=1.92%  PE=9.51(None%) PB=1.28(None%)
2026-09-03 20:56:05  [102] 06613 蓝思科技  完成  日J=46.94 周J=57.81 月J=49.85 MA20=23.237 MA60=23.595 多头=0 价=23.74 涨=-2.55%  PE=None(None%) PB=None(None%)
2026-09-03 20:56:05  [ 98] 00003 香港中华煤气  完成  日J=-7.4 周J=78.86 月J=47.47 MA20=7.099 MA60=6.877 多头=1 价=7.09 涨=-0.56%  PE=20.8(None%) PB=2.2(None%)
2026-09-03 20:56:05  [101] 00012 恒基地产  完成  日J=-16.47 周J=50.72 月J=0.59 MA20=27.822 MA60=27.047 多头=1 价=26.1 涨=-1.29%  PE=None(None%) PB=None(None%)
2026-09-03 20:56:05  全部完成，结果已写入 /home/runner/work/daily-stock-metrics/daily-stock-metrics/output_hk/2026-09-03/metrics_2026-09-03.csv
2026-09-03 20:56:05  步骤2完成 -> /home/runner/work/daily-stock-metrics/daily-stock-metrics/output_hk/2026-09-03/metrics_2026-09-03.csv
2026-09-03 20:56:05  步骤3: 生成 HTML 总结报告...
2026-09-03 20:56:06  步骤3完成 -> /home/runner/work/daily-stock-metrics/daily-stock-metrics/output_hk/2026-09-03/report_2026-09-03.html
2026-09-03 20:56:06  步骤4: 发送邮件报告...
2026-09-03 20:56:09  步骤4完成: 邮件已发送
2026-09-03 20:56:09  ===== 全部完成 2026-09-03 =====
2026-09-03 21:24:05  今日(2026-09-03)已完成，跳过。结果目录: /home/runner/work/daily-stock-metrics/daily-stock-metrics/output_hk/2026-09-03
2026-09-03 21:48:39  今日(2026-09-03)已完成，跳过。结果目录: /home/runner/work/daily-stock-metrics/daily-stock-metrics/output_hk/2026-09-03
2026-09-03 22:51:35  今日(2026-09-03)已完成，跳过。结果目录: /home/runner/work/daily-stock-metrics/daily-stock-metrics/output_hk/2026-09-03
