2026-09-15 21:48:57  ===== 开始每日ETF指标任务 2026-09-15 =====
2026-09-15 21:48:57  步骤1: 获取场内规模前100的ETF...
[  1] 510300 沪深300ETF华泰柏瑞  规模=1058.32亿  跟踪=沪深300指数  主题=沪深300
[  2] 588000 科创50ETF华夏  规模=918.47亿  跟踪=上证科创板50成份指数  主题=科创板
[  3] 159915 创业板ETF易方达  规模=643.22亿  跟踪=创业板指数(价格)  主题=创业板
[  4] 512880 证券ETF国泰  规模=593.46亿  跟踪=中证全指证券公司指数  主题=证券
[  5] 510310 沪深300ETF易方达  规模=498.28亿  跟踪=沪深300指数  主题=沪深300
[  6] 588200 科创芯片ETF嘉实  规模=473.69亿  跟踪=上证科创板芯片指数  主题=半导体
[  7] 588080 科创50ETF易方达  规模=421.29亿  跟踪=上证科创板50成份指数  主题=科创板
[  8] 515880 通信ETF国泰  规模=418.15亿  跟踪=中证全指通信设备指数  主题=通信
[  9] 159516 半导体设备ETF国泰  规模=409.52亿  跟踪=中证半导体材料设备主题指数  主题=半导体
[ 10] 588170 科创半导体ETF华夏  规模=401.71亿  跟踪=上证科创板半导体材料设备主题指数  主题=半导体
[ 11] 510500 中证500ETF南方  规模=397.02亿  跟踪=中证500指数  主题=中证500
[ 12] 510330 沪深300ETF华夏  规模=393.01亿  跟踪=沪深300指数  主题=沪深300
[ 13] 563360 A500ETF华泰柏瑞  规模=381.57亿  跟踪=中证A500指数  主题=中证A500
[ 14] 512000 券商ETF华宝  规模=365.96亿  跟踪=中证全指证券公司指数  主题=证券
[ 15] 159352 A500ETF南方  规模=330.17亿  跟踪=中证A500指数  主题=中证A500
[ 16] 512890 红利低波ETF华泰柏瑞  规模=314.51亿  跟踪=中证红利低波动指数  主题=红利
[ 17] 159919 沪深300ETF嘉实  规模=295.4亿  跟踪=沪深300指数  主题=沪深300
[ 18] 159361 A500ETF易方达  规模=268.93亿  跟踪=中证A500指数  主题=中证A500
[ 19] 159995 芯片ETF华夏  规模=266.89亿  跟踪=国证半导体芯片指数  主题=半导体
[ 20] 512400 有色金属ETF南方  规模=251.42亿  跟踪=有色金属  主题=有色金属
[ 21] 159338 中证A500ETF国泰  规模=250.41亿  跟踪=中证A500指数  主题=中证A500
[ 22] 159949 创业板50ETF华安  规模=239.25亿  跟踪=创业板50指数  主题=创业板
[ 23] 512170 医疗ETF华宝  规模=239.14亿  跟踪=中证医疗指数  主题=医药
[ 24] 510050 上证50ETF华夏  规模=207.99亿  跟踪=上证50指数  主题=上证50
[ 25] 159819 人工智能ETF易方达  规模=203.07亿  跟踪=中证人工智能主题指数  主题=人工智能
[ 26] 515450 红利低波50ETF南方  规模=201.13亿  跟踪=标普中国A股大盘红利低波50指数  主题=红利
[ 27] 159558 半导体设备ETF易方达  规模=198.73亿  跟踪=中证半导体材料设备主题指数  主题=半导体
[ 28] 512480 半导体ETF国联安  规模=198.06亿  跟踪=中证全指半导体产品与设备指数  主题=半导体
[ 29] 512050 A500ETF华夏  规模=189.49亿  跟踪=中证A500指数  主题=中证A500
[ 30] 510880 红利ETF华泰柏瑞  规模=189.4亿  跟踪=上证红利指数  主题=红利
[ 31] 159326 电网设备ETF华夏  规模=186.79亿  跟踪=中证电网设备主题指数  主题=其他
[ 32] 512100 中证1000ETF南方  规模=184.08亿  跟踪=中证1000指数  主题=中证1000
[ 33] 515180 红利ETF易方达  规模=180.63亿  跟踪=中证红利指数  主题=红利
[ 34] 515050 通信ETF华夏  规模=179.3亿  跟踪=中证5G通信主题指数  主题=通信
[ 35] 510180 上证180ETF华安  规模=171.33亿  跟踪=上证180指数  主题=上证180
[ 36] 562500 机器人ETF华夏  规模=168.2亿  跟踪=中证机器人指数  主题=机器人
[ 37] 159992 创新药ETF银华  规模=162.1亿  跟踪=中证创新药产业指数  主题=医药
[ 38] 159781 科创创业ETF易方达  规模=161.17亿  跟踪=中证科创创业50指数  主题=科创板
[ 39] 159201 自由现金流ETF华夏  规模=158.94亿  跟踪=国证自由现金流指数  主题=货币市场
[ 40] 159530 机器人ETF易方达  规模=157.74亿  跟踪=国证机器人产业指数  主题=机器人
[ 41] 159928 消费ETF汇添富  规模=150.87亿  跟踪=中证主要消费指数  主题=消费
[ 42] 512010 医药ETF易方达  规模=148.41亿  跟踪=沪深300医药卫生指数  主题=医药
[ 43] 510210 上证指数ETF富国  规模=147.93亿  跟踪=上证综合指数  主题=其他
[ 44] 517520 黄金股ETF永赢  规模=132.84亿  跟踪=中证沪深港黄金产业股票指数  主题=黄金
[ 45] 512690 酒ETF鹏华  规模=131.7亿  跟踪=中证酒指数  主题=白酒
[ 46] 512070 证券保险ETF易方达  规模=130.09亿  跟踪=沪深300非银行金融指数  主题=证券
[ 47] 159870 化工ETF鹏华  规模=129.4亿  跟踪=细分化工  主题=化工
[ 48] 560780 半导体设备ETF广发  规模=123.83亿  跟踪=中证半导体材料设备主题指数  主题=半导体
[ 49] 159206 卫星ETF永赢  规模=123.66亿  跟踪=国证商用卫星通信产业指数  主题=通信
[ 50] 563020 红利低波ETF易方达  规模=119.9亿  跟踪=中证红利低波动指数  主题=红利
[ 51] 513630 港股低波红利ETF摩根  规模=116.64亿  跟踪=标普港股通低波红利指数  主题=红利
[ 52] 159841 证券ETF天弘  规模=115.87亿  跟踪=中证全指证券公司指数  主题=证券
[ 53] 159952 创业板ETF广发  规模=111.73亿  跟踪=创业板指数(价格)  主题=创业板
[ 54] 515120 创新药ETF广发  规模=110.46亿  跟踪=中证创新药产业指数  主题=医药
[ 55] 588050 科创50ETF工银  规模=108.36亿  跟踪=上证科创板50成份指数  主题=科创板
[ 56] 588710 科创半导体设备ETF华泰柏瑞  规模=108.08亿  跟踪=上证科创板半导体材料设备主题指数  主题=半导体
[ 57] 515080 中证红利ETF招商  规模=107.86亿  跟踪=中证红利指数  主题=红利
[ 58] 563800 A500ETF广发  规模=105.81亿  跟踪=中证A500指数  主题=中证A500
[ 59] 515220 煤炭ETF国泰  规模=105.28亿  跟踪=中证煤炭指数  主题=煤炭
[ 60] 512760 芯片ETF国泰  规模=103.89亿  跟踪=中华交易服务半导体芯片行业人民币指数  主题=半导体
[ 61] 512800 银行ETF华宝  规模=96.38亿  跟踪=中证银行指数  主题=银行
[ 62] 159611 电力ETF广发  规模=94.91亿  跟踪=中证全指电力公用事业指数  主题=电力
[ 63] 516650 有色金属ETF华夏  规模=92.99亿  跟踪=细分有色  主题=有色金属
[ 64] 159852 软件ETF嘉实  规模=92.73亿  跟踪=中证软件服务指数  主题=计算机
[ 65] 159842 券商ETF银华  规模=90.3亿  跟踪=中证全指证券公司指数  主题=证券
[ 66] 562590 半导体设备ETF华夏  规模=85.23亿  跟踪=中证半导体材料设备主题指数  主题=半导体
[ 67] 560860 工业有色ETF万家  规模=84.56亿  跟踪=中证工业有色金属主题指数  主题=有色金属
[ 68] 159351 A500ETF嘉实  规模=84.17亿  跟踪=中证A500指数  主题=中证A500
[ 69] 159263 价值ETF易方达  规模=82.91亿  跟踪=国证价值100指数  主题=价值
[ 70] 159869 游戏ETF华夏  规模=81.35亿  跟踪=中证动漫游戏指数  主题=传媒
[ 71] 159922 中证500ETF嘉实  规模=81.18亿  跟踪=中证500指数  主题=中证500
[ 72] 159259 成长ETF易方达  规模=80.73亿  跟踪=国证成长100指数  主题=成长
[ 73] 515330 沪深300ETF天弘  规模=80.22亿  跟踪=沪深300指数  主题=沪深300
[ 74] 588060 科创50ETF广发  规模=80.17亿  跟踪=上证科创板50成份指数  主题=科创板
[ 75] 515070 人工智能ETF华夏  规模=79.7亿  跟踪=中证人工智能主题指数  主题=人工智能
[ 76] 563220 A500ETF富国  规模=77.39亿  跟踪=中证A500指数  主题=中证A500
[ 77] 512900 证券ETF南方  规模=77.15亿  跟踪=中证全指证券公司指数  主题=证券
[ 78] 512660 军工ETF国泰  规模=76.63亿  跟踪=中证军工指数  主题=军工
[ 79] 512500 中证500ETF华夏  规模=75.49亿  跟踪=中证500指数  主题=中证500
[ 80] 588750 科创芯片ETF汇添富  规模=71.35亿  跟踪=上证科创板芯片指数  主题=半导体
[ 81] 512710 军工龙头ETF富国  规模=70.14亿  跟踪=中证军工龙头指数  主题=军工
[ 82] 159363 创业板人工智能ETF华宝  规模=69.76亿  跟踪=创业板人工智能指数  主题=人工智能
[ 83] 159307 红利低波100ETF博时  规模=67.81亿  跟踪=中证红利低波动100指数  主题=红利
[ 84] 159755 电池ETF广发  规模=67.75亿  跟踪=国证新能源车电池指数  主题=新能源
[ 85] 159845 中证1000ETF华夏  规模=66.6亿  跟踪=中证1000指数  主题=中证1000
[ 86] 159157 有色金属ETF天弘  规模=64.85亿  跟踪=中证工业有色金属主题指数  主题=有色金属
[ 87] 159865 养殖ETF国泰  规模=63.68亿  跟踪=中证畜牧养殖指数  主题=农业
[ 88] 159813 半导体ETF鹏华  规模=63.64亿  跟踪=国证半导体芯片指数  主题=半导体
[ 89] 159977 创业板ETF天弘  规模=63.43亿  跟踪=创业板指数(价格)  主题=创业板
[ 90] 588220 科创100ETF鹏华  规模=62.51亿  跟踪=上证科创板100指数  主题=科创板
[ 91] 516150 稀土ETF嘉实  规模=62.1亿  跟踪=中证稀土产业指数  主题=有色金属
[ 92] 515980 人工智能ETF华富  规模=61.83亿  跟踪=中证人工智能产业指数  主题=人工智能
[ 93] 159851 金融科技ETF华宝  规模=61.3亿  跟踪=中证金融科技主题指数  主题=其他
[ 94] 560610 A500ETF招商  规模=60.29亿  跟踪=中证A500指数  主题=中证A500
[ 95] 512950 央企改革ETF华夏  规模=59.97亿  跟踪=中证央企结构调整指数  主题=央企国企
[ 96] 159562 黄金股ETF华夏  规模=57.97亿  跟踪=中证沪深港黄金产业股票指数  主题=黄金
[ 97] 560010 中证1000ETF广发  规模=57.91亿  跟踪=中证1000指数  主题=中证1000
[ 98] 159770 机器人ETF天弘  规模=57.37亿  跟踪=中证机器人指数  主题=机器人
[ 99] 159549 红利低波ETF天弘  规模=57.19亿  跟踪=中证红利低波动100指数  主题=红利
[100] 159967 创业板成长ETF华夏  规模=57.12亿  跟踪=创业板动量成长指数  主题=成长
2026-09-15 21:50:00  步骤1完成 -> /home/runner/work/daily-stock-metrics/daily-stock-metrics/output_etf/2026-09-15/etf_list_2026-09-15.csv
2026-09-15 21:50:00  步骤2: 计算 KDJ-J(日/周/月)...
2026-09-15 21:50:00  步骤2: 计算指标...
2026-09-15 21:50:00  观察池: 共63只(含历史追踪2只)
2026-09-15 21:50:00  待处理 63 条，并发数 8
2026-09-15 21:50:06  [  3] 159915 创业板ETF易方达  完成  日J=8.39 周J=11.36 月J=1.51 MA20=3.404 MA60=3.635 多头=0 价=3.27 涨=-1.03%  PE=37.19(29.64%) PB=5.2(57.68%)
2026-09-15 21:50:06  [  1] 510300 沪深300ETF华泰柏瑞  完成  日J=-1.83 周J=-2.51 月J=8.6 MA20=4.632 MA60=4.733 多头=0 价=4.52 涨=-0.7%  PE=13.36(59.3%) PB=1.41(36.88%)
2026-09-15 21:50:06  [  4] 512880 证券ETF国泰  完成  日J=-14.32 周J=-6.93 月J=22.78 MA20=1.082 MA60=1.103 多头=0 价=1.05 涨=-0.48%  PE=12.34(3.11%) PB=1.22(8.84%)
2026-09-15 21:50:06  [  6] 515880 通信ETF国泰  完成  日J=33.79 周J=62.09 月J=21.36 MA20=0.661 MA60=0.699 多头=0 价=0.65 涨=-1.07%  PE=42.76(86.57%) PB=None(None%)
2026-09-15 21:50:06  [  5] 588200 科创芯片ETF嘉实  完成  日J=23.3 周J=5.23 月J=28.64 MA20=1.139 MA60=1.264 多头=0 价=1.09 涨=1.96%  PE=100.44(75.27%) PB=None(None%)
2026-09-15 21:50:06  [  2] 588000 科创50ETF华夏  完成  日J=20.6 周J=-1.99 月J=23.25 MA20=1.705 MA60=1.877 多头=0 价=1.64 涨=1.67%  PE=73.03(72.03%) PB=7.39(84.95%)
2026-09-15 21:50:07  [  7] 159516 半导体设备ETF国泰  完成  日J=53.15 周J=19.81 月J=36.87 MA20=0.695 MA60=0.758 多头=0 价=0.67 涨=3.4%  PE=97.09(91.32%) PB=None(None%)
2026-09-15 21:50:08  [  8] 588170 科创半导体ETF华夏  完成  日J=49.28 周J=20.13 月J=37.53 MA20=0.96 MA60=1.049 多头=0 价=0.92 涨=3.49%  PE=42.3(79.06%) PB=None(None%)
2026-09-15 21:50:08  [ 10] 563360 A500ETF华泰柏瑞  完成  日J=4.33 周J=1.27 月J=3.66 MA20=1.274 MA60=1.309 多头=0 价=1.24 涨=-0.64%  PE=14.97(48.11%) PB=None(None%)
2026-09-15 21:50:09  [ 11] 512890 红利低波ETF华泰柏瑞  完成  日J=38.91 周J=89.03 月J=94.56 MA20=1.196 MA60=1.16 多头=1 价=1.2 涨=-0.66%  PE=7.99(73.3%) PB=0.87(62.0%)
2026-09-15 21:50:09  [ 13] 512400 有色金属ETF南方  完成  日J=10.03 周J=58.37 月J=5.74 MA20=1.824 MA60=1.77 多头=1 价=1.73 涨=-0.52%  PE=15.11(79.17%) PB=None(None%)
2026-09-15 21:50:09  [ 14] 159949 创业板50ETF华安  完成  日J=6.08 周J=7.44 月J=-4.29 MA20=1.593 MA60=1.715 多头=0 价=1.52 涨=-1.49%  PE=None(None%) PB=None(None%)
2026-09-15 21:50:10  [ 15] 512170 医疗ETF华宝  完成  日J=36.46 周J=27.18 月J=39.5 MA20=0.34 MA60=0.33 多头=1 价=0.33 涨=-1.2%  PE=27.28(20.06%) PB=3.44(11.48%)
2026-09-15 21:50:10  [  9] 510500 中证500ETF南方  完成  日J=26.02 周J=33.54 月J=13.23 MA20=7.781 MA60=8.003 多头=0 价=7.59 涨=-0.11%  PE=25.61(61.69%) PB=2.35(76.16%)
2026-09-15 21:50:11  [ 18] 515450 红利低波50ETF南方  完成  日J=35.82 周J=46.82 月J=70.55 MA20=1.399 MA60=1.381 多头=1 价=1.4 涨=-0.78%  PE=8.51(78.88%) PB=0.87(62.0%)
2026-09-15 21:50:12  [ 16] 510050 上证50ETF华夏  完成  日J=-1.62 周J=8.79 月J=24.07 MA20=3.01 MA60=3.029 多头=0 价=2.96 涨=-0.54%  PE=10.96(68.57%) PB=1.23(45.88%)
2026-09-15 21:50:12  [ 12] 159995 芯片ETF华夏  完成  日J=24.46 周J=2.36 月J=20.31 MA20=1.122 MA60=1.267 多头=0 价=1.08 涨=2.27%  PE=None(None%) PB=None(None%)
2026-09-15 21:50:12  [ 19] 512480 半导体ETF国联安  完成  日J=20.11 周J=4.34 月J=22.52 MA20=1.008 MA60=1.128 多头=0 价=0.96 涨=1.37%  PE=64.46(45.9%) PB=None(None%)
2026-09-15 21:50:12  [ 20] 510880 红利ETF华泰柏瑞  完成  日J=4.37 周J=69.75 月J=83.73 MA20=3.431 MA60=3.258 多头=1 价=3.38 涨=-0.71%  PE=8.81(80.26%) PB=0.86(62.68%)
2026-09-15 21:50:12  [ 21] 159326 电网设备ETF华夏  完成  日J=22.25 周J=48.66 月J=5.3 MA20=1.659 MA60=1.726 多头=0 价=1.62 涨=-0.37%  PE=11.53(64.58%) PB=None(None%)
2026-09-15 21:50:13  [ 17] 159819 人工智能ETF易方达  完成  日J=1.59 周J=-2.3 月J=20.02 MA20=1.721 MA60=1.872 多头=0 价=1.67 涨=0.12%  PE=43.31(41.86%) PB=None(None%)
2026-09-15 21:50:13  [ 22] 512100 中证1000ETF南方  完成  日J=32.33 周J=59.31 月J=21.0 MA20=3.077 MA60=3.131 多头=0 价=3.02 涨=-0.43%  PE=30.16(64.38%) PB=2.34(42.04%)
2026-09-15 21:50:14  [ 23] 515180 红利ETF易方达  完成  日J=-11.0 周J=59.12 月J=67.9 MA20=1.448 MA60=1.398 多头=1 价=1.42 涨=-0.84%  PE=8.54(60.28%) PB=0.85(49.96%)
2026-09-15 21:50:14  [ 24] 515050 通信ETF华夏  完成  日J=39.72 周J=55.9 月J=28.09 MA20=1.026 MA60=1.093 多头=0 价=1.01 涨=-0.59%  PE=42.7(84.64%) PB=None(None%)
2026-09-15 21:50:15  [ 25] 510180 上证180ETF华安  完成  日J=-4.71 周J=15.4 月J=14.41 MA20=3.948 MA60=3.99 多头=0 价=3.87 涨=-0.41%  PE=11.53(56.17%) PB=1.21(37.04%)
2026-09-15 21:50:15  [ 28] 159781 科创创业ETF易方达  完成  日J=8.33 周J=-5.85 月J=10.44 MA20=1.06 MA60=1.17 多头=0 价=1.01 涨=-0.2%  PE=40.8(57.69%) PB=None(None%)
2026-09-15 21:50:15  [ 29] 159201 自由现金流ETF华夏  完成  日J=2.16 周J=74.2 月J=20.13 MA20=1.185 MA60=1.151 多头=1 价=1.17 涨=-0.85%  PE=None(None%) PB=None(None%)
2026-09-15 21:50:15  [ 27] 159992 创新药ETF银华  完成  日J=50.24 周J=-1.5 月J=56.76 MA20=0.854 MA60=0.858 多头=0 价=0.82 涨=-0.96%  PE=26.42(23.14%) PB=None(None%)
2026-09-15 21:50:15  [ 26] 562500 机器人ETF华夏  完成  日J=10.0 周J=1.06 月J=-4.96 MA20=0.945 MA60=1.004 多头=0 价=0.91 涨=-0.88%  PE=43.68(18.97%) PB=None(None%)
2026-09-15 21:50:16  [ 30] 159530 机器人ETF易方达  完成  日J=12.19 周J=3.64 月J=-4.22 MA20=1.31 MA60=1.398 多头=0 价=1.26 涨=-1.02%  PE=None(None%) PB=None(None%)
2026-09-15 21:50:17  [ 32] 512010 医药ETF易方达  完成  日J=41.88 周J=8.4 月J=62.09 MA20=0.38 MA60=0.375 多头=1 价=0.37 涨=-0.54%  PE=22.8(2.76%) PB=None(None%)
2026-09-15 21:50:18  [ 35] 512690 酒ETF鹏华  完成  日J=-8.78 周J=10.02 月J=19.08 MA20=0.422 MA60=0.42 多头=1 价=0.41 涨=-0.49%  PE=19.24(16.65%) PB=None(None%)
2026-09-15 21:50:18  [ 38] 159206 卫星ETF永赢  完成  日J=28.54 周J=37.97 月J=-2.38 MA20=1.346 MA60=1.433 多头=0 价=1.32 涨=0.0%  PE=None(None%) PB=None(None%)
2026-09-15 21:50:18  [ 34] 517520 黄金股ETF永赢  完成  日J=0.67 周J=68.53 月J=17.65 MA20=2.19 MA60=1.939 多头=1 价=2.06 涨=-2.19%  PE=20.6(39.9%) PB=None(None%)
2026-09-15 21:50:18  [ 36] 512070 证券保险ETF易方达  完成  日J=-15.17 周J=21.85 月J=12.33 MA20=0.798 MA60=0.799 多头=0 价=0.78 涨=-0.64%  PE=7.23(0.03%) PB=None(None%)
2026-09-15 21:50:18  [ 37] 159870 化工ETF鹏华  完成  日J=-7.59 周J=36.88 月J=5.37 MA20=0.803 MA60=0.807 多头=0 价=0.77 涨=-0.39%  PE=17.09(29.17%) PB=None(None%)
2026-09-15 21:50:20  [ 39] 513630 港股低波红利ETF摩根  完成  日J=-1.41 周J=19.57 月J=32.97 MA20=1.592 MA60=1.56 多头=1 价=1.56 涨=-1.39%  PE=None(None%) PB=None(None%)
2026-09-15 21:50:20  [ 31] 159928 消费ETF汇添富  完成  日J=-17.82 周J=13.36 月J=29.69 MA20=0.668 MA60=0.659 多头=1 价=0.65 涨=-1.07%  PE=19.68(18.49%) PB=3.38(1.44%)
2026-09-15 21:50:21  [ 40] 515220 煤炭ETF国泰  完成  日J=10.64 周J=61.68 月J=57.59 MA20=1.306 MA60=1.219 多头=1 价=1.27 涨=-0.24%  PE=17.96(83.94%) PB=1.8(96.76%)
2026-09-15 21:50:21  [ 42] 512800 银行ETF华宝  完成  日J=40.82 周J=87.61 月J=98.04 MA20=0.834 MA60=0.803 多头=1 价=0.84 涨=-1.87%  PE=7.12(87.69%) PB=0.7(45.52%)
2026-09-15 21:50:21  [ 43] 159611 电力ETF广发  完成  日J=65.49 周J=45.93 月J=5.11 MA20=1.043 MA60=1.047 多头=0 价=1.05 涨=-0.28%  PE=14.7(62.53%) PB=None(None%)
2026-09-15 21:50:23  [ 47] 159263 价值ETF易方达  完成  日J=-6.73 周J=65.71 月J=51.24 MA20=1.157 MA60=1.127 多头=1 价=1.14 涨=-1.13%  PE=None(None%) PB=None(None%)
2026-09-15 21:50:23  [ 45] 159852 软件ETF嘉实  完成  日J=0.06 周J=6.59 月J=-4.69 MA20=0.671 MA60=0.686 多头=0 价=0.65 涨=-0.46%  PE=58.06(54.55%) PB=None(None%)
2026-09-15 21:50:23  [ 46] 560860 工业有色ETF万家  完成  日J=6.54 周J=48.58 月J=4.31 MA20=1.615 MA60=1.589 多头=1 价=1.54 涨=-0.45%  PE=67.19(55.73%) PB=None(None%)
2026-09-15 21:50:24  [ 41] 512760 芯片ETF国泰  完成  日J=18.71 周J=-1.94 月J=21.84 MA20=1.069 MA60=1.202 多头=0 价=1.02 涨=1.49%  PE=64.67(41.25%) PB=None(None%)
2026-09-15 21:50:24  [ 48] 159869 游戏ETF华夏  完成  日J=-17.32 周J=57.32 月J=1.07 MA20=1.094 MA60=1.096 多头=0 价=1.07 涨=-0.46%  PE=17.54(3.09%) PB=None(None%)
2026-09-15 21:50:24  [ 44] 516650 有色金属ETF华夏  完成  日J=5.69 周J=56.88 月J=2.64 MA20=1.861 MA60=1.799 多头=1 价=1.76 涨=-0.9%  PE=16.32(19.08%) PB=None(None%)
2026-09-15 21:50:24  [ 49] 159259 成长ETF易方达  完成  日J=46.85 周J=55.82 月J=27.9 MA20=1.326 MA60=1.41 多头=0 价=1.32 涨=0.23%  PE=None(None%) PB=None(None%)
2026-09-15 21:50:25  [ 52] 159363 创业板人工智能ETF华宝  完成  日J=4.57 周J=52.64 月J=23.69 MA20=1.217 MA60=1.279 多头=0 价=1.18 涨=-0.5%  PE=None(None%) PB=None(None%)
2026-09-15 21:50:26  [ 50] 512660 军工ETF国泰  完成  日J=7.42 周J=70.79 月J=-0.19 MA20=1.134 MA60=1.156 多头=0 价=1.14 涨=-0.87%  PE=52.12(30.07%) PB=3.26(53.84%)
2026-09-15 21:50:26  [ 53] 159307 红利低波100ETF博时  完成  日J=9.5 周J=21.62 月J=55.39 MA20=1.019 MA60=1.007 多头=1 价=1.01 涨=-0.69%  PE=8.63(76.95%) PB=None(None%)
2026-09-15 21:50:26  [ 54] 159755 电池ETF广发  完成  日J=33.42 周J=5.66 月J=-15.87 MA20=0.917 MA60=0.966 多头=0 价=0.87 涨=-1.48%  PE=21.12(19.32%) PB=2.98(37.84%)
2026-09-15 21:50:27  [ 56] 588220 科创100ETF鹏华  完成  日J=36.44 周J=36.65 月J=28.4 MA20=1.748 MA60=1.824 多头=0 价=1.68 涨=0.6%  PE=None(None%) PB=None(None%)
2026-09-15 21:50:27  [ 51] 512710 军工龙头ETF富国  完成  日J=8.18 周J=80.26 月J=-2.71 MA20=0.627 MA60=0.631 多头=0 价=0.63 涨=-1.1%  PE=None(None%) PB=None(None%)
2026-09-15 21:50:27  [ 55] 159865 养殖ETF国泰  完成  日J=-13.69 周J=55.59 月J=30.01 MA20=0.549 MA60=0.532 多头=1 价=0.54 涨=-0.73%  PE=22.25(49.74%) PB=None(None%)
2026-09-15 21:50:28  [ 57] 516150 稀土ETF嘉实  完成  日J=29.66 周J=33.17 月J=1.39 MA20=1.708 MA60=1.766 多头=0 价=1.64 涨=-0.06%  PE=27.47(21.7%) PB=None(None%)
2026-09-15 21:50:29  [ 58] 515980 人工智能ETF华富  完成  日J=2.01 周J=10.41 月J=23.05 MA20=1.009 MA60=1.088 多头=0 价=0.98 涨=-0.1%  PE=43.6(63.99%) PB=None(None%)
2026-09-15 21:50:29  [ 59] 159851 金融科技ETF华宝  完成  日J=-15.41 周J=37.3 月J=0.65 MA20=0.622 MA60=0.619 多头=1 价=0.59 涨=-1.17%  PE=30.35(3.97%) PB=None(None%)
2026-09-15 21:50:29  [ 61] 159967 创业板成长ETF华夏  完成  日J=45.38 周J=36.56 月J=21.52 MA20=0.774 MA60=0.837 多头=0 价=0.75 涨=-0.79%  PE=None(None%) PB=None(None%)
2026-09-15 21:50:29  [ 60] 512950 央企改革ETF华夏  完成  日J=-1.88 周J=43.8 月J=16.32 MA20=1.501 MA60=1.516 多头=0 价=1.48 涨=-0.13%  PE=15.75(82.61%) PB=None(None%)
2026-09-15 21:50:30  [ 62] 563300 中证2000ETF华泰柏瑞  完成  日J=18.2 周J=81.41 月J=31.98 MA20=1.426 MA60=1.428 多头=0 价=1.4 涨=-1.34%  PE=None(None%) PB=None(None%)
2026-09-15 21:50:30  [ 63] 561980 半导体设备ETF招商  完成  日J=45.56 周J=6.17 月J=38.39 MA20=0.671 MA60=0.737 多头=0 价=0.65 涨=3.67%  PE=None(None%) PB=None(None%)
2026-09-15 21:50:40  [ 33] 510210 上证指数ETF富国  完成  日J=0.55 周J=70.42 月J=25.59 MA20=1.004 MA60=0.999 多头=1 价=0.99 涨=-0.5%  PE=14.53(65.8%) PB=None(None%)
2026-09-15 21:50:40  全部完成，结果已写入 /home/runner/work/daily-stock-metrics/daily-stock-metrics/output_etf/2026-09-15/metrics_2026-09-15.csv
2026-09-15 21:50:40  步骤2完成 -> /home/runner/work/daily-stock-metrics/daily-stock-metrics/output_etf/2026-09-15/metrics_2026-09-15.csv
2026-09-15 21:50:40  步骤3: 生成 HTML 总结报告...
2026-09-15 21:50:41  步骤3完成 -> /home/runner/work/daily-stock-metrics/daily-stock-metrics/output_etf/2026-09-15/report_2026-09-15.html
2026-09-15 21:50:41  步骤4: 发送邮件报告...
2026-09-15 21:50:45  步骤4完成: 邮件已发送
2026-09-15 21:50:45  ===== 全部完成 2026-09-15 =====
2026-09-15 22:14:31  今日(2026-09-15)已完成，跳过。结果目录: /home/runner/work/daily-stock-metrics/daily-stock-metrics/output_etf/2026-09-15
2026-09-15 22:25:36  今日(2026-09-15)已完成，跳过。结果目录: /home/runner/work/daily-stock-metrics/daily-stock-metrics/output_etf/2026-09-15
