2026-07-21 18:10:38  ===== 开始每日指标任务 2026-07-21 =====
2026-07-21 18:10:38  步骤1: 获取 A股市值前100…
2026-07-21 18:10:39  步骤1完成 -> C:\Users\hailo\Desktop\每周自动指标\output\2026-07-21\top100_2026-07-21.csv
2026-07-21 18:10:39  步骤2: 计算 KDJ-J(日/周/月) 及 PE/PB 历史分位…
2026-07-21 18:10:41  [  1] 601398 工商银行  完成  日J=73.4 周J=72.02 月J=45.38 PE=7.26(88.37%) PB=0.68(53.45%)
2026-07-21 18:10:42  [  2] 601939 建设银行  完成  日J=80.31 周J=70.0 月J=82.66 PE=7.8(96.33%) PB=0.75(69.18%)
2026-07-21 18:10:44  [  3] 601288 农业银行  完成  日J=79.39 周J=62.2 月J=-0.27 PE=7.65(89.05%) PB=0.8(74.63%)
2026-07-21 18:10:45  [  4] 600941 中国移动  完成  日J=88.96 周J=65.17 月J=31.7 PE=15.16(37.85%) PB=1.45(29.21%)
2026-07-21 18:10:46  [  5] 601857 中国石油  完成  日J=88.0 周J=84.76 月J=22.36 PE=12.35(54.41%) PB=1.2(85.77%)
2026-07-21 18:10:48  [  6] 601988 中国银行  完成  日J=65.25 周J=60.21 月J=70.9 PE=7.72(96.33%) PB=0.69(79.59%)
2026-07-21 18:10:49  [  7] 300750 宁德时代  完成  日J=95.32 周J=23.37 月J=38.06 PE=22.39(18.8%) PB=4.95(34.76%)
2026-07-21 18:10:50  [  8] 600519 贵州茅台  完成  日J=90.17 周J=86.27 月J=28.57 PE=19.77(4.2%) PB=6.04(1.88%)
2026-07-21 18:10:52  [  9] 600938 中国海油  完成  日J=84.2 周J=44.07 月J=10.5 PE=11.79(89.32%) PB=1.76(69.51%)
2026-07-21 18:10:53  [ 10] 688981 中芯国际  完成  日J=32.53 周J=63.42 月J=92.21 PE=271.47(98.01%) PB=9.14(96.71%)
2026-07-21 18:10:55  [ 11] 300308 中际旭创  完成  日J=52.79 周J=13.0 月J=77.38 PE=84.79(89.19%) PB=35.62(98.75%)
2026-07-21 18:10:56  [ 12] 601138 工业富联  完成  日J=23.5 周J=-1.83 月J=43.43 PE=29.77(89.44%) PB=6.87(91.06%)
2026-07-21 18:10:57  [ 13] 601628 中国人寿  完成  日J=78.81 周J=102.37 月J=18.78 PE=7.84(7.04%) PB=1.9(31.5%)
2026-07-21 18:10:59  [ 14] 601088 中国神华  完成  日J=83.56 周J=57.77 月J=41.31 PE=18.97(98.02%) PB=2.03(92.96%)
2026-07-21 18:11:00  [ 15] 600036 招商银行  完成  日J=68.04 周J=90.04 月J=27.89 PE=6.36(21.71%) PB=0.85(5.55%)
2026-07-21 18:11:02  [ 16] 601318 中国平安  完成  日J=83.2 周J=64.93 月J=-1.97 PE=7.21(5.16%) PB=0.94(17.9%)
2026-07-21 18:11:03  [ 17] 002594 比亚迪  完成  日J=80.68 周J=89.07 月J=39.1 PE=31.21(30.68%) PB=3.71(32.03%)
2026-07-21 18:11:04  [ 18] 688256 寒武纪  完成  日J=29.64 周J=18.04 月J=84.35 PE=312.19(88.46%) PB=65.9(96.5%)
2026-07-21 18:11:06  [ 19] 601899 紫金矿业  完成  日J=99.52 周J=71.02 月J=3.08 PE=13.02(8.15%) PB=4.07(76.17%)
2026-07-21 18:11:07  [ 20] 688041 海光信息  完成  日J=32.62 周J=55.24 月J=84.33 PE=293.76(98.85%) PB=34.08(98.85%)
2026-07-21 18:11:09  [ 21] 300502 新易盛  完成  日J=70.13 周J=49.68 月J=91.42 PE=71.63(77.57%) PB=37.75(99.23%)
2026-07-21 18:11:10  [ 22] 600900 长江电力  完成  日J=79.96 周J=92.03 月J=82.08 PE=19.48(54.32%) PB=3.08(78.1%)
2026-07-21 18:11:11  [ 23] 688347 华虹宏力  完成  日J=61.45 周J=86.69 月J=101.42 PE=1400.93(86.99%) PB=15.28(99.86%)
2026-07-21 18:11:13  [ 24] 000333 美的集团  完成  日J=86.71 周J=94.96 月J=83.44 PE=14.53(51.81%) PB=2.77(40.18%)
2026-07-21 18:11:14  [ 25] 600028 中国石化  完成  日J=86.84 周J=106.1 月J=-3.79 PE=17.42(85.77%) PB=0.74(34.64%)
2026-07-21 18:11:15  [ 26] 601658 邮储银行  完成  日J=64.87 周J=88.43 月J=20.55 PE=6.9(64.04%) PB=0.59(10.74%)
2026-07-21 18:11:17  [ 27] 601328 交通银行  完成  日J=69.36 周J=77.42 月J=31.14 PE=6.24(81.43%) PB=0.52(45.88%)
2026-07-21 18:11:21  [ 28] 601728 中国电信  完成  日J=85.98 周J=68.82 月J=31.74 PE=17.62(52.06%) PB=1.19(50.21%)
2026-07-21 18:11:22  [ 29] 002371 北方华创  完成  日J=21.1 周J=30.34 月J=73.4 PE=96.91(46.99%) PB=13.75(86.59%)
2026-07-21 18:11:23  [ 30] 688825 长鑫科技  完成  日J=None 周J=None 月J=None PE=None(None%) PB=None(None%)
2026-07-21 18:11:24  [ 31] 002475 立讯精密  完成  日J=40.72 周J=2.9 月J=53.63 PE=27.11(40.81%) PB=5.28(44.96%)
2026-07-21 18:11:26  [ 32] 688235 百济神州  完成  日J=54.39 周J=88.84 月J=49.05 PE=134.26(95.87%) PB=12.86(79.51%)
2026-07-21 18:11:27  [ 33] 002384 东山精密  完成  日J=21.85 周J=37.67 月J=83.72 PE=207.39(98.55%) PB=18.69(98.89%)
2026-07-21 18:11:29  [ 34] 600030 中信证券  完成  日J=64.21 周J=69.04 月J=79.7 PE=12.47(6.32%) PB=1.44(42.4%)
2026-07-21 18:11:31  [ 35] 601998 中信银行  完成  日J=80.05 周J=64.24 月J=25.99 PE=5.85(63.05%) PB=0.56(52.92%)
2026-07-21 18:11:32  [ 36] 603993 洛阳钼业  完成  日J=97.79 周J=33.01 月J=11.58 PE=16.55(22.77%) PB=4.5(91.37%)
2026-07-21 18:11:33  [ 37] 688012 中微公司  完成  日J=27.17 周J=52.36 月J=84.44 PE=143.17(73.9%) PB=16.07(79.55%)
2026-07-21 18:11:35  [ 38] 601166 兴业银行  完成  日J=70.32 周J=64.63 月J=19.67 PE=4.88(31.79%) PB=0.46(5.45%)
2026-07-21 18:11:36  [ 39] 603259 药明康德  完成  日J=47.88 周J=85.32 月J=86.0 PE=18.74(19.38%) PB=4.48(33.08%)
2026-07-21 18:11:38  [ 40] 600276 恒瑞医药  完成  日J=30.47 周J=88.0 月J=30.56 PE=44.9(6.17%) PB=5.73(4.1%)
2026-07-21 18:11:40  [ 41] 688802 沐曦股份-U  完成  日J=26.27 周J=58.56 月J=97.6 PE=-546.66(3.52%) PB=27.37(93.66%)
2026-07-21 18:11:41  [ 42] 601869 长飞光纤  完成  日J=45.41 周J=0.48 月J=72.03 PE=290.75(95.82%) PB=23.64(98.35%)
2026-07-21 18:11:42  [ 43] 603986 兆易创新  完成  日J=14.11 周J=3.19 月J=59.06 PE=116.08(65.22%) PB=13.2(80.99%)
2026-07-21 18:11:44  [ 44] 601211 国泰海通  完成  日J=82.34 周J=78.18 月J=44.83 PE=15.11(63.43%) PB=1.02(37.39%)
2026-07-21 18:11:45  [ 45] 600183 生益科技  完成  日J=28.27 周J=23.35 月J=69.31 PE=83.89(98.5%) PB=18.38(98.5%)
2026-07-21 18:11:46  [ 46] 601319 中国人保  完成  日J=77.06 周J=94.51 月J=1.62 PE=7.69(11.5%) PB=1.03(29.07%)
2026-07-21 18:11:48  [ 47] 002415 海康威视  完成  日J=64.78 周J=84.45 月J=84.52 PE=21.54(27.26%) PB=3.74(21.37%)
2026-07-21 18:11:49  [ 48] 300059 东方财富  完成  日J=76.57 周J=71.69 月J=27.72 PE=24.49(7.57%) PB=3.36(14.57%)
2026-07-21 18:11:51  [ 49] 601601 中国太保  完成  日J=96.64 周J=75.68 月J=-1.22 PE=5.64(1.35%) PB=0.95(10.37%)
2026-07-21 18:11:52  [ 50] 688795 摩尔线程-U  完成  日J=15.3 周J=24.24 月J=46.08 PE=-352.57(27.33%) PB=26.29(55.33%)
2026-07-21 18:11:53  [ 51] 600000 浦发银行  完成  日J=75.53 周J=77.33 月J=5.46 PE=5.93(66.14%) PB=0.4(24.6%)
2026-07-21 18:11:55  [ 52] 000858 五 粮 液  完成  日J=93.72 周J=42.65 月J=7.37 PE=22.91(32.8%) PB=2.26(0.77%)
2026-07-21 18:11:56  [ 53] 688820 盛合晶微  完成  日J=7.91 周J=4.67 月J=None PE=274.24(24.19%) PB=18.69(24.19%)
2026-07-21 18:11:57  [ 54] 688008 澜起科技  完成  日J=19.18 周J=4.23 月J=65.05 PE=104.8(79.67%) PB=12.86(83.79%)
2026-07-21 18:11:58  [ 55] 300394 天孚通信  完成  日J=27.1 周J=2.7 月J=55.0 PE=116.02(95.27%) PB=42.14(95.61%)
2026-07-21 18:12:00  [ 56] 600150 中国船舶  完成  日J=7.66 周J=5.98 月J=24.83 PE=21.94(25.86%) PB=1.66(18.48%)
2026-07-21 18:12:01  [ 57] 601816 京沪高铁  完成  日J=86.44 周J=76.82 月J=47.65 PE=18.1(2.47%) PB=1.15(3.3%)
2026-07-21 18:12:02  [ 58] 002916 深南电路  完成  日J=19.43 周J=12.66 月J=68.88 PE=65.6(96.38%) PB=13.18(92.04%)
2026-07-21 18:12:04  [ 59] 300476 胜宏科技  完成  日J=27.45 周J=-5.22 月J=26.7 PE=50.46(84.23%) PB=13.57(89.1%)
2026-07-21 18:12:05  [ 60] 002463 沪电股份  完成  日J=31.73 周J=26.77 月J=76.36 PE=54.84(97.88%) PB=14.05(98.22%)
2026-07-21 18:12:07  [ 61] 002379 宏桥控股  完成  日J=94.76 周J=53.64 月J=-3.95 PE=11.93(72.21%) PB=4.5(82.63%)
2026-07-21 18:12:08  [ 62] 000725 京东方Ａ  完成  日J=14.26 周J=26.77 月J=63.15 PE=39.28(58.71%) PB=1.72(75.83%)
2026-07-21 18:12:10  [ 63] 601225 陕西煤业  完成  日J=68.14 周J=56.17 月J=43.94 PE=14.38(97.15%) PB=2.28(79.74%)
2026-07-21 18:12:11  [ 64] 000338 潍柴动力  完成  日J=38.26 周J=2.35 月J=60.27 PE=20.29(91.61%) PB=2.41(79.5%)
2026-07-21 18:12:12  [ 65] 002714 牧原股份  完成  日J=66.37 周J=94.87 月J=19.34 PE=23.27(68.79%) PB=2.64(1.83%)
2026-07-21 18:12:14  [ 66] 000651 格力电器  完成  日J=90.92 周J=94.72 月J=80.05 PE=7.79(29.43%) PB=1.5(5.5%)
2026-07-21 18:12:15  [ 67] 601919 中远海控  完成  日J=89.02 周J=102.33 月J=24.85 PE=9.06(57.5%) PB=0.96(26.48%)
2026-07-21 18:12:17  [ 68] 301666 大普微-UW  完成  日J=35.97 周J=-4.55 月J=None PE=17324.06(29.23%) PB=280.39(29.23%)
2026-07-21 18:12:18  [ 69] 600309 万华化学  完成  日J=94.27 周J=42.24 月J=21.02 PE=17.06(59.82%) PB=2.02(7.48%)
2026-07-21 18:12:20  [ 70] 688072 拓荆科技  完成  日J=12.84 周J=59.87 月J=80.85 PE=135.14(84.19%) PB=30.66(98.45%)
2026-07-21 18:12:21  [ 71] 002938 鹏鼎控股  完成  日J=42.45 周J=20.39 月J=72.67 PE=59.68(98.21%) PB=6.39(96.68%)
2026-07-21 18:12:23  [ 72] 300274 阳光电源  完成  日J=13.38 周J=-10.72 月J=9.3 PE=18.09(32.13%) PB=4.43(41.15%)
2026-07-21 18:12:24  [ 73] 300408 三环集团  完成  日J=26.62 周J=3.38 月J=65.99 PE=74.31(98.17%) PB=9.54(98.17%)
2026-07-21 18:12:25  [ 74] 603288 海天味业  完成  日J=91.23 周J=95.21 月J=41.05 PE=29.36(2.17%) PB=5.09(2.75%)
2026-07-21 18:12:27  [ 75] 000001 平安银行  完成  日J=72.78 周J=65.94 月J=34.63 PE=4.89(22.14%) PB=0.45(2.99%)
2026-07-21 18:12:28  [ 76] 600188 兖矿能源  完成  日J=98.47 周J=18.03 月J=49.24 PE=22.0(97.68%) PB=2.75(82.54%)
2026-07-21 18:12:29  [ 77] 600919 江苏银行  完成  日J=58.01 周J=56.32 月J=81.21 PE=5.88(76.36%) PB=0.79(83.31%)
2026-07-21 18:12:31  [ 78] 002142 宁波银行  完成  日J=69.2 周J=76.77 月J=63.83 PE=6.88(29.81%) PB=0.89(26.58%)
2026-07-21 18:12:32  [ 79] 601066 中信建投  完成  日J=26.65 周J=45.96 月J=65.68 PE=18.35(10.3%) PB=2.4(24.67%)
2026-07-21 18:12:34  [ 80] 003816 中国广核  完成  日J=95.61 周J=26.05 月J=29.33 PE=21.62(89.71%) PB=1.63(67.52%)
2026-07-21 18:12:35  [ 81] 600690 海尔智家  完成  日J=94.32 周J=95.19 月J=12.6 PE=10.95(5.35%) PB=1.64(3.67%)
2026-07-21 18:12:37  [ 82] 688808 联讯仪器  完成  日J=36.2 周J=19.64 月J=None PE=748.9(50.85%) PB=199.42(50.85%)
2026-07-21 18:12:38  [ 83] 001399 惠科股份  完成  日J=22.45 周J=2.44 月J=None PE=53.74(27.78%) PB=7.7(27.78%)
2026-07-21 18:12:39  [ 84] 300433 蓝思科技  完成  日J=30.7 周J=6.39 月J=55.0 PE=58.77(83.84%) PB=3.7(84.13%)
2026-07-21 18:12:40  [ 85] 300604 长川科技  完成  日J=22.78 周J=53.26 月J=85.67 PE=128.26(55.28%) PB=39.61(99.66%)
2026-07-21 18:12:42  [ 86] 601336 新华保险  完成  日J=64.78 周J=93.95 月J=6.47 PE=5.46(4.2%) PB=1.63(52.1%)
2026-07-21 18:12:43  [ 87] 601668 中国建筑  完成  日J=85.86 周J=96.51 月J=32.14 PE=5.04(58.61%) PB=0.39(0.87%)
2026-07-21 18:12:45  [ 88] 600406 国电南瑞  完成  日J=106.33 周J=44.5 月J=14.22 PE=22.98(23.73%) PB=3.57(30.78%)
2026-07-21 18:12:46  [ 89] 600025 华能水电  完成  日J=85.58 周J=100.8 月J=66.42 PE=22.23(80.22%) PB=2.68(77.04%)
2026-07-21 18:12:47  [ 90] 688498 源杰科技  完成  日J=33.18 周J=48.89 月J=80.14 PE=528.01(70.67%) PB=74.46(97.34%)
2026-07-21 18:12:49  [ 91] 601688 华泰证券  完成  日J=84.96 周J=63.96 月J=21.98 PE=10.62(30.05%) PB=1.05(43.95%)
2026-07-21 18:12:50  [ 92] 300760 迈瑞医疗  完成  日J=94.08 周J=86.77 月J=17.23 PE=23.55(5.73%) PB=4.6(1.96%)
2026-07-21 18:12:52  [ 93] 601985 中国核电  完成  日J=84.61 周J=51.67 月J=74.7 PE=22.41(86.4%) PB=1.54(31.64%)
2026-07-21 18:12:53  [ 94] 601818 光大银行  完成  日J=66.96 周J=80.28 月J=19.5 PE=4.87(41.87%) PB=0.37(1.78%)
2026-07-21 18:12:54  [ 95] 601898 中煤能源  完成  日J=86.32 周J=22.75 月J=12.07 PE=10.3(49.59%) PB=1.11(85.43%)
2026-07-21 18:12:56  [ 96] 600031 三一重工  完成  日J=83.63 周J=87.0 月J=12.55 PE=21.5(47.42%) PB=2.0(16.98%)
2026-07-21 18:12:57  [ 97] 600930 华电新能  完成  日J=28.43 周J=1.34 月J=3.48 PE=28.08(5.28%) PB=1.63(1.22%)
2026-07-21 18:12:59  [ 98] 000776 广发证券  完成  日J=90.71 周J=59.8 月J=64.08 PE=11.43(8.25%) PB=1.3(78.24%)
2026-07-21 18:13:00  [ 99] 301308 江波龙  完成  日J=15.92 周J=-0.58 月J=57.35 PE=32.82(48.96%) PB=14.65(87.06%)
2026-07-21 18:13:02  [100] 002352 顺丰控股  完成  日J=87.44 周J=66.1 月J=25.43 PE=15.63(1.69%) PB=1.78(1.69%)
2026-07-21 18:13:02  全部完成，结果已写入 C:\Users\hailo\Desktop\每周自动指标\output\2026-07-21\metrics_2026-07-21.csv
2026-07-21 18:13:02  步骤2完成 -> C:\Users\hailo\Desktop\每周自动指标\output\2026-07-21\metrics_2026-07-21.csv
2026-07-21 18:13:02  ===== 全部完成 2026-07-21 =====
2026-07-21 20:24:39  今日(2026-07-21)已完成，跳过。结果目录: C:\Users\hailo\Desktop\每周自动指标\output\2026-07-21
2026-07-21 20:36:15  今日(2026-07-21)已完成，跳过。结果目录: C:\Users\hailo\Desktop\每周自动指标\output\2026-07-21
