2026-09-08 20:03:48  ===== 开始每日ETF指标任务 2026-09-08 =====
2026-09-08 20:03:48  步骤1: 获取场内规模前100的ETF...
[  1] 510300 沪深300ETF华泰柏瑞  规模=1093.52亿  跟踪=沪深300指数  主题=沪深300
[  2] 588000 科创50ETF华夏  规模=899.92亿  跟踪=上证科创板50成份指数  主题=科创板
[  3] 159915 创业板ETF易方达  规模=651.28亿  跟踪=创业板指数(价格)  主题=创业板
[  4] 512880 证券ETF国泰  规模=607.17亿  跟踪=中证全指证券公司指数  主题=证券
[  5] 510310 沪深300ETF易方达  规模=514.89亿  跟踪=沪深300指数  主题=沪深300
[  6] 588200 科创芯片ETF嘉实  规模=483.14亿  跟踪=上证科创板芯片指数  主题=半导体
[  7] 510500 中证500ETF南方  规模=430.78亿  跟踪=中证500指数  主题=中证500
[  8] 588080 科创50ETF易方达  规模=413.97亿  跟踪=上证科创板50成份指数  主题=科创板
[  9] 159516 半导体设备ETF国泰  规模=413.05亿  跟踪=中证半导体材料设备主题指数  主题=半导体
[ 10] 515880 通信ETF国泰  规模=410.77亿  跟踪=中证全指通信设备指数  主题=通信
[ 11] 510330 沪深300ETF华夏  规模=406.87亿  跟踪=沪深300指数  主题=沪深300
[ 12] 588170 科创半导体ETF华夏  规模=405.53亿  跟踪=上证科创板半导体材料设备主题指数  主题=半导体
[ 13] 563360 A500ETF华泰柏瑞  规模=393.3亿  跟踪=中证A500指数  主题=中证A500
[ 14] 512000 券商ETF华宝  规模=375.11亿  跟踪=中证全指证券公司指数  主题=证券
[ 15] 159352 A500ETF南方  规模=335.24亿  跟踪=中证A500指数  主题=中证A500
[ 16] 512890 红利低波ETF华泰柏瑞  规模=318.06亿  跟踪=中证红利低波动指数  主题=红利
[ 17] 159919 沪深300ETF嘉实  规模=303.57亿  跟踪=沪深300指数  主题=沪深300
[ 18] 159361 A500ETF易方达  规模=288.24亿  跟踪=中证A500指数  主题=中证A500
[ 19] 512400 有色金属ETF南方  规模=272.8亿  跟踪=有色金属  主题=有色金属
[ 20] 159995 芯片ETF华夏  规模=272.75亿  跟踪=国证半导体芯片指数  主题=半导体
[ 21] 159338 中证A500ETF国泰  规模=255.65亿  跟踪=中证A500指数  主题=中证A500
[ 22] 512170 医疗ETF华宝  规模=244.7亿  跟踪=中证医疗指数  主题=医药
[ 23] 159949 创业板50ETF华安  规模=243.3亿  跟踪=创业板50指数  主题=创业板
[ 24] 510050 上证50ETF华夏  规模=211.76亿  跟踪=上证50指数  主题=上证50
[ 25] 159819 人工智能ETF易方达  规模=209.61亿  跟踪=中证人工智能主题指数  主题=人工智能
[ 26] 512100 中证1000ETF南方  规模=204.23亿  跟踪=中证1000指数  主题=中证1000
[ 27] 159558 半导体设备ETF易方达  规模=201.25亿  跟踪=中证半导体材料设备主题指数  主题=半导体
[ 28] 515450 红利低波50ETF南方  规模=199.7亿  跟踪=标普中国A股大盘红利低波50指数  主题=红利
[ 29] 512480 半导体ETF国联安  规模=199.64亿  跟踪=中证全指半导体产品与设备指数  主题=半导体
[ 30] 512050 A500ETF华夏  规模=194.08亿  跟踪=中证A500指数  主题=中证A500
[ 31] 510880 红利ETF华泰柏瑞  规模=192.02亿  跟踪=上证红利指数  主题=红利
[ 32] 159326 电网设备ETF华夏  规模=190.22亿  跟踪=中证电网设备主题指数  主题=其他
[ 33] 515180 红利ETF易方达  规模=184.2亿  跟踪=中证红利指数  主题=红利
[ 34] 515050 通信ETF华夏  规模=179.92亿  跟踪=中证5G通信主题指数  主题=通信
[ 35] 562500 机器人ETF华夏  规模=175.06亿  跟踪=中证机器人指数  主题=机器人
[ 36] 510180 上证180ETF华安  规模=175.03亿  跟踪=上证180指数  主题=上证180
[ 37] 159992 创新药ETF银华  规模=171.54亿  跟踪=中证创新药产业指数  主题=医药
[ 38] 159781 科创创业ETF易方达  规模=166.62亿  跟踪=中证科创创业50指数  主题=科创板
[ 39] 159530 机器人ETF易方达  规模=165.65亿  跟踪=国证机器人产业指数  主题=机器人
[ 40] 159201 自由现金流ETF华夏  规模=161.43亿  跟踪=国证自由现金流指数  主题=货币市场
[ 41] 159928 消费ETF汇添富  规模=157.8亿  跟踪=中证主要消费指数  主题=消费
[ 42] 512010 医药ETF易方达  规模=151.92亿  跟踪=沪深300医药卫生指数  主题=医药
[ 43] 510210 上证指数ETF富国  规模=144.49亿  跟踪=上证综合指数  主题=其他
[ 44] 517520 黄金股ETF永赢  规模=139.04亿  跟踪=中证沪深港黄金产业股票指数  主题=黄金
[ 45] 159870 化工ETF鹏华  规模=137.47亿  跟踪=细分化工  主题=化工
[ 46] 512690 酒ETF鹏华  规模=137.09亿  跟踪=中证酒指数  主题=白酒
[ 47] 512070 证券保险ETF易方达  规模=133.21亿  跟踪=沪深300非银行金融指数  主题=证券
[ 48] 159206 卫星ETF永赢  规模=127.32亿  跟踪=国证商用卫星通信产业指数  主题=通信
[ 49] 560780 半导体设备ETF广发  规模=126.51亿  跟踪=中证半导体材料设备主题指数  主题=半导体
[ 50] 563020 红利低波ETF易方达  规模=124.19亿  跟踪=中证红利低波动指数  主题=红利
[ 51] 513630 港股低波红利ETF摩根  规模=120.42亿  跟踪=标普港股通低波红利指数  主题=红利
[ 52] 159841 证券ETF天弘  规模=117.55亿  跟踪=中证全指证券公司指数  主题=证券
[ 53] 159952 创业板ETF广发  规模=114.0亿  跟踪=创业板指数(价格)  主题=创业板
[ 54] 515120 创新药ETF广发  规模=113.62亿  跟踪=中证创新药产业指数  主题=医药
[ 55] 515220 煤炭ETF国泰  规模=109.57亿  跟踪=中证煤炭指数  主题=煤炭
[ 56] 515080 中证红利ETF招商  规模=109.29亿  跟踪=中证红利指数  主题=红利
[ 57] 588710 科创半导体设备ETF华泰柏瑞  规模=109.05亿  跟踪=上证科创板半导体材料设备主题指数  主题=半导体
[ 58] 563800 A500ETF广发  规模=108.87亿  跟踪=中证A500指数  主题=中证A500
[ 59] 588050 科创50ETF工银  规模=107.15亿  跟踪=上证科创板50成份指数  主题=科创板
[ 60] 512760 芯片ETF国泰  规模=102.13亿  跟踪=中华交易服务半导体芯片行业人民币指数  主题=半导体
[ 61] 512800 银行ETF华宝  规模=97.53亿  跟踪=中证银行指数  主题=银行
[ 62] 516650 有色金属ETF华夏  规模=97.51亿  跟踪=细分有色  主题=有色金属
[ 63] 159611 电力ETF广发  规模=96.11亿  跟踪=中证全指电力公用事业指数  主题=电力
[ 64] 159852 软件ETF嘉实  规模=94.21亿  跟踪=中证软件服务指数  主题=计算机
[ 65] 159842 券商ETF银华  规模=93.02亿  跟踪=中证全指证券公司指数  主题=证券
[ 66] 159922 中证500ETF嘉实  规模=88.43亿  跟踪=中证500指数  主题=中证500
[ 67] 159869 游戏ETF华夏  规模=88.01亿  跟踪=中证动漫游戏指数  主题=传媒
[ 68] 159351 A500ETF嘉实  规模=87.15亿  跟踪=中证A500指数  主题=中证A500
[ 69] 560860 工业有色ETF万家  规模=86.96亿  跟踪=中证工业有色金属主题指数  主题=有色金属
[ 70] 562590 半导体设备ETF华夏  规模=86.04亿  跟踪=中证半导体材料设备主题指数  主题=半导体
[ 71] 515070 人工智能ETF华夏  规模=82.63亿  跟踪=中证人工智能主题指数  主题=人工智能
[ 72] 515330 沪深300ETF天弘  规模=82.15亿  跟踪=沪深300指数  主题=沪深300
[ 73] 512900 证券ETF南方  规模=81.62亿  跟踪=中证全指证券公司指数  主题=证券
[ 74] 563220 A500ETF富国  规模=80.3亿  跟踪=中证A500指数  主题=中证A500
[ 75] 159845 中证1000ETF华夏  规模=79.63亿  跟踪=中证1000指数  主题=中证1000
[ 76] 512500 中证500ETF华夏  规模=79.03亿  跟踪=中证500指数  主题=中证500
[ 77] 588060 科创50ETF广发  规模=76.4亿  跟踪=上证科创板50成份指数  主题=科创板
[ 78] 512660 军工ETF国泰  规模=75.48亿  跟踪=中证军工指数  主题=军工
[ 79] 159263 价值ETF易方达  规模=74.32亿  跟踪=国证价值100指数  主题=价值
[ 80] 588750 科创芯片ETF汇添富  规模=73.61亿  跟踪=上证科创板芯片指数  主题=半导体
[ 81] 159363 创业板人工智能ETF华宝  规模=73.26亿  跟踪=创业板人工智能指数  主题=人工智能
[ 82] 159307 红利低波100ETF博时  规模=73.25亿  跟踪=中证红利低波动100指数  主题=红利
[ 83] 512710 军工龙头ETF富国  规模=72.98亿  跟踪=中证军工龙头指数  主题=军工
[ 84] 159755 电池ETF广发  规模=69.2亿  跟踪=国证新能源车电池指数  主题=新能源
[ 85] 563300 中证2000ETF华泰柏瑞  规模=68.56亿  跟踪=中证2000指数  主题=中证2000
[ 86] 159259 成长ETF易方达  规模=68.38亿  跟踪=国证成长100指数  主题=成长
[ 87] 159157 有色金属ETF天弘  规模=67.85亿  跟踪=中证工业有色金属主题指数  主题=有色金属
[ 88] 159865 养殖ETF国泰  规模=67.14亿  跟踪=中证畜牧养殖指数  主题=农业
[ 89] 159851 金融科技ETF华宝  规模=65.21亿  跟踪=中证金融科技主题指数  主题=其他
[ 90] 159813 半导体ETF鹏华  规模=65.04亿  跟踪=国证半导体芯片指数  主题=半导体
[ 91] 159977 创业板ETF天弘  规模=64.75亿  跟踪=创业板指数(价格)  主题=创业板
[ 92] 588220 科创100ETF鹏华  规模=64.61亿  跟踪=上证科创板100指数  主题=科创板
[ 93] 515980 人工智能ETF华富  规模=63.94亿  跟踪=中证人工智能产业指数  主题=人工智能
[ 94] 516150 稀土ETF嘉实  规模=63.85亿  跟踪=中证稀土产业指数  主题=有色金属
[ 95] 560610 A500ETF招商  规模=61.66亿  跟踪=中证A500指数  主题=中证A500
[ 96] 159562 黄金股ETF华夏  规模=61.55亿  跟踪=中证沪深港黄金产业股票指数  主题=黄金
[ 97] 512950 央企改革ETF华夏  规模=60.69亿  跟踪=中证央企结构调整指数  主题=央企国企
[ 98] 560010 中证1000ETF广发  规模=60.42亿  跟踪=中证1000指数  主题=中证1000
[ 99] 159770 机器人ETF天弘  规模=59.45亿  跟踪=中证机器人指数  主题=机器人
[100] 159549 红利低波ETF天弘  规模=57.17亿  跟踪=中证红利低波动100指数  主题=红利
2026-09-08 20:04:40  步骤1完成 -> /home/runner/work/daily-stock-metrics/daily-stock-metrics/output_etf/2026-09-08/etf_list_2026-09-08.csv
2026-09-08 20:04:40  步骤2: 计算 KDJ-J(日/周/月)...
2026-09-08 20:04:40  步骤2: 计算指标...
2026-09-08 20:04:40  观察池: 共63只(含历史追踪2只)
2026-09-08 20:04:40  待处理 63 条，并发数 8
2026-09-08 20:04:45  [  3] 159915 创业板ETF易方达  完成  日J=41.65 周J=18.61 月J=8.12 MA20=3.49 MA60=3.71 多头=0 价=3.38 涨=-1.0%  PE=38.4(32.4%) PB=5.38(60.84%)
2026-09-08 20:04:45  [  5] 588200 科创芯片ETF嘉实  完成  日J=19.43 周J=5.67 月J=31.13 MA20=1.174 MA60=1.285 多头=0 价=1.12 涨=-1.67%  PE=96.48(73.01%) PB=None(None%)
2026-09-08 20:04:45  [  7] 159516 半导体设备ETF国泰  完成  日J=18.79 周J=9.48 月J=36.87 MA20=0.72 MA60=0.766 多头=0 价=0.67 涨=-1.76%  PE=97.19(91.39%) PB=None(None%)
2026-09-08 20:04:45  [  4] 512880 证券ETF国泰  完成  日J=14.9 周J=30.57 月J=32.79 MA20=1.089 MA60=1.105 多头=0 价=1.08 涨=-0.55%  PE=12.81(4.61%) PB=1.26(14.32%)
2026-09-08 20:04:45  [  8] 515880 通信ETF国泰  完成  日J=60.4 周J=47.8 月J=24.88 MA20=0.667 MA60=0.718 多头=0 价=0.67 涨=-1.03%  PE=44.2(87.04%) PB=None(None%)
2026-09-08 20:04:45  [  1] 510300 沪深300ETF华泰柏瑞  完成  日J=16.94 周J=20.6 月J=19.88 MA20=4.676 MA60=4.766 多头=0 价=4.62 涨=-0.3%  PE=13.6(63.38%) PB=1.43(42.16%)
2026-09-08 20:04:45  [  2] 588000 科创50ETF华夏  完成  日J=13.56 周J=-3.75 月J=26.15 MA20=1.756 MA60=1.905 多头=0 价=1.68 涨=-1.47%  PE=71.11(68.78%) PB=7.31(83.67%)
2026-09-08 20:04:45  [  6] 510500 中证500ETF南方  完成  日J=34.96 周J=39.62 月J=21.27 MA20=7.886 MA60=8.085 多头=0 价=7.79 涨=0.24%  PE=26.12(64.37%) PB=2.4(77.52%)
2026-09-08 20:04:47  [ 13] 159995 芯片ETF华夏  完成  日J=25.67 周J=3.76 月J=22.79 MA20=1.158 MA60=1.292 多头=0 价=1.11 涨=-0.89%  PE=None(None%) PB=None(None%)
2026-09-08 20:04:47  [ 15] 159949 创业板50ETF华安  完成  日J=43.71 周J=16.29 月J=3.0 MA20=1.634 MA60=1.755 多头=0 价=1.58 涨=-1.19%  PE=None(None%) PB=None(None%)
2026-09-08 20:04:48  [ 10] 563360 A500ETF华泰柏瑞  完成  日J=28.61 周J=24.17 月J=14.87 MA20=1.29 MA60=1.321 多头=0 价=1.27 涨=-0.31%  PE=15.24(49.52%) PB=None(None%)
2026-09-08 20:04:48  [ 11] 512890 红利低波ETF华泰柏瑞  完成  日J=73.63 周J=102.17 月J=100.06 MA20=1.183 MA60=1.153 多头=1 价=1.21 涨=1.26%  PE=7.92(71.84%) PB=0.86(61.08%)
2026-09-08 20:04:48  [ 14] 512170 医疗ETF华宝  完成  日J=33.01 周J=58.93 月J=46.44 MA20=0.345 MA60=0.327 多头=1 价=0.34 涨=0.89%  PE=27.95(23.59%) PB=3.51(14.04%)
2026-09-08 20:04:48  [  9] 588170 科创半导体ETF华夏  完成  日J=14.95 周J=8.4 月J=37.53 MA20=0.996 MA60=1.059 多头=0 价=0.92 涨=-1.5%  PE=43.22(81.81%) PB=None(None%)
2026-09-08 20:04:48  [ 12] 512400 有色金属ETF南方  完成  日J=19.98 周J=83.63 月J=12.28 MA20=1.918 MA60=1.867 多头=1 价=1.9 涨=1.5%  PE=15.31(80.37%) PB=None(None%)
2026-09-08 20:04:49  [ 17] 159819 人工智能ETF易方达  完成  日J=44.36 周J=5.56 月J=25.66 MA20=1.763 MA60=1.902 多头=0 价=1.73 涨=-1.31%  PE=44.86(48.86%) PB=None(None%)
2026-09-08 20:04:50  [ 22] 159326 电网设备ETF华夏  完成  日J=29.09 周J=46.44 月J=7.61 MA20=1.679 MA60=1.77 多头=0 价=1.65 涨=-0.54%  PE=11.65(66.93%) PB=None(None%)
2026-09-08 20:04:50  [ 19] 515450 红利低波50ETF南方  完成  日J=68.05 周J=63.77 月J=72.75 MA20=1.408 MA60=1.391 多头=1 价=1.42 涨=0.42%  PE=8.45(77.88%) PB=0.86(61.08%)
2026-09-08 20:04:50  [ 18] 512100 中证1000ETF南方  完成  日J=54.54 周J=62.01 月J=28.82 MA20=3.108 MA60=3.171 多头=0 价=3.11 涨=0.42%  PE=30.92(66.54%) PB=2.41(47.0%)
2026-09-08 20:04:50  [ 23] 515180 红利ETF易方达  完成  日J=11.7 周J=92.79 月J=77.91 MA20=1.441 MA60=1.391 多头=1 价=1.45 涨=0.97%  PE=8.53(60.04%) PB=0.85(49.36%)
2026-09-08 20:04:50  [ 16] 510050 上证50ETF华夏  完成  日J=26.77 周J=51.66 月J=35.6 MA20=3.023 MA60=3.032 多头=0 价=3.02 涨=0.07%  PE=11.07(70.2%) PB=1.24(52.0%)
2026-09-08 20:04:50  [ 21] 510880 红利ETF华泰柏瑞  完成  日J=21.3 周J=93.06 月J=92.25 MA20=3.398 MA60=3.233 多头=1 价=3.45 涨=1.77%  PE=8.76(79.15%) PB=0.86(62.24%)
2026-09-08 20:04:50  [ 20] 512480 半导体ETF国联安  完成  日J=18.62 周J=5.3 月J=25.24 MA20=1.041 MA60=1.149 多头=0 价=0.99 涨=-1.2%  PE=65.41(47.79%) PB=None(None%)
2026-09-08 20:04:52  [ 24] 515050 通信ETF华夏  完成  日J=62.23 周J=40.23 月J=31.41 MA20=1.037 MA60=1.119 多头=0 价=1.04 涨=-0.86%  PE=44.11(86.05%) PB=None(None%)
2026-09-08 20:04:52  [ 30] 159201 自由现金流ETF华夏  完成  日J=33.34 周J=102.49 月J=24.51 MA20=1.183 MA60=1.147 多头=1 价=1.19 涨=0.68%  PE=None(None%) PB=None(None%)
2026-09-08 20:04:52  [ 29] 159530 机器人ETF易方达  完成  日J=47.42 周J=17.58 月J=4.08 MA20=1.347 MA60=1.426 多头=0 价=1.32 涨=-0.38%  PE=None(None%) PB=None(None%)
2026-09-08 20:04:52  [ 25] 562500 机器人ETF华夏  完成  日J=41.06 周J=19.12 月J=5.4 MA20=0.969 MA60=1.023 多头=0 价=0.95 涨=-0.52%  PE=45.2(22.7%) PB=None(None%)
2026-09-08 20:04:52  [ 27] 159992 创新药ETF银华  完成  日J=28.78 周J=16.45 月J=64.96 MA20=0.879 MA60=0.85 多头=1 价=0.85 涨=0.95%  PE=27.23(27.19%) PB=None(None%)
2026-09-08 20:04:53  [ 28] 159781 科创创业ETF易方达  完成  日J=26.08 周J=-0.79 月J=14.81 MA20=1.093 MA60=1.197 多头=0 价=1.05 涨=-1.51%  PE=38.71(54.43%) PB=None(None%)
2026-09-08 20:04:53  [ 26] 510180 上证180ETF华安  完成  日J=35.69 周J=53.47 月J=27.16 MA20=3.975 MA60=4.003 多头=0 价=3.96 涨=0.18%  PE=11.67(58.66%) PB=1.22(40.12%)
2026-09-08 20:04:53  [ 31] 159928 消费ETF汇添富  完成  日J=85.41 周J=87.44 月J=40.34 MA20=0.671 MA60=0.657 多头=1 价=0.68 涨=-0.44%  PE=20.45(23.32%) PB=3.51(2.72%)
2026-09-08 20:04:55  [ 38] 159206 卫星ETF永赢  完成  日J=52.04 周J=27.07 月J=-0.56 MA20=1.375 MA60=1.46 多头=0 价=1.35 涨=-0.3%  PE=None(None%) PB=None(None%)
2026-09-08 20:04:55  [ 34] 517520 黄金股ETF永赢  完成  日J=42.43 周J=90.98 月J=22.85 MA20=2.167 MA60=1.915 多头=1 价=2.18 涨=0.88%  PE=21.19(48.52%) PB=None(None%)
2026-09-08 20:04:55  [ 33] 510210 上证指数ETF富国  完成  日J=42.44 周J=90.4 月J=38.66 MA20=1.006 MA60=1.002 多头=1 价=1.01 涨=0.5%  PE=14.77(68.04%) PB=None(None%)
2026-09-08 20:04:55  [ 36] 512690 酒ETF鹏华  完成  日J=75.95 周J=72.61 月J=27.09 MA20=0.428 MA60=0.419 多头=1 价=0.43 涨=-0.69%  PE=19.98(22.09%) PB=None(None%)
2026-09-08 20:04:55  [ 37] 512070 证券保险ETF易方达  完成  日J=7.61 周J=64.6 月J=18.34 MA20=0.797 MA60=0.799 多头=0 价=0.8 涨=-0.87%  PE=7.44(0.03%) PB=None(None%)
2026-09-08 20:04:55  [ 32] 512010 医药ETF易方达  完成  日J=61.09 周J=42.4 月J=69.64 MA20=0.387 MA60=0.371 多头=1 价=0.38 涨=0.53%  PE=23.49(4.56%) PB=None(None%)
2026-09-08 20:04:55  [ 39] 513630 港股低波红利ETF摩根  完成  日J=73.81 周J=75.47 月J=43.59 MA20=1.589 MA60=1.555 多头=1 价=1.6 涨=0.82%  PE=None(None%) PB=None(None%)
2026-09-08 20:04:55  [ 35] 159870 化工ETF鹏华  完成  日J=24.52 周J=70.63 月J=18.08 MA20=0.809 MA60=0.813 多头=0 价=0.81 涨=1.89%  PE=18.0(35.42%) PB=None(None%)
2026-09-08 20:04:57  [ 40] 515220 煤炭ETF国泰  完成  日J=5.09 周J=83.78 月J=63.0 MA20=1.295 MA60=1.21 多头=1 价=1.3 涨=2.36%  PE=18.08(84.58%) PB=1.81(97.56%)
2026-09-08 20:04:57  [ 44] 159611 电力ETF广发  完成  日J=44.69 周J=43.39 月J=1.91 MA20=1.042 MA60=1.052 多头=0 价=1.04 涨=0.77%  PE=14.99(65.35%) PB=None(None%)
2026-09-08 20:04:57  [ 42] 512800 银行ETF华宝  完成  日J=62.12 周J=94.68 月J=101.19 MA20=0.822 MA60=0.797 多头=1 价=0.84 涨=0.6%  PE=7.02(83.96%) PB=0.68(43.8%)
2026-09-08 20:04:58  [ 46] 159869 游戏ETF华夏  完成  日J=95.94 周J=93.3 月J=8.52 MA20=1.102 MA60=1.093 多头=1 价=1.15 涨=0.09%  PE=18.9(10.74%) PB=None(None%)
2026-09-08 20:04:58  [ 43] 516650 有色金属ETF华夏  完成  日J=24.37 周J=85.85 月J=9.35 MA20=1.874 MA60=1.811 多头=1 价=1.86 涨=1.81%  PE=17.23(20.96%) PB=None(None%)
2026-09-08 20:04:58  [ 41] 512760 芯片ETF国泰  完成  日J=16.02 周J=0.98 月J=24.51 MA20=1.105 MA60=1.224 多头=0 价=1.05 涨=-1.13%  PE=65.59(42.31%) PB=None(None%)
2026-09-08 20:04:58  [ 47] 560860 工业有色ETF万家  完成  日J=25.09 周J=74.29 月J=11.94 MA20=1.63 MA60=1.606 多头=1 价=1.62 涨=1.57%  PE=69.09(63.92%) PB=None(None%)
2026-09-08 20:04:59  [ 49] 159263 价值ETF易方达  完成  日J=51.73 周J=97.34 月J=58.91 MA20=1.152 MA60=1.121 多头=1 价=1.16 涨=0.43%  PE=None(None%) PB=None(None%)
2026-09-08 20:04:59  [ 50] 159363 创业板人工智能ETF华宝  完成  日J=74.64 周J=49.59 月J=31.46 MA20=1.239 MA60=1.305 多头=0 价=1.24 涨=-0.96%  PE=None(None%) PB=None(None%)
2026-09-08 20:04:59  [ 45] 159852 软件ETF嘉实  完成  日J=30.67 周J=35.86 月J=-0.54 MA20=0.686 MA60=0.691 多头=0 价=0.67 涨=-1.03%  PE=60.19(56.89%) PB=None(None%)
2026-09-08 20:05:00  [ 51] 159307 红利低波100ETF博时  完成  日J=81.81 周J=64.07 月J=64.99 MA20=1.029 MA60=1.016 多头=1 价=1.04 涨=0.87%  PE=8.91(85.33%) PB=None(None%)
2026-09-08 20:05:00  [ 53] 159755 电池ETF广发  完成  日J=5.1 周J=7.82 月J=-16.26 MA20=0.944 MA60=0.987 多头=0 价=0.89 涨=-0.67%  PE=22.01(25.96%) PB=3.11(40.24%)
2026-09-08 20:05:00  [ 52] 512710 军工龙头ETF富国  完成  日J=98.45 周J=71.92 月J=1.08 MA20=0.623 MA60=0.633 多头=0 价=0.65 涨=2.85%  PE=None(None%) PB=None(None%)
2026-09-08 20:05:00  [ 48] 512660 军工ETF国泰  完成  日J=98.88 周J=52.88 月J=2.57 MA20=1.133 MA60=1.166 多头=0 价=1.16 涨=0.96%  PE=53.26(34.23%) PB=3.34(60.24%)
2026-09-08 20:05:01  [ 54] 563300 中证2000ETF华泰柏瑞  完成  日J=95.5 周J=85.21 月J=41.5 MA20=1.432 MA60=1.444 多头=0 价=1.46 涨=0.62%  PE=41.65(71.36%) PB=None(None%)
2026-09-08 20:05:01  [ 55] 159259 成长ETF易方达  完成  日J=65.44 周J=37.92 月J=30.4 MA20=1.34 MA60=1.444 多头=0 价=1.34 涨=-0.44%  PE=None(None%) PB=None(None%)
2026-09-08 20:05:01  [ 58] 588220 科创100ETF鹏华  完成  日J=28.7 周J=35.27 月J=32.62 MA20=1.79 MA60=1.85 多头=0 价=1.73 涨=-1.03%  PE=None(None%) PB=None(None%)
2026-09-08 20:05:02  [ 56] 159865 养殖ETF国泰  完成  日J=101.08 周J=110.06 月J=42.15 MA20=0.545 MA60=0.528 多头=1 价=0.57 涨=0.35%  PE=23.47(55.84%) PB=None(None%)
2026-09-08 20:05:02  [ 57] 159851 金融科技ETF华宝  完成  日J=22.74 周J=86.98 月J=7.72 MA20=0.628 MA60=0.623 多头=1 价=0.63 涨=-1.25%  PE=32.15(7.92%) PB=None(None%)
2026-09-08 20:05:02  [ 59] 515980 人工智能ETF华富  完成  日J=56.23 周J=17.25 月J=29.31 MA20=1.032 MA60=1.105 多头=0 价=1.02 涨=-0.87%  PE=46.79(76.08%) PB=None(None%)
2026-09-08 20:05:02  [ 60] 516150 稀土ETF嘉实  完成  日J=8.55 周J=42.36 月J=5.5 MA20=1.747 MA60=1.805 多头=0 价=1.69 涨=-0.18%  PE=28.14(24.75%) PB=None(None%)
2026-09-08 20:05:03  [ 61] 512950 央企改革ETF华夏  完成  日J=31.68 周J=49.64 月J=22.99 MA20=1.508 MA60=1.523 多头=0 价=1.5 涨=0.2%  PE=15.88(84.21%) PB=None(None%)
2026-09-08 20:05:03  [ 62] 561980 半导体设备ETF招商  完成  日J=13.92 周J=2.35 月J=38.39 MA20=0.695 MA60=0.745 多头=0 价=0.65 涨=-2.11%  PE=None(None%) PB=None(None%)
2026-09-08 20:05:03  [ 63] 159967 创业板成长ETF华夏  完成  日J=55.04 周J=28.3 月J=24.62 MA20=0.792 MA60=0.858 多头=0 价=0.77 涨=-1.53%  PE=None(None%) PB=None(None%)
2026-09-08 20:05:03  全部完成，结果已写入 /home/runner/work/daily-stock-metrics/daily-stock-metrics/output_etf/2026-09-08/metrics_2026-09-08.csv
2026-09-08 20:05:03  步骤2完成 -> /home/runner/work/daily-stock-metrics/daily-stock-metrics/output_etf/2026-09-08/metrics_2026-09-08.csv
2026-09-08 20:05:03  步骤3: 生成 HTML 总结报告...
2026-09-08 20:05:04  步骤3完成 -> /home/runner/work/daily-stock-metrics/daily-stock-metrics/output_etf/2026-09-08/report_2026-09-08.html
2026-09-08 20:05:04  步骤4: 发送邮件报告...
2026-09-08 20:05:07  步骤4完成: 邮件已发送
2026-09-08 20:05:07  ===== 全部完成 2026-09-08 =====
2026-09-08 20:59:31  今日(2026-09-08)已完成，跳过。结果目录: /home/runner/work/daily-stock-metrics/daily-stock-metrics/output_etf/2026-09-08
2026-09-08 21:25:09  今日(2026-09-08)已完成，跳过。结果目录: /home/runner/work/daily-stock-metrics/daily-stock-metrics/output_etf/2026-09-08
